[INFO] Scanning for projects...
[INFO] ------------------------------------------------------------------------
[INFO] Reactor Build Order:
[INFO] 
[INFO] Vitro                                                              [pom]
[INFO] Vitro Dependencies                                                 [pom]
[INFO] Vitro API                                                          [jar]
[INFO] Vitro Web App                                                      [war]
[INFO] Vitro Home                                                         [pom]
[INFO] Vitro Installer                                                    [pom]
[INFO] Vitro Install Home                                                 [pom]
[INFO] Vitro Install Web App                                              [war]
[INFO] 
[INFO] ---------------------< org.vivoweb:vitro-project >----------------------
[INFO] Building Vitro 1.11.2-SNAPSHOT                                     [1/8]
[INFO] --------------------------------[ pom ]---------------------------------
[INFO] 
[INFO] --- maven-clean-plugin:3.0.0:clean (default-clean) @ vitro-project ---
[INFO] 
[INFO] --- buildnumber-maven-plugin:1.4:create (default) @ vitro-project ---
[INFO] ShortRevision tag detected. The value is '7'.
[INFO] Executing: /bin/sh -c cd '/workspaces/master-thesis-pascal-joos/code_cure_agent/cca_workspace/Vitro' && 'git' 'rev-parse' '--verify' '--short=7' 'HEAD'
[INFO] Working directory: /workspaces/master-thesis-pascal-joos/code_cure_agent/cca_workspace/Vitro
[INFO] Storing buildNumber: 1194134 at timestamp: 1755789691328
[WARNING] Cannot get the branch information from the git repository: 
Detecting the current branch failed: fatal: ref HEAD is not a symbolic ref

[INFO] ShortRevision tag detected. The value is '7'.
[INFO] Executing: /bin/sh -c cd '/workspaces/master-thesis-pascal-joos/code_cure_agent/cca_workspace/Vitro' && 'git' 'rev-parse' '--verify' '--short=7' 'HEAD'
[INFO] Working directory: /workspaces/master-thesis-pascal-joos/code_cure_agent/cca_workspace/Vitro
[INFO] Storing buildScmBranch: UNKNOWN
[INFO] 
[INFO] -------------------< org.vivoweb:vitro-dependencies >-------------------
[INFO] Building Vitro Dependencies 1.11.2-SNAPSHOT                        [2/8]
[INFO] --------------------------------[ pom ]---------------------------------
[INFO] 
[INFO] --- maven-clean-plugin:3.0.0:clean (default-clean) @ vitro-dependencies ---
[INFO] 
[INFO] --- buildnumber-maven-plugin:1.4:create (default) @ vitro-dependencies ---
[INFO] ShortRevision tag detected. The value is '7'.
[INFO] Executing: /bin/sh -c cd '/workspaces/master-thesis-pascal-joos/code_cure_agent/cca_workspace/Vitro/dependencies' && 'git' 'rev-parse' '--verify' '--short=7' 'HEAD'
[INFO] Working directory: /workspaces/master-thesis-pascal-joos/code_cure_agent/cca_workspace/Vitro/dependencies
[INFO] Storing buildNumber: 1194134 at timestamp: 1755789691377
[WARNING] Cannot get the branch information from the git repository: 
Detecting the current branch failed: fatal: ref HEAD is not a symbolic ref

[INFO] ShortRevision tag detected. The value is '7'.
[INFO] Executing: /bin/sh -c cd '/workspaces/master-thesis-pascal-joos/code_cure_agent/cca_workspace/Vitro/dependencies' && 'git' 'rev-parse' '--verify' '--short=7' 'HEAD'
[INFO] Working directory: /workspaces/master-thesis-pascal-joos/code_cure_agent/cca_workspace/Vitro/dependencies
[INFO] Storing buildScmBranch: UNKNOWN
[INFO] 
[INFO] -----------------------< org.vivoweb:vitro-api >------------------------
[INFO] Building Vitro API 1.11.2-SNAPSHOT                                 [3/8]
[INFO] --------------------------------[ jar ]---------------------------------
[INFO] 
[INFO] --- maven-clean-plugin:3.0.0:clean (default-clean) @ vitro-api ---
[INFO] 
[INFO] --- buildnumber-maven-plugin:1.4:create (default) @ vitro-api ---
[INFO] ShortRevision tag detected. The value is '7'.
[INFO] Executing: /bin/sh -c cd '/workspaces/master-thesis-pascal-joos/code_cure_agent/cca_workspace/Vitro/api' && 'git' 'rev-parse' '--verify' '--short=7' 'HEAD'
[INFO] Working directory: /workspaces/master-thesis-pascal-joos/code_cure_agent/cca_workspace/Vitro/api
[INFO] Storing buildNumber: 1194134 at timestamp: 1755789691714
[WARNING] Cannot get the branch information from the git repository: 
Detecting the current branch failed: fatal: ref HEAD is not a symbolic ref

[INFO] ShortRevision tag detected. The value is '7'.
[INFO] Executing: /bin/sh -c cd '/workspaces/master-thesis-pascal-joos/code_cure_agent/cca_workspace/Vitro/api' && 'git' 'rev-parse' '--verify' '--short=7' 'HEAD'
[INFO] Working directory: /workspaces/master-thesis-pascal-joos/code_cure_agent/cca_workspace/Vitro/api
[INFO] Storing buildScmBranch: UNKNOWN
[INFO] 
[INFO] --- maven-resources-plugin:2.6:resources (default-resources) @ vitro-api ---
[INFO] Using 'UTF-8' encoding to copy filtered resources.
[INFO] Copying 15 resources
[INFO] 
[INFO] --- maven-compiler-plugin:3.8.0:compile (default-compile) @ vitro-api ---
[INFO] Changes detected - recompiling the module!
[INFO] Compiling 1105 source files to /workspaces/master-thesis-pascal-joos/code_cure_agent/cca_workspace/Vitro/api/target/classes
[INFO] -------------------------------------------------------------
[ERROR] COMPILATION ERROR : 
[INFO] -------------------------------------------------------------
[ERROR] /workspaces/master-thesis-pascal-joos/code_cure_agent/cca_workspace/Vitro/api/src/main/java/edu/cornell/mannlib/vitro/webapp/dao/jena/VClassDaoJena.java:[461,11] error: class, interface, or enum expected
[ERROR] /workspaces/master-thesis-pascal-joos/code_cure_agent/cca_workspace/Vitro/api/src/main/java/edu/cornell/mannlib/vitro/webapp/dao/jena/VClassDaoJena.java:[463,8] error: class, interface, or enum expected
[ERROR] /workspaces/master-thesis-pascal-joos/code_cure_agent/cca_workspace/Vitro/api/src/main/java/edu/cornell/mannlib/vitro/webapp/dao/jena/VClassDaoJena.java:[464,8] error: class, interface, or enum expected
[ERROR] /workspaces/master-thesis-pascal-joos/code_cure_agent/cca_workspace/Vitro/api/src/main/java/edu/cornell/mannlib/vitro/webapp/dao/jena/VClassDaoJena.java:[466,12] error: class, interface, or enum expected
[ERROR] /workspaces/master-thesis-pascal-joos/code_cure_agent/cca_workspace/Vitro/api/src/main/java/edu/cornell/mannlib/vitro/webapp/dao/jena/VClassDaoJena.java:[470,24] error: class, interface, or enum expected
[ERROR] /workspaces/master-thesis-pascal-joos/code_cure_agent/cca_workspace/Vitro/api/src/main/java/edu/cornell/mannlib/vitro/webapp/dao/jena/VClassDaoJena.java:[470,56] error: <identifier> expected
[ERROR] /workspaces/master-thesis-pascal-joos/code_cure_agent/cca_workspace/Vitro/api/src/main/java/edu/cornell/mannlib/vitro/webapp/dao/jena/VClassDaoJena.java:[472,28] error: illegal start of type
[ERROR] /workspaces/master-thesis-pascal-joos/code_cure_agent/cca_workspace/Vitro/api/src/main/java/edu/cornell/mannlib/vitro/webapp/dao/jena/VClassDaoJena.java:[472,43] error: <identifier> expected
[ERROR] /workspaces/master-thesis-pascal-joos/code_cure_agent/cca_workspace/Vitro/api/src/main/java/edu/cornell/mannlib/vitro/webapp/dao/jena/VClassDaoJena.java:[472,45] error: ';' expected
[ERROR] /workspaces/master-thesis-pascal-joos/code_cure_agent/cca_workspace/Vitro/api/src/main/java/edu/cornell/mannlib/vitro/webapp/dao/jena/VClassDaoJena.java:[476,20] error: class, interface, or enum expected
[ERROR] /workspaces/master-thesis-pascal-joos/code_cure_agent/cca_workspace/Vitro/api/src/main/java/edu/cornell/mannlib/vitro/webapp/dao/jena/VClassDaoJena.java:[478,20] error: class, interface, or enum expected
[ERROR] /workspaces/master-thesis-pascal-joos/code_cure_agent/cca_workspace/Vitro/api/src/main/java/edu/cornell/mannlib/vitro/webapp/dao/jena/VClassDaoJena.java:[482,12] error: class, interface, or enum expected
[ERROR] /workspaces/master-thesis-pascal-joos/code_cure_agent/cca_workspace/Vitro/api/src/main/java/edu/cornell/mannlib/vitro/webapp/dao/jena/VClassDaoJena.java:[485,8] error: class, interface, or enum expected
[ERROR] /workspaces/master-thesis-pascal-joos/code_cure_agent/cca_workspace/Vitro/api/src/main/java/edu/cornell/mannlib/vitro/webapp/dao/jena/VClassDaoJena.java:[487,8] error: class, interface, or enum expected
[ERROR] /workspaces/master-thesis-pascal-joos/code_cure_agent/cca_workspace/Vitro/api/src/main/java/edu/cornell/mannlib/vitro/webapp/dao/jena/VClassDaoJena.java:[488,4] error: class, interface, or enum expected
[ERROR] /workspaces/master-thesis-pascal-joos/code_cure_agent/cca_workspace/Vitro/api/src/main/java/edu/cornell/mannlib/vitro/webapp/dao/jena/VClassDaoJena.java:[498,8] error: class, interface, or enum expected
[ERROR] /workspaces/master-thesis-pascal-joos/code_cure_agent/cca_workspace/Vitro/api/src/main/java/edu/cornell/mannlib/vitro/webapp/dao/jena/VClassDaoJena.java:[499,8] error: class, interface, or enum expected
[ERROR] /workspaces/master-thesis-pascal-joos/code_cure_agent/cca_workspace/Vitro/api/src/main/java/edu/cornell/mannlib/vitro/webapp/dao/jena/VClassDaoJena.java:[500,38] error: class, interface, or enum expected
[ERROR] /workspaces/master-thesis-pascal-joos/code_cure_agent/cca_workspace/Vitro/api/src/main/java/edu/cornell/mannlib/vitro/webapp/dao/jena/VClassDaoJena.java:[500,51] error: class, interface, or enum expected
[ERROR] /workspaces/master-thesis-pascal-joos/code_cure_agent/cca_workspace/Vitro/api/src/main/java/edu/cornell/mannlib/vitro/webapp/dao/jena/VClassDaoJena.java:[503,20] error: class, interface, or enum expected
[ERROR] /workspaces/master-thesis-pascal-joos/code_cure_agent/cca_workspace/Vitro/api/src/main/java/edu/cornell/mannlib/vitro/webapp/dao/jena/VClassDaoJena.java:[504,20] error: class, interface, or enum expected
[ERROR] /workspaces/master-thesis-pascal-joos/code_cure_agent/cca_workspace/Vitro/api/src/main/java/edu/cornell/mannlib/vitro/webapp/dao/jena/VClassDaoJena.java:[504,84] error: class, interface, or enum expected
[ERROR] /workspaces/master-thesis-pascal-joos/code_cure_agent/cca_workspace/Vitro/api/src/main/java/edu/cornell/mannlib/vitro/webapp/dao/jena/VClassDaoJena.java:[504,97] error: class, interface, or enum expected
[ERROR] /workspaces/master-thesis-pascal-joos/code_cure_agent/cca_workspace/Vitro/api/src/main/java/edu/cornell/mannlib/vitro/webapp/dao/jena/VClassDaoJena.java:[506,24] error: class, interface, or enum expected
[ERROR] /workspaces/master-thesis-pascal-joos/code_cure_agent/cca_workspace/Vitro/api/src/main/java/edu/cornell/mannlib/vitro/webapp/dao/jena/VClassDaoJena.java:[508,24] error: class, interface, or enum expected
[ERROR] /workspaces/master-thesis-pascal-joos/code_cure_agent/cca_workspace/Vitro/api/src/main/java/edu/cornell/mannlib/vitro/webapp/dao/jena/VClassDaoJena.java:[510,24] error: class, interface, or enum expected
[ERROR] /workspaces/master-thesis-pascal-joos/code_cure_agent/cca_workspace/Vitro/api/src/main/java/edu/cornell/mannlib/vitro/webapp/dao/jena/VClassDaoJena.java:[520,32] error: class, interface, or enum expected
[ERROR] /workspaces/master-thesis-pascal-joos/code_cure_agent/cca_workspace/Vitro/api/src/main/java/edu/cornell/mannlib/vitro/webapp/dao/jena/VClassDaoJena.java:[521,28] error: class, interface, or enum expected
[ERROR] /workspaces/master-thesis-pascal-joos/code_cure_agent/cca_workspace/Vitro/api/src/main/java/edu/cornell/mannlib/vitro/webapp/dao/jena/VClassDaoJena.java:[525,63] error: <identifier> expected
[ERROR] /workspaces/master-thesis-pascal-joos/code_cure_agent/cca_workspace/Vitro/api/src/main/java/edu/cornell/mannlib/vitro/webapp/dao/jena/VClassDaoJena.java:[526,41] error: <identifier> expected
[ERROR] /workspaces/master-thesis-pascal-joos/code_cure_agent/cca_workspace/Vitro/api/src/main/java/edu/cornell/mannlib/vitro/webapp/dao/jena/VClassDaoJena.java:[526,53] error: <identifier> expected
[ERROR] /workspaces/master-thesis-pascal-joos/code_cure_agent/cca_workspace/Vitro/api/src/main/java/edu/cornell/mannlib/vitro/webapp/dao/jena/VClassDaoJena.java:[526,68] error: <identifier> expected
[ERROR] /workspaces/master-thesis-pascal-joos/code_cure_agent/cca_workspace/Vitro/api/src/main/java/edu/cornell/mannlib/vitro/webapp/dao/jena/VClassDaoJena.java:[528,18] error: class, interface, or enum expected
[ERROR] /workspaces/master-thesis-pascal-joos/code_cure_agent/cca_workspace/Vitro/api/src/main/java/edu/cornell/mannlib/vitro/webapp/dao/jena/VClassDaoJena.java:[530,16] error: class, interface, or enum expected
[ERROR] /workspaces/master-thesis-pascal-joos/code_cure_agent/cca_workspace/Vitro/api/src/main/java/edu/cornell/mannlib/vitro/webapp/dao/jena/VClassDaoJena.java:[534,8] error: class, interface, or enum expected
[ERROR] /workspaces/master-thesis-pascal-joos/code_cure_agent/cca_workspace/Vitro/api/src/main/java/edu/cornell/mannlib/vitro/webapp/dao/jena/VClassDaoJena.java:[536,4] error: class, interface, or enum expected
[ERROR] /workspaces/master-thesis-pascal-joos/code_cure_agent/cca_workspace/Vitro/api/src/main/java/edu/cornell/mannlib/vitro/webapp/dao/jena/VClassDaoJena.java:[538,11] error: class, interface, or enum expected
[ERROR] /workspaces/master-thesis-pascal-joos/code_cure_agent/cca_workspace/Vitro/api/src/main/java/edu/cornell/mannlib/vitro/webapp/dao/jena/VClassDaoJena.java:[540,4] error: class, interface, or enum expected
[ERROR] /workspaces/master-thesis-pascal-joos/code_cure_agent/cca_workspace/Vitro/api/src/main/java/edu/cornell/mannlib/vitro/webapp/dao/jena/VClassDaoJena.java:[544,8] error: class, interface, or enum expected
[ERROR] /workspaces/master-thesis-pascal-joos/code_cure_agent/cca_workspace/Vitro/api/src/main/java/edu/cornell/mannlib/vitro/webapp/dao/jena/VClassDaoJena.java:[545,8] error: class, interface, or enum expected
[ERROR] /workspaces/master-thesis-pascal-joos/code_cure_agent/cca_workspace/Vitro/api/src/main/java/edu/cornell/mannlib/vitro/webapp/dao/jena/VClassDaoJena.java:[548,12] error: class, interface, or enum expected
[ERROR] /workspaces/master-thesis-pascal-joos/code_cure_agent/cca_workspace/Vitro/api/src/main/java/edu/cornell/mannlib/vitro/webapp/dao/jena/VClassDaoJena.java:[550,16] error: class, interface, or enum expected
[ERROR] /workspaces/master-thesis-pascal-joos/code_cure_agent/cca_workspace/Vitro/api/src/main/java/edu/cornell/mannlib/vitro/webapp/dao/jena/VClassDaoJena.java:[553,16] error: class, interface, or enum expected
[ERROR] /workspaces/master-thesis-pascal-joos/code_cure_agent/cca_workspace/Vitro/api/src/main/java/edu/cornell/mannlib/vitro/webapp/dao/jena/VClassDaoJena.java:[556,8] error: class, interface, or enum expected
[ERROR] /workspaces/master-thesis-pascal-joos/code_cure_agent/cca_workspace/Vitro/api/src/main/java/edu/cornell/mannlib/vitro/webapp/dao/jena/VClassDaoJena.java:[558,8] error: class, interface, or enum expected
[ERROR] /workspaces/master-thesis-pascal-joos/code_cure_agent/cca_workspace/Vitro/api/src/main/java/edu/cornell/mannlib/vitro/webapp/dao/jena/VClassDaoJena.java:[560,4] error: class, interface, or enum expected
[ERROR] /workspaces/master-thesis-pascal-joos/code_cure_agent/cca_workspace/Vitro/api/src/main/java/edu/cornell/mannlib/vitro/webapp/dao/jena/VClassDaoJena.java:[563,11] error: class, interface, or enum expected
[ERROR] /workspaces/master-thesis-pascal-joos/code_cure_agent/cca_workspace/Vitro/api/src/main/java/edu/cornell/mannlib/vitro/webapp/dao/jena/VClassDaoJena.java:[566,8] error: class, interface, or enum expected
[ERROR] /workspaces/master-thesis-pascal-joos/code_cure_agent/cca_workspace/Vitro/api/src/main/java/edu/cornell/mannlib/vitro/webapp/dao/jena/VClassDaoJena.java:[569,8] error: class, interface, or enum expected
[ERROR] /workspaces/master-thesis-pascal-joos/code_cure_agent/cca_workspace/Vitro/api/src/main/java/edu/cornell/mannlib/vitro/webapp/dao/jena/VClassDaoJena.java:[570,8] error: class, interface, or enum expected
[ERROR] /workspaces/master-thesis-pascal-joos/code_cure_agent/cca_workspace/Vitro/api/src/main/java/edu/cornell/mannlib/vitro/webapp/dao/jena/VClassDaoJena.java:[571,8] error: class, interface, or enum expected
[ERROR] /workspaces/master-thesis-pascal-joos/code_cure_agent/cca_workspace/Vitro/api/src/main/java/edu/cornell/mannlib/vitro/webapp/dao/jena/VClassDaoJena.java:[574,12] error: class, interface, or enum expected
[ERROR] /workspaces/master-thesis-pascal-joos/code_cure_agent/cca_workspace/Vitro/api/src/main/java/edu/cornell/mannlib/vitro/webapp/dao/jena/VClassDaoJena.java:[576,16] error: class, interface, or enum expected
[ERROR] /workspaces/master-thesis-pascal-joos/code_cure_agent/cca_workspace/Vitro/api/src/main/java/edu/cornell/mannlib/vitro/webapp/dao/jena/VClassDaoJena.java:[578,20] error: class, interface, or enum expected
[ERROR] /workspaces/master-thesis-pascal-joos/code_cure_agent/cca_workspace/Vitro/api/src/main/java/edu/cornell/mannlib/vitro/webapp/dao/jena/VClassDaoJena.java:[580,20] error: class, interface, or enum expected
[ERROR] /workspaces/master-thesis-pascal-joos/code_cure_agent/cca_workspace/Vitro/api/src/main/java/edu/cornell/mannlib/vitro/webapp/dao/jena/VClassDaoJena.java:[583,28] error: class, interface, or enum expected
[ERROR] /workspaces/master-thesis-pascal-joos/code_cure_agent/cca_workspace/Vitro/api/src/main/java/edu/cornell/mannlib/vitro/webapp/dao/jena/VClassDaoJena.java:[588,32] error: class, interface, or enum expected
[ERROR] /workspaces/master-thesis-pascal-joos/code_cure_agent/cca_workspace/Vitro/api/src/main/java/edu/cornell/mannlib/vitro/webapp/dao/jena/VClassDaoJena.java:[589,28] error: class, interface, or enum expected
[ERROR] /workspaces/master-thesis-pascal-joos/code_cure_agent/cca_workspace/Vitro/api/src/main/java/edu/cornell/mannlib/vitro/webapp/dao/jena/VClassDaoJena.java:[593,20] error: class, interface, or enum expected
[ERROR] /workspaces/master-thesis-pascal-joos/code_cure_agent/cca_workspace/Vitro/api/src/main/java/edu/cornell/mannlib/vitro/webapp/dao/jena/VClassDaoJena.java:[594,61] error: <identifier> expected
[ERROR] /workspaces/master-thesis-pascal-joos/code_cure_agent/cca_workspace/Vitro/api/src/main/java/edu/cornell/mannlib/vitro/webapp/dao/jena/VClassDaoJena.java:[595,47] error: <identifier> expected
[ERROR] /workspaces/master-thesis-pascal-joos/code_cure_agent/cca_workspace/Vitro/api/src/main/java/edu/cornell/mannlib/vitro/webapp/dao/jena/VClassDaoJena.java:[595,48] error: illegal start of type
[ERROR] /workspaces/master-thesis-pascal-joos/code_cure_agent/cca_workspace/Vitro/api/src/main/java/edu/cornell/mannlib/vitro/webapp/dao/jena/VClassDaoJena.java:[596,69] error: <identifier> expected
[ERROR] /workspaces/master-thesis-pascal-joos/code_cure_agent/cca_workspace/Vitro/api/src/main/java/edu/cornell/mannlib/vitro/webapp/dao/jena/VClassDaoJena.java:[600,12] error: class, interface, or enum expected
[ERROR] /workspaces/master-thesis-pascal-joos/code_cure_agent/cca_workspace/Vitro/api/src/main/java/edu/cornell/mannlib/vitro/webapp/dao/jena/VClassDaoJena.java:[603,8] error: class, interface, or enum expected
[ERROR] /workspaces/master-thesis-pascal-joos/code_cure_agent/cca_workspace/Vitro/api/src/main/java/edu/cornell/mannlib/vitro/webapp/dao/jena/VClassDaoJena.java:[605,4] error: class, interface, or enum expected
[ERROR] /workspaces/master-thesis-pascal-joos/code_cure_agent/cca_workspace/Vitro/api/src/main/java/edu/cornell/mannlib/vitro/webapp/dao/jena/VClassDaoJena.java:[607,11] error: class, interface, or enum expected
[ERROR] /workspaces/master-thesis-pascal-joos/code_cure_agent/cca_workspace/Vitro/api/src/main/java/edu/cornell/mannlib/vitro/webapp/dao/jena/VClassDaoJena.java:[609,8] error: class, interface, or enum expected
[ERROR] /workspaces/master-thesis-pascal-joos/code_cure_agent/cca_workspace/Vitro/api/src/main/java/edu/cornell/mannlib/vitro/webapp/dao/jena/VClassDaoJena.java:[610,8] error: class, interface, or enum expected
[ERROR] /workspaces/master-thesis-pascal-joos/code_cure_agent/cca_workspace/Vitro/api/src/main/java/edu/cornell/mannlib/vitro/webapp/dao/jena/VClassDaoJena.java:[612,12] error: class, interface, or enum expected
[ERROR] /workspaces/master-thesis-pascal-joos/code_cure_agent/cca_workspace/Vitro/api/src/main/java/edu/cornell/mannlib/vitro/webapp/dao/jena/VClassDaoJena.java:[614,16] error: class, interface, or enum expected
[ERROR] /workspaces/master-thesis-pascal-joos/code_cure_agent/cca_workspace/Vitro/api/src/main/java/edu/cornell/mannlib/vitro/webapp/dao/jena/VClassDaoJena.java:[615,12] error: class, interface, or enum expected
[ERROR] /workspaces/master-thesis-pascal-joos/code_cure_agent/cca_workspace/Vitro/api/src/main/java/edu/cornell/mannlib/vitro/webapp/dao/jena/VClassDaoJena.java:[619,12] error: class, interface, or enum expected
[ERROR] /workspaces/master-thesis-pascal-joos/code_cure_agent/cca_workspace/Vitro/api/src/main/java/edu/cornell/mannlib/vitro/webapp/dao/jena/VClassDaoJena.java:[621,12] error: class, interface, or enum expected
[ERROR] /workspaces/master-thesis-pascal-joos/code_cure_agent/cca_workspace/Vitro/api/src/main/java/edu/cornell/mannlib/vitro/webapp/dao/jena/VClassDaoJena.java:[624,4] error: class, interface, or enum expected
[ERROR] /workspaces/master-thesis-pascal-joos/code_cure_agent/cca_workspace/Vitro/api/src/main/java/edu/cornell/mannlib/vitro/webapp/dao/jena/VClassDaoJena.java:[626,11] error: class, interface, or enum expected
[ERROR] /workspaces/master-thesis-pascal-joos/code_cure_agent/cca_workspace/Vitro/api/src/main/java/edu/cornell/mannlib/vitro/webapp/dao/jena/VClassDaoJena.java:[628,8] error: class, interface, or enum expected
[ERROR] /workspaces/master-thesis-pascal-joos/code_cure_agent/cca_workspace/Vitro/api/src/main/java/edu/cornell/mannlib/vitro/webapp/dao/jena/VClassDaoJena.java:[629,8] error: class, interface, or enum expected
[ERROR] /workspaces/master-thesis-pascal-joos/code_cure_agent/cca_workspace/Vitro/api/src/main/java/edu/cornell/mannlib/vitro/webapp/dao/jena/VClassDaoJena.java:[631,12] error: class, interface, or enum expected
[ERROR] /workspaces/master-thesis-pascal-joos/code_cure_agent/cca_workspace/Vitro/api/src/main/java/edu/cornell/mannlib/vitro/webapp/dao/jena/VClassDaoJena.java:[633,16] error: class, interface, or enum expected
[ERROR] /workspaces/master-thesis-pascal-joos/code_cure_agent/cca_workspace/Vitro/api/src/main/java/edu/cornell/mannlib/vitro/webapp/dao/jena/VClassDaoJena.java:[634,12] error: class, interface, or enum expected
[ERROR] /workspaces/master-thesis-pascal-joos/code_cure_agent/cca_workspace/Vitro/api/src/main/java/edu/cornell/mannlib/vitro/webapp/dao/jena/VClassDaoJena.java:[639,12] error: class, interface, or enum expected
[ERROR] /workspaces/master-thesis-pascal-joos/code_cure_agent/cca_workspace/Vitro/api/src/main/java/edu/cornell/mannlib/vitro/webapp/dao/jena/VClassDaoJena.java:[640,12] error: class, interface, or enum expected
[ERROR] /workspaces/master-thesis-pascal-joos/code_cure_agent/cca_workspace/Vitro/api/src/main/java/edu/cornell/mannlib/vitro/webapp/dao/jena/VClassDaoJena.java:[643,12] error: class, interface, or enum expected
[ERROR] /workspaces/master-thesis-pascal-joos/code_cure_agent/cca_workspace/Vitro/api/src/main/java/edu/cornell/mannlib/vitro/webapp/dao/jena/VClassDaoJena.java:[645,12] error: class, interface, or enum expected
[ERROR] /workspaces/master-thesis-pascal-joos/code_cure_agent/cca_workspace/Vitro/api/src/main/java/edu/cornell/mannlib/vitro/webapp/dao/jena/VClassDaoJena.java:[648,4] error: class, interface, or enum expected
[ERROR] /workspaces/master-thesis-pascal-joos/code_cure_agent/cca_workspace/Vitro/api/src/main/java/edu/cornell/mannlib/vitro/webapp/dao/jena/VClassDaoJena.java:[652,8] error: class, interface, or enum expected
[ERROR] /workspaces/master-thesis-pascal-joos/code_cure_agent/cca_workspace/Vitro/api/src/main/java/edu/cornell/mannlib/vitro/webapp/dao/jena/VClassDaoJena.java:[653,8] error: class, interface, or enum expected
[ERROR] /workspaces/master-thesis-pascal-joos/code_cure_agent/cca_workspace/Vitro/api/src/main/java/edu/cornell/mannlib/vitro/webapp/dao/jena/VClassDaoJena.java:[655,12] error: class, interface, or enum expected
[ERROR] /workspaces/master-thesis-pascal-joos/code_cure_agent/cca_workspace/Vitro/api/src/main/java/edu/cornell/mannlib/vitro/webapp/dao/jena/VClassDaoJena.java:[657,12] error: class, interface, or enum expected
[ERROR] /workspaces/master-thesis-pascal-joos/code_cure_agent/cca_workspace/Vitro/api/src/main/java/edu/cornell/mannlib/vitro/webapp/dao/jena/VClassDaoJena.java:[660,4] error: class, interface, or enum expected
[ERROR] /workspaces/master-thesis-pascal-joos/code_cure_agent/cca_workspace/Vitro/api/src/main/java/edu/cornell/mannlib/vitro/webapp/dao/jena/VClassDaoJena.java:[662,11] error: class, interface, or enum expected
[ERROR] /workspaces/master-thesis-pascal-joos/code_cure_agent/cca_workspace/Vitro/api/src/main/java/edu/cornell/mannlib/vitro/webapp/dao/jena/VClassDaoJena.java:[664,8] error: class, interface, or enum expected
[ERROR] /workspaces/master-thesis-pascal-joos/code_cure_agent/cca_workspace/Vitro/api/src/main/java/edu/cornell/mannlib/vitro/webapp/dao/jena/VClassDaoJena.java:[666,8] error: class, interface, or enum expected
[ERROR] /workspaces/master-thesis-pascal-joos/code_cure_agent/cca_workspace/Vitro/api/src/main/java/edu/cornell/mannlib/vitro/webapp/dao/jena/VClassDaoJena.java:[668,8] error: class, interface, or enum expected
[ERROR] /workspaces/master-thesis-pascal-joos/code_cure_agent/cca_workspace/Vitro/api/src/main/java/edu/cornell/mannlib/vitro/webapp/dao/jena/VClassDaoJena.java:[671,12] error: class, interface, or enum expected
[ERROR] /workspaces/master-thesis-pascal-joos/code_cure_agent/cca_workspace/Vitro/api/src/main/java/edu/cornell/mannlib/vitro/webapp/dao/jena/VClassDaoJena.java:[672,8] error: class, interface, or enum expected
[ERROR] /workspaces/master-thesis-pascal-joos/code_cure_agent/cca_workspace/Vitro/api/src/main/java/edu/cornell/mannlib/vitro/webapp/dao/jena/VClassDaoJena.java:[674,8] error: class, interface, or enum expected
[ERROR] /workspaces/master-thesis-pascal-joos/code_cure_agent/cca_workspace/Vitro/api/src/main/java/edu/cornell/mannlib/vitro/webapp/dao/jena/VClassDaoJena.java:[677,11] error: class, interface, or enum expected
[ERROR] /workspaces/master-thesis-pascal-joos/code_cure_agent/cca_workspace/Vitro/api/src/main/java/edu/cornell/mannlib/vitro/webapp/dao/jena/VClassDaoJena.java:[679,8] error: class, interface, or enum expected
[INFO] 100 errors 
[INFO] -------------------------------------------------------------
[INFO] ------------------------------------------------------------------------
[INFO] Reactor Summary for Vitro 1.11.2-SNAPSHOT:
[INFO] 
[INFO] Vitro .............................................. SUCCESS [  0.349 s]
[INFO] Vitro Dependencies ................................. SUCCESS [  0.016 s]
[INFO] Vitro API .......................................... FAILURE [  2.541 s]
[INFO] Vitro Web App ...................................... SKIPPED
[INFO] Vitro Home ......................................... SKIPPED
[INFO] Vitro Installer .................................... SKIPPED
[INFO] Vitro Install Home ................................. SKIPPED
[INFO] Vitro Install Web App .............................. SKIPPED
[INFO] ------------------------------------------------------------------------
[INFO] BUILD FAILURE
[INFO] ------------------------------------------------------------------------
[INFO] Total time:  3.267 s
[INFO] Finished at: 2025-08-21T15:21:33Z
[INFO] ------------------------------------------------------------------------
[ERROR] Failed to execute goal org.apache.maven.plugins:maven-compiler-plugin:3.8.0:compile (default-compile) on project vitro-api: Compilation failure: Compilation failure: 
[ERROR] /workspaces/master-thesis-pascal-joos/code_cure_agent/cca_workspace/Vitro/api/src/main/java/edu/cornell/mannlib/vitro/webapp/dao/jena/VClassDaoJena.java:[461,11] error: class, interface, or enum expected
[ERROR] /workspaces/master-thesis-pascal-joos/code_cure_agent/cca_workspace/Vitro/api/src/main/java/edu/cornell/mannlib/vitro/webapp/dao/jena/VClassDaoJena.java:[463,8] error: class, interface, or enum expected
[ERROR] /workspaces/master-thesis-pascal-joos/code_cure_agent/cca_workspace/Vitro/api/src/main/java/edu/cornell/mannlib/vitro/webapp/dao/jena/VClassDaoJena.java:[464,8] error: class, interface, or enum expected
[ERROR] /workspaces/master-thesis-pascal-joos/code_cure_agent/cca_workspace/Vitro/api/src/main/java/edu/cornell/mannlib/vitro/webapp/dao/jena/VClassDaoJena.java:[466,12] error: class, interface, or enum expected
[ERROR] /workspaces/master-thesis-pascal-joos/code_cure_agent/cca_workspace/Vitro/api/src/main/java/edu/cornell/mannlib/vitro/webapp/dao/jena/VClassDaoJena.java:[470,24] error: class, interface, or enum expected
[ERROR] /workspaces/master-thesis-pascal-joos/code_cure_agent/cca_workspace/Vitro/api/src/main/java/edu/cornell/mannlib/vitro/webapp/dao/jena/VClassDaoJena.java:[470,56] error: <identifier> expected
[ERROR] /workspaces/master-thesis-pascal-joos/code_cure_agent/cca_workspace/Vitro/api/src/main/java/edu/cornell/mannlib/vitro/webapp/dao/jena/VClassDaoJena.java:[472,28] error: illegal start of type
[ERROR] /workspaces/master-thesis-pascal-joos/code_cure_agent/cca_workspace/Vitro/api/src/main/java/edu/cornell/mannlib/vitro/webapp/dao/jena/VClassDaoJena.java:[472,43] error: <identifier> expected
[ERROR] /workspaces/master-thesis-pascal-joos/code_cure_agent/cca_workspace/Vitro/api/src/main/java/edu/cornell/mannlib/vitro/webapp/dao/jena/VClassDaoJena.java:[472,45] error: ';' expected
[ERROR] /workspaces/master-thesis-pascal-joos/code_cure_agent/cca_workspace/Vitro/api/src/main/java/edu/cornell/mannlib/vitro/webapp/dao/jena/VClassDaoJena.java:[476,20] error: class, interface, or enum expected
[ERROR] /workspaces/master-thesis-pascal-joos/code_cure_agent/cca_workspace/Vitro/api/src/main/java/edu/cornell/mannlib/vitro/webapp/dao/jena/VClassDaoJena.java:[478,20] error: class, interface, or enum expected
[ERROR] /workspaces/master-thesis-pascal-joos/code_cure_agent/cca_workspace/Vitro/api/src/main/java/edu/cornell/mannlib/vitro/webapp/dao/jena/VClassDaoJena.java:[482,12] error: class, interface, or enum expected
[ERROR] /workspaces/master-thesis-pascal-joos/code_cure_agent/cca_workspace/Vitro/api/src/main/java/edu/cornell/mannlib/vitro/webapp/dao/jena/VClassDaoJena.java:[485,8] error: class, interface, or enum expected
[ERROR] /workspaces/master-thesis-pascal-joos/code_cure_agent/cca_workspace/Vitro/api/src/main/java/edu/cornell/mannlib/vitro/webapp/dao/jena/VClassDaoJena.java:[487,8] error: class, interface, or enum expected
[ERROR] /workspaces/master-thesis-pascal-joos/code_cure_agent/cca_workspace/Vitro/api/src/main/java/edu/cornell/mannlib/vitro/webapp/dao/jena/VClassDaoJena.java:[488,4] error: class, interface, or enum expected
[ERROR] /workspaces/master-thesis-pascal-joos/code_cure_agent/cca_workspace/Vitro/api/src/main/java/edu/cornell/mannlib/vitro/webapp/dao/jena/VClassDaoJena.java:[498,8] error: class, interface, or enum expected
[ERROR] /workspaces/master-thesis-pascal-joos/code_cure_agent/cca_workspace/Vitro/api/src/main/java/edu/cornell/mannlib/vitro/webapp/dao/jena/VClassDaoJena.java:[499,8] error: class, interface, or enum expected
[ERROR] /workspaces/master-thesis-pascal-joos/code_cure_agent/cca_workspace/Vitro/api/src/main/java/edu/cornell/mannlib/vitro/webapp/dao/jena/VClassDaoJena.java:[500,38] error: class, interface, or enum expected
[ERROR] /workspaces/master-thesis-pascal-joos/code_cure_agent/cca_workspace/Vitro/api/src/main/java/edu/cornell/mannlib/vitro/webapp/dao/jena/VClassDaoJena.java:[500,51] error: class, interface, or enum expected
[ERROR] /workspaces/master-thesis-pascal-joos/code_cure_agent/cca_workspace/Vitro/api/src/main/java/edu/cornell/mannlib/vitro/webapp/dao/jena/VClassDaoJena.java:[503,20] error: class, interface, or enum expected
[ERROR] /workspaces/master-thesis-pascal-joos/code_cure_agent/cca_workspace/Vitro/api/src/main/java/edu/cornell/mannlib/vitro/webapp/dao/jena/VClassDaoJena.java:[504,20] error: class, interface, or enum expected
[ERROR] /workspaces/master-thesis-pascal-joos/code_cure_agent/cca_workspace/Vitro/api/src/main/java/edu/cornell/mannlib/vitro/webapp/dao/jena/VClassDaoJena.java:[504,84] error: class, interface, or enum expected
[ERROR] /workspaces/master-thesis-pascal-joos/code_cure_agent/cca_workspace/Vitro/api/src/main/java/edu/cornell/mannlib/vitro/webapp/dao/jena/VClassDaoJena.java:[504,97] error: class, interface, or enum expected
[ERROR] /workspaces/master-thesis-pascal-joos/code_cure_agent/cca_workspace/Vitro/api/src/main/java/edu/cornell/mannlib/vitro/webapp/dao/jena/VClassDaoJena.java:[506,24] error: class, interface, or enum expected
[ERROR] /workspaces/master-thesis-pascal-joos/code_cure_agent/cca_workspace/Vitro/api/src/main/java/edu/cornell/mannlib/vitro/webapp/dao/jena/VClassDaoJena.java:[508,24] error: class, interface, or enum expected
[ERROR] /workspaces/master-thesis-pascal-joos/code_cure_agent/cca_workspace/Vitro/api/src/main/java/edu/cornell/mannlib/vitro/webapp/dao/jena/VClassDaoJena.java:[510,24] error: class, interface, or enum expected
[ERROR] /workspaces/master-thesis-pascal-joos/code_cure_agent/cca_workspace/Vitro/api/src/main/java/edu/cornell/mannlib/vitro/webapp/dao/jena/VClassDaoJena.java:[520,32] error: class, interface, or enum expected
[ERROR] /workspaces/master-thesis-pascal-joos/code_cure_agent/cca_workspace/Vitro/api/src/main/java/edu/cornell/mannlib/vitro/webapp/dao/jena/VClassDaoJena.java:[521,28] error: class, interface, or enum expected
[ERROR] /workspaces/master-thesis-pascal-joos/code_cure_agent/cca_workspace/Vitro/api/src/main/java/edu/cornell/mannlib/vitro/webapp/dao/jena/VClassDaoJena.java:[525,63] error: <identifier> expected
[ERROR] /workspaces/master-thesis-pascal-joos/code_cure_agent/cca_workspace/Vitro/api/src/main/java/edu/cornell/mannlib/vitro/webapp/dao/jena/VClassDaoJena.java:[526,41] error: <identifier> expected
[ERROR] /workspaces/master-thesis-pascal-joos/code_cure_agent/cca_workspace/Vitro/api/src/main/java/edu/cornell/mannlib/vitro/webapp/dao/jena/VClassDaoJena.java:[526,53] error: <identifier> expected
[ERROR] /workspaces/master-thesis-pascal-joos/code_cure_agent/cca_workspace/Vitro/api/src/main/java/edu/cornell/mannlib/vitro/webapp/dao/jena/VClassDaoJena.java:[526,68] error: <identifier> expected
[ERROR] /workspaces/master-thesis-pascal-joos/code_cure_agent/cca_workspace/Vitro/api/src/main/java/edu/cornell/mannlib/vitro/webapp/dao/jena/VClassDaoJena.java:[528,18] error: class, interface, or enum expected
[ERROR] /workspaces/master-thesis-pascal-joos/code_cure_agent/cca_workspace/Vitro/api/src/main/java/edu/cornell/mannlib/vitro/webapp/dao/jena/VClassDaoJena.java:[530,16] error: class, interface, or enum expected
[ERROR] /workspaces/master-thesis-pascal-joos/code_cure_agent/cca_workspace/Vitro/api/src/main/java/edu/cornell/mannlib/vitro/webapp/dao/jena/VClassDaoJena.java:[534,8] error: class, interface, or enum expected
[ERROR] /workspaces/master-thesis-pascal-joos/code_cure_agent/cca_workspace/Vitro/api/src/main/java/edu/cornell/mannlib/vitro/webapp/dao/jena/VClassDaoJena.java:[536,4] error: class, interface, or enum expected
[ERROR] /workspaces/master-thesis-pascal-joos/code_cure_agent/cca_workspace/Vitro/api/src/main/java/edu/cornell/mannlib/vitro/webapp/dao/jena/VClassDaoJena.java:[538,11] error: class, interface, or enum expected
[ERROR] /workspaces/master-thesis-pascal-joos/code_cure_agent/cca_workspace/Vitro/api/src/main/java/edu/cornell/mannlib/vitro/webapp/dao/jena/VClassDaoJena.java:[540,4] error: class, interface, or enum expected
[ERROR] /workspaces/master-thesis-pascal-joos/code_cure_agent/cca_workspace/Vitro/api/src/main/java/edu/cornell/mannlib/vitro/webapp/dao/jena/VClassDaoJena.java:[544,8] error: class, interface, or enum expected
[ERROR] /workspaces/master-thesis-pascal-joos/code_cure_agent/cca_workspace/Vitro/api/src/main/java/edu/cornell/mannlib/vitro/webapp/dao/jena/VClassDaoJena.java:[545,8] error: class, interface, or enum expected
[ERROR] /workspaces/master-thesis-pascal-joos/code_cure_agent/cca_workspace/Vitro/api/src/main/java/edu/cornell/mannlib/vitro/webapp/dao/jena/VClassDaoJena.java:[548,12] error: class, interface, or enum expected
[ERROR] /workspaces/master-thesis-pascal-joos/code_cure_agent/cca_workspace/Vitro/api/src/main/java/edu/cornell/mannlib/vitro/webapp/dao/jena/VClassDaoJena.java:[550,16] error: class, interface, or enum expected
[ERROR] /workspaces/master-thesis-pascal-joos/code_cure_agent/cca_workspace/Vitro/api/src/main/java/edu/cornell/mannlib/vitro/webapp/dao/jena/VClassDaoJena.java:[553,16] error: class, interface, or enum expected
[ERROR] /workspaces/master-thesis-pascal-joos/code_cure_agent/cca_workspace/Vitro/api/src/main/java/edu/cornell/mannlib/vitro/webapp/dao/jena/VClassDaoJena.java:[556,8] error: class, interface, or enum expected
[ERROR] /workspaces/master-thesis-pascal-joos/code_cure_agent/cca_workspace/Vitro/api/src/main/java/edu/cornell/mannlib/vitro/webapp/dao/jena/VClassDaoJena.java:[558,8] error: class, interface, or enum expected
[ERROR] /workspaces/master-thesis-pascal-joos/code_cure_agent/cca_workspace/Vitro/api/src/main/java/edu/cornell/mannlib/vitro/webapp/dao/jena/VClassDaoJena.java:[560,4] error: class, interface, or enum expected
[ERROR] /workspaces/master-thesis-pascal-joos/code_cure_agent/cca_workspace/Vitro/api/src/main/java/edu/cornell/mannlib/vitro/webapp/dao/jena/VClassDaoJena.java:[563,11] error: class, interface, or enum expected
[ERROR] /workspaces/master-thesis-pascal-joos/code_cure_agent/cca_workspace/Vitro/api/src/main/java/edu/cornell/mannlib/vitro/webapp/dao/jena/VClassDaoJena.java:[566,8] error: class, interface, or enum expected
[ERROR] /workspaces/master-thesis-pascal-joos/code_cure_agent/cca_workspace/Vitro/api/src/main/java/edu/cornell/mannlib/vitro/webapp/dao/jena/VClassDaoJena.java:[569,8] error: class, interface, or enum expected
[ERROR] /workspaces/master-thesis-pascal-joos/code_cure_agent/cca_workspace/Vitro/api/src/main/java/edu/cornell/mannlib/vitro/webapp/dao/jena/VClassDaoJena.java:[570,8] error: class, interface, or enum expected
[ERROR] /workspaces/master-thesis-pascal-joos/code_cure_agent/cca_workspace/Vitro/api/src/main/java/edu/cornell/mannlib/vitro/webapp/dao/jena/VClassDaoJena.java:[571,8] error: class, interface, or enum expected
[ERROR] /workspaces/master-thesis-pascal-joos/code_cure_agent/cca_workspace/Vitro/api/src/main/java/edu/cornell/mannlib/vitro/webapp/dao/jena/VClassDaoJena.java:[574,12] error: class, interface, or enum expected
[ERROR] /workspaces/master-thesis-pascal-joos/code_cure_agent/cca_workspace/Vitro/api/src/main/java/edu/cornell/mannlib/vitro/webapp/dao/jena/VClassDaoJena.java:[576,16] error: class, interface, or enum expected
[ERROR] /workspaces/master-thesis-pascal-joos/code_cure_agent/cca_workspace/Vitro/api/src/main/java/edu/cornell/mannlib/vitro/webapp/dao/jena/VClassDaoJena.java:[578,20] error: class, interface, or enum expected
[ERROR] /workspaces/master-thesis-pascal-joos/code_cure_agent/cca_workspace/Vitro/api/src/main/java/edu/cornell/mannlib/vitro/webapp/dao/jena/VClassDaoJena.java:[580,20] error: class, interface, or enum expected
[ERROR] /workspaces/master-thesis-pascal-joos/code_cure_agent/cca_workspace/Vitro/api/src/main/java/edu/cornell/mannlib/vitro/webapp/dao/jena/VClassDaoJena.java:[583,28] error: class, interface, or enum expected
[ERROR] /workspaces/master-thesis-pascal-joos/code_cure_agent/cca_workspace/Vitro/api/src/main/java/edu/cornell/mannlib/vitro/webapp/dao/jena/VClassDaoJena.java:[588,32] error: class, interface, or enum expected
[ERROR] /workspaces/master-thesis-pascal-joos/code_cure_agent/cca_workspace/Vitro/api/src/main/java/edu/cornell/mannlib/vitro/webapp/dao/jena/VClassDaoJena.java:[589,28] error: class, interface, or enum expected
[ERROR] /workspaces/master-thesis-pascal-joos/code_cure_agent/cca_workspace/Vitro/api/src/main/java/edu/cornell/mannlib/vitro/webapp/dao/jena/VClassDaoJena.java:[593,20] error: class, interface, or enum expected
[ERROR] /workspaces/master-thesis-pascal-joos/code_cure_agent/cca_workspace/Vitro/api/src/main/java/edu/cornell/mannlib/vitro/webapp/dao/jena/VClassDaoJena.java:[594,61] error: <identifier> expected
[ERROR] /workspaces/master-thesis-pascal-joos/code_cure_agent/cca_workspace/Vitro/api/src/main/java/edu/cornell/mannlib/vitro/webapp/dao/jena/VClassDaoJena.java:[595,47] error: <identifier> expected
[ERROR] /workspaces/master-thesis-pascal-joos/code_cure_agent/cca_workspace/Vitro/api/src/main/java/edu/cornell/mannlib/vitro/webapp/dao/jena/VClassDaoJena.java:[595,48] error: illegal start of type
[ERROR] /workspaces/master-thesis-pascal-joos/code_cure_agent/cca_workspace/Vitro/api/src/main/java/edu/cornell/mannlib/vitro/webapp/dao/jena/VClassDaoJena.java:[596,69] error: <identifier> expected
[ERROR] /workspaces/master-thesis-pascal-joos/code_cure_agent/cca_workspace/Vitro/api/src/main/java/edu/cornell/mannlib/vitro/webapp/dao/jena/VClassDaoJena.java:[600,12] error: class, interface, or enum expected
[ERROR] /workspaces/master-thesis-pascal-joos/code_cure_agent/cca_workspace/Vitro/api/src/main/java/edu/cornell/mannlib/vitro/webapp/dao/jena/VClassDaoJena.java:[603,8] error: class, interface, or enum expected
[ERROR] /workspaces/master-thesis-pascal-joos/code_cure_agent/cca_workspace/Vitro/api/src/main/java/edu/cornell/mannlib/vitro/webapp/dao/jena/VClassDaoJena.java:[605,4] error: class, interface, or enum expected
[ERROR] /workspaces/master-thesis-pascal-joos/code_cure_agent/cca_workspace/Vitro/api/src/main/java/edu/cornell/mannlib/vitro/webapp/dao/jena/VClassDaoJena.java:[607,11] error: class, interface, or enum expected
[ERROR] /workspaces/master-thesis-pascal-joos/code_cure_agent/cca_workspace/Vitro/api/src/main/java/edu/cornell/mannlib/vitro/webapp/dao/jena/VClassDaoJena.java:[609,8] error: class, interface, or enum expected
[ERROR] /workspaces/master-thesis-pascal-joos/code_cure_agent/cca_workspace/Vitro/api/src/main/java/edu/cornell/mannlib/vitro/webapp/dao/jena/VClassDaoJena.java:[610,8] error: class, interface, or enum expected
[ERROR] /workspaces/master-thesis-pascal-joos/code_cure_agent/cca_workspace/Vitro/api/src/main/java/edu/cornell/mannlib/vitro/webapp/dao/jena/VClassDaoJena.java:[612,12] error: class, interface, or enum expected
[ERROR] /workspaces/master-thesis-pascal-joos/code_cure_agent/cca_workspace/Vitro/api/src/main/java/edu/cornell/mannlib/vitro/webapp/dao/jena/VClassDaoJena.java:[614,16] error: class, interface, or enum expected
[ERROR] /workspaces/master-thesis-pascal-joos/code_cure_agent/cca_workspace/Vitro/api/src/main/java/edu/cornell/mannlib/vitro/webapp/dao/jena/VClassDaoJena.java:[615,12] error: class, interface, or enum expected
[ERROR] /workspaces/master-thesis-pascal-joos/code_cure_agent/cca_workspace/Vitro/api/src/main/java/edu/cornell/mannlib/vitro/webapp/dao/jena/VClassDaoJena.java:[619,12] error: class, interface, or enum expected
[ERROR] /workspaces/master-thesis-pascal-joos/code_cure_agent/cca_workspace/Vitro/api/src/main/java/edu/cornell/mannlib/vitro/webapp/dao/jena/VClassDaoJena.java:[621,12] error: class, interface, or enum expected
[ERROR] /workspaces/master-thesis-pascal-joos/code_cure_agent/cca_workspace/Vitro/api/src/main/java/edu/cornell/mannlib/vitro/webapp/dao/jena/VClassDaoJena.java:[624,4] error: class, interface, or enum expected
[ERROR] /workspaces/master-thesis-pascal-joos/code_cure_agent/cca_workspace/Vitro/api/src/main/java/edu/cornell/mannlib/vitro/webapp/dao/jena/VClassDaoJena.java:[626,11] error: class, interface, or enum expected
[ERROR] /workspaces/master-thesis-pascal-joos/code_cure_agent/cca_workspace/Vitro/api/src/main/java/edu/cornell/mannlib/vitro/webapp/dao/jena/VClassDaoJena.java:[628,8] error: class, interface, or enum expected
[ERROR] /workspaces/master-thesis-pascal-joos/code_cure_agent/cca_workspace/Vitro/api/src/main/java/edu/cornell/mannlib/vitro/webapp/dao/jena/VClassDaoJena.java:[629,8] error: class, interface, or enum expected
[ERROR] /workspaces/master-thesis-pascal-joos/code_cure_agent/cca_workspace/Vitro/api/src/main/java/edu/cornell/mannlib/vitro/webapp/dao/jena/VClassDaoJena.java:[631,12] error: class, interface, or enum expected
[ERROR] /workspaces/master-thesis-pascal-joos/code_cure_agent/cca_workspace/Vitro/api/src/main/java/edu/cornell/mannlib/vitro/webapp/dao/jena/VClassDaoJena.java:[633,16] error: class, interface, or enum expected
[ERROR] /workspaces/master-thesis-pascal-joos/code_cure_agent/cca_workspace/Vitro/api/src/main/java/edu/cornell/mannlib/vitro/webapp/dao/jena/VClassDaoJena.java:[634,12] error: class, interface, or enum expected
[ERROR] /workspaces/master-thesis-pascal-joos/code_cure_agent/cca_workspace/Vitro/api/src/main/java/edu/cornell/mannlib/vitro/webapp/dao/jena/VClassDaoJena.java:[639,12] error: class, interface, or enum expected
[ERROR] /workspaces/master-thesis-pascal-joos/code_cure_agent/cca_workspace/Vitro/api/src/main/java/edu/cornell/mannlib/vitro/webapp/dao/jena/VClassDaoJena.java:[640,12] error: class, interface, or enum expected
[ERROR] /workspaces/master-thesis-pascal-joos/code_cure_agent/cca_workspace/Vitro/api/src/main/java/edu/cornell/mannlib/vitro/webapp/dao/jena/VClassDaoJena.java:[643,12] error: class, interface, or enum expected
[ERROR] /workspaces/master-thesis-pascal-joos/code_cure_agent/cca_workspace/Vitro/api/src/main/java/edu/cornell/mannlib/vitro/webapp/dao/jena/VClassDaoJena.java:[645,12] error: class, interface, or enum expected
[ERROR] /workspaces/master-thesis-pascal-joos/code_cure_agent/cca_workspace/Vitro/api/src/main/java/edu/cornell/mannlib/vitro/webapp/dao/jena/VClassDaoJena.java:[648,4] error: class, interface, or enum expected
[ERROR] /workspaces/master-thesis-pascal-joos/code_cure_agent/cca_workspace/Vitro/api/src/main/java/edu/cornell/mannlib/vitro/webapp/dao/jena/VClassDaoJena.java:[652,8] error: class, interface, or enum expected
[ERROR] /workspaces/master-thesis-pascal-joos/code_cure_agent/cca_workspace/Vitro/api/src/main/java/edu/cornell/mannlib/vitro/webapp/dao/jena/VClassDaoJena.java:[653,8] error: class, interface, or enum expected
[ERROR] /workspaces/master-thesis-pascal-joos/code_cure_agent/cca_workspace/Vitro/api/src/main/java/edu/cornell/mannlib/vitro/webapp/dao/jena/VClassDaoJena.java:[655,12] error: class, interface, or enum expected
[ERROR] /workspaces/master-thesis-pascal-joos/code_cure_agent/cca_workspace/Vitro/api/src/main/java/edu/cornell/mannlib/vitro/webapp/dao/jena/VClassDaoJena.java:[657,12] error: class, interface, or enum expected
[ERROR] /workspaces/master-thesis-pascal-joos/code_cure_agent/cca_workspace/Vitro/api/src/main/java/edu/cornell/mannlib/vitro/webapp/dao/jena/VClassDaoJena.java:[660,4] error: class, interface, or enum expected
[ERROR] /workspaces/master-thesis-pascal-joos/code_cure_agent/cca_workspace/Vitro/api/src/main/java/edu/cornell/mannlib/vitro/webapp/dao/jena/VClassDaoJena.java:[662,11] error: class, interface, or enum expected
[ERROR] /workspaces/master-thesis-pascal-joos/code_cure_agent/cca_workspace/Vitro/api/src/main/java/edu/cornell/mannlib/vitro/webapp/dao/jena/VClassDaoJena.java:[664,8] error: class, interface, or enum expected
[ERROR] /workspaces/master-thesis-pascal-joos/code_cure_agent/cca_workspace/Vitro/api/src/main/java/edu/cornell/mannlib/vitro/webapp/dao/jena/VClassDaoJena.java:[666,8] error: class, interface, or enum expected
[ERROR] /workspaces/master-thesis-pascal-joos/code_cure_agent/cca_workspace/Vitro/api/src/main/java/edu/cornell/mannlib/vitro/webapp/dao/jena/VClassDaoJena.java:[668,8] error: class, interface, or enum expected
[ERROR] /workspaces/master-thesis-pascal-joos/code_cure_agent/cca_workspace/Vitro/api/src/main/java/edu/cornell/mannlib/vitro/webapp/dao/jena/VClassDaoJena.java:[671,12] error: class, interface, or enum expected
[ERROR] /workspaces/master-thesis-pascal-joos/code_cure_agent/cca_workspace/Vitro/api/src/main/java/edu/cornell/mannlib/vitro/webapp/dao/jena/VClassDaoJena.java:[672,8] error: class, interface, or enum expected
[ERROR] /workspaces/master-thesis-pascal-joos/code_cure_agent/cca_workspace/Vitro/api/src/main/java/edu/cornell/mannlib/vitro/webapp/dao/jena/VClassDaoJena.java:[674,8] error: class, interface, or enum expected
[ERROR] /workspaces/master-thesis-pascal-joos/code_cure_agent/cca_workspace/Vitro/api/src/main/java/edu/cornell/mannlib/vitro/webapp/dao/jena/VClassDaoJena.java:[677,11] error: class, interface, or enum expected
[ERROR] /workspaces/master-thesis-pascal-joos/code_cure_agent/cca_workspace/Vitro/api/src/main/java/edu/cornell/mannlib/vitro/webapp/dao/jena/VClassDaoJena.java:[679,8] error: class, interface, or enum expected
[ERROR] -> [Help 1]
[ERROR] 
[ERROR] To see the full stack trace of the errors, re-run Maven with the -e switch.
[ERROR] Re-run Maven using the -X switch to enable full debug logging.
[ERROR] 
[ERROR] For more information about the errors and possible solutions, please read the following articles:
[ERROR] [Help 1] http://cwiki.apache.org/confluence/display/MAVEN/MojoFailureException
[ERROR] 
[ERROR] After correcting the problems, you can resume the build with the command
[ERROR]   mvn <args> -rf :vitro-api
