[INFO] Scanning for projects...
[INFO] Inspecting build with total of 1 modules...
[INFO] Installing Nexus Staging features:
[INFO]   ... total of 1 executions of maven-deploy-plugin replaced with nexus-staging-maven-plugin
[INFO] 
[INFO] ----------------------< org.opentripplanner:otp >-----------------------
[INFO] Building OpenTripPlanner 2.1.0-SNAPSHOT
[INFO] --------------------------------[ jar ]---------------------------------
[INFO] 
[INFO] --- maven-clean-plugin:2.5:clean (default-clean) @ otp ---
[INFO] 
[INFO] --- git-commit-id-plugin:4.0.0:revision (default) @ otp ---
[INFO] 
[INFO] --- build-helper-maven-plugin:3.0.0:add-source (build-helper-generate-sources) @ otp ---
[INFO] Source directory: /workspaces/CodeCureAgent/code_cure_agent/cca_workspace_1/OpenTripPlanner/src/main/java added.
[INFO] Source directory: /workspaces/CodeCureAgent/code_cure_agent/cca_workspace_1/OpenTripPlanner/src/ext/java added.
[INFO] 
[INFO] --- maven-resources-plugin:2.6:resources (default-resources) @ otp ---
[INFO] Using 'UTF-8' encoding to copy filtered resources.
[INFO] Copying 24 resources
[INFO] Copying 1 resource
[INFO] Copying 287 resources to client
[INFO] 
[INFO] --- maven-compiler-plugin:3.8.1:compile (default-compile) @ otp ---
[INFO] Changes detected - recompiling the module!
[INFO] Compiling 1243 source files to /workspaces/CodeCureAgent/code_cure_agent/cca_workspace_1/OpenTripPlanner/target/classes
[INFO] /workspaces/CodeCureAgent/code_cure_agent/cca_workspace_1/OpenTripPlanner/src/main/java/org/opentripplanner/netex/index/hierarchy/HierarchicalVersionMapById.java: Some input files use or override a deprecated API.
[INFO] /workspaces/CodeCureAgent/code_cure_agent/cca_workspace_1/OpenTripPlanner/src/main/java/org/opentripplanner/netex/index/hierarchy/HierarchicalVersionMapById.java: Recompile with -Xlint:deprecation for details.
[INFO] /workspaces/CodeCureAgent/code_cure_agent/cca_workspace_1/OpenTripPlanner/src/main/java/org/opentripplanner/routing/graph/Edge.java: Some input files use unchecked or unsafe operations.
[INFO] /workspaces/CodeCureAgent/code_cure_agent/cca_workspace_1/OpenTripPlanner/src/main/java/org/opentripplanner/routing/graph/Edge.java: Recompile with -Xlint:unchecked for details.
[INFO] -------------------------------------------------------------
[ERROR] COMPILATION ERROR : 
[INFO] -------------------------------------------------------------
[ERROR] /workspaces/CodeCureAgent/code_cure_agent/cca_workspace_1/OpenTripPlanner/src/main/java/org/opentripplanner/visualizer/ShowGraph.java:[53,53] illegal forward reference
[INFO] 1 error
[INFO] -------------------------------------------------------------
[INFO] ------------------------------------------------------------------------
[INFO] BUILD FAILURE
[INFO] ------------------------------------------------------------------------
[INFO] Total time:  21.351 s
[INFO] Finished at: 2026-01-30T11:06:22Z
[INFO] ------------------------------------------------------------------------
[ERROR] Failed to execute goal org.apache.maven.plugins:maven-compiler-plugin:3.8.1:compile (default-compile) on project otp: Compilation failure
[ERROR] /workspaces/CodeCureAgent/code_cure_agent/cca_workspace_1/OpenTripPlanner/src/main/java/org/opentripplanner/visualizer/ShowGraph.java:[53,53] illegal forward reference
[ERROR] -> [Help 1]
[ERROR] 
[ERROR] To see the full stack trace of the errors, re-run Maven with the -e switch.
[ERROR] Re-run Maven using the -X switch to enable full debug logging.
[ERROR] 
[ERROR] For more information about the errors and possible solutions, please read the following articles:
[ERROR] [Help 1] http://cwiki.apache.org/confluence/display/MAVEN/MojoFailureException
