[INFO] Scanning for projects...
[INFO] 
[INFO] ----------------------< org.apache.joshua:joshua >----------------------
[INFO] Building Apache Joshua Machine Translation Toolkit 6.3-SNAPSHOT
[INFO] --------------------------------[ jar ]---------------------------------
[INFO] 
[INFO] --- maven-clean-plugin:3.0.0:clean (default-clean) @ joshua ---
[INFO] Deleting /workspaces/xxxx/code_cure_agent/cca_workspace/joshua/target
[INFO] 
[INFO] --- maven-remote-resources-plugin:1.5:process (process-resource-bundles) @ joshua ---
[INFO] 
[INFO] --- maven-resources-plugin:2.7:resources (default-resources) @ joshua ---
[INFO] Using 'UTF-8' encoding to copy filtered resources.
[INFO] Copying 1 resource
[INFO] Copying 3 resources
[INFO] 
[INFO] --- maven-compiler-plugin:3.5.1:compile (default-compile) @ joshua ---
[INFO] Changes detected - recompiling the module!
[INFO] Compiling 259 source files to /workspaces/xxxx/code_cure_agent/cca_workspace/joshua/target/classes
[INFO] /workspaces/xxxx/code_cure_agent/cca_workspace/joshua/src/main/java/org/apache/joshua/ui/tree_visualizer/DerivationViewerApplet.java: Some input files use or override a deprecated API.
[INFO] /workspaces/xxxx/code_cure_agent/cca_workspace/joshua/src/main/java/org/apache/joshua/ui/tree_visualizer/DerivationViewerApplet.java: Recompile with -Xlint:deprecation for details.
[INFO] /workspaces/xxxx/code_cure_agent/cca_workspace/joshua/src/main/java/org/apache/joshua/decoder/chart_parser/Chart.java: Some input files use unchecked or unsafe operations.
[INFO] /workspaces/xxxx/code_cure_agent/cca_workspace/joshua/src/main/java/org/apache/joshua/decoder/chart_parser/Chart.java: Recompile with -Xlint:unchecked for details.
[INFO] -------------------------------------------------------------
[ERROR] COMPILATION ERROR : 
[INFO] -------------------------------------------------------------
[ERROR] /workspaces/xxxx/code_cure_agent/cca_workspace/joshua/src/main/java/org/apache/joshua/adagrad/AdaGradCore.java:[893,15] cannot find symbol
  symbol:   variable sentsStr
  location: class org.apache.joshua.adagrad.AdaGradCore
[ERROR] /workspaces/xxxx/code_cure_agent/cca_workspace/joshua/src/main/java/org/apache/joshua/adagrad/AdaGradCore.java:[894,15] cannot find symbol
  symbol:   variable featsStr
  location: class org.apache.joshua.adagrad.AdaGradCore
[ERROR] /workspaces/xxxx/code_cure_agent/cca_workspace/joshua/src/main/java/org/apache/joshua/adagrad/AdaGradCore.java:[895,15] cannot find symbol
  symbol:   variable statsStr
  location: class org.apache.joshua.adagrad.AdaGradCore
[ERROR] /workspaces/xxxx/code_cure_agent/cca_workspace/joshua/src/main/java/org/apache/joshua/adagrad/AdaGradCore.java:[897,19] cannot find symbol
  symbol:   variable sentsStr
  location: class org.apache.joshua.adagrad.AdaGradCore
[ERROR] /workspaces/xxxx/code_cure_agent/cca_workspace/joshua/src/main/java/org/apache/joshua/adagrad/AdaGradCore.java:[899,57] cannot find symbol
  symbol:   variable sentsStr
  location: class org.apache.joshua.adagrad.AdaGradCore
[ERROR] /workspaces/xxxx/code_cure_agent/cca_workspace/joshua/src/main/java/org/apache/joshua/adagrad/AdaGradCore.java:[902,50] cannot find symbol
  symbol:   variable statsStr
  location: class org.apache.joshua.adagrad.AdaGradCore
[ERROR] /workspaces/xxxx/code_cure_agent/cca_workspace/joshua/src/main/java/org/apache/joshua/adagrad/AdaGradCore.java:[905,34] cannot find symbol
  symbol:   variable sentsStr
  location: class org.apache.joshua.adagrad.AdaGradCore
[ERROR] /workspaces/xxxx/code_cure_agent/cca_workspace/joshua/src/main/java/org/apache/joshua/adagrad/AdaGradCore.java:[905,44] cannot find symbol
  symbol:   variable featsStr
  location: class org.apache.joshua.adagrad.AdaGradCore
[ERROR] /workspaces/xxxx/code_cure_agent/cca_workspace/joshua/src/main/java/org/apache/joshua/adagrad/AdaGradCore.java:[906,35] cannot find symbol
  symbol:   variable sentsStr
  location: class org.apache.joshua.adagrad.AdaGradCore
[ERROR] /workspaces/xxxx/code_cure_agent/cca_workspace/joshua/src/main/java/org/apache/joshua/adagrad/AdaGradCore.java:[906,45] cannot find symbol
  symbol:   variable statsStr
  location: class org.apache.joshua.adagrad.AdaGradCore
[ERROR] /workspaces/xxxx/code_cure_agent/cca_workspace/joshua/src/main/java/org/apache/joshua/adagrad/AdaGradCore.java:[909,30] cannot find symbol
  symbol:   variable featsStr
  location: class org.apache.joshua.adagrad.AdaGradCore
[ERROR] /workspaces/xxxx/code_cure_agent/cca_workspace/joshua/src/main/java/org/apache/joshua/adagrad/AdaGradCore.java:[911,39] cannot find symbol
  symbol:   variable sentsStr
  location: class org.apache.joshua.adagrad.AdaGradCore
[ERROR] /workspaces/xxxx/code_cure_agent/cca_workspace/joshua/src/main/java/org/apache/joshua/adagrad/AdaGradCore.java:[911,49] cannot find symbol
  symbol:   variable statsStr
  location: class org.apache.joshua.adagrad.AdaGradCore
[ERROR] /workspaces/xxxx/code_cure_agent/cca_workspace/joshua/src/main/java/org/apache/joshua/adagrad/AdaGradCore.java:[946,13] cannot find symbol
  symbol:   variable sentsStr
  location: class org.apache.joshua.adagrad.AdaGradCore
[ERROR] /workspaces/xxxx/code_cure_agent/cca_workspace/joshua/src/main/java/org/apache/joshua/adagrad/AdaGradCore.java:[948,41] cannot find symbol
  symbol:   variable sentsStr
  location: class org.apache.joshua.adagrad.AdaGradCore
[ERROR] /workspaces/xxxx/code_cure_agent/cca_workspace/joshua/src/main/java/org/apache/joshua/adagrad/AdaGradCore.java:[950,17] cannot find symbol
  symbol:   variable sentsStr
  location: class org.apache.joshua.adagrad.AdaGradCore
[ERROR] /workspaces/xxxx/code_cure_agent/cca_workspace/joshua/src/main/java/org/apache/joshua/adagrad/AdaGradCore.java:[952,55] cannot find symbol
  symbol:   variable sentsStr
  location: class org.apache.joshua.adagrad.AdaGradCore
[ERROR] /workspaces/xxxx/code_cure_agent/cca_workspace/joshua/src/main/java/org/apache/joshua/adagrad/AdaGradCore.java:[953,33] cannot find symbol
  symbol:   variable sentsStr
  location: class org.apache.joshua.adagrad.AdaGradCore
[ERROR] /workspaces/xxxx/code_cure_agent/cca_workspace/joshua/src/main/java/org/apache/joshua/adagrad/AdaGradCore.java:[954,25] cannot find symbol
  symbol:   variable sentsStr
  location: class org.apache.joshua.adagrad.AdaGradCore
[ERROR] /workspaces/xxxx/code_cure_agent/cca_workspace/joshua/src/main/java/org/apache/joshua/adagrad/AdaGradCore.java:[957,37] cannot find symbol
  symbol:   variable sentsStr
  location: class org.apache.joshua.adagrad.AdaGradCore
[ERROR] /workspaces/xxxx/code_cure_agent/cca_workspace/joshua/src/main/java/org/apache/joshua/adagrad/AdaGradCore.java:[1044,15] cannot find symbol
  symbol:   variable sentsStr
  location: class org.apache.joshua.adagrad.AdaGradCore
[ERROR] /workspaces/xxxx/code_cure_agent/cca_workspace/joshua/src/main/java/org/apache/joshua/adagrad/AdaGradCore.java:[1045,15] cannot find symbol
  symbol:   variable statsStr
  location: class org.apache.joshua.adagrad.AdaGradCore
[ERROR] /workspaces/xxxx/code_cure_agent/cca_workspace/joshua/src/main/java/org/apache/joshua/adagrad/AdaGradCore.java:[1047,19] cannot find symbol
  symbol:   variable sentsStr
  location: class org.apache.joshua.adagrad.AdaGradCore
[ERROR] /workspaces/xxxx/code_cure_agent/cca_workspace/joshua/src/main/java/org/apache/joshua/adagrad/AdaGradCore.java:[1049,57] cannot find symbol
  symbol:   variable sentsStr
  location: class org.apache.joshua.adagrad.AdaGradCore
[ERROR] /workspaces/xxxx/code_cure_agent/cca_workspace/joshua/src/main/java/org/apache/joshua/adagrad/AdaGradCore.java:[1050,39] cannot find symbol
  symbol:   variable sentsStr
  location: class org.apache.joshua.adagrad.AdaGradCore
[ERROR] /workspaces/xxxx/code_cure_agent/cca_workspace/joshua/src/main/java/org/apache/joshua/adagrad/AdaGradCore.java:[1050,49] cannot find symbol
  symbol:   variable statsStr
  location: class org.apache.joshua.adagrad.AdaGradCore
[ERROR] /workspaces/xxxx/code_cure_agent/cca_workspace/joshua/src/main/java/org/apache/joshua/adagrad/AdaGradCore.java:[1065,13] cannot find symbol
  symbol:   variable sentsStr
  location: class org.apache.joshua.adagrad.AdaGradCore
[ERROR] /workspaces/xxxx/code_cure_agent/cca_workspace/joshua/src/main/java/org/apache/joshua/adagrad/AdaGradCore.java:[1066,13] cannot find symbol
  symbol:   variable featsStr
  location: class org.apache.joshua.adagrad.AdaGradCore
[ERROR] /workspaces/xxxx/code_cure_agent/cca_workspace/joshua/src/main/java/org/apache/joshua/adagrad/AdaGradCore.java:[1068,17] cannot find symbol
  symbol:   variable sentsStr
  location: class org.apache.joshua.adagrad.AdaGradCore
[ERROR] /workspaces/xxxx/code_cure_agent/cca_workspace/joshua/src/main/java/org/apache/joshua/adagrad/AdaGradCore.java:[1070,55] cannot find symbol
  symbol:   variable sentsStr
  location: class org.apache.joshua.adagrad.AdaGradCore
[ERROR] /workspaces/xxxx/code_cure_agent/cca_workspace/joshua/src/main/java/org/apache/joshua/adagrad/AdaGradCore.java:[1073,17] cannot find symbol
  symbol:   variable statsStr
  location: class org.apache.joshua.adagrad.AdaGradCore
[ERROR] /workspaces/xxxx/code_cure_agent/cca_workspace/joshua/src/main/java/org/apache/joshua/adagrad/AdaGradCore.java:[1075,38] cannot find symbol
  symbol:   variable statsStr
  location: class org.apache.joshua.adagrad.AdaGradCore
[ERROR] /workspaces/xxxx/code_cure_agent/cca_workspace/joshua/src/main/java/org/apache/joshua/adagrad/AdaGradCore.java:[1080,45] cannot find symbol
  symbol:   variable statsStr
  location: class org.apache.joshua.adagrad.AdaGradCore
[ERROR] /workspaces/xxxx/code_cure_agent/cca_workspace/joshua/src/main/java/org/apache/joshua/adagrad/AdaGradCore.java:[1082,17] cannot find symbol
  symbol:   variable statsStr
  location: class org.apache.joshua.adagrad.AdaGradCore
[ERROR] /workspaces/xxxx/code_cure_agent/cca_workspace/joshua/src/main/java/org/apache/joshua/adagrad/AdaGradCore.java:[1084,38] cannot find symbol
  symbol:   variable statsStr
  location: class org.apache.joshua.adagrad.AdaGradCore
[ERROR] /workspaces/xxxx/code_cure_agent/cca_workspace/joshua/src/main/java/org/apache/joshua/adagrad/AdaGradCore.java:[1090,43] cannot find symbol
  symbol:   variable statsStr
  location: class org.apache.joshua.adagrad.AdaGradCore
[ERROR] /workspaces/xxxx/code_cure_agent/cca_workspace/joshua/src/main/java/org/apache/joshua/adagrad/AdaGradCore.java:[1095,32] cannot find symbol
  symbol:   variable sentsStr
  location: class org.apache.joshua.adagrad.AdaGradCore
[ERROR] /workspaces/xxxx/code_cure_agent/cca_workspace/joshua/src/main/java/org/apache/joshua/adagrad/AdaGradCore.java:[1095,42] cannot find symbol
  symbol:   variable featsStr
  location: class org.apache.joshua.adagrad.AdaGradCore
[ERROR] /workspaces/xxxx/code_cure_agent/cca_workspace/joshua/src/main/java/org/apache/joshua/adagrad/AdaGradCore.java:[1096,33] cannot find symbol
  symbol:   variable sentsStr
  location: class org.apache.joshua.adagrad.AdaGradCore
[ERROR] /workspaces/xxxx/code_cure_agent/cca_workspace/joshua/src/main/java/org/apache/joshua/adagrad/AdaGradCore.java:[1096,43] cannot find symbol
  symbol:   variable statsStr
  location: class org.apache.joshua.adagrad.AdaGradCore
[ERROR] /workspaces/xxxx/code_cure_agent/cca_workspace/joshua/src/main/java/org/apache/joshua/adagrad/AdaGradCore.java:[1098,28] cannot find symbol
  symbol:   variable featsStr
  location: class org.apache.joshua.adagrad.AdaGradCore
[ERROR] /workspaces/xxxx/code_cure_agent/cca_workspace/joshua/src/main/java/org/apache/joshua/adagrad/AdaGradCore.java:[1100,19] cannot find symbol
  symbol:   variable featsStr
  location: class org.apache.joshua.adagrad.AdaGradCore
[ERROR] /workspaces/xxxx/code_cure_agent/cca_workspace/joshua/src/main/java/org/apache/joshua/adagrad/AdaGradCore.java:[1116,37] cannot find symbol
  symbol:   variable sentsStr
  location: class org.apache.joshua.adagrad.AdaGradCore
[ERROR] /workspaces/xxxx/code_cure_agent/cca_workspace/joshua/src/main/java/org/apache/joshua/adagrad/AdaGradCore.java:[1116,47] cannot find symbol
  symbol:   variable statsStr
  location: class org.apache.joshua.adagrad.AdaGradCore
[ERROR] /workspaces/xxxx/code_cure_agent/cca_workspace/joshua/src/main/java/org/apache/joshua/adagrad/AdaGradCore.java:[1126,17] cannot find symbol
  symbol:   variable statsStr
  location: class org.apache.joshua.adagrad.AdaGradCore
[ERROR] /workspaces/xxxx/code_cure_agent/cca_workspace/joshua/src/main/java/org/apache/joshua/adagrad/AdaGradCore.java:[1126,50] cannot find symbol
  symbol:   variable sentsStr
  location: class org.apache.joshua.adagrad.AdaGradCore
[ERROR] /workspaces/xxxx/code_cure_agent/cca_workspace/joshua/src/main/java/org/apache/joshua/adagrad/AdaGradCore.java:[1127,45] cannot find symbol
  symbol:   variable statsStr
  location: class org.apache.joshua.adagrad.AdaGradCore
[INFO] 47 errors 
[INFO] -------------------------------------------------------------
[INFO] ------------------------------------------------------------------------
[INFO] BUILD FAILURE
[INFO] ------------------------------------------------------------------------
[INFO] Total time:  4.505 s
[INFO] Finished at: 2025-08-29T22:53:09Z
[INFO] ------------------------------------------------------------------------
[ERROR] Failed to execute goal org.apache.maven.plugins:maven-compiler-plugin:3.5.1:compile (default-compile) on project joshua: Compilation failure: Compilation failure: 
[ERROR] /workspaces/xxxx/code_cure_agent/cca_workspace/joshua/src/main/java/org/apache/joshua/adagrad/AdaGradCore.java:[893,15] cannot find symbol
[ERROR]   symbol:   variable sentsStr
[ERROR]   location: class org.apache.joshua.adagrad.AdaGradCore
[ERROR] /workspaces/xxxx/code_cure_agent/cca_workspace/joshua/src/main/java/org/apache/joshua/adagrad/AdaGradCore.java:[894,15] cannot find symbol
[ERROR]   symbol:   variable featsStr
[ERROR]   location: class org.apache.joshua.adagrad.AdaGradCore
[ERROR] /workspaces/xxxx/code_cure_agent/cca_workspace/joshua/src/main/java/org/apache/joshua/adagrad/AdaGradCore.java:[895,15] cannot find symbol
[ERROR]   symbol:   variable statsStr
[ERROR]   location: class org.apache.joshua.adagrad.AdaGradCore
[ERROR] /workspaces/xxxx/code_cure_agent/cca_workspace/joshua/src/main/java/org/apache/joshua/adagrad/AdaGradCore.java:[897,19] cannot find symbol
[ERROR]   symbol:   variable sentsStr
[ERROR]   location: class org.apache.joshua.adagrad.AdaGradCore
[ERROR] /workspaces/xxxx/code_cure_agent/cca_workspace/joshua/src/main/java/org/apache/joshua/adagrad/AdaGradCore.java:[899,57] cannot find symbol
[ERROR]   symbol:   variable sentsStr
[ERROR]   location: class org.apache.joshua.adagrad.AdaGradCore
[ERROR] /workspaces/xxxx/code_cure_agent/cca_workspace/joshua/src/main/java/org/apache/joshua/adagrad/AdaGradCore.java:[902,50] cannot find symbol
[ERROR]   symbol:   variable statsStr
[ERROR]   location: class org.apache.joshua.adagrad.AdaGradCore
[ERROR] /workspaces/xxxx/code_cure_agent/cca_workspace/joshua/src/main/java/org/apache/joshua/adagrad/AdaGradCore.java:[905,34] cannot find symbol
[ERROR]   symbol:   variable sentsStr
[ERROR]   location: class org.apache.joshua.adagrad.AdaGradCore
[ERROR] /workspaces/xxxx/code_cure_agent/cca_workspace/joshua/src/main/java/org/apache/joshua/adagrad/AdaGradCore.java:[905,44] cannot find symbol
[ERROR]   symbol:   variable featsStr
[ERROR]   location: class org.apache.joshua.adagrad.AdaGradCore
[ERROR] /workspaces/xxxx/code_cure_agent/cca_workspace/joshua/src/main/java/org/apache/joshua/adagrad/AdaGradCore.java:[906,35] cannot find symbol
[ERROR]   symbol:   variable sentsStr
[ERROR]   location: class org.apache.joshua.adagrad.AdaGradCore
[ERROR] /workspaces/xxxx/code_cure_agent/cca_workspace/joshua/src/main/java/org/apache/joshua/adagrad/AdaGradCore.java:[906,45] cannot find symbol
[ERROR]   symbol:   variable statsStr
[ERROR]   location: class org.apache.joshua.adagrad.AdaGradCore
[ERROR] /workspaces/xxxx/code_cure_agent/cca_workspace/joshua/src/main/java/org/apache/joshua/adagrad/AdaGradCore.java:[909,30] cannot find symbol
[ERROR]   symbol:   variable featsStr
[ERROR]   location: class org.apache.joshua.adagrad.AdaGradCore
[ERROR] /workspaces/xxxx/code_cure_agent/cca_workspace/joshua/src/main/java/org/apache/joshua/adagrad/AdaGradCore.java:[911,39] cannot find symbol
[ERROR]   symbol:   variable sentsStr
[ERROR]   location: class org.apache.joshua.adagrad.AdaGradCore
[ERROR] /workspaces/xxxx/code_cure_agent/cca_workspace/joshua/src/main/java/org/apache/joshua/adagrad/AdaGradCore.java:[911,49] cannot find symbol
[ERROR]   symbol:   variable statsStr
[ERROR]   location: class org.apache.joshua.adagrad.AdaGradCore
[ERROR] /workspaces/xxxx/code_cure_agent/cca_workspace/joshua/src/main/java/org/apache/joshua/adagrad/AdaGradCore.java:[946,13] cannot find symbol
[ERROR]   symbol:   variable sentsStr
[ERROR]   location: class org.apache.joshua.adagrad.AdaGradCore
[ERROR] /workspaces/xxxx/code_cure_agent/cca_workspace/joshua/src/main/java/org/apache/joshua/adagrad/AdaGradCore.java:[948,41] cannot find symbol
[ERROR]   symbol:   variable sentsStr
[ERROR]   location: class org.apache.joshua.adagrad.AdaGradCore
[ERROR] /workspaces/xxxx/code_cure_agent/cca_workspace/joshua/src/main/java/org/apache/joshua/adagrad/AdaGradCore.java:[950,17] cannot find symbol
[ERROR]   symbol:   variable sentsStr
[ERROR]   location: class org.apache.joshua.adagrad.AdaGradCore
[ERROR] /workspaces/xxxx/code_cure_agent/cca_workspace/joshua/src/main/java/org/apache/joshua/adagrad/AdaGradCore.java:[952,55] cannot find symbol
[ERROR]   symbol:   variable sentsStr
[ERROR]   location: class org.apache.joshua.adagrad.AdaGradCore
[ERROR] /workspaces/xxxx/code_cure_agent/cca_workspace/joshua/src/main/java/org/apache/joshua/adagrad/AdaGradCore.java:[953,33] cannot find symbol
[ERROR]   symbol:   variable sentsStr
[ERROR]   location: class org.apache.joshua.adagrad.AdaGradCore
[ERROR] /workspaces/xxxx/code_cure_agent/cca_workspace/joshua/src/main/java/org/apache/joshua/adagrad/AdaGradCore.java:[954,25] cannot find symbol
[ERROR]   symbol:   variable sentsStr
[ERROR]   location: class org.apache.joshua.adagrad.AdaGradCore
[ERROR] /workspaces/xxxx/code_cure_agent/cca_workspace/joshua/src/main/java/org/apache/joshua/adagrad/AdaGradCore.java:[957,37] cannot find symbol
[ERROR]   symbol:   variable sentsStr
[ERROR]   location: class org.apache.joshua.adagrad.AdaGradCore
[ERROR] /workspaces/xxxx/code_cure_agent/cca_workspace/joshua/src/main/java/org/apache/joshua/adagrad/AdaGradCore.java:[1044,15] cannot find symbol
[ERROR]   symbol:   variable sentsStr
[ERROR]   location: class org.apache.joshua.adagrad.AdaGradCore
[ERROR] /workspaces/xxxx/code_cure_agent/cca_workspace/joshua/src/main/java/org/apache/joshua/adagrad/AdaGradCore.java:[1045,15] cannot find symbol
[ERROR]   symbol:   variable statsStr
[ERROR]   location: class org.apache.joshua.adagrad.AdaGradCore
[ERROR] /workspaces/xxxx/code_cure_agent/cca_workspace/joshua/src/main/java/org/apache/joshua/adagrad/AdaGradCore.java:[1047,19] cannot find symbol
[ERROR]   symbol:   variable sentsStr
[ERROR]   location: class org.apache.joshua.adagrad.AdaGradCore
[ERROR] /workspaces/xxxx/code_cure_agent/cca_workspace/joshua/src/main/java/org/apache/joshua/adagrad/AdaGradCore.java:[1049,57] cannot find symbol
[ERROR]   symbol:   variable sentsStr
[ERROR]   location: class org.apache.joshua.adagrad.AdaGradCore
[ERROR] /workspaces/xxxx/code_cure_agent/cca_workspace/joshua/src/main/java/org/apache/joshua/adagrad/AdaGradCore.java:[1050,39] cannot find symbol
[ERROR]   symbol:   variable sentsStr
[ERROR]   location: class org.apache.joshua.adagrad.AdaGradCore
[ERROR] /workspaces/xxxx/code_cure_agent/cca_workspace/joshua/src/main/java/org/apache/joshua/adagrad/AdaGradCore.java:[1050,49] cannot find symbol
[ERROR]   symbol:   variable statsStr
[ERROR]   location: class org.apache.joshua.adagrad.AdaGradCore
[ERROR] /workspaces/xxxx/code_cure_agent/cca_workspace/joshua/src/main/java/org/apache/joshua/adagrad/AdaGradCore.java:[1065,13] cannot find symbol
[ERROR]   symbol:   variable sentsStr
[ERROR]   location: class org.apache.joshua.adagrad.AdaGradCore
[ERROR] /workspaces/xxxx/code_cure_agent/cca_workspace/joshua/src/main/java/org/apache/joshua/adagrad/AdaGradCore.java:[1066,13] cannot find symbol
[ERROR]   symbol:   variable featsStr
[ERROR]   location: class org.apache.joshua.adagrad.AdaGradCore
[ERROR] /workspaces/xxxx/code_cure_agent/cca_workspace/joshua/src/main/java/org/apache/joshua/adagrad/AdaGradCore.java:[1068,17] cannot find symbol
[ERROR]   symbol:   variable sentsStr
[ERROR]   location: class org.apache.joshua.adagrad.AdaGradCore
[ERROR] /workspaces/xxxx/code_cure_agent/cca_workspace/joshua/src/main/java/org/apache/joshua/adagrad/AdaGradCore.java:[1070,55] cannot find symbol
[ERROR]   symbol:   variable sentsStr
[ERROR]   location: class org.apache.joshua.adagrad.AdaGradCore
[ERROR] /workspaces/xxxx/code_cure_agent/cca_workspace/joshua/src/main/java/org/apache/joshua/adagrad/AdaGradCore.java:[1073,17] cannot find symbol
[ERROR]   symbol:   variable statsStr
[ERROR]   location: class org.apache.joshua.adagrad.AdaGradCore
[ERROR] /workspaces/xxxx/code_cure_agent/cca_workspace/joshua/src/main/java/org/apache/joshua/adagrad/AdaGradCore.java:[1075,38] cannot find symbol
[ERROR]   symbol:   variable statsStr
[ERROR]   location: class org.apache.joshua.adagrad.AdaGradCore
[ERROR] /workspaces/xxxx/code_cure_agent/cca_workspace/joshua/src/main/java/org/apache/joshua/adagrad/AdaGradCore.java:[1080,45] cannot find symbol
[ERROR]   symbol:   variable statsStr
[ERROR]   location: class org.apache.joshua.adagrad.AdaGradCore
[ERROR] /workspaces/xxxx/code_cure_agent/cca_workspace/joshua/src/main/java/org/apache/joshua/adagrad/AdaGradCore.java:[1082,17] cannot find symbol
[ERROR]   symbol:   variable statsStr
[ERROR]   location: class org.apache.joshua.adagrad.AdaGradCore
[ERROR] /workspaces/xxxx/code_cure_agent/cca_workspace/joshua/src/main/java/org/apache/joshua/adagrad/AdaGradCore.java:[1084,38] cannot find symbol
[ERROR]   symbol:   variable statsStr
[ERROR]   location: class org.apache.joshua.adagrad.AdaGradCore
[ERROR] /workspaces/xxxx/code_cure_agent/cca_workspace/joshua/src/main/java/org/apache/joshua/adagrad/AdaGradCore.java:[1090,43] cannot find symbol
[ERROR]   symbol:   variable statsStr
[ERROR]   location: class org.apache.joshua.adagrad.AdaGradCore
[ERROR] /workspaces/xxxx/code_cure_agent/cca_workspace/joshua/src/main/java/org/apache/joshua/adagrad/AdaGradCore.java:[1095,32] cannot find symbol
[ERROR]   symbol:   variable sentsStr
[ERROR]   location: class org.apache.joshua.adagrad.AdaGradCore
[ERROR] /workspaces/xxxx/code_cure_agent/cca_workspace/joshua/src/main/java/org/apache/joshua/adagrad/AdaGradCore.java:[1095,42] cannot find symbol
[ERROR]   symbol:   variable featsStr
[ERROR]   location: class org.apache.joshua.adagrad.AdaGradCore
[ERROR] /workspaces/xxxx/code_cure_agent/cca_workspace/joshua/src/main/java/org/apache/joshua/adagrad/AdaGradCore.java:[1096,33] cannot find symbol
[ERROR]   symbol:   variable sentsStr
[ERROR]   location: class org.apache.joshua.adagrad.AdaGradCore
[ERROR] /workspaces/xxxx/code_cure_agent/cca_workspace/joshua/src/main/java/org/apache/joshua/adagrad/AdaGradCore.java:[1096,43] cannot find symbol
[ERROR]   symbol:   variable statsStr
[ERROR]   location: class org.apache.joshua.adagrad.AdaGradCore
[ERROR] /workspaces/xxxx/code_cure_agent/cca_workspace/joshua/src/main/java/org/apache/joshua/adagrad/AdaGradCore.java:[1098,28] cannot find symbol
[ERROR]   symbol:   variable featsStr
[ERROR]   location: class org.apache.joshua.adagrad.AdaGradCore
[ERROR] /workspaces/xxxx/code_cure_agent/cca_workspace/joshua/src/main/java/org/apache/joshua/adagrad/AdaGradCore.java:[1100,19] cannot find symbol
[ERROR]   symbol:   variable featsStr
[ERROR]   location: class org.apache.joshua.adagrad.AdaGradCore
[ERROR] /workspaces/xxxx/code_cure_agent/cca_workspace/joshua/src/main/java/org/apache/joshua/adagrad/AdaGradCore.java:[1116,37] cannot find symbol
[ERROR]   symbol:   variable sentsStr
[ERROR]   location: class org.apache.joshua.adagrad.AdaGradCore
[ERROR] /workspaces/xxxx/code_cure_agent/cca_workspace/joshua/src/main/java/org/apache/joshua/adagrad/AdaGradCore.java:[1116,47] cannot find symbol
[ERROR]   symbol:   variable statsStr
[ERROR]   location: class org.apache.joshua.adagrad.AdaGradCore
[ERROR] /workspaces/xxxx/code_cure_agent/cca_workspace/joshua/src/main/java/org/apache/joshua/adagrad/AdaGradCore.java:[1126,17] cannot find symbol
[ERROR]   symbol:   variable statsStr
[ERROR]   location: class org.apache.joshua.adagrad.AdaGradCore
[ERROR] /workspaces/xxxx/code_cure_agent/cca_workspace/joshua/src/main/java/org/apache/joshua/adagrad/AdaGradCore.java:[1126,50] cannot find symbol
[ERROR]   symbol:   variable sentsStr
[ERROR]   location: class org.apache.joshua.adagrad.AdaGradCore
[ERROR] /workspaces/xxxx/code_cure_agent/cca_workspace/joshua/src/main/java/org/apache/joshua/adagrad/AdaGradCore.java:[1127,45] cannot find symbol
[ERROR]   symbol:   variable statsStr
[ERROR]   location: class org.apache.joshua.adagrad.AdaGradCore
[ERROR] -> [Help 1]
[ERROR] 
[ERROR] To see the full stack trace of the errors, re-run Maven with the -e switch.
[ERROR] Re-run Maven using the -X switch to enable full debug logging.
[ERROR] 
[ERROR] For more information about the errors and possible solutions, please read the following articles:
[ERROR] [Help 1] http://cwiki.apache.org/confluence/display/MAVEN/MojoFailureException
