[INFO] Scanning for projects...
[INFO] 
[INFO] ---------------------< com.jnape.palatable:lambda >---------------------
[INFO] Building Lambda 5.2.1-SNAPSHOT
[INFO] --------------------------------[ jar ]---------------------------------
[INFO] 
[INFO] --- maven-clean-plugin:2.5:clean (default-clean) @ lambda ---
[INFO] Deleting /workspaces/master-thesis-pascal-joos/code_cure_agent/cca_workspace/lambda/target
[INFO] 
[INFO] --- maven-enforcer-plugin:1.0:enforce (enforce-maven) @ lambda ---
[INFO] 
[INFO] --- maven-resources-plugin:2.6:resources (default-resources) @ lambda ---
[INFO] Using 'UTF-8' encoding to copy filtered resources.
[INFO] skip non existing resourceDirectory /workspaces/master-thesis-pascal-joos/code_cure_agent/cca_workspace/lambda/src/main/resources
[INFO] 
[INFO] --- maven-compiler-plugin:3.3:compile (default-compile) @ lambda ---
[INFO] Changes detected - recompiling the module!
[INFO] Compiling 315 source files to /workspaces/master-thesis-pascal-joos/code_cure_agent/cca_workspace/lambda/target/classes
[INFO] -------------------------------------------------------------
[ERROR] COMPILATION ERROR : 
[INFO] -------------------------------------------------------------
[ERROR] /workspaces/master-thesis-pascal-joos/code_cure_agent/cca_workspace/lambda/src/main/java/com/jnape/palatable/lambda/monad/transformer/builtin/IterateT.java:[306,122] cannot find symbol
  symbol:   variable as
  location: class com.jnape.palatable.lambda.monad.transformer.builtin.IterateT<M,A>
[INFO] 1 error
[INFO] -------------------------------------------------------------
[INFO] ------------------------------------------------------------------------
[INFO] BUILD FAILURE
[INFO] ------------------------------------------------------------------------
[INFO] Total time:  13.787 s
[INFO] Finished at: 2025-08-29T23:11:59Z
[INFO] ------------------------------------------------------------------------
[ERROR] Failed to execute goal org.apache.maven.plugins:maven-compiler-plugin:3.3:compile (default-compile) on project lambda: Compilation failure
[ERROR] /workspaces/master-thesis-pascal-joos/code_cure_agent/cca_workspace/lambda/src/main/java/com/jnape/palatable/lambda/monad/transformer/builtin/IterateT.java:[306,122] cannot find symbol
[ERROR]   symbol:   variable as
[ERROR]   location: class com.jnape.palatable.lambda.monad.transformer.builtin.IterateT<M,A>
[ERROR] -> [Help 1]
[ERROR] 
[ERROR] To see the full stack trace of the errors, re-run Maven with the -e switch.
[ERROR] Re-run Maven using the -X switch to enable full debug logging.
[ERROR] 
[ERROR] For more information about the errors and possible solutions, please read the following articles:
[ERROR] [Help 1] http://cwiki.apache.org/confluence/display/MAVEN/MojoFailureException
