[INFO] Scanning for projects...
[INFO] 
[INFO] ----------------------< com.github.wmixvideo:nfe >----------------------
[INFO] Building nfe 3.0.27-SNAPSHOT
[INFO] --------------------------------[ jar ]---------------------------------
[INFO] 
[INFO] --- maven-clean-plugin:2.5:clean (default-clean) @ nfe ---
[INFO] Deleting /workspaces/master-thesis-pascal-joos/code_cure_agent/cca_workspace/nfe/target
[INFO] 
[INFO] --- jacoco-maven-plugin:0.8.6:prepare-agent (prepare-agent) @ nfe ---
[INFO] argLine set to -javaagent:/home/vscode/.m2/repository/org/jacoco/org.jacoco.agent/0.8.6/org.jacoco.agent-0.8.6-runtime.jar=destfile=/workspaces/master-thesis-pascal-joos/code_cure_agent/cca_workspace/nfe/target/jacoco.exec,excludes=**/webservices/**/*
[INFO] 
[INFO] --- maven-resources-plugin:2.6:resources (default-resources) @ nfe ---
[INFO] Using 'UTF-8' encoding to copy filtered resources.
[INFO] Copying 444 resources
[INFO] Copying 0 resource
[INFO] 
[INFO] --- maven-compiler-plugin:3.8.1:compile (default-compile) @ nfe ---
[INFO] Changes detected - recompiling the module!
[INFO] Compiling 1032 source files to /workspaces/master-thesis-pascal-joos/code_cure_agent/cca_workspace/nfe/target/classes
[INFO] -------------------------------------------------------------
[ERROR] COMPILATION ERROR : 
[INFO] -------------------------------------------------------------
[ERROR] /workspaces/master-thesis-pascal-joos/code_cure_agent/cca_workspace/nfe/src/main/java/com/fincatto/documentofiscal/nfe310/webservices/nota/consulta/NfeConsultaStub.java:[249,41] <identifier> expected
[ERROR] /workspaces/master-thesis-pascal-joos/code_cure_agent/cca_workspace/nfe/src/main/java/com/fincatto/documentofiscal/nfe310/webservices/nota/consulta/NfeConsultaStub.java:[249,44] <identifier> expected
[ERROR] /workspaces/master-thesis-pascal-joos/code_cure_agent/cca_workspace/nfe/src/main/java/com/fincatto/documentofiscal/nfe310/webservices/nota/consulta/NfeConsultaStub.java:[249,59] <identifier> expected
[ERROR] /workspaces/master-thesis-pascal-joos/code_cure_agent/cca_workspace/nfe/src/main/java/com/fincatto/documentofiscal/nfe310/webservices/nota/consulta/NfeConsultaStub.java:[250,67] <identifier> expected
[ERROR] /workspaces/master-thesis-pascal-joos/code_cure_agent/cca_workspace/nfe/src/main/java/com/fincatto/documentofiscal/nfe310/webservices/nota/consulta/NfeConsultaStub.java:[250,68] illegal start of type
[ERROR] /workspaces/master-thesis-pascal-joos/code_cure_agent/cca_workspace/nfe/src/main/java/com/fincatto/documentofiscal/nfe310/webservices/nota/consulta/NfeConsultaStub.java:[251,31] class, interface, or enum expected
[ERROR] /workspaces/master-thesis-pascal-joos/code_cure_agent/cca_workspace/nfe/src/main/java/com/fincatto/documentofiscal/nfe310/webservices/nota/consulta/NfeConsultaStub.java:[251,44] class, interface, or enum expected
[ERROR] /workspaces/master-thesis-pascal-joos/code_cure_agent/cca_workspace/nfe/src/main/java/com/fincatto/documentofiscal/nfe310/webservices/nota/consulta/NfeConsultaStub.java:[254,29] class, interface, or enum expected
[ERROR] /workspaces/master-thesis-pascal-joos/code_cure_agent/cca_workspace/nfe/src/main/java/com/fincatto/documentofiscal/nfe310/webservices/nota/consulta/NfeConsultaStub.java:[257,25] class, interface, or enum expected
[ERROR] /workspaces/master-thesis-pascal-joos/code_cure_agent/cca_workspace/nfe/src/main/java/com/fincatto/documentofiscal/nfe310/webservices/nota/consulta/NfeConsultaStub.java:[260,21] class, interface, or enum expected
[ERROR] /workspaces/master-thesis-pascal-joos/code_cure_agent/cca_workspace/nfe/src/main/java/com/fincatto/documentofiscal/nfe310/webservices/nota/consulta/NfeConsultaStub.java:[263,17] class, interface, or enum expected
[ERROR] /workspaces/master-thesis-pascal-joos/code_cure_agent/cca_workspace/nfe/src/main/java/com/fincatto/documentofiscal/nfe310/webservices/nota/consulta/NfeConsultaStub.java:[267,20] class, interface, or enum expected
[ERROR] /workspaces/master-thesis-pascal-joos/code_cure_agent/cca_workspace/nfe/src/main/java/com/fincatto/documentofiscal/nfe310/webservices/nota/consulta/NfeConsultaStub.java:[267,39] class, interface, or enum expected
[ERROR] /workspaces/master-thesis-pascal-joos/code_cure_agent/cca_workspace/nfe/src/main/java/com/fincatto/documentofiscal/nfe310/webservices/nota/consulta/NfeConsultaStub.java:[268,23] class, interface, or enum expected
[ERROR] /workspaces/master-thesis-pascal-joos/code_cure_agent/cca_workspace/nfe/src/main/java/com/fincatto/documentofiscal/nfe310/webservices/nota/consulta/NfeConsultaStub.java:[269,17] class, interface, or enum expected
[ERROR] /workspaces/master-thesis-pascal-joos/code_cure_agent/cca_workspace/nfe/src/main/java/com/fincatto/documentofiscal/nfe310/webservices/nota/consulta/NfeConsultaStub.java:[270,13] class, interface, or enum expected
[ERROR] /workspaces/master-thesis-pascal-joos/code_cure_agent/cca_workspace/nfe/src/main/java/com/fincatto/documentofiscal/nfe310/webservices/nota/consulta/NfeConsultaStub.java:[273,20] class, interface, or enum expected
[ERROR] /workspaces/master-thesis-pascal-joos/code_cure_agent/cca_workspace/nfe/src/main/java/com/fincatto/documentofiscal/nfe310/webservices/nota/consulta/NfeConsultaStub.java:[276,17] class, interface, or enum expected
[ERROR] /workspaces/master-thesis-pascal-joos/code_cure_agent/cca_workspace/nfe/src/main/java/com/fincatto/documentofiscal/nfe310/webservices/nota/consulta/NfeConsultaStub.java:[276,32] class, interface, or enum expected
[ERROR] /workspaces/master-thesis-pascal-joos/code_cure_agent/cca_workspace/nfe/src/main/java/com/fincatto/documentofiscal/nfe310/webservices/nota/consulta/NfeConsultaStub.java:[278,17] class, interface, or enum expected
[ERROR] /workspaces/master-thesis-pascal-joos/code_cure_agent/cca_workspace/nfe/src/main/java/com/fincatto/documentofiscal/nfe310/webservices/nota/consulta/NfeConsultaStub.java:[281,9] class, interface, or enum expected
[ERROR] /workspaces/master-thesis-pascal-joos/code_cure_agent/cca_workspace/nfe/src/main/java/com/fincatto/documentofiscal/nfe310/webservices/nota/consulta/NfeConsultaStub.java:[282,9] class, interface, or enum expected
[ERROR] /workspaces/master-thesis-pascal-joos/code_cure_agent/cca_workspace/nfe/src/main/java/com/fincatto/documentofiscal/nfe310/webservices/nota/consulta/NfeConsultaStub.java:[284,13] class, interface, or enum expected
[ERROR] /workspaces/master-thesis-pascal-joos/code_cure_agent/cca_workspace/nfe/src/main/java/com/fincatto/documentofiscal/nfe310/webservices/nota/consulta/NfeConsultaStub.java:[285,9] class, interface, or enum expected
[ERROR] /workspaces/master-thesis-pascal-joos/code_cure_agent/cca_workspace/nfe/src/main/java/com/fincatto/documentofiscal/nfe310/webservices/nota/consulta/NfeConsultaStub.java:[288,5] class, interface, or enum expected
[ERROR] /workspaces/master-thesis-pascal-joos/code_cure_agent/cca_workspace/nfe/src/main/java/com/fincatto/documentofiscal/nfe310/webservices/nota/consulta/NfeConsultaStub.java:[290,43] class, interface, or enum expected
[ERROR] /workspaces/master-thesis-pascal-joos/code_cure_agent/cca_workspace/nfe/src/main/java/com/fincatto/documentofiscal/nfe310/webservices/nota/consulta/NfeConsultaStub.java:[293,9] class, interface, or enum expected
[ERROR] /workspaces/master-thesis-pascal-joos/code_cure_agent/cca_workspace/nfe/src/main/java/com/fincatto/documentofiscal/nfe310/webservices/nota/consulta/NfeConsultaStub.java:[294,20] class, interface, or enum expected
[ERROR] /workspaces/master-thesis-pascal-joos/code_cure_agent/cca_workspace/nfe/src/main/java/com/fincatto/documentofiscal/nfe310/webservices/nota/consulta/NfeConsultaStub.java:[297,13] class, interface, or enum expected
[ERROR] /workspaces/master-thesis-pascal-joos/code_cure_agent/cca_workspace/nfe/src/main/java/com/fincatto/documentofiscal/nfe310/webservices/nota/consulta/NfeConsultaStub.java:[300,5] class, interface, or enum expected
[ERROR] /workspaces/master-thesis-pascal-joos/code_cure_agent/cca_workspace/nfe/src/main/java/com/fincatto/documentofiscal/nfe310/webservices/nota/consulta/NfeConsultaStub.java:[302,54] class, interface, or enum expected
[ERROR] /workspaces/master-thesis-pascal-joos/code_cure_agent/cca_workspace/nfe/src/main/java/com/fincatto/documentofiscal/nfe310/webservices/nota/consulta/NfeConsultaStub.java:[302,157] class, interface, or enum expected
[ERROR] /workspaces/master-thesis-pascal-joos/code_cure_agent/cca_workspace/nfe/src/main/java/com/fincatto/documentofiscal/nfe310/webservices/nota/consulta/NfeConsultaStub.java:[308,5] class, interface, or enum expected
[ERROR] /workspaces/master-thesis-pascal-joos/code_cure_agent/cca_workspace/nfe/src/main/java/com/fincatto/documentofiscal/nfe310/webservices/nota/consulta/NfeConsultaStub.java:[310,54] class, interface, or enum expected
[ERROR] /workspaces/master-thesis-pascal-joos/code_cure_agent/cca_workspace/nfe/src/main/java/com/fincatto/documentofiscal/nfe310/webservices/nota/consulta/NfeConsultaStub.java:[310,165] class, interface, or enum expected
[ERROR] /workspaces/master-thesis-pascal-joos/code_cure_agent/cca_workspace/nfe/src/main/java/com/fincatto/documentofiscal/nfe310/webservices/nota/consulta/NfeConsultaStub.java:[316,5] class, interface, or enum expected
[ERROR] /workspaces/master-thesis-pascal-joos/code_cure_agent/cca_workspace/nfe/src/main/java/com/fincatto/documentofiscal/nfe310/webservices/nota/consulta/NfeConsultaStub.java:[318,54] class, interface, or enum expected
[ERROR] /workspaces/master-thesis-pascal-joos/code_cure_agent/cca_workspace/nfe/src/main/java/com/fincatto/documentofiscal/nfe310/webservices/nota/consulta/NfeConsultaStub.java:[318,158] class, interface, or enum expected
[ERROR] /workspaces/master-thesis-pascal-joos/code_cure_agent/cca_workspace/nfe/src/main/java/com/fincatto/documentofiscal/nfe310/webservices/nota/consulta/NfeConsultaStub.java:[324,5] class, interface, or enum expected
[ERROR] /workspaces/master-thesis-pascal-joos/code_cure_agent/cca_workspace/nfe/src/main/java/com/fincatto/documentofiscal/nfe310/webservices/nota/consulta/NfeConsultaStub.java:[326,65] class, interface, or enum expected
[ERROR] /workspaces/master-thesis-pascal-joos/code_cure_agent/cca_workspace/nfe/src/main/java/com/fincatto/documentofiscal/nfe310/webservices/nota/consulta/NfeConsultaStub.java:[326,114] class, interface, or enum expected
[ERROR] /workspaces/master-thesis-pascal-joos/code_cure_agent/cca_workspace/nfe/src/main/java/com/fincatto/documentofiscal/nfe310/webservices/nota/consulta/NfeConsultaStub.java:[326,217] class, interface, or enum expected
[ERROR] /workspaces/master-thesis-pascal-joos/code_cure_agent/cca_workspace/nfe/src/main/java/com/fincatto/documentofiscal/nfe310/webservices/nota/consulta/NfeConsultaStub.java:[326,248] class, interface, or enum expected
[ERROR] /workspaces/master-thesis-pascal-joos/code_cure_agent/cca_workspace/nfe/src/main/java/com/fincatto/documentofiscal/nfe310/webservices/nota/consulta/NfeConsultaStub.java:[328,15] class, interface, or enum expected
[ERROR] /workspaces/master-thesis-pascal-joos/code_cure_agent/cca_workspace/nfe/src/main/java/com/fincatto/documentofiscal/nfe310/webservices/nota/consulta/NfeConsultaStub.java:[329,9] class, interface, or enum expected
[ERROR] /workspaces/master-thesis-pascal-joos/code_cure_agent/cca_workspace/nfe/src/main/java/com/fincatto/documentofiscal/nfe310/webservices/nota/consulta/NfeConsultaStub.java:[330,9] class, interface, or enum expected
[ERROR] /workspaces/master-thesis-pascal-joos/code_cure_agent/cca_workspace/nfe/src/main/java/com/fincatto/documentofiscal/nfe310/webservices/nota/consulta/NfeConsultaStub.java:[334,5] class, interface, or enum expected
[ERROR] /workspaces/master-thesis-pascal-joos/code_cure_agent/cca_workspace/nfe/src/main/java/com/fincatto/documentofiscal/nfe310/webservices/nota/consulta/NfeConsultaStub.java:[341,65] class, interface, or enum expected
[ERROR] /workspaces/master-thesis-pascal-joos/code_cure_agent/cca_workspace/nfe/src/main/java/com/fincatto/documentofiscal/nfe310/webservices/nota/consulta/NfeConsultaStub.java:[343,5] class, interface, or enum expected
[ERROR] /workspaces/master-thesis-pascal-joos/code_cure_agent/cca_workspace/nfe/src/main/java/com/fincatto/documentofiscal/nfe310/webservices/nota/consulta/NfeConsultaStub.java:[345,43] class, interface, or enum expected
[ERROR] /workspaces/master-thesis-pascal-joos/code_cure_agent/cca_workspace/nfe/src/main/java/com/fincatto/documentofiscal/nfe310/webservices/nota/consulta/NfeConsultaStub.java:[345,86] class, interface, or enum expected
[ERROR] /workspaces/master-thesis-pascal-joos/code_cure_agent/cca_workspace/nfe/src/main/java/com/fincatto/documentofiscal/nfe310/webservices/nota/consulta/NfeConsultaStub.java:[347,113] <identifier> expected
[ERROR] /workspaces/master-thesis-pascal-joos/code_cure_agent/cca_workspace/nfe/src/main/java/com/fincatto/documentofiscal/nfe310/webservices/nota/consulta/NfeConsultaStub.java:[348,17] illegal start of type
[ERROR] /workspaces/master-thesis-pascal-joos/code_cure_agent/cca_workspace/nfe/src/main/java/com/fincatto/documentofiscal/nfe310/webservices/nota/consulta/NfeConsultaStub.java:[348,128] <identifier> expected
[ERROR] /workspaces/master-thesis-pascal-joos/code_cure_agent/cca_workspace/nfe/src/main/java/com/fincatto/documentofiscal/nfe310/webservices/nota/consulta/NfeConsultaStub.java:[348,167] <identifier> expected
[ERROR] /workspaces/master-thesis-pascal-joos/code_cure_agent/cca_workspace/nfe/src/main/java/com/fincatto/documentofiscal/nfe310/webservices/nota/consulta/NfeConsultaStub.java:[350,13] class, interface, or enum expected
[ERROR] /workspaces/master-thesis-pascal-joos/code_cure_agent/cca_workspace/nfe/src/main/java/com/fincatto/documentofiscal/nfe310/webservices/nota/consulta/NfeConsultaStub.java:[350,120] <identifier> expected
[ERROR] /workspaces/master-thesis-pascal-joos/code_cure_agent/cca_workspace/nfe/src/main/java/com/fincatto/documentofiscal/nfe310/webservices/nota/consulta/NfeConsultaStub.java:[351,17] illegal start of type
[ERROR] /workspaces/master-thesis-pascal-joos/code_cure_agent/cca_workspace/nfe/src/main/java/com/fincatto/documentofiscal/nfe310/webservices/nota/consulta/NfeConsultaStub.java:[351,135] <identifier> expected
[ERROR] /workspaces/master-thesis-pascal-joos/code_cure_agent/cca_workspace/nfe/src/main/java/com/fincatto/documentofiscal/nfe310/webservices/nota/consulta/NfeConsultaStub.java:[351,174] <identifier> expected
[ERROR] /workspaces/master-thesis-pascal-joos/code_cure_agent/cca_workspace/nfe/src/main/java/com/fincatto/documentofiscal/nfe310/webservices/nota/consulta/NfeConsultaStub.java:[353,13] class, interface, or enum expected
[ERROR] /workspaces/master-thesis-pascal-joos/code_cure_agent/cca_workspace/nfe/src/main/java/com/fincatto/documentofiscal/nfe310/webservices/nota/consulta/NfeConsultaStub.java:[353,112] <identifier> expected
[ERROR] /workspaces/master-thesis-pascal-joos/code_cure_agent/cca_workspace/nfe/src/main/java/com/fincatto/documentofiscal/nfe310/webservices/nota/consulta/NfeConsultaStub.java:[354,17] illegal start of type
[ERROR] /workspaces/master-thesis-pascal-joos/code_cure_agent/cca_workspace/nfe/src/main/java/com/fincatto/documentofiscal/nfe310/webservices/nota/consulta/NfeConsultaStub.java:[354,127] <identifier> expected
[ERROR] /workspaces/master-thesis-pascal-joos/code_cure_agent/cca_workspace/nfe/src/main/java/com/fincatto/documentofiscal/nfe310/webservices/nota/consulta/NfeConsultaStub.java:[354,166] <identifier> expected
[ERROR] /workspaces/master-thesis-pascal-joos/code_cure_agent/cca_workspace/nfe/src/main/java/com/fincatto/documentofiscal/nfe310/webservices/nota/consulta/NfeConsultaStub.java:[356,9] class, interface, or enum expected
[ERROR] /workspaces/master-thesis-pascal-joos/code_cure_agent/cca_workspace/nfe/src/main/java/com/fincatto/documentofiscal/nfe310/webservices/nota/consulta/NfeConsultaStub.java:[356,24] class, interface, or enum expected
[ERROR] /workspaces/master-thesis-pascal-joos/code_cure_agent/cca_workspace/nfe/src/main/java/com/fincatto/documentofiscal/nfe310/webservices/nota/consulta/NfeConsultaStub.java:[358,9] class, interface, or enum expected
[ERROR] /workspaces/master-thesis-pascal-joos/code_cure_agent/cca_workspace/nfe/src/main/java/com/fincatto/documentofiscal/nfe310/webservices/nota/consulta/NfeConsultaStub.java:[360,5] class, interface, or enum expected
[ERROR] /workspaces/master-thesis-pascal-joos/code_cure_agent/cca_workspace/nfe/src/main/java/com/fincatto/documentofiscal/nfe310/webservices/nota/consulta/NfeConsultaStub.java:[1676,1] class, interface, or enum expected
[INFO] 70 errors 
[INFO] -------------------------------------------------------------
[INFO] ------------------------------------------------------------------------
[INFO] BUILD FAILURE
[INFO] ------------------------------------------------------------------------
[INFO] Total time:  2.223 s
[INFO] Finished at: 2025-08-29T23:59:01Z
[INFO] ------------------------------------------------------------------------
[ERROR] Failed to execute goal org.apache.maven.plugins:maven-compiler-plugin:3.8.1:compile (default-compile) on project nfe: Compilation failure: Compilation failure: 
[ERROR] /workspaces/master-thesis-pascal-joos/code_cure_agent/cca_workspace/nfe/src/main/java/com/fincatto/documentofiscal/nfe310/webservices/nota/consulta/NfeConsultaStub.java:[249,41] <identifier> expected
[ERROR] /workspaces/master-thesis-pascal-joos/code_cure_agent/cca_workspace/nfe/src/main/java/com/fincatto/documentofiscal/nfe310/webservices/nota/consulta/NfeConsultaStub.java:[249,44] <identifier> expected
[ERROR] /workspaces/master-thesis-pascal-joos/code_cure_agent/cca_workspace/nfe/src/main/java/com/fincatto/documentofiscal/nfe310/webservices/nota/consulta/NfeConsultaStub.java:[249,59] <identifier> expected
[ERROR] /workspaces/master-thesis-pascal-joos/code_cure_agent/cca_workspace/nfe/src/main/java/com/fincatto/documentofiscal/nfe310/webservices/nota/consulta/NfeConsultaStub.java:[250,67] <identifier> expected
[ERROR] /workspaces/master-thesis-pascal-joos/code_cure_agent/cca_workspace/nfe/src/main/java/com/fincatto/documentofiscal/nfe310/webservices/nota/consulta/NfeConsultaStub.java:[250,68] illegal start of type
[ERROR] /workspaces/master-thesis-pascal-joos/code_cure_agent/cca_workspace/nfe/src/main/java/com/fincatto/documentofiscal/nfe310/webservices/nota/consulta/NfeConsultaStub.java:[251,31] class, interface, or enum expected
[ERROR] /workspaces/master-thesis-pascal-joos/code_cure_agent/cca_workspace/nfe/src/main/java/com/fincatto/documentofiscal/nfe310/webservices/nota/consulta/NfeConsultaStub.java:[251,44] class, interface, or enum expected
[ERROR] /workspaces/master-thesis-pascal-joos/code_cure_agent/cca_workspace/nfe/src/main/java/com/fincatto/documentofiscal/nfe310/webservices/nota/consulta/NfeConsultaStub.java:[254,29] class, interface, or enum expected
[ERROR] /workspaces/master-thesis-pascal-joos/code_cure_agent/cca_workspace/nfe/src/main/java/com/fincatto/documentofiscal/nfe310/webservices/nota/consulta/NfeConsultaStub.java:[257,25] class, interface, or enum expected
[ERROR] /workspaces/master-thesis-pascal-joos/code_cure_agent/cca_workspace/nfe/src/main/java/com/fincatto/documentofiscal/nfe310/webservices/nota/consulta/NfeConsultaStub.java:[260,21] class, interface, or enum expected
[ERROR] /workspaces/master-thesis-pascal-joos/code_cure_agent/cca_workspace/nfe/src/main/java/com/fincatto/documentofiscal/nfe310/webservices/nota/consulta/NfeConsultaStub.java:[263,17] class, interface, or enum expected
[ERROR] /workspaces/master-thesis-pascal-joos/code_cure_agent/cca_workspace/nfe/src/main/java/com/fincatto/documentofiscal/nfe310/webservices/nota/consulta/NfeConsultaStub.java:[267,20] class, interface, or enum expected
[ERROR] /workspaces/master-thesis-pascal-joos/code_cure_agent/cca_workspace/nfe/src/main/java/com/fincatto/documentofiscal/nfe310/webservices/nota/consulta/NfeConsultaStub.java:[267,39] class, interface, or enum expected
[ERROR] /workspaces/master-thesis-pascal-joos/code_cure_agent/cca_workspace/nfe/src/main/java/com/fincatto/documentofiscal/nfe310/webservices/nota/consulta/NfeConsultaStub.java:[268,23] class, interface, or enum expected
[ERROR] /workspaces/master-thesis-pascal-joos/code_cure_agent/cca_workspace/nfe/src/main/java/com/fincatto/documentofiscal/nfe310/webservices/nota/consulta/NfeConsultaStub.java:[269,17] class, interface, or enum expected
[ERROR] /workspaces/master-thesis-pascal-joos/code_cure_agent/cca_workspace/nfe/src/main/java/com/fincatto/documentofiscal/nfe310/webservices/nota/consulta/NfeConsultaStub.java:[270,13] class, interface, or enum expected
[ERROR] /workspaces/master-thesis-pascal-joos/code_cure_agent/cca_workspace/nfe/src/main/java/com/fincatto/documentofiscal/nfe310/webservices/nota/consulta/NfeConsultaStub.java:[273,20] class, interface, or enum expected
[ERROR] /workspaces/master-thesis-pascal-joos/code_cure_agent/cca_workspace/nfe/src/main/java/com/fincatto/documentofiscal/nfe310/webservices/nota/consulta/NfeConsultaStub.java:[276,17] class, interface, or enum expected
[ERROR] /workspaces/master-thesis-pascal-joos/code_cure_agent/cca_workspace/nfe/src/main/java/com/fincatto/documentofiscal/nfe310/webservices/nota/consulta/NfeConsultaStub.java:[276,32] class, interface, or enum expected
[ERROR] /workspaces/master-thesis-pascal-joos/code_cure_agent/cca_workspace/nfe/src/main/java/com/fincatto/documentofiscal/nfe310/webservices/nota/consulta/NfeConsultaStub.java:[278,17] class, interface, or enum expected
[ERROR] /workspaces/master-thesis-pascal-joos/code_cure_agent/cca_workspace/nfe/src/main/java/com/fincatto/documentofiscal/nfe310/webservices/nota/consulta/NfeConsultaStub.java:[281,9] class, interface, or enum expected
[ERROR] /workspaces/master-thesis-pascal-joos/code_cure_agent/cca_workspace/nfe/src/main/java/com/fincatto/documentofiscal/nfe310/webservices/nota/consulta/NfeConsultaStub.java:[282,9] class, interface, or enum expected
[ERROR] /workspaces/master-thesis-pascal-joos/code_cure_agent/cca_workspace/nfe/src/main/java/com/fincatto/documentofiscal/nfe310/webservices/nota/consulta/NfeConsultaStub.java:[284,13] class, interface, or enum expected
[ERROR] /workspaces/master-thesis-pascal-joos/code_cure_agent/cca_workspace/nfe/src/main/java/com/fincatto/documentofiscal/nfe310/webservices/nota/consulta/NfeConsultaStub.java:[285,9] class, interface, or enum expected
[ERROR] /workspaces/master-thesis-pascal-joos/code_cure_agent/cca_workspace/nfe/src/main/java/com/fincatto/documentofiscal/nfe310/webservices/nota/consulta/NfeConsultaStub.java:[288,5] class, interface, or enum expected
[ERROR] /workspaces/master-thesis-pascal-joos/code_cure_agent/cca_workspace/nfe/src/main/java/com/fincatto/documentofiscal/nfe310/webservices/nota/consulta/NfeConsultaStub.java:[290,43] class, interface, or enum expected
[ERROR] /workspaces/master-thesis-pascal-joos/code_cure_agent/cca_workspace/nfe/src/main/java/com/fincatto/documentofiscal/nfe310/webservices/nota/consulta/NfeConsultaStub.java:[293,9] class, interface, or enum expected
[ERROR] /workspaces/master-thesis-pascal-joos/code_cure_agent/cca_workspace/nfe/src/main/java/com/fincatto/documentofiscal/nfe310/webservices/nota/consulta/NfeConsultaStub.java:[294,20] class, interface, or enum expected
[ERROR] /workspaces/master-thesis-pascal-joos/code_cure_agent/cca_workspace/nfe/src/main/java/com/fincatto/documentofiscal/nfe310/webservices/nota/consulta/NfeConsultaStub.java:[297,13] class, interface, or enum expected
[ERROR] /workspaces/master-thesis-pascal-joos/code_cure_agent/cca_workspace/nfe/src/main/java/com/fincatto/documentofiscal/nfe310/webservices/nota/consulta/NfeConsultaStub.java:[300,5] class, interface, or enum expected
[ERROR] /workspaces/master-thesis-pascal-joos/code_cure_agent/cca_workspace/nfe/src/main/java/com/fincatto/documentofiscal/nfe310/webservices/nota/consulta/NfeConsultaStub.java:[302,54] class, interface, or enum expected
[ERROR] /workspaces/master-thesis-pascal-joos/code_cure_agent/cca_workspace/nfe/src/main/java/com/fincatto/documentofiscal/nfe310/webservices/nota/consulta/NfeConsultaStub.java:[302,157] class, interface, or enum expected
[ERROR] /workspaces/master-thesis-pascal-joos/code_cure_agent/cca_workspace/nfe/src/main/java/com/fincatto/documentofiscal/nfe310/webservices/nota/consulta/NfeConsultaStub.java:[308,5] class, interface, or enum expected
[ERROR] /workspaces/master-thesis-pascal-joos/code_cure_agent/cca_workspace/nfe/src/main/java/com/fincatto/documentofiscal/nfe310/webservices/nota/consulta/NfeConsultaStub.java:[310,54] class, interface, or enum expected
[ERROR] /workspaces/master-thesis-pascal-joos/code_cure_agent/cca_workspace/nfe/src/main/java/com/fincatto/documentofiscal/nfe310/webservices/nota/consulta/NfeConsultaStub.java:[310,165] class, interface, or enum expected
[ERROR] /workspaces/master-thesis-pascal-joos/code_cure_agent/cca_workspace/nfe/src/main/java/com/fincatto/documentofiscal/nfe310/webservices/nota/consulta/NfeConsultaStub.java:[316,5] class, interface, or enum expected
[ERROR] /workspaces/master-thesis-pascal-joos/code_cure_agent/cca_workspace/nfe/src/main/java/com/fincatto/documentofiscal/nfe310/webservices/nota/consulta/NfeConsultaStub.java:[318,54] class, interface, or enum expected
[ERROR] /workspaces/master-thesis-pascal-joos/code_cure_agent/cca_workspace/nfe/src/main/java/com/fincatto/documentofiscal/nfe310/webservices/nota/consulta/NfeConsultaStub.java:[318,158] class, interface, or enum expected
[ERROR] /workspaces/master-thesis-pascal-joos/code_cure_agent/cca_workspace/nfe/src/main/java/com/fincatto/documentofiscal/nfe310/webservices/nota/consulta/NfeConsultaStub.java:[324,5] class, interface, or enum expected
[ERROR] /workspaces/master-thesis-pascal-joos/code_cure_agent/cca_workspace/nfe/src/main/java/com/fincatto/documentofiscal/nfe310/webservices/nota/consulta/NfeConsultaStub.java:[326,65] class, interface, or enum expected
[ERROR] /workspaces/master-thesis-pascal-joos/code_cure_agent/cca_workspace/nfe/src/main/java/com/fincatto/documentofiscal/nfe310/webservices/nota/consulta/NfeConsultaStub.java:[326,114] class, interface, or enum expected
[ERROR] /workspaces/master-thesis-pascal-joos/code_cure_agent/cca_workspace/nfe/src/main/java/com/fincatto/documentofiscal/nfe310/webservices/nota/consulta/NfeConsultaStub.java:[326,217] class, interface, or enum expected
[ERROR] /workspaces/master-thesis-pascal-joos/code_cure_agent/cca_workspace/nfe/src/main/java/com/fincatto/documentofiscal/nfe310/webservices/nota/consulta/NfeConsultaStub.java:[326,248] class, interface, or enum expected
[ERROR] /workspaces/master-thesis-pascal-joos/code_cure_agent/cca_workspace/nfe/src/main/java/com/fincatto/documentofiscal/nfe310/webservices/nota/consulta/NfeConsultaStub.java:[328,15] class, interface, or enum expected
[ERROR] /workspaces/master-thesis-pascal-joos/code_cure_agent/cca_workspace/nfe/src/main/java/com/fincatto/documentofiscal/nfe310/webservices/nota/consulta/NfeConsultaStub.java:[329,9] class, interface, or enum expected
[ERROR] /workspaces/master-thesis-pascal-joos/code_cure_agent/cca_workspace/nfe/src/main/java/com/fincatto/documentofiscal/nfe310/webservices/nota/consulta/NfeConsultaStub.java:[330,9] class, interface, or enum expected
[ERROR] /workspaces/master-thesis-pascal-joos/code_cure_agent/cca_workspace/nfe/src/main/java/com/fincatto/documentofiscal/nfe310/webservices/nota/consulta/NfeConsultaStub.java:[334,5] class, interface, or enum expected
[ERROR] /workspaces/master-thesis-pascal-joos/code_cure_agent/cca_workspace/nfe/src/main/java/com/fincatto/documentofiscal/nfe310/webservices/nota/consulta/NfeConsultaStub.java:[341,65] class, interface, or enum expected
[ERROR] /workspaces/master-thesis-pascal-joos/code_cure_agent/cca_workspace/nfe/src/main/java/com/fincatto/documentofiscal/nfe310/webservices/nota/consulta/NfeConsultaStub.java:[343,5] class, interface, or enum expected
[ERROR] /workspaces/master-thesis-pascal-joos/code_cure_agent/cca_workspace/nfe/src/main/java/com/fincatto/documentofiscal/nfe310/webservices/nota/consulta/NfeConsultaStub.java:[345,43] class, interface, or enum expected
[ERROR] /workspaces/master-thesis-pascal-joos/code_cure_agent/cca_workspace/nfe/src/main/java/com/fincatto/documentofiscal/nfe310/webservices/nota/consulta/NfeConsultaStub.java:[345,86] class, interface, or enum expected
[ERROR] /workspaces/master-thesis-pascal-joos/code_cure_agent/cca_workspace/nfe/src/main/java/com/fincatto/documentofiscal/nfe310/webservices/nota/consulta/NfeConsultaStub.java:[347,113] <identifier> expected
[ERROR] /workspaces/master-thesis-pascal-joos/code_cure_agent/cca_workspace/nfe/src/main/java/com/fincatto/documentofiscal/nfe310/webservices/nota/consulta/NfeConsultaStub.java:[348,17] illegal start of type
[ERROR] /workspaces/master-thesis-pascal-joos/code_cure_agent/cca_workspace/nfe/src/main/java/com/fincatto/documentofiscal/nfe310/webservices/nota/consulta/NfeConsultaStub.java:[348,128] <identifier> expected
[ERROR] /workspaces/master-thesis-pascal-joos/code_cure_agent/cca_workspace/nfe/src/main/java/com/fincatto/documentofiscal/nfe310/webservices/nota/consulta/NfeConsultaStub.java:[348,167] <identifier> expected
[ERROR] /workspaces/master-thesis-pascal-joos/code_cure_agent/cca_workspace/nfe/src/main/java/com/fincatto/documentofiscal/nfe310/webservices/nota/consulta/NfeConsultaStub.java:[350,13] class, interface, or enum expected
[ERROR] /workspaces/master-thesis-pascal-joos/code_cure_agent/cca_workspace/nfe/src/main/java/com/fincatto/documentofiscal/nfe310/webservices/nota/consulta/NfeConsultaStub.java:[350,120] <identifier> expected
[ERROR] /workspaces/master-thesis-pascal-joos/code_cure_agent/cca_workspace/nfe/src/main/java/com/fincatto/documentofiscal/nfe310/webservices/nota/consulta/NfeConsultaStub.java:[351,17] illegal start of type
[ERROR] /workspaces/master-thesis-pascal-joos/code_cure_agent/cca_workspace/nfe/src/main/java/com/fincatto/documentofiscal/nfe310/webservices/nota/consulta/NfeConsultaStub.java:[351,135] <identifier> expected
[ERROR] /workspaces/master-thesis-pascal-joos/code_cure_agent/cca_workspace/nfe/src/main/java/com/fincatto/documentofiscal/nfe310/webservices/nota/consulta/NfeConsultaStub.java:[351,174] <identifier> expected
[ERROR] /workspaces/master-thesis-pascal-joos/code_cure_agent/cca_workspace/nfe/src/main/java/com/fincatto/documentofiscal/nfe310/webservices/nota/consulta/NfeConsultaStub.java:[353,13] class, interface, or enum expected
[ERROR] /workspaces/master-thesis-pascal-joos/code_cure_agent/cca_workspace/nfe/src/main/java/com/fincatto/documentofiscal/nfe310/webservices/nota/consulta/NfeConsultaStub.java:[353,112] <identifier> expected
[ERROR] /workspaces/master-thesis-pascal-joos/code_cure_agent/cca_workspace/nfe/src/main/java/com/fincatto/documentofiscal/nfe310/webservices/nota/consulta/NfeConsultaStub.java:[354,17] illegal start of type
[ERROR] /workspaces/master-thesis-pascal-joos/code_cure_agent/cca_workspace/nfe/src/main/java/com/fincatto/documentofiscal/nfe310/webservices/nota/consulta/NfeConsultaStub.java:[354,127] <identifier> expected
[ERROR] /workspaces/master-thesis-pascal-joos/code_cure_agent/cca_workspace/nfe/src/main/java/com/fincatto/documentofiscal/nfe310/webservices/nota/consulta/NfeConsultaStub.java:[354,166] <identifier> expected
[ERROR] /workspaces/master-thesis-pascal-joos/code_cure_agent/cca_workspace/nfe/src/main/java/com/fincatto/documentofiscal/nfe310/webservices/nota/consulta/NfeConsultaStub.java:[356,9] class, interface, or enum expected
[ERROR] /workspaces/master-thesis-pascal-joos/code_cure_agent/cca_workspace/nfe/src/main/java/com/fincatto/documentofiscal/nfe310/webservices/nota/consulta/NfeConsultaStub.java:[356,24] class, interface, or enum expected
[ERROR] /workspaces/master-thesis-pascal-joos/code_cure_agent/cca_workspace/nfe/src/main/java/com/fincatto/documentofiscal/nfe310/webservices/nota/consulta/NfeConsultaStub.java:[358,9] class, interface, or enum expected
[ERROR] /workspaces/master-thesis-pascal-joos/code_cure_agent/cca_workspace/nfe/src/main/java/com/fincatto/documentofiscal/nfe310/webservices/nota/consulta/NfeConsultaStub.java:[360,5] class, interface, or enum expected
[ERROR] /workspaces/master-thesis-pascal-joos/code_cure_agent/cca_workspace/nfe/src/main/java/com/fincatto/documentofiscal/nfe310/webservices/nota/consulta/NfeConsultaStub.java:[1676,1] class, interface, or enum expected
[ERROR] -> [Help 1]
[ERROR] 
[ERROR] To see the full stack trace of the errors, re-run Maven with the -e switch.
[ERROR] Re-run Maven using the -X switch to enable full debug logging.
[ERROR] 
[ERROR] For more information about the errors and possible solutions, please read the following articles:
[ERROR] [Help 1] http://cwiki.apache.org/confluence/display/MAVEN/MojoFailureException
