[INFO] Scanning for projects...
[INFO] 
[INFO] ----------------------< com.github.wmixvideo:nfe >----------------------
[INFO] Building nfe 3.0.27-SNAPSHOT
[INFO] --------------------------------[ jar ]---------------------------------
[INFO] 
[INFO] --- maven-clean-plugin:2.5:clean (default-clean) @ nfe ---
[INFO] Deleting /workspaces/xxxx/code_cure_agent/cca_workspace/nfe/target
[INFO] 
[INFO] --- jacoco-maven-plugin:0.8.6:prepare-agent (prepare-agent) @ nfe ---
[INFO] argLine set to -javaagent:/home/vscode/.m2/repository/org/jacoco/org.jacoco.agent/0.8.6/org.jacoco.agent-0.8.6-runtime.jar=destfile=/workspaces/xxxx/code_cure_agent/cca_workspace/nfe/target/jacoco.exec,excludes=**/webservices/**/*
[INFO] 
[INFO] --- maven-resources-plugin:2.6:resources (default-resources) @ nfe ---
[INFO] Using 'UTF-8' encoding to copy filtered resources.
[INFO] Copying 444 resources
[INFO] Copying 0 resource
[INFO] 
[INFO] --- maven-compiler-plugin:3.8.1:compile (default-compile) @ nfe ---
[INFO] Changes detected - recompiling the module!
[INFO] Compiling 1032 source files to /workspaces/xxxx/code_cure_agent/cca_workspace/nfe/target/classes
[INFO] -------------------------------------------------------------
[ERROR] COMPILATION ERROR : 
[INFO] -------------------------------------------------------------
[ERROR] /workspaces/xxxx/code_cure_agent/cca_workspace/nfe/src/main/java/com/fincatto/documentofiscal/nfe310/webservices/nota/consulta/NfeConsultaStub.java:[250,41] <identifier> expected
[ERROR] /workspaces/xxxx/code_cure_agent/cca_workspace/nfe/src/main/java/com/fincatto/documentofiscal/nfe310/webservices/nota/consulta/NfeConsultaStub.java:[250,44] <identifier> expected
[ERROR] /workspaces/xxxx/code_cure_agent/cca_workspace/nfe/src/main/java/com/fincatto/documentofiscal/nfe310/webservices/nota/consulta/NfeConsultaStub.java:[250,59] <identifier> expected
[ERROR] /workspaces/xxxx/code_cure_agent/cca_workspace/nfe/src/main/java/com/fincatto/documentofiscal/nfe310/webservices/nota/consulta/NfeConsultaStub.java:[251,67] <identifier> expected
[ERROR] /workspaces/xxxx/code_cure_agent/cca_workspace/nfe/src/main/java/com/fincatto/documentofiscal/nfe310/webservices/nota/consulta/NfeConsultaStub.java:[251,68] illegal start of type
[ERROR] /workspaces/xxxx/code_cure_agent/cca_workspace/nfe/src/main/java/com/fincatto/documentofiscal/nfe310/webservices/nota/consulta/NfeConsultaStub.java:[252,31] class, interface, or enum expected
[ERROR] /workspaces/xxxx/code_cure_agent/cca_workspace/nfe/src/main/java/com/fincatto/documentofiscal/nfe310/webservices/nota/consulta/NfeConsultaStub.java:[252,44] class, interface, or enum expected
[ERROR] /workspaces/xxxx/code_cure_agent/cca_workspace/nfe/src/main/java/com/fincatto/documentofiscal/nfe310/webservices/nota/consulta/NfeConsultaStub.java:[255,29] class, interface, or enum expected
[ERROR] /workspaces/xxxx/code_cure_agent/cca_workspace/nfe/src/main/java/com/fincatto/documentofiscal/nfe310/webservices/nota/consulta/NfeConsultaStub.java:[258,25] class, interface, or enum expected
[ERROR] /workspaces/xxxx/code_cure_agent/cca_workspace/nfe/src/main/java/com/fincatto/documentofiscal/nfe310/webservices/nota/consulta/NfeConsultaStub.java:[261,21] class, interface, or enum expected
[ERROR] /workspaces/xxxx/code_cure_agent/cca_workspace/nfe/src/main/java/com/fincatto/documentofiscal/nfe310/webservices/nota/consulta/NfeConsultaStub.java:[264,17] class, interface, or enum expected
[ERROR] /workspaces/xxxx/code_cure_agent/cca_workspace/nfe/src/main/java/com/fincatto/documentofiscal/nfe310/webservices/nota/consulta/NfeConsultaStub.java:[268,20] class, interface, or enum expected
[ERROR] /workspaces/xxxx/code_cure_agent/cca_workspace/nfe/src/main/java/com/fincatto/documentofiscal/nfe310/webservices/nota/consulta/NfeConsultaStub.java:[268,39] class, interface, or enum expected
[ERROR] /workspaces/xxxx/code_cure_agent/cca_workspace/nfe/src/main/java/com/fincatto/documentofiscal/nfe310/webservices/nota/consulta/NfeConsultaStub.java:[269,23] class, interface, or enum expected
[ERROR] /workspaces/xxxx/code_cure_agent/cca_workspace/nfe/src/main/java/com/fincatto/documentofiscal/nfe310/webservices/nota/consulta/NfeConsultaStub.java:[270,17] class, interface, or enum expected
[ERROR] /workspaces/xxxx/code_cure_agent/cca_workspace/nfe/src/main/java/com/fincatto/documentofiscal/nfe310/webservices/nota/consulta/NfeConsultaStub.java:[271,13] class, interface, or enum expected
[ERROR] /workspaces/xxxx/code_cure_agent/cca_workspace/nfe/src/main/java/com/fincatto/documentofiscal/nfe310/webservices/nota/consulta/NfeConsultaStub.java:[274,20] class, interface, or enum expected
[ERROR] /workspaces/xxxx/code_cure_agent/cca_workspace/nfe/src/main/java/com/fincatto/documentofiscal/nfe310/webservices/nota/consulta/NfeConsultaStub.java:[277,17] class, interface, or enum expected
[ERROR] /workspaces/xxxx/code_cure_agent/cca_workspace/nfe/src/main/java/com/fincatto/documentofiscal/nfe310/webservices/nota/consulta/NfeConsultaStub.java:[277,32] class, interface, or enum expected
[ERROR] /workspaces/xxxx/code_cure_agent/cca_workspace/nfe/src/main/java/com/fincatto/documentofiscal/nfe310/webservices/nota/consulta/NfeConsultaStub.java:[279,17] class, interface, or enum expected
[ERROR] /workspaces/xxxx/code_cure_agent/cca_workspace/nfe/src/main/java/com/fincatto/documentofiscal/nfe310/webservices/nota/consulta/NfeConsultaStub.java:[282,9] class, interface, or enum expected
[ERROR] /workspaces/xxxx/code_cure_agent/cca_workspace/nfe/src/main/java/com/fincatto/documentofiscal/nfe310/webservices/nota/consulta/NfeConsultaStub.java:[283,9] class, interface, or enum expected
[ERROR] /workspaces/xxxx/code_cure_agent/cca_workspace/nfe/src/main/java/com/fincatto/documentofiscal/nfe310/webservices/nota/consulta/NfeConsultaStub.java:[285,13] class, interface, or enum expected
[ERROR] /workspaces/xxxx/code_cure_agent/cca_workspace/nfe/src/main/java/com/fincatto/documentofiscal/nfe310/webservices/nota/consulta/NfeConsultaStub.java:[286,9] class, interface, or enum expected
[ERROR] /workspaces/xxxx/code_cure_agent/cca_workspace/nfe/src/main/java/com/fincatto/documentofiscal/nfe310/webservices/nota/consulta/NfeConsultaStub.java:[289,5] class, interface, or enum expected
[ERROR] /workspaces/xxxx/code_cure_agent/cca_workspace/nfe/src/main/java/com/fincatto/documentofiscal/nfe310/webservices/nota/consulta/NfeConsultaStub.java:[291,43] class, interface, or enum expected
[ERROR] /workspaces/xxxx/code_cure_agent/cca_workspace/nfe/src/main/java/com/fincatto/documentofiscal/nfe310/webservices/nota/consulta/NfeConsultaStub.java:[294,9] class, interface, or enum expected
[ERROR] /workspaces/xxxx/code_cure_agent/cca_workspace/nfe/src/main/java/com/fincatto/documentofiscal/nfe310/webservices/nota/consulta/NfeConsultaStub.java:[295,20] class, interface, or enum expected
[ERROR] /workspaces/xxxx/code_cure_agent/cca_workspace/nfe/src/main/java/com/fincatto/documentofiscal/nfe310/webservices/nota/consulta/NfeConsultaStub.java:[298,13] class, interface, or enum expected
[ERROR] /workspaces/xxxx/code_cure_agent/cca_workspace/nfe/src/main/java/com/fincatto/documentofiscal/nfe310/webservices/nota/consulta/NfeConsultaStub.java:[301,5] class, interface, or enum expected
[ERROR] /workspaces/xxxx/code_cure_agent/cca_workspace/nfe/src/main/java/com/fincatto/documentofiscal/nfe310/webservices/nota/consulta/NfeConsultaStub.java:[303,54] class, interface, or enum expected
[ERROR] /workspaces/xxxx/code_cure_agent/cca_workspace/nfe/src/main/java/com/fincatto/documentofiscal/nfe310/webservices/nota/consulta/NfeConsultaStub.java:[303,157] class, interface, or enum expected
[ERROR] /workspaces/xxxx/code_cure_agent/cca_workspace/nfe/src/main/java/com/fincatto/documentofiscal/nfe310/webservices/nota/consulta/NfeConsultaStub.java:[309,5] class, interface, or enum expected
[ERROR] /workspaces/xxxx/code_cure_agent/cca_workspace/nfe/src/main/java/com/fincatto/documentofiscal/nfe310/webservices/nota/consulta/NfeConsultaStub.java:[311,54] class, interface, or enum expected
[ERROR] /workspaces/xxxx/code_cure_agent/cca_workspace/nfe/src/main/java/com/fincatto/documentofiscal/nfe310/webservices/nota/consulta/NfeConsultaStub.java:[311,165] class, interface, or enum expected
[ERROR] /workspaces/xxxx/code_cure_agent/cca_workspace/nfe/src/main/java/com/fincatto/documentofiscal/nfe310/webservices/nota/consulta/NfeConsultaStub.java:[317,5] class, interface, or enum expected
[ERROR] /workspaces/xxxx/code_cure_agent/cca_workspace/nfe/src/main/java/com/fincatto/documentofiscal/nfe310/webservices/nota/consulta/NfeConsultaStub.java:[319,54] class, interface, or enum expected
[ERROR] /workspaces/xxxx/code_cure_agent/cca_workspace/nfe/src/main/java/com/fincatto/documentofiscal/nfe310/webservices/nota/consulta/NfeConsultaStub.java:[319,158] class, interface, or enum expected
[ERROR] /workspaces/xxxx/code_cure_agent/cca_workspace/nfe/src/main/java/com/fincatto/documentofiscal/nfe310/webservices/nota/consulta/NfeConsultaStub.java:[325,5] class, interface, or enum expected
[ERROR] /workspaces/xxxx/code_cure_agent/cca_workspace/nfe/src/main/java/com/fincatto/documentofiscal/nfe310/webservices/nota/consulta/NfeConsultaStub.java:[327,65] class, interface, or enum expected
[ERROR] /workspaces/xxxx/code_cure_agent/cca_workspace/nfe/src/main/java/com/fincatto/documentofiscal/nfe310/webservices/nota/consulta/NfeConsultaStub.java:[327,114] class, interface, or enum expected
[ERROR] /workspaces/xxxx/code_cure_agent/cca_workspace/nfe/src/main/java/com/fincatto/documentofiscal/nfe310/webservices/nota/consulta/NfeConsultaStub.java:[327,217] class, interface, or enum expected
[ERROR] /workspaces/xxxx/code_cure_agent/cca_workspace/nfe/src/main/java/com/fincatto/documentofiscal/nfe310/webservices/nota/consulta/NfeConsultaStub.java:[327,248] class, interface, or enum expected
[ERROR] /workspaces/xxxx/code_cure_agent/cca_workspace/nfe/src/main/java/com/fincatto/documentofiscal/nfe310/webservices/nota/consulta/NfeConsultaStub.java:[329,15] class, interface, or enum expected
[ERROR] /workspaces/xxxx/code_cure_agent/cca_workspace/nfe/src/main/java/com/fincatto/documentofiscal/nfe310/webservices/nota/consulta/NfeConsultaStub.java:[330,9] class, interface, or enum expected
[ERROR] /workspaces/xxxx/code_cure_agent/cca_workspace/nfe/src/main/java/com/fincatto/documentofiscal/nfe310/webservices/nota/consulta/NfeConsultaStub.java:[331,9] class, interface, or enum expected
[ERROR] /workspaces/xxxx/code_cure_agent/cca_workspace/nfe/src/main/java/com/fincatto/documentofiscal/nfe310/webservices/nota/consulta/NfeConsultaStub.java:[335,5] class, interface, or enum expected
[ERROR] /workspaces/xxxx/code_cure_agent/cca_workspace/nfe/src/main/java/com/fincatto/documentofiscal/nfe310/webservices/nota/consulta/NfeConsultaStub.java:[342,65] class, interface, or enum expected
[ERROR] /workspaces/xxxx/code_cure_agent/cca_workspace/nfe/src/main/java/com/fincatto/documentofiscal/nfe310/webservices/nota/consulta/NfeConsultaStub.java:[344,5] class, interface, or enum expected
[ERROR] /workspaces/xxxx/code_cure_agent/cca_workspace/nfe/src/main/java/com/fincatto/documentofiscal/nfe310/webservices/nota/consulta/NfeConsultaStub.java:[346,43] class, interface, or enum expected
[ERROR] /workspaces/xxxx/code_cure_agent/cca_workspace/nfe/src/main/java/com/fincatto/documentofiscal/nfe310/webservices/nota/consulta/NfeConsultaStub.java:[346,86] class, interface, or enum expected
[ERROR] /workspaces/xxxx/code_cure_agent/cca_workspace/nfe/src/main/java/com/fincatto/documentofiscal/nfe310/webservices/nota/consulta/NfeConsultaStub.java:[348,113] <identifier> expected
[ERROR] /workspaces/xxxx/code_cure_agent/cca_workspace/nfe/src/main/java/com/fincatto/documentofiscal/nfe310/webservices/nota/consulta/NfeConsultaStub.java:[349,17] illegal start of type
[ERROR] /workspaces/xxxx/code_cure_agent/cca_workspace/nfe/src/main/java/com/fincatto/documentofiscal/nfe310/webservices/nota/consulta/NfeConsultaStub.java:[349,128] <identifier> expected
[ERROR] /workspaces/xxxx/code_cure_agent/cca_workspace/nfe/src/main/java/com/fincatto/documentofiscal/nfe310/webservices/nota/consulta/NfeConsultaStub.java:[349,167] <identifier> expected
[ERROR] /workspaces/xxxx/code_cure_agent/cca_workspace/nfe/src/main/java/com/fincatto/documentofiscal/nfe310/webservices/nota/consulta/NfeConsultaStub.java:[351,13] class, interface, or enum expected
[ERROR] /workspaces/xxxx/code_cure_agent/cca_workspace/nfe/src/main/java/com/fincatto/documentofiscal/nfe310/webservices/nota/consulta/NfeConsultaStub.java:[351,120] <identifier> expected
[ERROR] /workspaces/xxxx/code_cure_agent/cca_workspace/nfe/src/main/java/com/fincatto/documentofiscal/nfe310/webservices/nota/consulta/NfeConsultaStub.java:[352,17] illegal start of type
[ERROR] /workspaces/xxxx/code_cure_agent/cca_workspace/nfe/src/main/java/com/fincatto/documentofiscal/nfe310/webservices/nota/consulta/NfeConsultaStub.java:[352,135] <identifier> expected
[ERROR] /workspaces/xxxx/code_cure_agent/cca_workspace/nfe/src/main/java/com/fincatto/documentofiscal/nfe310/webservices/nota/consulta/NfeConsultaStub.java:[352,174] <identifier> expected
[ERROR] /workspaces/xxxx/code_cure_agent/cca_workspace/nfe/src/main/java/com/fincatto/documentofiscal/nfe310/webservices/nota/consulta/NfeConsultaStub.java:[354,13] class, interface, or enum expected
[ERROR] /workspaces/xxxx/code_cure_agent/cca_workspace/nfe/src/main/java/com/fincatto/documentofiscal/nfe310/webservices/nota/consulta/NfeConsultaStub.java:[354,112] <identifier> expected
[ERROR] /workspaces/xxxx/code_cure_agent/cca_workspace/nfe/src/main/java/com/fincatto/documentofiscal/nfe310/webservices/nota/consulta/NfeConsultaStub.java:[355,17] illegal start of type
[ERROR] /workspaces/xxxx/code_cure_agent/cca_workspace/nfe/src/main/java/com/fincatto/documentofiscal/nfe310/webservices/nota/consulta/NfeConsultaStub.java:[355,127] <identifier> expected
[ERROR] /workspaces/xxxx/code_cure_agent/cca_workspace/nfe/src/main/java/com/fincatto/documentofiscal/nfe310/webservices/nota/consulta/NfeConsultaStub.java:[355,166] <identifier> expected
[ERROR] /workspaces/xxxx/code_cure_agent/cca_workspace/nfe/src/main/java/com/fincatto/documentofiscal/nfe310/webservices/nota/consulta/NfeConsultaStub.java:[357,9] class, interface, or enum expected
[ERROR] /workspaces/xxxx/code_cure_agent/cca_workspace/nfe/src/main/java/com/fincatto/documentofiscal/nfe310/webservices/nota/consulta/NfeConsultaStub.java:[357,24] class, interface, or enum expected
[ERROR] /workspaces/xxxx/code_cure_agent/cca_workspace/nfe/src/main/java/com/fincatto/documentofiscal/nfe310/webservices/nota/consulta/NfeConsultaStub.java:[359,9] class, interface, or enum expected
[ERROR] /workspaces/xxxx/code_cure_agent/cca_workspace/nfe/src/main/java/com/fincatto/documentofiscal/nfe310/webservices/nota/consulta/NfeConsultaStub.java:[361,5] class, interface, or enum expected
[ERROR] /workspaces/xxxx/code_cure_agent/cca_workspace/nfe/src/main/java/com/fincatto/documentofiscal/nfe310/webservices/nota/consulta/NfeConsultaStub.java:[1677,1] class, interface, or enum expected
[INFO] 70 errors 
[INFO] -------------------------------------------------------------
[INFO] ------------------------------------------------------------------------
[INFO] BUILD FAILURE
[INFO] ------------------------------------------------------------------------
[INFO] Total time:  2.222 s
[INFO] Finished at: 2025-08-29T23:59:06Z
[INFO] ------------------------------------------------------------------------
[ERROR] Failed to execute goal org.apache.maven.plugins:maven-compiler-plugin:3.8.1:compile (default-compile) on project nfe: Compilation failure: Compilation failure: 
[ERROR] /workspaces/xxxx/code_cure_agent/cca_workspace/nfe/src/main/java/com/fincatto/documentofiscal/nfe310/webservices/nota/consulta/NfeConsultaStub.java:[250,41] <identifier> expected
[ERROR] /workspaces/xxxx/code_cure_agent/cca_workspace/nfe/src/main/java/com/fincatto/documentofiscal/nfe310/webservices/nota/consulta/NfeConsultaStub.java:[250,44] <identifier> expected
[ERROR] /workspaces/xxxx/code_cure_agent/cca_workspace/nfe/src/main/java/com/fincatto/documentofiscal/nfe310/webservices/nota/consulta/NfeConsultaStub.java:[250,59] <identifier> expected
[ERROR] /workspaces/xxxx/code_cure_agent/cca_workspace/nfe/src/main/java/com/fincatto/documentofiscal/nfe310/webservices/nota/consulta/NfeConsultaStub.java:[251,67] <identifier> expected
[ERROR] /workspaces/xxxx/code_cure_agent/cca_workspace/nfe/src/main/java/com/fincatto/documentofiscal/nfe310/webservices/nota/consulta/NfeConsultaStub.java:[251,68] illegal start of type
[ERROR] /workspaces/xxxx/code_cure_agent/cca_workspace/nfe/src/main/java/com/fincatto/documentofiscal/nfe310/webservices/nota/consulta/NfeConsultaStub.java:[252,31] class, interface, or enum expected
[ERROR] /workspaces/xxxx/code_cure_agent/cca_workspace/nfe/src/main/java/com/fincatto/documentofiscal/nfe310/webservices/nota/consulta/NfeConsultaStub.java:[252,44] class, interface, or enum expected
[ERROR] /workspaces/xxxx/code_cure_agent/cca_workspace/nfe/src/main/java/com/fincatto/documentofiscal/nfe310/webservices/nota/consulta/NfeConsultaStub.java:[255,29] class, interface, or enum expected
[ERROR] /workspaces/xxxx/code_cure_agent/cca_workspace/nfe/src/main/java/com/fincatto/documentofiscal/nfe310/webservices/nota/consulta/NfeConsultaStub.java:[258,25] class, interface, or enum expected
[ERROR] /workspaces/xxxx/code_cure_agent/cca_workspace/nfe/src/main/java/com/fincatto/documentofiscal/nfe310/webservices/nota/consulta/NfeConsultaStub.java:[261,21] class, interface, or enum expected
[ERROR] /workspaces/xxxx/code_cure_agent/cca_workspace/nfe/src/main/java/com/fincatto/documentofiscal/nfe310/webservices/nota/consulta/NfeConsultaStub.java:[264,17] class, interface, or enum expected
[ERROR] /workspaces/xxxx/code_cure_agent/cca_workspace/nfe/src/main/java/com/fincatto/documentofiscal/nfe310/webservices/nota/consulta/NfeConsultaStub.java:[268,20] class, interface, or enum expected
[ERROR] /workspaces/xxxx/code_cure_agent/cca_workspace/nfe/src/main/java/com/fincatto/documentofiscal/nfe310/webservices/nota/consulta/NfeConsultaStub.java:[268,39] class, interface, or enum expected
[ERROR] /workspaces/xxxx/code_cure_agent/cca_workspace/nfe/src/main/java/com/fincatto/documentofiscal/nfe310/webservices/nota/consulta/NfeConsultaStub.java:[269,23] class, interface, or enum expected
[ERROR] /workspaces/xxxx/code_cure_agent/cca_workspace/nfe/src/main/java/com/fincatto/documentofiscal/nfe310/webservices/nota/consulta/NfeConsultaStub.java:[270,17] class, interface, or enum expected
[ERROR] /workspaces/xxxx/code_cure_agent/cca_workspace/nfe/src/main/java/com/fincatto/documentofiscal/nfe310/webservices/nota/consulta/NfeConsultaStub.java:[271,13] class, interface, or enum expected
[ERROR] /workspaces/xxxx/code_cure_agent/cca_workspace/nfe/src/main/java/com/fincatto/documentofiscal/nfe310/webservices/nota/consulta/NfeConsultaStub.java:[274,20] class, interface, or enum expected
[ERROR] /workspaces/xxxx/code_cure_agent/cca_workspace/nfe/src/main/java/com/fincatto/documentofiscal/nfe310/webservices/nota/consulta/NfeConsultaStub.java:[277,17] class, interface, or enum expected
[ERROR] /workspaces/xxxx/code_cure_agent/cca_workspace/nfe/src/main/java/com/fincatto/documentofiscal/nfe310/webservices/nota/consulta/NfeConsultaStub.java:[277,32] class, interface, or enum expected
[ERROR] /workspaces/xxxx/code_cure_agent/cca_workspace/nfe/src/main/java/com/fincatto/documentofiscal/nfe310/webservices/nota/consulta/NfeConsultaStub.java:[279,17] class, interface, or enum expected
[ERROR] /workspaces/xxxx/code_cure_agent/cca_workspace/nfe/src/main/java/com/fincatto/documentofiscal/nfe310/webservices/nota/consulta/NfeConsultaStub.java:[282,9] class, interface, or enum expected
[ERROR] /workspaces/xxxx/code_cure_agent/cca_workspace/nfe/src/main/java/com/fincatto/documentofiscal/nfe310/webservices/nota/consulta/NfeConsultaStub.java:[283,9] class, interface, or enum expected
[ERROR] /workspaces/xxxx/code_cure_agent/cca_workspace/nfe/src/main/java/com/fincatto/documentofiscal/nfe310/webservices/nota/consulta/NfeConsultaStub.java:[285,13] class, interface, or enum expected
[ERROR] /workspaces/xxxx/code_cure_agent/cca_workspace/nfe/src/main/java/com/fincatto/documentofiscal/nfe310/webservices/nota/consulta/NfeConsultaStub.java:[286,9] class, interface, or enum expected
[ERROR] /workspaces/xxxx/code_cure_agent/cca_workspace/nfe/src/main/java/com/fincatto/documentofiscal/nfe310/webservices/nota/consulta/NfeConsultaStub.java:[289,5] class, interface, or enum expected
[ERROR] /workspaces/xxxx/code_cure_agent/cca_workspace/nfe/src/main/java/com/fincatto/documentofiscal/nfe310/webservices/nota/consulta/NfeConsultaStub.java:[291,43] class, interface, or enum expected
[ERROR] /workspaces/xxxx/code_cure_agent/cca_workspace/nfe/src/main/java/com/fincatto/documentofiscal/nfe310/webservices/nota/consulta/NfeConsultaStub.java:[294,9] class, interface, or enum expected
[ERROR] /workspaces/xxxx/code_cure_agent/cca_workspace/nfe/src/main/java/com/fincatto/documentofiscal/nfe310/webservices/nota/consulta/NfeConsultaStub.java:[295,20] class, interface, or enum expected
[ERROR] /workspaces/xxxx/code_cure_agent/cca_workspace/nfe/src/main/java/com/fincatto/documentofiscal/nfe310/webservices/nota/consulta/NfeConsultaStub.java:[298,13] class, interface, or enum expected
[ERROR] /workspaces/xxxx/code_cure_agent/cca_workspace/nfe/src/main/java/com/fincatto/documentofiscal/nfe310/webservices/nota/consulta/NfeConsultaStub.java:[301,5] class, interface, or enum expected
[ERROR] /workspaces/xxxx/code_cure_agent/cca_workspace/nfe/src/main/java/com/fincatto/documentofiscal/nfe310/webservices/nota/consulta/NfeConsultaStub.java:[303,54] class, interface, or enum expected
[ERROR] /workspaces/xxxx/code_cure_agent/cca_workspace/nfe/src/main/java/com/fincatto/documentofiscal/nfe310/webservices/nota/consulta/NfeConsultaStub.java:[303,157] class, interface, or enum expected
[ERROR] /workspaces/xxxx/code_cure_agent/cca_workspace/nfe/src/main/java/com/fincatto/documentofiscal/nfe310/webservices/nota/consulta/NfeConsultaStub.java:[309,5] class, interface, or enum expected
[ERROR] /workspaces/xxxx/code_cure_agent/cca_workspace/nfe/src/main/java/com/fincatto/documentofiscal/nfe310/webservices/nota/consulta/NfeConsultaStub.java:[311,54] class, interface, or enum expected
[ERROR] /workspaces/xxxx/code_cure_agent/cca_workspace/nfe/src/main/java/com/fincatto/documentofiscal/nfe310/webservices/nota/consulta/NfeConsultaStub.java:[311,165] class, interface, or enum expected
[ERROR] /workspaces/xxxx/code_cure_agent/cca_workspace/nfe/src/main/java/com/fincatto/documentofiscal/nfe310/webservices/nota/consulta/NfeConsultaStub.java:[317,5] class, interface, or enum expected
[ERROR] /workspaces/xxxx/code_cure_agent/cca_workspace/nfe/src/main/java/com/fincatto/documentofiscal/nfe310/webservices/nota/consulta/NfeConsultaStub.java:[319,54] class, interface, or enum expected
[ERROR] /workspaces/xxxx/code_cure_agent/cca_workspace/nfe/src/main/java/com/fincatto/documentofiscal/nfe310/webservices/nota/consulta/NfeConsultaStub.java:[319,158] class, interface, or enum expected
[ERROR] /workspaces/xxxx/code_cure_agent/cca_workspace/nfe/src/main/java/com/fincatto/documentofiscal/nfe310/webservices/nota/consulta/NfeConsultaStub.java:[325,5] class, interface, or enum expected
[ERROR] /workspaces/xxxx/code_cure_agent/cca_workspace/nfe/src/main/java/com/fincatto/documentofiscal/nfe310/webservices/nota/consulta/NfeConsultaStub.java:[327,65] class, interface, or enum expected
[ERROR] /workspaces/xxxx/code_cure_agent/cca_workspace/nfe/src/main/java/com/fincatto/documentofiscal/nfe310/webservices/nota/consulta/NfeConsultaStub.java:[327,114] class, interface, or enum expected
[ERROR] /workspaces/xxxx/code_cure_agent/cca_workspace/nfe/src/main/java/com/fincatto/documentofiscal/nfe310/webservices/nota/consulta/NfeConsultaStub.java:[327,217] class, interface, or enum expected
[ERROR] /workspaces/xxxx/code_cure_agent/cca_workspace/nfe/src/main/java/com/fincatto/documentofiscal/nfe310/webservices/nota/consulta/NfeConsultaStub.java:[327,248] class, interface, or enum expected
[ERROR] /workspaces/xxxx/code_cure_agent/cca_workspace/nfe/src/main/java/com/fincatto/documentofiscal/nfe310/webservices/nota/consulta/NfeConsultaStub.java:[329,15] class, interface, or enum expected
[ERROR] /workspaces/xxxx/code_cure_agent/cca_workspace/nfe/src/main/java/com/fincatto/documentofiscal/nfe310/webservices/nota/consulta/NfeConsultaStub.java:[330,9] class, interface, or enum expected
[ERROR] /workspaces/xxxx/code_cure_agent/cca_workspace/nfe/src/main/java/com/fincatto/documentofiscal/nfe310/webservices/nota/consulta/NfeConsultaStub.java:[331,9] class, interface, or enum expected
[ERROR] /workspaces/xxxx/code_cure_agent/cca_workspace/nfe/src/main/java/com/fincatto/documentofiscal/nfe310/webservices/nota/consulta/NfeConsultaStub.java:[335,5] class, interface, or enum expected
[ERROR] /workspaces/xxxx/code_cure_agent/cca_workspace/nfe/src/main/java/com/fincatto/documentofiscal/nfe310/webservices/nota/consulta/NfeConsultaStub.java:[342,65] class, interface, or enum expected
[ERROR] /workspaces/xxxx/code_cure_agent/cca_workspace/nfe/src/main/java/com/fincatto/documentofiscal/nfe310/webservices/nota/consulta/NfeConsultaStub.java:[344,5] class, interface, or enum expected
[ERROR] /workspaces/xxxx/code_cure_agent/cca_workspace/nfe/src/main/java/com/fincatto/documentofiscal/nfe310/webservices/nota/consulta/NfeConsultaStub.java:[346,43] class, interface, or enum expected
[ERROR] /workspaces/xxxx/code_cure_agent/cca_workspace/nfe/src/main/java/com/fincatto/documentofiscal/nfe310/webservices/nota/consulta/NfeConsultaStub.java:[346,86] class, interface, or enum expected
[ERROR] /workspaces/xxxx/code_cure_agent/cca_workspace/nfe/src/main/java/com/fincatto/documentofiscal/nfe310/webservices/nota/consulta/NfeConsultaStub.java:[348,113] <identifier> expected
[ERROR] /workspaces/xxxx/code_cure_agent/cca_workspace/nfe/src/main/java/com/fincatto/documentofiscal/nfe310/webservices/nota/consulta/NfeConsultaStub.java:[349,17] illegal start of type
[ERROR] /workspaces/xxxx/code_cure_agent/cca_workspace/nfe/src/main/java/com/fincatto/documentofiscal/nfe310/webservices/nota/consulta/NfeConsultaStub.java:[349,128] <identifier> expected
[ERROR] /workspaces/xxxx/code_cure_agent/cca_workspace/nfe/src/main/java/com/fincatto/documentofiscal/nfe310/webservices/nota/consulta/NfeConsultaStub.java:[349,167] <identifier> expected
[ERROR] /workspaces/xxxx/code_cure_agent/cca_workspace/nfe/src/main/java/com/fincatto/documentofiscal/nfe310/webservices/nota/consulta/NfeConsultaStub.java:[351,13] class, interface, or enum expected
[ERROR] /workspaces/xxxx/code_cure_agent/cca_workspace/nfe/src/main/java/com/fincatto/documentofiscal/nfe310/webservices/nota/consulta/NfeConsultaStub.java:[351,120] <identifier> expected
[ERROR] /workspaces/xxxx/code_cure_agent/cca_workspace/nfe/src/main/java/com/fincatto/documentofiscal/nfe310/webservices/nota/consulta/NfeConsultaStub.java:[352,17] illegal start of type
[ERROR] /workspaces/xxxx/code_cure_agent/cca_workspace/nfe/src/main/java/com/fincatto/documentofiscal/nfe310/webservices/nota/consulta/NfeConsultaStub.java:[352,135] <identifier> expected
[ERROR] /workspaces/xxxx/code_cure_agent/cca_workspace/nfe/src/main/java/com/fincatto/documentofiscal/nfe310/webservices/nota/consulta/NfeConsultaStub.java:[352,174] <identifier> expected
[ERROR] /workspaces/xxxx/code_cure_agent/cca_workspace/nfe/src/main/java/com/fincatto/documentofiscal/nfe310/webservices/nota/consulta/NfeConsultaStub.java:[354,13] class, interface, or enum expected
[ERROR] /workspaces/xxxx/code_cure_agent/cca_workspace/nfe/src/main/java/com/fincatto/documentofiscal/nfe310/webservices/nota/consulta/NfeConsultaStub.java:[354,112] <identifier> expected
[ERROR] /workspaces/xxxx/code_cure_agent/cca_workspace/nfe/src/main/java/com/fincatto/documentofiscal/nfe310/webservices/nota/consulta/NfeConsultaStub.java:[355,17] illegal start of type
[ERROR] /workspaces/xxxx/code_cure_agent/cca_workspace/nfe/src/main/java/com/fincatto/documentofiscal/nfe310/webservices/nota/consulta/NfeConsultaStub.java:[355,127] <identifier> expected
[ERROR] /workspaces/xxxx/code_cure_agent/cca_workspace/nfe/src/main/java/com/fincatto/documentofiscal/nfe310/webservices/nota/consulta/NfeConsultaStub.java:[355,166] <identifier> expected
[ERROR] /workspaces/xxxx/code_cure_agent/cca_workspace/nfe/src/main/java/com/fincatto/documentofiscal/nfe310/webservices/nota/consulta/NfeConsultaStub.java:[357,9] class, interface, or enum expected
[ERROR] /workspaces/xxxx/code_cure_agent/cca_workspace/nfe/src/main/java/com/fincatto/documentofiscal/nfe310/webservices/nota/consulta/NfeConsultaStub.java:[357,24] class, interface, or enum expected
[ERROR] /workspaces/xxxx/code_cure_agent/cca_workspace/nfe/src/main/java/com/fincatto/documentofiscal/nfe310/webservices/nota/consulta/NfeConsultaStub.java:[359,9] class, interface, or enum expected
[ERROR] /workspaces/xxxx/code_cure_agent/cca_workspace/nfe/src/main/java/com/fincatto/documentofiscal/nfe310/webservices/nota/consulta/NfeConsultaStub.java:[361,5] class, interface, or enum expected
[ERROR] /workspaces/xxxx/code_cure_agent/cca_workspace/nfe/src/main/java/com/fincatto/documentofiscal/nfe310/webservices/nota/consulta/NfeConsultaStub.java:[1677,1] class, interface, or enum expected
[ERROR] -> [Help 1]
[ERROR] 
[ERROR] To see the full stack trace of the errors, re-run Maven with the -e switch.
[ERROR] Re-run Maven using the -X switch to enable full debug logging.
[ERROR] 
[ERROR] For more information about the errors and possible solutions, please read the following articles:
[ERROR] [Help 1] http://cwiki.apache.org/confluence/display/MAVEN/MojoFailureException
