[INFO] Scanning for projects...
[INFO] Inspecting build with total of 1 modules...
[INFO] Installing Nexus Staging features:
[INFO]   ... total of 1 executions of maven-deploy-plugin replaced with nexus-staging-maven-plugin
[INFO] 
[INFO] ----------------< com.esri.geometry:esri-geometry-api >-----------------
[INFO] Building Esri Geometry API for Java 2.2.4
[INFO] --------------------------------[ jar ]---------------------------------
[INFO] 
[INFO] --- maven-clean-plugin:2.5:clean (default-clean) @ esri-geometry-api ---
[INFO] Deleting /workspaces/master-thesis-pascal-joos/code_cure_agent/cca_workspace/geometry-api-java/target
[INFO] 
[INFO] --- maven-resources-plugin:2.6:resources (default-resources) @ esri-geometry-api ---
[INFO] Using 'UTF-8' encoding to copy filtered resources.
[INFO] Copying 6 resources
[INFO] 
[INFO] --- maven-compiler-plugin:2.3.1:compile (default-compile) @ esri-geometry-api ---
[INFO] Compiling 262 source files to /workspaces/master-thesis-pascal-joos/code_cure_agent/cca_workspace/geometry-api-java/target/classes
[INFO] -------------------------------------------------------------
[WARNING] COMPILATION WARNING : 
[INFO] -------------------------------------------------------------
[WARNING] /workspaces/master-thesis-pascal-joos/code_cure_agent/cca_workspace/geometry-api-java/src/main/java/com/esri/core/geometry/SizeOf.java:[27,22] Unsafe is internal proprietary API and may be removed in a future release

[WARNING] /workspaces/master-thesis-pascal-joos/code_cure_agent/cca_workspace/geometry-api-java/src/main/java/com/esri/core/geometry/SizeOf.java:[28,22] Unsafe is internal proprietary API and may be removed in a future release

[WARNING] /workspaces/master-thesis-pascal-joos/code_cure_agent/cca_workspace/geometry-api-java/src/main/java/com/esri/core/geometry/SizeOf.java:[29,22] Unsafe is internal proprietary API and may be removed in a future release

[WARNING] /workspaces/master-thesis-pascal-joos/code_cure_agent/cca_workspace/geometry-api-java/src/main/java/com/esri/core/geometry/SizeOf.java:[30,22] Unsafe is internal proprietary API and may be removed in a future release

[WARNING] /workspaces/master-thesis-pascal-joos/code_cure_agent/cca_workspace/geometry-api-java/src/main/java/com/esri/core/geometry/SizeOf.java:[31,22] Unsafe is internal proprietary API and may be removed in a future release

[WARNING] /workspaces/master-thesis-pascal-joos/code_cure_agent/cca_workspace/geometry-api-java/src/main/java/com/esri/core/geometry/SizeOf.java:[32,22] Unsafe is internal proprietary API and may be removed in a future release

[WARNING] /workspaces/master-thesis-pascal-joos/code_cure_agent/cca_workspace/geometry-api-java/src/main/java/com/esri/core/geometry/SizeOf.java:[33,22] Unsafe is internal proprietary API and may be removed in a future release

[WARNING] /workspaces/master-thesis-pascal-joos/code_cure_agent/cca_workspace/geometry-api-java/src/main/java/com/esri/core/geometry/SizeOf.java:[34,22] Unsafe is internal proprietary API and may be removed in a future release

[WARNING] /workspaces/master-thesis-pascal-joos/code_cure_agent/cca_workspace/geometry-api-java/src/main/java/com/esri/core/geometry/SizeOf.java:[35,22] Unsafe is internal proprietary API and may be removed in a future release

[WARNING] /workspaces/master-thesis-pascal-joos/code_cure_agent/cca_workspace/geometry-api-java/src/main/java/com/esri/core/geometry/SizeOf.java:[36,22] Unsafe is internal proprietary API and may be removed in a future release

[WARNING] /workspaces/master-thesis-pascal-joos/code_cure_agent/cca_workspace/geometry-api-java/src/main/java/com/esri/core/geometry/SizeOf.java:[37,22] Unsafe is internal proprietary API and may be removed in a future release

[WARNING] /workspaces/master-thesis-pascal-joos/code_cure_agent/cca_workspace/geometry-api-java/src/main/java/com/esri/core/geometry/SizeOf.java:[38,22] Unsafe is internal proprietary API and may be removed in a future release

[WARNING] /workspaces/master-thesis-pascal-joos/code_cure_agent/cca_workspace/geometry-api-java/src/main/java/com/esri/core/geometry/SizeOf.java:[39,22] Unsafe is internal proprietary API and may be removed in a future release

[WARNING] /workspaces/master-thesis-pascal-joos/code_cure_agent/cca_workspace/geometry-api-java/src/main/java/com/esri/core/geometry/SizeOf.java:[40,22] Unsafe is internal proprietary API and may be removed in a future release

[WARNING] /workspaces/master-thesis-pascal-joos/code_cure_agent/cca_workspace/geometry-api-java/src/main/java/com/esri/core/geometry/SizeOf.java:[41,22] Unsafe is internal proprietary API and may be removed in a future release

[WARNING] /workspaces/master-thesis-pascal-joos/code_cure_agent/cca_workspace/geometry-api-java/src/main/java/com/esri/core/geometry/SizeOf.java:[42,22] Unsafe is internal proprietary API and may be removed in a future release

[INFO] 16 warnings 
[INFO] -------------------------------------------------------------
[INFO] -------------------------------------------------------------
[ERROR] COMPILATION ERROR : 
[INFO] -------------------------------------------------------------
[ERROR] /workspaces/master-thesis-pascal-joos/code_cure_agent/cca_workspace/geometry-api-java/src/main/java/com/esri/core/geometry/Cracker.java:[253,3] error: cannot find symbol

[ERROR]  class Cracker
/workspaces/master-thesis-pascal-joos/code_cure_agent/cca_workspace/geometry-api-java/src/main/java/com/esri/core/geometry/Cracker.java:[269,2] error: cannot find symbol

[ERROR]  class Cracker
/workspaces/master-thesis-pascal-joos/code_cure_agent/cca_workspace/geometry-api-java/src/main/java/com/esri/core/geometry/Cracker.java:[270,34] error: cannot find symbol

[ERROR]  class Cracker
/workspaces/master-thesis-pascal-joos/code_cure_agent/cca_workspace/geometry-api-java/src/main/java/com/esri/core/geometry/Cracker.java:[270,2] error: cannot find symbol

[ERROR]  class Cracker
/workspaces/master-thesis-pascal-joos/code_cure_agent/cca_workspace/geometry-api-java/src/main/java/com/esri/core/geometry/Cracker.java:[327,15] error: cannot find symbol

[ERROR]  class Cracker
/workspaces/master-thesis-pascal-joos/code_cure_agent/cca_workspace/geometry-api-java/src/main/java/com/esri/core/geometry/Cracker.java:[346,16] error: cannot find symbol

[ERROR]  class Cracker
/workspaces/master-thesis-pascal-joos/code_cure_agent/cca_workspace/geometry-api-java/src/main/java/com/esri/core/geometry/Cracker.java:[359,3] error: cannot find symbol

[ERROR]  class Cracker
/workspaces/master-thesis-pascal-joos/code_cure_agent/cca_workspace/geometry-api-java/src/main/java/com/esri/core/geometry/Cracker.java:[364,4] error: cannot find symbol

[ERROR]  class Cracker
/workspaces/master-thesis-pascal-joos/code_cure_agent/cca_workspace/geometry-api-java/src/main/java/com/esri/core/geometry/Cracker.java:[370,5] error: cannot find symbol

[ERROR]  class Cracker
/workspaces/master-thesis-pascal-joos/code_cure_agent/cca_workspace/geometry-api-java/src/main/java/com/esri/core/geometry/Cracker.java:[371,5] error: cannot find symbol

[ERROR]  class Cracker
/workspaces/master-thesis-pascal-joos/code_cure_agent/cca_workspace/geometry-api-java/src/main/java/com/esri/core/geometry/Cracker.java:[371,27] error: cannot find symbol

[ERROR]  class Cracker
/workspaces/master-thesis-pascal-joos/code_cure_agent/cca_workspace/geometry-api-java/src/main/java/com/esri/core/geometry/Cracker.java:[382,18] error: cannot find symbol

[ERROR]  class Cracker
/workspaces/master-thesis-pascal-joos/code_cure_agent/cca_workspace/geometry-api-java/src/main/java/com/esri/core/geometry/Cracker.java:[386,18] error: cannot find symbol

[ERROR]  class Cracker
/workspaces/master-thesis-pascal-joos/code_cure_agent/cca_workspace/geometry-api-java/src/main/java/com/esri/core/geometry/Cracker.java:[409,8] error: cannot find symbol

[ERROR]  class Cracker
/workspaces/master-thesis-pascal-joos/code_cure_agent/cca_workspace/geometry-api-java/src/main/java/com/esri/core/geometry/Cracker.java:[410,5] error: cannot find symbol

[ERROR]  class Cracker
/workspaces/master-thesis-pascal-joos/code_cure_agent/cca_workspace/geometry-api-java/src/main/java/com/esri/core/geometry/Cracker.java:[410,27] error: cannot find symbol

[ERROR]  class Cracker
/workspaces/master-thesis-pascal-joos/code_cure_agent/cca_workspace/geometry-api-java/src/main/java/com/esri/core/geometry/Cracker.java:[411,5] error: cannot find symbol

[ERROR]  class Cracker
/workspaces/master-thesis-pascal-joos/code_cure_agent/cca_workspace/geometry-api-java/src/main/java/com/esri/core/geometry/Cracker.java:[424,7] error: cannot find symbol

[ERROR]  class Cracker
/workspaces/master-thesis-pascal-joos/code_cure_agent/cca_workspace/geometry-api-java/src/main/java/com/esri/core/geometry/Cracker.java:[424,6] error: illegal parenthesized expression

[ERROR] /workspaces/master-thesis-pascal-joos/code_cure_agent/cca_workspace/geometry-api-java/src/main/java/com/esri/core/geometry/Cracker.java:[433,9] error: cannot find symbol

[ERROR]  class Cracker
/workspaces/master-thesis-pascal-joos/code_cure_agent/cca_workspace/geometry-api-java/src/main/java/com/esri/core/geometry/Cracker.java:[438,13] error: cannot find symbol

[ERROR]  class Cracker
/workspaces/master-thesis-pascal-joos/code_cure_agent/cca_workspace/geometry-api-java/src/main/java/com/esri/core/geometry/Cracker.java:[439,18] error: cannot find symbol

[ERROR]  class Cracker
/workspaces/master-thesis-pascal-joos/code_cure_agent/cca_workspace/geometry-api-java/src/main/java/com/esri/core/geometry/Cracker.java:[440,29] error: cannot find symbol

[ERROR]  class Cracker
/workspaces/master-thesis-pascal-joos/code_cure_agent/cca_workspace/geometry-api-java/src/main/java/com/esri/core/geometry/Cracker.java:[440,2] error: cannot find symbol

[ERROR]  class Cracker
/workspaces/master-thesis-pascal-joos/code_cure_agent/cca_workspace/geometry-api-java/src/main/java/com/esri/core/geometry/Cracker.java:[443,25] error: cannot find symbol

[ERROR]  class Cracker
/workspaces/master-thesis-pascal-joos/code_cure_agent/cca_workspace/geometry-api-java/src/main/java/com/esri/core/geometry/Cracker.java:[444,2] error: cannot find symbol

[ERROR]  class Cracker
/workspaces/master-thesis-pascal-joos/code_cure_agent/cca_workspace/geometry-api-java/src/main/java/com/esri/core/geometry/Cracker.java:[452,2] error: cannot find symbol

[ERROR]  class Cracker
/workspaces/master-thesis-pascal-joos/code_cure_agent/cca_workspace/geometry-api-java/src/main/java/com/esri/core/geometry/Cracker.java:[506,25] error: cannot find symbol

[ERROR]  variable cracker of type Cracker
/workspaces/master-thesis-pascal-joos/code_cure_agent/cca_workspace/geometry-api-java/src/main/java/com/esri/core/geometry/Cracker.java:[526,25] error: cannot find symbol

[INFO] 29 errors 
[INFO] -------------------------------------------------------------
[INFO] ------------------------------------------------------------------------
[INFO] BUILD FAILURE
[INFO] ------------------------------------------------------------------------
[INFO] Total time:  3.305 s
[INFO] Finished at: 2025-08-30T00:00:04Z
[INFO] ------------------------------------------------------------------------
[ERROR] Failed to execute goal org.apache.maven.plugins:maven-compiler-plugin:2.3.1:compile (default-compile) on project esri-geometry-api: Compilation failure: Compilation failure: 
[ERROR] /workspaces/master-thesis-pascal-joos/code_cure_agent/cca_workspace/geometry-api-java/src/main/java/com/esri/core/geometry/Cracker.java:[253,3] error: cannot find symbol
[ERROR] 
[ERROR]  class Cracker
[ERROR] /workspaces/master-thesis-pascal-joos/code_cure_agent/cca_workspace/geometry-api-java/src/main/java/com/esri/core/geometry/Cracker.java:[269,2] error: cannot find symbol
[ERROR] 
[ERROR]  class Cracker
[ERROR] /workspaces/master-thesis-pascal-joos/code_cure_agent/cca_workspace/geometry-api-java/src/main/java/com/esri/core/geometry/Cracker.java:[270,34] error: cannot find symbol
[ERROR] 
[ERROR]  class Cracker
[ERROR] /workspaces/master-thesis-pascal-joos/code_cure_agent/cca_workspace/geometry-api-java/src/main/java/com/esri/core/geometry/Cracker.java:[270,2] error: cannot find symbol
[ERROR] 
[ERROR]  class Cracker
[ERROR] /workspaces/master-thesis-pascal-joos/code_cure_agent/cca_workspace/geometry-api-java/src/main/java/com/esri/core/geometry/Cracker.java:[327,15] error: cannot find symbol
[ERROR] 
[ERROR]  class Cracker
[ERROR] /workspaces/master-thesis-pascal-joos/code_cure_agent/cca_workspace/geometry-api-java/src/main/java/com/esri/core/geometry/Cracker.java:[346,16] error: cannot find symbol
[ERROR] 
[ERROR]  class Cracker
[ERROR] /workspaces/master-thesis-pascal-joos/code_cure_agent/cca_workspace/geometry-api-java/src/main/java/com/esri/core/geometry/Cracker.java:[359,3] error: cannot find symbol
[ERROR] 
[ERROR]  class Cracker
[ERROR] /workspaces/master-thesis-pascal-joos/code_cure_agent/cca_workspace/geometry-api-java/src/main/java/com/esri/core/geometry/Cracker.java:[364,4] error: cannot find symbol
[ERROR] 
[ERROR]  class Cracker
[ERROR] /workspaces/master-thesis-pascal-joos/code_cure_agent/cca_workspace/geometry-api-java/src/main/java/com/esri/core/geometry/Cracker.java:[370,5] error: cannot find symbol
[ERROR] 
[ERROR]  class Cracker
[ERROR] /workspaces/master-thesis-pascal-joos/code_cure_agent/cca_workspace/geometry-api-java/src/main/java/com/esri/core/geometry/Cracker.java:[371,5] error: cannot find symbol
[ERROR] 
[ERROR]  class Cracker
[ERROR] /workspaces/master-thesis-pascal-joos/code_cure_agent/cca_workspace/geometry-api-java/src/main/java/com/esri/core/geometry/Cracker.java:[371,27] error: cannot find symbol
[ERROR] 
[ERROR]  class Cracker
[ERROR] /workspaces/master-thesis-pascal-joos/code_cure_agent/cca_workspace/geometry-api-java/src/main/java/com/esri/core/geometry/Cracker.java:[382,18] error: cannot find symbol
[ERROR] 
[ERROR]  class Cracker
[ERROR] /workspaces/master-thesis-pascal-joos/code_cure_agent/cca_workspace/geometry-api-java/src/main/java/com/esri/core/geometry/Cracker.java:[386,18] error: cannot find symbol
[ERROR] 
[ERROR]  class Cracker
[ERROR] /workspaces/master-thesis-pascal-joos/code_cure_agent/cca_workspace/geometry-api-java/src/main/java/com/esri/core/geometry/Cracker.java:[409,8] error: cannot find symbol
[ERROR] 
[ERROR]  class Cracker
[ERROR] /workspaces/master-thesis-pascal-joos/code_cure_agent/cca_workspace/geometry-api-java/src/main/java/com/esri/core/geometry/Cracker.java:[410,5] error: cannot find symbol
[ERROR] 
[ERROR]  class Cracker
[ERROR] /workspaces/master-thesis-pascal-joos/code_cure_agent/cca_workspace/geometry-api-java/src/main/java/com/esri/core/geometry/Cracker.java:[410,27] error: cannot find symbol
[ERROR] 
[ERROR]  class Cracker
[ERROR] /workspaces/master-thesis-pascal-joos/code_cure_agent/cca_workspace/geometry-api-java/src/main/java/com/esri/core/geometry/Cracker.java:[411,5] error: cannot find symbol
[ERROR] 
[ERROR]  class Cracker
[ERROR] /workspaces/master-thesis-pascal-joos/code_cure_agent/cca_workspace/geometry-api-java/src/main/java/com/esri/core/geometry/Cracker.java:[424,7] error: cannot find symbol
[ERROR] 
[ERROR]  class Cracker
[ERROR] /workspaces/master-thesis-pascal-joos/code_cure_agent/cca_workspace/geometry-api-java/src/main/java/com/esri/core/geometry/Cracker.java:[424,6] error: illegal parenthesized expression
[ERROR] 
[ERROR] /workspaces/master-thesis-pascal-joos/code_cure_agent/cca_workspace/geometry-api-java/src/main/java/com/esri/core/geometry/Cracker.java:[433,9] error: cannot find symbol
[ERROR] 
[ERROR]  class Cracker
[ERROR] /workspaces/master-thesis-pascal-joos/code_cure_agent/cca_workspace/geometry-api-java/src/main/java/com/esri/core/geometry/Cracker.java:[438,13] error: cannot find symbol
[ERROR] 
[ERROR]  class Cracker
[ERROR] /workspaces/master-thesis-pascal-joos/code_cure_agent/cca_workspace/geometry-api-java/src/main/java/com/esri/core/geometry/Cracker.java:[439,18] error: cannot find symbol
[ERROR] 
[ERROR]  class Cracker
[ERROR] /workspaces/master-thesis-pascal-joos/code_cure_agent/cca_workspace/geometry-api-java/src/main/java/com/esri/core/geometry/Cracker.java:[440,29] error: cannot find symbol
[ERROR] 
[ERROR]  class Cracker
[ERROR] /workspaces/master-thesis-pascal-joos/code_cure_agent/cca_workspace/geometry-api-java/src/main/java/com/esri/core/geometry/Cracker.java:[440,2] error: cannot find symbol
[ERROR] 
[ERROR]  class Cracker
[ERROR] /workspaces/master-thesis-pascal-joos/code_cure_agent/cca_workspace/geometry-api-java/src/main/java/com/esri/core/geometry/Cracker.java:[443,25] error: cannot find symbol
[ERROR] 
[ERROR]  class Cracker
[ERROR] /workspaces/master-thesis-pascal-joos/code_cure_agent/cca_workspace/geometry-api-java/src/main/java/com/esri/core/geometry/Cracker.java:[444,2] error: cannot find symbol
[ERROR] 
[ERROR]  class Cracker
[ERROR] /workspaces/master-thesis-pascal-joos/code_cure_agent/cca_workspace/geometry-api-java/src/main/java/com/esri/core/geometry/Cracker.java:[452,2] error: cannot find symbol
[ERROR] 
[ERROR]  class Cracker
[ERROR] /workspaces/master-thesis-pascal-joos/code_cure_agent/cca_workspace/geometry-api-java/src/main/java/com/esri/core/geometry/Cracker.java:[506,25] error: cannot find symbol
[ERROR] 
[ERROR]  variable cracker of type Cracker
[ERROR] /workspaces/master-thesis-pascal-joos/code_cure_agent/cca_workspace/geometry-api-java/src/main/java/com/esri/core/geometry/Cracker.java:[526,25] error: cannot find symbol
[ERROR] -> [Help 1]
[ERROR] 
[ERROR] To see the full stack trace of the errors, re-run Maven with the -e switch.
[ERROR] Re-run Maven using the -X switch to enable full debug logging.
[ERROR] 
[ERROR] For more information about the errors and possible solutions, please read the following articles:
[ERROR] [Help 1] http://cwiki.apache.org/confluence/display/MAVEN/MojoFailureException
