[INFO] Scanning for projects...
[INFO] Inspecting build with total of 1 modules...
[INFO] Installing Nexus Staging features:
[INFO]   ... total of 1 executions of maven-deploy-plugin replaced with nexus-staging-maven-plugin
[INFO] 
[INFO] ----------------< com.esri.geometry:esri-geometry-api >-----------------
[INFO] Building Esri Geometry API for Java 2.2.4
[INFO] --------------------------------[ jar ]---------------------------------
[INFO] 
[INFO] --- maven-clean-plugin:2.5:clean (default-clean) @ esri-geometry-api ---
[INFO] Deleting /workspaces/xxxx/code_cure_agent/cca_workspace/geometry-api-java/target
[INFO] 
[INFO] --- maven-resources-plugin:2.6:resources (default-resources) @ esri-geometry-api ---
[INFO] Using 'UTF-8' encoding to copy filtered resources.
[INFO] Copying 6 resources
[INFO] 
[INFO] --- maven-compiler-plugin:2.3.1:compile (default-compile) @ esri-geometry-api ---
[INFO] Compiling 262 source files to /workspaces/xxxx/code_cure_agent/cca_workspace/geometry-api-java/target/classes
[INFO] -------------------------------------------------------------
[WARNING] COMPILATION WARNING : 
[INFO] -------------------------------------------------------------
[WARNING] /workspaces/xxxx/code_cure_agent/cca_workspace/geometry-api-java/src/main/java/com/esri/core/geometry/SizeOf.java:[27,22] Unsafe is internal proprietary API and may be removed in a future release

[WARNING] /workspaces/xxxx/code_cure_agent/cca_workspace/geometry-api-java/src/main/java/com/esri/core/geometry/SizeOf.java:[28,22] Unsafe is internal proprietary API and may be removed in a future release

[WARNING] /workspaces/xxxx/code_cure_agent/cca_workspace/geometry-api-java/src/main/java/com/esri/core/geometry/SizeOf.java:[29,22] Unsafe is internal proprietary API and may be removed in a future release

[WARNING] /workspaces/xxxx/code_cure_agent/cca_workspace/geometry-api-java/src/main/java/com/esri/core/geometry/SizeOf.java:[30,22] Unsafe is internal proprietary API and may be removed in a future release

[WARNING] /workspaces/xxxx/code_cure_agent/cca_workspace/geometry-api-java/src/main/java/com/esri/core/geometry/SizeOf.java:[31,22] Unsafe is internal proprietary API and may be removed in a future release

[WARNING] /workspaces/xxxx/code_cure_agent/cca_workspace/geometry-api-java/src/main/java/com/esri/core/geometry/SizeOf.java:[32,22] Unsafe is internal proprietary API and may be removed in a future release

[WARNING] /workspaces/xxxx/code_cure_agent/cca_workspace/geometry-api-java/src/main/java/com/esri/core/geometry/SizeOf.java:[33,22] Unsafe is internal proprietary API and may be removed in a future release

[WARNING] /workspaces/xxxx/code_cure_agent/cca_workspace/geometry-api-java/src/main/java/com/esri/core/geometry/SizeOf.java:[34,22] Unsafe is internal proprietary API and may be removed in a future release

[WARNING] /workspaces/xxxx/code_cure_agent/cca_workspace/geometry-api-java/src/main/java/com/esri/core/geometry/SizeOf.java:[35,22] Unsafe is internal proprietary API and may be removed in a future release

[WARNING] /workspaces/xxxx/code_cure_agent/cca_workspace/geometry-api-java/src/main/java/com/esri/core/geometry/SizeOf.java:[36,22] Unsafe is internal proprietary API and may be removed in a future release

[WARNING] /workspaces/xxxx/code_cure_agent/cca_workspace/geometry-api-java/src/main/java/com/esri/core/geometry/SizeOf.java:[37,22] Unsafe is internal proprietary API and may be removed in a future release

[WARNING] /workspaces/xxxx/code_cure_agent/cca_workspace/geometry-api-java/src/main/java/com/esri/core/geometry/SizeOf.java:[38,22] Unsafe is internal proprietary API and may be removed in a future release

[WARNING] /workspaces/xxxx/code_cure_agent/cca_workspace/geometry-api-java/src/main/java/com/esri/core/geometry/SizeOf.java:[39,22] Unsafe is internal proprietary API and may be removed in a future release

[WARNING] /workspaces/xxxx/code_cure_agent/cca_workspace/geometry-api-java/src/main/java/com/esri/core/geometry/SizeOf.java:[40,22] Unsafe is internal proprietary API and may be removed in a future release

[WARNING] /workspaces/xxxx/code_cure_agent/cca_workspace/geometry-api-java/src/main/java/com/esri/core/geometry/SizeOf.java:[41,22] Unsafe is internal proprietary API and may be removed in a future release

[WARNING] /workspaces/xxxx/code_cure_agent/cca_workspace/geometry-api-java/src/main/java/com/esri/core/geometry/SizeOf.java:[42,22] Unsafe is internal proprietary API and may be removed in a future release

[INFO] 16 warnings 
[INFO] -------------------------------------------------------------
[INFO] -------------------------------------------------------------
[ERROR] COMPILATION ERROR : 
[INFO] -------------------------------------------------------------
[ERROR] /workspaces/xxxx/code_cure_agent/cca_workspace/geometry-api-java/src/main/java/com/esri/core/geometry/RelationalOperations.java:[60,16] error: cannot find symbol

[ERROR]  class RelationalOperations
/workspaces/xxxx/code_cure_agent/cca_workspace/geometry-api-java/src/main/java/com/esri/core/geometry/RelationalOperations.java:[64,13] error: cannot find symbol

[ERROR]  class RelationalOperations
/workspaces/xxxx/code_cure_agent/cca_workspace/geometry-api-java/src/main/java/com/esri/core/geometry/RelationalOperations.java:[65,7] error: cannot find symbol

[ERROR]  class RelationalOperations
/workspaces/xxxx/code_cure_agent/cca_workspace/geometry-api-java/src/main/java/com/esri/core/geometry/RelationalOperations.java:[66,26] error: cannot find symbol

[ERROR]  class RelationalOperations
/workspaces/xxxx/code_cure_agent/cca_workspace/geometry-api-java/src/main/java/com/esri/core/geometry/RelationalOperations.java:[66,48] error: cannot find symbol

[ERROR]  class RelationalOperations
/workspaces/xxxx/code_cure_agent/cca_workspace/geometry-api-java/src/main/java/com/esri/core/geometry/RelationalOperations.java:[67,16] error: cannot find symbol

[ERROR]  class RelationalOperations
/workspaces/xxxx/code_cure_agent/cca_workspace/geometry-api-java/src/main/java/com/esri/core/geometry/RelationalOperations.java:[68,14] error: cannot find symbol

[ERROR]  class RelationalOperations
/workspaces/xxxx/code_cure_agent/cca_workspace/geometry-api-java/src/main/java/com/esri/core/geometry/RelationalOperations.java:[69,26] error: cannot find symbol

[ERROR]  class RelationalOperations
/workspaces/xxxx/code_cure_agent/cca_workspace/geometry-api-java/src/main/java/com/esri/core/geometry/RelationalOperations.java:[69,45] error: cannot find symbol

[ERROR]  class RelationalOperations
/workspaces/xxxx/code_cure_agent/cca_workspace/geometry-api-java/src/main/java/com/esri/core/geometry/RelationalOperations.java:[70,16] error: cannot find symbol

[ERROR]  class RelationalOperations
/workspaces/xxxx/code_cure_agent/cca_workspace/geometry-api-java/src/main/java/com/esri/core/geometry/RelationalOperations.java:[78,6] error: cannot find symbol

[ERROR]  class RelationalOperations
/workspaces/xxxx/code_cure_agent/cca_workspace/geometry-api-java/src/main/java/com/esri/core/geometry/RelationalOperations.java:[78,29] error: cannot find symbol

[ERROR]  class RelationalOperations
/workspaces/xxxx/code_cure_agent/cca_workspace/geometry-api-java/src/main/java/com/esri/core/geometry/RelationalOperations.java:[86,2] error: cannot find symbol

[ERROR]  class RelationalOperations
/workspaces/xxxx/code_cure_agent/cca_workspace/geometry-api-java/src/main/java/com/esri/core/geometry/RelationalOperations.java:[88,2] error: cannot find symbol

[ERROR]  class RelationalOperations
/workspaces/xxxx/code_cure_agent/cca_workspace/geometry-api-java/src/main/java/com/esri/core/geometry/RelationalOperations.java:[96,55] error: cannot find symbol

[ERROR]  class RelationalOperations
/workspaces/xxxx/code_cure_agent/cca_workspace/geometry-api-java/src/main/java/com/esri/core/geometry/RelationalOperations.java:[109,26] error: cannot find symbol

[ERROR]  class RelationalOperations
/workspaces/xxxx/code_cure_agent/cca_workspace/geometry-api-java/src/main/java/com/esri/core/geometry/RelationalOperations.java:[110,28] error: cannot find symbol

[ERROR]  class RelationalOperations
/workspaces/xxxx/code_cure_agent/cca_workspace/geometry-api-java/src/main/java/com/esri/core/geometry/RelationalOperations.java:[111,34] error: cannot find symbol

[ERROR]  class RelationalOperations
/workspaces/xxxx/code_cure_agent/cca_workspace/geometry-api-java/src/main/java/com/esri/core/geometry/RelationalOperations.java:[113,3] error: cannot find symbol

[ERROR]  class RelationalOperations
/workspaces/xxxx/code_cure_agent/cca_workspace/geometry-api-java/src/main/java/com/esri/core/geometry/RelationalOperations.java:[115,16] error: cannot find symbol

[ERROR]  class RelationalOperations
/workspaces/xxxx/code_cure_agent/cca_workspace/geometry-api-java/src/main/java/com/esri/core/geometry/RelationalOperations.java:[118,26] error: cannot find symbol

[ERROR]  class RelationalOperations
/workspaces/xxxx/code_cure_agent/cca_workspace/geometry-api-java/src/main/java/com/esri/core/geometry/RelationalOperations.java:[119,28] error: cannot find symbol

[ERROR]  class RelationalOperations
/workspaces/xxxx/code_cure_agent/cca_workspace/geometry-api-java/src/main/java/com/esri/core/geometry/RelationalOperations.java:[120,34] error: cannot find symbol

[ERROR]  class RelationalOperations
/workspaces/xxxx/code_cure_agent/cca_workspace/geometry-api-java/src/main/java/com/esri/core/geometry/RelationalOperations.java:[122,3] error: cannot find symbol

[ERROR]  class RelationalOperations
/workspaces/xxxx/code_cure_agent/cca_workspace/geometry-api-java/src/main/java/com/esri/core/geometry/RelationalOperations.java:[124,16] error: cannot find symbol

[ERROR]  class RelationalOperations
/workspaces/xxxx/code_cure_agent/cca_workspace/geometry-api-java/src/main/java/com/esri/core/geometry/RelationalOperations.java:[127,6] error: cannot find symbol

[ERROR]  class RelationalOperations
/workspaces/xxxx/code_cure_agent/cca_workspace/geometry-api-java/src/main/java/com/esri/core/geometry/RelationalOperations.java:[128,7] error: cannot find symbol

[ERROR]  class RelationalOperations
/workspaces/xxxx/code_cure_agent/cca_workspace/geometry-api-java/src/main/java/com/esri/core/geometry/RelationalOperations.java:[130,9] error: cannot find symbol

[ERROR]  class RelationalOperations
/workspaces/xxxx/code_cure_agent/cca_workspace/geometry-api-java/src/main/java/com/esri/core/geometry/RelationalOperations.java:[130,49] error: cannot find symbol

[ERROR]  class RelationalOperations
/workspaces/xxxx/code_cure_agent/cca_workspace/geometry-api-java/src/main/java/com/esri/core/geometry/RelationalOperations.java:[145,7] error: cannot find symbol

[ERROR]  class RelationalOperations
/workspaces/xxxx/code_cure_agent/cca_workspace/geometry-api-java/src/main/java/com/esri/core/geometry/RelationalOperations.java:[146,8] error: cannot find symbol

[ERROR]  class RelationalOperations
/workspaces/xxxx/code_cure_agent/cca_workspace/geometry-api-java/src/main/java/com/esri/core/geometry/RelationalOperations.java:[159,10] error: cannot find symbol

[ERROR]  class RelationalOperations
/workspaces/xxxx/code_cure_agent/cca_workspace/geometry-api-java/src/main/java/com/esri/core/geometry/RelationalOperations.java:[159,9] error: illegal parenthesized expression

[ERROR] /workspaces/xxxx/code_cure_agent/cca_workspace/geometry-api-java/src/main/java/com/esri/core/geometry/RelationalOperations.java:[161,11] error: cannot find symbol

[ERROR]  class RelationalOperations
/workspaces/xxxx/code_cure_agent/cca_workspace/geometry-api-java/src/main/java/com/esri/core/geometry/RelationalOperations.java:[161,10] error: illegal parenthesized expression

[ERROR] /workspaces/xxxx/code_cure_agent/cca_workspace/geometry-api-java/src/main/java/com/esri/core/geometry/RelationalOperations.java:[165,6] error: cannot find symbol

[ERROR]  class RelationalOperations
/workspaces/xxxx/code_cure_agent/cca_workspace/geometry-api-java/src/main/java/com/esri/core/geometry/RelationalOperations.java:[171,6] error: cannot find symbol

[ERROR]  class RelationalOperations
/workspaces/xxxx/code_cure_agent/cca_workspace/geometry-api-java/src/main/java/com/esri/core/geometry/RelationalOperations.java:[177,6] error: cannot find symbol

[ERROR]  class RelationalOperations
/workspaces/xxxx/code_cure_agent/cca_workspace/geometry-api-java/src/main/java/com/esri/core/geometry/RelationalOperations.java:[183,6] error: cannot find symbol

[ERROR]  class RelationalOperations
/workspaces/xxxx/code_cure_agent/cca_workspace/geometry-api-java/src/main/java/com/esri/core/geometry/RelationalOperations.java:[189,6] error: cannot find symbol

[ERROR]  class RelationalOperations
/workspaces/xxxx/code_cure_agent/cca_workspace/geometry-api-java/src/main/java/com/esri/core/geometry/RelationalOperations.java:[198,11] error: cannot find symbol

[ERROR]  class RelationalOperations
/workspaces/xxxx/code_cure_agent/cca_workspace/geometry-api-java/src/main/java/com/esri/core/geometry/RelationalOperations.java:[198,10] error: illegal parenthesized expression

[ERROR] /workspaces/xxxx/code_cure_agent/cca_workspace/geometry-api-java/src/main/java/com/esri/core/geometry/RelationalOperations.java:[202,6] error: cannot find symbol

[ERROR]  class RelationalOperations
/workspaces/xxxx/code_cure_agent/cca_workspace/geometry-api-java/src/main/java/com/esri/core/geometry/RelationalOperations.java:[208,6] error: cannot find symbol

[ERROR]  class RelationalOperations
/workspaces/xxxx/code_cure_agent/cca_workspace/geometry-api-java/src/main/java/com/esri/core/geometry/RelationalOperations.java:[214,6] error: cannot find symbol

[ERROR]  class RelationalOperations
/workspaces/xxxx/code_cure_agent/cca_workspace/geometry-api-java/src/main/java/com/esri/core/geometry/RelationalOperations.java:[220,6] error: cannot find symbol

[ERROR]  class RelationalOperations
/workspaces/xxxx/code_cure_agent/cca_workspace/geometry-api-java/src/main/java/com/esri/core/geometry/RelationalOperations.java:[226,6] error: cannot find symbol

[ERROR]  class RelationalOperations
/workspaces/xxxx/code_cure_agent/cca_workspace/geometry-api-java/src/main/java/com/esri/core/geometry/RelationalOperations.java:[235,11] error: cannot find symbol

[ERROR]  class RelationalOperations
/workspaces/xxxx/code_cure_agent/cca_workspace/geometry-api-java/src/main/java/com/esri/core/geometry/RelationalOperations.java:[235,10] error: illegal parenthesized expression

[ERROR] /workspaces/xxxx/code_cure_agent/cca_workspace/geometry-api-java/src/main/java/com/esri/core/geometry/RelationalOperations.java:[239,6] error: cannot find symbol

[ERROR]  class RelationalOperations
/workspaces/xxxx/code_cure_agent/cca_workspace/geometry-api-java/src/main/java/com/esri/core/geometry/RelationalOperations.java:[245,6] error: cannot find symbol

[ERROR]  class RelationalOperations
/workspaces/xxxx/code_cure_agent/cca_workspace/geometry-api-java/src/main/java/com/esri/core/geometry/RelationalOperations.java:[251,6] error: cannot find symbol

[ERROR]  class RelationalOperations
/workspaces/xxxx/code_cure_agent/cca_workspace/geometry-api-java/src/main/java/com/esri/core/geometry/RelationalOperations.java:[260,11] error: cannot find symbol

[ERROR]  class RelationalOperations
/workspaces/xxxx/code_cure_agent/cca_workspace/geometry-api-java/src/main/java/com/esri/core/geometry/RelationalOperations.java:[260,10] error: illegal parenthesized expression

[ERROR] /workspaces/xxxx/code_cure_agent/cca_workspace/geometry-api-java/src/main/java/com/esri/core/geometry/RelationalOperations.java:[264,6] error: cannot find symbol

[ERROR]  class RelationalOperations
/workspaces/xxxx/code_cure_agent/cca_workspace/geometry-api-java/src/main/java/com/esri/core/geometry/RelationalOperations.java:[270,6] error: cannot find symbol

[ERROR]  class RelationalOperations
/workspaces/xxxx/code_cure_agent/cca_workspace/geometry-api-java/src/main/java/com/esri/core/geometry/RelationalOperations.java:[276,27] error: cannot find symbol

[ERROR]  class RelationalOperations
/workspaces/xxxx/code_cure_agent/cca_workspace/geometry-api-java/src/main/java/com/esri/core/geometry/RelationalOperations.java:[282,6] error: cannot find symbol

[ERROR]  class RelationalOperations
/workspaces/xxxx/code_cure_agent/cca_workspace/geometry-api-java/src/main/java/com/esri/core/geometry/RelationalOperations.java:[288,27] error: cannot find symbol

[ERROR]  class RelationalOperations
/workspaces/xxxx/code_cure_agent/cca_workspace/geometry-api-java/src/main/java/com/esri/core/geometry/RelationalOperations.java:[297,11] error: cannot find symbol

[ERROR]  class RelationalOperations
/workspaces/xxxx/code_cure_agent/cca_workspace/geometry-api-java/src/main/java/com/esri/core/geometry/RelationalOperations.java:[297,10] error: illegal parenthesized expression

[ERROR] /workspaces/xxxx/code_cure_agent/cca_workspace/geometry-api-java/src/main/java/com/esri/core/geometry/RelationalOperations.java:[301,6] error: cannot find symbol

[ERROR]  class RelationalOperations
/workspaces/xxxx/code_cure_agent/cca_workspace/geometry-api-java/src/main/java/com/esri/core/geometry/RelationalOperations.java:[307,6] error: cannot find symbol

[ERROR]  class RelationalOperations
/workspaces/xxxx/code_cure_agent/cca_workspace/geometry-api-java/src/main/java/com/esri/core/geometry/RelationalOperations.java:[313,27] error: cannot find symbol

[INFO] 64 errors 
[INFO] -------------------------------------------------------------
[INFO] ------------------------------------------------------------------------
[INFO] BUILD FAILURE
[INFO] ------------------------------------------------------------------------
[INFO] Total time:  3.463 s
[INFO] Finished at: 2025-08-30T05:16:51Z
[INFO] ------------------------------------------------------------------------
[ERROR] Failed to execute goal org.apache.maven.plugins:maven-compiler-plugin:2.3.1:compile (default-compile) on project esri-geometry-api: Compilation failure: Compilation failure: 
[ERROR] /workspaces/xxxx/code_cure_agent/cca_workspace/geometry-api-java/src/main/java/com/esri/core/geometry/RelationalOperations.java:[60,16] error: cannot find symbol
[ERROR] 
[ERROR]  class RelationalOperations
[ERROR] /workspaces/xxxx/code_cure_agent/cca_workspace/geometry-api-java/src/main/java/com/esri/core/geometry/RelationalOperations.java:[64,13] error: cannot find symbol
[ERROR] 
[ERROR]  class RelationalOperations
[ERROR] /workspaces/xxxx/code_cure_agent/cca_workspace/geometry-api-java/src/main/java/com/esri/core/geometry/RelationalOperations.java:[65,7] error: cannot find symbol
[ERROR] 
[ERROR]  class RelationalOperations
[ERROR] /workspaces/xxxx/code_cure_agent/cca_workspace/geometry-api-java/src/main/java/com/esri/core/geometry/RelationalOperations.java:[66,26] error: cannot find symbol
[ERROR] 
[ERROR]  class RelationalOperations
[ERROR] /workspaces/xxxx/code_cure_agent/cca_workspace/geometry-api-java/src/main/java/com/esri/core/geometry/RelationalOperations.java:[66,48] error: cannot find symbol
[ERROR] 
[ERROR]  class RelationalOperations
[ERROR] /workspaces/xxxx/code_cure_agent/cca_workspace/geometry-api-java/src/main/java/com/esri/core/geometry/RelationalOperations.java:[67,16] error: cannot find symbol
[ERROR] 
[ERROR]  class RelationalOperations
[ERROR] /workspaces/xxxx/code_cure_agent/cca_workspace/geometry-api-java/src/main/java/com/esri/core/geometry/RelationalOperations.java:[68,14] error: cannot find symbol
[ERROR] 
[ERROR]  class RelationalOperations
[ERROR] /workspaces/xxxx/code_cure_agent/cca_workspace/geometry-api-java/src/main/java/com/esri/core/geometry/RelationalOperations.java:[69,26] error: cannot find symbol
[ERROR] 
[ERROR]  class RelationalOperations
[ERROR] /workspaces/xxxx/code_cure_agent/cca_workspace/geometry-api-java/src/main/java/com/esri/core/geometry/RelationalOperations.java:[69,45] error: cannot find symbol
[ERROR] 
[ERROR]  class RelationalOperations
[ERROR] /workspaces/xxxx/code_cure_agent/cca_workspace/geometry-api-java/src/main/java/com/esri/core/geometry/RelationalOperations.java:[70,16] error: cannot find symbol
[ERROR] 
[ERROR]  class RelationalOperations
[ERROR] /workspaces/xxxx/code_cure_agent/cca_workspace/geometry-api-java/src/main/java/com/esri/core/geometry/RelationalOperations.java:[78,6] error: cannot find symbol
[ERROR] 
[ERROR]  class RelationalOperations
[ERROR] /workspaces/xxxx/code_cure_agent/cca_workspace/geometry-api-java/src/main/java/com/esri/core/geometry/RelationalOperations.java:[78,29] error: cannot find symbol
[ERROR] 
[ERROR]  class RelationalOperations
[ERROR] /workspaces/xxxx/code_cure_agent/cca_workspace/geometry-api-java/src/main/java/com/esri/core/geometry/RelationalOperations.java:[86,2] error: cannot find symbol
[ERROR] 
[ERROR]  class RelationalOperations
[ERROR] /workspaces/xxxx/code_cure_agent/cca_workspace/geometry-api-java/src/main/java/com/esri/core/geometry/RelationalOperations.java:[88,2] error: cannot find symbol
[ERROR] 
[ERROR]  class RelationalOperations
[ERROR] /workspaces/xxxx/code_cure_agent/cca_workspace/geometry-api-java/src/main/java/com/esri/core/geometry/RelationalOperations.java:[96,55] error: cannot find symbol
[ERROR] 
[ERROR]  class RelationalOperations
[ERROR] /workspaces/xxxx/code_cure_agent/cca_workspace/geometry-api-java/src/main/java/com/esri/core/geometry/RelationalOperations.java:[109,26] error: cannot find symbol
[ERROR] 
[ERROR]  class RelationalOperations
[ERROR] /workspaces/xxxx/code_cure_agent/cca_workspace/geometry-api-java/src/main/java/com/esri/core/geometry/RelationalOperations.java:[110,28] error: cannot find symbol
[ERROR] 
[ERROR]  class RelationalOperations
[ERROR] /workspaces/xxxx/code_cure_agent/cca_workspace/geometry-api-java/src/main/java/com/esri/core/geometry/RelationalOperations.java:[111,34] error: cannot find symbol
[ERROR] 
[ERROR]  class RelationalOperations
[ERROR] /workspaces/xxxx/code_cure_agent/cca_workspace/geometry-api-java/src/main/java/com/esri/core/geometry/RelationalOperations.java:[113,3] error: cannot find symbol
[ERROR] 
[ERROR]  class RelationalOperations
[ERROR] /workspaces/xxxx/code_cure_agent/cca_workspace/geometry-api-java/src/main/java/com/esri/core/geometry/RelationalOperations.java:[115,16] error: cannot find symbol
[ERROR] 
[ERROR]  class RelationalOperations
[ERROR] /workspaces/xxxx/code_cure_agent/cca_workspace/geometry-api-java/src/main/java/com/esri/core/geometry/RelationalOperations.java:[118,26] error: cannot find symbol
[ERROR] 
[ERROR]  class RelationalOperations
[ERROR] /workspaces/xxxx/code_cure_agent/cca_workspace/geometry-api-java/src/main/java/com/esri/core/geometry/RelationalOperations.java:[119,28] error: cannot find symbol
[ERROR] 
[ERROR]  class RelationalOperations
[ERROR] /workspaces/xxxx/code_cure_agent/cca_workspace/geometry-api-java/src/main/java/com/esri/core/geometry/RelationalOperations.java:[120,34] error: cannot find symbol
[ERROR] 
[ERROR]  class RelationalOperations
[ERROR] /workspaces/xxxx/code_cure_agent/cca_workspace/geometry-api-java/src/main/java/com/esri/core/geometry/RelationalOperations.java:[122,3] error: cannot find symbol
[ERROR] 
[ERROR]  class RelationalOperations
[ERROR] /workspaces/xxxx/code_cure_agent/cca_workspace/geometry-api-java/src/main/java/com/esri/core/geometry/RelationalOperations.java:[124,16] error: cannot find symbol
[ERROR] 
[ERROR]  class RelationalOperations
[ERROR] /workspaces/xxxx/code_cure_agent/cca_workspace/geometry-api-java/src/main/java/com/esri/core/geometry/RelationalOperations.java:[127,6] error: cannot find symbol
[ERROR] 
[ERROR]  class RelationalOperations
[ERROR] /workspaces/xxxx/code_cure_agent/cca_workspace/geometry-api-java/src/main/java/com/esri/core/geometry/RelationalOperations.java:[128,7] error: cannot find symbol
[ERROR] 
[ERROR]  class RelationalOperations
[ERROR] /workspaces/xxxx/code_cure_agent/cca_workspace/geometry-api-java/src/main/java/com/esri/core/geometry/RelationalOperations.java:[130,9] error: cannot find symbol
[ERROR] 
[ERROR]  class RelationalOperations
[ERROR] /workspaces/xxxx/code_cure_agent/cca_workspace/geometry-api-java/src/main/java/com/esri/core/geometry/RelationalOperations.java:[130,49] error: cannot find symbol
[ERROR] 
[ERROR]  class RelationalOperations
[ERROR] /workspaces/xxxx/code_cure_agent/cca_workspace/geometry-api-java/src/main/java/com/esri/core/geometry/RelationalOperations.java:[145,7] error: cannot find symbol
[ERROR] 
[ERROR]  class RelationalOperations
[ERROR] /workspaces/xxxx/code_cure_agent/cca_workspace/geometry-api-java/src/main/java/com/esri/core/geometry/RelationalOperations.java:[146,8] error: cannot find symbol
[ERROR] 
[ERROR]  class RelationalOperations
[ERROR] /workspaces/xxxx/code_cure_agent/cca_workspace/geometry-api-java/src/main/java/com/esri/core/geometry/RelationalOperations.java:[159,10] error: cannot find symbol
[ERROR] 
[ERROR]  class RelationalOperations
[ERROR] /workspaces/xxxx/code_cure_agent/cca_workspace/geometry-api-java/src/main/java/com/esri/core/geometry/RelationalOperations.java:[159,9] error: illegal parenthesized expression
[ERROR] 
[ERROR] /workspaces/xxxx/code_cure_agent/cca_workspace/geometry-api-java/src/main/java/com/esri/core/geometry/RelationalOperations.java:[161,11] error: cannot find symbol
[ERROR] 
[ERROR]  class RelationalOperations
[ERROR] /workspaces/xxxx/code_cure_agent/cca_workspace/geometry-api-java/src/main/java/com/esri/core/geometry/RelationalOperations.java:[161,10] error: illegal parenthesized expression
[ERROR] 
[ERROR] /workspaces/xxxx/code_cure_agent/cca_workspace/geometry-api-java/src/main/java/com/esri/core/geometry/RelationalOperations.java:[165,6] error: cannot find symbol
[ERROR] 
[ERROR]  class RelationalOperations
[ERROR] /workspaces/xxxx/code_cure_agent/cca_workspace/geometry-api-java/src/main/java/com/esri/core/geometry/RelationalOperations.java:[171,6] error: cannot find symbol
[ERROR] 
[ERROR]  class RelationalOperations
[ERROR] /workspaces/xxxx/code_cure_agent/cca_workspace/geometry-api-java/src/main/java/com/esri/core/geometry/RelationalOperations.java:[177,6] error: cannot find symbol
[ERROR] 
[ERROR]  class RelationalOperations
[ERROR] /workspaces/xxxx/code_cure_agent/cca_workspace/geometry-api-java/src/main/java/com/esri/core/geometry/RelationalOperations.java:[183,6] error: cannot find symbol
[ERROR] 
[ERROR]  class RelationalOperations
[ERROR] /workspaces/xxxx/code_cure_agent/cca_workspace/geometry-api-java/src/main/java/com/esri/core/geometry/RelationalOperations.java:[189,6] error: cannot find symbol
[ERROR] 
[ERROR]  class RelationalOperations
[ERROR] /workspaces/xxxx/code_cure_agent/cca_workspace/geometry-api-java/src/main/java/com/esri/core/geometry/RelationalOperations.java:[198,11] error: cannot find symbol
[ERROR] 
[ERROR]  class RelationalOperations
[ERROR] /workspaces/xxxx/code_cure_agent/cca_workspace/geometry-api-java/src/main/java/com/esri/core/geometry/RelationalOperations.java:[198,10] error: illegal parenthesized expression
[ERROR] 
[ERROR] /workspaces/xxxx/code_cure_agent/cca_workspace/geometry-api-java/src/main/java/com/esri/core/geometry/RelationalOperations.java:[202,6] error: cannot find symbol
[ERROR] 
[ERROR]  class RelationalOperations
[ERROR] /workspaces/xxxx/code_cure_agent/cca_workspace/geometry-api-java/src/main/java/com/esri/core/geometry/RelationalOperations.java:[208,6] error: cannot find symbol
[ERROR] 
[ERROR]  class RelationalOperations
[ERROR] /workspaces/xxxx/code_cure_agent/cca_workspace/geometry-api-java/src/main/java/com/esri/core/geometry/RelationalOperations.java:[214,6] error: cannot find symbol
[ERROR] 
[ERROR]  class RelationalOperations
[ERROR] /workspaces/xxxx/code_cure_agent/cca_workspace/geometry-api-java/src/main/java/com/esri/core/geometry/RelationalOperations.java:[220,6] error: cannot find symbol
[ERROR] 
[ERROR]  class RelationalOperations
[ERROR] /workspaces/xxxx/code_cure_agent/cca_workspace/geometry-api-java/src/main/java/com/esri/core/geometry/RelationalOperations.java:[226,6] error: cannot find symbol
[ERROR] 
[ERROR]  class RelationalOperations
[ERROR] /workspaces/xxxx/code_cure_agent/cca_workspace/geometry-api-java/src/main/java/com/esri/core/geometry/RelationalOperations.java:[235,11] error: cannot find symbol
[ERROR] 
[ERROR]  class RelationalOperations
[ERROR] /workspaces/xxxx/code_cure_agent/cca_workspace/geometry-api-java/src/main/java/com/esri/core/geometry/RelationalOperations.java:[235,10] error: illegal parenthesized expression
[ERROR] 
[ERROR] /workspaces/xxxx/code_cure_agent/cca_workspace/geometry-api-java/src/main/java/com/esri/core/geometry/RelationalOperations.java:[239,6] error: cannot find symbol
[ERROR] 
[ERROR]  class RelationalOperations
[ERROR] /workspaces/xxxx/code_cure_agent/cca_workspace/geometry-api-java/src/main/java/com/esri/core/geometry/RelationalOperations.java:[245,6] error: cannot find symbol
[ERROR] 
[ERROR]  class RelationalOperations
[ERROR] /workspaces/xxxx/code_cure_agent/cca_workspace/geometry-api-java/src/main/java/com/esri/core/geometry/RelationalOperations.java:[251,6] error: cannot find symbol
[ERROR] 
[ERROR]  class RelationalOperations
[ERROR] /workspaces/xxxx/code_cure_agent/cca_workspace/geometry-api-java/src/main/java/com/esri/core/geometry/RelationalOperations.java:[260,11] error: cannot find symbol
[ERROR] 
[ERROR]  class RelationalOperations
[ERROR] /workspaces/xxxx/code_cure_agent/cca_workspace/geometry-api-java/src/main/java/com/esri/core/geometry/RelationalOperations.java:[260,10] error: illegal parenthesized expression
[ERROR] 
[ERROR] /workspaces/xxxx/code_cure_agent/cca_workspace/geometry-api-java/src/main/java/com/esri/core/geometry/RelationalOperations.java:[264,6] error: cannot find symbol
[ERROR] 
[ERROR]  class RelationalOperations
[ERROR] /workspaces/xxxx/code_cure_agent/cca_workspace/geometry-api-java/src/main/java/com/esri/core/geometry/RelationalOperations.java:[270,6] error: cannot find symbol
[ERROR] 
[ERROR]  class RelationalOperations
[ERROR] /workspaces/xxxx/code_cure_agent/cca_workspace/geometry-api-java/src/main/java/com/esri/core/geometry/RelationalOperations.java:[276,27] error: cannot find symbol
[ERROR] 
[ERROR]  class RelationalOperations
[ERROR] /workspaces/xxxx/code_cure_agent/cca_workspace/geometry-api-java/src/main/java/com/esri/core/geometry/RelationalOperations.java:[282,6] error: cannot find symbol
[ERROR] 
[ERROR]  class RelationalOperations
[ERROR] /workspaces/xxxx/code_cure_agent/cca_workspace/geometry-api-java/src/main/java/com/esri/core/geometry/RelationalOperations.java:[288,27] error: cannot find symbol
[ERROR] 
[ERROR]  class RelationalOperations
[ERROR] /workspaces/xxxx/code_cure_agent/cca_workspace/geometry-api-java/src/main/java/com/esri/core/geometry/RelationalOperations.java:[297,11] error: cannot find symbol
[ERROR] 
[ERROR]  class RelationalOperations
[ERROR] /workspaces/xxxx/code_cure_agent/cca_workspace/geometry-api-java/src/main/java/com/esri/core/geometry/RelationalOperations.java:[297,10] error: illegal parenthesized expression
[ERROR] 
[ERROR] /workspaces/xxxx/code_cure_agent/cca_workspace/geometry-api-java/src/main/java/com/esri/core/geometry/RelationalOperations.java:[301,6] error: cannot find symbol
[ERROR] 
[ERROR]  class RelationalOperations
[ERROR] /workspaces/xxxx/code_cure_agent/cca_workspace/geometry-api-java/src/main/java/com/esri/core/geometry/RelationalOperations.java:[307,6] error: cannot find symbol
[ERROR] 
[ERROR]  class RelationalOperations
[ERROR] /workspaces/xxxx/code_cure_agent/cca_workspace/geometry-api-java/src/main/java/com/esri/core/geometry/RelationalOperations.java:[313,27] error: cannot find symbol
[ERROR] -> [Help 1]
[ERROR] 
[ERROR] To see the full stack trace of the errors, re-run Maven with the -e switch.
[ERROR] Re-run Maven using the -X switch to enable full debug logging.
[ERROR] 
[ERROR] For more information about the errors and possible solutions, please read the following articles:
[ERROR] [Help 1] http://cwiki.apache.org/confluence/display/MAVEN/MojoFailureException
