[INFO] Scanning for projects...
[INFO] 
[INFO] ----------------------------< JWT4B:JWT4B >-----------------------------
[INFO] Building JWT4B 0.0.4-SNAPSHOT
[INFO] --------------------------------[ jar ]---------------------------------
[INFO] 
[INFO] --- maven-clean-plugin:2.5:clean (default-clean) @ JWT4B ---
[INFO] 
[INFO] --- maven-resources-plugin:2.6:resources (default-resources) @ JWT4B ---
[WARNING] Using platform encoding (UTF-8 actually) to copy filtered resources, i.e. build is platform dependent!
[INFO] skip non existing resourceDirectory /workspaces/xxxx/code_cure_agent/cca_workspace/JWT4B/src/main/resources
[INFO] 
[INFO] --- maven-compiler-plugin:3.1:compile (default-compile) @ JWT4B ---
[INFO] Changes detected - recompiling the module!
[WARNING] File encoding has not been set, using platform encoding UTF-8, i.e. build is platform dependent!
[INFO] Compiling 37 source files to /workspaces/xxxx/code_cure_agent/cca_workspace/JWT4B/target/classes
[INFO] -------------------------------------------------------------
[ERROR] COMPILATION ERROR : 
[INFO] -------------------------------------------------------------
[ERROR] /workspaces/xxxx/code_cure_agent/cca_workspace/JWT4B/src/app/controllers/JWTInterceptTabController.java:[68,38] cannot find symbol
  symbol:   method getCVEAttackCheckBox()
  location: variable jwtST of type gui.JWTInterceptTab
[ERROR] /workspaces/xxxx/code_cure_agent/cca_workspace/JWT4B/src/app/controllers/JWTInterceptTabController.java:[76,22] cannot find symbol
  symbol:   method getCVECopyBtn()
  location: variable jwtST of type gui.JWTInterceptTab
[ERROR] /workspaces/xxxx/code_cure_agent/cca_workspace/JWT4B/src/app/controllers/JWTInterceptTabController.java:[214,22] cannot find symbol
  symbol:   method getCVEAttackCheckBox()
  location: variable jwtST of type gui.JWTInterceptTab
[INFO] 3 errors 
[INFO] -------------------------------------------------------------
[INFO] ------------------------------------------------------------------------
[INFO] BUILD FAILURE
[INFO] ------------------------------------------------------------------------
[INFO] Total time:  1.659 s
[INFO] Finished at: 2025-08-30T07:32:13Z
[INFO] ------------------------------------------------------------------------
[ERROR] Failed to execute goal org.apache.maven.plugins:maven-compiler-plugin:3.1:compile (default-compile) on project JWT4B: Compilation failure: Compilation failure: 
[ERROR] /workspaces/xxxx/code_cure_agent/cca_workspace/JWT4B/src/app/controllers/JWTInterceptTabController.java:[68,38] cannot find symbol
[ERROR]   symbol:   method getCVEAttackCheckBox()
[ERROR]   location: variable jwtST of type gui.JWTInterceptTab
[ERROR] /workspaces/xxxx/code_cure_agent/cca_workspace/JWT4B/src/app/controllers/JWTInterceptTabController.java:[76,22] cannot find symbol
[ERROR]   symbol:   method getCVECopyBtn()
[ERROR]   location: variable jwtST of type gui.JWTInterceptTab
[ERROR] /workspaces/xxxx/code_cure_agent/cca_workspace/JWT4B/src/app/controllers/JWTInterceptTabController.java:[214,22] cannot find symbol
[ERROR]   symbol:   method getCVEAttackCheckBox()
[ERROR]   location: variable jwtST of type gui.JWTInterceptTab
[ERROR] -> [Help 1]
[ERROR] 
[ERROR] To see the full stack trace of the errors, re-run Maven with the -e switch.
[ERROR] Re-run Maven using the -X switch to enable full debug logging.
[ERROR] 
[ERROR] For more information about the errors and possible solutions, please read the following articles:
[ERROR] [Help 1] http://cwiki.apache.org/confluence/display/MAVEN/MojoFailureException
