[INFO] Scanning for projects...
[INFO] Inspecting build with total of 1 modules...
[INFO] Installing Nexus Staging features:
[INFO]   ... total of 1 executions of maven-deploy-plugin replaced with nexus-staging-maven-plugin
[INFO] 
[INFO] ----------------< com.esri.geometry:esri-geometry-api >-----------------
[INFO] Building Esri Geometry API for Java 2.2.4
[INFO] --------------------------------[ jar ]---------------------------------
[INFO] 
[INFO] --- maven-clean-plugin:2.5:clean (default-clean) @ esri-geometry-api ---
[INFO] Deleting /workspaces/xxxx/code_cure_agent/cca_workspace/geometry-api-java/target
[INFO] 
[INFO] --- maven-resources-plugin:2.6:resources (default-resources) @ esri-geometry-api ---
[INFO] Using 'UTF-8' encoding to copy filtered resources.
[INFO] Copying 6 resources
[INFO] 
[INFO] --- maven-compiler-plugin:2.3.1:compile (default-compile) @ esri-geometry-api ---
[INFO] Compiling 262 source files to /workspaces/xxxx/code_cure_agent/cca_workspace/geometry-api-java/target/classes
[INFO] -------------------------------------------------------------
[WARNING] COMPILATION WARNING : 
[INFO] -------------------------------------------------------------
[WARNING] /workspaces/xxxx/code_cure_agent/cca_workspace/geometry-api-java/src/main/java/com/esri/core/geometry/SizeOf.java:[27,22] Unsafe is internal proprietary API and may be removed in a future release

[WARNING] /workspaces/xxxx/code_cure_agent/cca_workspace/geometry-api-java/src/main/java/com/esri/core/geometry/SizeOf.java:[28,22] Unsafe is internal proprietary API and may be removed in a future release

[WARNING] /workspaces/xxxx/code_cure_agent/cca_workspace/geometry-api-java/src/main/java/com/esri/core/geometry/SizeOf.java:[29,22] Unsafe is internal proprietary API and may be removed in a future release

[WARNING] /workspaces/xxxx/code_cure_agent/cca_workspace/geometry-api-java/src/main/java/com/esri/core/geometry/SizeOf.java:[30,22] Unsafe is internal proprietary API and may be removed in a future release

[WARNING] /workspaces/xxxx/code_cure_agent/cca_workspace/geometry-api-java/src/main/java/com/esri/core/geometry/SizeOf.java:[31,22] Unsafe is internal proprietary API and may be removed in a future release

[WARNING] /workspaces/xxxx/code_cure_agent/cca_workspace/geometry-api-java/src/main/java/com/esri/core/geometry/SizeOf.java:[32,22] Unsafe is internal proprietary API and may be removed in a future release

[WARNING] /workspaces/xxxx/code_cure_agent/cca_workspace/geometry-api-java/src/main/java/com/esri/core/geometry/SizeOf.java:[33,22] Unsafe is internal proprietary API and may be removed in a future release

[WARNING] /workspaces/xxxx/code_cure_agent/cca_workspace/geometry-api-java/src/main/java/com/esri/core/geometry/SizeOf.java:[34,22] Unsafe is internal proprietary API and may be removed in a future release

[WARNING] /workspaces/xxxx/code_cure_agent/cca_workspace/geometry-api-java/src/main/java/com/esri/core/geometry/SizeOf.java:[35,22] Unsafe is internal proprietary API and may be removed in a future release

[WARNING] /workspaces/xxxx/code_cure_agent/cca_workspace/geometry-api-java/src/main/java/com/esri/core/geometry/SizeOf.java:[36,22] Unsafe is internal proprietary API and may be removed in a future release

[WARNING] /workspaces/xxxx/code_cure_agent/cca_workspace/geometry-api-java/src/main/java/com/esri/core/geometry/SizeOf.java:[37,22] Unsafe is internal proprietary API and may be removed in a future release

[WARNING] /workspaces/xxxx/code_cure_agent/cca_workspace/geometry-api-java/src/main/java/com/esri/core/geometry/SizeOf.java:[38,22] Unsafe is internal proprietary API and may be removed in a future release

[WARNING] /workspaces/xxxx/code_cure_agent/cca_workspace/geometry-api-java/src/main/java/com/esri/core/geometry/SizeOf.java:[39,22] Unsafe is internal proprietary API and may be removed in a future release

[WARNING] /workspaces/xxxx/code_cure_agent/cca_workspace/geometry-api-java/src/main/java/com/esri/core/geometry/SizeOf.java:[40,22] Unsafe is internal proprietary API and may be removed in a future release

[WARNING] /workspaces/xxxx/code_cure_agent/cca_workspace/geometry-api-java/src/main/java/com/esri/core/geometry/SizeOf.java:[41,22] Unsafe is internal proprietary API and may be removed in a future release

[WARNING] /workspaces/xxxx/code_cure_agent/cca_workspace/geometry-api-java/src/main/java/com/esri/core/geometry/SizeOf.java:[42,22] Unsafe is internal proprietary API and may be removed in a future release

[INFO] 16 warnings 
[INFO] -------------------------------------------------------------
[INFO] -------------------------------------------------------------
[ERROR] COMPILATION ERROR : 
[INFO] -------------------------------------------------------------
[ERROR] /workspaces/xxxx/code_cure_agent/cca_workspace/geometry-api-java/src/main/java/com/esri/core/geometry/OperatorImportFromJsonCursor.java:[268,34] error: cannot find symbol

[INFO] 1error
[INFO] -------------------------------------------------------------
[INFO] ------------------------------------------------------------------------
[INFO] BUILD FAILURE
[INFO] ------------------------------------------------------------------------
[INFO] Total time:  3.276 s
[INFO] Finished at: 2025-08-30T19:02:13Z
[INFO] ------------------------------------------------------------------------
[ERROR] Failed to execute goal org.apache.maven.plugins:maven-compiler-plugin:2.3.1:compile (default-compile) on project esri-geometry-api: Compilation failure
[ERROR] /workspaces/xxxx/code_cure_agent/cca_workspace/geometry-api-java/src/main/java/com/esri/core/geometry/OperatorImportFromJsonCursor.java:[268,34] error: cannot find symbol
[ERROR] -> [Help 1]
[ERROR] 
[ERROR] To see the full stack trace of the errors, re-run Maven with the -e switch.
[ERROR] Re-run Maven using the -X switch to enable full debug logging.
[ERROR] 
[ERROR] For more information about the errors and possible solutions, please read the following articles:
[ERROR] [Help 1] http://cwiki.apache.org/confluence/display/MAVEN/MojoFailureException
