[INFO] Scanning for projects...
[INFO] Inspecting build with total of 8 modules...
[INFO] Installing Nexus Staging features:
[INFO]   ... total of 8 executions of maven-deploy-plugin replaced with nexus-staging-maven-plugin
[INFO] ------------------------------------------------------------------------
[INFO] Reactor Build Order:
[INFO] 
[INFO] org.uma.jmetal:jmetal                                              [pom]
[INFO] org.uma.jmetal:jmetal-core                                         [jar]
[INFO] org.uma.jmetal:jmetal-problem                                      [jar]
[INFO] org.uma.jmetal:jmetal-algorithm                                    [jar]
[INFO] org.uma.jmetal:jmetal-lab                                          [jar]
[INFO] org.uma.jmetal:jmetal-example                                      [jar]
[INFO] org.uma.jmetal:jmetal-experimental                                 [jar]
[INFO] org.uma.jmetal:jmetal-parallel                                     [jar]
[INFO] 
[INFO] -----------------------< org.uma.jmetal:jmetal >------------------------
[INFO] Building org.uma.jmetal:jmetal 5.11-SNAPSHOT                       [1/8]
[INFO] --------------------------------[ pom ]---------------------------------
[INFO] 
[INFO] --- maven-clean-plugin:2.5:clean (default-clean) @ jmetal ---
[INFO] 
[INFO] --- jacoco-maven-plugin:0.8.5:prepare-agent (default) @ jmetal ---
[INFO] argLine set to -javaagent:/home/vscode/.m2/repository/org/jacoco/org.jacoco.agent/0.8.5/org.jacoco.agent-0.8.5-runtime.jar=destfile=/workspaces/master-thesis-pascal-joos/code_cure_agent/cca_workspace/jMetal/target/jacoco.exec
[INFO] 
[INFO] --- jacoco-maven-plugin:0.8.5:report (report) @ jmetal ---
[INFO] Skipping JaCoCo execution due to missing execution data file.
[INFO] 
[INFO] --- maven-source-plugin:2.2.1:jar-no-fork (attach-sources) @ jmetal ---
[INFO] 
[INFO] --- maven-site-plugin:3.7.1:attach-descriptor (attach-descriptor) @ jmetal ---
[INFO] No site descriptor found: nothing to attach.
[INFO] 
[INFO] ---------------------< org.uma.jmetal:jmetal-core >---------------------
[INFO] Building org.uma.jmetal:jmetal-core 5.11-SNAPSHOT                  [2/8]
[INFO] --------------------------------[ jar ]---------------------------------
[INFO] 
[INFO] --- maven-clean-plugin:2.5:clean (default-clean) @ jmetal-core ---
[INFO] Deleting /workspaces/master-thesis-pascal-joos/code_cure_agent/cca_workspace/jMetal/jmetal-core/target
[INFO] 
[INFO] --- jacoco-maven-plugin:0.8.5:prepare-agent (default) @ jmetal-core ---
[INFO] argLine set to -javaagent:/home/vscode/.m2/repository/org/jacoco/org.jacoco.agent/0.8.5/org.jacoco.agent-0.8.5-runtime.jar=destfile=/workspaces/master-thesis-pascal-joos/code_cure_agent/cca_workspace/jMetal/jmetal-core/target/jacoco.exec
[INFO] 
[INFO] --- maven-resources-plugin:2.6:resources (default-resources) @ jmetal-core ---
[INFO] Using 'UTF-8' encoding to copy filtered resources.
[INFO] Copying 90 resources
[INFO] 
[INFO] --- maven-compiler-plugin:3.8.0:compile (default-compile) @ jmetal-core ---
[INFO] Changes detected - recompiling the module!
[INFO] Compiling 299 source files to /workspaces/master-thesis-pascal-joos/code_cure_agent/cca_workspace/jMetal/jmetal-core/target/classes
[INFO] /workspaces/master-thesis-pascal-joos/code_cure_agent/cca_workspace/jMetal/jmetal-core/src/main/java/org/uma/jmetal/util/solutionattribute/impl/GenericSolutionAttribute.java: Some input files use or override a deprecated API.
[INFO] /workspaces/master-thesis-pascal-joos/code_cure_agent/cca_workspace/jMetal/jmetal-core/src/main/java/org/uma/jmetal/util/solutionattribute/impl/GenericSolutionAttribute.java: Recompile with -Xlint:deprecation for details.
[INFO] /workspaces/master-thesis-pascal-joos/code_cure_agent/cca_workspace/jMetal/jmetal-core/src/main/java/org/uma/jmetal/util/observer/impl/ExternalArchiveObserver.java: Some input files use unchecked or unsafe operations.
[INFO] /workspaces/master-thesis-pascal-joos/code_cure_agent/cca_workspace/jMetal/jmetal-core/src/main/java/org/uma/jmetal/util/observer/impl/ExternalArchiveObserver.java: Recompile with -Xlint:unchecked for details.
[INFO] 
[INFO] --- maven-resources-plugin:2.6:testResources (default-testResources) @ jmetal-core ---
[INFO] Using 'UTF-8' encoding to copy filtered resources.
[INFO] Copying 7 resources
[INFO] 
[INFO] --- maven-compiler-plugin:3.8.0:testCompile (default-testCompile) @ jmetal-core ---
[INFO] Changes detected - recompiling the module!
[INFO] Compiling 101 source files to /workspaces/master-thesis-pascal-joos/code_cure_agent/cca_workspace/jMetal/jmetal-core/target/test-classes
[INFO] /workspaces/master-thesis-pascal-joos/code_cure_agent/cca_workspace/jMetal/jmetal-core/src/test/java/org/uma/jmetal/util/comparator/RankingComparatorTest.java: Some input files use or override a deprecated API.
[INFO] /workspaces/master-thesis-pascal-joos/code_cure_agent/cca_workspace/jMetal/jmetal-core/src/test/java/org/uma/jmetal/util/comparator/RankingComparatorTest.java: Recompile with -Xlint:deprecation for details.
[INFO] /workspaces/master-thesis-pascal-joos/code_cure_agent/cca_workspace/jMetal/jmetal-core/src/test/java/org/uma/jmetal/operator/selection/BinaryTournamentSelectionTest.java: /workspaces/master-thesis-pascal-joos/code_cure_agent/cca_workspace/jMetal/jmetal-core/src/test/java/org/uma/jmetal/operator/selection/BinaryTournamentSelectionTest.java uses unchecked or unsafe operations.
[INFO] /workspaces/master-thesis-pascal-joos/code_cure_agent/cca_workspace/jMetal/jmetal-core/src/test/java/org/uma/jmetal/operator/selection/BinaryTournamentSelectionTest.java: Recompile with -Xlint:unchecked for details.
[INFO] 
[INFO] --- maven-surefire-plugin:2.12.4:test (default-test) @ jmetal-core ---
[INFO] Tests are skipped.
[INFO] 
[INFO] --- jacoco-maven-plugin:0.8.5:report (report) @ jmetal-core ---
[INFO] Skipping JaCoCo execution due to missing execution data file.
[INFO] 
[INFO] --- maven-jar-plugin:2.4:jar (default-jar) @ jmetal-core ---
[INFO] Building jar: /workspaces/master-thesis-pascal-joos/code_cure_agent/cca_workspace/jMetal/jmetal-core/target/jmetal-core-5.11-SNAPSHOT.jar
[INFO] 
[INFO] --- maven-assembly-plugin:2.4:single (make-assembly) @ jmetal-core ---
[INFO] Building jar: /workspaces/master-thesis-pascal-joos/code_cure_agent/cca_workspace/jMetal/jmetal-core/target/jmetal-core-5.11-SNAPSHOT-jar-with-dependencies.jar
[INFO] 
[INFO] --- maven-source-plugin:2.2.1:jar-no-fork (attach-sources) @ jmetal-core ---
[INFO] Building jar: /workspaces/master-thesis-pascal-joos/code_cure_agent/cca_workspace/jMetal/jmetal-core/target/jmetal-core-5.11-SNAPSHOT-sources.jar
[INFO] 
[INFO] --- maven-site-plugin:3.7.1:attach-descriptor (attach-descriptor) @ jmetal-core ---
[INFO] Skipping because packaging 'jar' is not pom.
[INFO] 
[INFO] -------------------< org.uma.jmetal:jmetal-problem >--------------------
[INFO] Building org.uma.jmetal:jmetal-problem 5.11-SNAPSHOT               [3/8]
[INFO] --------------------------------[ jar ]---------------------------------
[INFO] 
[INFO] --- maven-clean-plugin:2.5:clean (default-clean) @ jmetal-problem ---
[INFO] Deleting /workspaces/master-thesis-pascal-joos/code_cure_agent/cca_workspace/jMetal/jmetal-problem/target
[INFO] 
[INFO] --- jacoco-maven-plugin:0.8.5:prepare-agent (default) @ jmetal-problem ---
[INFO] argLine set to -javaagent:/home/vscode/.m2/repository/org/jacoco/org.jacoco.agent/0.8.5/org.jacoco.agent-0.8.5-runtime.jar=destfile=/workspaces/master-thesis-pascal-joos/code_cure_agent/cca_workspace/jMetal/jmetal-problem/target/jacoco.exec
[INFO] 
[INFO] --- maven-resources-plugin:2.6:resources (default-resources) @ jmetal-problem ---
[INFO] Using 'UTF-8' encoding to copy filtered resources.
[INFO] Copying 113 resources
[INFO] 
[INFO] --- maven-compiler-plugin:3.8.0:compile (default-compile) @ jmetal-problem ---
[INFO] Changes detected - recompiling the module!
[INFO] Compiling 190 source files to /workspaces/master-thesis-pascal-joos/code_cure_agent/cca_workspace/jMetal/jmetal-problem/target/classes
[INFO] -------------------------------------------------------------
[ERROR] COMPILATION ERROR : 
[INFO] -------------------------------------------------------------
[ERROR] /workspaces/master-thesis-pascal-joos/code_cure_agent/cca_workspace/jMetal/jmetal-problem/src/main/java/org/uma/jmetal/problem/multiobjective/ebes/Ebes.java:[4059,13] cannot find symbol
  symbol:   variable Strain
  location: class org.uma.jmetal.problem.multiobjective.ebes.Ebes
[ERROR] /workspaces/master-thesis-pascal-joos/code_cure_agent/cca_workspace/jMetal/jmetal-problem/src/main/java/org/uma/jmetal/problem/multiobjective/ebes/Ebes.java:[4061,13] cannot find symbol
  symbol:   variable Strain
  location: class org.uma.jmetal.problem.multiobjective.ebes.Ebes
[ERROR] /workspaces/master-thesis-pascal-joos/code_cure_agent/cca_workspace/jMetal/jmetal-problem/src/main/java/org/uma/jmetal/problem/multiobjective/ebes/Ebes.java:[4063,13] cannot find symbol
  symbol:   variable Strain
  location: class org.uma.jmetal.problem.multiobjective.ebes.Ebes
[ERROR] /workspaces/master-thesis-pascal-joos/code_cure_agent/cca_workspace/jMetal/jmetal-problem/src/main/java/org/uma/jmetal/problem/multiobjective/ebes/Ebes.java:[4064,13] cannot find symbol
  symbol:   variable Strain
  location: class org.uma.jmetal.problem.multiobjective.ebes.Ebes
[ERROR] /workspaces/master-thesis-pascal-joos/code_cure_agent/cca_workspace/jMetal/jmetal-problem/src/main/java/org/uma/jmetal/problem/multiobjective/ebes/Ebes.java:[4067,24] cannot find symbol
  symbol:   variable Strain
  location: class org.uma.jmetal.problem.multiobjective.ebes.Ebes
[ERROR] /workspaces/master-thesis-pascal-joos/code_cure_agent/cca_workspace/jMetal/jmetal-problem/src/main/java/org/uma/jmetal/problem/multiobjective/ebes/Ebes.java:[4069,24] cannot find symbol
  symbol:   variable Strain
  location: class org.uma.jmetal.problem.multiobjective.ebes.Ebes
[ERROR] /workspaces/master-thesis-pascal-joos/code_cure_agent/cca_workspace/jMetal/jmetal-problem/src/main/java/org/uma/jmetal/problem/multiobjective/ebes/Ebes.java:[4074,12] cannot find symbol
  symbol:   variable Strain
  location: class org.uma.jmetal.problem.multiobjective.ebes.Ebes
[INFO] 7 errors 
[INFO] -------------------------------------------------------------
[INFO] ------------------------------------------------------------------------
[INFO] Reactor Summary for org.uma.jmetal:jmetal 5.11-SNAPSHOT:
[INFO] 
[INFO] org.uma.jmetal:jmetal .............................. SUCCESS [  0.989 s]
[INFO] org.uma.jmetal:jmetal-core ......................... SUCCESS [ 11.937 s]
[INFO] org.uma.jmetal:jmetal-problem ...................... FAILURE [  0.747 s]
[INFO] org.uma.jmetal:jmetal-algorithm .................... SKIPPED
[INFO] org.uma.jmetal:jmetal-lab .......................... SKIPPED
[INFO] org.uma.jmetal:jmetal-example ...................... SKIPPED
[INFO] org.uma.jmetal:jmetal-experimental ................. SKIPPED
[INFO] org.uma.jmetal:jmetal-parallel ..................... SKIPPED
[INFO] ------------------------------------------------------------------------
[INFO] BUILD FAILURE
[INFO] ------------------------------------------------------------------------
[INFO] Total time:  14.171 s
[INFO] Finished at: 2025-08-31T02:28:33Z
[INFO] ------------------------------------------------------------------------
[ERROR] Failed to execute goal org.apache.maven.plugins:maven-compiler-plugin:3.8.0:compile (default-compile) on project jmetal-problem: Compilation failure: Compilation failure: 
[ERROR] /workspaces/master-thesis-pascal-joos/code_cure_agent/cca_workspace/jMetal/jmetal-problem/src/main/java/org/uma/jmetal/problem/multiobjective/ebes/Ebes.java:[4059,13] cannot find symbol
[ERROR]   symbol:   variable Strain
[ERROR]   location: class org.uma.jmetal.problem.multiobjective.ebes.Ebes
[ERROR] /workspaces/master-thesis-pascal-joos/code_cure_agent/cca_workspace/jMetal/jmetal-problem/src/main/java/org/uma/jmetal/problem/multiobjective/ebes/Ebes.java:[4061,13] cannot find symbol
[ERROR]   symbol:   variable Strain
[ERROR]   location: class org.uma.jmetal.problem.multiobjective.ebes.Ebes
[ERROR] /workspaces/master-thesis-pascal-joos/code_cure_agent/cca_workspace/jMetal/jmetal-problem/src/main/java/org/uma/jmetal/problem/multiobjective/ebes/Ebes.java:[4063,13] cannot find symbol
[ERROR]   symbol:   variable Strain
[ERROR]   location: class org.uma.jmetal.problem.multiobjective.ebes.Ebes
[ERROR] /workspaces/master-thesis-pascal-joos/code_cure_agent/cca_workspace/jMetal/jmetal-problem/src/main/java/org/uma/jmetal/problem/multiobjective/ebes/Ebes.java:[4064,13] cannot find symbol
[ERROR]   symbol:   variable Strain
[ERROR]   location: class org.uma.jmetal.problem.multiobjective.ebes.Ebes
[ERROR] /workspaces/master-thesis-pascal-joos/code_cure_agent/cca_workspace/jMetal/jmetal-problem/src/main/java/org/uma/jmetal/problem/multiobjective/ebes/Ebes.java:[4067,24] cannot find symbol
[ERROR]   symbol:   variable Strain
[ERROR]   location: class org.uma.jmetal.problem.multiobjective.ebes.Ebes
[ERROR] /workspaces/master-thesis-pascal-joos/code_cure_agent/cca_workspace/jMetal/jmetal-problem/src/main/java/org/uma/jmetal/problem/multiobjective/ebes/Ebes.java:[4069,24] cannot find symbol
[ERROR]   symbol:   variable Strain
[ERROR]   location: class org.uma.jmetal.problem.multiobjective.ebes.Ebes
[ERROR] /workspaces/master-thesis-pascal-joos/code_cure_agent/cca_workspace/jMetal/jmetal-problem/src/main/java/org/uma/jmetal/problem/multiobjective/ebes/Ebes.java:[4074,12] cannot find symbol
[ERROR]   symbol:   variable Strain
[ERROR]   location: class org.uma.jmetal.problem.multiobjective.ebes.Ebes
[ERROR] -> [Help 1]
[ERROR] 
[ERROR] To see the full stack trace of the errors, re-run Maven with the -e switch.
[ERROR] Re-run Maven using the -X switch to enable full debug logging.
[ERROR] 
[ERROR] For more information about the errors and possible solutions, please read the following articles:
[ERROR] [Help 1] http://cwiki.apache.org/confluence/display/MAVEN/MojoFailureException
[ERROR] 
[ERROR] After correcting the problems, you can resume the build with the command
[ERROR]   mvn <args> -rf :jmetal-problem
