[INFO] Scanning for projects...
[INFO] 
[INFO] --------------------< com.github.lookfirst:sardine >--------------------
[INFO] Building Sardine WebDAV client 5.11-SNAPSHOT
[INFO] --------------------------------[ jar ]---------------------------------
[INFO] 
[INFO] --- maven-clean-plugin:2.5:clean (default-clean) @ sardine ---
[INFO] Deleting /workspaces/xxxx/code_cure_agent/cca_workspace/sardine/target
[INFO] 
[INFO] --- maven-enforcer-plugin:1.0:enforce (enforce-maven) @ sardine ---
[INFO] 
[INFO] --- maven-resources-plugin:2.6:resources (default-resources) @ sardine ---
[INFO] Using 'UTF-8' encoding to copy filtered resources.
[INFO] Copying 1 resource
[INFO] 
[INFO] --- maven-compiler-plugin:3.3:compile (default-compile) @ sardine ---
[INFO] Changes detected - recompiling the module!
[INFO] Compiling 125 source files to /workspaces/xxxx/code_cure_agent/cca_workspace/sardine/target/classes
[INFO] /workspaces/xxxx/code_cure_agent/cca_workspace/sardine/src/main/java/com/github/sardine/util/SardineUtil.java: Some input files use or override a deprecated API.
[INFO] /workspaces/xxxx/code_cure_agent/cca_workspace/sardine/src/main/java/com/github/sardine/util/SardineUtil.java: Recompile with -Xlint:deprecation for details.
[INFO] /workspaces/xxxx/code_cure_agent/cca_workspace/sardine/src/main/java/com/github/sardine/impl/SardineImpl.java: /workspaces/xxxx/code_cure_agent/cca_workspace/sardine/src/main/java/com/github/sardine/impl/SardineImpl.java uses unchecked or unsafe operations.
[INFO] /workspaces/xxxx/code_cure_agent/cca_workspace/sardine/src/main/java/com/github/sardine/impl/SardineImpl.java: Recompile with -Xlint:unchecked for details.
[INFO] 
[INFO] --- maven-resources-plugin:2.6:testResources (default-testResources) @ sardine ---
[INFO] Using 'UTF-8' encoding to copy filtered resources.
[INFO] skip non existing resourceDirectory /workspaces/xxxx/code_cure_agent/cca_workspace/sardine/src/test/resources
[INFO] 
[INFO] --- maven-compiler-plugin:3.3:testCompile (default-testCompile) @ sardine ---
[INFO] Changes detected - recompiling the module!
[INFO] Compiling 11 source files to /workspaces/xxxx/code_cure_agent/cca_workspace/sardine/target/test-classes
[INFO] -------------------------------------------------------------
[ERROR] COMPILATION ERROR : 
[INFO] -------------------------------------------------------------
[ERROR] /workspaces/xxxx/code_cure_agent/cca_workspace/sardine/src/test/java/com/github/sardine/impl/handler/MultiStatusResponseHandlerTest.java:[77,9] illegal start of expression
[ERROR] /workspaces/xxxx/code_cure_agent/cca_workspace/sardine/src/test/java/com/github/sardine/impl/handler/MultiStatusResponseHandlerTest.java:[230,33] illegal start of type
[ERROR] /workspaces/xxxx/code_cure_agent/cca_workspace/sardine/src/test/java/com/github/sardine/impl/handler/MultiStatusResponseHandlerTest.java:[546,17] invalid method declaration; return type required
[ERROR] /workspaces/xxxx/code_cure_agent/cca_workspace/sardine/src/test/java/com/github/sardine/impl/handler/MultiStatusResponseHandlerTest.java:[546,37] <identifier> expected
[ERROR] /workspaces/xxxx/code_cure_agent/cca_workspace/sardine/src/test/java/com/github/sardine/impl/handler/MultiStatusResponseHandlerTest.java:[547,17] invalid method declaration; return type required
[ERROR] /workspaces/xxxx/code_cure_agent/cca_workspace/sardine/src/test/java/com/github/sardine/impl/handler/MultiStatusResponseHandlerTest.java:[547,30] illegal start of type
[ERROR] /workspaces/xxxx/code_cure_agent/cca_workspace/sardine/src/test/java/com/github/sardine/impl/handler/MultiStatusResponseHandlerTest.java:[551,16] class, interface, or enum expected
[ERROR] /workspaces/xxxx/code_cure_agent/cca_workspace/sardine/src/test/java/com/github/sardine/impl/handler/MultiStatusResponseHandlerTest.java:[685,17] class, interface, or enum expected
[ERROR] /workspaces/xxxx/code_cure_agent/cca_workspace/sardine/src/test/java/com/github/sardine/impl/handler/MultiStatusResponseHandlerTest.java:[688,25] class, interface, or enum expected
[ERROR] /workspaces/xxxx/code_cure_agent/cca_workspace/sardine/src/test/java/com/github/sardine/impl/handler/MultiStatusResponseHandlerTest.java:[689,25] class, interface, or enum expected
[ERROR] /workspaces/xxxx/code_cure_agent/cca_workspace/sardine/src/test/java/com/github/sardine/impl/handler/MultiStatusResponseHandlerTest.java:[690,25] class, interface, or enum expected
[ERROR] /workspaces/xxxx/code_cure_agent/cca_workspace/sardine/src/test/java/com/github/sardine/impl/handler/MultiStatusResponseHandlerTest.java:[691,25] class, interface, or enum expected
[ERROR] /workspaces/xxxx/code_cure_agent/cca_workspace/sardine/src/test/java/com/github/sardine/impl/handler/MultiStatusResponseHandlerTest.java:[692,25] class, interface, or enum expected
[ERROR] /workspaces/xxxx/code_cure_agent/cca_workspace/sardine/src/test/java/com/github/sardine/impl/handler/MultiStatusResponseHandlerTest.java:[693,25] class, interface, or enum expected
[ERROR] /workspaces/xxxx/code_cure_agent/cca_workspace/sardine/src/test/java/com/github/sardine/impl/handler/MultiStatusResponseHandlerTest.java:[694,25] class, interface, or enum expected
[ERROR] /workspaces/xxxx/code_cure_agent/cca_workspace/sardine/src/test/java/com/github/sardine/impl/handler/MultiStatusResponseHandlerTest.java:[695,25] class, interface, or enum expected
[ERROR] /workspaces/xxxx/code_cure_agent/cca_workspace/sardine/src/test/java/com/github/sardine/impl/handler/MultiStatusResponseHandlerTest.java:[696,25] class, interface, or enum expected
[ERROR] /workspaces/xxxx/code_cure_agent/cca_workspace/sardine/src/test/java/com/github/sardine/impl/handler/MultiStatusResponseHandlerTest.java:[697,25] class, interface, or enum expected
[ERROR] /workspaces/xxxx/code_cure_agent/cca_workspace/sardine/src/test/java/com/github/sardine/impl/handler/MultiStatusResponseHandlerTest.java:[699,25] class, interface, or enum expected
[ERROR] /workspaces/xxxx/code_cure_agent/cca_workspace/sardine/src/test/java/com/github/sardine/impl/handler/MultiStatusResponseHandlerTest.java:[700,25] class, interface, or enum expected
[ERROR] /workspaces/xxxx/code_cure_agent/cca_workspace/sardine/src/test/java/com/github/sardine/impl/handler/MultiStatusResponseHandlerTest.java:[701,25] class, interface, or enum expected
[ERROR] /workspaces/xxxx/code_cure_agent/cca_workspace/sardine/src/test/java/com/github/sardine/impl/handler/MultiStatusResponseHandlerTest.java:[702,25] class, interface, or enum expected
[ERROR] /workspaces/xxxx/code_cure_agent/cca_workspace/sardine/src/test/java/com/github/sardine/impl/handler/MultiStatusResponseHandlerTest.java:[703,25] class, interface, or enum expected
[ERROR] /workspaces/xxxx/code_cure_agent/cca_workspace/sardine/src/test/java/com/github/sardine/impl/handler/MultiStatusResponseHandlerTest.java:[705,25] class, interface, or enum expected
[ERROR] /workspaces/xxxx/code_cure_agent/cca_workspace/sardine/src/test/java/com/github/sardine/impl/handler/MultiStatusResponseHandlerTest.java:[706,25] class, interface, or enum expected
[ERROR] /workspaces/xxxx/code_cure_agent/cca_workspace/sardine/src/test/java/com/github/sardine/impl/handler/MultiStatusResponseHandlerTest.java:[708,25] class, interface, or enum expected
[ERROR] /workspaces/xxxx/code_cure_agent/cca_workspace/sardine/src/test/java/com/github/sardine/impl/handler/MultiStatusResponseHandlerTest.java:[709,25] class, interface, or enum expected
[ERROR] /workspaces/xxxx/code_cure_agent/cca_workspace/sardine/src/test/java/com/github/sardine/impl/handler/MultiStatusResponseHandlerTest.java:[711,25] class, interface, or enum expected
[ERROR] /workspaces/xxxx/code_cure_agent/cca_workspace/sardine/src/test/java/com/github/sardine/impl/handler/MultiStatusResponseHandlerTest.java:[712,25] class, interface, or enum expected
[ERROR] /workspaces/xxxx/code_cure_agent/cca_workspace/sardine/src/test/java/com/github/sardine/impl/handler/MultiStatusResponseHandlerTest.java:[714,25] class, interface, or enum expected
[ERROR] /workspaces/xxxx/code_cure_agent/cca_workspace/sardine/src/test/java/com/github/sardine/impl/handler/MultiStatusResponseHandlerTest.java:[716,25] class, interface, or enum expected
[ERROR] /workspaces/xxxx/code_cure_agent/cca_workspace/sardine/src/test/java/com/github/sardine/impl/handler/MultiStatusResponseHandlerTest.java:[717,17] class, interface, or enum expected
[INFO] 32 errors 
[INFO] -------------------------------------------------------------
[INFO] ------------------------------------------------------------------------
[INFO] BUILD FAILURE
[INFO] ------------------------------------------------------------------------
[INFO] Total time:  2.088 s
[INFO] Finished at: 2025-08-30T03:42:50Z
[INFO] ------------------------------------------------------------------------
[ERROR] Failed to execute goal org.apache.maven.plugins:maven-compiler-plugin:3.3:testCompile (default-testCompile) on project sardine: Compilation failure: Compilation failure: 
[ERROR] /workspaces/xxxx/code_cure_agent/cca_workspace/sardine/src/test/java/com/github/sardine/impl/handler/MultiStatusResponseHandlerTest.java:[77,9] illegal start of expression
[ERROR] /workspaces/xxxx/code_cure_agent/cca_workspace/sardine/src/test/java/com/github/sardine/impl/handler/MultiStatusResponseHandlerTest.java:[230,33] illegal start of type
[ERROR] /workspaces/xxxx/code_cure_agent/cca_workspace/sardine/src/test/java/com/github/sardine/impl/handler/MultiStatusResponseHandlerTest.java:[546,17] invalid method declaration; return type required
[ERROR] /workspaces/xxxx/code_cure_agent/cca_workspace/sardine/src/test/java/com/github/sardine/impl/handler/MultiStatusResponseHandlerTest.java:[546,37] <identifier> expected
[ERROR] /workspaces/xxxx/code_cure_agent/cca_workspace/sardine/src/test/java/com/github/sardine/impl/handler/MultiStatusResponseHandlerTest.java:[547,17] invalid method declaration; return type required
[ERROR] /workspaces/xxxx/code_cure_agent/cca_workspace/sardine/src/test/java/com/github/sardine/impl/handler/MultiStatusResponseHandlerTest.java:[547,30] illegal start of type
[ERROR] /workspaces/xxxx/code_cure_agent/cca_workspace/sardine/src/test/java/com/github/sardine/impl/handler/MultiStatusResponseHandlerTest.java:[551,16] class, interface, or enum expected
[ERROR] /workspaces/xxxx/code_cure_agent/cca_workspace/sardine/src/test/java/com/github/sardine/impl/handler/MultiStatusResponseHandlerTest.java:[685,17] class, interface, or enum expected
[ERROR] /workspaces/xxxx/code_cure_agent/cca_workspace/sardine/src/test/java/com/github/sardine/impl/handler/MultiStatusResponseHandlerTest.java:[688,25] class, interface, or enum expected
[ERROR] /workspaces/xxxx/code_cure_agent/cca_workspace/sardine/src/test/java/com/github/sardine/impl/handler/MultiStatusResponseHandlerTest.java:[689,25] class, interface, or enum expected
[ERROR] /workspaces/xxxx/code_cure_agent/cca_workspace/sardine/src/test/java/com/github/sardine/impl/handler/MultiStatusResponseHandlerTest.java:[690,25] class, interface, or enum expected
[ERROR] /workspaces/xxxx/code_cure_agent/cca_workspace/sardine/src/test/java/com/github/sardine/impl/handler/MultiStatusResponseHandlerTest.java:[691,25] class, interface, or enum expected
[ERROR] /workspaces/xxxx/code_cure_agent/cca_workspace/sardine/src/test/java/com/github/sardine/impl/handler/MultiStatusResponseHandlerTest.java:[692,25] class, interface, or enum expected
[ERROR] /workspaces/xxxx/code_cure_agent/cca_workspace/sardine/src/test/java/com/github/sardine/impl/handler/MultiStatusResponseHandlerTest.java:[693,25] class, interface, or enum expected
[ERROR] /workspaces/xxxx/code_cure_agent/cca_workspace/sardine/src/test/java/com/github/sardine/impl/handler/MultiStatusResponseHandlerTest.java:[694,25] class, interface, or enum expected
[ERROR] /workspaces/xxxx/code_cure_agent/cca_workspace/sardine/src/test/java/com/github/sardine/impl/handler/MultiStatusResponseHandlerTest.java:[695,25] class, interface, or enum expected
[ERROR] /workspaces/xxxx/code_cure_agent/cca_workspace/sardine/src/test/java/com/github/sardine/impl/handler/MultiStatusResponseHandlerTest.java:[696,25] class, interface, or enum expected
[ERROR] /workspaces/xxxx/code_cure_agent/cca_workspace/sardine/src/test/java/com/github/sardine/impl/handler/MultiStatusResponseHandlerTest.java:[697,25] class, interface, or enum expected
[ERROR] /workspaces/xxxx/code_cure_agent/cca_workspace/sardine/src/test/java/com/github/sardine/impl/handler/MultiStatusResponseHandlerTest.java:[699,25] class, interface, or enum expected
[ERROR] /workspaces/xxxx/code_cure_agent/cca_workspace/sardine/src/test/java/com/github/sardine/impl/handler/MultiStatusResponseHandlerTest.java:[700,25] class, interface, or enum expected
[ERROR] /workspaces/xxxx/code_cure_agent/cca_workspace/sardine/src/test/java/com/github/sardine/impl/handler/MultiStatusResponseHandlerTest.java:[701,25] class, interface, or enum expected
[ERROR] /workspaces/xxxx/code_cure_agent/cca_workspace/sardine/src/test/java/com/github/sardine/impl/handler/MultiStatusResponseHandlerTest.java:[702,25] class, interface, or enum expected
[ERROR] /workspaces/xxxx/code_cure_agent/cca_workspace/sardine/src/test/java/com/github/sardine/impl/handler/MultiStatusResponseHandlerTest.java:[703,25] class, interface, or enum expected
[ERROR] /workspaces/xxxx/code_cure_agent/cca_workspace/sardine/src/test/java/com/github/sardine/impl/handler/MultiStatusResponseHandlerTest.java:[705,25] class, interface, or enum expected
[ERROR] /workspaces/xxxx/code_cure_agent/cca_workspace/sardine/src/test/java/com/github/sardine/impl/handler/MultiStatusResponseHandlerTest.java:[706,25] class, interface, or enum expected
[ERROR] /workspaces/xxxx/code_cure_agent/cca_workspace/sardine/src/test/java/com/github/sardine/impl/handler/MultiStatusResponseHandlerTest.java:[708,25] class, interface, or enum expected
[ERROR] /workspaces/xxxx/code_cure_agent/cca_workspace/sardine/src/test/java/com/github/sardine/impl/handler/MultiStatusResponseHandlerTest.java:[709,25] class, interface, or enum expected
[ERROR] /workspaces/xxxx/code_cure_agent/cca_workspace/sardine/src/test/java/com/github/sardine/impl/handler/MultiStatusResponseHandlerTest.java:[711,25] class, interface, or enum expected
[ERROR] /workspaces/xxxx/code_cure_agent/cca_workspace/sardine/src/test/java/com/github/sardine/impl/handler/MultiStatusResponseHandlerTest.java:[712,25] class, interface, or enum expected
[ERROR] /workspaces/xxxx/code_cure_agent/cca_workspace/sardine/src/test/java/com/github/sardine/impl/handler/MultiStatusResponseHandlerTest.java:[714,25] class, interface, or enum expected
[ERROR] /workspaces/xxxx/code_cure_agent/cca_workspace/sardine/src/test/java/com/github/sardine/impl/handler/MultiStatusResponseHandlerTest.java:[716,25] class, interface, or enum expected
[ERROR] /workspaces/xxxx/code_cure_agent/cca_workspace/sardine/src/test/java/com/github/sardine/impl/handler/MultiStatusResponseHandlerTest.java:[717,17] class, interface, or enum expected
[ERROR] -> [Help 1]
[ERROR] 
[ERROR] To see the full stack trace of the errors, re-run Maven with the -e switch.
[ERROR] Re-run Maven using the -X switch to enable full debug logging.
[ERROR] 
[ERROR] For more information about the errors and possible solutions, please read the following articles:
[ERROR] [Help 1] http://cwiki.apache.org/confluence/display/MAVEN/MojoFailureException
