[INFO] Scanning for projects...
[WARNING] Could not transfer metadata org.codehaus.groovy:groovy-eclipse-batch/maven-metadata.xml from/to codehaus.org (http://repository.codehaus.org): Transfer failed for http://repository.codehaus.org/org/codehaus/groovy/groovy-eclipse-batch/maven-metadata.xml
[WARNING] Could not transfer metadata org.codehaus.groovy:groovy-eclipse-batch/maven-metadata.xml from/to codehaus-snapshots (http://nexus.codehaus.org/snapshots/): Transfer failed for http://nexus.codehaus.org/snapshots/org/codehaus/groovy/groovy-eclipse-batch/maven-metadata.xml
[INFO] ------------------------------------------------------------------------
[INFO] Reactor Build Order:
[INFO] 
[INFO] license-maven-plugin-parent                                        [pom]
[INFO] license-maven-plugin                                      [maven-plugin]
[INFO] license-maven-plugin-git                                           [jar]
[INFO] license-maven-plugin-svn                                           [jar]
[INFO] 
[INFO] ---------------< com.mycila:license-maven-plugin-parent >---------------
[INFO] Building license-maven-plugin-parent 4.0-SNAPSHOT                  [1/4]
[INFO] --------------------------------[ pom ]---------------------------------
[INFO] 
[INFO] --- maven-clean-plugin:2.5:clean (default-clean) @ license-maven-plugin-parent ---
[INFO] Deleting /workspaces/master-thesis-pascal-joos/code_cure_agent/cca_workspace/license-maven-plugin (includes = [dependency-reduced-pom.xml, dependency-reduced-pom-*.xml], excludes = [])
[INFO] 
[INFO] --- maven-enforcer-plugin:1.1.1:enforce (enforce-maven) @ license-maven-plugin-parent ---
[INFO] 
[INFO] >>> maven-source-plugin:2.2.1:jar (default) > generate-sources @ license-maven-plugin-parent >>>
[INFO] 
[INFO] --- maven-enforcer-plugin:1.1.1:enforce (enforce-maven) @ license-maven-plugin-parent ---
[INFO] 
[INFO] <<< maven-source-plugin:2.2.1:jar (default) < generate-sources @ license-maven-plugin-parent <<<
[INFO] 
[INFO] 
[INFO] --- maven-source-plugin:2.2.1:jar (default) @ license-maven-plugin-parent ---
[INFO] 
[INFO] --- maven-site-plugin:3.9.0:attach-descriptor (attach-descriptor) @ license-maven-plugin-parent ---
[INFO] No site descriptor found: nothing to attach.
[INFO] 
[INFO] ------------------< com.mycila:license-maven-plugin >-------------------
[INFO] Building license-maven-plugin 4.0-SNAPSHOT                         [2/4]
[INFO] ----------------------------[ maven-plugin ]----------------------------
[INFO] 
[INFO] --- maven-clean-plugin:2.5:clean (default-clean) @ license-maven-plugin ---
[INFO] Deleting /workspaces/master-thesis-pascal-joos/code_cure_agent/cca_workspace/license-maven-plugin/license-maven-plugin/target
[INFO] Deleting /workspaces/master-thesis-pascal-joos/code_cure_agent/cca_workspace/license-maven-plugin/license-maven-plugin (includes = [dependency-reduced-pom.xml, dependency-reduced-pom-*.xml], excludes = [])
[INFO] 
[INFO] --- maven-enforcer-plugin:1.1.1:enforce (enforce-maven) @ license-maven-plugin ---
[INFO] 
[INFO] --- groovy-eclipse-compiler:2.8.0-01:add-groovy-build-paths (default-add-groovy-build-paths) @ license-maven-plugin ---
[INFO] Adding /src/main/groovy to the list of source folders
[INFO] Adding /src/test/groovy to the list of test source folders
[INFO] 
[INFO] --- maven-plugin-plugin:3.2:helpmojo (generate-helpmojo) @ license-maven-plugin ---
[INFO] Using 'UTF-8' encoding to read mojo metadata.
[INFO] Applying mojo extractor for language: java
[INFO] Mojo extractor for language: java found 0 mojo descriptors.
[INFO] Applying mojo extractor for language: bsh
[INFO] Mojo extractor for language: bsh found 0 mojo descriptors.
[INFO] Applying mojo extractor for language: java-annotations
[INFO] Mojo extractor for language: java-annotations found 0 mojo descriptors.
[INFO] 
[INFO] --- maven-plugin-plugin:3.2:descriptor (default-descriptor) @ license-maven-plugin ---
[INFO] Using 'UTF-8' encoding to read mojo metadata.
[INFO] Applying mojo extractor for language: java
[INFO] Mojo extractor for language: java found 0 mojo descriptors.
[INFO] Applying mojo extractor for language: bsh
[INFO] Mojo extractor for language: bsh found 0 mojo descriptors.
[INFO] Applying mojo extractor for language: java-annotations
[INFO] Mojo extractor for language: java-annotations found 0 mojo descriptors.
[INFO] 
[INFO] --- maven-resources-plugin:2.4.3:resources (default-resources) @ license-maven-plugin ---
[INFO] Using 'UTF-8' encoding to copy filtered resources.
[INFO] Copying 23 resources
[INFO] 
[INFO] --- maven-compiler-plugin:3.8.1:compile (default-compile) @ license-maven-plugin ---
[INFO] Changes detected - recompiling the module!
[INFO] Using Groovy-Eclipse compiler to compile both Java and Groovy files
[INFO] 
[INFO] --- maven-plugin-plugin:3.2:descriptor (generate-descriptor) @ license-maven-plugin ---
[INFO] Using 'UTF-8' encoding to read mojo metadata.
[INFO] Applying mojo extractor for language: java
[INFO] Mojo extractor for language: java found 0 mojo descriptors.
[INFO] Applying mojo extractor for language: bsh
[INFO] Mojo extractor for language: bsh found 0 mojo descriptors.
[INFO] Applying mojo extractor for language: java-annotations
[INFO] Mojo extractor for language: java-annotations found 4 mojo descriptors.
[INFO] 
[INFO] --- maven-resources-plugin:2.4.3:testResources (default-testResources) @ license-maven-plugin ---
[INFO] Using 'UTF-8' encoding to copy filtered resources.
[INFO] Copying 117 resources
[INFO] 
[INFO] --- maven-compiler-plugin:3.8.1:testCompile (default-testCompile) @ license-maven-plugin ---
[INFO] Changes detected - recompiling the module!
[INFO] Using Groovy-Eclipse compiler to compile both Java and Groovy files
[INFO] 4 problems (4 errors)
[INFO] -------------------------------------------------------------
[ERROR] COMPILATION ERROR : 
[INFO] -------------------------------------------------------------
[ERROR] /workspaces/master-thesis-pascal-joos/code_cure_agent/cca_workspace/license-maven-plugin/license-maven-plugin/src/test/java/com/mycila/maven/plugin/license/UpdateMojoTest.java:[299,1] 
1. ERROR in /workspaces/master-thesis-pascal-joos/code_cure_agent/cca_workspace/license-maven-plugin/license-maven-plugin/src/test/java/com/mycila/maven/plugin/license/UpdateMojoTest.java (at line 299)
	}
	^
Syntax error, insert "}" to complete ClassBody
[ERROR] /workspaces/master-thesis-pascal-joos/code_cure_agent/cca_workspace/license-maven-plugin/license-maven-plugin/src/test/java/com/mycila/maven/plugin/license/UpdateMojoTest.java:[317,33] 
2. ERROR in /workspaces/master-thesis-pascal-joos/code_cure_agent/cca_workspace/license-maven-plugin/license-maven-plugin/src/test/java/com/mycila/maven/plugin/license/UpdateMojoTest.java (at line 317)
	execution2.legacyConfigHeader = SRC_TEST_RESOURCES_UPDATE_ISSUE37_XWIKI
	                                ^^^^^^^^^^^^^^^^^^^^^^^^^^^^^^^^^^^^^^^
Syntax error, insert ":: IdentifierOrNew" to complete Expression
[ERROR] /workspaces/master-thesis-pascal-joos/code_cure_agent/cca_workspace/license-maven-plugin/license-maven-plugin/src/test/java/com/mycila/maven/plugin/license/UpdateMojoTest.java:[317,33] 
3. ERROR in /workspaces/master-thesis-pascal-joos/code_cure_agent/cca_workspace/license-maven-plugin/license-maven-plugin/src/test/java/com/mycila/maven/plugin/license/UpdateMojoTest.java (at line 317)
	execution2.legacyConfigHeader = SRC_TEST_RESOURCES_UPDATE_ISSUE37_XWIKI
	                                ^^^^^^^^^^^^^^^^^^^^^^^^^^^^^^^^^^^^^^^
Syntax error, insert ";" to complete Statement
[ERROR] /workspaces/master-thesis-pascal-joos/code_cure_agent/cca_workspace/license-maven-plugin/license-maven-plugin/src/test/java/com/mycila/maven/plugin/license/UpdateMojoTest.java:[317,33] 
4. ERROR in /workspaces/master-thesis-pascal-joos/code_cure_agent/cca_workspace/license-maven-plugin/license-maven-plugin/src/test/java/com/mycila/maven/plugin/license/UpdateMojoTest.java (at line 317)
	execution2.legacyConfigHeader = SRC_TEST_RESOURCES_UPDATE_ISSUE37_XWIKI
	                                ^^^^^^^^^^^^^^^^^^^^^^^^^^^^^^^^^^^^^^^
Syntax error, insert "}" to complete MethodBody
[ERROR] Found 4 errors and 0 warnings.
[INFO] 5 errors 
[INFO] -------------------------------------------------------------
[INFO] ------------------------------------------------------------------------
[INFO] Reactor Summary for license-maven-plugin-parent 4.0-SNAPSHOT:
[INFO] 
[INFO] license-maven-plugin-parent ........................ SUCCESS [  0.849 s]
[INFO] license-maven-plugin ............................... FAILURE [  3.476 s]
[INFO] license-maven-plugin-git ........................... SKIPPED
[INFO] license-maven-plugin-svn ........................... SKIPPED
[INFO] ------------------------------------------------------------------------
[INFO] BUILD FAILURE
[INFO] ------------------------------------------------------------------------
[INFO] Total time:  5.179 s
[INFO] Finished at: 2025-08-30T09:48:38Z
[INFO] ------------------------------------------------------------------------
[ERROR] Failed to execute goal org.apache.maven.plugins:maven-compiler-plugin:3.8.1:testCompile (default-testCompile) on project license-maven-plugin: Compilation failure: Compilation failure: 
[ERROR] /workspaces/master-thesis-pascal-joos/code_cure_agent/cca_workspace/license-maven-plugin/license-maven-plugin/src/test/java/com/mycila/maven/plugin/license/UpdateMojoTest.java:[299,1] 
[ERROR] 1. ERROR in /workspaces/master-thesis-pascal-joos/code_cure_agent/cca_workspace/license-maven-plugin/license-maven-plugin/src/test/java/com/mycila/maven/plugin/license/UpdateMojoTest.java (at line 299)
[ERROR] 	}
[ERROR] 	^
[ERROR] Syntax error, insert "}" to complete ClassBody
[ERROR] /workspaces/master-thesis-pascal-joos/code_cure_agent/cca_workspace/license-maven-plugin/license-maven-plugin/src/test/java/com/mycila/maven/plugin/license/UpdateMojoTest.java:[317,33] 
[ERROR] 2. ERROR in /workspaces/master-thesis-pascal-joos/code_cure_agent/cca_workspace/license-maven-plugin/license-maven-plugin/src/test/java/com/mycila/maven/plugin/license/UpdateMojoTest.java (at line 317)
[ERROR] 	execution2.legacyConfigHeader = SRC_TEST_RESOURCES_UPDATE_ISSUE37_XWIKI
[ERROR] 	                                ^^^^^^^^^^^^^^^^^^^^^^^^^^^^^^^^^^^^^^^
[ERROR] Syntax error, insert ":: IdentifierOrNew" to complete Expression
[ERROR] /workspaces/master-thesis-pascal-joos/code_cure_agent/cca_workspace/license-maven-plugin/license-maven-plugin/src/test/java/com/mycila/maven/plugin/license/UpdateMojoTest.java:[317,33] 
[ERROR] 3. ERROR in /workspaces/master-thesis-pascal-joos/code_cure_agent/cca_workspace/license-maven-plugin/license-maven-plugin/src/test/java/com/mycila/maven/plugin/license/UpdateMojoTest.java (at line 317)
[ERROR] 	execution2.legacyConfigHeader = SRC_TEST_RESOURCES_UPDATE_ISSUE37_XWIKI
[ERROR] 	                                ^^^^^^^^^^^^^^^^^^^^^^^^^^^^^^^^^^^^^^^
[ERROR] Syntax error, insert ";" to complete Statement
[ERROR] /workspaces/master-thesis-pascal-joos/code_cure_agent/cca_workspace/license-maven-plugin/license-maven-plugin/src/test/java/com/mycila/maven/plugin/license/UpdateMojoTest.java:[317,33] 
[ERROR] 4. ERROR in /workspaces/master-thesis-pascal-joos/code_cure_agent/cca_workspace/license-maven-plugin/license-maven-plugin/src/test/java/com/mycila/maven/plugin/license/UpdateMojoTest.java (at line 317)
[ERROR] 	execution2.legacyConfigHeader = SRC_TEST_RESOURCES_UPDATE_ISSUE37_XWIKI
[ERROR] 	                                ^^^^^^^^^^^^^^^^^^^^^^^^^^^^^^^^^^^^^^^
[ERROR] Syntax error, insert "}" to complete MethodBody
[ERROR] Found 4 errors and 0 warnings.
[ERROR] -> [Help 1]
[ERROR] 
[ERROR] To see the full stack trace of the errors, re-run Maven with the -e switch.
[ERROR] Re-run Maven using the -X switch to enable full debug logging.
[ERROR] 
[ERROR] For more information about the errors and possible solutions, please read the following articles:
[ERROR] [Help 1] http://cwiki.apache.org/confluence/display/MAVEN/MojoFailureException
[ERROR] 
[ERROR] After correcting the problems, you can resume the build with the command
[ERROR]   mvn <args> -rf :license-maven-plugin
