[INFO] Scanning for projects...
[INFO] Inspecting build with total of 1 modules...
[INFO] Installing Nexus Staging features:
[INFO]   ... total of 1 executions of maven-deploy-plugin replaced with nexus-staging-maven-plugin
[INFO] 
[INFO] --------------------< com.shapesecurity:salvation2 >--------------------
[INFO] Building salvation 3.0.0
[INFO] --------------------------------[ jar ]---------------------------------
[INFO] 
[INFO] --- maven-clean-plugin:2.5:clean (default-clean) @ salvation2 ---
[INFO] Deleting /workspaces/master-thesis-pascal-joos/code_cure_agent/cca_workspace/salvation/target
[INFO] 
[INFO] --- maven-resources-plugin:2.6:resources (default-resources) @ salvation2 ---
[INFO] Using 'UTF-8' encoding to copy filtered resources.
[INFO] skip non existing resourceDirectory /workspaces/master-thesis-pascal-joos/code_cure_agent/cca_workspace/salvation/src/main/resources
[INFO] 
[INFO] --- maven-compiler-plugin:2.3.2:compile (default-compile) @ salvation2 ---
[INFO] Compiling 22 source files to /workspaces/master-thesis-pascal-joos/code_cure_agent/cca_workspace/salvation/target/classes
[INFO] 
[INFO] --- maven-resources-plugin:2.6:testResources (default-testResources) @ salvation2 ---
[INFO] Using 'UTF-8' encoding to copy filtered resources.
[INFO] Copying 1 resource
[INFO] 
[INFO] --- maven-compiler-plugin:2.3.2:testCompile (default-testCompile) @ salvation2 ---
[INFO] Compiling 5 source files to /workspaces/master-thesis-pascal-joos/code_cure_agent/cca_workspace/salvation/target/test-classes
[INFO] -------------------------------------------------------------
[ERROR] COMPILATION ERROR : 
[INFO] -------------------------------------------------------------
[ERROR] /workspaces/master-thesis-pascal-joos/code_cure_agent/cca_workspace/salvation/src/test/java/com/shapesecurity/salvation2/QueryingTest.java:[131,2] error: invalid method declaration; return type required
[ERROR] /workspaces/master-thesis-pascal-joos/code_cure_agent/cca_workspace/salvation/src/test/java/com/shapesecurity/salvation2/QueryingTest.java:[131,37] error: <identifier> expected
[ERROR] /workspaces/master-thesis-pascal-joos/code_cure_agent/cca_workspace/salvation/src/test/java/com/shapesecurity/salvation2/QueryingTest.java:[133,3] error: <identifier> expected
[ERROR] /workspaces/master-thesis-pascal-joos/code_cure_agent/cca_workspace/salvation/src/test/java/com/shapesecurity/salvation2/QueryingTest.java:[134,2] error: invalid method declaration; return type required
[ERROR] /workspaces/master-thesis-pascal-joos/code_cure_agent/cca_workspace/salvation/src/test/java/com/shapesecurity/salvation2/QueryingTest.java:[134,38] error: <identifier> expected
[ERROR] /workspaces/master-thesis-pascal-joos/code_cure_agent/cca_workspace/salvation/src/test/java/com/shapesecurity/salvation2/QueryingTest.java:[136,3] error: <identifier> expected
[ERROR] /workspaces/master-thesis-pascal-joos/code_cure_agent/cca_workspace/salvation/src/test/java/com/shapesecurity/salvation2/QueryingTest.java:[137,2] error: invalid method declaration; return type required
[ERROR] /workspaces/master-thesis-pascal-joos/code_cure_agent/cca_workspace/salvation/src/test/java/com/shapesecurity/salvation2/QueryingTest.java:[137,38] error: <identifier> expected
[ERROR] /workspaces/master-thesis-pascal-joos/code_cure_agent/cca_workspace/salvation/src/test/java/com/shapesecurity/salvation2/QueryingTest.java:[139,3] error: <identifier> expected
[ERROR] /workspaces/master-thesis-pascal-joos/code_cure_agent/cca_workspace/salvation/src/test/java/com/shapesecurity/salvation2/QueryingTest.java:[140,2] error: invalid method declaration; return type required
[ERROR] /workspaces/master-thesis-pascal-joos/code_cure_agent/cca_workspace/salvation/src/test/java/com/shapesecurity/salvation2/QueryingTest.java:[140,38] error: <identifier> expected
[ERROR] /workspaces/master-thesis-pascal-joos/code_cure_agent/cca_workspace/salvation/src/test/java/com/shapesecurity/salvation2/QueryingTest.java:[142,3] error: <identifier> expected
[ERROR] /workspaces/master-thesis-pascal-joos/code_cure_agent/cca_workspace/salvation/src/test/java/com/shapesecurity/salvation2/QueryingTest.java:[143,2] error: invalid method declaration; return type required
[ERROR] /workspaces/master-thesis-pascal-joos/code_cure_agent/cca_workspace/salvation/src/test/java/com/shapesecurity/salvation2/QueryingTest.java:[143,38] error: <identifier> expected
[ERROR] /workspaces/master-thesis-pascal-joos/code_cure_agent/cca_workspace/salvation/src/test/java/com/shapesecurity/salvation2/QueryingTest.java:[145,3] error: <identifier> expected
[ERROR] /workspaces/master-thesis-pascal-joos/code_cure_agent/cca_workspace/salvation/src/test/java/com/shapesecurity/salvation2/QueryingTest.java:[146,2] error: invalid method declaration; return type required
[ERROR] /workspaces/master-thesis-pascal-joos/code_cure_agent/cca_workspace/salvation/src/test/java/com/shapesecurity/salvation2/QueryingTest.java:[146,37] error: <identifier> expected
[ERROR] /workspaces/master-thesis-pascal-joos/code_cure_agent/cca_workspace/salvation/src/test/java/com/shapesecurity/salvation2/QueryingTest.java:[148,3] error: <identifier> expected
[ERROR] /workspaces/master-thesis-pascal-joos/code_cure_agent/cca_workspace/salvation/src/test/java/com/shapesecurity/salvation2/QueryingTest.java:[149,2] error: invalid method declaration; return type required
[ERROR] /workspaces/master-thesis-pascal-joos/code_cure_agent/cca_workspace/salvation/src/test/java/com/shapesecurity/salvation2/QueryingTest.java:[149,37] error: <identifier> expected
[ERROR] /workspaces/master-thesis-pascal-joos/code_cure_agent/cca_workspace/salvation/src/test/java/com/shapesecurity/salvation2/QueryingTest.java:[151,3] error: <identifier> expected
[ERROR] /workspaces/master-thesis-pascal-joos/code_cure_agent/cca_workspace/salvation/src/test/java/com/shapesecurity/salvation2/QueryingTest.java:[152,2] error: invalid method declaration; return type required
[ERROR] /workspaces/master-thesis-pascal-joos/code_cure_agent/cca_workspace/salvation/src/test/java/com/shapesecurity/salvation2/QueryingTest.java:[152,38] error: <identifier> expected
[ERROR] /workspaces/master-thesis-pascal-joos/code_cure_agent/cca_workspace/salvation/src/test/java/com/shapesecurity/salvation2/QueryingTest.java:[154,3] error: <identifier> expected
[ERROR] /workspaces/master-thesis-pascal-joos/code_cure_agent/cca_workspace/salvation/src/test/java/com/shapesecurity/salvation2/QueryingTest.java:[155,2] error: invalid method declaration; return type required
[ERROR] /workspaces/master-thesis-pascal-joos/code_cure_agent/cca_workspace/salvation/src/test/java/com/shapesecurity/salvation2/QueryingTest.java:[155,38] error: <identifier> expected
[ERROR] /workspaces/master-thesis-pascal-joos/code_cure_agent/cca_workspace/salvation/src/test/java/com/shapesecurity/salvation2/QueryingTest.java:[157,3] error: <identifier> expected
[ERROR] /workspaces/master-thesis-pascal-joos/code_cure_agent/cca_workspace/salvation/src/test/java/com/shapesecurity/salvation2/QueryingTest.java:[158,2] error: invalid method declaration; return type required
[ERROR] /workspaces/master-thesis-pascal-joos/code_cure_agent/cca_workspace/salvation/src/test/java/com/shapesecurity/salvation2/QueryingTest.java:[158,37] error: <identifier> expected
[ERROR] /workspaces/master-thesis-pascal-joos/code_cure_agent/cca_workspace/salvation/src/test/java/com/shapesecurity/salvation2/QueryingTest.java:[160,3] error: <identifier> expected
[ERROR] /workspaces/master-thesis-pascal-joos/code_cure_agent/cca_workspace/salvation/src/test/java/com/shapesecurity/salvation2/QueryingTest.java:[161,2] error: invalid method declaration; return type required
[ERROR] /workspaces/master-thesis-pascal-joos/code_cure_agent/cca_workspace/salvation/src/test/java/com/shapesecurity/salvation2/QueryingTest.java:[161,38] error: <identifier> expected
[ERROR] /workspaces/master-thesis-pascal-joos/code_cure_agent/cca_workspace/salvation/src/test/java/com/shapesecurity/salvation2/QueryingTest.java:[163,3] error: <identifier> expected
[ERROR] /workspaces/master-thesis-pascal-joos/code_cure_agent/cca_workspace/salvation/src/test/java/com/shapesecurity/salvation2/QueryingTest.java:[164,2] error: invalid method declaration; return type required
[ERROR] /workspaces/master-thesis-pascal-joos/code_cure_agent/cca_workspace/salvation/src/test/java/com/shapesecurity/salvation2/QueryingTest.java:[164,37] error: <identifier> expected
[ERROR] /workspaces/master-thesis-pascal-joos/code_cure_agent/cca_workspace/salvation/src/test/java/com/shapesecurity/salvation2/QueryingTest.java:[166,3] error: <identifier> expected
[ERROR] /workspaces/master-thesis-pascal-joos/code_cure_agent/cca_workspace/salvation/src/test/java/com/shapesecurity/salvation2/QueryingTest.java:[167,2] error: invalid method declaration; return type required
[ERROR] /workspaces/master-thesis-pascal-joos/code_cure_agent/cca_workspace/salvation/src/test/java/com/shapesecurity/salvation2/QueryingTest.java:[167,37] error: <identifier> expected
[ERROR] /workspaces/master-thesis-pascal-joos/code_cure_agent/cca_workspace/salvation/src/test/java/com/shapesecurity/salvation2/QueryingTest.java:[169,3] error: <identifier> expected
[ERROR] /workspaces/master-thesis-pascal-joos/code_cure_agent/cca_workspace/salvation/src/test/java/com/shapesecurity/salvation2/QueryingTest.java:[170,2] error: invalid method declaration; return type required
[ERROR] /workspaces/master-thesis-pascal-joos/code_cure_agent/cca_workspace/salvation/src/test/java/com/shapesecurity/salvation2/QueryingTest.java:[170,37] error: <identifier> expected
[ERROR] /workspaces/master-thesis-pascal-joos/code_cure_agent/cca_workspace/salvation/src/test/java/com/shapesecurity/salvation2/QueryingTest.java:[172,3] error: <identifier> expected
[ERROR] /workspaces/master-thesis-pascal-joos/code_cure_agent/cca_workspace/salvation/src/test/java/com/shapesecurity/salvation2/QueryingTest.java:[173,2] error: invalid method declaration; return type required
[ERROR] /workspaces/master-thesis-pascal-joos/code_cure_agent/cca_workspace/salvation/src/test/java/com/shapesecurity/salvation2/QueryingTest.java:[173,37] error: <identifier> expected
[ERROR] /workspaces/master-thesis-pascal-joos/code_cure_agent/cca_workspace/salvation/src/test/java/com/shapesecurity/salvation2/QueryingTest.java:[175,3] error: <identifier> expected
[ERROR] /workspaces/master-thesis-pascal-joos/code_cure_agent/cca_workspace/salvation/src/test/java/com/shapesecurity/salvation2/QueryingTest.java:[176,2] error: invalid method declaration; return type required
[ERROR] /workspaces/master-thesis-pascal-joos/code_cure_agent/cca_workspace/salvation/src/test/java/com/shapesecurity/salvation2/QueryingTest.java:[176,37] error: <identifier> expected
[ERROR] /workspaces/master-thesis-pascal-joos/code_cure_agent/cca_workspace/salvation/src/test/java/com/shapesecurity/salvation2/QueryingTest.java:[178,3] error: <identifier> expected
[ERROR] /workspaces/master-thesis-pascal-joos/code_cure_agent/cca_workspace/salvation/src/test/java/com/shapesecurity/salvation2/QueryingTest.java:[179,2] error: invalid method declaration; return type required
[ERROR] /workspaces/master-thesis-pascal-joos/code_cure_agent/cca_workspace/salvation/src/test/java/com/shapesecurity/salvation2/QueryingTest.java:[179,37] error: <identifier> expected
[ERROR] /workspaces/master-thesis-pascal-joos/code_cure_agent/cca_workspace/salvation/src/test/java/com/shapesecurity/salvation2/QueryingTest.java:[181,3] error: <identifier> expected
[ERROR] /workspaces/master-thesis-pascal-joos/code_cure_agent/cca_workspace/salvation/src/test/java/com/shapesecurity/salvation2/QueryingTest.java:[182,2] error: invalid method declaration; return type required
[ERROR] /workspaces/master-thesis-pascal-joos/code_cure_agent/cca_workspace/salvation/src/test/java/com/shapesecurity/salvation2/QueryingTest.java:[182,38] error: <identifier> expected
[ERROR] /workspaces/master-thesis-pascal-joos/code_cure_agent/cca_workspace/salvation/src/test/java/com/shapesecurity/salvation2/QueryingTest.java:[184,3] error: <identifier> expected
[ERROR] /workspaces/master-thesis-pascal-joos/code_cure_agent/cca_workspace/salvation/src/test/java/com/shapesecurity/salvation2/QueryingTest.java:[185,2] error: invalid method declaration; return type required
[ERROR] /workspaces/master-thesis-pascal-joos/code_cure_agent/cca_workspace/salvation/src/test/java/com/shapesecurity/salvation2/QueryingTest.java:[185,38] error: <identifier> expected
[ERROR] /workspaces/master-thesis-pascal-joos/code_cure_agent/cca_workspace/salvation/src/test/java/com/shapesecurity/salvation2/QueryingTest.java:[187,3] error: <identifier> expected
[ERROR] /workspaces/master-thesis-pascal-joos/code_cure_agent/cca_workspace/salvation/src/test/java/com/shapesecurity/salvation2/QueryingTest.java:[188,2] error: invalid method declaration; return type required
[ERROR] /workspaces/master-thesis-pascal-joos/code_cure_agent/cca_workspace/salvation/src/test/java/com/shapesecurity/salvation2/QueryingTest.java:[188,37] error: <identifier> expected
[ERROR] /workspaces/master-thesis-pascal-joos/code_cure_agent/cca_workspace/salvation/src/test/java/com/shapesecurity/salvation2/QueryingTest.java:[193,8] error: class, interface, or enum expected
[ERROR] /workspaces/master-thesis-pascal-joos/code_cure_agent/cca_workspace/salvation/src/test/java/com/shapesecurity/salvation2/QueryingTest.java:[196,2] error: class, interface, or enum expected
[ERROR] /workspaces/master-thesis-pascal-joos/code_cure_agent/cca_workspace/salvation/src/test/java/com/shapesecurity/salvation2/QueryingTest.java:[197,2] error: class, interface, or enum expected
[ERROR] /workspaces/master-thesis-pascal-joos/code_cure_agent/cca_workspace/salvation/src/test/java/com/shapesecurity/salvation2/QueryingTest.java:[198,2] error: class, interface, or enum expected
[ERROR] /workspaces/master-thesis-pascal-joos/code_cure_agent/cca_workspace/salvation/src/test/java/com/shapesecurity/salvation2/QueryingTest.java:[199,2] error: class, interface, or enum expected
[ERROR] /workspaces/master-thesis-pascal-joos/code_cure_agent/cca_workspace/salvation/src/test/java/com/shapesecurity/salvation2/QueryingTest.java:[200,2] error: class, interface, or enum expected
[ERROR] /workspaces/master-thesis-pascal-joos/code_cure_agent/cca_workspace/salvation/src/test/java/com/shapesecurity/salvation2/QueryingTest.java:[201,2] error: class, interface, or enum expected
[ERROR] /workspaces/master-thesis-pascal-joos/code_cure_agent/cca_workspace/salvation/src/test/java/com/shapesecurity/salvation2/QueryingTest.java:[203,2] error: class, interface, or enum expected
[ERROR] /workspaces/master-thesis-pascal-joos/code_cure_agent/cca_workspace/salvation/src/test/java/com/shapesecurity/salvation2/QueryingTest.java:[204,2] error: class, interface, or enum expected
[ERROR] /workspaces/master-thesis-pascal-joos/code_cure_agent/cca_workspace/salvation/src/test/java/com/shapesecurity/salvation2/QueryingTest.java:[205,2] error: class, interface, or enum expected
[ERROR] /workspaces/master-thesis-pascal-joos/code_cure_agent/cca_workspace/salvation/src/test/java/com/shapesecurity/salvation2/QueryingTest.java:[206,2] error: class, interface, or enum expected
[ERROR] /workspaces/master-thesis-pascal-joos/code_cure_agent/cca_workspace/salvation/src/test/java/com/shapesecurity/salvation2/QueryingTest.java:[207,2] error: class, interface, or enum expected
[ERROR] /workspaces/master-thesis-pascal-joos/code_cure_agent/cca_workspace/salvation/src/test/java/com/shapesecurity/salvation2/QueryingTest.java:[208,2] error: class, interface, or enum expected
[ERROR] /workspaces/master-thesis-pascal-joos/code_cure_agent/cca_workspace/salvation/src/test/java/com/shapesecurity/salvation2/QueryingTest.java:[210,2] error: class, interface, or enum expected
[ERROR] /workspaces/master-thesis-pascal-joos/code_cure_agent/cca_workspace/salvation/src/test/java/com/shapesecurity/salvation2/QueryingTest.java:[211,2] error: class, interface, or enum expected
[ERROR] /workspaces/master-thesis-pascal-joos/code_cure_agent/cca_workspace/salvation/src/test/java/com/shapesecurity/salvation2/QueryingTest.java:[212,2] error: class, interface, or enum expected
[ERROR] /workspaces/master-thesis-pascal-joos/code_cure_agent/cca_workspace/salvation/src/test/java/com/shapesecurity/salvation2/QueryingTest.java:[213,2] error: class, interface, or enum expected
[ERROR] /workspaces/master-thesis-pascal-joos/code_cure_agent/cca_workspace/salvation/src/test/java/com/shapesecurity/salvation2/QueryingTest.java:[214,2] error: class, interface, or enum expected
[ERROR] /workspaces/master-thesis-pascal-joos/code_cure_agent/cca_workspace/salvation/src/test/java/com/shapesecurity/salvation2/QueryingTest.java:[216,2] error: class, interface, or enum expected
[ERROR] /workspaces/master-thesis-pascal-joos/code_cure_agent/cca_workspace/salvation/src/test/java/com/shapesecurity/salvation2/QueryingTest.java:[217,2] error: class, interface, or enum expected
[ERROR] /workspaces/master-thesis-pascal-joos/code_cure_agent/cca_workspace/salvation/src/test/java/com/shapesecurity/salvation2/QueryingTest.java:[218,1] error: class, interface, or enum expected
[ERROR] /workspaces/master-thesis-pascal-joos/code_cure_agent/cca_workspace/salvation/src/test/java/com/shapesecurity/salvation2/QueryingTest.java:[221,8] error: class, interface, or enum expected
[ERROR] /workspaces/master-thesis-pascal-joos/code_cure_agent/cca_workspace/salvation/src/test/java/com/shapesecurity/salvation2/QueryingTest.java:[223,2] error: class, interface, or enum expected
[ERROR] /workspaces/master-thesis-pascal-joos/code_cure_agent/cca_workspace/salvation/src/test/java/com/shapesecurity/salvation2/QueryingTest.java:[224,2] error: class, interface, or enum expected
[ERROR] /workspaces/master-thesis-pascal-joos/code_cure_agent/cca_workspace/salvation/src/test/java/com/shapesecurity/salvation2/QueryingTest.java:[225,2] error: class, interface, or enum expected
[ERROR] /workspaces/master-thesis-pascal-joos/code_cure_agent/cca_workspace/salvation/src/test/java/com/shapesecurity/salvation2/QueryingTest.java:[226,2] error: class, interface, or enum expected
[ERROR] /workspaces/master-thesis-pascal-joos/code_cure_agent/cca_workspace/salvation/src/test/java/com/shapesecurity/salvation2/QueryingTest.java:[227,2] error: class, interface, or enum expected
[ERROR] /workspaces/master-thesis-pascal-joos/code_cure_agent/cca_workspace/salvation/src/test/java/com/shapesecurity/salvation2/QueryingTest.java:[228,2] error: class, interface, or enum expected
[ERROR] /workspaces/master-thesis-pascal-joos/code_cure_agent/cca_workspace/salvation/src/test/java/com/shapesecurity/salvation2/QueryingTest.java:[229,2] error: class, interface, or enum expected
[ERROR] /workspaces/master-thesis-pascal-joos/code_cure_agent/cca_workspace/salvation/src/test/java/com/shapesecurity/salvation2/QueryingTest.java:[230,1] error: class, interface, or enum expected
[ERROR] /workspaces/master-thesis-pascal-joos/code_cure_agent/cca_workspace/salvation/src/test/java/com/shapesecurity/salvation2/QueryingTest.java:[233,8] error: class, interface, or enum expected
[ERROR] /workspaces/master-thesis-pascal-joos/code_cure_agent/cca_workspace/salvation/src/test/java/com/shapesecurity/salvation2/QueryingTest.java:[236,2] error: class, interface, or enum expected
[ERROR] /workspaces/master-thesis-pascal-joos/code_cure_agent/cca_workspace/salvation/src/test/java/com/shapesecurity/salvation2/QueryingTest.java:[237,2] error: class, interface, or enum expected
[ERROR] /workspaces/master-thesis-pascal-joos/code_cure_agent/cca_workspace/salvation/src/test/java/com/shapesecurity/salvation2/QueryingTest.java:[238,2] error: class, interface, or enum expected
[ERROR] /workspaces/master-thesis-pascal-joos/code_cure_agent/cca_workspace/salvation/src/test/java/com/shapesecurity/salvation2/QueryingTest.java:[240,2] error: class, interface, or enum expected
[ERROR] /workspaces/master-thesis-pascal-joos/code_cure_agent/cca_workspace/salvation/src/test/java/com/shapesecurity/salvation2/QueryingTest.java:[242,2] error: class, interface, or enum expected
[ERROR] /workspaces/master-thesis-pascal-joos/code_cure_agent/cca_workspace/salvation/src/test/java/com/shapesecurity/salvation2/QueryingTest.java:[244,2] error: class, interface, or enum expected
[ERROR] /workspaces/master-thesis-pascal-joos/code_cure_agent/cca_workspace/salvation/src/test/java/com/shapesecurity/salvation2/QueryingTest.java:[248,2] error: class, interface, or enum expected
[ERROR] /workspaces/master-thesis-pascal-joos/code_cure_agent/cca_workspace/salvation/src/test/java/com/shapesecurity/salvation2/QueryingTest.java:[251,2] error: class, interface, or enum expected
[ERROR] /workspaces/master-thesis-pascal-joos/code_cure_agent/cca_workspace/salvation/src/test/java/com/shapesecurity/salvation2/QueryingTest.java:[254,2] error: class, interface, or enum expected
[ERROR] /workspaces/master-thesis-pascal-joos/code_cure_agent/cca_workspace/salvation/src/test/java/com/shapesecurity/salvation2/QueryingTest.java:[258,2] error: class, interface, or enum expected
[INFO] 100 errors 
[INFO] -------------------------------------------------------------
[INFO] ------------------------------------------------------------------------
[INFO] BUILD FAILURE
[INFO] ------------------------------------------------------------------------
[INFO] Total time:  1.786 s
[INFO] Finished at: 2025-08-30T12:58:00Z
[INFO] ------------------------------------------------------------------------
[ERROR] Failed to execute goal org.apache.maven.plugins:maven-compiler-plugin:2.3.2:testCompile (default-testCompile) on project salvation2: Compilation failure: Compilation failure: 
[ERROR] /workspaces/master-thesis-pascal-joos/code_cure_agent/cca_workspace/salvation/src/test/java/com/shapesecurity/salvation2/QueryingTest.java:[131,2] error: invalid method declaration; return type required
[ERROR] /workspaces/master-thesis-pascal-joos/code_cure_agent/cca_workspace/salvation/src/test/java/com/shapesecurity/salvation2/QueryingTest.java:[131,37] error: <identifier> expected
[ERROR] /workspaces/master-thesis-pascal-joos/code_cure_agent/cca_workspace/salvation/src/test/java/com/shapesecurity/salvation2/QueryingTest.java:[133,3] error: <identifier> expected
[ERROR] /workspaces/master-thesis-pascal-joos/code_cure_agent/cca_workspace/salvation/src/test/java/com/shapesecurity/salvation2/QueryingTest.java:[134,2] error: invalid method declaration; return type required
[ERROR] /workspaces/master-thesis-pascal-joos/code_cure_agent/cca_workspace/salvation/src/test/java/com/shapesecurity/salvation2/QueryingTest.java:[134,38] error: <identifier> expected
[ERROR] /workspaces/master-thesis-pascal-joos/code_cure_agent/cca_workspace/salvation/src/test/java/com/shapesecurity/salvation2/QueryingTest.java:[136,3] error: <identifier> expected
[ERROR] /workspaces/master-thesis-pascal-joos/code_cure_agent/cca_workspace/salvation/src/test/java/com/shapesecurity/salvation2/QueryingTest.java:[137,2] error: invalid method declaration; return type required
[ERROR] /workspaces/master-thesis-pascal-joos/code_cure_agent/cca_workspace/salvation/src/test/java/com/shapesecurity/salvation2/QueryingTest.java:[137,38] error: <identifier> expected
[ERROR] /workspaces/master-thesis-pascal-joos/code_cure_agent/cca_workspace/salvation/src/test/java/com/shapesecurity/salvation2/QueryingTest.java:[139,3] error: <identifier> expected
[ERROR] /workspaces/master-thesis-pascal-joos/code_cure_agent/cca_workspace/salvation/src/test/java/com/shapesecurity/salvation2/QueryingTest.java:[140,2] error: invalid method declaration; return type required
[ERROR] /workspaces/master-thesis-pascal-joos/code_cure_agent/cca_workspace/salvation/src/test/java/com/shapesecurity/salvation2/QueryingTest.java:[140,38] error: <identifier> expected
[ERROR] /workspaces/master-thesis-pascal-joos/code_cure_agent/cca_workspace/salvation/src/test/java/com/shapesecurity/salvation2/QueryingTest.java:[142,3] error: <identifier> expected
[ERROR] /workspaces/master-thesis-pascal-joos/code_cure_agent/cca_workspace/salvation/src/test/java/com/shapesecurity/salvation2/QueryingTest.java:[143,2] error: invalid method declaration; return type required
[ERROR] /workspaces/master-thesis-pascal-joos/code_cure_agent/cca_workspace/salvation/src/test/java/com/shapesecurity/salvation2/QueryingTest.java:[143,38] error: <identifier> expected
[ERROR] /workspaces/master-thesis-pascal-joos/code_cure_agent/cca_workspace/salvation/src/test/java/com/shapesecurity/salvation2/QueryingTest.java:[145,3] error: <identifier> expected
[ERROR] /workspaces/master-thesis-pascal-joos/code_cure_agent/cca_workspace/salvation/src/test/java/com/shapesecurity/salvation2/QueryingTest.java:[146,2] error: invalid method declaration; return type required
[ERROR] /workspaces/master-thesis-pascal-joos/code_cure_agent/cca_workspace/salvation/src/test/java/com/shapesecurity/salvation2/QueryingTest.java:[146,37] error: <identifier> expected
[ERROR] /workspaces/master-thesis-pascal-joos/code_cure_agent/cca_workspace/salvation/src/test/java/com/shapesecurity/salvation2/QueryingTest.java:[148,3] error: <identifier> expected
[ERROR] /workspaces/master-thesis-pascal-joos/code_cure_agent/cca_workspace/salvation/src/test/java/com/shapesecurity/salvation2/QueryingTest.java:[149,2] error: invalid method declaration; return type required
[ERROR] /workspaces/master-thesis-pascal-joos/code_cure_agent/cca_workspace/salvation/src/test/java/com/shapesecurity/salvation2/QueryingTest.java:[149,37] error: <identifier> expected
[ERROR] /workspaces/master-thesis-pascal-joos/code_cure_agent/cca_workspace/salvation/src/test/java/com/shapesecurity/salvation2/QueryingTest.java:[151,3] error: <identifier> expected
[ERROR] /workspaces/master-thesis-pascal-joos/code_cure_agent/cca_workspace/salvation/src/test/java/com/shapesecurity/salvation2/QueryingTest.java:[152,2] error: invalid method declaration; return type required
[ERROR] /workspaces/master-thesis-pascal-joos/code_cure_agent/cca_workspace/salvation/src/test/java/com/shapesecurity/salvation2/QueryingTest.java:[152,38] error: <identifier> expected
[ERROR] /workspaces/master-thesis-pascal-joos/code_cure_agent/cca_workspace/salvation/src/test/java/com/shapesecurity/salvation2/QueryingTest.java:[154,3] error: <identifier> expected
[ERROR] /workspaces/master-thesis-pascal-joos/code_cure_agent/cca_workspace/salvation/src/test/java/com/shapesecurity/salvation2/QueryingTest.java:[155,2] error: invalid method declaration; return type required
[ERROR] /workspaces/master-thesis-pascal-joos/code_cure_agent/cca_workspace/salvation/src/test/java/com/shapesecurity/salvation2/QueryingTest.java:[155,38] error: <identifier> expected
[ERROR] /workspaces/master-thesis-pascal-joos/code_cure_agent/cca_workspace/salvation/src/test/java/com/shapesecurity/salvation2/QueryingTest.java:[157,3] error: <identifier> expected
[ERROR] /workspaces/master-thesis-pascal-joos/code_cure_agent/cca_workspace/salvation/src/test/java/com/shapesecurity/salvation2/QueryingTest.java:[158,2] error: invalid method declaration; return type required
[ERROR] /workspaces/master-thesis-pascal-joos/code_cure_agent/cca_workspace/salvation/src/test/java/com/shapesecurity/salvation2/QueryingTest.java:[158,37] error: <identifier> expected
[ERROR] /workspaces/master-thesis-pascal-joos/code_cure_agent/cca_workspace/salvation/src/test/java/com/shapesecurity/salvation2/QueryingTest.java:[160,3] error: <identifier> expected
[ERROR] /workspaces/master-thesis-pascal-joos/code_cure_agent/cca_workspace/salvation/src/test/java/com/shapesecurity/salvation2/QueryingTest.java:[161,2] error: invalid method declaration; return type required
[ERROR] /workspaces/master-thesis-pascal-joos/code_cure_agent/cca_workspace/salvation/src/test/java/com/shapesecurity/salvation2/QueryingTest.java:[161,38] error: <identifier> expected
[ERROR] /workspaces/master-thesis-pascal-joos/code_cure_agent/cca_workspace/salvation/src/test/java/com/shapesecurity/salvation2/QueryingTest.java:[163,3] error: <identifier> expected
[ERROR] /workspaces/master-thesis-pascal-joos/code_cure_agent/cca_workspace/salvation/src/test/java/com/shapesecurity/salvation2/QueryingTest.java:[164,2] error: invalid method declaration; return type required
[ERROR] /workspaces/master-thesis-pascal-joos/code_cure_agent/cca_workspace/salvation/src/test/java/com/shapesecurity/salvation2/QueryingTest.java:[164,37] error: <identifier> expected
[ERROR] /workspaces/master-thesis-pascal-joos/code_cure_agent/cca_workspace/salvation/src/test/java/com/shapesecurity/salvation2/QueryingTest.java:[166,3] error: <identifier> expected
[ERROR] /workspaces/master-thesis-pascal-joos/code_cure_agent/cca_workspace/salvation/src/test/java/com/shapesecurity/salvation2/QueryingTest.java:[167,2] error: invalid method declaration; return type required
[ERROR] /workspaces/master-thesis-pascal-joos/code_cure_agent/cca_workspace/salvation/src/test/java/com/shapesecurity/salvation2/QueryingTest.java:[167,37] error: <identifier> expected
[ERROR] /workspaces/master-thesis-pascal-joos/code_cure_agent/cca_workspace/salvation/src/test/java/com/shapesecurity/salvation2/QueryingTest.java:[169,3] error: <identifier> expected
[ERROR] /workspaces/master-thesis-pascal-joos/code_cure_agent/cca_workspace/salvation/src/test/java/com/shapesecurity/salvation2/QueryingTest.java:[170,2] error: invalid method declaration; return type required
[ERROR] /workspaces/master-thesis-pascal-joos/code_cure_agent/cca_workspace/salvation/src/test/java/com/shapesecurity/salvation2/QueryingTest.java:[170,37] error: <identifier> expected
[ERROR] /workspaces/master-thesis-pascal-joos/code_cure_agent/cca_workspace/salvation/src/test/java/com/shapesecurity/salvation2/QueryingTest.java:[172,3] error: <identifier> expected
[ERROR] /workspaces/master-thesis-pascal-joos/code_cure_agent/cca_workspace/salvation/src/test/java/com/shapesecurity/salvation2/QueryingTest.java:[173,2] error: invalid method declaration; return type required
[ERROR] /workspaces/master-thesis-pascal-joos/code_cure_agent/cca_workspace/salvation/src/test/java/com/shapesecurity/salvation2/QueryingTest.java:[173,37] error: <identifier> expected
[ERROR] /workspaces/master-thesis-pascal-joos/code_cure_agent/cca_workspace/salvation/src/test/java/com/shapesecurity/salvation2/QueryingTest.java:[175,3] error: <identifier> expected
[ERROR] /workspaces/master-thesis-pascal-joos/code_cure_agent/cca_workspace/salvation/src/test/java/com/shapesecurity/salvation2/QueryingTest.java:[176,2] error: invalid method declaration; return type required
[ERROR] /workspaces/master-thesis-pascal-joos/code_cure_agent/cca_workspace/salvation/src/test/java/com/shapesecurity/salvation2/QueryingTest.java:[176,37] error: <identifier> expected
[ERROR] /workspaces/master-thesis-pascal-joos/code_cure_agent/cca_workspace/salvation/src/test/java/com/shapesecurity/salvation2/QueryingTest.java:[178,3] error: <identifier> expected
[ERROR] /workspaces/master-thesis-pascal-joos/code_cure_agent/cca_workspace/salvation/src/test/java/com/shapesecurity/salvation2/QueryingTest.java:[179,2] error: invalid method declaration; return type required
[ERROR] /workspaces/master-thesis-pascal-joos/code_cure_agent/cca_workspace/salvation/src/test/java/com/shapesecurity/salvation2/QueryingTest.java:[179,37] error: <identifier> expected
[ERROR] /workspaces/master-thesis-pascal-joos/code_cure_agent/cca_workspace/salvation/src/test/java/com/shapesecurity/salvation2/QueryingTest.java:[181,3] error: <identifier> expected
[ERROR] /workspaces/master-thesis-pascal-joos/code_cure_agent/cca_workspace/salvation/src/test/java/com/shapesecurity/salvation2/QueryingTest.java:[182,2] error: invalid method declaration; return type required
[ERROR] /workspaces/master-thesis-pascal-joos/code_cure_agent/cca_workspace/salvation/src/test/java/com/shapesecurity/salvation2/QueryingTest.java:[182,38] error: <identifier> expected
[ERROR] /workspaces/master-thesis-pascal-joos/code_cure_agent/cca_workspace/salvation/src/test/java/com/shapesecurity/salvation2/QueryingTest.java:[184,3] error: <identifier> expected
[ERROR] /workspaces/master-thesis-pascal-joos/code_cure_agent/cca_workspace/salvation/src/test/java/com/shapesecurity/salvation2/QueryingTest.java:[185,2] error: invalid method declaration; return type required
[ERROR] /workspaces/master-thesis-pascal-joos/code_cure_agent/cca_workspace/salvation/src/test/java/com/shapesecurity/salvation2/QueryingTest.java:[185,38] error: <identifier> expected
[ERROR] /workspaces/master-thesis-pascal-joos/code_cure_agent/cca_workspace/salvation/src/test/java/com/shapesecurity/salvation2/QueryingTest.java:[187,3] error: <identifier> expected
[ERROR] /workspaces/master-thesis-pascal-joos/code_cure_agent/cca_workspace/salvation/src/test/java/com/shapesecurity/salvation2/QueryingTest.java:[188,2] error: invalid method declaration; return type required
[ERROR] /workspaces/master-thesis-pascal-joos/code_cure_agent/cca_workspace/salvation/src/test/java/com/shapesecurity/salvation2/QueryingTest.java:[188,37] error: <identifier> expected
[ERROR] /workspaces/master-thesis-pascal-joos/code_cure_agent/cca_workspace/salvation/src/test/java/com/shapesecurity/salvation2/QueryingTest.java:[193,8] error: class, interface, or enum expected
[ERROR] /workspaces/master-thesis-pascal-joos/code_cure_agent/cca_workspace/salvation/src/test/java/com/shapesecurity/salvation2/QueryingTest.java:[196,2] error: class, interface, or enum expected
[ERROR] /workspaces/master-thesis-pascal-joos/code_cure_agent/cca_workspace/salvation/src/test/java/com/shapesecurity/salvation2/QueryingTest.java:[197,2] error: class, interface, or enum expected
[ERROR] /workspaces/master-thesis-pascal-joos/code_cure_agent/cca_workspace/salvation/src/test/java/com/shapesecurity/salvation2/QueryingTest.java:[198,2] error: class, interface, or enum expected
[ERROR] /workspaces/master-thesis-pascal-joos/code_cure_agent/cca_workspace/salvation/src/test/java/com/shapesecurity/salvation2/QueryingTest.java:[199,2] error: class, interface, or enum expected
[ERROR] /workspaces/master-thesis-pascal-joos/code_cure_agent/cca_workspace/salvation/src/test/java/com/shapesecurity/salvation2/QueryingTest.java:[200,2] error: class, interface, or enum expected
[ERROR] /workspaces/master-thesis-pascal-joos/code_cure_agent/cca_workspace/salvation/src/test/java/com/shapesecurity/salvation2/QueryingTest.java:[201,2] error: class, interface, or enum expected
[ERROR] /workspaces/master-thesis-pascal-joos/code_cure_agent/cca_workspace/salvation/src/test/java/com/shapesecurity/salvation2/QueryingTest.java:[203,2] error: class, interface, or enum expected
[ERROR] /workspaces/master-thesis-pascal-joos/code_cure_agent/cca_workspace/salvation/src/test/java/com/shapesecurity/salvation2/QueryingTest.java:[204,2] error: class, interface, or enum expected
[ERROR] /workspaces/master-thesis-pascal-joos/code_cure_agent/cca_workspace/salvation/src/test/java/com/shapesecurity/salvation2/QueryingTest.java:[205,2] error: class, interface, or enum expected
[ERROR] /workspaces/master-thesis-pascal-joos/code_cure_agent/cca_workspace/salvation/src/test/java/com/shapesecurity/salvation2/QueryingTest.java:[206,2] error: class, interface, or enum expected
[ERROR] /workspaces/master-thesis-pascal-joos/code_cure_agent/cca_workspace/salvation/src/test/java/com/shapesecurity/salvation2/QueryingTest.java:[207,2] error: class, interface, or enum expected
[ERROR] /workspaces/master-thesis-pascal-joos/code_cure_agent/cca_workspace/salvation/src/test/java/com/shapesecurity/salvation2/QueryingTest.java:[208,2] error: class, interface, or enum expected
[ERROR] /workspaces/master-thesis-pascal-joos/code_cure_agent/cca_workspace/salvation/src/test/java/com/shapesecurity/salvation2/QueryingTest.java:[210,2] error: class, interface, or enum expected
[ERROR] /workspaces/master-thesis-pascal-joos/code_cure_agent/cca_workspace/salvation/src/test/java/com/shapesecurity/salvation2/QueryingTest.java:[211,2] error: class, interface, or enum expected
[ERROR] /workspaces/master-thesis-pascal-joos/code_cure_agent/cca_workspace/salvation/src/test/java/com/shapesecurity/salvation2/QueryingTest.java:[212,2] error: class, interface, or enum expected
[ERROR] /workspaces/master-thesis-pascal-joos/code_cure_agent/cca_workspace/salvation/src/test/java/com/shapesecurity/salvation2/QueryingTest.java:[213,2] error: class, interface, or enum expected
[ERROR] /workspaces/master-thesis-pascal-joos/code_cure_agent/cca_workspace/salvation/src/test/java/com/shapesecurity/salvation2/QueryingTest.java:[214,2] error: class, interface, or enum expected
[ERROR] /workspaces/master-thesis-pascal-joos/code_cure_agent/cca_workspace/salvation/src/test/java/com/shapesecurity/salvation2/QueryingTest.java:[216,2] error: class, interface, or enum expected
[ERROR] /workspaces/master-thesis-pascal-joos/code_cure_agent/cca_workspace/salvation/src/test/java/com/shapesecurity/salvation2/QueryingTest.java:[217,2] error: class, interface, or enum expected
[ERROR] /workspaces/master-thesis-pascal-joos/code_cure_agent/cca_workspace/salvation/src/test/java/com/shapesecurity/salvation2/QueryingTest.java:[218,1] error: class, interface, or enum expected
[ERROR] /workspaces/master-thesis-pascal-joos/code_cure_agent/cca_workspace/salvation/src/test/java/com/shapesecurity/salvation2/QueryingTest.java:[221,8] error: class, interface, or enum expected
[ERROR] /workspaces/master-thesis-pascal-joos/code_cure_agent/cca_workspace/salvation/src/test/java/com/shapesecurity/salvation2/QueryingTest.java:[223,2] error: class, interface, or enum expected
[ERROR] /workspaces/master-thesis-pascal-joos/code_cure_agent/cca_workspace/salvation/src/test/java/com/shapesecurity/salvation2/QueryingTest.java:[224,2] error: class, interface, or enum expected
[ERROR] /workspaces/master-thesis-pascal-joos/code_cure_agent/cca_workspace/salvation/src/test/java/com/shapesecurity/salvation2/QueryingTest.java:[225,2] error: class, interface, or enum expected
[ERROR] /workspaces/master-thesis-pascal-joos/code_cure_agent/cca_workspace/salvation/src/test/java/com/shapesecurity/salvation2/QueryingTest.java:[226,2] error: class, interface, or enum expected
[ERROR] /workspaces/master-thesis-pascal-joos/code_cure_agent/cca_workspace/salvation/src/test/java/com/shapesecurity/salvation2/QueryingTest.java:[227,2] error: class, interface, or enum expected
[ERROR] /workspaces/master-thesis-pascal-joos/code_cure_agent/cca_workspace/salvation/src/test/java/com/shapesecurity/salvation2/QueryingTest.java:[228,2] error: class, interface, or enum expected
[ERROR] /workspaces/master-thesis-pascal-joos/code_cure_agent/cca_workspace/salvation/src/test/java/com/shapesecurity/salvation2/QueryingTest.java:[229,2] error: class, interface, or enum expected
[ERROR] /workspaces/master-thesis-pascal-joos/code_cure_agent/cca_workspace/salvation/src/test/java/com/shapesecurity/salvation2/QueryingTest.java:[230,1] error: class, interface, or enum expected
[ERROR] /workspaces/master-thesis-pascal-joos/code_cure_agent/cca_workspace/salvation/src/test/java/com/shapesecurity/salvation2/QueryingTest.java:[233,8] error: class, interface, or enum expected
[ERROR] /workspaces/master-thesis-pascal-joos/code_cure_agent/cca_workspace/salvation/src/test/java/com/shapesecurity/salvation2/QueryingTest.java:[236,2] error: class, interface, or enum expected
[ERROR] /workspaces/master-thesis-pascal-joos/code_cure_agent/cca_workspace/salvation/src/test/java/com/shapesecurity/salvation2/QueryingTest.java:[237,2] error: class, interface, or enum expected
[ERROR] /workspaces/master-thesis-pascal-joos/code_cure_agent/cca_workspace/salvation/src/test/java/com/shapesecurity/salvation2/QueryingTest.java:[238,2] error: class, interface, or enum expected
[ERROR] /workspaces/master-thesis-pascal-joos/code_cure_agent/cca_workspace/salvation/src/test/java/com/shapesecurity/salvation2/QueryingTest.java:[240,2] error: class, interface, or enum expected
[ERROR] /workspaces/master-thesis-pascal-joos/code_cure_agent/cca_workspace/salvation/src/test/java/com/shapesecurity/salvation2/QueryingTest.java:[242,2] error: class, interface, or enum expected
[ERROR] /workspaces/master-thesis-pascal-joos/code_cure_agent/cca_workspace/salvation/src/test/java/com/shapesecurity/salvation2/QueryingTest.java:[244,2] error: class, interface, or enum expected
[ERROR] /workspaces/master-thesis-pascal-joos/code_cure_agent/cca_workspace/salvation/src/test/java/com/shapesecurity/salvation2/QueryingTest.java:[248,2] error: class, interface, or enum expected
[ERROR] /workspaces/master-thesis-pascal-joos/code_cure_agent/cca_workspace/salvation/src/test/java/com/shapesecurity/salvation2/QueryingTest.java:[251,2] error: class, interface, or enum expected
[ERROR] /workspaces/master-thesis-pascal-joos/code_cure_agent/cca_workspace/salvation/src/test/java/com/shapesecurity/salvation2/QueryingTest.java:[254,2] error: class, interface, or enum expected
[ERROR] /workspaces/master-thesis-pascal-joos/code_cure_agent/cca_workspace/salvation/src/test/java/com/shapesecurity/salvation2/QueryingTest.java:[258,2] error: class, interface, or enum expected
[ERROR] -> [Help 1]
[ERROR] 
[ERROR] To see the full stack trace of the errors, re-run Maven with the -e switch.
[ERROR] Re-run Maven using the -X switch to enable full debug logging.
[ERROR] 
[ERROR] For more information about the errors and possible solutions, please read the following articles:
[ERROR] [Help 1] http://cwiki.apache.org/confluence/display/MAVEN/MojoFailureException
