[INFO] Scanning for projects...
[INFO] Inspecting build with total of 1 modules...
[INFO] Installing Nexus Staging features:
[INFO]   ... total of 1 executions of maven-deploy-plugin replaced with nexus-staging-maven-plugin
[INFO] 
[INFO] --------------------< com.shapesecurity:salvation2 >--------------------
[INFO] Building salvation 3.0.0
[INFO] --------------------------------[ jar ]---------------------------------
[INFO] 
[INFO] --- maven-clean-plugin:2.5:clean (default-clean) @ salvation2 ---
[INFO] Deleting /workspaces/master-thesis-pascal-joos/code_cure_agent/cca_workspace/salvation/target
[INFO] 
[INFO] --- maven-resources-plugin:2.6:resources (default-resources) @ salvation2 ---
[INFO] Using 'UTF-8' encoding to copy filtered resources.
[INFO] skip non existing resourceDirectory /workspaces/master-thesis-pascal-joos/code_cure_agent/cca_workspace/salvation/src/main/resources
[INFO] 
[INFO] --- maven-compiler-plugin:2.3.2:compile (default-compile) @ salvation2 ---
[INFO] Compiling 22 source files to /workspaces/master-thesis-pascal-joos/code_cure_agent/cca_workspace/salvation/target/classes
[INFO] 
[INFO] --- maven-resources-plugin:2.6:testResources (default-testResources) @ salvation2 ---
[INFO] Using 'UTF-8' encoding to copy filtered resources.
[INFO] Copying 1 resource
[INFO] 
[INFO] --- maven-compiler-plugin:2.3.2:testCompile (default-testCompile) @ salvation2 ---
[INFO] Compiling 5 source files to /workspaces/master-thesis-pascal-joos/code_cure_agent/cca_workspace/salvation/target/test-classes
[INFO] -------------------------------------------------------------
[ERROR] COMPILATION ERROR : 
[INFO] -------------------------------------------------------------
[ERROR] /workspaces/master-thesis-pascal-joos/code_cure_agent/cca_workspace/salvation/src/test/java/com/shapesecurity/salvation2/QueryingTest.java:[24,4] error: illegal start of expression
[ERROR] /workspaces/master-thesis-pascal-joos/code_cure_agent/cca_workspace/salvation/src/test/java/com/shapesecurity/salvation2/QueryingTest.java:[27,2] error: invalid method declaration; return type required
[ERROR] /workspaces/master-thesis-pascal-joos/code_cure_agent/cca_workspace/salvation/src/test/java/com/shapesecurity/salvation2/QueryingTest.java:[27,32] error: <identifier> expected
[ERROR] /workspaces/master-thesis-pascal-joos/code_cure_agent/cca_workspace/salvation/src/test/java/com/shapesecurity/salvation2/QueryingTest.java:[27,57] error: <identifier> expected
[ERROR] /workspaces/master-thesis-pascal-joos/code_cure_agent/cca_workspace/salvation/src/test/java/com/shapesecurity/salvation2/QueryingTest.java:[28,2] error: invalid method declaration; return type required
[ERROR] /workspaces/master-thesis-pascal-joos/code_cure_agent/cca_workspace/salvation/src/test/java/com/shapesecurity/salvation2/QueryingTest.java:[28,32] error: <identifier> expected
[ERROR] /workspaces/master-thesis-pascal-joos/code_cure_agent/cca_workspace/salvation/src/test/java/com/shapesecurity/salvation2/QueryingTest.java:[28,57] error: <identifier> expected
[ERROR] /workspaces/master-thesis-pascal-joos/code_cure_agent/cca_workspace/salvation/src/test/java/com/shapesecurity/salvation2/QueryingTest.java:[29,2] error: invalid method declaration; return type required
[ERROR] /workspaces/master-thesis-pascal-joos/code_cure_agent/cca_workspace/salvation/src/test/java/com/shapesecurity/salvation2/QueryingTest.java:[29,32] error: <identifier> expected
[ERROR] /workspaces/master-thesis-pascal-joos/code_cure_agent/cca_workspace/salvation/src/test/java/com/shapesecurity/salvation2/QueryingTest.java:[29,58] error: <identifier> expected
[ERROR] /workspaces/master-thesis-pascal-joos/code_cure_agent/cca_workspace/salvation/src/test/java/com/shapesecurity/salvation2/QueryingTest.java:[30,2] error: invalid method declaration; return type required
[ERROR] /workspaces/master-thesis-pascal-joos/code_cure_agent/cca_workspace/salvation/src/test/java/com/shapesecurity/salvation2/QueryingTest.java:[30,32] error: <identifier> expected
[ERROR] /workspaces/master-thesis-pascal-joos/code_cure_agent/cca_workspace/salvation/src/test/java/com/shapesecurity/salvation2/QueryingTest.java:[30,57] error: <identifier> expected
[ERROR] /workspaces/master-thesis-pascal-joos/code_cure_agent/cca_workspace/salvation/src/test/java/com/shapesecurity/salvation2/QueryingTest.java:[31,2] error: invalid method declaration; return type required
[ERROR] /workspaces/master-thesis-pascal-joos/code_cure_agent/cca_workspace/salvation/src/test/java/com/shapesecurity/salvation2/QueryingTest.java:[31,32] error: <identifier> expected
[ERROR] /workspaces/master-thesis-pascal-joos/code_cure_agent/cca_workspace/salvation/src/test/java/com/shapesecurity/salvation2/QueryingTest.java:[31,58] error: <identifier> expected
[ERROR] /workspaces/master-thesis-pascal-joos/code_cure_agent/cca_workspace/salvation/src/test/java/com/shapesecurity/salvation2/QueryingTest.java:[32,2] error: invalid method declaration; return type required
[ERROR] /workspaces/master-thesis-pascal-joos/code_cure_agent/cca_workspace/salvation/src/test/java/com/shapesecurity/salvation2/QueryingTest.java:[32,32] error: <identifier> expected
[ERROR] /workspaces/master-thesis-pascal-joos/code_cure_agent/cca_workspace/salvation/src/test/java/com/shapesecurity/salvation2/QueryingTest.java:[32,58] error: <identifier> expected
[ERROR] /workspaces/master-thesis-pascal-joos/code_cure_agent/cca_workspace/salvation/src/test/java/com/shapesecurity/salvation2/QueryingTest.java:[33,2] error: invalid method declaration; return type required
[ERROR] /workspaces/master-thesis-pascal-joos/code_cure_agent/cca_workspace/salvation/src/test/java/com/shapesecurity/salvation2/QueryingTest.java:[33,37] error: <identifier> expected
[ERROR] /workspaces/master-thesis-pascal-joos/code_cure_agent/cca_workspace/salvation/src/test/java/com/shapesecurity/salvation2/QueryingTest.java:[33,62] error: <identifier> expected
[ERROR] /workspaces/master-thesis-pascal-joos/code_cure_agent/cca_workspace/salvation/src/test/java/com/shapesecurity/salvation2/QueryingTest.java:[34,2] error: invalid method declaration; return type required
[ERROR] /workspaces/master-thesis-pascal-joos/code_cure_agent/cca_workspace/salvation/src/test/java/com/shapesecurity/salvation2/QueryingTest.java:[34,37] error: <identifier> expected
[ERROR] /workspaces/master-thesis-pascal-joos/code_cure_agent/cca_workspace/salvation/src/test/java/com/shapesecurity/salvation2/QueryingTest.java:[34,62] error: <identifier> expected
[ERROR] /workspaces/master-thesis-pascal-joos/code_cure_agent/cca_workspace/salvation/src/test/java/com/shapesecurity/salvation2/QueryingTest.java:[35,2] error: invalid method declaration; return type required
[ERROR] /workspaces/master-thesis-pascal-joos/code_cure_agent/cca_workspace/salvation/src/test/java/com/shapesecurity/salvation2/QueryingTest.java:[35,37] error: <identifier> expected
[ERROR] /workspaces/master-thesis-pascal-joos/code_cure_agent/cca_workspace/salvation/src/test/java/com/shapesecurity/salvation2/QueryingTest.java:[35,63] error: <identifier> expected
[ERROR] /workspaces/master-thesis-pascal-joos/code_cure_agent/cca_workspace/salvation/src/test/java/com/shapesecurity/salvation2/QueryingTest.java:[36,2] error: invalid method declaration; return type required
[ERROR] /workspaces/master-thesis-pascal-joos/code_cure_agent/cca_workspace/salvation/src/test/java/com/shapesecurity/salvation2/QueryingTest.java:[36,37] error: <identifier> expected
[ERROR] /workspaces/master-thesis-pascal-joos/code_cure_agent/cca_workspace/salvation/src/test/java/com/shapesecurity/salvation2/QueryingTest.java:[36,63] error: <identifier> expected
[ERROR] /workspaces/master-thesis-pascal-joos/code_cure_agent/cca_workspace/salvation/src/test/java/com/shapesecurity/salvation2/QueryingTest.java:[38,3] error: <identifier> expected
[ERROR] /workspaces/master-thesis-pascal-joos/code_cure_agent/cca_workspace/salvation/src/test/java/com/shapesecurity/salvation2/QueryingTest.java:[39,2] error: invalid method declaration; return type required
[ERROR] /workspaces/master-thesis-pascal-joos/code_cure_agent/cca_workspace/salvation/src/test/java/com/shapesecurity/salvation2/QueryingTest.java:[39,37] error: <identifier> expected
[ERROR] /workspaces/master-thesis-pascal-joos/code_cure_agent/cca_workspace/salvation/src/test/java/com/shapesecurity/salvation2/QueryingTest.java:[39,62] error: <identifier> expected
[ERROR] /workspaces/master-thesis-pascal-joos/code_cure_agent/cca_workspace/salvation/src/test/java/com/shapesecurity/salvation2/QueryingTest.java:[40,2] error: invalid method declaration; return type required
[ERROR] /workspaces/master-thesis-pascal-joos/code_cure_agent/cca_workspace/salvation/src/test/java/com/shapesecurity/salvation2/QueryingTest.java:[40,37] error: <identifier> expected
[ERROR] /workspaces/master-thesis-pascal-joos/code_cure_agent/cca_workspace/salvation/src/test/java/com/shapesecurity/salvation2/QueryingTest.java:[40,62] error: <identifier> expected
[ERROR] /workspaces/master-thesis-pascal-joos/code_cure_agent/cca_workspace/salvation/src/test/java/com/shapesecurity/salvation2/QueryingTest.java:[41,2] error: invalid method declaration; return type required
[ERROR] /workspaces/master-thesis-pascal-joos/code_cure_agent/cca_workspace/salvation/src/test/java/com/shapesecurity/salvation2/QueryingTest.java:[41,37] error: <identifier> expected
[ERROR] /workspaces/master-thesis-pascal-joos/code_cure_agent/cca_workspace/salvation/src/test/java/com/shapesecurity/salvation2/QueryingTest.java:[41,63] error: <identifier> expected
[ERROR] /workspaces/master-thesis-pascal-joos/code_cure_agent/cca_workspace/salvation/src/test/java/com/shapesecurity/salvation2/QueryingTest.java:[42,2] error: invalid method declaration; return type required
[ERROR] /workspaces/master-thesis-pascal-joos/code_cure_agent/cca_workspace/salvation/src/test/java/com/shapesecurity/salvation2/QueryingTest.java:[42,37] error: <identifier> expected
[ERROR] /workspaces/master-thesis-pascal-joos/code_cure_agent/cca_workspace/salvation/src/test/java/com/shapesecurity/salvation2/QueryingTest.java:[42,62] error: <identifier> expected
[ERROR] /workspaces/master-thesis-pascal-joos/code_cure_agent/cca_workspace/salvation/src/test/java/com/shapesecurity/salvation2/QueryingTest.java:[43,2] error: invalid method declaration; return type required
[ERROR] /workspaces/master-thesis-pascal-joos/code_cure_agent/cca_workspace/salvation/src/test/java/com/shapesecurity/salvation2/QueryingTest.java:[43,37] error: <identifier> expected
[ERROR] /workspaces/master-thesis-pascal-joos/code_cure_agent/cca_workspace/salvation/src/test/java/com/shapesecurity/salvation2/QueryingTest.java:[43,63] error: <identifier> expected
[ERROR] /workspaces/master-thesis-pascal-joos/code_cure_agent/cca_workspace/salvation/src/test/java/com/shapesecurity/salvation2/QueryingTest.java:[46,3] error: <identifier> expected
[ERROR] /workspaces/master-thesis-pascal-joos/code_cure_agent/cca_workspace/salvation/src/test/java/com/shapesecurity/salvation2/QueryingTest.java:[47,2] error: invalid method declaration; return type required
[ERROR] /workspaces/master-thesis-pascal-joos/code_cure_agent/cca_workspace/salvation/src/test/java/com/shapesecurity/salvation2/QueryingTest.java:[47,32] error: <identifier> expected
[ERROR] /workspaces/master-thesis-pascal-joos/code_cure_agent/cca_workspace/salvation/src/test/java/com/shapesecurity/salvation2/QueryingTest.java:[47,57] error: <identifier> expected
[ERROR] /workspaces/master-thesis-pascal-joos/code_cure_agent/cca_workspace/salvation/src/test/java/com/shapesecurity/salvation2/QueryingTest.java:[48,2] error: invalid method declaration; return type required
[ERROR] /workspaces/master-thesis-pascal-joos/code_cure_agent/cca_workspace/salvation/src/test/java/com/shapesecurity/salvation2/QueryingTest.java:[48,32] error: <identifier> expected
[ERROR] /workspaces/master-thesis-pascal-joos/code_cure_agent/cca_workspace/salvation/src/test/java/com/shapesecurity/salvation2/QueryingTest.java:[48,58] error: <identifier> expected
[ERROR] /workspaces/master-thesis-pascal-joos/code_cure_agent/cca_workspace/salvation/src/test/java/com/shapesecurity/salvation2/QueryingTest.java:[49,2] error: invalid method declaration; return type required
[ERROR] /workspaces/master-thesis-pascal-joos/code_cure_agent/cca_workspace/salvation/src/test/java/com/shapesecurity/salvation2/QueryingTest.java:[49,37] error: <identifier> expected
[ERROR] /workspaces/master-thesis-pascal-joos/code_cure_agent/cca_workspace/salvation/src/test/java/com/shapesecurity/salvation2/QueryingTest.java:[49,62] error: <identifier> expected
[ERROR] /workspaces/master-thesis-pascal-joos/code_cure_agent/cca_workspace/salvation/src/test/java/com/shapesecurity/salvation2/QueryingTest.java:[51,3] error: <identifier> expected
[ERROR] /workspaces/master-thesis-pascal-joos/code_cure_agent/cca_workspace/salvation/src/test/java/com/shapesecurity/salvation2/QueryingTest.java:[52,2] error: invalid method declaration; return type required
[ERROR] /workspaces/master-thesis-pascal-joos/code_cure_agent/cca_workspace/salvation/src/test/java/com/shapesecurity/salvation2/QueryingTest.java:[52,32] error: <identifier> expected
[ERROR] /workspaces/master-thesis-pascal-joos/code_cure_agent/cca_workspace/salvation/src/test/java/com/shapesecurity/salvation2/QueryingTest.java:[52,57] error: <identifier> expected
[ERROR] /workspaces/master-thesis-pascal-joos/code_cure_agent/cca_workspace/salvation/src/test/java/com/shapesecurity/salvation2/QueryingTest.java:[53,2] error: invalid method declaration; return type required
[ERROR] /workspaces/master-thesis-pascal-joos/code_cure_agent/cca_workspace/salvation/src/test/java/com/shapesecurity/salvation2/QueryingTest.java:[53,32] error: <identifier> expected
[ERROR] /workspaces/master-thesis-pascal-joos/code_cure_agent/cca_workspace/salvation/src/test/java/com/shapesecurity/salvation2/QueryingTest.java:[53,57] error: <identifier> expected
[ERROR] /workspaces/master-thesis-pascal-joos/code_cure_agent/cca_workspace/salvation/src/test/java/com/shapesecurity/salvation2/QueryingTest.java:[55,3] error: <identifier> expected
[ERROR] /workspaces/master-thesis-pascal-joos/code_cure_agent/cca_workspace/salvation/src/test/java/com/shapesecurity/salvation2/QueryingTest.java:[56,2] error: invalid method declaration; return type required
[ERROR] /workspaces/master-thesis-pascal-joos/code_cure_agent/cca_workspace/salvation/src/test/java/com/shapesecurity/salvation2/QueryingTest.java:[56,32] error: <identifier> expected
[ERROR] /workspaces/master-thesis-pascal-joos/code_cure_agent/cca_workspace/salvation/src/test/java/com/shapesecurity/salvation2/QueryingTest.java:[56,58] error: <identifier> expected
[ERROR] /workspaces/master-thesis-pascal-joos/code_cure_agent/cca_workspace/salvation/src/test/java/com/shapesecurity/salvation2/QueryingTest.java:[57,2] error: invalid method declaration; return type required
[ERROR] /workspaces/master-thesis-pascal-joos/code_cure_agent/cca_workspace/salvation/src/test/java/com/shapesecurity/salvation2/QueryingTest.java:[57,32] error: <identifier> expected
[ERROR] /workspaces/master-thesis-pascal-joos/code_cure_agent/cca_workspace/salvation/src/test/java/com/shapesecurity/salvation2/QueryingTest.java:[57,58] error: <identifier> expected
[ERROR] /workspaces/master-thesis-pascal-joos/code_cure_agent/cca_workspace/salvation/src/test/java/com/shapesecurity/salvation2/QueryingTest.java:[59,3] error: <identifier> expected
[ERROR] /workspaces/master-thesis-pascal-joos/code_cure_agent/cca_workspace/salvation/src/test/java/com/shapesecurity/salvation2/QueryingTest.java:[60,2] error: invalid method declaration; return type required
[ERROR] /workspaces/master-thesis-pascal-joos/code_cure_agent/cca_workspace/salvation/src/test/java/com/shapesecurity/salvation2/QueryingTest.java:[60,32] error: <identifier> expected
[ERROR] /workspaces/master-thesis-pascal-joos/code_cure_agent/cca_workspace/salvation/src/test/java/com/shapesecurity/salvation2/QueryingTest.java:[60,57] error: <identifier> expected
[ERROR] /workspaces/master-thesis-pascal-joos/code_cure_agent/cca_workspace/salvation/src/test/java/com/shapesecurity/salvation2/QueryingTest.java:[61,2] error: invalid method declaration; return type required
[ERROR] /workspaces/master-thesis-pascal-joos/code_cure_agent/cca_workspace/salvation/src/test/java/com/shapesecurity/salvation2/QueryingTest.java:[61,32] error: <identifier> expected
[ERROR] /workspaces/master-thesis-pascal-joos/code_cure_agent/cca_workspace/salvation/src/test/java/com/shapesecurity/salvation2/QueryingTest.java:[61,57] error: <identifier> expected
[ERROR] /workspaces/master-thesis-pascal-joos/code_cure_agent/cca_workspace/salvation/src/test/java/com/shapesecurity/salvation2/QueryingTest.java:[63,3] error: <identifier> expected
[ERROR] /workspaces/master-thesis-pascal-joos/code_cure_agent/cca_workspace/salvation/src/test/java/com/shapesecurity/salvation2/QueryingTest.java:[64,2] error: invalid method declaration; return type required
[ERROR] /workspaces/master-thesis-pascal-joos/code_cure_agent/cca_workspace/salvation/src/test/java/com/shapesecurity/salvation2/QueryingTest.java:[64,32] error: <identifier> expected
[ERROR] /workspaces/master-thesis-pascal-joos/code_cure_agent/cca_workspace/salvation/src/test/java/com/shapesecurity/salvation2/QueryingTest.java:[64,57] error: <identifier> expected
[ERROR] /workspaces/master-thesis-pascal-joos/code_cure_agent/cca_workspace/salvation/src/test/java/com/shapesecurity/salvation2/QueryingTest.java:[65,2] error: invalid method declaration; return type required
[ERROR] /workspaces/master-thesis-pascal-joos/code_cure_agent/cca_workspace/salvation/src/test/java/com/shapesecurity/salvation2/QueryingTest.java:[65,37] error: <identifier> expected
[ERROR] /workspaces/master-thesis-pascal-joos/code_cure_agent/cca_workspace/salvation/src/test/java/com/shapesecurity/salvation2/QueryingTest.java:[65,62] error: <identifier> expected
[ERROR] /workspaces/master-thesis-pascal-joos/code_cure_agent/cca_workspace/salvation/src/test/java/com/shapesecurity/salvation2/QueryingTest.java:[67,3] error: <identifier> expected
[ERROR] /workspaces/master-thesis-pascal-joos/code_cure_agent/cca_workspace/salvation/src/test/java/com/shapesecurity/salvation2/QueryingTest.java:[68,2] error: invalid method declaration; return type required
[ERROR] /workspaces/master-thesis-pascal-joos/code_cure_agent/cca_workspace/salvation/src/test/java/com/shapesecurity/salvation2/QueryingTest.java:[68,32] error: <identifier> expected
[ERROR] /workspaces/master-thesis-pascal-joos/code_cure_agent/cca_workspace/salvation/src/test/java/com/shapesecurity/salvation2/QueryingTest.java:[68,56] error: <identifier> expected
[ERROR] /workspaces/master-thesis-pascal-joos/code_cure_agent/cca_workspace/salvation/src/test/java/com/shapesecurity/salvation2/QueryingTest.java:[69,2] error: invalid method declaration; return type required
[ERROR] /workspaces/master-thesis-pascal-joos/code_cure_agent/cca_workspace/salvation/src/test/java/com/shapesecurity/salvation2/QueryingTest.java:[69,37] error: <identifier> expected
[ERROR] /workspaces/master-thesis-pascal-joos/code_cure_agent/cca_workspace/salvation/src/test/java/com/shapesecurity/salvation2/QueryingTest.java:[69,61] error: <identifier> expected
[ERROR] /workspaces/master-thesis-pascal-joos/code_cure_agent/cca_workspace/salvation/src/test/java/com/shapesecurity/salvation2/QueryingTest.java:[70,2] error: invalid method declaration; return type required
[ERROR] /workspaces/master-thesis-pascal-joos/code_cure_agent/cca_workspace/salvation/src/test/java/com/shapesecurity/salvation2/QueryingTest.java:[70,37] error: <identifier> expected
[ERROR] /workspaces/master-thesis-pascal-joos/code_cure_agent/cca_workspace/salvation/src/test/java/com/shapesecurity/salvation2/QueryingTest.java:[70,61] error: <identifier> expected
[ERROR] /workspaces/master-thesis-pascal-joos/code_cure_agent/cca_workspace/salvation/src/test/java/com/shapesecurity/salvation2/QueryingTest.java:[71,2] error: invalid method declaration; return type required
[ERROR] /workspaces/master-thesis-pascal-joos/code_cure_agent/cca_workspace/salvation/src/test/java/com/shapesecurity/salvation2/QueryingTest.java:[71,37] error: <identifier> expected
[ERROR] /workspaces/master-thesis-pascal-joos/code_cure_agent/cca_workspace/salvation/src/test/java/com/shapesecurity/salvation2/QueryingTest.java:[71,61] error: <identifier> expected
[ERROR] /workspaces/master-thesis-pascal-joos/code_cure_agent/cca_workspace/salvation/src/test/java/com/shapesecurity/salvation2/QueryingTest.java:[73,3] error: <identifier> expected
[ERROR] /workspaces/master-thesis-pascal-joos/code_cure_agent/cca_workspace/salvation/src/test/java/com/shapesecurity/salvation2/QueryingTest.java:[74,2] error: invalid method declaration; return type required
[INFO] 100 errors 
[INFO] -------------------------------------------------------------
[INFO] ------------------------------------------------------------------------
[INFO] BUILD FAILURE
[INFO] ------------------------------------------------------------------------
[INFO] Total time:  1.776 s
[INFO] Finished at: 2025-08-30T15:58:35Z
[INFO] ------------------------------------------------------------------------
[ERROR] Failed to execute goal org.apache.maven.plugins:maven-compiler-plugin:2.3.2:testCompile (default-testCompile) on project salvation2: Compilation failure: Compilation failure: 
[ERROR] /workspaces/master-thesis-pascal-joos/code_cure_agent/cca_workspace/salvation/src/test/java/com/shapesecurity/salvation2/QueryingTest.java:[24,4] error: illegal start of expression
[ERROR] /workspaces/master-thesis-pascal-joos/code_cure_agent/cca_workspace/salvation/src/test/java/com/shapesecurity/salvation2/QueryingTest.java:[27,2] error: invalid method declaration; return type required
[ERROR] /workspaces/master-thesis-pascal-joos/code_cure_agent/cca_workspace/salvation/src/test/java/com/shapesecurity/salvation2/QueryingTest.java:[27,32] error: <identifier> expected
[ERROR] /workspaces/master-thesis-pascal-joos/code_cure_agent/cca_workspace/salvation/src/test/java/com/shapesecurity/salvation2/QueryingTest.java:[27,57] error: <identifier> expected
[ERROR] /workspaces/master-thesis-pascal-joos/code_cure_agent/cca_workspace/salvation/src/test/java/com/shapesecurity/salvation2/QueryingTest.java:[28,2] error: invalid method declaration; return type required
[ERROR] /workspaces/master-thesis-pascal-joos/code_cure_agent/cca_workspace/salvation/src/test/java/com/shapesecurity/salvation2/QueryingTest.java:[28,32] error: <identifier> expected
[ERROR] /workspaces/master-thesis-pascal-joos/code_cure_agent/cca_workspace/salvation/src/test/java/com/shapesecurity/salvation2/QueryingTest.java:[28,57] error: <identifier> expected
[ERROR] /workspaces/master-thesis-pascal-joos/code_cure_agent/cca_workspace/salvation/src/test/java/com/shapesecurity/salvation2/QueryingTest.java:[29,2] error: invalid method declaration; return type required
[ERROR] /workspaces/master-thesis-pascal-joos/code_cure_agent/cca_workspace/salvation/src/test/java/com/shapesecurity/salvation2/QueryingTest.java:[29,32] error: <identifier> expected
[ERROR] /workspaces/master-thesis-pascal-joos/code_cure_agent/cca_workspace/salvation/src/test/java/com/shapesecurity/salvation2/QueryingTest.java:[29,58] error: <identifier> expected
[ERROR] /workspaces/master-thesis-pascal-joos/code_cure_agent/cca_workspace/salvation/src/test/java/com/shapesecurity/salvation2/QueryingTest.java:[30,2] error: invalid method declaration; return type required
[ERROR] /workspaces/master-thesis-pascal-joos/code_cure_agent/cca_workspace/salvation/src/test/java/com/shapesecurity/salvation2/QueryingTest.java:[30,32] error: <identifier> expected
[ERROR] /workspaces/master-thesis-pascal-joos/code_cure_agent/cca_workspace/salvation/src/test/java/com/shapesecurity/salvation2/QueryingTest.java:[30,57] error: <identifier> expected
[ERROR] /workspaces/master-thesis-pascal-joos/code_cure_agent/cca_workspace/salvation/src/test/java/com/shapesecurity/salvation2/QueryingTest.java:[31,2] error: invalid method declaration; return type required
[ERROR] /workspaces/master-thesis-pascal-joos/code_cure_agent/cca_workspace/salvation/src/test/java/com/shapesecurity/salvation2/QueryingTest.java:[31,32] error: <identifier> expected
[ERROR] /workspaces/master-thesis-pascal-joos/code_cure_agent/cca_workspace/salvation/src/test/java/com/shapesecurity/salvation2/QueryingTest.java:[31,58] error: <identifier> expected
[ERROR] /workspaces/master-thesis-pascal-joos/code_cure_agent/cca_workspace/salvation/src/test/java/com/shapesecurity/salvation2/QueryingTest.java:[32,2] error: invalid method declaration; return type required
[ERROR] /workspaces/master-thesis-pascal-joos/code_cure_agent/cca_workspace/salvation/src/test/java/com/shapesecurity/salvation2/QueryingTest.java:[32,32] error: <identifier> expected
[ERROR] /workspaces/master-thesis-pascal-joos/code_cure_agent/cca_workspace/salvation/src/test/java/com/shapesecurity/salvation2/QueryingTest.java:[32,58] error: <identifier> expected
[ERROR] /workspaces/master-thesis-pascal-joos/code_cure_agent/cca_workspace/salvation/src/test/java/com/shapesecurity/salvation2/QueryingTest.java:[33,2] error: invalid method declaration; return type required
[ERROR] /workspaces/master-thesis-pascal-joos/code_cure_agent/cca_workspace/salvation/src/test/java/com/shapesecurity/salvation2/QueryingTest.java:[33,37] error: <identifier> expected
[ERROR] /workspaces/master-thesis-pascal-joos/code_cure_agent/cca_workspace/salvation/src/test/java/com/shapesecurity/salvation2/QueryingTest.java:[33,62] error: <identifier> expected
[ERROR] /workspaces/master-thesis-pascal-joos/code_cure_agent/cca_workspace/salvation/src/test/java/com/shapesecurity/salvation2/QueryingTest.java:[34,2] error: invalid method declaration; return type required
[ERROR] /workspaces/master-thesis-pascal-joos/code_cure_agent/cca_workspace/salvation/src/test/java/com/shapesecurity/salvation2/QueryingTest.java:[34,37] error: <identifier> expected
[ERROR] /workspaces/master-thesis-pascal-joos/code_cure_agent/cca_workspace/salvation/src/test/java/com/shapesecurity/salvation2/QueryingTest.java:[34,62] error: <identifier> expected
[ERROR] /workspaces/master-thesis-pascal-joos/code_cure_agent/cca_workspace/salvation/src/test/java/com/shapesecurity/salvation2/QueryingTest.java:[35,2] error: invalid method declaration; return type required
[ERROR] /workspaces/master-thesis-pascal-joos/code_cure_agent/cca_workspace/salvation/src/test/java/com/shapesecurity/salvation2/QueryingTest.java:[35,37] error: <identifier> expected
[ERROR] /workspaces/master-thesis-pascal-joos/code_cure_agent/cca_workspace/salvation/src/test/java/com/shapesecurity/salvation2/QueryingTest.java:[35,63] error: <identifier> expected
[ERROR] /workspaces/master-thesis-pascal-joos/code_cure_agent/cca_workspace/salvation/src/test/java/com/shapesecurity/salvation2/QueryingTest.java:[36,2] error: invalid method declaration; return type required
[ERROR] /workspaces/master-thesis-pascal-joos/code_cure_agent/cca_workspace/salvation/src/test/java/com/shapesecurity/salvation2/QueryingTest.java:[36,37] error: <identifier> expected
[ERROR] /workspaces/master-thesis-pascal-joos/code_cure_agent/cca_workspace/salvation/src/test/java/com/shapesecurity/salvation2/QueryingTest.java:[36,63] error: <identifier> expected
[ERROR] /workspaces/master-thesis-pascal-joos/code_cure_agent/cca_workspace/salvation/src/test/java/com/shapesecurity/salvation2/QueryingTest.java:[38,3] error: <identifier> expected
[ERROR] /workspaces/master-thesis-pascal-joos/code_cure_agent/cca_workspace/salvation/src/test/java/com/shapesecurity/salvation2/QueryingTest.java:[39,2] error: invalid method declaration; return type required
[ERROR] /workspaces/master-thesis-pascal-joos/code_cure_agent/cca_workspace/salvation/src/test/java/com/shapesecurity/salvation2/QueryingTest.java:[39,37] error: <identifier> expected
[ERROR] /workspaces/master-thesis-pascal-joos/code_cure_agent/cca_workspace/salvation/src/test/java/com/shapesecurity/salvation2/QueryingTest.java:[39,62] error: <identifier> expected
[ERROR] /workspaces/master-thesis-pascal-joos/code_cure_agent/cca_workspace/salvation/src/test/java/com/shapesecurity/salvation2/QueryingTest.java:[40,2] error: invalid method declaration; return type required
[ERROR] /workspaces/master-thesis-pascal-joos/code_cure_agent/cca_workspace/salvation/src/test/java/com/shapesecurity/salvation2/QueryingTest.java:[40,37] error: <identifier> expected
[ERROR] /workspaces/master-thesis-pascal-joos/code_cure_agent/cca_workspace/salvation/src/test/java/com/shapesecurity/salvation2/QueryingTest.java:[40,62] error: <identifier> expected
[ERROR] /workspaces/master-thesis-pascal-joos/code_cure_agent/cca_workspace/salvation/src/test/java/com/shapesecurity/salvation2/QueryingTest.java:[41,2] error: invalid method declaration; return type required
[ERROR] /workspaces/master-thesis-pascal-joos/code_cure_agent/cca_workspace/salvation/src/test/java/com/shapesecurity/salvation2/QueryingTest.java:[41,37] error: <identifier> expected
[ERROR] /workspaces/master-thesis-pascal-joos/code_cure_agent/cca_workspace/salvation/src/test/java/com/shapesecurity/salvation2/QueryingTest.java:[41,63] error: <identifier> expected
[ERROR] /workspaces/master-thesis-pascal-joos/code_cure_agent/cca_workspace/salvation/src/test/java/com/shapesecurity/salvation2/QueryingTest.java:[42,2] error: invalid method declaration; return type required
[ERROR] /workspaces/master-thesis-pascal-joos/code_cure_agent/cca_workspace/salvation/src/test/java/com/shapesecurity/salvation2/QueryingTest.java:[42,37] error: <identifier> expected
[ERROR] /workspaces/master-thesis-pascal-joos/code_cure_agent/cca_workspace/salvation/src/test/java/com/shapesecurity/salvation2/QueryingTest.java:[42,62] error: <identifier> expected
[ERROR] /workspaces/master-thesis-pascal-joos/code_cure_agent/cca_workspace/salvation/src/test/java/com/shapesecurity/salvation2/QueryingTest.java:[43,2] error: invalid method declaration; return type required
[ERROR] /workspaces/master-thesis-pascal-joos/code_cure_agent/cca_workspace/salvation/src/test/java/com/shapesecurity/salvation2/QueryingTest.java:[43,37] error: <identifier> expected
[ERROR] /workspaces/master-thesis-pascal-joos/code_cure_agent/cca_workspace/salvation/src/test/java/com/shapesecurity/salvation2/QueryingTest.java:[43,63] error: <identifier> expected
[ERROR] /workspaces/master-thesis-pascal-joos/code_cure_agent/cca_workspace/salvation/src/test/java/com/shapesecurity/salvation2/QueryingTest.java:[46,3] error: <identifier> expected
[ERROR] /workspaces/master-thesis-pascal-joos/code_cure_agent/cca_workspace/salvation/src/test/java/com/shapesecurity/salvation2/QueryingTest.java:[47,2] error: invalid method declaration; return type required
[ERROR] /workspaces/master-thesis-pascal-joos/code_cure_agent/cca_workspace/salvation/src/test/java/com/shapesecurity/salvation2/QueryingTest.java:[47,32] error: <identifier> expected
[ERROR] /workspaces/master-thesis-pascal-joos/code_cure_agent/cca_workspace/salvation/src/test/java/com/shapesecurity/salvation2/QueryingTest.java:[47,57] error: <identifier> expected
[ERROR] /workspaces/master-thesis-pascal-joos/code_cure_agent/cca_workspace/salvation/src/test/java/com/shapesecurity/salvation2/QueryingTest.java:[48,2] error: invalid method declaration; return type required
[ERROR] /workspaces/master-thesis-pascal-joos/code_cure_agent/cca_workspace/salvation/src/test/java/com/shapesecurity/salvation2/QueryingTest.java:[48,32] error: <identifier> expected
[ERROR] /workspaces/master-thesis-pascal-joos/code_cure_agent/cca_workspace/salvation/src/test/java/com/shapesecurity/salvation2/QueryingTest.java:[48,58] error: <identifier> expected
[ERROR] /workspaces/master-thesis-pascal-joos/code_cure_agent/cca_workspace/salvation/src/test/java/com/shapesecurity/salvation2/QueryingTest.java:[49,2] error: invalid method declaration; return type required
[ERROR] /workspaces/master-thesis-pascal-joos/code_cure_agent/cca_workspace/salvation/src/test/java/com/shapesecurity/salvation2/QueryingTest.java:[49,37] error: <identifier> expected
[ERROR] /workspaces/master-thesis-pascal-joos/code_cure_agent/cca_workspace/salvation/src/test/java/com/shapesecurity/salvation2/QueryingTest.java:[49,62] error: <identifier> expected
[ERROR] /workspaces/master-thesis-pascal-joos/code_cure_agent/cca_workspace/salvation/src/test/java/com/shapesecurity/salvation2/QueryingTest.java:[51,3] error: <identifier> expected
[ERROR] /workspaces/master-thesis-pascal-joos/code_cure_agent/cca_workspace/salvation/src/test/java/com/shapesecurity/salvation2/QueryingTest.java:[52,2] error: invalid method declaration; return type required
[ERROR] /workspaces/master-thesis-pascal-joos/code_cure_agent/cca_workspace/salvation/src/test/java/com/shapesecurity/salvation2/QueryingTest.java:[52,32] error: <identifier> expected
[ERROR] /workspaces/master-thesis-pascal-joos/code_cure_agent/cca_workspace/salvation/src/test/java/com/shapesecurity/salvation2/QueryingTest.java:[52,57] error: <identifier> expected
[ERROR] /workspaces/master-thesis-pascal-joos/code_cure_agent/cca_workspace/salvation/src/test/java/com/shapesecurity/salvation2/QueryingTest.java:[53,2] error: invalid method declaration; return type required
[ERROR] /workspaces/master-thesis-pascal-joos/code_cure_agent/cca_workspace/salvation/src/test/java/com/shapesecurity/salvation2/QueryingTest.java:[53,32] error: <identifier> expected
[ERROR] /workspaces/master-thesis-pascal-joos/code_cure_agent/cca_workspace/salvation/src/test/java/com/shapesecurity/salvation2/QueryingTest.java:[53,57] error: <identifier> expected
[ERROR] /workspaces/master-thesis-pascal-joos/code_cure_agent/cca_workspace/salvation/src/test/java/com/shapesecurity/salvation2/QueryingTest.java:[55,3] error: <identifier> expected
[ERROR] /workspaces/master-thesis-pascal-joos/code_cure_agent/cca_workspace/salvation/src/test/java/com/shapesecurity/salvation2/QueryingTest.java:[56,2] error: invalid method declaration; return type required
[ERROR] /workspaces/master-thesis-pascal-joos/code_cure_agent/cca_workspace/salvation/src/test/java/com/shapesecurity/salvation2/QueryingTest.java:[56,32] error: <identifier> expected
[ERROR] /workspaces/master-thesis-pascal-joos/code_cure_agent/cca_workspace/salvation/src/test/java/com/shapesecurity/salvation2/QueryingTest.java:[56,58] error: <identifier> expected
[ERROR] /workspaces/master-thesis-pascal-joos/code_cure_agent/cca_workspace/salvation/src/test/java/com/shapesecurity/salvation2/QueryingTest.java:[57,2] error: invalid method declaration; return type required
[ERROR] /workspaces/master-thesis-pascal-joos/code_cure_agent/cca_workspace/salvation/src/test/java/com/shapesecurity/salvation2/QueryingTest.java:[57,32] error: <identifier> expected
[ERROR] /workspaces/master-thesis-pascal-joos/code_cure_agent/cca_workspace/salvation/src/test/java/com/shapesecurity/salvation2/QueryingTest.java:[57,58] error: <identifier> expected
[ERROR] /workspaces/master-thesis-pascal-joos/code_cure_agent/cca_workspace/salvation/src/test/java/com/shapesecurity/salvation2/QueryingTest.java:[59,3] error: <identifier> expected
[ERROR] /workspaces/master-thesis-pascal-joos/code_cure_agent/cca_workspace/salvation/src/test/java/com/shapesecurity/salvation2/QueryingTest.java:[60,2] error: invalid method declaration; return type required
[ERROR] /workspaces/master-thesis-pascal-joos/code_cure_agent/cca_workspace/salvation/src/test/java/com/shapesecurity/salvation2/QueryingTest.java:[60,32] error: <identifier> expected
[ERROR] /workspaces/master-thesis-pascal-joos/code_cure_agent/cca_workspace/salvation/src/test/java/com/shapesecurity/salvation2/QueryingTest.java:[60,57] error: <identifier> expected
[ERROR] /workspaces/master-thesis-pascal-joos/code_cure_agent/cca_workspace/salvation/src/test/java/com/shapesecurity/salvation2/QueryingTest.java:[61,2] error: invalid method declaration; return type required
[ERROR] /workspaces/master-thesis-pascal-joos/code_cure_agent/cca_workspace/salvation/src/test/java/com/shapesecurity/salvation2/QueryingTest.java:[61,32] error: <identifier> expected
[ERROR] /workspaces/master-thesis-pascal-joos/code_cure_agent/cca_workspace/salvation/src/test/java/com/shapesecurity/salvation2/QueryingTest.java:[61,57] error: <identifier> expected
[ERROR] /workspaces/master-thesis-pascal-joos/code_cure_agent/cca_workspace/salvation/src/test/java/com/shapesecurity/salvation2/QueryingTest.java:[63,3] error: <identifier> expected
[ERROR] /workspaces/master-thesis-pascal-joos/code_cure_agent/cca_workspace/salvation/src/test/java/com/shapesecurity/salvation2/QueryingTest.java:[64,2] error: invalid method declaration; return type required
[ERROR] /workspaces/master-thesis-pascal-joos/code_cure_agent/cca_workspace/salvation/src/test/java/com/shapesecurity/salvation2/QueryingTest.java:[64,32] error: <identifier> expected
[ERROR] /workspaces/master-thesis-pascal-joos/code_cure_agent/cca_workspace/salvation/src/test/java/com/shapesecurity/salvation2/QueryingTest.java:[64,57] error: <identifier> expected
[ERROR] /workspaces/master-thesis-pascal-joos/code_cure_agent/cca_workspace/salvation/src/test/java/com/shapesecurity/salvation2/QueryingTest.java:[65,2] error: invalid method declaration; return type required
[ERROR] /workspaces/master-thesis-pascal-joos/code_cure_agent/cca_workspace/salvation/src/test/java/com/shapesecurity/salvation2/QueryingTest.java:[65,37] error: <identifier> expected
[ERROR] /workspaces/master-thesis-pascal-joos/code_cure_agent/cca_workspace/salvation/src/test/java/com/shapesecurity/salvation2/QueryingTest.java:[65,62] error: <identifier> expected
[ERROR] /workspaces/master-thesis-pascal-joos/code_cure_agent/cca_workspace/salvation/src/test/java/com/shapesecurity/salvation2/QueryingTest.java:[67,3] error: <identifier> expected
[ERROR] /workspaces/master-thesis-pascal-joos/code_cure_agent/cca_workspace/salvation/src/test/java/com/shapesecurity/salvation2/QueryingTest.java:[68,2] error: invalid method declaration; return type required
[ERROR] /workspaces/master-thesis-pascal-joos/code_cure_agent/cca_workspace/salvation/src/test/java/com/shapesecurity/salvation2/QueryingTest.java:[68,32] error: <identifier> expected
[ERROR] /workspaces/master-thesis-pascal-joos/code_cure_agent/cca_workspace/salvation/src/test/java/com/shapesecurity/salvation2/QueryingTest.java:[68,56] error: <identifier> expected
[ERROR] /workspaces/master-thesis-pascal-joos/code_cure_agent/cca_workspace/salvation/src/test/java/com/shapesecurity/salvation2/QueryingTest.java:[69,2] error: invalid method declaration; return type required
[ERROR] /workspaces/master-thesis-pascal-joos/code_cure_agent/cca_workspace/salvation/src/test/java/com/shapesecurity/salvation2/QueryingTest.java:[69,37] error: <identifier> expected
[ERROR] /workspaces/master-thesis-pascal-joos/code_cure_agent/cca_workspace/salvation/src/test/java/com/shapesecurity/salvation2/QueryingTest.java:[69,61] error: <identifier> expected
[ERROR] /workspaces/master-thesis-pascal-joos/code_cure_agent/cca_workspace/salvation/src/test/java/com/shapesecurity/salvation2/QueryingTest.java:[70,2] error: invalid method declaration; return type required
[ERROR] /workspaces/master-thesis-pascal-joos/code_cure_agent/cca_workspace/salvation/src/test/java/com/shapesecurity/salvation2/QueryingTest.java:[70,37] error: <identifier> expected
[ERROR] /workspaces/master-thesis-pascal-joos/code_cure_agent/cca_workspace/salvation/src/test/java/com/shapesecurity/salvation2/QueryingTest.java:[70,61] error: <identifier> expected
[ERROR] /workspaces/master-thesis-pascal-joos/code_cure_agent/cca_workspace/salvation/src/test/java/com/shapesecurity/salvation2/QueryingTest.java:[71,2] error: invalid method declaration; return type required
[ERROR] /workspaces/master-thesis-pascal-joos/code_cure_agent/cca_workspace/salvation/src/test/java/com/shapesecurity/salvation2/QueryingTest.java:[71,37] error: <identifier> expected
[ERROR] /workspaces/master-thesis-pascal-joos/code_cure_agent/cca_workspace/salvation/src/test/java/com/shapesecurity/salvation2/QueryingTest.java:[71,61] error: <identifier> expected
[ERROR] /workspaces/master-thesis-pascal-joos/code_cure_agent/cca_workspace/salvation/src/test/java/com/shapesecurity/salvation2/QueryingTest.java:[73,3] error: <identifier> expected
[ERROR] /workspaces/master-thesis-pascal-joos/code_cure_agent/cca_workspace/salvation/src/test/java/com/shapesecurity/salvation2/QueryingTest.java:[74,2] error: invalid method declaration; return type required
[ERROR] -> [Help 1]
[ERROR] 
[ERROR] To see the full stack trace of the errors, re-run Maven with the -e switch.
[ERROR] Re-run Maven using the -X switch to enable full debug logging.
[ERROR] 
[ERROR] For more information about the errors and possible solutions, please read the following articles:
[ERROR] [Help 1] http://cwiki.apache.org/confluence/display/MAVEN/MojoFailureException
