[INFO] Scanning for projects...
[INFO] 
[INFO] --------------------< com.github.lookfirst:sardine >--------------------
[INFO] Building Sardine WebDAV client 5.11-SNAPSHOT
[INFO] --------------------------------[ jar ]---------------------------------
[INFO] 
[INFO] --- maven-clean-plugin:2.5:clean (default-clean) @ sardine ---
[INFO] Deleting /workspaces/master-thesis-pascal-joos/code_cure_agent/cca_workspace/sardine/target
[INFO] 
[INFO] --- maven-enforcer-plugin:1.0:enforce (enforce-maven) @ sardine ---
[INFO] 
[INFO] --- maven-resources-plugin:2.6:resources (default-resources) @ sardine ---
[INFO] Using 'UTF-8' encoding to copy filtered resources.
[INFO] Copying 1 resource
[INFO] 
[INFO] --- maven-compiler-plugin:3.3:compile (default-compile) @ sardine ---
[INFO] Changes detected - recompiling the module!
[INFO] Compiling 125 source files to /workspaces/master-thesis-pascal-joos/code_cure_agent/cca_workspace/sardine/target/classes
[INFO] /workspaces/master-thesis-pascal-joos/code_cure_agent/cca_workspace/sardine/src/main/java/com/github/sardine/util/SardineUtil.java: Some input files use or override a deprecated API.
[INFO] /workspaces/master-thesis-pascal-joos/code_cure_agent/cca_workspace/sardine/src/main/java/com/github/sardine/util/SardineUtil.java: Recompile with -Xlint:deprecation for details.
[INFO] /workspaces/master-thesis-pascal-joos/code_cure_agent/cca_workspace/sardine/src/main/java/com/github/sardine/impl/SardineImpl.java: /workspaces/master-thesis-pascal-joos/code_cure_agent/cca_workspace/sardine/src/main/java/com/github/sardine/impl/SardineImpl.java uses unchecked or unsafe operations.
[INFO] /workspaces/master-thesis-pascal-joos/code_cure_agent/cca_workspace/sardine/src/main/java/com/github/sardine/impl/SardineImpl.java: Recompile with -Xlint:unchecked for details.
[INFO] 
[INFO] --- maven-resources-plugin:2.6:testResources (default-testResources) @ sardine ---
[INFO] Using 'UTF-8' encoding to copy filtered resources.
[INFO] skip non existing resourceDirectory /workspaces/master-thesis-pascal-joos/code_cure_agent/cca_workspace/sardine/src/test/resources
[INFO] 
[INFO] --- maven-compiler-plugin:3.3:testCompile (default-testCompile) @ sardine ---
[INFO] Changes detected - recompiling the module!
[INFO] Compiling 11 source files to /workspaces/master-thesis-pascal-joos/code_cure_agent/cca_workspace/sardine/target/test-classes
[INFO] -------------------------------------------------------------
[ERROR] COMPILATION ERROR : 
[INFO] -------------------------------------------------------------
[ERROR] /workspaces/master-thesis-pascal-joos/code_cure_agent/cca_workspace/sardine/src/test/java/com/github/sardine/impl/handler/MultiStatusResponseHandlerTest.java:[219,33] class, interface, or enum expected
[ERROR] /workspaces/master-thesis-pascal-joos/code_cure_agent/cca_workspace/sardine/src/test/java/com/github/sardine/impl/handler/MultiStatusResponseHandlerTest.java:[636,23] class, interface, or enum expected
[ERROR] /workspaces/master-thesis-pascal-joos/code_cure_agent/cca_workspace/sardine/src/test/java/com/github/sardine/impl/handler/MultiStatusResponseHandlerTest.java:[637,17] class, interface, or enum expected
[ERROR] /workspaces/master-thesis-pascal-joos/code_cure_agent/cca_workspace/sardine/src/test/java/com/github/sardine/impl/handler/MultiStatusResponseHandlerTest.java:[638,17] class, interface, or enum expected
[ERROR] /workspaces/master-thesis-pascal-joos/code_cure_agent/cca_workspace/sardine/src/test/java/com/github/sardine/impl/handler/MultiStatusResponseHandlerTest.java:[639,9] class, interface, or enum expected
[ERROR] /workspaces/master-thesis-pascal-joos/code_cure_agent/cca_workspace/sardine/src/test/java/com/github/sardine/impl/handler/MultiStatusResponseHandlerTest.java:[642,16] class, interface, or enum expected
[ERROR] /workspaces/master-thesis-pascal-joos/code_cure_agent/cca_workspace/sardine/src/test/java/com/github/sardine/impl/handler/MultiStatusResponseHandlerTest.java:[776,17] class, interface, or enum expected
[ERROR] /workspaces/master-thesis-pascal-joos/code_cure_agent/cca_workspace/sardine/src/test/java/com/github/sardine/impl/handler/MultiStatusResponseHandlerTest.java:[779,25] class, interface, or enum expected
[ERROR] /workspaces/master-thesis-pascal-joos/code_cure_agent/cca_workspace/sardine/src/test/java/com/github/sardine/impl/handler/MultiStatusResponseHandlerTest.java:[780,25] class, interface, or enum expected
[ERROR] /workspaces/master-thesis-pascal-joos/code_cure_agent/cca_workspace/sardine/src/test/java/com/github/sardine/impl/handler/MultiStatusResponseHandlerTest.java:[781,25] class, interface, or enum expected
[ERROR] /workspaces/master-thesis-pascal-joos/code_cure_agent/cca_workspace/sardine/src/test/java/com/github/sardine/impl/handler/MultiStatusResponseHandlerTest.java:[782,25] class, interface, or enum expected
[ERROR] /workspaces/master-thesis-pascal-joos/code_cure_agent/cca_workspace/sardine/src/test/java/com/github/sardine/impl/handler/MultiStatusResponseHandlerTest.java:[783,25] class, interface, or enum expected
[ERROR] /workspaces/master-thesis-pascal-joos/code_cure_agent/cca_workspace/sardine/src/test/java/com/github/sardine/impl/handler/MultiStatusResponseHandlerTest.java:[784,25] class, interface, or enum expected
[ERROR] /workspaces/master-thesis-pascal-joos/code_cure_agent/cca_workspace/sardine/src/test/java/com/github/sardine/impl/handler/MultiStatusResponseHandlerTest.java:[785,25] class, interface, or enum expected
[ERROR] /workspaces/master-thesis-pascal-joos/code_cure_agent/cca_workspace/sardine/src/test/java/com/github/sardine/impl/handler/MultiStatusResponseHandlerTest.java:[786,25] class, interface, or enum expected
[ERROR] /workspaces/master-thesis-pascal-joos/code_cure_agent/cca_workspace/sardine/src/test/java/com/github/sardine/impl/handler/MultiStatusResponseHandlerTest.java:[787,25] class, interface, or enum expected
[ERROR] /workspaces/master-thesis-pascal-joos/code_cure_agent/cca_workspace/sardine/src/test/java/com/github/sardine/impl/handler/MultiStatusResponseHandlerTest.java:[788,25] class, interface, or enum expected
[ERROR] /workspaces/master-thesis-pascal-joos/code_cure_agent/cca_workspace/sardine/src/test/java/com/github/sardine/impl/handler/MultiStatusResponseHandlerTest.java:[790,25] class, interface, or enum expected
[ERROR] /workspaces/master-thesis-pascal-joos/code_cure_agent/cca_workspace/sardine/src/test/java/com/github/sardine/impl/handler/MultiStatusResponseHandlerTest.java:[791,25] class, interface, or enum expected
[ERROR] /workspaces/master-thesis-pascal-joos/code_cure_agent/cca_workspace/sardine/src/test/java/com/github/sardine/impl/handler/MultiStatusResponseHandlerTest.java:[792,25] class, interface, or enum expected
[ERROR] /workspaces/master-thesis-pascal-joos/code_cure_agent/cca_workspace/sardine/src/test/java/com/github/sardine/impl/handler/MultiStatusResponseHandlerTest.java:[793,25] class, interface, or enum expected
[ERROR] /workspaces/master-thesis-pascal-joos/code_cure_agent/cca_workspace/sardine/src/test/java/com/github/sardine/impl/handler/MultiStatusResponseHandlerTest.java:[794,25] class, interface, or enum expected
[ERROR] /workspaces/master-thesis-pascal-joos/code_cure_agent/cca_workspace/sardine/src/test/java/com/github/sardine/impl/handler/MultiStatusResponseHandlerTest.java:[796,25] class, interface, or enum expected
[ERROR] /workspaces/master-thesis-pascal-joos/code_cure_agent/cca_workspace/sardine/src/test/java/com/github/sardine/impl/handler/MultiStatusResponseHandlerTest.java:[797,25] class, interface, or enum expected
[ERROR] /workspaces/master-thesis-pascal-joos/code_cure_agent/cca_workspace/sardine/src/test/java/com/github/sardine/impl/handler/MultiStatusResponseHandlerTest.java:[799,25] class, interface, or enum expected
[ERROR] /workspaces/master-thesis-pascal-joos/code_cure_agent/cca_workspace/sardine/src/test/java/com/github/sardine/impl/handler/MultiStatusResponseHandlerTest.java:[800,25] class, interface, or enum expected
[ERROR] /workspaces/master-thesis-pascal-joos/code_cure_agent/cca_workspace/sardine/src/test/java/com/github/sardine/impl/handler/MultiStatusResponseHandlerTest.java:[802,25] class, interface, or enum expected
[ERROR] /workspaces/master-thesis-pascal-joos/code_cure_agent/cca_workspace/sardine/src/test/java/com/github/sardine/impl/handler/MultiStatusResponseHandlerTest.java:[803,25] class, interface, or enum expected
[ERROR] /workspaces/master-thesis-pascal-joos/code_cure_agent/cca_workspace/sardine/src/test/java/com/github/sardine/impl/handler/MultiStatusResponseHandlerTest.java:[805,25] class, interface, or enum expected
[ERROR] /workspaces/master-thesis-pascal-joos/code_cure_agent/cca_workspace/sardine/src/test/java/com/github/sardine/impl/handler/MultiStatusResponseHandlerTest.java:[807,25] class, interface, or enum expected
[ERROR] /workspaces/master-thesis-pascal-joos/code_cure_agent/cca_workspace/sardine/src/test/java/com/github/sardine/impl/handler/MultiStatusResponseHandlerTest.java:[808,17] class, interface, or enum expected
[INFO] 31 errors 
[INFO] -------------------------------------------------------------
[INFO] ------------------------------------------------------------------------
[INFO] BUILD FAILURE
[INFO] ------------------------------------------------------------------------
[INFO] Total time:  2.102 s
[INFO] Finished at: 2025-08-30T16:44:52Z
[INFO] ------------------------------------------------------------------------
[ERROR] Failed to execute goal org.apache.maven.plugins:maven-compiler-plugin:3.3:testCompile (default-testCompile) on project sardine: Compilation failure: Compilation failure: 
[ERROR] /workspaces/master-thesis-pascal-joos/code_cure_agent/cca_workspace/sardine/src/test/java/com/github/sardine/impl/handler/MultiStatusResponseHandlerTest.java:[219,33] class, interface, or enum expected
[ERROR] /workspaces/master-thesis-pascal-joos/code_cure_agent/cca_workspace/sardine/src/test/java/com/github/sardine/impl/handler/MultiStatusResponseHandlerTest.java:[636,23] class, interface, or enum expected
[ERROR] /workspaces/master-thesis-pascal-joos/code_cure_agent/cca_workspace/sardine/src/test/java/com/github/sardine/impl/handler/MultiStatusResponseHandlerTest.java:[637,17] class, interface, or enum expected
[ERROR] /workspaces/master-thesis-pascal-joos/code_cure_agent/cca_workspace/sardine/src/test/java/com/github/sardine/impl/handler/MultiStatusResponseHandlerTest.java:[638,17] class, interface, or enum expected
[ERROR] /workspaces/master-thesis-pascal-joos/code_cure_agent/cca_workspace/sardine/src/test/java/com/github/sardine/impl/handler/MultiStatusResponseHandlerTest.java:[639,9] class, interface, or enum expected
[ERROR] /workspaces/master-thesis-pascal-joos/code_cure_agent/cca_workspace/sardine/src/test/java/com/github/sardine/impl/handler/MultiStatusResponseHandlerTest.java:[642,16] class, interface, or enum expected
[ERROR] /workspaces/master-thesis-pascal-joos/code_cure_agent/cca_workspace/sardine/src/test/java/com/github/sardine/impl/handler/MultiStatusResponseHandlerTest.java:[776,17] class, interface, or enum expected
[ERROR] /workspaces/master-thesis-pascal-joos/code_cure_agent/cca_workspace/sardine/src/test/java/com/github/sardine/impl/handler/MultiStatusResponseHandlerTest.java:[779,25] class, interface, or enum expected
[ERROR] /workspaces/master-thesis-pascal-joos/code_cure_agent/cca_workspace/sardine/src/test/java/com/github/sardine/impl/handler/MultiStatusResponseHandlerTest.java:[780,25] class, interface, or enum expected
[ERROR] /workspaces/master-thesis-pascal-joos/code_cure_agent/cca_workspace/sardine/src/test/java/com/github/sardine/impl/handler/MultiStatusResponseHandlerTest.java:[781,25] class, interface, or enum expected
[ERROR] /workspaces/master-thesis-pascal-joos/code_cure_agent/cca_workspace/sardine/src/test/java/com/github/sardine/impl/handler/MultiStatusResponseHandlerTest.java:[782,25] class, interface, or enum expected
[ERROR] /workspaces/master-thesis-pascal-joos/code_cure_agent/cca_workspace/sardine/src/test/java/com/github/sardine/impl/handler/MultiStatusResponseHandlerTest.java:[783,25] class, interface, or enum expected
[ERROR] /workspaces/master-thesis-pascal-joos/code_cure_agent/cca_workspace/sardine/src/test/java/com/github/sardine/impl/handler/MultiStatusResponseHandlerTest.java:[784,25] class, interface, or enum expected
[ERROR] /workspaces/master-thesis-pascal-joos/code_cure_agent/cca_workspace/sardine/src/test/java/com/github/sardine/impl/handler/MultiStatusResponseHandlerTest.java:[785,25] class, interface, or enum expected
[ERROR] /workspaces/master-thesis-pascal-joos/code_cure_agent/cca_workspace/sardine/src/test/java/com/github/sardine/impl/handler/MultiStatusResponseHandlerTest.java:[786,25] class, interface, or enum expected
[ERROR] /workspaces/master-thesis-pascal-joos/code_cure_agent/cca_workspace/sardine/src/test/java/com/github/sardine/impl/handler/MultiStatusResponseHandlerTest.java:[787,25] class, interface, or enum expected
[ERROR] /workspaces/master-thesis-pascal-joos/code_cure_agent/cca_workspace/sardine/src/test/java/com/github/sardine/impl/handler/MultiStatusResponseHandlerTest.java:[788,25] class, interface, or enum expected
[ERROR] /workspaces/master-thesis-pascal-joos/code_cure_agent/cca_workspace/sardine/src/test/java/com/github/sardine/impl/handler/MultiStatusResponseHandlerTest.java:[790,25] class, interface, or enum expected
[ERROR] /workspaces/master-thesis-pascal-joos/code_cure_agent/cca_workspace/sardine/src/test/java/com/github/sardine/impl/handler/MultiStatusResponseHandlerTest.java:[791,25] class, interface, or enum expected
[ERROR] /workspaces/master-thesis-pascal-joos/code_cure_agent/cca_workspace/sardine/src/test/java/com/github/sardine/impl/handler/MultiStatusResponseHandlerTest.java:[792,25] class, interface, or enum expected
[ERROR] /workspaces/master-thesis-pascal-joos/code_cure_agent/cca_workspace/sardine/src/test/java/com/github/sardine/impl/handler/MultiStatusResponseHandlerTest.java:[793,25] class, interface, or enum expected
[ERROR] /workspaces/master-thesis-pascal-joos/code_cure_agent/cca_workspace/sardine/src/test/java/com/github/sardine/impl/handler/MultiStatusResponseHandlerTest.java:[794,25] class, interface, or enum expected
[ERROR] /workspaces/master-thesis-pascal-joos/code_cure_agent/cca_workspace/sardine/src/test/java/com/github/sardine/impl/handler/MultiStatusResponseHandlerTest.java:[796,25] class, interface, or enum expected
[ERROR] /workspaces/master-thesis-pascal-joos/code_cure_agent/cca_workspace/sardine/src/test/java/com/github/sardine/impl/handler/MultiStatusResponseHandlerTest.java:[797,25] class, interface, or enum expected
[ERROR] /workspaces/master-thesis-pascal-joos/code_cure_agent/cca_workspace/sardine/src/test/java/com/github/sardine/impl/handler/MultiStatusResponseHandlerTest.java:[799,25] class, interface, or enum expected
[ERROR] /workspaces/master-thesis-pascal-joos/code_cure_agent/cca_workspace/sardine/src/test/java/com/github/sardine/impl/handler/MultiStatusResponseHandlerTest.java:[800,25] class, interface, or enum expected
[ERROR] /workspaces/master-thesis-pascal-joos/code_cure_agent/cca_workspace/sardine/src/test/java/com/github/sardine/impl/handler/MultiStatusResponseHandlerTest.java:[802,25] class, interface, or enum expected
[ERROR] /workspaces/master-thesis-pascal-joos/code_cure_agent/cca_workspace/sardine/src/test/java/com/github/sardine/impl/handler/MultiStatusResponseHandlerTest.java:[803,25] class, interface, or enum expected
[ERROR] /workspaces/master-thesis-pascal-joos/code_cure_agent/cca_workspace/sardine/src/test/java/com/github/sardine/impl/handler/MultiStatusResponseHandlerTest.java:[805,25] class, interface, or enum expected
[ERROR] /workspaces/master-thesis-pascal-joos/code_cure_agent/cca_workspace/sardine/src/test/java/com/github/sardine/impl/handler/MultiStatusResponseHandlerTest.java:[807,25] class, interface, or enum expected
[ERROR] /workspaces/master-thesis-pascal-joos/code_cure_agent/cca_workspace/sardine/src/test/java/com/github/sardine/impl/handler/MultiStatusResponseHandlerTest.java:[808,17] class, interface, or enum expected
[ERROR] -> [Help 1]
[ERROR] 
[ERROR] To see the full stack trace of the errors, re-run Maven with the -e switch.
[ERROR] Re-run Maven using the -X switch to enable full debug logging.
[ERROR] 
[ERROR] For more information about the errors and possible solutions, please read the following articles:
[ERROR] [Help 1] http://cwiki.apache.org/confluence/display/MAVEN/MojoFailureException
