[INFO] Scanning for projects...
[INFO] Inspecting build with total of 1 modules...
[INFO] Installing Nexus Staging features:
[INFO]   ... total of 1 executions of maven-deploy-plugin replaced with nexus-staging-maven-plugin
[INFO] 
[INFO] -------------------< com.googlecode.plist:dd-plist >--------------------
[INFO] Building dd-plist 1.24
[INFO] --------------------------------[ jar ]---------------------------------
[INFO] 
[INFO] --- maven-clean-plugin:2.5:clean (default-clean) @ dd-plist ---
[INFO] 
[INFO] --- maven-enforcer-plugin:1.0:enforce (enforce-maven) @ dd-plist ---
[INFO] 
[INFO] --- maven-resources-plugin:2.6:resources (default-resources) @ dd-plist ---
[INFO] Using 'UTF-8' encoding to copy filtered resources.
[INFO] skip non existing resourceDirectory /workspaces/xxxx/code_cure_agent/cca_workspace/dd-plist/src/main/resources
[INFO] 
[INFO] --- maven-compiler-plugin:3.8.1:compile (default-compile) @ dd-plist ---
[INFO] Changes detected - recompiling the module!
[INFO] Compiling 16 source files to /workspaces/xxxx/code_cure_agent/cca_workspace/dd-plist/target/classes
[INFO] -------------------------------------------------------------
[ERROR] COMPILATION ERROR : 
[INFO] -------------------------------------------------------------
[ERROR] /workspaces/xxxx/code_cure_agent/cca_workspace/dd-plist/src/main/java/com/dd/plist/Base64.java:[1405,5] illegal start of expression
[ERROR] /workspaces/xxxx/code_cure_agent/cca_workspace/dd-plist/src/main/java/com/dd/plist/Base64.java:[1396,9] 'try' without 'catch', 'finally' or resource declarations
[ERROR] /workspaces/xxxx/code_cure_agent/cca_workspace/dd-plist/src/main/java/com/dd/plist/Base64.java:[1408,13] illegal start of type
[ERROR] /workspaces/xxxx/code_cure_agent/cca_workspace/dd-plist/src/main/java/com/dd/plist/Base64.java:[1423,16] <identifier> expected
[ERROR] /workspaces/xxxx/code_cure_agent/cca_workspace/dd-plist/src/main/java/com/dd/plist/Base64.java:[1425,9] class, interface, or enum expected
[ERROR] /workspaces/xxxx/code_cure_agent/cca_workspace/dd-plist/src/main/java/com/dd/plist/Base64.java:[1427,9] class, interface, or enum expected
[ERROR] /workspaces/xxxx/code_cure_agent/cca_workspace/dd-plist/src/main/java/com/dd/plist/Base64.java:[1430,9] class, interface, or enum expected
[ERROR] /workspaces/xxxx/code_cure_agent/cca_workspace/dd-plist/src/main/java/com/dd/plist/Base64.java:[1434,13] class, interface, or enum expected
[ERROR] /workspaces/xxxx/code_cure_agent/cca_workspace/dd-plist/src/main/java/com/dd/plist/Base64.java:[1438,13] class, interface, or enum expected
[ERROR] /workspaces/xxxx/code_cure_agent/cca_workspace/dd-plist/src/main/java/com/dd/plist/Base64.java:[1443,5] class, interface, or enum expected
[ERROR] /workspaces/xxxx/code_cure_agent/cca_workspace/dd-plist/src/main/java/com/dd/plist/Base64.java:[1460,19] class, interface, or enum expected
[ERROR] /workspaces/xxxx/code_cure_agent/cca_workspace/dd-plist/src/main/java/com/dd/plist/Base64.java:[1465,9] class, interface, or enum expected
[ERROR] /workspaces/xxxx/code_cure_agent/cca_workspace/dd-plist/src/main/java/com/dd/plist/Base64.java:[1468,9] class, interface, or enum expected
[ERROR] /workspaces/xxxx/code_cure_agent/cca_workspace/dd-plist/src/main/java/com/dd/plist/Base64.java:[1471,13] class, interface, or enum expected
[ERROR] /workspaces/xxxx/code_cure_agent/cca_workspace/dd-plist/src/main/java/com/dd/plist/Base64.java:[1472,9] class, interface, or enum expected
[ERROR] /workspaces/xxxx/code_cure_agent/cca_workspace/dd-plist/src/main/java/com/dd/plist/Base64.java:[1475,9] class, interface, or enum expected
[ERROR] /workspaces/xxxx/code_cure_agent/cca_workspace/dd-plist/src/main/java/com/dd/plist/Base64.java:[1479,13] class, interface, or enum expected
[ERROR] /workspaces/xxxx/code_cure_agent/cca_workspace/dd-plist/src/main/java/com/dd/plist/Base64.java:[1499,19] class, interface, or enum expected
[ERROR] /workspaces/xxxx/code_cure_agent/cca_workspace/dd-plist/src/main/java/com/dd/plist/Base64.java:[1503,9] class, interface, or enum expected
[ERROR] /workspaces/xxxx/code_cure_agent/cca_workspace/dd-plist/src/main/java/com/dd/plist/Base64.java:[1506,13] class, interface, or enum expected
[ERROR] /workspaces/xxxx/code_cure_agent/cca_workspace/dd-plist/src/main/java/com/dd/plist/Base64.java:[1507,9] class, interface, or enum expected
[ERROR] /workspaces/xxxx/code_cure_agent/cca_workspace/dd-plist/src/main/java/com/dd/plist/Base64.java:[1510,9] class, interface, or enum expected
[ERROR] /workspaces/xxxx/code_cure_agent/cca_workspace/dd-plist/src/main/java/com/dd/plist/Base64.java:[1514,13] class, interface, or enum expected
[ERROR] /workspaces/xxxx/code_cure_agent/cca_workspace/dd-plist/src/main/java/com/dd/plist/Base64.java:[1535,19] class, interface, or enum expected
[ERROR] /workspaces/xxxx/code_cure_agent/cca_workspace/dd-plist/src/main/java/com/dd/plist/Base64.java:[1539,9] class, interface, or enum expected
[ERROR] /workspaces/xxxx/code_cure_agent/cca_workspace/dd-plist/src/main/java/com/dd/plist/Base64.java:[1540,9] class, interface, or enum expected
[ERROR] /workspaces/xxxx/code_cure_agent/cca_workspace/dd-plist/src/main/java/com/dd/plist/Base64.java:[1543,13] class, interface, or enum expected
[ERROR] /workspaces/xxxx/code_cure_agent/cca_workspace/dd-plist/src/main/java/com/dd/plist/Base64.java:[1544,13] class, interface, or enum expected
[ERROR] /workspaces/xxxx/code_cure_agent/cca_workspace/dd-plist/src/main/java/com/dd/plist/Base64.java:[1545,13] class, interface, or enum expected
[ERROR] /workspaces/xxxx/code_cure_agent/cca_workspace/dd-plist/src/main/java/com/dd/plist/Base64.java:[1548,13] class, interface, or enum expected
[ERROR] /workspaces/xxxx/code_cure_agent/cca_workspace/dd-plist/src/main/java/com/dd/plist/Base64.java:[1550,13] class, interface, or enum expected
[ERROR] /workspaces/xxxx/code_cure_agent/cca_workspace/dd-plist/src/main/java/com/dd/plist/Base64.java:[1554,13] class, interface, or enum expected
[ERROR] /workspaces/xxxx/code_cure_agent/cca_workspace/dd-plist/src/main/java/com/dd/plist/Base64.java:[1559,13] class, interface, or enum expected
[ERROR] /workspaces/xxxx/code_cure_agent/cca_workspace/dd-plist/src/main/java/com/dd/plist/Base64.java:[1561,13] class, interface, or enum expected
[ERROR] /workspaces/xxxx/code_cure_agent/cca_workspace/dd-plist/src/main/java/com/dd/plist/Base64.java:[1565,13] class, interface, or enum expected
[ERROR] /workspaces/xxxx/code_cure_agent/cca_workspace/dd-plist/src/main/java/com/dd/plist/Base64.java:[1567,9] class, interface, or enum expected
[ERROR] /workspaces/xxxx/code_cure_agent/cca_workspace/dd-plist/src/main/java/com/dd/plist/Base64.java:[1570,9] class, interface, or enum expected
[ERROR] /workspaces/xxxx/code_cure_agent/cca_workspace/dd-plist/src/main/java/com/dd/plist/Base64.java:[1574,13] class, interface, or enum expected
[ERROR] /workspaces/xxxx/code_cure_agent/cca_workspace/dd-plist/src/main/java/com/dd/plist/Base64.java:[1579,5] class, interface, or enum expected
[ERROR] /workspaces/xxxx/code_cure_agent/cca_workspace/dd-plist/src/main/java/com/dd/plist/Base64.java:[1596,19] class, interface, or enum expected
[ERROR] /workspaces/xxxx/code_cure_agent/cca_workspace/dd-plist/src/main/java/com/dd/plist/Base64.java:[1600,9] class, interface, or enum expected
[ERROR] /workspaces/xxxx/code_cure_agent/cca_workspace/dd-plist/src/main/java/com/dd/plist/Base64.java:[1601,9] class, interface, or enum expected
[ERROR] /workspaces/xxxx/code_cure_agent/cca_workspace/dd-plist/src/main/java/com/dd/plist/Base64.java:[1604,13] class, interface, or enum expected
[ERROR] /workspaces/xxxx/code_cure_agent/cca_workspace/dd-plist/src/main/java/com/dd/plist/Base64.java:[1605,13] class, interface, or enum expected
[ERROR] /workspaces/xxxx/code_cure_agent/cca_workspace/dd-plist/src/main/java/com/dd/plist/Base64.java:[1606,13] class, interface, or enum expected
[ERROR] /workspaces/xxxx/code_cure_agent/cca_workspace/dd-plist/src/main/java/com/dd/plist/Base64.java:[1609,13] class, interface, or enum expected
[ERROR] /workspaces/xxxx/code_cure_agent/cca_workspace/dd-plist/src/main/java/com/dd/plist/Base64.java:[1614,13] class, interface, or enum expected
[ERROR] /workspaces/xxxx/code_cure_agent/cca_workspace/dd-plist/src/main/java/com/dd/plist/Base64.java:[1616,13] class, interface, or enum expected
[ERROR] /workspaces/xxxx/code_cure_agent/cca_workspace/dd-plist/src/main/java/com/dd/plist/Base64.java:[1621,9] class, interface, or enum expected
[ERROR] /workspaces/xxxx/code_cure_agent/cca_workspace/dd-plist/src/main/java/com/dd/plist/Base64.java:[1624,9] class, interface, or enum expected
[ERROR] /workspaces/xxxx/code_cure_agent/cca_workspace/dd-plist/src/main/java/com/dd/plist/Base64.java:[1628,13] class, interface, or enum expected
[ERROR] /workspaces/xxxx/code_cure_agent/cca_workspace/dd-plist/src/main/java/com/dd/plist/Base64.java:[1633,5] class, interface, or enum expected
[ERROR] /workspaces/xxxx/code_cure_agent/cca_workspace/dd-plist/src/main/java/com/dd/plist/Base64.java:[1643,19] class, interface, or enum expected
[ERROR] /workspaces/xxxx/code_cure_agent/cca_workspace/dd-plist/src/main/java/com/dd/plist/Base64.java:[1647,9] class, interface, or enum expected
[ERROR] /workspaces/xxxx/code_cure_agent/cca_workspace/dd-plist/src/main/java/com/dd/plist/Base64.java:[1648,9] class, interface, or enum expected
[ERROR] /workspaces/xxxx/code_cure_agent/cca_workspace/dd-plist/src/main/java/com/dd/plist/Base64.java:[1651,13] class, interface, or enum expected
[ERROR] /workspaces/xxxx/code_cure_agent/cca_workspace/dd-plist/src/main/java/com/dd/plist/Base64.java:[1652,9] class, interface, or enum expected
[ERROR] /workspaces/xxxx/code_cure_agent/cca_workspace/dd-plist/src/main/java/com/dd/plist/Base64.java:[1655,9] class, interface, or enum expected
[ERROR] /workspaces/xxxx/code_cure_agent/cca_workspace/dd-plist/src/main/java/com/dd/plist/Base64.java:[1659,13] class, interface, or enum expected
[ERROR] /workspaces/xxxx/code_cure_agent/cca_workspace/dd-plist/src/main/java/com/dd/plist/Base64.java:[1673,19] class, interface, or enum expected
[ERROR] /workspaces/xxxx/code_cure_agent/cca_workspace/dd-plist/src/main/java/com/dd/plist/Base64.java:[1677,9] class, interface, or enum expected
[ERROR] /workspaces/xxxx/code_cure_agent/cca_workspace/dd-plist/src/main/java/com/dd/plist/Base64.java:[1678,9] class, interface, or enum expected
[ERROR] /workspaces/xxxx/code_cure_agent/cca_workspace/dd-plist/src/main/java/com/dd/plist/Base64.java:[1681,13] class, interface, or enum expected
[ERROR] /workspaces/xxxx/code_cure_agent/cca_workspace/dd-plist/src/main/java/com/dd/plist/Base64.java:[1682,9] class, interface, or enum expected
[ERROR] /workspaces/xxxx/code_cure_agent/cca_workspace/dd-plist/src/main/java/com/dd/plist/Base64.java:[1685,9] class, interface, or enum expected
[ERROR] /workspaces/xxxx/code_cure_agent/cca_workspace/dd-plist/src/main/java/com/dd/plist/Base64.java:[1689,13] class, interface, or enum expected
[ERROR] /workspaces/xxxx/code_cure_agent/cca_workspace/dd-plist/src/main/java/com/dd/plist/Base64.java:[2126,1] class, interface, or enum expected
[INFO] 67 errors 
[INFO] -------------------------------------------------------------
[INFO] ------------------------------------------------------------------------
[INFO] BUILD FAILURE
[INFO] ------------------------------------------------------------------------
[INFO] Total time:  1.734 s
[INFO] Finished at: 2025-08-30T20:42:38Z
[INFO] ------------------------------------------------------------------------
[ERROR] Failed to execute goal org.apache.maven.plugins:maven-compiler-plugin:3.8.1:compile (default-compile) on project dd-plist: Compilation failure: Compilation failure: 
[ERROR] /workspaces/xxxx/code_cure_agent/cca_workspace/dd-plist/src/main/java/com/dd/plist/Base64.java:[1405,5] illegal start of expression
[ERROR] /workspaces/xxxx/code_cure_agent/cca_workspace/dd-plist/src/main/java/com/dd/plist/Base64.java:[1396,9] 'try' without 'catch', 'finally' or resource declarations
[ERROR] /workspaces/xxxx/code_cure_agent/cca_workspace/dd-plist/src/main/java/com/dd/plist/Base64.java:[1408,13] illegal start of type
[ERROR] /workspaces/xxxx/code_cure_agent/cca_workspace/dd-plist/src/main/java/com/dd/plist/Base64.java:[1423,16] <identifier> expected
[ERROR] /workspaces/xxxx/code_cure_agent/cca_workspace/dd-plist/src/main/java/com/dd/plist/Base64.java:[1425,9] class, interface, or enum expected
[ERROR] /workspaces/xxxx/code_cure_agent/cca_workspace/dd-plist/src/main/java/com/dd/plist/Base64.java:[1427,9] class, interface, or enum expected
[ERROR] /workspaces/xxxx/code_cure_agent/cca_workspace/dd-plist/src/main/java/com/dd/plist/Base64.java:[1430,9] class, interface, or enum expected
[ERROR] /workspaces/xxxx/code_cure_agent/cca_workspace/dd-plist/src/main/java/com/dd/plist/Base64.java:[1434,13] class, interface, or enum expected
[ERROR] /workspaces/xxxx/code_cure_agent/cca_workspace/dd-plist/src/main/java/com/dd/plist/Base64.java:[1438,13] class, interface, or enum expected
[ERROR] /workspaces/xxxx/code_cure_agent/cca_workspace/dd-plist/src/main/java/com/dd/plist/Base64.java:[1443,5] class, interface, or enum expected
[ERROR] /workspaces/xxxx/code_cure_agent/cca_workspace/dd-plist/src/main/java/com/dd/plist/Base64.java:[1460,19] class, interface, or enum expected
[ERROR] /workspaces/xxxx/code_cure_agent/cca_workspace/dd-plist/src/main/java/com/dd/plist/Base64.java:[1465,9] class, interface, or enum expected
[ERROR] /workspaces/xxxx/code_cure_agent/cca_workspace/dd-plist/src/main/java/com/dd/plist/Base64.java:[1468,9] class, interface, or enum expected
[ERROR] /workspaces/xxxx/code_cure_agent/cca_workspace/dd-plist/src/main/java/com/dd/plist/Base64.java:[1471,13] class, interface, or enum expected
[ERROR] /workspaces/xxxx/code_cure_agent/cca_workspace/dd-plist/src/main/java/com/dd/plist/Base64.java:[1472,9] class, interface, or enum expected
[ERROR] /workspaces/xxxx/code_cure_agent/cca_workspace/dd-plist/src/main/java/com/dd/plist/Base64.java:[1475,9] class, interface, or enum expected
[ERROR] /workspaces/xxxx/code_cure_agent/cca_workspace/dd-plist/src/main/java/com/dd/plist/Base64.java:[1479,13] class, interface, or enum expected
[ERROR] /workspaces/xxxx/code_cure_agent/cca_workspace/dd-plist/src/main/java/com/dd/plist/Base64.java:[1499,19] class, interface, or enum expected
[ERROR] /workspaces/xxxx/code_cure_agent/cca_workspace/dd-plist/src/main/java/com/dd/plist/Base64.java:[1503,9] class, interface, or enum expected
[ERROR] /workspaces/xxxx/code_cure_agent/cca_workspace/dd-plist/src/main/java/com/dd/plist/Base64.java:[1506,13] class, interface, or enum expected
[ERROR] /workspaces/xxxx/code_cure_agent/cca_workspace/dd-plist/src/main/java/com/dd/plist/Base64.java:[1507,9] class, interface, or enum expected
[ERROR] /workspaces/xxxx/code_cure_agent/cca_workspace/dd-plist/src/main/java/com/dd/plist/Base64.java:[1510,9] class, interface, or enum expected
[ERROR] /workspaces/xxxx/code_cure_agent/cca_workspace/dd-plist/src/main/java/com/dd/plist/Base64.java:[1514,13] class, interface, or enum expected
[ERROR] /workspaces/xxxx/code_cure_agent/cca_workspace/dd-plist/src/main/java/com/dd/plist/Base64.java:[1535,19] class, interface, or enum expected
[ERROR] /workspaces/xxxx/code_cure_agent/cca_workspace/dd-plist/src/main/java/com/dd/plist/Base64.java:[1539,9] class, interface, or enum expected
[ERROR] /workspaces/xxxx/code_cure_agent/cca_workspace/dd-plist/src/main/java/com/dd/plist/Base64.java:[1540,9] class, interface, or enum expected
[ERROR] /workspaces/xxxx/code_cure_agent/cca_workspace/dd-plist/src/main/java/com/dd/plist/Base64.java:[1543,13] class, interface, or enum expected
[ERROR] /workspaces/xxxx/code_cure_agent/cca_workspace/dd-plist/src/main/java/com/dd/plist/Base64.java:[1544,13] class, interface, or enum expected
[ERROR] /workspaces/xxxx/code_cure_agent/cca_workspace/dd-plist/src/main/java/com/dd/plist/Base64.java:[1545,13] class, interface, or enum expected
[ERROR] /workspaces/xxxx/code_cure_agent/cca_workspace/dd-plist/src/main/java/com/dd/plist/Base64.java:[1548,13] class, interface, or enum expected
[ERROR] /workspaces/xxxx/code_cure_agent/cca_workspace/dd-plist/src/main/java/com/dd/plist/Base64.java:[1550,13] class, interface, or enum expected
[ERROR] /workspaces/xxxx/code_cure_agent/cca_workspace/dd-plist/src/main/java/com/dd/plist/Base64.java:[1554,13] class, interface, or enum expected
[ERROR] /workspaces/xxxx/code_cure_agent/cca_workspace/dd-plist/src/main/java/com/dd/plist/Base64.java:[1559,13] class, interface, or enum expected
[ERROR] /workspaces/xxxx/code_cure_agent/cca_workspace/dd-plist/src/main/java/com/dd/plist/Base64.java:[1561,13] class, interface, or enum expected
[ERROR] /workspaces/xxxx/code_cure_agent/cca_workspace/dd-plist/src/main/java/com/dd/plist/Base64.java:[1565,13] class, interface, or enum expected
[ERROR] /workspaces/xxxx/code_cure_agent/cca_workspace/dd-plist/src/main/java/com/dd/plist/Base64.java:[1567,9] class, interface, or enum expected
[ERROR] /workspaces/xxxx/code_cure_agent/cca_workspace/dd-plist/src/main/java/com/dd/plist/Base64.java:[1570,9] class, interface, or enum expected
[ERROR] /workspaces/xxxx/code_cure_agent/cca_workspace/dd-plist/src/main/java/com/dd/plist/Base64.java:[1574,13] class, interface, or enum expected
[ERROR] /workspaces/xxxx/code_cure_agent/cca_workspace/dd-plist/src/main/java/com/dd/plist/Base64.java:[1579,5] class, interface, or enum expected
[ERROR] /workspaces/xxxx/code_cure_agent/cca_workspace/dd-plist/src/main/java/com/dd/plist/Base64.java:[1596,19] class, interface, or enum expected
[ERROR] /workspaces/xxxx/code_cure_agent/cca_workspace/dd-plist/src/main/java/com/dd/plist/Base64.java:[1600,9] class, interface, or enum expected
[ERROR] /workspaces/xxxx/code_cure_agent/cca_workspace/dd-plist/src/main/java/com/dd/plist/Base64.java:[1601,9] class, interface, or enum expected
[ERROR] /workspaces/xxxx/code_cure_agent/cca_workspace/dd-plist/src/main/java/com/dd/plist/Base64.java:[1604,13] class, interface, or enum expected
[ERROR] /workspaces/xxxx/code_cure_agent/cca_workspace/dd-plist/src/main/java/com/dd/plist/Base64.java:[1605,13] class, interface, or enum expected
[ERROR] /workspaces/xxxx/code_cure_agent/cca_workspace/dd-plist/src/main/java/com/dd/plist/Base64.java:[1606,13] class, interface, or enum expected
[ERROR] /workspaces/xxxx/code_cure_agent/cca_workspace/dd-plist/src/main/java/com/dd/plist/Base64.java:[1609,13] class, interface, or enum expected
[ERROR] /workspaces/xxxx/code_cure_agent/cca_workspace/dd-plist/src/main/java/com/dd/plist/Base64.java:[1614,13] class, interface, or enum expected
[ERROR] /workspaces/xxxx/code_cure_agent/cca_workspace/dd-plist/src/main/java/com/dd/plist/Base64.java:[1616,13] class, interface, or enum expected
[ERROR] /workspaces/xxxx/code_cure_agent/cca_workspace/dd-plist/src/main/java/com/dd/plist/Base64.java:[1621,9] class, interface, or enum expected
[ERROR] /workspaces/xxxx/code_cure_agent/cca_workspace/dd-plist/src/main/java/com/dd/plist/Base64.java:[1624,9] class, interface, or enum expected
[ERROR] /workspaces/xxxx/code_cure_agent/cca_workspace/dd-plist/src/main/java/com/dd/plist/Base64.java:[1628,13] class, interface, or enum expected
[ERROR] /workspaces/xxxx/code_cure_agent/cca_workspace/dd-plist/src/main/java/com/dd/plist/Base64.java:[1633,5] class, interface, or enum expected
[ERROR] /workspaces/xxxx/code_cure_agent/cca_workspace/dd-plist/src/main/java/com/dd/plist/Base64.java:[1643,19] class, interface, or enum expected
[ERROR] /workspaces/xxxx/code_cure_agent/cca_workspace/dd-plist/src/main/java/com/dd/plist/Base64.java:[1647,9] class, interface, or enum expected
[ERROR] /workspaces/xxxx/code_cure_agent/cca_workspace/dd-plist/src/main/java/com/dd/plist/Base64.java:[1648,9] class, interface, or enum expected
[ERROR] /workspaces/xxxx/code_cure_agent/cca_workspace/dd-plist/src/main/java/com/dd/plist/Base64.java:[1651,13] class, interface, or enum expected
[ERROR] /workspaces/xxxx/code_cure_agent/cca_workspace/dd-plist/src/main/java/com/dd/plist/Base64.java:[1652,9] class, interface, or enum expected
[ERROR] /workspaces/xxxx/code_cure_agent/cca_workspace/dd-plist/src/main/java/com/dd/plist/Base64.java:[1655,9] class, interface, or enum expected
[ERROR] /workspaces/xxxx/code_cure_agent/cca_workspace/dd-plist/src/main/java/com/dd/plist/Base64.java:[1659,13] class, interface, or enum expected
[ERROR] /workspaces/xxxx/code_cure_agent/cca_workspace/dd-plist/src/main/java/com/dd/plist/Base64.java:[1673,19] class, interface, or enum expected
[ERROR] /workspaces/xxxx/code_cure_agent/cca_workspace/dd-plist/src/main/java/com/dd/plist/Base64.java:[1677,9] class, interface, or enum expected
[ERROR] /workspaces/xxxx/code_cure_agent/cca_workspace/dd-plist/src/main/java/com/dd/plist/Base64.java:[1678,9] class, interface, or enum expected
[ERROR] /workspaces/xxxx/code_cure_agent/cca_workspace/dd-plist/src/main/java/com/dd/plist/Base64.java:[1681,13] class, interface, or enum expected
[ERROR] /workspaces/xxxx/code_cure_agent/cca_workspace/dd-plist/src/main/java/com/dd/plist/Base64.java:[1682,9] class, interface, or enum expected
[ERROR] /workspaces/xxxx/code_cure_agent/cca_workspace/dd-plist/src/main/java/com/dd/plist/Base64.java:[1685,9] class, interface, or enum expected
[ERROR] /workspaces/xxxx/code_cure_agent/cca_workspace/dd-plist/src/main/java/com/dd/plist/Base64.java:[1689,13] class, interface, or enum expected
[ERROR] /workspaces/xxxx/code_cure_agent/cca_workspace/dd-plist/src/main/java/com/dd/plist/Base64.java:[2126,1] class, interface, or enum expected
[ERROR] -> [Help 1]
[ERROR] 
[ERROR] To see the full stack trace of the errors, re-run Maven with the -e switch.
[ERROR] Re-run Maven using the -X switch to enable full debug logging.
[ERROR] 
[ERROR] For more information about the errors and possible solutions, please read the following articles:
[ERROR] [Help 1] http://cwiki.apache.org/confluence/display/MAVEN/MojoFailureException
