[INFO] Scanning for projects...
[WARNING] 
[WARNING] Some problems were encountered while building the effective model for org.locationtech.jts.io:jts-io-common:jar:1.18.0-SNAPSHOT
[WARNING] 'build.plugins.plugin.version' for org.apache.maven.plugins:maven-jar-plugin is missing. @ line 15, column 21
[WARNING] 
[WARNING] It is highly recommended to fix these problems because they threaten the stability of your build.
[WARNING] 
[WARNING] For this reason, future Maven versions might no longer support building such malformed projects.
[WARNING] 
[INFO] ------------------------------------------------------------------------
[INFO] Reactor Build Order:
[INFO] 
[INFO] JTS Topology Suite                                                 [pom]
[INFO] org.locationtech.jts:jts-modules                                   [pom]
[INFO] org.locationtech.jts:jts-core                                   [bundle]
[INFO] org.locationtech.jts:jts-io                                        [pom]
[INFO] org.locationtech.jts.io:jts-io-common                              [jar]
[INFO] org.locationtech.jts:jts-example                                   [jar]
[INFO] org.locationtech.jts:jts-tests                                     [jar]
[INFO] org.locationtech.jts:jts-app                                       [jar]
[INFO] org.locationtech.jts:jts-lab                                       [jar]
[INFO] 
[INFO] ----------------------< org.locationtech.jts:jts >----------------------
[INFO] Building JTS Topology Suite 1.18.0-SNAPSHOT                        [1/9]
[INFO] --------------------------------[ pom ]---------------------------------
[INFO] 
[INFO] --- maven-clean-plugin:2.5:clean (default-clean) @ jts ---
[INFO] 
[INFO] --- maven-javadoc-plugin:3.0.0-M1:jar (attach-javadocs) @ jts ---
[INFO] Not executing Javadoc as the project is not a Java classpath-capable package
[INFO] 
[INFO] --- maven-source-plugin:2.2.1:jar-no-fork (attach-sources) @ jts ---
[INFO] 
[INFO] ------------------< org.locationtech.jts:jts-modules >------------------
[INFO] Building org.locationtech.jts:jts-modules 1.18.0-SNAPSHOT          [2/9]
[INFO] --------------------------------[ pom ]---------------------------------
[INFO] 
[INFO] --- maven-clean-plugin:2.5:clean (default-clean) @ jts-modules ---
[INFO] 
[INFO] --- maven-javadoc-plugin:3.0.0-M1:jar (attach-javadocs) @ jts-modules ---
[INFO] Not executing Javadoc as the project is not a Java classpath-capable package
[INFO] 
[INFO] --- maven-source-plugin:2.2.1:jar-no-fork (attach-sources) @ jts-modules ---
[INFO] 
[INFO] -------------------< org.locationtech.jts:jts-core >--------------------
[INFO] Building org.locationtech.jts:jts-core 1.18.0-SNAPSHOT             [3/9]
[INFO] -------------------------------[ bundle ]-------------------------------
[INFO] 
[INFO] --- maven-clean-plugin:2.5:clean (default-clean) @ jts-core ---
[INFO] 
[INFO] --- maven-resources-plugin:3.3.1:resources (default-resources) @ jts-core ---
[INFO] skip non existing resourceDirectory /workspaces/xxxx/code_cure_agent/cca_workspace/jts/modules/core/src/main/resources
[INFO] 
[INFO] --- maven-compiler-plugin:3.14.0:compile (default-compile) @ jts-core ---
[INFO] Recompiling the module because of changed source code.
[INFO] Compiling 479 source files with javac [debug target 1.8] to target/classes
[WARNING] bootstrap class path not set in conjunction with -source 8
[INFO] /workspaces/xxxx/code_cure_agent/cca_workspace/jts/modules/core/src/main/java/org/locationtech/jts/operation/distance3d/AxisPlaneCoordinateSequence.java: /workspaces/xxxx/code_cure_agent/cca_workspace/jts/modules/core/src/main/java/org/locationtech/jts/operation/distance3d/AxisPlaneCoordinateSequence.java uses or overrides a deprecated API.
[INFO] /workspaces/xxxx/code_cure_agent/cca_workspace/jts/modules/core/src/main/java/org/locationtech/jts/operation/distance3d/AxisPlaneCoordinateSequence.java: Recompile with -Xlint:deprecation for details.
[INFO] /workspaces/xxxx/code_cure_agent/cca_workspace/jts/modules/core/src/main/java/org/locationtech/jts/geom/Geometry.java: Some input files use unchecked or unsafe operations.
[INFO] /workspaces/xxxx/code_cure_agent/cca_workspace/jts/modules/core/src/main/java/org/locationtech/jts/geom/Geometry.java: Recompile with -Xlint:unchecked for details.
[INFO] 
[INFO] --- maven-resources-plugin:3.3.1:testResources (default-testResources) @ jts-core ---
[INFO] Copying 11 resources from src/test/resources to target/test-classes
[INFO] 
[INFO] --- maven-compiler-plugin:3.14.0:testCompile (default-testCompile) @ jts-core ---
[INFO] Recompiling the module because of changed dependency.
[INFO] Compiling 302 source files with javac [debug target 1.8] to target/test-classes
[INFO] -------------------------------------------------------------
[WARNING] COMPILATION WARNING : 
[INFO] -------------------------------------------------------------
[WARNING] bootstrap class path not set in conjunction with -source 8
[INFO] 1 warning
[INFO] -------------------------------------------------------------
[INFO] -------------------------------------------------------------
[ERROR] COMPILATION ERROR : 
[INFO] -------------------------------------------------------------
[ERROR] /workspaces/xxxx/code_cure_agent/cca_workspace/jts/modules/core/src/test/java/org/locationtech/jts/operation/overlayng/OverlayNGTestOne.java:[74,3] illegal start of expression
[ERROR] /workspaces/xxxx/code_cure_agent/cca_workspace/jts/modules/core/src/test/java/org/locationtech/jts/operation/overlayng/OverlayNGTestOne.java:[134,3] invalid method declaration; return type required
[ERROR] /workspaces/xxxx/code_cure_agent/cca_workspace/jts/modules/core/src/test/java/org/locationtech/jts/operation/overlayng/OverlayNGTestOne.java:[134,22] <identifier> expected
[ERROR] /workspaces/xxxx/code_cure_agent/cca_workspace/jts/modules/core/src/test/java/org/locationtech/jts/operation/overlayng/OverlayNGTestOne.java:[134,48] <identifier> expected
[ERROR] /workspaces/xxxx/code_cure_agent/cca_workspace/jts/modules/core/src/test/java/org/locationtech/jts/operation/overlayng/OverlayNGTestOne.java:[137,8] class, interface, or enum expected
[ERROR] /workspaces/xxxx/code_cure_agent/cca_workspace/jts/modules/core/src/test/java/org/locationtech/jts/operation/overlayng/OverlayNGTestOne.java:[139,3] class, interface, or enum expected
[ERROR] /workspaces/xxxx/code_cure_agent/cca_workspace/jts/modules/core/src/test/java/org/locationtech/jts/operation/overlayng/OverlayNGTestOne.java:[140,3] class, interface, or enum expected
[ERROR] /workspaces/xxxx/code_cure_agent/cca_workspace/jts/modules/core/src/test/java/org/locationtech/jts/operation/overlayng/OverlayNGTestOne.java:[141,3] class, interface, or enum expected
[ERROR] /workspaces/xxxx/code_cure_agent/cca_workspace/jts/modules/core/src/test/java/org/locationtech/jts/operation/overlayng/OverlayNGTestOne.java:[142,1] class, interface, or enum expected
[ERROR] /workspaces/xxxx/code_cure_agent/cca_workspace/jts/modules/core/src/test/java/org/locationtech/jts/operation/overlayng/OverlayNGTestOne.java:[144,8] class, interface, or enum expected
[ERROR] /workspaces/xxxx/code_cure_agent/cca_workspace/jts/modules/core/src/test/java/org/locationtech/jts/operation/overlayng/OverlayNGTestOne.java:[146,3] class, interface, or enum expected
[ERROR] /workspaces/xxxx/code_cure_agent/cca_workspace/jts/modules/core/src/test/java/org/locationtech/jts/operation/overlayng/OverlayNGTestOne.java:[147,3] class, interface, or enum expected
[ERROR] /workspaces/xxxx/code_cure_agent/cca_workspace/jts/modules/core/src/test/java/org/locationtech/jts/operation/overlayng/OverlayNGTestOne.java:[148,3] class, interface, or enum expected
[ERROR] /workspaces/xxxx/code_cure_agent/cca_workspace/jts/modules/core/src/test/java/org/locationtech/jts/operation/overlayng/OverlayNGTestOne.java:[149,1] class, interface, or enum expected
[ERROR] /workspaces/xxxx/code_cure_agent/cca_workspace/jts/modules/core/src/test/java/org/locationtech/jts/operation/overlayng/OverlayNGTestOne.java:[151,8] class, interface, or enum expected
[ERROR] /workspaces/xxxx/code_cure_agent/cca_workspace/jts/modules/core/src/test/java/org/locationtech/jts/operation/overlayng/OverlayNGTestOne.java:[153,3] class, interface, or enum expected
[ERROR] /workspaces/xxxx/code_cure_agent/cca_workspace/jts/modules/core/src/test/java/org/locationtech/jts/operation/overlayng/OverlayNGTestOne.java:[154,3] class, interface, or enum expected
[ERROR] /workspaces/xxxx/code_cure_agent/cca_workspace/jts/modules/core/src/test/java/org/locationtech/jts/operation/overlayng/OverlayNGTestOne.java:[155,3] class, interface, or enum expected
[ERROR] /workspaces/xxxx/code_cure_agent/cca_workspace/jts/modules/core/src/test/java/org/locationtech/jts/operation/overlayng/OverlayNGTestOne.java:[156,1] class, interface, or enum expected
[ERROR] /workspaces/xxxx/code_cure_agent/cca_workspace/jts/modules/core/src/test/java/org/locationtech/jts/operation/overlayng/OverlayNGTestOne.java:[158,8] class, interface, or enum expected
[ERROR] /workspaces/xxxx/code_cure_agent/cca_workspace/jts/modules/core/src/test/java/org/locationtech/jts/operation/overlayng/OverlayNGTestOne.java:[160,3] class, interface, or enum expected
[ERROR] /workspaces/xxxx/code_cure_agent/cca_workspace/jts/modules/core/src/test/java/org/locationtech/jts/operation/overlayng/OverlayNGTestOne.java:[161,3] class, interface, or enum expected
[ERROR] /workspaces/xxxx/code_cure_agent/cca_workspace/jts/modules/core/src/test/java/org/locationtech/jts/operation/overlayng/OverlayNGTestOne.java:[162,3] class, interface, or enum expected
[ERROR] /workspaces/xxxx/code_cure_agent/cca_workspace/jts/modules/core/src/test/java/org/locationtech/jts/operation/overlayng/OverlayNGTestOne.java:[163,1] class, interface, or enum expected
[ERROR] /workspaces/xxxx/code_cure_agent/cca_workspace/jts/modules/core/src/test/java/org/locationtech/jts/operation/overlayng/OverlayNGTestOne.java:[165,8] class, interface, or enum expected
[ERROR] /workspaces/xxxx/code_cure_agent/cca_workspace/jts/modules/core/src/test/java/org/locationtech/jts/operation/overlayng/OverlayNGTestOne.java:[167,3] class, interface, or enum expected
[ERROR] /workspaces/xxxx/code_cure_agent/cca_workspace/jts/modules/core/src/test/java/org/locationtech/jts/operation/overlayng/OverlayNGTestOne.java:[168,3] class, interface, or enum expected
[ERROR] /workspaces/xxxx/code_cure_agent/cca_workspace/jts/modules/core/src/test/java/org/locationtech/jts/operation/overlayng/OverlayNGTestOne.java:[169,3] class, interface, or enum expected
[ERROR] /workspaces/xxxx/code_cure_agent/cca_workspace/jts/modules/core/src/test/java/org/locationtech/jts/operation/overlayng/OverlayNGTestOne.java:[170,1] class, interface, or enum expected
[ERROR] /workspaces/xxxx/code_cure_agent/cca_workspace/jts/modules/core/src/test/java/org/locationtech/jts/operation/overlayng/OverlayNGTestOne.java:[172,8] class, interface, or enum expected
[ERROR] /workspaces/xxxx/code_cure_agent/cca_workspace/jts/modules/core/src/test/java/org/locationtech/jts/operation/overlayng/OverlayNGTestOne.java:[174,3] class, interface, or enum expected
[ERROR] /workspaces/xxxx/code_cure_agent/cca_workspace/jts/modules/core/src/test/java/org/locationtech/jts/operation/overlayng/OverlayNGTestOne.java:[175,3] class, interface, or enum expected
[ERROR] /workspaces/xxxx/code_cure_agent/cca_workspace/jts/modules/core/src/test/java/org/locationtech/jts/operation/overlayng/OverlayNGTestOne.java:[176,3] class, interface, or enum expected
[ERROR] /workspaces/xxxx/code_cure_agent/cca_workspace/jts/modules/core/src/test/java/org/locationtech/jts/operation/overlayng/OverlayNGTestOne.java:[177,3] class, interface, or enum expected
[ERROR] /workspaces/xxxx/code_cure_agent/cca_workspace/jts/modules/core/src/test/java/org/locationtech/jts/operation/overlayng/OverlayNGTestOne.java:[178,1] class, interface, or enum expected
[ERROR] /workspaces/xxxx/code_cure_agent/cca_workspace/jts/modules/core/src/test/java/org/locationtech/jts/operation/overlayng/OverlayNGTestOne.java:[180,8] class, interface, or enum expected
[ERROR] /workspaces/xxxx/code_cure_agent/cca_workspace/jts/modules/core/src/test/java/org/locationtech/jts/operation/overlayng/OverlayNGTestOne.java:[182,3] class, interface, or enum expected
[ERROR] /workspaces/xxxx/code_cure_agent/cca_workspace/jts/modules/core/src/test/java/org/locationtech/jts/operation/overlayng/OverlayNGTestOne.java:[183,3] class, interface, or enum expected
[ERROR] /workspaces/xxxx/code_cure_agent/cca_workspace/jts/modules/core/src/test/java/org/locationtech/jts/operation/overlayng/OverlayNGTestOne.java:[184,3] class, interface, or enum expected
[ERROR] /workspaces/xxxx/code_cure_agent/cca_workspace/jts/modules/core/src/test/java/org/locationtech/jts/operation/overlayng/OverlayNGTestOne.java:[185,3] class, interface, or enum expected
[ERROR] /workspaces/xxxx/code_cure_agent/cca_workspace/jts/modules/core/src/test/java/org/locationtech/jts/operation/overlayng/OverlayNGTestOne.java:[186,1] class, interface, or enum expected
[ERROR] /workspaces/xxxx/code_cure_agent/cca_workspace/jts/modules/core/src/test/java/org/locationtech/jts/operation/overlayng/OverlayNGTestOne.java:[188,8] class, interface, or enum expected
[ERROR] /workspaces/xxxx/code_cure_agent/cca_workspace/jts/modules/core/src/test/java/org/locationtech/jts/operation/overlayng/OverlayNGTestOne.java:[190,3] class, interface, or enum expected
[ERROR] /workspaces/xxxx/code_cure_agent/cca_workspace/jts/modules/core/src/test/java/org/locationtech/jts/operation/overlayng/OverlayNGTestOne.java:[191,3] class, interface, or enum expected
[ERROR] /workspaces/xxxx/code_cure_agent/cca_workspace/jts/modules/core/src/test/java/org/locationtech/jts/operation/overlayng/OverlayNGTestOne.java:[192,3] class, interface, or enum expected
[ERROR] /workspaces/xxxx/code_cure_agent/cca_workspace/jts/modules/core/src/test/java/org/locationtech/jts/operation/overlayng/OverlayNGTestOne.java:[193,3] class, interface, or enum expected
[ERROR] /workspaces/xxxx/code_cure_agent/cca_workspace/jts/modules/core/src/test/java/org/locationtech/jts/operation/overlayng/OverlayNGTestOne.java:[194,1] class, interface, or enum expected
[ERROR] /workspaces/xxxx/code_cure_agent/cca_workspace/jts/modules/core/src/test/java/org/locationtech/jts/operation/overlayng/OverlayNGTestOne.java:[196,8] class, interface, or enum expected
[ERROR] /workspaces/xxxx/code_cure_agent/cca_workspace/jts/modules/core/src/test/java/org/locationtech/jts/operation/overlayng/OverlayNGTestOne.java:[198,3] class, interface, or enum expected
[ERROR] /workspaces/xxxx/code_cure_agent/cca_workspace/jts/modules/core/src/test/java/org/locationtech/jts/operation/overlayng/OverlayNGTestOne.java:[199,3] class, interface, or enum expected
[ERROR] /workspaces/xxxx/code_cure_agent/cca_workspace/jts/modules/core/src/test/java/org/locationtech/jts/operation/overlayng/OverlayNGTestOne.java:[200,3] class, interface, or enum expected
[ERROR] /workspaces/xxxx/code_cure_agent/cca_workspace/jts/modules/core/src/test/java/org/locationtech/jts/operation/overlayng/OverlayNGTestOne.java:[201,3] class, interface, or enum expected
[ERROR] /workspaces/xxxx/code_cure_agent/cca_workspace/jts/modules/core/src/test/java/org/locationtech/jts/operation/overlayng/OverlayNGTestOne.java:[202,1] class, interface, or enum expected
[ERROR] /workspaces/xxxx/code_cure_agent/cca_workspace/jts/modules/core/src/test/java/org/locationtech/jts/operation/overlayng/OverlayNGTestOne.java:[204,8] class, interface, or enum expected
[ERROR] /workspaces/xxxx/code_cure_agent/cca_workspace/jts/modules/core/src/test/java/org/locationtech/jts/operation/overlayng/OverlayNGTestOne.java:[206,3] class, interface, or enum expected
[ERROR] /workspaces/xxxx/code_cure_agent/cca_workspace/jts/modules/core/src/test/java/org/locationtech/jts/operation/overlayng/OverlayNGTestOne.java:[207,3] class, interface, or enum expected
[ERROR] /workspaces/xxxx/code_cure_agent/cca_workspace/jts/modules/core/src/test/java/org/locationtech/jts/operation/overlayng/OverlayNGTestOne.java:[208,3] class, interface, or enum expected
[ERROR] /workspaces/xxxx/code_cure_agent/cca_workspace/jts/modules/core/src/test/java/org/locationtech/jts/operation/overlayng/OverlayNGTestOne.java:[209,3] class, interface, or enum expected
[ERROR] /workspaces/xxxx/code_cure_agent/cca_workspace/jts/modules/core/src/test/java/org/locationtech/jts/operation/overlayng/OverlayNGTestOne.java:[210,1] class, interface, or enum expected
[ERROR] /workspaces/xxxx/code_cure_agent/cca_workspace/jts/modules/core/src/test/java/org/locationtech/jts/operation/overlayng/OverlayNGTestOne.java:[212,8] class, interface, or enum expected
[ERROR] /workspaces/xxxx/code_cure_agent/cca_workspace/jts/modules/core/src/test/java/org/locationtech/jts/operation/overlayng/OverlayNGTestOne.java:[214,3] class, interface, or enum expected
[ERROR] /workspaces/xxxx/code_cure_agent/cca_workspace/jts/modules/core/src/test/java/org/locationtech/jts/operation/overlayng/OverlayNGTestOne.java:[215,3] class, interface, or enum expected
[ERROR] /workspaces/xxxx/code_cure_agent/cca_workspace/jts/modules/core/src/test/java/org/locationtech/jts/operation/overlayng/OverlayNGTestOne.java:[216,3] class, interface, or enum expected
[ERROR] /workspaces/xxxx/code_cure_agent/cca_workspace/jts/modules/core/src/test/java/org/locationtech/jts/operation/overlayng/OverlayNGTestOne.java:[217,3] class, interface, or enum expected
[ERROR] /workspaces/xxxx/code_cure_agent/cca_workspace/jts/modules/core/src/test/java/org/locationtech/jts/operation/overlayng/OverlayNGTestOne.java:[218,1] class, interface, or enum expected
[ERROR] /workspaces/xxxx/code_cure_agent/cca_workspace/jts/modules/core/src/test/java/org/locationtech/jts/operation/overlayng/OverlayNGTestOne.java:[220,8] class, interface, or enum expected
[ERROR] /workspaces/xxxx/code_cure_agent/cca_workspace/jts/modules/core/src/test/java/org/locationtech/jts/operation/overlayng/OverlayNGTestOne.java:[222,3] class, interface, or enum expected
[ERROR] /workspaces/xxxx/code_cure_agent/cca_workspace/jts/modules/core/src/test/java/org/locationtech/jts/operation/overlayng/OverlayNGTestOne.java:[223,3] class, interface, or enum expected
[ERROR] /workspaces/xxxx/code_cure_agent/cca_workspace/jts/modules/core/src/test/java/org/locationtech/jts/operation/overlayng/OverlayNGTestOne.java:[224,3] class, interface, or enum expected
[ERROR] /workspaces/xxxx/code_cure_agent/cca_workspace/jts/modules/core/src/test/java/org/locationtech/jts/operation/overlayng/OverlayNGTestOne.java:[225,3] class, interface, or enum expected
[ERROR] /workspaces/xxxx/code_cure_agent/cca_workspace/jts/modules/core/src/test/java/org/locationtech/jts/operation/overlayng/OverlayNGTestOne.java:[226,1] class, interface, or enum expected
[ERROR] /workspaces/xxxx/code_cure_agent/cca_workspace/jts/modules/core/src/test/java/org/locationtech/jts/operation/overlayng/OverlayNGTestOne.java:[228,8] class, interface, or enum expected
[ERROR] /workspaces/xxxx/code_cure_agent/cca_workspace/jts/modules/core/src/test/java/org/locationtech/jts/operation/overlayng/OverlayNGTestOne.java:[230,3] class, interface, or enum expected
[ERROR] /workspaces/xxxx/code_cure_agent/cca_workspace/jts/modules/core/src/test/java/org/locationtech/jts/operation/overlayng/OverlayNGTestOne.java:[231,3] class, interface, or enum expected
[ERROR] /workspaces/xxxx/code_cure_agent/cca_workspace/jts/modules/core/src/test/java/org/locationtech/jts/operation/overlayng/OverlayNGTestOne.java:[232,3] class, interface, or enum expected
[ERROR] /workspaces/xxxx/code_cure_agent/cca_workspace/jts/modules/core/src/test/java/org/locationtech/jts/operation/overlayng/OverlayNGTestOne.java:[233,3] class, interface, or enum expected
[ERROR] /workspaces/xxxx/code_cure_agent/cca_workspace/jts/modules/core/src/test/java/org/locationtech/jts/operation/overlayng/OverlayNGTestOne.java:[234,1] class, interface, or enum expected
[ERROR] /workspaces/xxxx/code_cure_agent/cca_workspace/jts/modules/core/src/test/java/org/locationtech/jts/operation/overlayng/OverlayNGTestOne.java:[236,8] class, interface, or enum expected
[ERROR] /workspaces/xxxx/code_cure_agent/cca_workspace/jts/modules/core/src/test/java/org/locationtech/jts/operation/overlayng/OverlayNGTestOne.java:[238,3] class, interface, or enum expected
[ERROR] /workspaces/xxxx/code_cure_agent/cca_workspace/jts/modules/core/src/test/java/org/locationtech/jts/operation/overlayng/OverlayNGTestOne.java:[239,3] class, interface, or enum expected
[ERROR] /workspaces/xxxx/code_cure_agent/cca_workspace/jts/modules/core/src/test/java/org/locationtech/jts/operation/overlayng/OverlayNGTestOne.java:[240,3] class, interface, or enum expected
[ERROR] /workspaces/xxxx/code_cure_agent/cca_workspace/jts/modules/core/src/test/java/org/locationtech/jts/operation/overlayng/OverlayNGTestOne.java:[241,3] class, interface, or enum expected
[ERROR] /workspaces/xxxx/code_cure_agent/cca_workspace/jts/modules/core/src/test/java/org/locationtech/jts/operation/overlayng/OverlayNGTestOne.java:[242,1] class, interface, or enum expected
[ERROR] /workspaces/xxxx/code_cure_agent/cca_workspace/jts/modules/core/src/test/java/org/locationtech/jts/operation/overlayng/OverlayNGTestOne.java:[244,8] class, interface, or enum expected
[ERROR] /workspaces/xxxx/code_cure_agent/cca_workspace/jts/modules/core/src/test/java/org/locationtech/jts/operation/overlayng/OverlayNGTestOne.java:[246,3] class, interface, or enum expected
[ERROR] /workspaces/xxxx/code_cure_agent/cca_workspace/jts/modules/core/src/test/java/org/locationtech/jts/operation/overlayng/OverlayNGTestOne.java:[247,3] class, interface, or enum expected
[ERROR] /workspaces/xxxx/code_cure_agent/cca_workspace/jts/modules/core/src/test/java/org/locationtech/jts/operation/overlayng/OverlayNGTestOne.java:[248,3] class, interface, or enum expected
[ERROR] /workspaces/xxxx/code_cure_agent/cca_workspace/jts/modules/core/src/test/java/org/locationtech/jts/operation/overlayng/OverlayNGTestOne.java:[249,3] class, interface, or enum expected
[ERROR] /workspaces/xxxx/code_cure_agent/cca_workspace/jts/modules/core/src/test/java/org/locationtech/jts/operation/overlayng/OverlayNGTestOne.java:[250,1] class, interface, or enum expected
[ERROR] /workspaces/xxxx/code_cure_agent/cca_workspace/jts/modules/core/src/test/java/org/locationtech/jts/operation/overlayng/OverlayNGTestOne.java:[252,8] class, interface, or enum expected
[ERROR] /workspaces/xxxx/code_cure_agent/cca_workspace/jts/modules/core/src/test/java/org/locationtech/jts/operation/overlayng/OverlayNGTestOne.java:[254,3] class, interface, or enum expected
[ERROR] /workspaces/xxxx/code_cure_agent/cca_workspace/jts/modules/core/src/test/java/org/locationtech/jts/operation/overlayng/OverlayNGTestOne.java:[255,3] class, interface, or enum expected
[ERROR] /workspaces/xxxx/code_cure_agent/cca_workspace/jts/modules/core/src/test/java/org/locationtech/jts/operation/overlayng/OverlayNGTestOne.java:[256,3] class, interface, or enum expected
[ERROR] /workspaces/xxxx/code_cure_agent/cca_workspace/jts/modules/core/src/test/java/org/locationtech/jts/operation/overlayng/OverlayNGTestOne.java:[257,3] class, interface, or enum expected
[ERROR] /workspaces/xxxx/code_cure_agent/cca_workspace/jts/modules/core/src/test/java/org/locationtech/jts/operation/overlayng/OverlayNGTestOne.java:[258,1] class, interface, or enum expected
[ERROR] /workspaces/xxxx/code_cure_agent/cca_workspace/jts/modules/core/src/test/java/org/locationtech/jts/operation/overlayng/OverlayNGTestOne.java:[260,8] class, interface, or enum expected
[ERROR] /workspaces/xxxx/code_cure_agent/cca_workspace/jts/modules/core/src/test/java/org/locationtech/jts/operation/overlayng/OverlayNGTestOne.java:[262,3] class, interface, or enum expected
[ERROR] /workspaces/xxxx/code_cure_agent/cca_workspace/jts/modules/core/src/test/java/org/locationtech/jts/operation/overlayng/OverlayNGTestOne.java:[263,3] class, interface, or enum expected
[ERROR] /workspaces/xxxx/code_cure_agent/cca_workspace/jts/modules/core/src/test/java/org/locationtech/jts/operation/overlayng/OverlayNGTestOne.java:[264,3] class, interface, or enum expected
[ERROR] /workspaces/xxxx/code_cure_agent/cca_workspace/jts/modules/core/src/test/java/org/locationtech/jts/operation/overlayng/OverlayNGTestOne.java:[265,3] class, interface, or enum expected
[INFO] 100 errors 
[INFO] -------------------------------------------------------------
[INFO] ------------------------------------------------------------------------
[INFO] Reactor Summary for JTS Topology Suite 1.18.0-SNAPSHOT:
[INFO] 
[INFO] JTS Topology Suite ................................. SUCCESS [  0.677 s]
[INFO] org.locationtech.jts:jts-modules ................... SUCCESS [  0.012 s]
[INFO] org.locationtech.jts:jts-core ...................... FAILURE [  3.630 s]
[INFO] org.locationtech.jts:jts-io ........................ SKIPPED
[INFO] org.locationtech.jts.io:jts-io-common .............. SKIPPED
[INFO] org.locationtech.jts:jts-example ................... SKIPPED
[INFO] org.locationtech.jts:jts-tests ..................... SKIPPED
[INFO] org.locationtech.jts:jts-app ....................... SKIPPED
[INFO] org.locationtech.jts:jts-lab ....................... SKIPPED
[INFO] ------------------------------------------------------------------------
[INFO] BUILD FAILURE
[INFO] ------------------------------------------------------------------------
[INFO] Total time:  4.974 s
[INFO] Finished at: 2025-08-30T22:56:36Z
[INFO] ------------------------------------------------------------------------
[ERROR] Failed to execute goal org.apache.maven.plugins:maven-compiler-plugin:3.14.0:testCompile (default-testCompile) on project jts-core: Compilation failure: Compilation failure: 
[ERROR] /workspaces/xxxx/code_cure_agent/cca_workspace/jts/modules/core/src/test/java/org/locationtech/jts/operation/overlayng/OverlayNGTestOne.java:[74,3] illegal start of expression
[ERROR] /workspaces/xxxx/code_cure_agent/cca_workspace/jts/modules/core/src/test/java/org/locationtech/jts/operation/overlayng/OverlayNGTestOne.java:[134,3] invalid method declaration; return type required
[ERROR] /workspaces/xxxx/code_cure_agent/cca_workspace/jts/modules/core/src/test/java/org/locationtech/jts/operation/overlayng/OverlayNGTestOne.java:[134,22] <identifier> expected
[ERROR] /workspaces/xxxx/code_cure_agent/cca_workspace/jts/modules/core/src/test/java/org/locationtech/jts/operation/overlayng/OverlayNGTestOne.java:[134,48] <identifier> expected
[ERROR] /workspaces/xxxx/code_cure_agent/cca_workspace/jts/modules/core/src/test/java/org/locationtech/jts/operation/overlayng/OverlayNGTestOne.java:[137,8] class, interface, or enum expected
[ERROR] /workspaces/xxxx/code_cure_agent/cca_workspace/jts/modules/core/src/test/java/org/locationtech/jts/operation/overlayng/OverlayNGTestOne.java:[139,3] class, interface, or enum expected
[ERROR] /workspaces/xxxx/code_cure_agent/cca_workspace/jts/modules/core/src/test/java/org/locationtech/jts/operation/overlayng/OverlayNGTestOne.java:[140,3] class, interface, or enum expected
[ERROR] /workspaces/xxxx/code_cure_agent/cca_workspace/jts/modules/core/src/test/java/org/locationtech/jts/operation/overlayng/OverlayNGTestOne.java:[141,3] class, interface, or enum expected
[ERROR] /workspaces/xxxx/code_cure_agent/cca_workspace/jts/modules/core/src/test/java/org/locationtech/jts/operation/overlayng/OverlayNGTestOne.java:[142,1] class, interface, or enum expected
[ERROR] /workspaces/xxxx/code_cure_agent/cca_workspace/jts/modules/core/src/test/java/org/locationtech/jts/operation/overlayng/OverlayNGTestOne.java:[144,8] class, interface, or enum expected
[ERROR] /workspaces/xxxx/code_cure_agent/cca_workspace/jts/modules/core/src/test/java/org/locationtech/jts/operation/overlayng/OverlayNGTestOne.java:[146,3] class, interface, or enum expected
[ERROR] /workspaces/xxxx/code_cure_agent/cca_workspace/jts/modules/core/src/test/java/org/locationtech/jts/operation/overlayng/OverlayNGTestOne.java:[147,3] class, interface, or enum expected
[ERROR] /workspaces/xxxx/code_cure_agent/cca_workspace/jts/modules/core/src/test/java/org/locationtech/jts/operation/overlayng/OverlayNGTestOne.java:[148,3] class, interface, or enum expected
[ERROR] /workspaces/xxxx/code_cure_agent/cca_workspace/jts/modules/core/src/test/java/org/locationtech/jts/operation/overlayng/OverlayNGTestOne.java:[149,1] class, interface, or enum expected
[ERROR] /workspaces/xxxx/code_cure_agent/cca_workspace/jts/modules/core/src/test/java/org/locationtech/jts/operation/overlayng/OverlayNGTestOne.java:[151,8] class, interface, or enum expected
[ERROR] /workspaces/xxxx/code_cure_agent/cca_workspace/jts/modules/core/src/test/java/org/locationtech/jts/operation/overlayng/OverlayNGTestOne.java:[153,3] class, interface, or enum expected
[ERROR] /workspaces/xxxx/code_cure_agent/cca_workspace/jts/modules/core/src/test/java/org/locationtech/jts/operation/overlayng/OverlayNGTestOne.java:[154,3] class, interface, or enum expected
[ERROR] /workspaces/xxxx/code_cure_agent/cca_workspace/jts/modules/core/src/test/java/org/locationtech/jts/operation/overlayng/OverlayNGTestOne.java:[155,3] class, interface, or enum expected
[ERROR] /workspaces/xxxx/code_cure_agent/cca_workspace/jts/modules/core/src/test/java/org/locationtech/jts/operation/overlayng/OverlayNGTestOne.java:[156,1] class, interface, or enum expected
[ERROR] /workspaces/xxxx/code_cure_agent/cca_workspace/jts/modules/core/src/test/java/org/locationtech/jts/operation/overlayng/OverlayNGTestOne.java:[158,8] class, interface, or enum expected
[ERROR] /workspaces/xxxx/code_cure_agent/cca_workspace/jts/modules/core/src/test/java/org/locationtech/jts/operation/overlayng/OverlayNGTestOne.java:[160,3] class, interface, or enum expected
[ERROR] /workspaces/xxxx/code_cure_agent/cca_workspace/jts/modules/core/src/test/java/org/locationtech/jts/operation/overlayng/OverlayNGTestOne.java:[161,3] class, interface, or enum expected
[ERROR] /workspaces/xxxx/code_cure_agent/cca_workspace/jts/modules/core/src/test/java/org/locationtech/jts/operation/overlayng/OverlayNGTestOne.java:[162,3] class, interface, or enum expected
[ERROR] /workspaces/xxxx/code_cure_agent/cca_workspace/jts/modules/core/src/test/java/org/locationtech/jts/operation/overlayng/OverlayNGTestOne.java:[163,1] class, interface, or enum expected
[ERROR] /workspaces/xxxx/code_cure_agent/cca_workspace/jts/modules/core/src/test/java/org/locationtech/jts/operation/overlayng/OverlayNGTestOne.java:[165,8] class, interface, or enum expected
[ERROR] /workspaces/xxxx/code_cure_agent/cca_workspace/jts/modules/core/src/test/java/org/locationtech/jts/operation/overlayng/OverlayNGTestOne.java:[167,3] class, interface, or enum expected
[ERROR] /workspaces/xxxx/code_cure_agent/cca_workspace/jts/modules/core/src/test/java/org/locationtech/jts/operation/overlayng/OverlayNGTestOne.java:[168,3] class, interface, or enum expected
[ERROR] /workspaces/xxxx/code_cure_agent/cca_workspace/jts/modules/core/src/test/java/org/locationtech/jts/operation/overlayng/OverlayNGTestOne.java:[169,3] class, interface, or enum expected
[ERROR] /workspaces/xxxx/code_cure_agent/cca_workspace/jts/modules/core/src/test/java/org/locationtech/jts/operation/overlayng/OverlayNGTestOne.java:[170,1] class, interface, or enum expected
[ERROR] /workspaces/xxxx/code_cure_agent/cca_workspace/jts/modules/core/src/test/java/org/locationtech/jts/operation/overlayng/OverlayNGTestOne.java:[172,8] class, interface, or enum expected
[ERROR] /workspaces/xxxx/code_cure_agent/cca_workspace/jts/modules/core/src/test/java/org/locationtech/jts/operation/overlayng/OverlayNGTestOne.java:[174,3] class, interface, or enum expected
[ERROR] /workspaces/xxxx/code_cure_agent/cca_workspace/jts/modules/core/src/test/java/org/locationtech/jts/operation/overlayng/OverlayNGTestOne.java:[175,3] class, interface, or enum expected
[ERROR] /workspaces/xxxx/code_cure_agent/cca_workspace/jts/modules/core/src/test/java/org/locationtech/jts/operation/overlayng/OverlayNGTestOne.java:[176,3] class, interface, or enum expected
[ERROR] /workspaces/xxxx/code_cure_agent/cca_workspace/jts/modules/core/src/test/java/org/locationtech/jts/operation/overlayng/OverlayNGTestOne.java:[177,3] class, interface, or enum expected
[ERROR] /workspaces/xxxx/code_cure_agent/cca_workspace/jts/modules/core/src/test/java/org/locationtech/jts/operation/overlayng/OverlayNGTestOne.java:[178,1] class, interface, or enum expected
[ERROR] /workspaces/xxxx/code_cure_agent/cca_workspace/jts/modules/core/src/test/java/org/locationtech/jts/operation/overlayng/OverlayNGTestOne.java:[180,8] class, interface, or enum expected
[ERROR] /workspaces/xxxx/code_cure_agent/cca_workspace/jts/modules/core/src/test/java/org/locationtech/jts/operation/overlayng/OverlayNGTestOne.java:[182,3] class, interface, or enum expected
[ERROR] /workspaces/xxxx/code_cure_agent/cca_workspace/jts/modules/core/src/test/java/org/locationtech/jts/operation/overlayng/OverlayNGTestOne.java:[183,3] class, interface, or enum expected
[ERROR] /workspaces/xxxx/code_cure_agent/cca_workspace/jts/modules/core/src/test/java/org/locationtech/jts/operation/overlayng/OverlayNGTestOne.java:[184,3] class, interface, or enum expected
[ERROR] /workspaces/xxxx/code_cure_agent/cca_workspace/jts/modules/core/src/test/java/org/locationtech/jts/operation/overlayng/OverlayNGTestOne.java:[185,3] class, interface, or enum expected
[ERROR] /workspaces/xxxx/code_cure_agent/cca_workspace/jts/modules/core/src/test/java/org/locationtech/jts/operation/overlayng/OverlayNGTestOne.java:[186,1] class, interface, or enum expected
[ERROR] /workspaces/xxxx/code_cure_agent/cca_workspace/jts/modules/core/src/test/java/org/locationtech/jts/operation/overlayng/OverlayNGTestOne.java:[188,8] class, interface, or enum expected
[ERROR] /workspaces/xxxx/code_cure_agent/cca_workspace/jts/modules/core/src/test/java/org/locationtech/jts/operation/overlayng/OverlayNGTestOne.java:[190,3] class, interface, or enum expected
[ERROR] /workspaces/xxxx/code_cure_agent/cca_workspace/jts/modules/core/src/test/java/org/locationtech/jts/operation/overlayng/OverlayNGTestOne.java:[191,3] class, interface, or enum expected
[ERROR] /workspaces/xxxx/code_cure_agent/cca_workspace/jts/modules/core/src/test/java/org/locationtech/jts/operation/overlayng/OverlayNGTestOne.java:[192,3] class, interface, or enum expected
[ERROR] /workspaces/xxxx/code_cure_agent/cca_workspace/jts/modules/core/src/test/java/org/locationtech/jts/operation/overlayng/OverlayNGTestOne.java:[193,3] class, interface, or enum expected
[ERROR] /workspaces/xxxx/code_cure_agent/cca_workspace/jts/modules/core/src/test/java/org/locationtech/jts/operation/overlayng/OverlayNGTestOne.java:[194,1] class, interface, or enum expected
[ERROR] /workspaces/xxxx/code_cure_agent/cca_workspace/jts/modules/core/src/test/java/org/locationtech/jts/operation/overlayng/OverlayNGTestOne.java:[196,8] class, interface, or enum expected
[ERROR] /workspaces/xxxx/code_cure_agent/cca_workspace/jts/modules/core/src/test/java/org/locationtech/jts/operation/overlayng/OverlayNGTestOne.java:[198,3] class, interface, or enum expected
[ERROR] /workspaces/xxxx/code_cure_agent/cca_workspace/jts/modules/core/src/test/java/org/locationtech/jts/operation/overlayng/OverlayNGTestOne.java:[199,3] class, interface, or enum expected
[ERROR] /workspaces/xxxx/code_cure_agent/cca_workspace/jts/modules/core/src/test/java/org/locationtech/jts/operation/overlayng/OverlayNGTestOne.java:[200,3] class, interface, or enum expected
[ERROR] /workspaces/xxxx/code_cure_agent/cca_workspace/jts/modules/core/src/test/java/org/locationtech/jts/operation/overlayng/OverlayNGTestOne.java:[201,3] class, interface, or enum expected
[ERROR] /workspaces/xxxx/code_cure_agent/cca_workspace/jts/modules/core/src/test/java/org/locationtech/jts/operation/overlayng/OverlayNGTestOne.java:[202,1] class, interface, or enum expected
[ERROR] /workspaces/xxxx/code_cure_agent/cca_workspace/jts/modules/core/src/test/java/org/locationtech/jts/operation/overlayng/OverlayNGTestOne.java:[204,8] class, interface, or enum expected
[ERROR] /workspaces/xxxx/code_cure_agent/cca_workspace/jts/modules/core/src/test/java/org/locationtech/jts/operation/overlayng/OverlayNGTestOne.java:[206,3] class, interface, or enum expected
[ERROR] /workspaces/xxxx/code_cure_agent/cca_workspace/jts/modules/core/src/test/java/org/locationtech/jts/operation/overlayng/OverlayNGTestOne.java:[207,3] class, interface, or enum expected
[ERROR] /workspaces/xxxx/code_cure_agent/cca_workspace/jts/modules/core/src/test/java/org/locationtech/jts/operation/overlayng/OverlayNGTestOne.java:[208,3] class, interface, or enum expected
[ERROR] /workspaces/xxxx/code_cure_agent/cca_workspace/jts/modules/core/src/test/java/org/locationtech/jts/operation/overlayng/OverlayNGTestOne.java:[209,3] class, interface, or enum expected
[ERROR] /workspaces/xxxx/code_cure_agent/cca_workspace/jts/modules/core/src/test/java/org/locationtech/jts/operation/overlayng/OverlayNGTestOne.java:[210,1] class, interface, or enum expected
[ERROR] /workspaces/xxxx/code_cure_agent/cca_workspace/jts/modules/core/src/test/java/org/locationtech/jts/operation/overlayng/OverlayNGTestOne.java:[212,8] class, interface, or enum expected
[ERROR] /workspaces/xxxx/code_cure_agent/cca_workspace/jts/modules/core/src/test/java/org/locationtech/jts/operation/overlayng/OverlayNGTestOne.java:[214,3] class, interface, or enum expected
[ERROR] /workspaces/xxxx/code_cure_agent/cca_workspace/jts/modules/core/src/test/java/org/locationtech/jts/operation/overlayng/OverlayNGTestOne.java:[215,3] class, interface, or enum expected
[ERROR] /workspaces/xxxx/code_cure_agent/cca_workspace/jts/modules/core/src/test/java/org/locationtech/jts/operation/overlayng/OverlayNGTestOne.java:[216,3] class, interface, or enum expected
[ERROR] /workspaces/xxxx/code_cure_agent/cca_workspace/jts/modules/core/src/test/java/org/locationtech/jts/operation/overlayng/OverlayNGTestOne.java:[217,3] class, interface, or enum expected
[ERROR] /workspaces/xxxx/code_cure_agent/cca_workspace/jts/modules/core/src/test/java/org/locationtech/jts/operation/overlayng/OverlayNGTestOne.java:[218,1] class, interface, or enum expected
[ERROR] /workspaces/xxxx/code_cure_agent/cca_workspace/jts/modules/core/src/test/java/org/locationtech/jts/operation/overlayng/OverlayNGTestOne.java:[220,8] class, interface, or enum expected
[ERROR] /workspaces/xxxx/code_cure_agent/cca_workspace/jts/modules/core/src/test/java/org/locationtech/jts/operation/overlayng/OverlayNGTestOne.java:[222,3] class, interface, or enum expected
[ERROR] /workspaces/xxxx/code_cure_agent/cca_workspace/jts/modules/core/src/test/java/org/locationtech/jts/operation/overlayng/OverlayNGTestOne.java:[223,3] class, interface, or enum expected
[ERROR] /workspaces/xxxx/code_cure_agent/cca_workspace/jts/modules/core/src/test/java/org/locationtech/jts/operation/overlayng/OverlayNGTestOne.java:[224,3] class, interface, or enum expected
[ERROR] /workspaces/xxxx/code_cure_agent/cca_workspace/jts/modules/core/src/test/java/org/locationtech/jts/operation/overlayng/OverlayNGTestOne.java:[225,3] class, interface, or enum expected
[ERROR] /workspaces/xxxx/code_cure_agent/cca_workspace/jts/modules/core/src/test/java/org/locationtech/jts/operation/overlayng/OverlayNGTestOne.java:[226,1] class, interface, or enum expected
[ERROR] /workspaces/xxxx/code_cure_agent/cca_workspace/jts/modules/core/src/test/java/org/locationtech/jts/operation/overlayng/OverlayNGTestOne.java:[228,8] class, interface, or enum expected
[ERROR] /workspaces/xxxx/code_cure_agent/cca_workspace/jts/modules/core/src/test/java/org/locationtech/jts/operation/overlayng/OverlayNGTestOne.java:[230,3] class, interface, or enum expected
[ERROR] /workspaces/xxxx/code_cure_agent/cca_workspace/jts/modules/core/src/test/java/org/locationtech/jts/operation/overlayng/OverlayNGTestOne.java:[231,3] class, interface, or enum expected
[ERROR] /workspaces/xxxx/code_cure_agent/cca_workspace/jts/modules/core/src/test/java/org/locationtech/jts/operation/overlayng/OverlayNGTestOne.java:[232,3] class, interface, or enum expected
[ERROR] /workspaces/xxxx/code_cure_agent/cca_workspace/jts/modules/core/src/test/java/org/locationtech/jts/operation/overlayng/OverlayNGTestOne.java:[233,3] class, interface, or enum expected
[ERROR] /workspaces/xxxx/code_cure_agent/cca_workspace/jts/modules/core/src/test/java/org/locationtech/jts/operation/overlayng/OverlayNGTestOne.java:[234,1] class, interface, or enum expected
[ERROR] /workspaces/xxxx/code_cure_agent/cca_workspace/jts/modules/core/src/test/java/org/locationtech/jts/operation/overlayng/OverlayNGTestOne.java:[236,8] class, interface, or enum expected
[ERROR] /workspaces/xxxx/code_cure_agent/cca_workspace/jts/modules/core/src/test/java/org/locationtech/jts/operation/overlayng/OverlayNGTestOne.java:[238,3] class, interface, or enum expected
[ERROR] /workspaces/xxxx/code_cure_agent/cca_workspace/jts/modules/core/src/test/java/org/locationtech/jts/operation/overlayng/OverlayNGTestOne.java:[239,3] class, interface, or enum expected
[ERROR] /workspaces/xxxx/code_cure_agent/cca_workspace/jts/modules/core/src/test/java/org/locationtech/jts/operation/overlayng/OverlayNGTestOne.java:[240,3] class, interface, or enum expected
[ERROR] /workspaces/xxxx/code_cure_agent/cca_workspace/jts/modules/core/src/test/java/org/locationtech/jts/operation/overlayng/OverlayNGTestOne.java:[241,3] class, interface, or enum expected
[ERROR] /workspaces/xxxx/code_cure_agent/cca_workspace/jts/modules/core/src/test/java/org/locationtech/jts/operation/overlayng/OverlayNGTestOne.java:[242,1] class, interface, or enum expected
[ERROR] /workspaces/xxxx/code_cure_agent/cca_workspace/jts/modules/core/src/test/java/org/locationtech/jts/operation/overlayng/OverlayNGTestOne.java:[244,8] class, interface, or enum expected
[ERROR] /workspaces/xxxx/code_cure_agent/cca_workspace/jts/modules/core/src/test/java/org/locationtech/jts/operation/overlayng/OverlayNGTestOne.java:[246,3] class, interface, or enum expected
[ERROR] /workspaces/xxxx/code_cure_agent/cca_workspace/jts/modules/core/src/test/java/org/locationtech/jts/operation/overlayng/OverlayNGTestOne.java:[247,3] class, interface, or enum expected
[ERROR] /workspaces/xxxx/code_cure_agent/cca_workspace/jts/modules/core/src/test/java/org/locationtech/jts/operation/overlayng/OverlayNGTestOne.java:[248,3] class, interface, or enum expected
[ERROR] /workspaces/xxxx/code_cure_agent/cca_workspace/jts/modules/core/src/test/java/org/locationtech/jts/operation/overlayng/OverlayNGTestOne.java:[249,3] class, interface, or enum expected
[ERROR] /workspaces/xxxx/code_cure_agent/cca_workspace/jts/modules/core/src/test/java/org/locationtech/jts/operation/overlayng/OverlayNGTestOne.java:[250,1] class, interface, or enum expected
[ERROR] /workspaces/xxxx/code_cure_agent/cca_workspace/jts/modules/core/src/test/java/org/locationtech/jts/operation/overlayng/OverlayNGTestOne.java:[252,8] class, interface, or enum expected
[ERROR] /workspaces/xxxx/code_cure_agent/cca_workspace/jts/modules/core/src/test/java/org/locationtech/jts/operation/overlayng/OverlayNGTestOne.java:[254,3] class, interface, or enum expected
[ERROR] /workspaces/xxxx/code_cure_agent/cca_workspace/jts/modules/core/src/test/java/org/locationtech/jts/operation/overlayng/OverlayNGTestOne.java:[255,3] class, interface, or enum expected
[ERROR] /workspaces/xxxx/code_cure_agent/cca_workspace/jts/modules/core/src/test/java/org/locationtech/jts/operation/overlayng/OverlayNGTestOne.java:[256,3] class, interface, or enum expected
[ERROR] /workspaces/xxxx/code_cure_agent/cca_workspace/jts/modules/core/src/test/java/org/locationtech/jts/operation/overlayng/OverlayNGTestOne.java:[257,3] class, interface, or enum expected
[ERROR] /workspaces/xxxx/code_cure_agent/cca_workspace/jts/modules/core/src/test/java/org/locationtech/jts/operation/overlayng/OverlayNGTestOne.java:[258,1] class, interface, or enum expected
[ERROR] /workspaces/xxxx/code_cure_agent/cca_workspace/jts/modules/core/src/test/java/org/locationtech/jts/operation/overlayng/OverlayNGTestOne.java:[260,8] class, interface, or enum expected
[ERROR] /workspaces/xxxx/code_cure_agent/cca_workspace/jts/modules/core/src/test/java/org/locationtech/jts/operation/overlayng/OverlayNGTestOne.java:[262,3] class, interface, or enum expected
[ERROR] /workspaces/xxxx/code_cure_agent/cca_workspace/jts/modules/core/src/test/java/org/locationtech/jts/operation/overlayng/OverlayNGTestOne.java:[263,3] class, interface, or enum expected
[ERROR] /workspaces/xxxx/code_cure_agent/cca_workspace/jts/modules/core/src/test/java/org/locationtech/jts/operation/overlayng/OverlayNGTestOne.java:[264,3] class, interface, or enum expected
[ERROR] /workspaces/xxxx/code_cure_agent/cca_workspace/jts/modules/core/src/test/java/org/locationtech/jts/operation/overlayng/OverlayNGTestOne.java:[265,3] class, interface, or enum expected
[ERROR] -> [Help 1]
[ERROR] 
[ERROR] To see the full stack trace of the errors, re-run Maven with the -e switch.
[ERROR] Re-run Maven using the -X switch to enable full debug logging.
[ERROR] 
[ERROR] For more information about the errors and possible solutions, please read the following articles:
[ERROR] [Help 1] http://cwiki.apache.org/confluence/display/MAVEN/MojoFailureException
[ERROR] 
[ERROR] After correcting the problems, you can resume the build with the command
[ERROR]   mvn <args> -rf :jts-core
