[INFO] Scanning for projects...
[INFO] 
[INFO] ---------------------------< amidst:amidst >----------------------------
[INFO] Building amidst 4.6
[INFO] --------------------------------[ jar ]---------------------------------
[INFO] 
[INFO] --- maven-clean-plugin:2.5:clean (default-clean) @ amidst ---
[INFO] Deleting /workspaces/xxxx/code_cure_agent/cca_workspace/amidst/target
[INFO] 
[INFO] --- properties-maven-plugin:1.0.0:read-project-properties (default) @ amidst ---
[INFO] 
[INFO] --- maven-resources-plugin:2.6:resources (default-resources) @ amidst ---
[INFO] Using 'UTF-8' encoding to copy filtered resources.
[INFO] Copying 136 resources
[INFO] 
[INFO] --- maven-compiler-plugin:3.8.1:compile (default-compile) @ amidst ---
[INFO] Changes detected - recompiling the module!
[INFO] Compiling 342 source files to /workspaces/xxxx/code_cure_agent/cca_workspace/amidst/target/classes
[INFO] -------------------------------------------------------------
[ERROR] COMPILATION ERROR : 
[INFO] -------------------------------------------------------------
[ERROR] /workspaces/xxxx/code_cure_agent/cca_workspace/amidst/src/main/java/amidst/gui/export/BiomeExporterDialog.java:[158,9] illegal start of expression
[ERROR] /workspaces/xxxx/code_cure_agent/cca_workspace/amidst/src/main/java/amidst/gui/export/BiomeExporterDialog.java:[171,47] <identifier> expected
[ERROR] /workspaces/xxxx/code_cure_agent/cca_workspace/amidst/src/main/java/amidst/gui/export/BiomeExporterDialog.java:[171,48] illegal start of type
[ERROR] /workspaces/xxxx/code_cure_agent/cca_workspace/amidst/src/main/java/amidst/gui/export/BiomeExporterDialog.java:[200,18] illegal start of type
[ERROR] /workspaces/xxxx/code_cure_agent/cca_workspace/amidst/src/main/java/amidst/gui/export/BiomeExporterDialog.java:[201,17] illegal start of type
[ERROR] /workspaces/xxxx/code_cure_agent/cca_workspace/amidst/src/main/java/amidst/gui/export/BiomeExporterDialog.java:[201,36] <identifier> expected
[ERROR] /workspaces/xxxx/code_cure_agent/cca_workspace/amidst/src/main/java/amidst/gui/export/BiomeExporterDialog.java:[204,17] class, interface, or enum expected
[ERROR] /workspaces/xxxx/code_cure_agent/cca_workspace/amidst/src/main/java/amidst/gui/export/BiomeExporterDialog.java:[207,25] class, interface, or enum expected
[ERROR] /workspaces/xxxx/code_cure_agent/cca_workspace/amidst/src/main/java/amidst/gui/export/BiomeExporterDialog.java:[208,25] class, interface, or enum expected
[ERROR] /workspaces/xxxx/code_cure_agent/cca_workspace/amidst/src/main/java/amidst/gui/export/BiomeExporterDialog.java:[209,25] class, interface, or enum expected
[ERROR] /workspaces/xxxx/code_cure_agent/cca_workspace/amidst/src/main/java/amidst/gui/export/BiomeExporterDialog.java:[211,33] class, interface, or enum expected
[ERROR] /workspaces/xxxx/code_cure_agent/cca_workspace/amidst/src/main/java/amidst/gui/export/BiomeExporterDialog.java:[212,33] class, interface, or enum expected
[ERROR] /workspaces/xxxx/code_cure_agent/cca_workspace/amidst/src/main/java/amidst/gui/export/BiomeExporterDialog.java:[213,25] class, interface, or enum expected
[ERROR] /workspaces/xxxx/code_cure_agent/cca_workspace/amidst/src/main/java/amidst/gui/export/BiomeExporterDialog.java:[215,33] class, interface, or enum expected
[ERROR] /workspaces/xxxx/code_cure_agent/cca_workspace/amidst/src/main/java/amidst/gui/export/BiomeExporterDialog.java:[216,33] class, interface, or enum expected
[ERROR] /workspaces/xxxx/code_cure_agent/cca_workspace/amidst/src/main/java/amidst/gui/export/BiomeExporterDialog.java:[217,25] class, interface, or enum expected
[ERROR] /workspaces/xxxx/code_cure_agent/cca_workspace/amidst/src/main/java/amidst/gui/export/BiomeExporterDialog.java:[220,25] class, interface, or enum expected
[ERROR] /workspaces/xxxx/code_cure_agent/cca_workspace/amidst/src/main/java/amidst/gui/export/BiomeExporterDialog.java:[222,17] class, interface, or enum expected
[ERROR] /workspaces/xxxx/code_cure_agent/cca_workspace/amidst/src/main/java/amidst/gui/export/BiomeExporterDialog.java:[224,25] class, interface, or enum expected
[ERROR] /workspaces/xxxx/code_cure_agent/cca_workspace/amidst/src/main/java/amidst/gui/export/BiomeExporterDialog.java:[225,17] class, interface, or enum expected
[ERROR] /workspaces/xxxx/code_cure_agent/cca_workspace/amidst/src/main/java/amidst/gui/export/BiomeExporterDialog.java:[227,25] class, interface, or enum expected
[ERROR] /workspaces/xxxx/code_cure_agent/cca_workspace/amidst/src/main/java/amidst/gui/export/BiomeExporterDialog.java:[228,17] class, interface, or enum expected
[ERROR] /workspaces/xxxx/code_cure_agent/cca_workspace/amidst/src/main/java/amidst/gui/export/BiomeExporterDialog.java:[230,9] class, interface, or enum expected
[ERROR] /workspaces/xxxx/code_cure_agent/cca_workspace/amidst/src/main/java/amidst/gui/export/BiomeExporterDialog.java:[232,16] class, interface, or enum expected
[ERROR] /workspaces/xxxx/code_cure_agent/cca_workspace/amidst/src/main/java/amidst/gui/export/BiomeExporterDialog.java:[236,25] class, interface, or enum expected
[ERROR] /workspaces/xxxx/code_cure_agent/cca_workspace/amidst/src/main/java/amidst/gui/export/BiomeExporterDialog.java:[237,25] class, interface, or enum expected
[ERROR] /workspaces/xxxx/code_cure_agent/cca_workspace/amidst/src/main/java/amidst/gui/export/BiomeExporterDialog.java:[238,17] class, interface, or enum expected
[ERROR] /workspaces/xxxx/code_cure_agent/cca_workspace/amidst/src/main/java/amidst/gui/export/BiomeExporterDialog.java:[240,17] class, interface, or enum expected
[ERROR] /workspaces/xxxx/code_cure_agent/cca_workspace/amidst/src/main/java/amidst/gui/export/BiomeExporterDialog.java:[246,17] class, interface, or enum expected
[ERROR] /workspaces/xxxx/code_cure_agent/cca_workspace/amidst/src/main/java/amidst/gui/export/BiomeExporterDialog.java:[248,25] class, interface, or enum expected
[ERROR] /workspaces/xxxx/code_cure_agent/cca_workspace/amidst/src/main/java/amidst/gui/export/BiomeExporterDialog.java:[250,25] class, interface, or enum expected
[ERROR] /workspaces/xxxx/code_cure_agent/cca_workspace/amidst/src/main/java/amidst/gui/export/BiomeExporterDialog.java:[252,17] class, interface, or enum expected
[ERROR] /workspaces/xxxx/code_cure_agent/cca_workspace/amidst/src/main/java/amidst/gui/export/BiomeExporterDialog.java:[253,9] class, interface, or enum expected
[ERROR] /workspaces/xxxx/code_cure_agent/cca_workspace/amidst/src/main/java/amidst/gui/export/BiomeExporterDialog.java:[258,17] class, interface, or enum expected
[ERROR] /workspaces/xxxx/code_cure_agent/cca_workspace/amidst/src/main/java/amidst/gui/export/BiomeExporterDialog.java:[259,17] class, interface, or enum expected
[ERROR] /workspaces/xxxx/code_cure_agent/cca_workspace/amidst/src/main/java/amidst/gui/export/BiomeExporterDialog.java:[260,17] class, interface, or enum expected
[ERROR] /workspaces/xxxx/code_cure_agent/cca_workspace/amidst/src/main/java/amidst/gui/export/BiomeExporterDialog.java:[261,17] class, interface, or enum expected
[ERROR] /workspaces/xxxx/code_cure_agent/cca_workspace/amidst/src/main/java/amidst/gui/export/BiomeExporterDialog.java:[262,17] class, interface, or enum expected
[ERROR] /workspaces/xxxx/code_cure_agent/cca_workspace/amidst/src/main/java/amidst/gui/export/BiomeExporterDialog.java:[264,17] class, interface, or enum expected
[ERROR] /workspaces/xxxx/code_cure_agent/cca_workspace/amidst/src/main/java/amidst/gui/export/BiomeExporterDialog.java:[267,9] class, interface, or enum expected
[ERROR] /workspaces/xxxx/code_cure_agent/cca_workspace/amidst/src/main/java/amidst/gui/export/BiomeExporterDialog.java:[271,9] class, interface, or enum expected
[ERROR] /workspaces/xxxx/code_cure_agent/cca_workspace/amidst/src/main/java/amidst/gui/export/BiomeExporterDialog.java:[276,17] class, interface, or enum expected
[ERROR] /workspaces/xxxx/code_cure_agent/cca_workspace/amidst/src/main/java/amidst/gui/export/BiomeExporterDialog.java:[277,17] class, interface, or enum expected
[ERROR] /workspaces/xxxx/code_cure_agent/cca_workspace/amidst/src/main/java/amidst/gui/export/BiomeExporterDialog.java:[278,17] class, interface, or enum expected
[ERROR] /workspaces/xxxx/code_cure_agent/cca_workspace/amidst/src/main/java/amidst/gui/export/BiomeExporterDialog.java:[279,17] class, interface, or enum expected
[ERROR] /workspaces/xxxx/code_cure_agent/cca_workspace/amidst/src/main/java/amidst/gui/export/BiomeExporterDialog.java:[280,17] class, interface, or enum expected
[ERROR] /workspaces/xxxx/code_cure_agent/cca_workspace/amidst/src/main/java/amidst/gui/export/BiomeExporterDialog.java:[282,17] class, interface, or enum expected
[ERROR] /workspaces/xxxx/code_cure_agent/cca_workspace/amidst/src/main/java/amidst/gui/export/BiomeExporterDialog.java:[283,17] class, interface, or enum expected
[ERROR] /workspaces/xxxx/code_cure_agent/cca_workspace/amidst/src/main/java/amidst/gui/export/BiomeExporterDialog.java:[285,17] class, interface, or enum expected
[ERROR] /workspaces/xxxx/code_cure_agent/cca_workspace/amidst/src/main/java/amidst/gui/export/BiomeExporterDialog.java:[286,9] class, interface, or enum expected
[ERROR] /workspaces/xxxx/code_cure_agent/cca_workspace/amidst/src/main/java/amidst/gui/export/BiomeExporterDialog.java:[291,17] class, interface, or enum expected
[ERROR] /workspaces/xxxx/code_cure_agent/cca_workspace/amidst/src/main/java/amidst/gui/export/BiomeExporterDialog.java:[292,17] class, interface, or enum expected
[ERROR] /workspaces/xxxx/code_cure_agent/cca_workspace/amidst/src/main/java/amidst/gui/export/BiomeExporterDialog.java:[294,17] class, interface, or enum expected
[ERROR] /workspaces/xxxx/code_cure_agent/cca_workspace/amidst/src/main/java/amidst/gui/export/BiomeExporterDialog.java:[295,17] class, interface, or enum expected
[ERROR] /workspaces/xxxx/code_cure_agent/cca_workspace/amidst/src/main/java/amidst/gui/export/BiomeExporterDialog.java:[297,17] class, interface, or enum expected
[ERROR] /workspaces/xxxx/code_cure_agent/cca_workspace/amidst/src/main/java/amidst/gui/export/BiomeExporterDialog.java:[298,17] class, interface, or enum expected
[ERROR] /workspaces/xxxx/code_cure_agent/cca_workspace/amidst/src/main/java/amidst/gui/export/BiomeExporterDialog.java:[300,17] class, interface, or enum expected
[ERROR] /workspaces/xxxx/code_cure_agent/cca_workspace/amidst/src/main/java/amidst/gui/export/BiomeExporterDialog.java:[301,17] class, interface, or enum expected
[ERROR] /workspaces/xxxx/code_cure_agent/cca_workspace/amidst/src/main/java/amidst/gui/export/BiomeExporterDialog.java:[303,17] class, interface, or enum expected
[ERROR] /workspaces/xxxx/code_cure_agent/cca_workspace/amidst/src/main/java/amidst/gui/export/BiomeExporterDialog.java:[304,17] class, interface, or enum expected
[ERROR] /workspaces/xxxx/code_cure_agent/cca_workspace/amidst/src/main/java/amidst/gui/export/BiomeExporterDialog.java:[306,17] class, interface, or enum expected
[ERROR] /workspaces/xxxx/code_cure_agent/cca_workspace/amidst/src/main/java/amidst/gui/export/BiomeExporterDialog.java:[307,17] class, interface, or enum expected
[ERROR] /workspaces/xxxx/code_cure_agent/cca_workspace/amidst/src/main/java/amidst/gui/export/BiomeExporterDialog.java:[309,17] class, interface, or enum expected
[ERROR] /workspaces/xxxx/code_cure_agent/cca_workspace/amidst/src/main/java/amidst/gui/export/BiomeExporterDialog.java:[310,17] class, interface, or enum expected
[ERROR] /workspaces/xxxx/code_cure_agent/cca_workspace/amidst/src/main/java/amidst/gui/export/BiomeExporterDialog.java:[312,17] class, interface, or enum expected
[ERROR] /workspaces/xxxx/code_cure_agent/cca_workspace/amidst/src/main/java/amidst/gui/export/BiomeExporterDialog.java:[314,17] class, interface, or enum expected
[ERROR] /workspaces/xxxx/code_cure_agent/cca_workspace/amidst/src/main/java/amidst/gui/export/BiomeExporterDialog.java:[315,17] class, interface, or enum expected
[ERROR] /workspaces/xxxx/code_cure_agent/cca_workspace/amidst/src/main/java/amidst/gui/export/BiomeExporterDialog.java:[317,17] class, interface, or enum expected
[ERROR] /workspaces/xxxx/code_cure_agent/cca_workspace/amidst/src/main/java/amidst/gui/export/BiomeExporterDialog.java:[318,17] class, interface, or enum expected
[ERROR] /workspaces/xxxx/code_cure_agent/cca_workspace/amidst/src/main/java/amidst/gui/export/BiomeExporterDialog.java:[320,17] class, interface, or enum expected
[ERROR] /workspaces/xxxx/code_cure_agent/cca_workspace/amidst/src/main/java/amidst/gui/export/BiomeExporterDialog.java:[321,17] class, interface, or enum expected
[ERROR] /workspaces/xxxx/code_cure_agent/cca_workspace/amidst/src/main/java/amidst/gui/export/BiomeExporterDialog.java:[323,17] class, interface, or enum expected
[ERROR] /workspaces/xxxx/code_cure_agent/cca_workspace/amidst/src/main/java/amidst/gui/export/BiomeExporterDialog.java:[324,17] class, interface, or enum expected
[ERROR] /workspaces/xxxx/code_cure_agent/cca_workspace/amidst/src/main/java/amidst/gui/export/BiomeExporterDialog.java:[326,17] class, interface, or enum expected
[ERROR] /workspaces/xxxx/code_cure_agent/cca_workspace/amidst/src/main/java/amidst/gui/export/BiomeExporterDialog.java:[327,17] class, interface, or enum expected
[ERROR] /workspaces/xxxx/code_cure_agent/cca_workspace/amidst/src/main/java/amidst/gui/export/BiomeExporterDialog.java:[329,17] class, interface, or enum expected
[ERROR] /workspaces/xxxx/code_cure_agent/cca_workspace/amidst/src/main/java/amidst/gui/export/BiomeExporterDialog.java:[330,17] class, interface, or enum expected
[ERROR] /workspaces/xxxx/code_cure_agent/cca_workspace/amidst/src/main/java/amidst/gui/export/BiomeExporterDialog.java:[331,17] class, interface, or enum expected
[ERROR] /workspaces/xxxx/code_cure_agent/cca_workspace/amidst/src/main/java/amidst/gui/export/BiomeExporterDialog.java:[333,32] class, interface, or enum expected
[ERROR] /workspaces/xxxx/code_cure_agent/cca_workspace/amidst/src/main/java/amidst/gui/export/BiomeExporterDialog.java:[340,33] class, interface, or enum expected
[ERROR] /workspaces/xxxx/code_cure_agent/cca_workspace/amidst/src/main/java/amidst/gui/export/BiomeExporterDialog.java:[341,25] class, interface, or enum expected
[ERROR] /workspaces/xxxx/code_cure_agent/cca_workspace/amidst/src/main/java/amidst/gui/export/BiomeExporterDialog.java:[343,17] class, interface, or enum expected
[ERROR] /workspaces/xxxx/code_cure_agent/cca_workspace/amidst/src/main/java/amidst/gui/export/BiomeExporterDialog.java:[344,17] class, interface, or enum expected
[ERROR] /workspaces/xxxx/code_cure_agent/cca_workspace/amidst/src/main/java/amidst/gui/export/BiomeExporterDialog.java:[345,17] class, interface, or enum expected
[ERROR] /workspaces/xxxx/code_cure_agent/cca_workspace/amidst/src/main/java/amidst/gui/export/BiomeExporterDialog.java:[346,17] class, interface, or enum expected
[ERROR] /workspaces/xxxx/code_cure_agent/cca_workspace/amidst/src/main/java/amidst/gui/export/BiomeExporterDialog.java:[347,9] class, interface, or enum expected
[ERROR] /workspaces/xxxx/code_cure_agent/cca_workspace/amidst/src/main/java/amidst/gui/export/BiomeExporterDialog.java:[351,17] class, interface, or enum expected
[ERROR] /workspaces/xxxx/code_cure_agent/cca_workspace/amidst/src/main/java/amidst/gui/export/BiomeExporterDialog.java:[354,17] class, interface, or enum expected
[ERROR] /workspaces/xxxx/code_cure_agent/cca_workspace/amidst/src/main/java/amidst/gui/export/BiomeExporterDialog.java:[357,31] class, interface, or enum expected
[ERROR] /workspaces/xxxx/code_cure_agent/cca_workspace/amidst/src/main/java/amidst/gui/export/BiomeExporterDialog.java:[358,25] class, interface, or enum expected
[ERROR] /workspaces/xxxx/code_cure_agent/cca_workspace/amidst/src/main/java/amidst/gui/export/BiomeExporterDialog.java:[362,33] class, interface, or enum expected
[ERROR] /workspaces/xxxx/code_cure_agent/cca_workspace/amidst/src/main/java/amidst/gui/export/BiomeExporterDialog.java:[364,33] class, interface, or enum expected
[ERROR] /workspaces/xxxx/code_cure_agent/cca_workspace/amidst/src/main/java/amidst/gui/export/BiomeExporterDialog.java:[365,33] class, interface, or enum expected
[ERROR] /workspaces/xxxx/code_cure_agent/cca_workspace/amidst/src/main/java/amidst/gui/export/BiomeExporterDialog.java:[367,33] class, interface, or enum expected
[ERROR] /workspaces/xxxx/code_cure_agent/cca_workspace/amidst/src/main/java/amidst/gui/export/BiomeExporterDialog.java:[368,33] class, interface, or enum expected
[ERROR] /workspaces/xxxx/code_cure_agent/cca_workspace/amidst/src/main/java/amidst/gui/export/BiomeExporterDialog.java:[370,33] class, interface, or enum expected
[ERROR] /workspaces/xxxx/code_cure_agent/cca_workspace/amidst/src/main/java/amidst/gui/export/BiomeExporterDialog.java:[372,33] class, interface, or enum expected
[ERROR] /workspaces/xxxx/code_cure_agent/cca_workspace/amidst/src/main/java/amidst/gui/export/BiomeExporterDialog.java:[374,33] class, interface, or enum expected
[ERROR] /workspaces/xxxx/code_cure_agent/cca_workspace/amidst/src/main/java/amidst/gui/export/BiomeExporterDialog.java:[375,33] class, interface, or enum expected
[ERROR] /workspaces/xxxx/code_cure_agent/cca_workspace/amidst/src/main/java/amidst/gui/export/BiomeExporterDialog.java:[377,33] class, interface, or enum expected
[INFO] 100 errors 
[INFO] -------------------------------------------------------------
[INFO] ------------------------------------------------------------------------
[INFO] BUILD FAILURE
[INFO] ------------------------------------------------------------------------
[INFO] Total time:  1.297 s
[INFO] Finished at: 2025-08-31T00:30:54Z
[INFO] ------------------------------------------------------------------------
[ERROR] Failed to execute goal org.apache.maven.plugins:maven-compiler-plugin:3.8.1:compile (default-compile) on project amidst: Compilation failure: Compilation failure: 
[ERROR] /workspaces/xxxx/code_cure_agent/cca_workspace/amidst/src/main/java/amidst/gui/export/BiomeExporterDialog.java:[158,9] illegal start of expression
[ERROR] /workspaces/xxxx/code_cure_agent/cca_workspace/amidst/src/main/java/amidst/gui/export/BiomeExporterDialog.java:[171,47] <identifier> expected
[ERROR] /workspaces/xxxx/code_cure_agent/cca_workspace/amidst/src/main/java/amidst/gui/export/BiomeExporterDialog.java:[171,48] illegal start of type
[ERROR] /workspaces/xxxx/code_cure_agent/cca_workspace/amidst/src/main/java/amidst/gui/export/BiomeExporterDialog.java:[200,18] illegal start of type
[ERROR] /workspaces/xxxx/code_cure_agent/cca_workspace/amidst/src/main/java/amidst/gui/export/BiomeExporterDialog.java:[201,17] illegal start of type
[ERROR] /workspaces/xxxx/code_cure_agent/cca_workspace/amidst/src/main/java/amidst/gui/export/BiomeExporterDialog.java:[201,36] <identifier> expected
[ERROR] /workspaces/xxxx/code_cure_agent/cca_workspace/amidst/src/main/java/amidst/gui/export/BiomeExporterDialog.java:[204,17] class, interface, or enum expected
[ERROR] /workspaces/xxxx/code_cure_agent/cca_workspace/amidst/src/main/java/amidst/gui/export/BiomeExporterDialog.java:[207,25] class, interface, or enum expected
[ERROR] /workspaces/xxxx/code_cure_agent/cca_workspace/amidst/src/main/java/amidst/gui/export/BiomeExporterDialog.java:[208,25] class, interface, or enum expected
[ERROR] /workspaces/xxxx/code_cure_agent/cca_workspace/amidst/src/main/java/amidst/gui/export/BiomeExporterDialog.java:[209,25] class, interface, or enum expected
[ERROR] /workspaces/xxxx/code_cure_agent/cca_workspace/amidst/src/main/java/amidst/gui/export/BiomeExporterDialog.java:[211,33] class, interface, or enum expected
[ERROR] /workspaces/xxxx/code_cure_agent/cca_workspace/amidst/src/main/java/amidst/gui/export/BiomeExporterDialog.java:[212,33] class, interface, or enum expected
[ERROR] /workspaces/xxxx/code_cure_agent/cca_workspace/amidst/src/main/java/amidst/gui/export/BiomeExporterDialog.java:[213,25] class, interface, or enum expected
[ERROR] /workspaces/xxxx/code_cure_agent/cca_workspace/amidst/src/main/java/amidst/gui/export/BiomeExporterDialog.java:[215,33] class, interface, or enum expected
[ERROR] /workspaces/xxxx/code_cure_agent/cca_workspace/amidst/src/main/java/amidst/gui/export/BiomeExporterDialog.java:[216,33] class, interface, or enum expected
[ERROR] /workspaces/xxxx/code_cure_agent/cca_workspace/amidst/src/main/java/amidst/gui/export/BiomeExporterDialog.java:[217,25] class, interface, or enum expected
[ERROR] /workspaces/xxxx/code_cure_agent/cca_workspace/amidst/src/main/java/amidst/gui/export/BiomeExporterDialog.java:[220,25] class, interface, or enum expected
[ERROR] /workspaces/xxxx/code_cure_agent/cca_workspace/amidst/src/main/java/amidst/gui/export/BiomeExporterDialog.java:[222,17] class, interface, or enum expected
[ERROR] /workspaces/xxxx/code_cure_agent/cca_workspace/amidst/src/main/java/amidst/gui/export/BiomeExporterDialog.java:[224,25] class, interface, or enum expected
[ERROR] /workspaces/xxxx/code_cure_agent/cca_workspace/amidst/src/main/java/amidst/gui/export/BiomeExporterDialog.java:[225,17] class, interface, or enum expected
[ERROR] /workspaces/xxxx/code_cure_agent/cca_workspace/amidst/src/main/java/amidst/gui/export/BiomeExporterDialog.java:[227,25] class, interface, or enum expected
[ERROR] /workspaces/xxxx/code_cure_agent/cca_workspace/amidst/src/main/java/amidst/gui/export/BiomeExporterDialog.java:[228,17] class, interface, or enum expected
[ERROR] /workspaces/xxxx/code_cure_agent/cca_workspace/amidst/src/main/java/amidst/gui/export/BiomeExporterDialog.java:[230,9] class, interface, or enum expected
[ERROR] /workspaces/xxxx/code_cure_agent/cca_workspace/amidst/src/main/java/amidst/gui/export/BiomeExporterDialog.java:[232,16] class, interface, or enum expected
[ERROR] /workspaces/xxxx/code_cure_agent/cca_workspace/amidst/src/main/java/amidst/gui/export/BiomeExporterDialog.java:[236,25] class, interface, or enum expected
[ERROR] /workspaces/xxxx/code_cure_agent/cca_workspace/amidst/src/main/java/amidst/gui/export/BiomeExporterDialog.java:[237,25] class, interface, or enum expected
[ERROR] /workspaces/xxxx/code_cure_agent/cca_workspace/amidst/src/main/java/amidst/gui/export/BiomeExporterDialog.java:[238,17] class, interface, or enum expected
[ERROR] /workspaces/xxxx/code_cure_agent/cca_workspace/amidst/src/main/java/amidst/gui/export/BiomeExporterDialog.java:[240,17] class, interface, or enum expected
[ERROR] /workspaces/xxxx/code_cure_agent/cca_workspace/amidst/src/main/java/amidst/gui/export/BiomeExporterDialog.java:[246,17] class, interface, or enum expected
[ERROR] /workspaces/xxxx/code_cure_agent/cca_workspace/amidst/src/main/java/amidst/gui/export/BiomeExporterDialog.java:[248,25] class, interface, or enum expected
[ERROR] /workspaces/xxxx/code_cure_agent/cca_workspace/amidst/src/main/java/amidst/gui/export/BiomeExporterDialog.java:[250,25] class, interface, or enum expected
[ERROR] /workspaces/xxxx/code_cure_agent/cca_workspace/amidst/src/main/java/amidst/gui/export/BiomeExporterDialog.java:[252,17] class, interface, or enum expected
[ERROR] /workspaces/xxxx/code_cure_agent/cca_workspace/amidst/src/main/java/amidst/gui/export/BiomeExporterDialog.java:[253,9] class, interface, or enum expected
[ERROR] /workspaces/xxxx/code_cure_agent/cca_workspace/amidst/src/main/java/amidst/gui/export/BiomeExporterDialog.java:[258,17] class, interface, or enum expected
[ERROR] /workspaces/xxxx/code_cure_agent/cca_workspace/amidst/src/main/java/amidst/gui/export/BiomeExporterDialog.java:[259,17] class, interface, or enum expected
[ERROR] /workspaces/xxxx/code_cure_agent/cca_workspace/amidst/src/main/java/amidst/gui/export/BiomeExporterDialog.java:[260,17] class, interface, or enum expected
[ERROR] /workspaces/xxxx/code_cure_agent/cca_workspace/amidst/src/main/java/amidst/gui/export/BiomeExporterDialog.java:[261,17] class, interface, or enum expected
[ERROR] /workspaces/xxxx/code_cure_agent/cca_workspace/amidst/src/main/java/amidst/gui/export/BiomeExporterDialog.java:[262,17] class, interface, or enum expected
[ERROR] /workspaces/xxxx/code_cure_agent/cca_workspace/amidst/src/main/java/amidst/gui/export/BiomeExporterDialog.java:[264,17] class, interface, or enum expected
[ERROR] /workspaces/xxxx/code_cure_agent/cca_workspace/amidst/src/main/java/amidst/gui/export/BiomeExporterDialog.java:[267,9] class, interface, or enum expected
[ERROR] /workspaces/xxxx/code_cure_agent/cca_workspace/amidst/src/main/java/amidst/gui/export/BiomeExporterDialog.java:[271,9] class, interface, or enum expected
[ERROR] /workspaces/xxxx/code_cure_agent/cca_workspace/amidst/src/main/java/amidst/gui/export/BiomeExporterDialog.java:[276,17] class, interface, or enum expected
[ERROR] /workspaces/xxxx/code_cure_agent/cca_workspace/amidst/src/main/java/amidst/gui/export/BiomeExporterDialog.java:[277,17] class, interface, or enum expected
[ERROR] /workspaces/xxxx/code_cure_agent/cca_workspace/amidst/src/main/java/amidst/gui/export/BiomeExporterDialog.java:[278,17] class, interface, or enum expected
[ERROR] /workspaces/xxxx/code_cure_agent/cca_workspace/amidst/src/main/java/amidst/gui/export/BiomeExporterDialog.java:[279,17] class, interface, or enum expected
[ERROR] /workspaces/xxxx/code_cure_agent/cca_workspace/amidst/src/main/java/amidst/gui/export/BiomeExporterDialog.java:[280,17] class, interface, or enum expected
[ERROR] /workspaces/xxxx/code_cure_agent/cca_workspace/amidst/src/main/java/amidst/gui/export/BiomeExporterDialog.java:[282,17] class, interface, or enum expected
[ERROR] /workspaces/xxxx/code_cure_agent/cca_workspace/amidst/src/main/java/amidst/gui/export/BiomeExporterDialog.java:[283,17] class, interface, or enum expected
[ERROR] /workspaces/xxxx/code_cure_agent/cca_workspace/amidst/src/main/java/amidst/gui/export/BiomeExporterDialog.java:[285,17] class, interface, or enum expected
[ERROR] /workspaces/xxxx/code_cure_agent/cca_workspace/amidst/src/main/java/amidst/gui/export/BiomeExporterDialog.java:[286,9] class, interface, or enum expected
[ERROR] /workspaces/xxxx/code_cure_agent/cca_workspace/amidst/src/main/java/amidst/gui/export/BiomeExporterDialog.java:[291,17] class, interface, or enum expected
[ERROR] /workspaces/xxxx/code_cure_agent/cca_workspace/amidst/src/main/java/amidst/gui/export/BiomeExporterDialog.java:[292,17] class, interface, or enum expected
[ERROR] /workspaces/xxxx/code_cure_agent/cca_workspace/amidst/src/main/java/amidst/gui/export/BiomeExporterDialog.java:[294,17] class, interface, or enum expected
[ERROR] /workspaces/xxxx/code_cure_agent/cca_workspace/amidst/src/main/java/amidst/gui/export/BiomeExporterDialog.java:[295,17] class, interface, or enum expected
[ERROR] /workspaces/xxxx/code_cure_agent/cca_workspace/amidst/src/main/java/amidst/gui/export/BiomeExporterDialog.java:[297,17] class, interface, or enum expected
[ERROR] /workspaces/xxxx/code_cure_agent/cca_workspace/amidst/src/main/java/amidst/gui/export/BiomeExporterDialog.java:[298,17] class, interface, or enum expected
[ERROR] /workspaces/xxxx/code_cure_agent/cca_workspace/amidst/src/main/java/amidst/gui/export/BiomeExporterDialog.java:[300,17] class, interface, or enum expected
[ERROR] /workspaces/xxxx/code_cure_agent/cca_workspace/amidst/src/main/java/amidst/gui/export/BiomeExporterDialog.java:[301,17] class, interface, or enum expected
[ERROR] /workspaces/xxxx/code_cure_agent/cca_workspace/amidst/src/main/java/amidst/gui/export/BiomeExporterDialog.java:[303,17] class, interface, or enum expected
[ERROR] /workspaces/xxxx/code_cure_agent/cca_workspace/amidst/src/main/java/amidst/gui/export/BiomeExporterDialog.java:[304,17] class, interface, or enum expected
[ERROR] /workspaces/xxxx/code_cure_agent/cca_workspace/amidst/src/main/java/amidst/gui/export/BiomeExporterDialog.java:[306,17] class, interface, or enum expected
[ERROR] /workspaces/xxxx/code_cure_agent/cca_workspace/amidst/src/main/java/amidst/gui/export/BiomeExporterDialog.java:[307,17] class, interface, or enum expected
[ERROR] /workspaces/xxxx/code_cure_agent/cca_workspace/amidst/src/main/java/amidst/gui/export/BiomeExporterDialog.java:[309,17] class, interface, or enum expected
[ERROR] /workspaces/xxxx/code_cure_agent/cca_workspace/amidst/src/main/java/amidst/gui/export/BiomeExporterDialog.java:[310,17] class, interface, or enum expected
[ERROR] /workspaces/xxxx/code_cure_agent/cca_workspace/amidst/src/main/java/amidst/gui/export/BiomeExporterDialog.java:[312,17] class, interface, or enum expected
[ERROR] /workspaces/xxxx/code_cure_agent/cca_workspace/amidst/src/main/java/amidst/gui/export/BiomeExporterDialog.java:[314,17] class, interface, or enum expected
[ERROR] /workspaces/xxxx/code_cure_agent/cca_workspace/amidst/src/main/java/amidst/gui/export/BiomeExporterDialog.java:[315,17] class, interface, or enum expected
[ERROR] /workspaces/xxxx/code_cure_agent/cca_workspace/amidst/src/main/java/amidst/gui/export/BiomeExporterDialog.java:[317,17] class, interface, or enum expected
[ERROR] /workspaces/xxxx/code_cure_agent/cca_workspace/amidst/src/main/java/amidst/gui/export/BiomeExporterDialog.java:[318,17] class, interface, or enum expected
[ERROR] /workspaces/xxxx/code_cure_agent/cca_workspace/amidst/src/main/java/amidst/gui/export/BiomeExporterDialog.java:[320,17] class, interface, or enum expected
[ERROR] /workspaces/xxxx/code_cure_agent/cca_workspace/amidst/src/main/java/amidst/gui/export/BiomeExporterDialog.java:[321,17] class, interface, or enum expected
[ERROR] /workspaces/xxxx/code_cure_agent/cca_workspace/amidst/src/main/java/amidst/gui/export/BiomeExporterDialog.java:[323,17] class, interface, or enum expected
[ERROR] /workspaces/xxxx/code_cure_agent/cca_workspace/amidst/src/main/java/amidst/gui/export/BiomeExporterDialog.java:[324,17] class, interface, or enum expected
[ERROR] /workspaces/xxxx/code_cure_agent/cca_workspace/amidst/src/main/java/amidst/gui/export/BiomeExporterDialog.java:[326,17] class, interface, or enum expected
[ERROR] /workspaces/xxxx/code_cure_agent/cca_workspace/amidst/src/main/java/amidst/gui/export/BiomeExporterDialog.java:[327,17] class, interface, or enum expected
[ERROR] /workspaces/xxxx/code_cure_agent/cca_workspace/amidst/src/main/java/amidst/gui/export/BiomeExporterDialog.java:[329,17] class, interface, or enum expected
[ERROR] /workspaces/xxxx/code_cure_agent/cca_workspace/amidst/src/main/java/amidst/gui/export/BiomeExporterDialog.java:[330,17] class, interface, or enum expected
[ERROR] /workspaces/xxxx/code_cure_agent/cca_workspace/amidst/src/main/java/amidst/gui/export/BiomeExporterDialog.java:[331,17] class, interface, or enum expected
[ERROR] /workspaces/xxxx/code_cure_agent/cca_workspace/amidst/src/main/java/amidst/gui/export/BiomeExporterDialog.java:[333,32] class, interface, or enum expected
[ERROR] /workspaces/xxxx/code_cure_agent/cca_workspace/amidst/src/main/java/amidst/gui/export/BiomeExporterDialog.java:[340,33] class, interface, or enum expected
[ERROR] /workspaces/xxxx/code_cure_agent/cca_workspace/amidst/src/main/java/amidst/gui/export/BiomeExporterDialog.java:[341,25] class, interface, or enum expected
[ERROR] /workspaces/xxxx/code_cure_agent/cca_workspace/amidst/src/main/java/amidst/gui/export/BiomeExporterDialog.java:[343,17] class, interface, or enum expected
[ERROR] /workspaces/xxxx/code_cure_agent/cca_workspace/amidst/src/main/java/amidst/gui/export/BiomeExporterDialog.java:[344,17] class, interface, or enum expected
[ERROR] /workspaces/xxxx/code_cure_agent/cca_workspace/amidst/src/main/java/amidst/gui/export/BiomeExporterDialog.java:[345,17] class, interface, or enum expected
[ERROR] /workspaces/xxxx/code_cure_agent/cca_workspace/amidst/src/main/java/amidst/gui/export/BiomeExporterDialog.java:[346,17] class, interface, or enum expected
[ERROR] /workspaces/xxxx/code_cure_agent/cca_workspace/amidst/src/main/java/amidst/gui/export/BiomeExporterDialog.java:[347,9] class, interface, or enum expected
[ERROR] /workspaces/xxxx/code_cure_agent/cca_workspace/amidst/src/main/java/amidst/gui/export/BiomeExporterDialog.java:[351,17] class, interface, or enum expected
[ERROR] /workspaces/xxxx/code_cure_agent/cca_workspace/amidst/src/main/java/amidst/gui/export/BiomeExporterDialog.java:[354,17] class, interface, or enum expected
[ERROR] /workspaces/xxxx/code_cure_agent/cca_workspace/amidst/src/main/java/amidst/gui/export/BiomeExporterDialog.java:[357,31] class, interface, or enum expected
[ERROR] /workspaces/xxxx/code_cure_agent/cca_workspace/amidst/src/main/java/amidst/gui/export/BiomeExporterDialog.java:[358,25] class, interface, or enum expected
[ERROR] /workspaces/xxxx/code_cure_agent/cca_workspace/amidst/src/main/java/amidst/gui/export/BiomeExporterDialog.java:[362,33] class, interface, or enum expected
[ERROR] /workspaces/xxxx/code_cure_agent/cca_workspace/amidst/src/main/java/amidst/gui/export/BiomeExporterDialog.java:[364,33] class, interface, or enum expected
[ERROR] /workspaces/xxxx/code_cure_agent/cca_workspace/amidst/src/main/java/amidst/gui/export/BiomeExporterDialog.java:[365,33] class, interface, or enum expected
[ERROR] /workspaces/xxxx/code_cure_agent/cca_workspace/amidst/src/main/java/amidst/gui/export/BiomeExporterDialog.java:[367,33] class, interface, or enum expected
[ERROR] /workspaces/xxxx/code_cure_agent/cca_workspace/amidst/src/main/java/amidst/gui/export/BiomeExporterDialog.java:[368,33] class, interface, or enum expected
[ERROR] /workspaces/xxxx/code_cure_agent/cca_workspace/amidst/src/main/java/amidst/gui/export/BiomeExporterDialog.java:[370,33] class, interface, or enum expected
[ERROR] /workspaces/xxxx/code_cure_agent/cca_workspace/amidst/src/main/java/amidst/gui/export/BiomeExporterDialog.java:[372,33] class, interface, or enum expected
[ERROR] /workspaces/xxxx/code_cure_agent/cca_workspace/amidst/src/main/java/amidst/gui/export/BiomeExporterDialog.java:[374,33] class, interface, or enum expected
[ERROR] /workspaces/xxxx/code_cure_agent/cca_workspace/amidst/src/main/java/amidst/gui/export/BiomeExporterDialog.java:[375,33] class, interface, or enum expected
[ERROR] /workspaces/xxxx/code_cure_agent/cca_workspace/amidst/src/main/java/amidst/gui/export/BiomeExporterDialog.java:[377,33] class, interface, or enum expected
[ERROR] -> [Help 1]
[ERROR] 
[ERROR] To see the full stack trace of the errors, re-run Maven with the -e switch.
[ERROR] Re-run Maven using the -X switch to enable full debug logging.
[ERROR] 
[ERROR] For more information about the errors and possible solutions, please read the following articles:
[ERROR] [Help 1] http://cwiki.apache.org/confluence/display/MAVEN/MojoFailureException
