[INFO] Scanning for projects...
[INFO] 
[INFO] ---------------------------< amidst:amidst >----------------------------
[INFO] Building amidst 4.6
[INFO] --------------------------------[ jar ]---------------------------------
[INFO] 
[INFO] --- maven-clean-plugin:2.5:clean (default-clean) @ amidst ---
[INFO] Deleting /workspaces/master-thesis-pascal-joos/code_cure_agent/cca_workspace/amidst/target
[INFO] 
[INFO] --- properties-maven-plugin:1.0.0:read-project-properties (default) @ amidst ---
[INFO] 
[INFO] --- maven-resources-plugin:2.6:resources (default-resources) @ amidst ---
[INFO] Using 'UTF-8' encoding to copy filtered resources.
[INFO] Copying 136 resources
[INFO] 
[INFO] --- maven-compiler-plugin:3.8.1:compile (default-compile) @ amidst ---
[INFO] Changes detected - recompiling the module!
[INFO] Compiling 342 source files to /workspaces/master-thesis-pascal-joos/code_cure_agent/cca_workspace/amidst/target/classes
[INFO] -------------------------------------------------------------
[ERROR] COMPILATION ERROR : 
[INFO] -------------------------------------------------------------
[ERROR] /workspaces/master-thesis-pascal-joos/code_cure_agent/cca_workspace/amidst/src/main/java/amidst/gui/export/BiomeExporterDialog.java:[158,9] illegal start of expression
[ERROR] /workspaces/master-thesis-pascal-joos/code_cure_agent/cca_workspace/amidst/src/main/java/amidst/gui/export/BiomeExporterDialog.java:[171,47] <identifier> expected
[ERROR] /workspaces/master-thesis-pascal-joos/code_cure_agent/cca_workspace/amidst/src/main/java/amidst/gui/export/BiomeExporterDialog.java:[171,48] illegal start of type
[ERROR] /workspaces/master-thesis-pascal-joos/code_cure_agent/cca_workspace/amidst/src/main/java/amidst/gui/export/BiomeExporterDialog.java:[200,18] illegal start of type
[ERROR] /workspaces/master-thesis-pascal-joos/code_cure_agent/cca_workspace/amidst/src/main/java/amidst/gui/export/BiomeExporterDialog.java:[201,17] illegal start of type
[ERROR] /workspaces/master-thesis-pascal-joos/code_cure_agent/cca_workspace/amidst/src/main/java/amidst/gui/export/BiomeExporterDialog.java:[201,36] <identifier> expected
[ERROR] /workspaces/master-thesis-pascal-joos/code_cure_agent/cca_workspace/amidst/src/main/java/amidst/gui/export/BiomeExporterDialog.java:[204,17] class, interface, or enum expected
[ERROR] /workspaces/master-thesis-pascal-joos/code_cure_agent/cca_workspace/amidst/src/main/java/amidst/gui/export/BiomeExporterDialog.java:[207,25] class, interface, or enum expected
[ERROR] /workspaces/master-thesis-pascal-joos/code_cure_agent/cca_workspace/amidst/src/main/java/amidst/gui/export/BiomeExporterDialog.java:[208,25] class, interface, or enum expected
[ERROR] /workspaces/master-thesis-pascal-joos/code_cure_agent/cca_workspace/amidst/src/main/java/amidst/gui/export/BiomeExporterDialog.java:[209,25] class, interface, or enum expected
[ERROR] /workspaces/master-thesis-pascal-joos/code_cure_agent/cca_workspace/amidst/src/main/java/amidst/gui/export/BiomeExporterDialog.java:[211,33] class, interface, or enum expected
[ERROR] /workspaces/master-thesis-pascal-joos/code_cure_agent/cca_workspace/amidst/src/main/java/amidst/gui/export/BiomeExporterDialog.java:[212,33] class, interface, or enum expected
[ERROR] /workspaces/master-thesis-pascal-joos/code_cure_agent/cca_workspace/amidst/src/main/java/amidst/gui/export/BiomeExporterDialog.java:[213,25] class, interface, or enum expected
[ERROR] /workspaces/master-thesis-pascal-joos/code_cure_agent/cca_workspace/amidst/src/main/java/amidst/gui/export/BiomeExporterDialog.java:[215,33] class, interface, or enum expected
[ERROR] /workspaces/master-thesis-pascal-joos/code_cure_agent/cca_workspace/amidst/src/main/java/amidst/gui/export/BiomeExporterDialog.java:[216,33] class, interface, or enum expected
[ERROR] /workspaces/master-thesis-pascal-joos/code_cure_agent/cca_workspace/amidst/src/main/java/amidst/gui/export/BiomeExporterDialog.java:[217,25] class, interface, or enum expected
[ERROR] /workspaces/master-thesis-pascal-joos/code_cure_agent/cca_workspace/amidst/src/main/java/amidst/gui/export/BiomeExporterDialog.java:[220,25] class, interface, or enum expected
[ERROR] /workspaces/master-thesis-pascal-joos/code_cure_agent/cca_workspace/amidst/src/main/java/amidst/gui/export/BiomeExporterDialog.java:[222,17] class, interface, or enum expected
[ERROR] /workspaces/master-thesis-pascal-joos/code_cure_agent/cca_workspace/amidst/src/main/java/amidst/gui/export/BiomeExporterDialog.java:[224,25] class, interface, or enum expected
[ERROR] /workspaces/master-thesis-pascal-joos/code_cure_agent/cca_workspace/amidst/src/main/java/amidst/gui/export/BiomeExporterDialog.java:[225,25] class, interface, or enum expected
[ERROR] /workspaces/master-thesis-pascal-joos/code_cure_agent/cca_workspace/amidst/src/main/java/amidst/gui/export/BiomeExporterDialog.java:[226,17] class, interface, or enum expected
[ERROR] /workspaces/master-thesis-pascal-joos/code_cure_agent/cca_workspace/amidst/src/main/java/amidst/gui/export/BiomeExporterDialog.java:[228,25] class, interface, or enum expected
[ERROR] /workspaces/master-thesis-pascal-joos/code_cure_agent/cca_workspace/amidst/src/main/java/amidst/gui/export/BiomeExporterDialog.java:[229,25] class, interface, or enum expected
[ERROR] /workspaces/master-thesis-pascal-joos/code_cure_agent/cca_workspace/amidst/src/main/java/amidst/gui/export/BiomeExporterDialog.java:[230,17] class, interface, or enum expected
[ERROR] /workspaces/master-thesis-pascal-joos/code_cure_agent/cca_workspace/amidst/src/main/java/amidst/gui/export/BiomeExporterDialog.java:[232,9] class, interface, or enum expected
[ERROR] /workspaces/master-thesis-pascal-joos/code_cure_agent/cca_workspace/amidst/src/main/java/amidst/gui/export/BiomeExporterDialog.java:[234,16] class, interface, or enum expected
[ERROR] /workspaces/master-thesis-pascal-joos/code_cure_agent/cca_workspace/amidst/src/main/java/amidst/gui/export/BiomeExporterDialog.java:[238,25] class, interface, or enum expected
[ERROR] /workspaces/master-thesis-pascal-joos/code_cure_agent/cca_workspace/amidst/src/main/java/amidst/gui/export/BiomeExporterDialog.java:[239,25] class, interface, or enum expected
[ERROR] /workspaces/master-thesis-pascal-joos/code_cure_agent/cca_workspace/amidst/src/main/java/amidst/gui/export/BiomeExporterDialog.java:[240,25] class, interface, or enum expected
[ERROR] /workspaces/master-thesis-pascal-joos/code_cure_agent/cca_workspace/amidst/src/main/java/amidst/gui/export/BiomeExporterDialog.java:[241,17] class, interface, or enum expected
[ERROR] /workspaces/master-thesis-pascal-joos/code_cure_agent/cca_workspace/amidst/src/main/java/amidst/gui/export/BiomeExporterDialog.java:[243,17] class, interface, or enum expected
[ERROR] /workspaces/master-thesis-pascal-joos/code_cure_agent/cca_workspace/amidst/src/main/java/amidst/gui/export/BiomeExporterDialog.java:[249,17] class, interface, or enum expected
[ERROR] /workspaces/master-thesis-pascal-joos/code_cure_agent/cca_workspace/amidst/src/main/java/amidst/gui/export/BiomeExporterDialog.java:[251,25] class, interface, or enum expected
[ERROR] /workspaces/master-thesis-pascal-joos/code_cure_agent/cca_workspace/amidst/src/main/java/amidst/gui/export/BiomeExporterDialog.java:[253,25] class, interface, or enum expected
[ERROR] /workspaces/master-thesis-pascal-joos/code_cure_agent/cca_workspace/amidst/src/main/java/amidst/gui/export/BiomeExporterDialog.java:[255,17] class, interface, or enum expected
[ERROR] /workspaces/master-thesis-pascal-joos/code_cure_agent/cca_workspace/amidst/src/main/java/amidst/gui/export/BiomeExporterDialog.java:[256,9] class, interface, or enum expected
[ERROR] /workspaces/master-thesis-pascal-joos/code_cure_agent/cca_workspace/amidst/src/main/java/amidst/gui/export/BiomeExporterDialog.java:[261,17] class, interface, or enum expected
[ERROR] /workspaces/master-thesis-pascal-joos/code_cure_agent/cca_workspace/amidst/src/main/java/amidst/gui/export/BiomeExporterDialog.java:[262,17] class, interface, or enum expected
[ERROR] /workspaces/master-thesis-pascal-joos/code_cure_agent/cca_workspace/amidst/src/main/java/amidst/gui/export/BiomeExporterDialog.java:[263,17] class, interface, or enum expected
[ERROR] /workspaces/master-thesis-pascal-joos/code_cure_agent/cca_workspace/amidst/src/main/java/amidst/gui/export/BiomeExporterDialog.java:[264,17] class, interface, or enum expected
[ERROR] /workspaces/master-thesis-pascal-joos/code_cure_agent/cca_workspace/amidst/src/main/java/amidst/gui/export/BiomeExporterDialog.java:[265,17] class, interface, or enum expected
[ERROR] /workspaces/master-thesis-pascal-joos/code_cure_agent/cca_workspace/amidst/src/main/java/amidst/gui/export/BiomeExporterDialog.java:[267,17] class, interface, or enum expected
[ERROR] /workspaces/master-thesis-pascal-joos/code_cure_agent/cca_workspace/amidst/src/main/java/amidst/gui/export/BiomeExporterDialog.java:[270,9] class, interface, or enum expected
[ERROR] /workspaces/master-thesis-pascal-joos/code_cure_agent/cca_workspace/amidst/src/main/java/amidst/gui/export/BiomeExporterDialog.java:[274,9] class, interface, or enum expected
[ERROR] /workspaces/master-thesis-pascal-joos/code_cure_agent/cca_workspace/amidst/src/main/java/amidst/gui/export/BiomeExporterDialog.java:[279,17] class, interface, or enum expected
[ERROR] /workspaces/master-thesis-pascal-joos/code_cure_agent/cca_workspace/amidst/src/main/java/amidst/gui/export/BiomeExporterDialog.java:[280,17] class, interface, or enum expected
[ERROR] /workspaces/master-thesis-pascal-joos/code_cure_agent/cca_workspace/amidst/src/main/java/amidst/gui/export/BiomeExporterDialog.java:[281,17] class, interface, or enum expected
[ERROR] /workspaces/master-thesis-pascal-joos/code_cure_agent/cca_workspace/amidst/src/main/java/amidst/gui/export/BiomeExporterDialog.java:[282,17] class, interface, or enum expected
[ERROR] /workspaces/master-thesis-pascal-joos/code_cure_agent/cca_workspace/amidst/src/main/java/amidst/gui/export/BiomeExporterDialog.java:[283,17] class, interface, or enum expected
[ERROR] /workspaces/master-thesis-pascal-joos/code_cure_agent/cca_workspace/amidst/src/main/java/amidst/gui/export/BiomeExporterDialog.java:[285,17] class, interface, or enum expected
[ERROR] /workspaces/master-thesis-pascal-joos/code_cure_agent/cca_workspace/amidst/src/main/java/amidst/gui/export/BiomeExporterDialog.java:[286,17] class, interface, or enum expected
[ERROR] /workspaces/master-thesis-pascal-joos/code_cure_agent/cca_workspace/amidst/src/main/java/amidst/gui/export/BiomeExporterDialog.java:[288,17] class, interface, or enum expected
[ERROR] /workspaces/master-thesis-pascal-joos/code_cure_agent/cca_workspace/amidst/src/main/java/amidst/gui/export/BiomeExporterDialog.java:[289,9] class, interface, or enum expected
[ERROR] /workspaces/master-thesis-pascal-joos/code_cure_agent/cca_workspace/amidst/src/main/java/amidst/gui/export/BiomeExporterDialog.java:[294,17] class, interface, or enum expected
[ERROR] /workspaces/master-thesis-pascal-joos/code_cure_agent/cca_workspace/amidst/src/main/java/amidst/gui/export/BiomeExporterDialog.java:[295,17] class, interface, or enum expected
[ERROR] /workspaces/master-thesis-pascal-joos/code_cure_agent/cca_workspace/amidst/src/main/java/amidst/gui/export/BiomeExporterDialog.java:[297,17] class, interface, or enum expected
[ERROR] /workspaces/master-thesis-pascal-joos/code_cure_agent/cca_workspace/amidst/src/main/java/amidst/gui/export/BiomeExporterDialog.java:[298,17] class, interface, or enum expected
[ERROR] /workspaces/master-thesis-pascal-joos/code_cure_agent/cca_workspace/amidst/src/main/java/amidst/gui/export/BiomeExporterDialog.java:[300,17] class, interface, or enum expected
[ERROR] /workspaces/master-thesis-pascal-joos/code_cure_agent/cca_workspace/amidst/src/main/java/amidst/gui/export/BiomeExporterDialog.java:[301,17] class, interface, or enum expected
[ERROR] /workspaces/master-thesis-pascal-joos/code_cure_agent/cca_workspace/amidst/src/main/java/amidst/gui/export/BiomeExporterDialog.java:[303,17] class, interface, or enum expected
[ERROR] /workspaces/master-thesis-pascal-joos/code_cure_agent/cca_workspace/amidst/src/main/java/amidst/gui/export/BiomeExporterDialog.java:[304,17] class, interface, or enum expected
[ERROR] /workspaces/master-thesis-pascal-joos/code_cure_agent/cca_workspace/amidst/src/main/java/amidst/gui/export/BiomeExporterDialog.java:[306,17] class, interface, or enum expected
[ERROR] /workspaces/master-thesis-pascal-joos/code_cure_agent/cca_workspace/amidst/src/main/java/amidst/gui/export/BiomeExporterDialog.java:[307,17] class, interface, or enum expected
[ERROR] /workspaces/master-thesis-pascal-joos/code_cure_agent/cca_workspace/amidst/src/main/java/amidst/gui/export/BiomeExporterDialog.java:[309,17] class, interface, or enum expected
[ERROR] /workspaces/master-thesis-pascal-joos/code_cure_agent/cca_workspace/amidst/src/main/java/amidst/gui/export/BiomeExporterDialog.java:[310,17] class, interface, or enum expected
[ERROR] /workspaces/master-thesis-pascal-joos/code_cure_agent/cca_workspace/amidst/src/main/java/amidst/gui/export/BiomeExporterDialog.java:[312,17] class, interface, or enum expected
[ERROR] /workspaces/master-thesis-pascal-joos/code_cure_agent/cca_workspace/amidst/src/main/java/amidst/gui/export/BiomeExporterDialog.java:[313,17] class, interface, or enum expected
[ERROR] /workspaces/master-thesis-pascal-joos/code_cure_agent/cca_workspace/amidst/src/main/java/amidst/gui/export/BiomeExporterDialog.java:[315,17] class, interface, or enum expected
[ERROR] /workspaces/master-thesis-pascal-joos/code_cure_agent/cca_workspace/amidst/src/main/java/amidst/gui/export/BiomeExporterDialog.java:[317,17] class, interface, or enum expected
[ERROR] /workspaces/master-thesis-pascal-joos/code_cure_agent/cca_workspace/amidst/src/main/java/amidst/gui/export/BiomeExporterDialog.java:[318,17] class, interface, or enum expected
[ERROR] /workspaces/master-thesis-pascal-joos/code_cure_agent/cca_workspace/amidst/src/main/java/amidst/gui/export/BiomeExporterDialog.java:[320,17] class, interface, or enum expected
[ERROR] /workspaces/master-thesis-pascal-joos/code_cure_agent/cca_workspace/amidst/src/main/java/amidst/gui/export/BiomeExporterDialog.java:[321,17] class, interface, or enum expected
[ERROR] /workspaces/master-thesis-pascal-joos/code_cure_agent/cca_workspace/amidst/src/main/java/amidst/gui/export/BiomeExporterDialog.java:[323,17] class, interface, or enum expected
[ERROR] /workspaces/master-thesis-pascal-joos/code_cure_agent/cca_workspace/amidst/src/main/java/amidst/gui/export/BiomeExporterDialog.java:[324,17] class, interface, or enum expected
[ERROR] /workspaces/master-thesis-pascal-joos/code_cure_agent/cca_workspace/amidst/src/main/java/amidst/gui/export/BiomeExporterDialog.java:[326,17] class, interface, or enum expected
[ERROR] /workspaces/master-thesis-pascal-joos/code_cure_agent/cca_workspace/amidst/src/main/java/amidst/gui/export/BiomeExporterDialog.java:[327,17] class, interface, or enum expected
[ERROR] /workspaces/master-thesis-pascal-joos/code_cure_agent/cca_workspace/amidst/src/main/java/amidst/gui/export/BiomeExporterDialog.java:[329,17] class, interface, or enum expected
[ERROR] /workspaces/master-thesis-pascal-joos/code_cure_agent/cca_workspace/amidst/src/main/java/amidst/gui/export/BiomeExporterDialog.java:[330,17] class, interface, or enum expected
[ERROR] /workspaces/master-thesis-pascal-joos/code_cure_agent/cca_workspace/amidst/src/main/java/amidst/gui/export/BiomeExporterDialog.java:[332,17] class, interface, or enum expected
[ERROR] /workspaces/master-thesis-pascal-joos/code_cure_agent/cca_workspace/amidst/src/main/java/amidst/gui/export/BiomeExporterDialog.java:[333,17] class, interface, or enum expected
[ERROR] /workspaces/master-thesis-pascal-joos/code_cure_agent/cca_workspace/amidst/src/main/java/amidst/gui/export/BiomeExporterDialog.java:[334,17] class, interface, or enum expected
[ERROR] /workspaces/master-thesis-pascal-joos/code_cure_agent/cca_workspace/amidst/src/main/java/amidst/gui/export/BiomeExporterDialog.java:[336,32] class, interface, or enum expected
[ERROR] /workspaces/master-thesis-pascal-joos/code_cure_agent/cca_workspace/amidst/src/main/java/amidst/gui/export/BiomeExporterDialog.java:[343,33] class, interface, or enum expected
[ERROR] /workspaces/master-thesis-pascal-joos/code_cure_agent/cca_workspace/amidst/src/main/java/amidst/gui/export/BiomeExporterDialog.java:[344,25] class, interface, or enum expected
[ERROR] /workspaces/master-thesis-pascal-joos/code_cure_agent/cca_workspace/amidst/src/main/java/amidst/gui/export/BiomeExporterDialog.java:[346,17] class, interface, or enum expected
[ERROR] /workspaces/master-thesis-pascal-joos/code_cure_agent/cca_workspace/amidst/src/main/java/amidst/gui/export/BiomeExporterDialog.java:[347,17] class, interface, or enum expected
[ERROR] /workspaces/master-thesis-pascal-joos/code_cure_agent/cca_workspace/amidst/src/main/java/amidst/gui/export/BiomeExporterDialog.java:[348,17] class, interface, or enum expected
[ERROR] /workspaces/master-thesis-pascal-joos/code_cure_agent/cca_workspace/amidst/src/main/java/amidst/gui/export/BiomeExporterDialog.java:[349,17] class, interface, or enum expected
[ERROR] /workspaces/master-thesis-pascal-joos/code_cure_agent/cca_workspace/amidst/src/main/java/amidst/gui/export/BiomeExporterDialog.java:[350,9] class, interface, or enum expected
[ERROR] /workspaces/master-thesis-pascal-joos/code_cure_agent/cca_workspace/amidst/src/main/java/amidst/gui/export/BiomeExporterDialog.java:[354,17] class, interface, or enum expected
[ERROR] /workspaces/master-thesis-pascal-joos/code_cure_agent/cca_workspace/amidst/src/main/java/amidst/gui/export/BiomeExporterDialog.java:[357,17] class, interface, or enum expected
[ERROR] /workspaces/master-thesis-pascal-joos/code_cure_agent/cca_workspace/amidst/src/main/java/amidst/gui/export/BiomeExporterDialog.java:[360,31] class, interface, or enum expected
[ERROR] /workspaces/master-thesis-pascal-joos/code_cure_agent/cca_workspace/amidst/src/main/java/amidst/gui/export/BiomeExporterDialog.java:[361,25] class, interface, or enum expected
[ERROR] /workspaces/master-thesis-pascal-joos/code_cure_agent/cca_workspace/amidst/src/main/java/amidst/gui/export/BiomeExporterDialog.java:[365,33] class, interface, or enum expected
[ERROR] /workspaces/master-thesis-pascal-joos/code_cure_agent/cca_workspace/amidst/src/main/java/amidst/gui/export/BiomeExporterDialog.java:[367,33] class, interface, or enum expected
[ERROR] /workspaces/master-thesis-pascal-joos/code_cure_agent/cca_workspace/amidst/src/main/java/amidst/gui/export/BiomeExporterDialog.java:[368,33] class, interface, or enum expected
[ERROR] /workspaces/master-thesis-pascal-joos/code_cure_agent/cca_workspace/amidst/src/main/java/amidst/gui/export/BiomeExporterDialog.java:[370,33] class, interface, or enum expected
[ERROR] /workspaces/master-thesis-pascal-joos/code_cure_agent/cca_workspace/amidst/src/main/java/amidst/gui/export/BiomeExporterDialog.java:[371,33] class, interface, or enum expected
[ERROR] /workspaces/master-thesis-pascal-joos/code_cure_agent/cca_workspace/amidst/src/main/java/amidst/gui/export/BiomeExporterDialog.java:[373,33] class, interface, or enum expected
[ERROR] /workspaces/master-thesis-pascal-joos/code_cure_agent/cca_workspace/amidst/src/main/java/amidst/gui/export/BiomeExporterDialog.java:[375,33] class, interface, or enum expected
[INFO] 100 errors 
[INFO] -------------------------------------------------------------
[INFO] ------------------------------------------------------------------------
[INFO] BUILD FAILURE
[INFO] ------------------------------------------------------------------------
[INFO] Total time:  1.309 s
[INFO] Finished at: 2025-08-31T00:31:15Z
[INFO] ------------------------------------------------------------------------
[ERROR] Failed to execute goal org.apache.maven.plugins:maven-compiler-plugin:3.8.1:compile (default-compile) on project amidst: Compilation failure: Compilation failure: 
[ERROR] /workspaces/master-thesis-pascal-joos/code_cure_agent/cca_workspace/amidst/src/main/java/amidst/gui/export/BiomeExporterDialog.java:[158,9] illegal start of expression
[ERROR] /workspaces/master-thesis-pascal-joos/code_cure_agent/cca_workspace/amidst/src/main/java/amidst/gui/export/BiomeExporterDialog.java:[171,47] <identifier> expected
[ERROR] /workspaces/master-thesis-pascal-joos/code_cure_agent/cca_workspace/amidst/src/main/java/amidst/gui/export/BiomeExporterDialog.java:[171,48] illegal start of type
[ERROR] /workspaces/master-thesis-pascal-joos/code_cure_agent/cca_workspace/amidst/src/main/java/amidst/gui/export/BiomeExporterDialog.java:[200,18] illegal start of type
[ERROR] /workspaces/master-thesis-pascal-joos/code_cure_agent/cca_workspace/amidst/src/main/java/amidst/gui/export/BiomeExporterDialog.java:[201,17] illegal start of type
[ERROR] /workspaces/master-thesis-pascal-joos/code_cure_agent/cca_workspace/amidst/src/main/java/amidst/gui/export/BiomeExporterDialog.java:[201,36] <identifier> expected
[ERROR] /workspaces/master-thesis-pascal-joos/code_cure_agent/cca_workspace/amidst/src/main/java/amidst/gui/export/BiomeExporterDialog.java:[204,17] class, interface, or enum expected
[ERROR] /workspaces/master-thesis-pascal-joos/code_cure_agent/cca_workspace/amidst/src/main/java/amidst/gui/export/BiomeExporterDialog.java:[207,25] class, interface, or enum expected
[ERROR] /workspaces/master-thesis-pascal-joos/code_cure_agent/cca_workspace/amidst/src/main/java/amidst/gui/export/BiomeExporterDialog.java:[208,25] class, interface, or enum expected
[ERROR] /workspaces/master-thesis-pascal-joos/code_cure_agent/cca_workspace/amidst/src/main/java/amidst/gui/export/BiomeExporterDialog.java:[209,25] class, interface, or enum expected
[ERROR] /workspaces/master-thesis-pascal-joos/code_cure_agent/cca_workspace/amidst/src/main/java/amidst/gui/export/BiomeExporterDialog.java:[211,33] class, interface, or enum expected
[ERROR] /workspaces/master-thesis-pascal-joos/code_cure_agent/cca_workspace/amidst/src/main/java/amidst/gui/export/BiomeExporterDialog.java:[212,33] class, interface, or enum expected
[ERROR] /workspaces/master-thesis-pascal-joos/code_cure_agent/cca_workspace/amidst/src/main/java/amidst/gui/export/BiomeExporterDialog.java:[213,25] class, interface, or enum expected
[ERROR] /workspaces/master-thesis-pascal-joos/code_cure_agent/cca_workspace/amidst/src/main/java/amidst/gui/export/BiomeExporterDialog.java:[215,33] class, interface, or enum expected
[ERROR] /workspaces/master-thesis-pascal-joos/code_cure_agent/cca_workspace/amidst/src/main/java/amidst/gui/export/BiomeExporterDialog.java:[216,33] class, interface, or enum expected
[ERROR] /workspaces/master-thesis-pascal-joos/code_cure_agent/cca_workspace/amidst/src/main/java/amidst/gui/export/BiomeExporterDialog.java:[217,25] class, interface, or enum expected
[ERROR] /workspaces/master-thesis-pascal-joos/code_cure_agent/cca_workspace/amidst/src/main/java/amidst/gui/export/BiomeExporterDialog.java:[220,25] class, interface, or enum expected
[ERROR] /workspaces/master-thesis-pascal-joos/code_cure_agent/cca_workspace/amidst/src/main/java/amidst/gui/export/BiomeExporterDialog.java:[222,17] class, interface, or enum expected
[ERROR] /workspaces/master-thesis-pascal-joos/code_cure_agent/cca_workspace/amidst/src/main/java/amidst/gui/export/BiomeExporterDialog.java:[224,25] class, interface, or enum expected
[ERROR] /workspaces/master-thesis-pascal-joos/code_cure_agent/cca_workspace/amidst/src/main/java/amidst/gui/export/BiomeExporterDialog.java:[225,25] class, interface, or enum expected
[ERROR] /workspaces/master-thesis-pascal-joos/code_cure_agent/cca_workspace/amidst/src/main/java/amidst/gui/export/BiomeExporterDialog.java:[226,17] class, interface, or enum expected
[ERROR] /workspaces/master-thesis-pascal-joos/code_cure_agent/cca_workspace/amidst/src/main/java/amidst/gui/export/BiomeExporterDialog.java:[228,25] class, interface, or enum expected
[ERROR] /workspaces/master-thesis-pascal-joos/code_cure_agent/cca_workspace/amidst/src/main/java/amidst/gui/export/BiomeExporterDialog.java:[229,25] class, interface, or enum expected
[ERROR] /workspaces/master-thesis-pascal-joos/code_cure_agent/cca_workspace/amidst/src/main/java/amidst/gui/export/BiomeExporterDialog.java:[230,17] class, interface, or enum expected
[ERROR] /workspaces/master-thesis-pascal-joos/code_cure_agent/cca_workspace/amidst/src/main/java/amidst/gui/export/BiomeExporterDialog.java:[232,9] class, interface, or enum expected
[ERROR] /workspaces/master-thesis-pascal-joos/code_cure_agent/cca_workspace/amidst/src/main/java/amidst/gui/export/BiomeExporterDialog.java:[234,16] class, interface, or enum expected
[ERROR] /workspaces/master-thesis-pascal-joos/code_cure_agent/cca_workspace/amidst/src/main/java/amidst/gui/export/BiomeExporterDialog.java:[238,25] class, interface, or enum expected
[ERROR] /workspaces/master-thesis-pascal-joos/code_cure_agent/cca_workspace/amidst/src/main/java/amidst/gui/export/BiomeExporterDialog.java:[239,25] class, interface, or enum expected
[ERROR] /workspaces/master-thesis-pascal-joos/code_cure_agent/cca_workspace/amidst/src/main/java/amidst/gui/export/BiomeExporterDialog.java:[240,25] class, interface, or enum expected
[ERROR] /workspaces/master-thesis-pascal-joos/code_cure_agent/cca_workspace/amidst/src/main/java/amidst/gui/export/BiomeExporterDialog.java:[241,17] class, interface, or enum expected
[ERROR] /workspaces/master-thesis-pascal-joos/code_cure_agent/cca_workspace/amidst/src/main/java/amidst/gui/export/BiomeExporterDialog.java:[243,17] class, interface, or enum expected
[ERROR] /workspaces/master-thesis-pascal-joos/code_cure_agent/cca_workspace/amidst/src/main/java/amidst/gui/export/BiomeExporterDialog.java:[249,17] class, interface, or enum expected
[ERROR] /workspaces/master-thesis-pascal-joos/code_cure_agent/cca_workspace/amidst/src/main/java/amidst/gui/export/BiomeExporterDialog.java:[251,25] class, interface, or enum expected
[ERROR] /workspaces/master-thesis-pascal-joos/code_cure_agent/cca_workspace/amidst/src/main/java/amidst/gui/export/BiomeExporterDialog.java:[253,25] class, interface, or enum expected
[ERROR] /workspaces/master-thesis-pascal-joos/code_cure_agent/cca_workspace/amidst/src/main/java/amidst/gui/export/BiomeExporterDialog.java:[255,17] class, interface, or enum expected
[ERROR] /workspaces/master-thesis-pascal-joos/code_cure_agent/cca_workspace/amidst/src/main/java/amidst/gui/export/BiomeExporterDialog.java:[256,9] class, interface, or enum expected
[ERROR] /workspaces/master-thesis-pascal-joos/code_cure_agent/cca_workspace/amidst/src/main/java/amidst/gui/export/BiomeExporterDialog.java:[261,17] class, interface, or enum expected
[ERROR] /workspaces/master-thesis-pascal-joos/code_cure_agent/cca_workspace/amidst/src/main/java/amidst/gui/export/BiomeExporterDialog.java:[262,17] class, interface, or enum expected
[ERROR] /workspaces/master-thesis-pascal-joos/code_cure_agent/cca_workspace/amidst/src/main/java/amidst/gui/export/BiomeExporterDialog.java:[263,17] class, interface, or enum expected
[ERROR] /workspaces/master-thesis-pascal-joos/code_cure_agent/cca_workspace/amidst/src/main/java/amidst/gui/export/BiomeExporterDialog.java:[264,17] class, interface, or enum expected
[ERROR] /workspaces/master-thesis-pascal-joos/code_cure_agent/cca_workspace/amidst/src/main/java/amidst/gui/export/BiomeExporterDialog.java:[265,17] class, interface, or enum expected
[ERROR] /workspaces/master-thesis-pascal-joos/code_cure_agent/cca_workspace/amidst/src/main/java/amidst/gui/export/BiomeExporterDialog.java:[267,17] class, interface, or enum expected
[ERROR] /workspaces/master-thesis-pascal-joos/code_cure_agent/cca_workspace/amidst/src/main/java/amidst/gui/export/BiomeExporterDialog.java:[270,9] class, interface, or enum expected
[ERROR] /workspaces/master-thesis-pascal-joos/code_cure_agent/cca_workspace/amidst/src/main/java/amidst/gui/export/BiomeExporterDialog.java:[274,9] class, interface, or enum expected
[ERROR] /workspaces/master-thesis-pascal-joos/code_cure_agent/cca_workspace/amidst/src/main/java/amidst/gui/export/BiomeExporterDialog.java:[279,17] class, interface, or enum expected
[ERROR] /workspaces/master-thesis-pascal-joos/code_cure_agent/cca_workspace/amidst/src/main/java/amidst/gui/export/BiomeExporterDialog.java:[280,17] class, interface, or enum expected
[ERROR] /workspaces/master-thesis-pascal-joos/code_cure_agent/cca_workspace/amidst/src/main/java/amidst/gui/export/BiomeExporterDialog.java:[281,17] class, interface, or enum expected
[ERROR] /workspaces/master-thesis-pascal-joos/code_cure_agent/cca_workspace/amidst/src/main/java/amidst/gui/export/BiomeExporterDialog.java:[282,17] class, interface, or enum expected
[ERROR] /workspaces/master-thesis-pascal-joos/code_cure_agent/cca_workspace/amidst/src/main/java/amidst/gui/export/BiomeExporterDialog.java:[283,17] class, interface, or enum expected
[ERROR] /workspaces/master-thesis-pascal-joos/code_cure_agent/cca_workspace/amidst/src/main/java/amidst/gui/export/BiomeExporterDialog.java:[285,17] class, interface, or enum expected
[ERROR] /workspaces/master-thesis-pascal-joos/code_cure_agent/cca_workspace/amidst/src/main/java/amidst/gui/export/BiomeExporterDialog.java:[286,17] class, interface, or enum expected
[ERROR] /workspaces/master-thesis-pascal-joos/code_cure_agent/cca_workspace/amidst/src/main/java/amidst/gui/export/BiomeExporterDialog.java:[288,17] class, interface, or enum expected
[ERROR] /workspaces/master-thesis-pascal-joos/code_cure_agent/cca_workspace/amidst/src/main/java/amidst/gui/export/BiomeExporterDialog.java:[289,9] class, interface, or enum expected
[ERROR] /workspaces/master-thesis-pascal-joos/code_cure_agent/cca_workspace/amidst/src/main/java/amidst/gui/export/BiomeExporterDialog.java:[294,17] class, interface, or enum expected
[ERROR] /workspaces/master-thesis-pascal-joos/code_cure_agent/cca_workspace/amidst/src/main/java/amidst/gui/export/BiomeExporterDialog.java:[295,17] class, interface, or enum expected
[ERROR] /workspaces/master-thesis-pascal-joos/code_cure_agent/cca_workspace/amidst/src/main/java/amidst/gui/export/BiomeExporterDialog.java:[297,17] class, interface, or enum expected
[ERROR] /workspaces/master-thesis-pascal-joos/code_cure_agent/cca_workspace/amidst/src/main/java/amidst/gui/export/BiomeExporterDialog.java:[298,17] class, interface, or enum expected
[ERROR] /workspaces/master-thesis-pascal-joos/code_cure_agent/cca_workspace/amidst/src/main/java/amidst/gui/export/BiomeExporterDialog.java:[300,17] class, interface, or enum expected
[ERROR] /workspaces/master-thesis-pascal-joos/code_cure_agent/cca_workspace/amidst/src/main/java/amidst/gui/export/BiomeExporterDialog.java:[301,17] class, interface, or enum expected
[ERROR] /workspaces/master-thesis-pascal-joos/code_cure_agent/cca_workspace/amidst/src/main/java/amidst/gui/export/BiomeExporterDialog.java:[303,17] class, interface, or enum expected
[ERROR] /workspaces/master-thesis-pascal-joos/code_cure_agent/cca_workspace/amidst/src/main/java/amidst/gui/export/BiomeExporterDialog.java:[304,17] class, interface, or enum expected
[ERROR] /workspaces/master-thesis-pascal-joos/code_cure_agent/cca_workspace/amidst/src/main/java/amidst/gui/export/BiomeExporterDialog.java:[306,17] class, interface, or enum expected
[ERROR] /workspaces/master-thesis-pascal-joos/code_cure_agent/cca_workspace/amidst/src/main/java/amidst/gui/export/BiomeExporterDialog.java:[307,17] class, interface, or enum expected
[ERROR] /workspaces/master-thesis-pascal-joos/code_cure_agent/cca_workspace/amidst/src/main/java/amidst/gui/export/BiomeExporterDialog.java:[309,17] class, interface, or enum expected
[ERROR] /workspaces/master-thesis-pascal-joos/code_cure_agent/cca_workspace/amidst/src/main/java/amidst/gui/export/BiomeExporterDialog.java:[310,17] class, interface, or enum expected
[ERROR] /workspaces/master-thesis-pascal-joos/code_cure_agent/cca_workspace/amidst/src/main/java/amidst/gui/export/BiomeExporterDialog.java:[312,17] class, interface, or enum expected
[ERROR] /workspaces/master-thesis-pascal-joos/code_cure_agent/cca_workspace/amidst/src/main/java/amidst/gui/export/BiomeExporterDialog.java:[313,17] class, interface, or enum expected
[ERROR] /workspaces/master-thesis-pascal-joos/code_cure_agent/cca_workspace/amidst/src/main/java/amidst/gui/export/BiomeExporterDialog.java:[315,17] class, interface, or enum expected
[ERROR] /workspaces/master-thesis-pascal-joos/code_cure_agent/cca_workspace/amidst/src/main/java/amidst/gui/export/BiomeExporterDialog.java:[317,17] class, interface, or enum expected
[ERROR] /workspaces/master-thesis-pascal-joos/code_cure_agent/cca_workspace/amidst/src/main/java/amidst/gui/export/BiomeExporterDialog.java:[318,17] class, interface, or enum expected
[ERROR] /workspaces/master-thesis-pascal-joos/code_cure_agent/cca_workspace/amidst/src/main/java/amidst/gui/export/BiomeExporterDialog.java:[320,17] class, interface, or enum expected
[ERROR] /workspaces/master-thesis-pascal-joos/code_cure_agent/cca_workspace/amidst/src/main/java/amidst/gui/export/BiomeExporterDialog.java:[321,17] class, interface, or enum expected
[ERROR] /workspaces/master-thesis-pascal-joos/code_cure_agent/cca_workspace/amidst/src/main/java/amidst/gui/export/BiomeExporterDialog.java:[323,17] class, interface, or enum expected
[ERROR] /workspaces/master-thesis-pascal-joos/code_cure_agent/cca_workspace/amidst/src/main/java/amidst/gui/export/BiomeExporterDialog.java:[324,17] class, interface, or enum expected
[ERROR] /workspaces/master-thesis-pascal-joos/code_cure_agent/cca_workspace/amidst/src/main/java/amidst/gui/export/BiomeExporterDialog.java:[326,17] class, interface, or enum expected
[ERROR] /workspaces/master-thesis-pascal-joos/code_cure_agent/cca_workspace/amidst/src/main/java/amidst/gui/export/BiomeExporterDialog.java:[327,17] class, interface, or enum expected
[ERROR] /workspaces/master-thesis-pascal-joos/code_cure_agent/cca_workspace/amidst/src/main/java/amidst/gui/export/BiomeExporterDialog.java:[329,17] class, interface, or enum expected
[ERROR] /workspaces/master-thesis-pascal-joos/code_cure_agent/cca_workspace/amidst/src/main/java/amidst/gui/export/BiomeExporterDialog.java:[330,17] class, interface, or enum expected
[ERROR] /workspaces/master-thesis-pascal-joos/code_cure_agent/cca_workspace/amidst/src/main/java/amidst/gui/export/BiomeExporterDialog.java:[332,17] class, interface, or enum expected
[ERROR] /workspaces/master-thesis-pascal-joos/code_cure_agent/cca_workspace/amidst/src/main/java/amidst/gui/export/BiomeExporterDialog.java:[333,17] class, interface, or enum expected
[ERROR] /workspaces/master-thesis-pascal-joos/code_cure_agent/cca_workspace/amidst/src/main/java/amidst/gui/export/BiomeExporterDialog.java:[334,17] class, interface, or enum expected
[ERROR] /workspaces/master-thesis-pascal-joos/code_cure_agent/cca_workspace/amidst/src/main/java/amidst/gui/export/BiomeExporterDialog.java:[336,32] class, interface, or enum expected
[ERROR] /workspaces/master-thesis-pascal-joos/code_cure_agent/cca_workspace/amidst/src/main/java/amidst/gui/export/BiomeExporterDialog.java:[343,33] class, interface, or enum expected
[ERROR] /workspaces/master-thesis-pascal-joos/code_cure_agent/cca_workspace/amidst/src/main/java/amidst/gui/export/BiomeExporterDialog.java:[344,25] class, interface, or enum expected
[ERROR] /workspaces/master-thesis-pascal-joos/code_cure_agent/cca_workspace/amidst/src/main/java/amidst/gui/export/BiomeExporterDialog.java:[346,17] class, interface, or enum expected
[ERROR] /workspaces/master-thesis-pascal-joos/code_cure_agent/cca_workspace/amidst/src/main/java/amidst/gui/export/BiomeExporterDialog.java:[347,17] class, interface, or enum expected
[ERROR] /workspaces/master-thesis-pascal-joos/code_cure_agent/cca_workspace/amidst/src/main/java/amidst/gui/export/BiomeExporterDialog.java:[348,17] class, interface, or enum expected
[ERROR] /workspaces/master-thesis-pascal-joos/code_cure_agent/cca_workspace/amidst/src/main/java/amidst/gui/export/BiomeExporterDialog.java:[349,17] class, interface, or enum expected
[ERROR] /workspaces/master-thesis-pascal-joos/code_cure_agent/cca_workspace/amidst/src/main/java/amidst/gui/export/BiomeExporterDialog.java:[350,9] class, interface, or enum expected
[ERROR] /workspaces/master-thesis-pascal-joos/code_cure_agent/cca_workspace/amidst/src/main/java/amidst/gui/export/BiomeExporterDialog.java:[354,17] class, interface, or enum expected
[ERROR] /workspaces/master-thesis-pascal-joos/code_cure_agent/cca_workspace/amidst/src/main/java/amidst/gui/export/BiomeExporterDialog.java:[357,17] class, interface, or enum expected
[ERROR] /workspaces/master-thesis-pascal-joos/code_cure_agent/cca_workspace/amidst/src/main/java/amidst/gui/export/BiomeExporterDialog.java:[360,31] class, interface, or enum expected
[ERROR] /workspaces/master-thesis-pascal-joos/code_cure_agent/cca_workspace/amidst/src/main/java/amidst/gui/export/BiomeExporterDialog.java:[361,25] class, interface, or enum expected
[ERROR] /workspaces/master-thesis-pascal-joos/code_cure_agent/cca_workspace/amidst/src/main/java/amidst/gui/export/BiomeExporterDialog.java:[365,33] class, interface, or enum expected
[ERROR] /workspaces/master-thesis-pascal-joos/code_cure_agent/cca_workspace/amidst/src/main/java/amidst/gui/export/BiomeExporterDialog.java:[367,33] class, interface, or enum expected
[ERROR] /workspaces/master-thesis-pascal-joos/code_cure_agent/cca_workspace/amidst/src/main/java/amidst/gui/export/BiomeExporterDialog.java:[368,33] class, interface, or enum expected
[ERROR] /workspaces/master-thesis-pascal-joos/code_cure_agent/cca_workspace/amidst/src/main/java/amidst/gui/export/BiomeExporterDialog.java:[370,33] class, interface, or enum expected
[ERROR] /workspaces/master-thesis-pascal-joos/code_cure_agent/cca_workspace/amidst/src/main/java/amidst/gui/export/BiomeExporterDialog.java:[371,33] class, interface, or enum expected
[ERROR] /workspaces/master-thesis-pascal-joos/code_cure_agent/cca_workspace/amidst/src/main/java/amidst/gui/export/BiomeExporterDialog.java:[373,33] class, interface, or enum expected
[ERROR] /workspaces/master-thesis-pascal-joos/code_cure_agent/cca_workspace/amidst/src/main/java/amidst/gui/export/BiomeExporterDialog.java:[375,33] class, interface, or enum expected
[ERROR] -> [Help 1]
[ERROR] 
[ERROR] To see the full stack trace of the errors, re-run Maven with the -e switch.
[ERROR] Re-run Maven using the -X switch to enable full debug logging.
[ERROR] 
[ERROR] For more information about the errors and possible solutions, please read the following articles:
[ERROR] [Help 1] http://cwiki.apache.org/confluence/display/MAVEN/MojoFailureException
