[INFO] Scanning for projects...
[INFO] 
[INFO] ---------------------------< amidst:amidst >----------------------------
[INFO] Building amidst 4.6
[INFO] --------------------------------[ jar ]---------------------------------
[INFO] 
[INFO] --- maven-clean-plugin:2.5:clean (default-clean) @ amidst ---
[INFO] Deleting /workspaces/master-thesis-pascal-joos/code_cure_agent/cca_workspace/amidst/target
[INFO] 
[INFO] --- properties-maven-plugin:1.0.0:read-project-properties (default) @ amidst ---
[INFO] 
[INFO] --- maven-resources-plugin:2.6:resources (default-resources) @ amidst ---
[INFO] Using 'UTF-8' encoding to copy filtered resources.
[INFO] Copying 136 resources
[INFO] 
[INFO] --- maven-compiler-plugin:3.8.1:compile (default-compile) @ amidst ---
[INFO] Changes detected - recompiling the module!
[INFO] Compiling 342 source files to /workspaces/master-thesis-pascal-joos/code_cure_agent/cca_workspace/amidst/target/classes
[INFO] -------------------------------------------------------------
[ERROR] COMPILATION ERROR : 
[INFO] -------------------------------------------------------------
[ERROR] /workspaces/master-thesis-pascal-joos/code_cure_agent/cca_workspace/amidst/src/main/java/amidst/gui/export/BiomeExporterDialog.java:[158,9] illegal start of expression
[ERROR] /workspaces/master-thesis-pascal-joos/code_cure_agent/cca_workspace/amidst/src/main/java/amidst/gui/export/BiomeExporterDialog.java:[172,39] <identifier> expected
[ERROR] /workspaces/master-thesis-pascal-joos/code_cure_agent/cca_workspace/amidst/src/main/java/amidst/gui/export/BiomeExporterDialog.java:[172,40] illegal start of type
[ERROR] /workspaces/master-thesis-pascal-joos/code_cure_agent/cca_workspace/amidst/src/main/java/amidst/gui/export/BiomeExporterDialog.java:[201,10] illegal start of type
[ERROR] /workspaces/master-thesis-pascal-joos/code_cure_agent/cca_workspace/amidst/src/main/java/amidst/gui/export/BiomeExporterDialog.java:[202,9] illegal start of type
[ERROR] /workspaces/master-thesis-pascal-joos/code_cure_agent/cca_workspace/amidst/src/main/java/amidst/gui/export/BiomeExporterDialog.java:[202,28] <identifier> expected
[ERROR] /workspaces/master-thesis-pascal-joos/code_cure_agent/cca_workspace/amidst/src/main/java/amidst/gui/export/BiomeExporterDialog.java:[205,9] class, interface, or enum expected
[ERROR] /workspaces/master-thesis-pascal-joos/code_cure_agent/cca_workspace/amidst/src/main/java/amidst/gui/export/BiomeExporterDialog.java:[208,17] class, interface, or enum expected
[ERROR] /workspaces/master-thesis-pascal-joos/code_cure_agent/cca_workspace/amidst/src/main/java/amidst/gui/export/BiomeExporterDialog.java:[209,17] class, interface, or enum expected
[ERROR] /workspaces/master-thesis-pascal-joos/code_cure_agent/cca_workspace/amidst/src/main/java/amidst/gui/export/BiomeExporterDialog.java:[210,17] class, interface, or enum expected
[ERROR] /workspaces/master-thesis-pascal-joos/code_cure_agent/cca_workspace/amidst/src/main/java/amidst/gui/export/BiomeExporterDialog.java:[212,25] class, interface, or enum expected
[ERROR] /workspaces/master-thesis-pascal-joos/code_cure_agent/cca_workspace/amidst/src/main/java/amidst/gui/export/BiomeExporterDialog.java:[213,25] class, interface, or enum expected
[ERROR] /workspaces/master-thesis-pascal-joos/code_cure_agent/cca_workspace/amidst/src/main/java/amidst/gui/export/BiomeExporterDialog.java:[214,17] class, interface, or enum expected
[ERROR] /workspaces/master-thesis-pascal-joos/code_cure_agent/cca_workspace/amidst/src/main/java/amidst/gui/export/BiomeExporterDialog.java:[216,25] class, interface, or enum expected
[ERROR] /workspaces/master-thesis-pascal-joos/code_cure_agent/cca_workspace/amidst/src/main/java/amidst/gui/export/BiomeExporterDialog.java:[217,25] class, interface, or enum expected
[ERROR] /workspaces/master-thesis-pascal-joos/code_cure_agent/cca_workspace/amidst/src/main/java/amidst/gui/export/BiomeExporterDialog.java:[218,17] class, interface, or enum expected
[ERROR] /workspaces/master-thesis-pascal-joos/code_cure_agent/cca_workspace/amidst/src/main/java/amidst/gui/export/BiomeExporterDialog.java:[221,17] class, interface, or enum expected
[ERROR] /workspaces/master-thesis-pascal-joos/code_cure_agent/cca_workspace/amidst/src/main/java/amidst/gui/export/BiomeExporterDialog.java:[223,9] class, interface, or enum expected
[ERROR] /workspaces/master-thesis-pascal-joos/code_cure_agent/cca_workspace/amidst/src/main/java/amidst/gui/export/BiomeExporterDialog.java:[225,17] class, interface, or enum expected
[ERROR] /workspaces/master-thesis-pascal-joos/code_cure_agent/cca_workspace/amidst/src/main/java/amidst/gui/export/BiomeExporterDialog.java:[226,17] class, interface, or enum expected
[ERROR] /workspaces/master-thesis-pascal-joos/code_cure_agent/cca_workspace/amidst/src/main/java/amidst/gui/export/BiomeExporterDialog.java:[227,9] class, interface, or enum expected
[ERROR] /workspaces/master-thesis-pascal-joos/code_cure_agent/cca_workspace/amidst/src/main/java/amidst/gui/export/BiomeExporterDialog.java:[229,17] class, interface, or enum expected
[ERROR] /workspaces/master-thesis-pascal-joos/code_cure_agent/cca_workspace/amidst/src/main/java/amidst/gui/export/BiomeExporterDialog.java:[230,17] class, interface, or enum expected
[ERROR] /workspaces/master-thesis-pascal-joos/code_cure_agent/cca_workspace/amidst/src/main/java/amidst/gui/export/BiomeExporterDialog.java:[231,9] class, interface, or enum expected
[ERROR] /workspaces/master-thesis-pascal-joos/code_cure_agent/cca_workspace/amidst/src/main/java/amidst/gui/export/BiomeExporterDialog.java:[233,1] class, interface, or enum expected
[ERROR] /workspaces/master-thesis-pascal-joos/code_cure_agent/cca_workspace/amidst/src/main/java/amidst/gui/export/BiomeExporterDialog.java:[235,8] class, interface, or enum expected
[ERROR] /workspaces/master-thesis-pascal-joos/code_cure_agent/cca_workspace/amidst/src/main/java/amidst/gui/export/BiomeExporterDialog.java:[239,17] class, interface, or enum expected
[ERROR] /workspaces/master-thesis-pascal-joos/code_cure_agent/cca_workspace/amidst/src/main/java/amidst/gui/export/BiomeExporterDialog.java:[240,17] class, interface, or enum expected
[ERROR] /workspaces/master-thesis-pascal-joos/code_cure_agent/cca_workspace/amidst/src/main/java/amidst/gui/export/BiomeExporterDialog.java:[241,9] class, interface, or enum expected
[ERROR] /workspaces/master-thesis-pascal-joos/code_cure_agent/cca_workspace/amidst/src/main/java/amidst/gui/export/BiomeExporterDialog.java:[243,9] class, interface, or enum expected
[ERROR] /workspaces/master-thesis-pascal-joos/code_cure_agent/cca_workspace/amidst/src/main/java/amidst/gui/export/BiomeExporterDialog.java:[249,9] class, interface, or enum expected
[ERROR] /workspaces/master-thesis-pascal-joos/code_cure_agent/cca_workspace/amidst/src/main/java/amidst/gui/export/BiomeExporterDialog.java:[251,17] class, interface, or enum expected
[ERROR] /workspaces/master-thesis-pascal-joos/code_cure_agent/cca_workspace/amidst/src/main/java/amidst/gui/export/BiomeExporterDialog.java:[253,17] class, interface, or enum expected
[ERROR] /workspaces/master-thesis-pascal-joos/code_cure_agent/cca_workspace/amidst/src/main/java/amidst/gui/export/BiomeExporterDialog.java:[255,9] class, interface, or enum expected
[ERROR] /workspaces/master-thesis-pascal-joos/code_cure_agent/cca_workspace/amidst/src/main/java/amidst/gui/export/BiomeExporterDialog.java:[256,1] class, interface, or enum expected
[ERROR] /workspaces/master-thesis-pascal-joos/code_cure_agent/cca_workspace/amidst/src/main/java/amidst/gui/export/BiomeExporterDialog.java:[261,9] class, interface, or enum expected
[ERROR] /workspaces/master-thesis-pascal-joos/code_cure_agent/cca_workspace/amidst/src/main/java/amidst/gui/export/BiomeExporterDialog.java:[262,9] class, interface, or enum expected
[ERROR] /workspaces/master-thesis-pascal-joos/code_cure_agent/cca_workspace/amidst/src/main/java/amidst/gui/export/BiomeExporterDialog.java:[263,9] class, interface, or enum expected
[ERROR] /workspaces/master-thesis-pascal-joos/code_cure_agent/cca_workspace/amidst/src/main/java/amidst/gui/export/BiomeExporterDialog.java:[264,9] class, interface, or enum expected
[ERROR] /workspaces/master-thesis-pascal-joos/code_cure_agent/cca_workspace/amidst/src/main/java/amidst/gui/export/BiomeExporterDialog.java:[265,9] class, interface, or enum expected
[ERROR] /workspaces/master-thesis-pascal-joos/code_cure_agent/cca_workspace/amidst/src/main/java/amidst/gui/export/BiomeExporterDialog.java:[267,9] class, interface, or enum expected
[ERROR] /workspaces/master-thesis-pascal-joos/code_cure_agent/cca_workspace/amidst/src/main/java/amidst/gui/export/BiomeExporterDialog.java:[270,1] class, interface, or enum expected
[ERROR] /workspaces/master-thesis-pascal-joos/code_cure_agent/cca_workspace/amidst/src/main/java/amidst/gui/export/BiomeExporterDialog.java:[274,1] class, interface, or enum expected
[ERROR] /workspaces/master-thesis-pascal-joos/code_cure_agent/cca_workspace/amidst/src/main/java/amidst/gui/export/BiomeExporterDialog.java:[279,9] class, interface, or enum expected
[ERROR] /workspaces/master-thesis-pascal-joos/code_cure_agent/cca_workspace/amidst/src/main/java/amidst/gui/export/BiomeExporterDialog.java:[280,9] class, interface, or enum expected
[ERROR] /workspaces/master-thesis-pascal-joos/code_cure_agent/cca_workspace/amidst/src/main/java/amidst/gui/export/BiomeExporterDialog.java:[281,9] class, interface, or enum expected
[ERROR] /workspaces/master-thesis-pascal-joos/code_cure_agent/cca_workspace/amidst/src/main/java/amidst/gui/export/BiomeExporterDialog.java:[282,9] class, interface, or enum expected
[ERROR] /workspaces/master-thesis-pascal-joos/code_cure_agent/cca_workspace/amidst/src/main/java/amidst/gui/export/BiomeExporterDialog.java:[283,9] class, interface, or enum expected
[ERROR] /workspaces/master-thesis-pascal-joos/code_cure_agent/cca_workspace/amidst/src/main/java/amidst/gui/export/BiomeExporterDialog.java:[285,9] class, interface, or enum expected
[ERROR] /workspaces/master-thesis-pascal-joos/code_cure_agent/cca_workspace/amidst/src/main/java/amidst/gui/export/BiomeExporterDialog.java:[286,9] class, interface, or enum expected
[ERROR] /workspaces/master-thesis-pascal-joos/code_cure_agent/cca_workspace/amidst/src/main/java/amidst/gui/export/BiomeExporterDialog.java:[288,9] class, interface, or enum expected
[ERROR] /workspaces/master-thesis-pascal-joos/code_cure_agent/cca_workspace/amidst/src/main/java/amidst/gui/export/BiomeExporterDialog.java:[289,1] class, interface, or enum expected
[ERROR] /workspaces/master-thesis-pascal-joos/code_cure_agent/cca_workspace/amidst/src/main/java/amidst/gui/export/BiomeExporterDialog.java:[294,9] class, interface, or enum expected
[ERROR] /workspaces/master-thesis-pascal-joos/code_cure_agent/cca_workspace/amidst/src/main/java/amidst/gui/export/BiomeExporterDialog.java:[295,9] class, interface, or enum expected
[ERROR] /workspaces/master-thesis-pascal-joos/code_cure_agent/cca_workspace/amidst/src/main/java/amidst/gui/export/BiomeExporterDialog.java:[297,9] class, interface, or enum expected
[ERROR] /workspaces/master-thesis-pascal-joos/code_cure_agent/cca_workspace/amidst/src/main/java/amidst/gui/export/BiomeExporterDialog.java:[298,9] class, interface, or enum expected
[ERROR] /workspaces/master-thesis-pascal-joos/code_cure_agent/cca_workspace/amidst/src/main/java/amidst/gui/export/BiomeExporterDialog.java:[300,9] class, interface, or enum expected
[ERROR] /workspaces/master-thesis-pascal-joos/code_cure_agent/cca_workspace/amidst/src/main/java/amidst/gui/export/BiomeExporterDialog.java:[301,9] class, interface, or enum expected
[ERROR] /workspaces/master-thesis-pascal-joos/code_cure_agent/cca_workspace/amidst/src/main/java/amidst/gui/export/BiomeExporterDialog.java:[303,9] class, interface, or enum expected
[ERROR] /workspaces/master-thesis-pascal-joos/code_cure_agent/cca_workspace/amidst/src/main/java/amidst/gui/export/BiomeExporterDialog.java:[304,9] class, interface, or enum expected
[ERROR] /workspaces/master-thesis-pascal-joos/code_cure_agent/cca_workspace/amidst/src/main/java/amidst/gui/export/BiomeExporterDialog.java:[306,9] class, interface, or enum expected
[ERROR] /workspaces/master-thesis-pascal-joos/code_cure_agent/cca_workspace/amidst/src/main/java/amidst/gui/export/BiomeExporterDialog.java:[307,9] class, interface, or enum expected
[ERROR] /workspaces/master-thesis-pascal-joos/code_cure_agent/cca_workspace/amidst/src/main/java/amidst/gui/export/BiomeExporterDialog.java:[309,9] class, interface, or enum expected
[ERROR] /workspaces/master-thesis-pascal-joos/code_cure_agent/cca_workspace/amidst/src/main/java/amidst/gui/export/BiomeExporterDialog.java:[310,9] class, interface, or enum expected
[ERROR] /workspaces/master-thesis-pascal-joos/code_cure_agent/cca_workspace/amidst/src/main/java/amidst/gui/export/BiomeExporterDialog.java:[312,9] class, interface, or enum expected
[ERROR] /workspaces/master-thesis-pascal-joos/code_cure_agent/cca_workspace/amidst/src/main/java/amidst/gui/export/BiomeExporterDialog.java:[313,9] class, interface, or enum expected
[ERROR] /workspaces/master-thesis-pascal-joos/code_cure_agent/cca_workspace/amidst/src/main/java/amidst/gui/export/BiomeExporterDialog.java:[315,9] class, interface, or enum expected
[ERROR] /workspaces/master-thesis-pascal-joos/code_cure_agent/cca_workspace/amidst/src/main/java/amidst/gui/export/BiomeExporterDialog.java:[317,9] class, interface, or enum expected
[ERROR] /workspaces/master-thesis-pascal-joos/code_cure_agent/cca_workspace/amidst/src/main/java/amidst/gui/export/BiomeExporterDialog.java:[318,9] class, interface, or enum expected
[ERROR] /workspaces/master-thesis-pascal-joos/code_cure_agent/cca_workspace/amidst/src/main/java/amidst/gui/export/BiomeExporterDialog.java:[320,9] class, interface, or enum expected
[ERROR] /workspaces/master-thesis-pascal-joos/code_cure_agent/cca_workspace/amidst/src/main/java/amidst/gui/export/BiomeExporterDialog.java:[321,9] class, interface, or enum expected
[ERROR] /workspaces/master-thesis-pascal-joos/code_cure_agent/cca_workspace/amidst/src/main/java/amidst/gui/export/BiomeExporterDialog.java:[323,9] class, interface, or enum expected
[ERROR] /workspaces/master-thesis-pascal-joos/code_cure_agent/cca_workspace/amidst/src/main/java/amidst/gui/export/BiomeExporterDialog.java:[324,9] class, interface, or enum expected
[ERROR] /workspaces/master-thesis-pascal-joos/code_cure_agent/cca_workspace/amidst/src/main/java/amidst/gui/export/BiomeExporterDialog.java:[326,9] class, interface, or enum expected
[ERROR] /workspaces/master-thesis-pascal-joos/code_cure_agent/cca_workspace/amidst/src/main/java/amidst/gui/export/BiomeExporterDialog.java:[327,9] class, interface, or enum expected
[ERROR] /workspaces/master-thesis-pascal-joos/code_cure_agent/cca_workspace/amidst/src/main/java/amidst/gui/export/BiomeExporterDialog.java:[329,9] class, interface, or enum expected
[ERROR] /workspaces/master-thesis-pascal-joos/code_cure_agent/cca_workspace/amidst/src/main/java/amidst/gui/export/BiomeExporterDialog.java:[330,9] class, interface, or enum expected
[ERROR] /workspaces/master-thesis-pascal-joos/code_cure_agent/cca_workspace/amidst/src/main/java/amidst/gui/export/BiomeExporterDialog.java:[332,9] class, interface, or enum expected
[ERROR] /workspaces/master-thesis-pascal-joos/code_cure_agent/cca_workspace/amidst/src/main/java/amidst/gui/export/BiomeExporterDialog.java:[333,9] class, interface, or enum expected
[ERROR] /workspaces/master-thesis-pascal-joos/code_cure_agent/cca_workspace/amidst/src/main/java/amidst/gui/export/BiomeExporterDialog.java:[334,9] class, interface, or enum expected
[ERROR] /workspaces/master-thesis-pascal-joos/code_cure_agent/cca_workspace/amidst/src/main/java/amidst/gui/export/BiomeExporterDialog.java:[336,24] class, interface, or enum expected
[ERROR] /workspaces/master-thesis-pascal-joos/code_cure_agent/cca_workspace/amidst/src/main/java/amidst/gui/export/BiomeExporterDialog.java:[343,25] class, interface, or enum expected
[ERROR] /workspaces/master-thesis-pascal-joos/code_cure_agent/cca_workspace/amidst/src/main/java/amidst/gui/export/BiomeExporterDialog.java:[344,17] class, interface, or enum expected
[ERROR] /workspaces/master-thesis-pascal-joos/code_cure_agent/cca_workspace/amidst/src/main/java/amidst/gui/export/BiomeExporterDialog.java:[346,9] class, interface, or enum expected
[ERROR] /workspaces/master-thesis-pascal-joos/code_cure_agent/cca_workspace/amidst/src/main/java/amidst/gui/export/BiomeExporterDialog.java:[347,9] class, interface, or enum expected
[ERROR] /workspaces/master-thesis-pascal-joos/code_cure_agent/cca_workspace/amidst/src/main/java/amidst/gui/export/BiomeExporterDialog.java:[348,9] class, interface, or enum expected
[ERROR] /workspaces/master-thesis-pascal-joos/code_cure_agent/cca_workspace/amidst/src/main/java/amidst/gui/export/BiomeExporterDialog.java:[349,9] class, interface, or enum expected
[ERROR] /workspaces/master-thesis-pascal-joos/code_cure_agent/cca_workspace/amidst/src/main/java/amidst/gui/export/BiomeExporterDialog.java:[350,1] class, interface, or enum expected
[ERROR] /workspaces/master-thesis-pascal-joos/code_cure_agent/cca_workspace/amidst/src/main/java/amidst/gui/export/BiomeExporterDialog.java:[354,9] class, interface, or enum expected
[ERROR] /workspaces/master-thesis-pascal-joos/code_cure_agent/cca_workspace/amidst/src/main/java/amidst/gui/export/BiomeExporterDialog.java:[357,9] class, interface, or enum expected
[ERROR] /workspaces/master-thesis-pascal-joos/code_cure_agent/cca_workspace/amidst/src/main/java/amidst/gui/export/BiomeExporterDialog.java:[360,23] class, interface, or enum expected
[ERROR] /workspaces/master-thesis-pascal-joos/code_cure_agent/cca_workspace/amidst/src/main/java/amidst/gui/export/BiomeExporterDialog.java:[361,17] class, interface, or enum expected
[ERROR] /workspaces/master-thesis-pascal-joos/code_cure_agent/cca_workspace/amidst/src/main/java/amidst/gui/export/BiomeExporterDialog.java:[365,25] class, interface, or enum expected
[ERROR] /workspaces/master-thesis-pascal-joos/code_cure_agent/cca_workspace/amidst/src/main/java/amidst/gui/export/BiomeExporterDialog.java:[367,25] class, interface, or enum expected
[ERROR] /workspaces/master-thesis-pascal-joos/code_cure_agent/cca_workspace/amidst/src/main/java/amidst/gui/export/BiomeExporterDialog.java:[368,25] class, interface, or enum expected
[ERROR] /workspaces/master-thesis-pascal-joos/code_cure_agent/cca_workspace/amidst/src/main/java/amidst/gui/export/BiomeExporterDialog.java:[370,25] class, interface, or enum expected
[ERROR] /workspaces/master-thesis-pascal-joos/code_cure_agent/cca_workspace/amidst/src/main/java/amidst/gui/export/BiomeExporterDialog.java:[371,25] class, interface, or enum expected
[ERROR] /workspaces/master-thesis-pascal-joos/code_cure_agent/cca_workspace/amidst/src/main/java/amidst/gui/export/BiomeExporterDialog.java:[373,25] class, interface, or enum expected
[ERROR] /workspaces/master-thesis-pascal-joos/code_cure_agent/cca_workspace/amidst/src/main/java/amidst/gui/export/BiomeExporterDialog.java:[375,25] class, interface, or enum expected
[ERROR] /workspaces/master-thesis-pascal-joos/code_cure_agent/cca_workspace/amidst/src/main/java/amidst/gui/export/BiomeExporterDialog.java:[377,25] class, interface, or enum expected
[INFO] 100 errors 
[INFO] -------------------------------------------------------------
[INFO] ------------------------------------------------------------------------
[INFO] BUILD FAILURE
[INFO] ------------------------------------------------------------------------
[INFO] Total time:  1.305 s
[INFO] Finished at: 2025-08-31T00:31:04Z
[INFO] ------------------------------------------------------------------------
[ERROR] Failed to execute goal org.apache.maven.plugins:maven-compiler-plugin:3.8.1:compile (default-compile) on project amidst: Compilation failure: Compilation failure: 
[ERROR] /workspaces/master-thesis-pascal-joos/code_cure_agent/cca_workspace/amidst/src/main/java/amidst/gui/export/BiomeExporterDialog.java:[158,9] illegal start of expression
[ERROR] /workspaces/master-thesis-pascal-joos/code_cure_agent/cca_workspace/amidst/src/main/java/amidst/gui/export/BiomeExporterDialog.java:[172,39] <identifier> expected
[ERROR] /workspaces/master-thesis-pascal-joos/code_cure_agent/cca_workspace/amidst/src/main/java/amidst/gui/export/BiomeExporterDialog.java:[172,40] illegal start of type
[ERROR] /workspaces/master-thesis-pascal-joos/code_cure_agent/cca_workspace/amidst/src/main/java/amidst/gui/export/BiomeExporterDialog.java:[201,10] illegal start of type
[ERROR] /workspaces/master-thesis-pascal-joos/code_cure_agent/cca_workspace/amidst/src/main/java/amidst/gui/export/BiomeExporterDialog.java:[202,9] illegal start of type
[ERROR] /workspaces/master-thesis-pascal-joos/code_cure_agent/cca_workspace/amidst/src/main/java/amidst/gui/export/BiomeExporterDialog.java:[202,28] <identifier> expected
[ERROR] /workspaces/master-thesis-pascal-joos/code_cure_agent/cca_workspace/amidst/src/main/java/amidst/gui/export/BiomeExporterDialog.java:[205,9] class, interface, or enum expected
[ERROR] /workspaces/master-thesis-pascal-joos/code_cure_agent/cca_workspace/amidst/src/main/java/amidst/gui/export/BiomeExporterDialog.java:[208,17] class, interface, or enum expected
[ERROR] /workspaces/master-thesis-pascal-joos/code_cure_agent/cca_workspace/amidst/src/main/java/amidst/gui/export/BiomeExporterDialog.java:[209,17] class, interface, or enum expected
[ERROR] /workspaces/master-thesis-pascal-joos/code_cure_agent/cca_workspace/amidst/src/main/java/amidst/gui/export/BiomeExporterDialog.java:[210,17] class, interface, or enum expected
[ERROR] /workspaces/master-thesis-pascal-joos/code_cure_agent/cca_workspace/amidst/src/main/java/amidst/gui/export/BiomeExporterDialog.java:[212,25] class, interface, or enum expected
[ERROR] /workspaces/master-thesis-pascal-joos/code_cure_agent/cca_workspace/amidst/src/main/java/amidst/gui/export/BiomeExporterDialog.java:[213,25] class, interface, or enum expected
[ERROR] /workspaces/master-thesis-pascal-joos/code_cure_agent/cca_workspace/amidst/src/main/java/amidst/gui/export/BiomeExporterDialog.java:[214,17] class, interface, or enum expected
[ERROR] /workspaces/master-thesis-pascal-joos/code_cure_agent/cca_workspace/amidst/src/main/java/amidst/gui/export/BiomeExporterDialog.java:[216,25] class, interface, or enum expected
[ERROR] /workspaces/master-thesis-pascal-joos/code_cure_agent/cca_workspace/amidst/src/main/java/amidst/gui/export/BiomeExporterDialog.java:[217,25] class, interface, or enum expected
[ERROR] /workspaces/master-thesis-pascal-joos/code_cure_agent/cca_workspace/amidst/src/main/java/amidst/gui/export/BiomeExporterDialog.java:[218,17] class, interface, or enum expected
[ERROR] /workspaces/master-thesis-pascal-joos/code_cure_agent/cca_workspace/amidst/src/main/java/amidst/gui/export/BiomeExporterDialog.java:[221,17] class, interface, or enum expected
[ERROR] /workspaces/master-thesis-pascal-joos/code_cure_agent/cca_workspace/amidst/src/main/java/amidst/gui/export/BiomeExporterDialog.java:[223,9] class, interface, or enum expected
[ERROR] /workspaces/master-thesis-pascal-joos/code_cure_agent/cca_workspace/amidst/src/main/java/amidst/gui/export/BiomeExporterDialog.java:[225,17] class, interface, or enum expected
[ERROR] /workspaces/master-thesis-pascal-joos/code_cure_agent/cca_workspace/amidst/src/main/java/amidst/gui/export/BiomeExporterDialog.java:[226,17] class, interface, or enum expected
[ERROR] /workspaces/master-thesis-pascal-joos/code_cure_agent/cca_workspace/amidst/src/main/java/amidst/gui/export/BiomeExporterDialog.java:[227,9] class, interface, or enum expected
[ERROR] /workspaces/master-thesis-pascal-joos/code_cure_agent/cca_workspace/amidst/src/main/java/amidst/gui/export/BiomeExporterDialog.java:[229,17] class, interface, or enum expected
[ERROR] /workspaces/master-thesis-pascal-joos/code_cure_agent/cca_workspace/amidst/src/main/java/amidst/gui/export/BiomeExporterDialog.java:[230,17] class, interface, or enum expected
[ERROR] /workspaces/master-thesis-pascal-joos/code_cure_agent/cca_workspace/amidst/src/main/java/amidst/gui/export/BiomeExporterDialog.java:[231,9] class, interface, or enum expected
[ERROR] /workspaces/master-thesis-pascal-joos/code_cure_agent/cca_workspace/amidst/src/main/java/amidst/gui/export/BiomeExporterDialog.java:[233,1] class, interface, or enum expected
[ERROR] /workspaces/master-thesis-pascal-joos/code_cure_agent/cca_workspace/amidst/src/main/java/amidst/gui/export/BiomeExporterDialog.java:[235,8] class, interface, or enum expected
[ERROR] /workspaces/master-thesis-pascal-joos/code_cure_agent/cca_workspace/amidst/src/main/java/amidst/gui/export/BiomeExporterDialog.java:[239,17] class, interface, or enum expected
[ERROR] /workspaces/master-thesis-pascal-joos/code_cure_agent/cca_workspace/amidst/src/main/java/amidst/gui/export/BiomeExporterDialog.java:[240,17] class, interface, or enum expected
[ERROR] /workspaces/master-thesis-pascal-joos/code_cure_agent/cca_workspace/amidst/src/main/java/amidst/gui/export/BiomeExporterDialog.java:[241,9] class, interface, or enum expected
[ERROR] /workspaces/master-thesis-pascal-joos/code_cure_agent/cca_workspace/amidst/src/main/java/amidst/gui/export/BiomeExporterDialog.java:[243,9] class, interface, or enum expected
[ERROR] /workspaces/master-thesis-pascal-joos/code_cure_agent/cca_workspace/amidst/src/main/java/amidst/gui/export/BiomeExporterDialog.java:[249,9] class, interface, or enum expected
[ERROR] /workspaces/master-thesis-pascal-joos/code_cure_agent/cca_workspace/amidst/src/main/java/amidst/gui/export/BiomeExporterDialog.java:[251,17] class, interface, or enum expected
[ERROR] /workspaces/master-thesis-pascal-joos/code_cure_agent/cca_workspace/amidst/src/main/java/amidst/gui/export/BiomeExporterDialog.java:[253,17] class, interface, or enum expected
[ERROR] /workspaces/master-thesis-pascal-joos/code_cure_agent/cca_workspace/amidst/src/main/java/amidst/gui/export/BiomeExporterDialog.java:[255,9] class, interface, or enum expected
[ERROR] /workspaces/master-thesis-pascal-joos/code_cure_agent/cca_workspace/amidst/src/main/java/amidst/gui/export/BiomeExporterDialog.java:[256,1] class, interface, or enum expected
[ERROR] /workspaces/master-thesis-pascal-joos/code_cure_agent/cca_workspace/amidst/src/main/java/amidst/gui/export/BiomeExporterDialog.java:[261,9] class, interface, or enum expected
[ERROR] /workspaces/master-thesis-pascal-joos/code_cure_agent/cca_workspace/amidst/src/main/java/amidst/gui/export/BiomeExporterDialog.java:[262,9] class, interface, or enum expected
[ERROR] /workspaces/master-thesis-pascal-joos/code_cure_agent/cca_workspace/amidst/src/main/java/amidst/gui/export/BiomeExporterDialog.java:[263,9] class, interface, or enum expected
[ERROR] /workspaces/master-thesis-pascal-joos/code_cure_agent/cca_workspace/amidst/src/main/java/amidst/gui/export/BiomeExporterDialog.java:[264,9] class, interface, or enum expected
[ERROR] /workspaces/master-thesis-pascal-joos/code_cure_agent/cca_workspace/amidst/src/main/java/amidst/gui/export/BiomeExporterDialog.java:[265,9] class, interface, or enum expected
[ERROR] /workspaces/master-thesis-pascal-joos/code_cure_agent/cca_workspace/amidst/src/main/java/amidst/gui/export/BiomeExporterDialog.java:[267,9] class, interface, or enum expected
[ERROR] /workspaces/master-thesis-pascal-joos/code_cure_agent/cca_workspace/amidst/src/main/java/amidst/gui/export/BiomeExporterDialog.java:[270,1] class, interface, or enum expected
[ERROR] /workspaces/master-thesis-pascal-joos/code_cure_agent/cca_workspace/amidst/src/main/java/amidst/gui/export/BiomeExporterDialog.java:[274,1] class, interface, or enum expected
[ERROR] /workspaces/master-thesis-pascal-joos/code_cure_agent/cca_workspace/amidst/src/main/java/amidst/gui/export/BiomeExporterDialog.java:[279,9] class, interface, or enum expected
[ERROR] /workspaces/master-thesis-pascal-joos/code_cure_agent/cca_workspace/amidst/src/main/java/amidst/gui/export/BiomeExporterDialog.java:[280,9] class, interface, or enum expected
[ERROR] /workspaces/master-thesis-pascal-joos/code_cure_agent/cca_workspace/amidst/src/main/java/amidst/gui/export/BiomeExporterDialog.java:[281,9] class, interface, or enum expected
[ERROR] /workspaces/master-thesis-pascal-joos/code_cure_agent/cca_workspace/amidst/src/main/java/amidst/gui/export/BiomeExporterDialog.java:[282,9] class, interface, or enum expected
[ERROR] /workspaces/master-thesis-pascal-joos/code_cure_agent/cca_workspace/amidst/src/main/java/amidst/gui/export/BiomeExporterDialog.java:[283,9] class, interface, or enum expected
[ERROR] /workspaces/master-thesis-pascal-joos/code_cure_agent/cca_workspace/amidst/src/main/java/amidst/gui/export/BiomeExporterDialog.java:[285,9] class, interface, or enum expected
[ERROR] /workspaces/master-thesis-pascal-joos/code_cure_agent/cca_workspace/amidst/src/main/java/amidst/gui/export/BiomeExporterDialog.java:[286,9] class, interface, or enum expected
[ERROR] /workspaces/master-thesis-pascal-joos/code_cure_agent/cca_workspace/amidst/src/main/java/amidst/gui/export/BiomeExporterDialog.java:[288,9] class, interface, or enum expected
[ERROR] /workspaces/master-thesis-pascal-joos/code_cure_agent/cca_workspace/amidst/src/main/java/amidst/gui/export/BiomeExporterDialog.java:[289,1] class, interface, or enum expected
[ERROR] /workspaces/master-thesis-pascal-joos/code_cure_agent/cca_workspace/amidst/src/main/java/amidst/gui/export/BiomeExporterDialog.java:[294,9] class, interface, or enum expected
[ERROR] /workspaces/master-thesis-pascal-joos/code_cure_agent/cca_workspace/amidst/src/main/java/amidst/gui/export/BiomeExporterDialog.java:[295,9] class, interface, or enum expected
[ERROR] /workspaces/master-thesis-pascal-joos/code_cure_agent/cca_workspace/amidst/src/main/java/amidst/gui/export/BiomeExporterDialog.java:[297,9] class, interface, or enum expected
[ERROR] /workspaces/master-thesis-pascal-joos/code_cure_agent/cca_workspace/amidst/src/main/java/amidst/gui/export/BiomeExporterDialog.java:[298,9] class, interface, or enum expected
[ERROR] /workspaces/master-thesis-pascal-joos/code_cure_agent/cca_workspace/amidst/src/main/java/amidst/gui/export/BiomeExporterDialog.java:[300,9] class, interface, or enum expected
[ERROR] /workspaces/master-thesis-pascal-joos/code_cure_agent/cca_workspace/amidst/src/main/java/amidst/gui/export/BiomeExporterDialog.java:[301,9] class, interface, or enum expected
[ERROR] /workspaces/master-thesis-pascal-joos/code_cure_agent/cca_workspace/amidst/src/main/java/amidst/gui/export/BiomeExporterDialog.java:[303,9] class, interface, or enum expected
[ERROR] /workspaces/master-thesis-pascal-joos/code_cure_agent/cca_workspace/amidst/src/main/java/amidst/gui/export/BiomeExporterDialog.java:[304,9] class, interface, or enum expected
[ERROR] /workspaces/master-thesis-pascal-joos/code_cure_agent/cca_workspace/amidst/src/main/java/amidst/gui/export/BiomeExporterDialog.java:[306,9] class, interface, or enum expected
[ERROR] /workspaces/master-thesis-pascal-joos/code_cure_agent/cca_workspace/amidst/src/main/java/amidst/gui/export/BiomeExporterDialog.java:[307,9] class, interface, or enum expected
[ERROR] /workspaces/master-thesis-pascal-joos/code_cure_agent/cca_workspace/amidst/src/main/java/amidst/gui/export/BiomeExporterDialog.java:[309,9] class, interface, or enum expected
[ERROR] /workspaces/master-thesis-pascal-joos/code_cure_agent/cca_workspace/amidst/src/main/java/amidst/gui/export/BiomeExporterDialog.java:[310,9] class, interface, or enum expected
[ERROR] /workspaces/master-thesis-pascal-joos/code_cure_agent/cca_workspace/amidst/src/main/java/amidst/gui/export/BiomeExporterDialog.java:[312,9] class, interface, or enum expected
[ERROR] /workspaces/master-thesis-pascal-joos/code_cure_agent/cca_workspace/amidst/src/main/java/amidst/gui/export/BiomeExporterDialog.java:[313,9] class, interface, or enum expected
[ERROR] /workspaces/master-thesis-pascal-joos/code_cure_agent/cca_workspace/amidst/src/main/java/amidst/gui/export/BiomeExporterDialog.java:[315,9] class, interface, or enum expected
[ERROR] /workspaces/master-thesis-pascal-joos/code_cure_agent/cca_workspace/amidst/src/main/java/amidst/gui/export/BiomeExporterDialog.java:[317,9] class, interface, or enum expected
[ERROR] /workspaces/master-thesis-pascal-joos/code_cure_agent/cca_workspace/amidst/src/main/java/amidst/gui/export/BiomeExporterDialog.java:[318,9] class, interface, or enum expected
[ERROR] /workspaces/master-thesis-pascal-joos/code_cure_agent/cca_workspace/amidst/src/main/java/amidst/gui/export/BiomeExporterDialog.java:[320,9] class, interface, or enum expected
[ERROR] /workspaces/master-thesis-pascal-joos/code_cure_agent/cca_workspace/amidst/src/main/java/amidst/gui/export/BiomeExporterDialog.java:[321,9] class, interface, or enum expected
[ERROR] /workspaces/master-thesis-pascal-joos/code_cure_agent/cca_workspace/amidst/src/main/java/amidst/gui/export/BiomeExporterDialog.java:[323,9] class, interface, or enum expected
[ERROR] /workspaces/master-thesis-pascal-joos/code_cure_agent/cca_workspace/amidst/src/main/java/amidst/gui/export/BiomeExporterDialog.java:[324,9] class, interface, or enum expected
[ERROR] /workspaces/master-thesis-pascal-joos/code_cure_agent/cca_workspace/amidst/src/main/java/amidst/gui/export/BiomeExporterDialog.java:[326,9] class, interface, or enum expected
[ERROR] /workspaces/master-thesis-pascal-joos/code_cure_agent/cca_workspace/amidst/src/main/java/amidst/gui/export/BiomeExporterDialog.java:[327,9] class, interface, or enum expected
[ERROR] /workspaces/master-thesis-pascal-joos/code_cure_agent/cca_workspace/amidst/src/main/java/amidst/gui/export/BiomeExporterDialog.java:[329,9] class, interface, or enum expected
[ERROR] /workspaces/master-thesis-pascal-joos/code_cure_agent/cca_workspace/amidst/src/main/java/amidst/gui/export/BiomeExporterDialog.java:[330,9] class, interface, or enum expected
[ERROR] /workspaces/master-thesis-pascal-joos/code_cure_agent/cca_workspace/amidst/src/main/java/amidst/gui/export/BiomeExporterDialog.java:[332,9] class, interface, or enum expected
[ERROR] /workspaces/master-thesis-pascal-joos/code_cure_agent/cca_workspace/amidst/src/main/java/amidst/gui/export/BiomeExporterDialog.java:[333,9] class, interface, or enum expected
[ERROR] /workspaces/master-thesis-pascal-joos/code_cure_agent/cca_workspace/amidst/src/main/java/amidst/gui/export/BiomeExporterDialog.java:[334,9] class, interface, or enum expected
[ERROR] /workspaces/master-thesis-pascal-joos/code_cure_agent/cca_workspace/amidst/src/main/java/amidst/gui/export/BiomeExporterDialog.java:[336,24] class, interface, or enum expected
[ERROR] /workspaces/master-thesis-pascal-joos/code_cure_agent/cca_workspace/amidst/src/main/java/amidst/gui/export/BiomeExporterDialog.java:[343,25] class, interface, or enum expected
[ERROR] /workspaces/master-thesis-pascal-joos/code_cure_agent/cca_workspace/amidst/src/main/java/amidst/gui/export/BiomeExporterDialog.java:[344,17] class, interface, or enum expected
[ERROR] /workspaces/master-thesis-pascal-joos/code_cure_agent/cca_workspace/amidst/src/main/java/amidst/gui/export/BiomeExporterDialog.java:[346,9] class, interface, or enum expected
[ERROR] /workspaces/master-thesis-pascal-joos/code_cure_agent/cca_workspace/amidst/src/main/java/amidst/gui/export/BiomeExporterDialog.java:[347,9] class, interface, or enum expected
[ERROR] /workspaces/master-thesis-pascal-joos/code_cure_agent/cca_workspace/amidst/src/main/java/amidst/gui/export/BiomeExporterDialog.java:[348,9] class, interface, or enum expected
[ERROR] /workspaces/master-thesis-pascal-joos/code_cure_agent/cca_workspace/amidst/src/main/java/amidst/gui/export/BiomeExporterDialog.java:[349,9] class, interface, or enum expected
[ERROR] /workspaces/master-thesis-pascal-joos/code_cure_agent/cca_workspace/amidst/src/main/java/amidst/gui/export/BiomeExporterDialog.java:[350,1] class, interface, or enum expected
[ERROR] /workspaces/master-thesis-pascal-joos/code_cure_agent/cca_workspace/amidst/src/main/java/amidst/gui/export/BiomeExporterDialog.java:[354,9] class, interface, or enum expected
[ERROR] /workspaces/master-thesis-pascal-joos/code_cure_agent/cca_workspace/amidst/src/main/java/amidst/gui/export/BiomeExporterDialog.java:[357,9] class, interface, or enum expected
[ERROR] /workspaces/master-thesis-pascal-joos/code_cure_agent/cca_workspace/amidst/src/main/java/amidst/gui/export/BiomeExporterDialog.java:[360,23] class, interface, or enum expected
[ERROR] /workspaces/master-thesis-pascal-joos/code_cure_agent/cca_workspace/amidst/src/main/java/amidst/gui/export/BiomeExporterDialog.java:[361,17] class, interface, or enum expected
[ERROR] /workspaces/master-thesis-pascal-joos/code_cure_agent/cca_workspace/amidst/src/main/java/amidst/gui/export/BiomeExporterDialog.java:[365,25] class, interface, or enum expected
[ERROR] /workspaces/master-thesis-pascal-joos/code_cure_agent/cca_workspace/amidst/src/main/java/amidst/gui/export/BiomeExporterDialog.java:[367,25] class, interface, or enum expected
[ERROR] /workspaces/master-thesis-pascal-joos/code_cure_agent/cca_workspace/amidst/src/main/java/amidst/gui/export/BiomeExporterDialog.java:[368,25] class, interface, or enum expected
[ERROR] /workspaces/master-thesis-pascal-joos/code_cure_agent/cca_workspace/amidst/src/main/java/amidst/gui/export/BiomeExporterDialog.java:[370,25] class, interface, or enum expected
[ERROR] /workspaces/master-thesis-pascal-joos/code_cure_agent/cca_workspace/amidst/src/main/java/amidst/gui/export/BiomeExporterDialog.java:[371,25] class, interface, or enum expected
[ERROR] /workspaces/master-thesis-pascal-joos/code_cure_agent/cca_workspace/amidst/src/main/java/amidst/gui/export/BiomeExporterDialog.java:[373,25] class, interface, or enum expected
[ERROR] /workspaces/master-thesis-pascal-joos/code_cure_agent/cca_workspace/amidst/src/main/java/amidst/gui/export/BiomeExporterDialog.java:[375,25] class, interface, or enum expected
[ERROR] /workspaces/master-thesis-pascal-joos/code_cure_agent/cca_workspace/amidst/src/main/java/amidst/gui/export/BiomeExporterDialog.java:[377,25] class, interface, or enum expected
[ERROR] -> [Help 1]
[ERROR] 
[ERROR] To see the full stack trace of the errors, re-run Maven with the -e switch.
[ERROR] Re-run Maven using the -X switch to enable full debug logging.
[ERROR] 
[ERROR] For more information about the errors and possible solutions, please read the following articles:
[ERROR] [Help 1] http://cwiki.apache.org/confluence/display/MAVEN/MojoFailureException
