[INFO] Scanning for projects...
[INFO] 
[INFO] --------------------< com.github.lookfirst:sardine >--------------------
[INFO] Building Sardine WebDAV client 5.11-SNAPSHOT
[INFO] --------------------------------[ jar ]---------------------------------
[INFO] 
[INFO] --- maven-clean-plugin:2.5:clean (default-clean) @ sardine ---
[INFO] Deleting /workspaces/master-thesis-pascal-joos/code_cure_agent/cca_workspace/sardine/target
[INFO] 
[INFO] --- maven-enforcer-plugin:1.0:enforce (enforce-maven) @ sardine ---
[INFO] 
[INFO] --- maven-resources-plugin:2.6:resources (default-resources) @ sardine ---
[INFO] Using 'UTF-8' encoding to copy filtered resources.
[INFO] Copying 1 resource
[INFO] 
[INFO] --- maven-compiler-plugin:3.3:compile (default-compile) @ sardine ---
[INFO] Changes detected - recompiling the module!
[INFO] Compiling 125 source files to /workspaces/master-thesis-pascal-joos/code_cure_agent/cca_workspace/sardine/target/classes
[INFO] /workspaces/master-thesis-pascal-joos/code_cure_agent/cca_workspace/sardine/src/main/java/com/github/sardine/util/SardineUtil.java: Some input files use or override a deprecated API.
[INFO] /workspaces/master-thesis-pascal-joos/code_cure_agent/cca_workspace/sardine/src/main/java/com/github/sardine/util/SardineUtil.java: Recompile with -Xlint:deprecation for details.
[INFO] /workspaces/master-thesis-pascal-joos/code_cure_agent/cca_workspace/sardine/src/main/java/com/github/sardine/impl/SardineImpl.java: /workspaces/master-thesis-pascal-joos/code_cure_agent/cca_workspace/sardine/src/main/java/com/github/sardine/impl/SardineImpl.java uses unchecked or unsafe operations.
[INFO] /workspaces/master-thesis-pascal-joos/code_cure_agent/cca_workspace/sardine/src/main/java/com/github/sardine/impl/SardineImpl.java: Recompile with -Xlint:unchecked for details.
[INFO] 
[INFO] --- maven-resources-plugin:2.6:testResources (default-testResources) @ sardine ---
[INFO] Using 'UTF-8' encoding to copy filtered resources.
[INFO] skip non existing resourceDirectory /workspaces/master-thesis-pascal-joos/code_cure_agent/cca_workspace/sardine/src/test/resources
[INFO] 
[INFO] --- maven-compiler-plugin:3.3:testCompile (default-testCompile) @ sardine ---
[INFO] Changes detected - recompiling the module!
[INFO] Compiling 11 source files to /workspaces/master-thesis-pascal-joos/code_cure_agent/cca_workspace/sardine/target/test-classes
[INFO] -------------------------------------------------------------
[ERROR] COMPILATION ERROR : 
[INFO] -------------------------------------------------------------
[ERROR] /workspaces/master-thesis-pascal-joos/code_cure_agent/cca_workspace/sardine/src/test/java/com/github/sardine/impl/handler/MultiStatusResponseHandlerTest.java:[84,9] illegal start of expression
[ERROR] /workspaces/master-thesis-pascal-joos/code_cure_agent/cca_workspace/sardine/src/test/java/com/github/sardine/impl/handler/MultiStatusResponseHandlerTest.java:[301,33] illegal start of type
[ERROR] /workspaces/master-thesis-pascal-joos/code_cure_agent/cca_workspace/sardine/src/test/java/com/github/sardine/impl/handler/MultiStatusResponseHandlerTest.java:[613,17] invalid method declaration; return type required
[ERROR] /workspaces/master-thesis-pascal-joos/code_cure_agent/cca_workspace/sardine/src/test/java/com/github/sardine/impl/handler/MultiStatusResponseHandlerTest.java:[613,37] <identifier> expected
[ERROR] /workspaces/master-thesis-pascal-joos/code_cure_agent/cca_workspace/sardine/src/test/java/com/github/sardine/impl/handler/MultiStatusResponseHandlerTest.java:[614,17] invalid method declaration; return type required
[ERROR] /workspaces/master-thesis-pascal-joos/code_cure_agent/cca_workspace/sardine/src/test/java/com/github/sardine/impl/handler/MultiStatusResponseHandlerTest.java:[614,30] illegal start of type
[ERROR] /workspaces/master-thesis-pascal-joos/code_cure_agent/cca_workspace/sardine/src/test/java/com/github/sardine/impl/handler/MultiStatusResponseHandlerTest.java:[618,16] class, interface, or enum expected
[ERROR] /workspaces/master-thesis-pascal-joos/code_cure_agent/cca_workspace/sardine/src/test/java/com/github/sardine/impl/handler/MultiStatusResponseHandlerTest.java:[752,17] class, interface, or enum expected
[ERROR] /workspaces/master-thesis-pascal-joos/code_cure_agent/cca_workspace/sardine/src/test/java/com/github/sardine/impl/handler/MultiStatusResponseHandlerTest.java:[755,25] class, interface, or enum expected
[ERROR] /workspaces/master-thesis-pascal-joos/code_cure_agent/cca_workspace/sardine/src/test/java/com/github/sardine/impl/handler/MultiStatusResponseHandlerTest.java:[756,25] class, interface, or enum expected
[ERROR] /workspaces/master-thesis-pascal-joos/code_cure_agent/cca_workspace/sardine/src/test/java/com/github/sardine/impl/handler/MultiStatusResponseHandlerTest.java:[757,25] class, interface, or enum expected
[ERROR] /workspaces/master-thesis-pascal-joos/code_cure_agent/cca_workspace/sardine/src/test/java/com/github/sardine/impl/handler/MultiStatusResponseHandlerTest.java:[758,25] class, interface, or enum expected
[ERROR] /workspaces/master-thesis-pascal-joos/code_cure_agent/cca_workspace/sardine/src/test/java/com/github/sardine/impl/handler/MultiStatusResponseHandlerTest.java:[759,25] class, interface, or enum expected
[ERROR] /workspaces/master-thesis-pascal-joos/code_cure_agent/cca_workspace/sardine/src/test/java/com/github/sardine/impl/handler/MultiStatusResponseHandlerTest.java:[760,25] class, interface, or enum expected
[ERROR] /workspaces/master-thesis-pascal-joos/code_cure_agent/cca_workspace/sardine/src/test/java/com/github/sardine/impl/handler/MultiStatusResponseHandlerTest.java:[761,25] class, interface, or enum expected
[ERROR] /workspaces/master-thesis-pascal-joos/code_cure_agent/cca_workspace/sardine/src/test/java/com/github/sardine/impl/handler/MultiStatusResponseHandlerTest.java:[762,25] class, interface, or enum expected
[ERROR] /workspaces/master-thesis-pascal-joos/code_cure_agent/cca_workspace/sardine/src/test/java/com/github/sardine/impl/handler/MultiStatusResponseHandlerTest.java:[763,25] class, interface, or enum expected
[ERROR] /workspaces/master-thesis-pascal-joos/code_cure_agent/cca_workspace/sardine/src/test/java/com/github/sardine/impl/handler/MultiStatusResponseHandlerTest.java:[764,25] class, interface, or enum expected
[ERROR] /workspaces/master-thesis-pascal-joos/code_cure_agent/cca_workspace/sardine/src/test/java/com/github/sardine/impl/handler/MultiStatusResponseHandlerTest.java:[766,25] class, interface, or enum expected
[ERROR] /workspaces/master-thesis-pascal-joos/code_cure_agent/cca_workspace/sardine/src/test/java/com/github/sardine/impl/handler/MultiStatusResponseHandlerTest.java:[767,25] class, interface, or enum expected
[ERROR] /workspaces/master-thesis-pascal-joos/code_cure_agent/cca_workspace/sardine/src/test/java/com/github/sardine/impl/handler/MultiStatusResponseHandlerTest.java:[768,25] class, interface, or enum expected
[ERROR] /workspaces/master-thesis-pascal-joos/code_cure_agent/cca_workspace/sardine/src/test/java/com/github/sardine/impl/handler/MultiStatusResponseHandlerTest.java:[769,25] class, interface, or enum expected
[ERROR] /workspaces/master-thesis-pascal-joos/code_cure_agent/cca_workspace/sardine/src/test/java/com/github/sardine/impl/handler/MultiStatusResponseHandlerTest.java:[770,25] class, interface, or enum expected
[ERROR] /workspaces/master-thesis-pascal-joos/code_cure_agent/cca_workspace/sardine/src/test/java/com/github/sardine/impl/handler/MultiStatusResponseHandlerTest.java:[772,25] class, interface, or enum expected
[ERROR] /workspaces/master-thesis-pascal-joos/code_cure_agent/cca_workspace/sardine/src/test/java/com/github/sardine/impl/handler/MultiStatusResponseHandlerTest.java:[773,25] class, interface, or enum expected
[ERROR] /workspaces/master-thesis-pascal-joos/code_cure_agent/cca_workspace/sardine/src/test/java/com/github/sardine/impl/handler/MultiStatusResponseHandlerTest.java:[775,25] class, interface, or enum expected
[ERROR] /workspaces/master-thesis-pascal-joos/code_cure_agent/cca_workspace/sardine/src/test/java/com/github/sardine/impl/handler/MultiStatusResponseHandlerTest.java:[776,25] class, interface, or enum expected
[ERROR] /workspaces/master-thesis-pascal-joos/code_cure_agent/cca_workspace/sardine/src/test/java/com/github/sardine/impl/handler/MultiStatusResponseHandlerTest.java:[778,25] class, interface, or enum expected
[ERROR] /workspaces/master-thesis-pascal-joos/code_cure_agent/cca_workspace/sardine/src/test/java/com/github/sardine/impl/handler/MultiStatusResponseHandlerTest.java:[779,25] class, interface, or enum expected
[ERROR] /workspaces/master-thesis-pascal-joos/code_cure_agent/cca_workspace/sardine/src/test/java/com/github/sardine/impl/handler/MultiStatusResponseHandlerTest.java:[781,25] class, interface, or enum expected
[ERROR] /workspaces/master-thesis-pascal-joos/code_cure_agent/cca_workspace/sardine/src/test/java/com/github/sardine/impl/handler/MultiStatusResponseHandlerTest.java:[783,25] class, interface, or enum expected
[ERROR] /workspaces/master-thesis-pascal-joos/code_cure_agent/cca_workspace/sardine/src/test/java/com/github/sardine/impl/handler/MultiStatusResponseHandlerTest.java:[784,17] class, interface, or enum expected
[INFO] 32 errors 
[INFO] -------------------------------------------------------------
[INFO] ------------------------------------------------------------------------
[INFO] BUILD FAILURE
[INFO] ------------------------------------------------------------------------
[INFO] Total time:  2.129 s
[INFO] Finished at: 2025-08-31T00:45:35Z
[INFO] ------------------------------------------------------------------------
[ERROR] Failed to execute goal org.apache.maven.plugins:maven-compiler-plugin:3.3:testCompile (default-testCompile) on project sardine: Compilation failure: Compilation failure: 
[ERROR] /workspaces/master-thesis-pascal-joos/code_cure_agent/cca_workspace/sardine/src/test/java/com/github/sardine/impl/handler/MultiStatusResponseHandlerTest.java:[84,9] illegal start of expression
[ERROR] /workspaces/master-thesis-pascal-joos/code_cure_agent/cca_workspace/sardine/src/test/java/com/github/sardine/impl/handler/MultiStatusResponseHandlerTest.java:[301,33] illegal start of type
[ERROR] /workspaces/master-thesis-pascal-joos/code_cure_agent/cca_workspace/sardine/src/test/java/com/github/sardine/impl/handler/MultiStatusResponseHandlerTest.java:[613,17] invalid method declaration; return type required
[ERROR] /workspaces/master-thesis-pascal-joos/code_cure_agent/cca_workspace/sardine/src/test/java/com/github/sardine/impl/handler/MultiStatusResponseHandlerTest.java:[613,37] <identifier> expected
[ERROR] /workspaces/master-thesis-pascal-joos/code_cure_agent/cca_workspace/sardine/src/test/java/com/github/sardine/impl/handler/MultiStatusResponseHandlerTest.java:[614,17] invalid method declaration; return type required
[ERROR] /workspaces/master-thesis-pascal-joos/code_cure_agent/cca_workspace/sardine/src/test/java/com/github/sardine/impl/handler/MultiStatusResponseHandlerTest.java:[614,30] illegal start of type
[ERROR] /workspaces/master-thesis-pascal-joos/code_cure_agent/cca_workspace/sardine/src/test/java/com/github/sardine/impl/handler/MultiStatusResponseHandlerTest.java:[618,16] class, interface, or enum expected
[ERROR] /workspaces/master-thesis-pascal-joos/code_cure_agent/cca_workspace/sardine/src/test/java/com/github/sardine/impl/handler/MultiStatusResponseHandlerTest.java:[752,17] class, interface, or enum expected
[ERROR] /workspaces/master-thesis-pascal-joos/code_cure_agent/cca_workspace/sardine/src/test/java/com/github/sardine/impl/handler/MultiStatusResponseHandlerTest.java:[755,25] class, interface, or enum expected
[ERROR] /workspaces/master-thesis-pascal-joos/code_cure_agent/cca_workspace/sardine/src/test/java/com/github/sardine/impl/handler/MultiStatusResponseHandlerTest.java:[756,25] class, interface, or enum expected
[ERROR] /workspaces/master-thesis-pascal-joos/code_cure_agent/cca_workspace/sardine/src/test/java/com/github/sardine/impl/handler/MultiStatusResponseHandlerTest.java:[757,25] class, interface, or enum expected
[ERROR] /workspaces/master-thesis-pascal-joos/code_cure_agent/cca_workspace/sardine/src/test/java/com/github/sardine/impl/handler/MultiStatusResponseHandlerTest.java:[758,25] class, interface, or enum expected
[ERROR] /workspaces/master-thesis-pascal-joos/code_cure_agent/cca_workspace/sardine/src/test/java/com/github/sardine/impl/handler/MultiStatusResponseHandlerTest.java:[759,25] class, interface, or enum expected
[ERROR] /workspaces/master-thesis-pascal-joos/code_cure_agent/cca_workspace/sardine/src/test/java/com/github/sardine/impl/handler/MultiStatusResponseHandlerTest.java:[760,25] class, interface, or enum expected
[ERROR] /workspaces/master-thesis-pascal-joos/code_cure_agent/cca_workspace/sardine/src/test/java/com/github/sardine/impl/handler/MultiStatusResponseHandlerTest.java:[761,25] class, interface, or enum expected
[ERROR] /workspaces/master-thesis-pascal-joos/code_cure_agent/cca_workspace/sardine/src/test/java/com/github/sardine/impl/handler/MultiStatusResponseHandlerTest.java:[762,25] class, interface, or enum expected
[ERROR] /workspaces/master-thesis-pascal-joos/code_cure_agent/cca_workspace/sardine/src/test/java/com/github/sardine/impl/handler/MultiStatusResponseHandlerTest.java:[763,25] class, interface, or enum expected
[ERROR] /workspaces/master-thesis-pascal-joos/code_cure_agent/cca_workspace/sardine/src/test/java/com/github/sardine/impl/handler/MultiStatusResponseHandlerTest.java:[764,25] class, interface, or enum expected
[ERROR] /workspaces/master-thesis-pascal-joos/code_cure_agent/cca_workspace/sardine/src/test/java/com/github/sardine/impl/handler/MultiStatusResponseHandlerTest.java:[766,25] class, interface, or enum expected
[ERROR] /workspaces/master-thesis-pascal-joos/code_cure_agent/cca_workspace/sardine/src/test/java/com/github/sardine/impl/handler/MultiStatusResponseHandlerTest.java:[767,25] class, interface, or enum expected
[ERROR] /workspaces/master-thesis-pascal-joos/code_cure_agent/cca_workspace/sardine/src/test/java/com/github/sardine/impl/handler/MultiStatusResponseHandlerTest.java:[768,25] class, interface, or enum expected
[ERROR] /workspaces/master-thesis-pascal-joos/code_cure_agent/cca_workspace/sardine/src/test/java/com/github/sardine/impl/handler/MultiStatusResponseHandlerTest.java:[769,25] class, interface, or enum expected
[ERROR] /workspaces/master-thesis-pascal-joos/code_cure_agent/cca_workspace/sardine/src/test/java/com/github/sardine/impl/handler/MultiStatusResponseHandlerTest.java:[770,25] class, interface, or enum expected
[ERROR] /workspaces/master-thesis-pascal-joos/code_cure_agent/cca_workspace/sardine/src/test/java/com/github/sardine/impl/handler/MultiStatusResponseHandlerTest.java:[772,25] class, interface, or enum expected
[ERROR] /workspaces/master-thesis-pascal-joos/code_cure_agent/cca_workspace/sardine/src/test/java/com/github/sardine/impl/handler/MultiStatusResponseHandlerTest.java:[773,25] class, interface, or enum expected
[ERROR] /workspaces/master-thesis-pascal-joos/code_cure_agent/cca_workspace/sardine/src/test/java/com/github/sardine/impl/handler/MultiStatusResponseHandlerTest.java:[775,25] class, interface, or enum expected
[ERROR] /workspaces/master-thesis-pascal-joos/code_cure_agent/cca_workspace/sardine/src/test/java/com/github/sardine/impl/handler/MultiStatusResponseHandlerTest.java:[776,25] class, interface, or enum expected
[ERROR] /workspaces/master-thesis-pascal-joos/code_cure_agent/cca_workspace/sardine/src/test/java/com/github/sardine/impl/handler/MultiStatusResponseHandlerTest.java:[778,25] class, interface, or enum expected
[ERROR] /workspaces/master-thesis-pascal-joos/code_cure_agent/cca_workspace/sardine/src/test/java/com/github/sardine/impl/handler/MultiStatusResponseHandlerTest.java:[779,25] class, interface, or enum expected
[ERROR] /workspaces/master-thesis-pascal-joos/code_cure_agent/cca_workspace/sardine/src/test/java/com/github/sardine/impl/handler/MultiStatusResponseHandlerTest.java:[781,25] class, interface, or enum expected
[ERROR] /workspaces/master-thesis-pascal-joos/code_cure_agent/cca_workspace/sardine/src/test/java/com/github/sardine/impl/handler/MultiStatusResponseHandlerTest.java:[783,25] class, interface, or enum expected
[ERROR] /workspaces/master-thesis-pascal-joos/code_cure_agent/cca_workspace/sardine/src/test/java/com/github/sardine/impl/handler/MultiStatusResponseHandlerTest.java:[784,17] class, interface, or enum expected
[ERROR] -> [Help 1]
[ERROR] 
[ERROR] To see the full stack trace of the errors, re-run Maven with the -e switch.
[ERROR] Re-run Maven using the -X switch to enable full debug logging.
[ERROR] 
[ERROR] For more information about the errors and possible solutions, please read the following articles:
[ERROR] [Help 1] http://cwiki.apache.org/confluence/display/MAVEN/MojoFailureException
