[INFO] Scanning for projects...
[INFO] 
[INFO] ----------------------< com.garbagemule:mobarena >----------------------
[INFO] Building MobArena 0.105.1-SNAPSHOT
[INFO] --------------------------------[ jar ]---------------------------------
[INFO] 
[INFO] --- maven-clean-plugin:2.5:clean (default-clean) @ mobarena ---
[INFO] Deleting /workspaces/xxxx/code_cure_agent/cca_workspace/MobArena/target
[INFO] 
[INFO] --- maven-resources-plugin:2.6:resources (default-resources) @ mobarena ---
[INFO] Using 'UTF-8' encoding to copy filtered resources.
[INFO] Copying 9 resources
[INFO] 
[INFO] --- maven-compiler-plugin:3.8.1:compile (default-compile) @ mobarena ---
[INFO] Changes detected - recompiling the module!
[INFO] Compiling 245 source files to /workspaces/xxxx/code_cure_agent/cca_workspace/MobArena/target/classes
[INFO] /workspaces/xxxx/code_cure_agent/cca_workspace/MobArena/src/main/java/com/garbagemule/MobArena/ArenaImpl.java: Some input files use or override a deprecated API.
[INFO] /workspaces/xxxx/code_cure_agent/cca_workspace/MobArena/src/main/java/com/garbagemule/MobArena/ArenaImpl.java: Recompile with -Xlint:deprecation for details.
[INFO] -------------------------------------------------------------
[ERROR] COMPILATION ERROR : 
[INFO] -------------------------------------------------------------
[ERROR] /workspaces/xxxx/code_cure_agent/cca_workspace/MobArena/src/main/java/com/garbagemule/MobArena/ArenaListener.java:[107,8] duplicate class: com.garbagemule.mobarena.ArenaListener
[ERROR] /workspaces/xxxx/code_cure_agent/cca_workspace/MobArena/src/main/java/com/garbagemule/MobArena/framework/Arena.java:[4,32] cannot access com.garbagemule.MobArena.ArenaListener
  bad source file: /workspaces/xxxx/code_cure_agent/cca_workspace/MobArena/src/main/java/com/garbagemule/MobArena/ArenaListener.java
    file does not contain class com.garbagemule.MobArena.ArenaListener
    Please remove or make sure it appears in the correct subdirectory of the sourcepath.
[ERROR] /workspaces/xxxx/code_cure_agent/cca_workspace/MobArena/src/main/java/com/garbagemule/MobArena/framework/Arena.java:[85,5] cannot find symbol
  symbol:   class ArenaListener
  location: interface com.garbagemule.MobArena.framework.Arena
[ERROR] /workspaces/xxxx/code_cure_agent/cca_workspace/MobArena/src/main/java/com/garbagemule/MobArena/ArenaListener.java:[109,13] cannot find symbol
  symbol:   class MobArena
  location: class com.garbagemule.mobarena.ArenaListener
[ERROR] /workspaces/xxxx/code_cure_agent/cca_workspace/MobArena/src/main/java/com/garbagemule/MobArena/ArenaListener.java:[112,13] cannot find symbol
  symbol:   class MonsterManager
  location: class com.garbagemule.mobarena.ArenaListener
[ERROR] /workspaces/xxxx/code_cure_agent/cca_workspace/MobArena/src/main/java/com/garbagemule/MobArena/ArenaListener.java:[113,13] cannot find symbol
  symbol:   class ClassLimitManager
  location: class com.garbagemule.mobarena.ArenaListener
[ERROR] /workspaces/xxxx/code_cure_agent/cca_workspace/MobArena/src/main/java/com/garbagemule/MobArena/ArenaListener.java:[133,39] cannot find symbol
  symbol:   class MobArena
  location: class com.garbagemule.mobarena.ArenaListener
[ERROR] /workspaces/xxxx/code_cure_agent/cca_workspace/MobArena/src/main/java/com/garbagemule/MobArena/ArenaListener.java:[536,28] cannot find symbol
  symbol:   variable Msg
  location: class com.garbagemule.mobarena.ArenaListener
[ERROR] /workspaces/xxxx/code_cure_agent/cca_workspace/MobArena/src/main/java/com/garbagemule/MobArena/ArenaListener.java:[555,34] death(org.bukkit.entity.Player) is not public in com.garbagemule.MobArena.ScoreboardManager; cannot be accessed from outside package
[ERROR] /workspaces/xxxx/code_cure_agent/cca_workspace/MobArena/src/main/java/com/garbagemule/MobArena/ArenaListener.java:[560,34] death(org.bukkit.entity.Player) is not public in com.garbagemule.MobArena.ScoreboardManager; cannot be accessed from outside package
[ERROR] /workspaces/xxxx/code_cure_agent/cca_workspace/MobArena/src/main/java/com/garbagemule/MobArena/ArenaListener.java:[604,13] cannot find symbol
  symbol:   class ArenaPlayer
  location: class com.garbagemule.mobarena.ArenaListener
[ERROR] /workspaces/xxxx/code_cure_agent/cca_workspace/MobArena/src/main/java/com/garbagemule/MobArena/ArenaListener.java:[606,17] cannot find symbol
  symbol:   class ArenaPlayerStatistics
  location: class com.garbagemule.mobarena.ArenaListener
[ERROR] /workspaces/xxxx/code_cure_agent/cca_workspace/MobArena/src/main/java/com/garbagemule/MobArena/ArenaListener.java:[609,42] addKill(org.bukkit.entity.Player) is not public in com.garbagemule.MobArena.ScoreboardManager; cannot be accessed from outside package
[ERROR] /workspaces/xxxx/code_cure_agent/cca_workspace/MobArena/src/main/java/com/garbagemule/MobArena/ArenaListener.java:[614,54] cannot find symbol
  symbol:   variable Msg
  location: class com.garbagemule.mobarena.ArenaListener
[ERROR] /workspaces/xxxx/code_cure_agent/cca_workspace/MobArena/src/main/java/com/garbagemule/MobArena/ArenaListener.java:[621,64] cannot find symbol
  symbol:   variable Msg
  location: class com.garbagemule.mobarena.ArenaListener
[ERROR] /workspaces/xxxx/code_cure_agent/cca_workspace/MobArena/src/main/java/com/garbagemule/MobArena/ArenaListener.java:[789,13] cannot find symbol
  symbol:   class ArenaPlayerStatistics
  location: class com.garbagemule.mobarena.ArenaListener
[ERROR] /workspaces/xxxx/code_cure_agent/cca_workspace/MobArena/src/main/java/com/garbagemule/MobArena/ArenaListener.java:[796,17] cannot find symbol
  symbol:   class ArenaPlayerStatistics
  location: class com.garbagemule.mobarena.ArenaListener
[ERROR] /workspaces/xxxx/code_cure_agent/cca_workspace/MobArena/src/main/java/com/garbagemule/MobArena/ArenaListener.java:[864,29] cannot find symbol
  symbol:   variable MAUtils
  location: class com.garbagemule.mobarena.ArenaListener
[ERROR] /workspaces/xxxx/code_cure_agent/cca_workspace/MobArena/src/main/java/com/garbagemule/MobArena/ArenaListener.java:[1019,46] cannot find symbol
  symbol:   variable Msg
  location: class com.garbagemule.mobarena.ArenaListener
[ERROR] /workspaces/xxxx/code_cure_agent/cca_workspace/MobArena/src/main/java/com/garbagemule/MobArena/ArenaListener.java:[1026,42] cannot find symbol
  symbol:   variable Msg
  location: class com.garbagemule.mobarena.ArenaListener
[ERROR] /workspaces/xxxx/code_cure_agent/cca_workspace/MobArena/src/main/java/com/garbagemule/MobArena/ArenaListener.java:[1032,42] cannot find symbol
  symbol:   variable Msg
  location: class com.garbagemule.mobarena.ArenaListener
[ERROR] /workspaces/xxxx/code_cure_agent/cca_workspace/MobArena/src/main/java/com/garbagemule/MobArena/ArenaListener.java:[1037,46] cannot find symbol
  symbol:   variable Msg
  location: class com.garbagemule.mobarena.ArenaListener
[ERROR] /workspaces/xxxx/code_cure_agent/cca_workspace/MobArena/src/main/java/com/garbagemule/MobArena/ArenaListener.java:[1048,42] cannot find symbol
  symbol:   variable Msg
  location: class com.garbagemule.mobarena.ArenaListener
[ERROR] /workspaces/xxxx/code_cure_agent/cca_workspace/MobArena/src/main/java/com/garbagemule/MobArena/ArenaListener.java:[1109,42] cannot find symbol
  symbol:   variable Msg
  location: class com.garbagemule.mobarena.ArenaListener
[ERROR] /workspaces/xxxx/code_cure_agent/cca_workspace/MobArena/src/main/java/com/garbagemule/MobArena/ArenaListener.java:[1113,42] cannot find symbol
  symbol:   variable Msg
  location: class com.garbagemule.mobarena.ArenaListener
[ERROR] /workspaces/xxxx/code_cure_agent/cca_workspace/MobArena/src/main/java/com/garbagemule/MobArena/ArenaListener.java:[1125,9] cannot find symbol
  symbol:   class ArenaClass
  location: class com.garbagemule.mobarena.ArenaListener
[ERROR] /workspaces/xxxx/code_cure_agent/cca_workspace/MobArena/src/main/java/com/garbagemule/MobArena/ArenaListener.java:[1129,42] cannot find symbol
  symbol:   variable Msg
  location: class com.garbagemule.mobarena.ArenaListener
[ERROR] /workspaces/xxxx/code_cure_agent/cca_workspace/MobArena/src/main/java/com/garbagemule/MobArena/ArenaListener.java:[1133,9] cannot find symbol
  symbol:   class ArenaClass
  location: class com.garbagemule.mobarena.ArenaListener
[ERROR] /workspaces/xxxx/code_cure_agent/cca_workspace/MobArena/src/main/java/com/garbagemule/MobArena/ArenaListener.java:[1142,42] cannot find symbol
  symbol:   variable Msg
  location: class com.garbagemule.mobarena.ArenaListener
[ERROR] /workspaces/xxxx/code_cure_agent/cca_workspace/MobArena/src/main/java/com/garbagemule/MobArena/ArenaListener.java:[1150,46] cannot find symbol
  symbol:   variable Msg
  location: class com.garbagemule.mobarena.ArenaListener
[ERROR] /workspaces/xxxx/code_cure_agent/cca_workspace/MobArena/src/main/java/com/garbagemule/MobArena/ArenaListener.java:[1180,25] cannot find symbol
  symbol: class ArenaClass
[ERROR] /workspaces/xxxx/code_cure_agent/cca_workspace/MobArena/src/main/java/com/garbagemule/MobArena/ArenaListener.java:[1190,50] cannot find symbol
  symbol: variable Msg
[ERROR] /workspaces/xxxx/code_cure_agent/cca_workspace/MobArena/src/main/java/com/garbagemule/MobArena/ArenaListener.java:[1192,54] cannot find symbol
  symbol: variable Msg
[ERROR] /workspaces/xxxx/code_cure_agent/cca_workspace/MobArena/src/main/java/com/garbagemule/MobArena/ArenaListener.java:[1197,50] cannot find symbol
  symbol: variable Msg
[ERROR] /workspaces/xxxx/code_cure_agent/cca_workspace/MobArena/src/main/java/com/garbagemule/MobArena/ArenaListener.java:[1264,50] cannot find symbol
  symbol:   variable Msg
  location: class com.garbagemule.mobarena.ArenaListener
[ERROR] /workspaces/xxxx/code_cure_agent/cca_workspace/MobArena/src/main/java/com/garbagemule/MobArena/ArenaListener.java:[1271,50] cannot find symbol
  symbol:   variable Msg
  location: class com.garbagemule.mobarena.ArenaListener
[ERROR] /workspaces/xxxx/code_cure_agent/cca_workspace/MobArena/src/main/java/com/garbagemule/MobArena/ArenaListener.java:[1279,46] cannot find symbol
  symbol:   variable Msg
  location: class com.garbagemule.mobarena.ArenaListener
[ERROR] /workspaces/xxxx/code_cure_agent/cca_workspace/MobArena/src/main/java/com/garbagemule/MobArena/ArenaListener.java:[1314,38] cannot find symbol
  symbol:   variable Msg
  location: class com.garbagemule.mobarena.ArenaListener
[INFO] 38 errors 
[INFO] -------------------------------------------------------------
[INFO] ------------------------------------------------------------------------
[INFO] BUILD FAILURE
[INFO] ------------------------------------------------------------------------
[INFO] Total time:  2.561 s
[INFO] Finished at: 2025-08-30T02:31:34Z
[INFO] ------------------------------------------------------------------------
[ERROR] Failed to execute goal org.apache.maven.plugins:maven-compiler-plugin:3.8.1:compile (default-compile) on project mobarena: Compilation failure: Compilation failure: 
[ERROR] /workspaces/xxxx/code_cure_agent/cca_workspace/MobArena/src/main/java/com/garbagemule/MobArena/ArenaListener.java:[107,8] duplicate class: com.garbagemule.mobarena.ArenaListener
[ERROR] /workspaces/xxxx/code_cure_agent/cca_workspace/MobArena/src/main/java/com/garbagemule/MobArena/framework/Arena.java:[4,32] cannot access com.garbagemule.MobArena.ArenaListener
[ERROR]   bad source file: /workspaces/xxxx/code_cure_agent/cca_workspace/MobArena/src/main/java/com/garbagemule/MobArena/ArenaListener.java
[ERROR]     file does not contain class com.garbagemule.MobArena.ArenaListener
[ERROR]     Please remove or make sure it appears in the correct subdirectory of the sourcepath.
[ERROR] /workspaces/xxxx/code_cure_agent/cca_workspace/MobArena/src/main/java/com/garbagemule/MobArena/framework/Arena.java:[85,5] cannot find symbol
[ERROR]   symbol:   class ArenaListener
[ERROR]   location: interface com.garbagemule.MobArena.framework.Arena
[ERROR] /workspaces/xxxx/code_cure_agent/cca_workspace/MobArena/src/main/java/com/garbagemule/MobArena/ArenaListener.java:[109,13] cannot find symbol
[ERROR]   symbol:   class MobArena
[ERROR]   location: class com.garbagemule.mobarena.ArenaListener
[ERROR] /workspaces/xxxx/code_cure_agent/cca_workspace/MobArena/src/main/java/com/garbagemule/MobArena/ArenaListener.java:[112,13] cannot find symbol
[ERROR]   symbol:   class MonsterManager
[ERROR]   location: class com.garbagemule.mobarena.ArenaListener
[ERROR] /workspaces/xxxx/code_cure_agent/cca_workspace/MobArena/src/main/java/com/garbagemule/MobArena/ArenaListener.java:[113,13] cannot find symbol
[ERROR]   symbol:   class ClassLimitManager
[ERROR]   location: class com.garbagemule.mobarena.ArenaListener
[ERROR] /workspaces/xxxx/code_cure_agent/cca_workspace/MobArena/src/main/java/com/garbagemule/MobArena/ArenaListener.java:[133,39] cannot find symbol
[ERROR]   symbol:   class MobArena
[ERROR]   location: class com.garbagemule.mobarena.ArenaListener
[ERROR] /workspaces/xxxx/code_cure_agent/cca_workspace/MobArena/src/main/java/com/garbagemule/MobArena/ArenaListener.java:[536,28] cannot find symbol
[ERROR]   symbol:   variable Msg
[ERROR]   location: class com.garbagemule.mobarena.ArenaListener
[ERROR] /workspaces/xxxx/code_cure_agent/cca_workspace/MobArena/src/main/java/com/garbagemule/MobArena/ArenaListener.java:[555,34] death(org.bukkit.entity.Player) is not public in com.garbagemule.MobArena.ScoreboardManager; cannot be accessed from outside package
[ERROR] /workspaces/xxxx/code_cure_agent/cca_workspace/MobArena/src/main/java/com/garbagemule/MobArena/ArenaListener.java:[560,34] death(org.bukkit.entity.Player) is not public in com.garbagemule.MobArena.ScoreboardManager; cannot be accessed from outside package
[ERROR] /workspaces/xxxx/code_cure_agent/cca_workspace/MobArena/src/main/java/com/garbagemule/MobArena/ArenaListener.java:[604,13] cannot find symbol
[ERROR]   symbol:   class ArenaPlayer
[ERROR]   location: class com.garbagemule.mobarena.ArenaListener
[ERROR] /workspaces/xxxx/code_cure_agent/cca_workspace/MobArena/src/main/java/com/garbagemule/MobArena/ArenaListener.java:[606,17] cannot find symbol
[ERROR]   symbol:   class ArenaPlayerStatistics
[ERROR]   location: class com.garbagemule.mobarena.ArenaListener
[ERROR] /workspaces/xxxx/code_cure_agent/cca_workspace/MobArena/src/main/java/com/garbagemule/MobArena/ArenaListener.java:[609,42] addKill(org.bukkit.entity.Player) is not public in com.garbagemule.MobArena.ScoreboardManager; cannot be accessed from outside package
[ERROR] /workspaces/xxxx/code_cure_agent/cca_workspace/MobArena/src/main/java/com/garbagemule/MobArena/ArenaListener.java:[614,54] cannot find symbol
[ERROR]   symbol:   variable Msg
[ERROR]   location: class com.garbagemule.mobarena.ArenaListener
[ERROR] /workspaces/xxxx/code_cure_agent/cca_workspace/MobArena/src/main/java/com/garbagemule/MobArena/ArenaListener.java:[621,64] cannot find symbol
[ERROR]   symbol:   variable Msg
[ERROR]   location: class com.garbagemule.mobarena.ArenaListener
[ERROR] /workspaces/xxxx/code_cure_agent/cca_workspace/MobArena/src/main/java/com/garbagemule/MobArena/ArenaListener.java:[789,13] cannot find symbol
[ERROR]   symbol:   class ArenaPlayerStatistics
[ERROR]   location: class com.garbagemule.mobarena.ArenaListener
[ERROR] /workspaces/xxxx/code_cure_agent/cca_workspace/MobArena/src/main/java/com/garbagemule/MobArena/ArenaListener.java:[796,17] cannot find symbol
[ERROR]   symbol:   class ArenaPlayerStatistics
[ERROR]   location: class com.garbagemule.mobarena.ArenaListener
[ERROR] /workspaces/xxxx/code_cure_agent/cca_workspace/MobArena/src/main/java/com/garbagemule/MobArena/ArenaListener.java:[864,29] cannot find symbol
[ERROR]   symbol:   variable MAUtils
[ERROR]   location: class com.garbagemule.mobarena.ArenaListener
[ERROR] /workspaces/xxxx/code_cure_agent/cca_workspace/MobArena/src/main/java/com/garbagemule/MobArena/ArenaListener.java:[1019,46] cannot find symbol
[ERROR]   symbol:   variable Msg
[ERROR]   location: class com.garbagemule.mobarena.ArenaListener
[ERROR] /workspaces/xxxx/code_cure_agent/cca_workspace/MobArena/src/main/java/com/garbagemule/MobArena/ArenaListener.java:[1026,42] cannot find symbol
[ERROR]   symbol:   variable Msg
[ERROR]   location: class com.garbagemule.mobarena.ArenaListener
[ERROR] /workspaces/xxxx/code_cure_agent/cca_workspace/MobArena/src/main/java/com/garbagemule/MobArena/ArenaListener.java:[1032,42] cannot find symbol
[ERROR]   symbol:   variable Msg
[ERROR]   location: class com.garbagemule.mobarena.ArenaListener
[ERROR] /workspaces/xxxx/code_cure_agent/cca_workspace/MobArena/src/main/java/com/garbagemule/MobArena/ArenaListener.java:[1037,46] cannot find symbol
[ERROR]   symbol:   variable Msg
[ERROR]   location: class com.garbagemule.mobarena.ArenaListener
[ERROR] /workspaces/xxxx/code_cure_agent/cca_workspace/MobArena/src/main/java/com/garbagemule/MobArena/ArenaListener.java:[1048,42] cannot find symbol
[ERROR]   symbol:   variable Msg
[ERROR]   location: class com.garbagemule.mobarena.ArenaListener
[ERROR] /workspaces/xxxx/code_cure_agent/cca_workspace/MobArena/src/main/java/com/garbagemule/MobArena/ArenaListener.java:[1109,42] cannot find symbol
[ERROR]   symbol:   variable Msg
[ERROR]   location: class com.garbagemule.mobarena.ArenaListener
[ERROR] /workspaces/xxxx/code_cure_agent/cca_workspace/MobArena/src/main/java/com/garbagemule/MobArena/ArenaListener.java:[1113,42] cannot find symbol
[ERROR]   symbol:   variable Msg
[ERROR]   location: class com.garbagemule.mobarena.ArenaListener
[ERROR] /workspaces/xxxx/code_cure_agent/cca_workspace/MobArena/src/main/java/com/garbagemule/MobArena/ArenaListener.java:[1125,9] cannot find symbol
[ERROR]   symbol:   class ArenaClass
[ERROR]   location: class com.garbagemule.mobarena.ArenaListener
[ERROR] /workspaces/xxxx/code_cure_agent/cca_workspace/MobArena/src/main/java/com/garbagemule/MobArena/ArenaListener.java:[1129,42] cannot find symbol
[ERROR]   symbol:   variable Msg
[ERROR]   location: class com.garbagemule.mobarena.ArenaListener
[ERROR] /workspaces/xxxx/code_cure_agent/cca_workspace/MobArena/src/main/java/com/garbagemule/MobArena/ArenaListener.java:[1133,9] cannot find symbol
[ERROR]   symbol:   class ArenaClass
[ERROR]   location: class com.garbagemule.mobarena.ArenaListener
[ERROR] /workspaces/xxxx/code_cure_agent/cca_workspace/MobArena/src/main/java/com/garbagemule/MobArena/ArenaListener.java:[1142,42] cannot find symbol
[ERROR]   symbol:   variable Msg
[ERROR]   location: class com.garbagemule.mobarena.ArenaListener
[ERROR] /workspaces/xxxx/code_cure_agent/cca_workspace/MobArena/src/main/java/com/garbagemule/MobArena/ArenaListener.java:[1150,46] cannot find symbol
[ERROR]   symbol:   variable Msg
[ERROR]   location: class com.garbagemule.mobarena.ArenaListener
[ERROR] /workspaces/xxxx/code_cure_agent/cca_workspace/MobArena/src/main/java/com/garbagemule/MobArena/ArenaListener.java:[1180,25] cannot find symbol
[ERROR]   symbol: class ArenaClass
[ERROR] /workspaces/xxxx/code_cure_agent/cca_workspace/MobArena/src/main/java/com/garbagemule/MobArena/ArenaListener.java:[1190,50] cannot find symbol
[ERROR]   symbol: variable Msg
[ERROR] /workspaces/xxxx/code_cure_agent/cca_workspace/MobArena/src/main/java/com/garbagemule/MobArena/ArenaListener.java:[1192,54] cannot find symbol
[ERROR]   symbol: variable Msg
[ERROR] /workspaces/xxxx/code_cure_agent/cca_workspace/MobArena/src/main/java/com/garbagemule/MobArena/ArenaListener.java:[1197,50] cannot find symbol
[ERROR]   symbol: variable Msg
[ERROR] /workspaces/xxxx/code_cure_agent/cca_workspace/MobArena/src/main/java/com/garbagemule/MobArena/ArenaListener.java:[1264,50] cannot find symbol
[ERROR]   symbol:   variable Msg
[ERROR]   location: class com.garbagemule.mobarena.ArenaListener
[ERROR] /workspaces/xxxx/code_cure_agent/cca_workspace/MobArena/src/main/java/com/garbagemule/MobArena/ArenaListener.java:[1271,50] cannot find symbol
[ERROR]   symbol:   variable Msg
[ERROR]   location: class com.garbagemule.mobarena.ArenaListener
[ERROR] /workspaces/xxxx/code_cure_agent/cca_workspace/MobArena/src/main/java/com/garbagemule/MobArena/ArenaListener.java:[1279,46] cannot find symbol
[ERROR]   symbol:   variable Msg
[ERROR]   location: class com.garbagemule.mobarena.ArenaListener
[ERROR] /workspaces/xxxx/code_cure_agent/cca_workspace/MobArena/src/main/java/com/garbagemule/MobArena/ArenaListener.java:[1314,38] cannot find symbol
[ERROR]   symbol:   variable Msg
[ERROR]   location: class com.garbagemule.mobarena.ArenaListener
[ERROR] -> [Help 1]
[ERROR] 
[ERROR] To see the full stack trace of the errors, re-run Maven with the -e switch.
[ERROR] Re-run Maven using the -X switch to enable full debug logging.
[ERROR] 
[ERROR] For more information about the errors and possible solutions, please read the following articles:
[ERROR] [Help 1] http://cwiki.apache.org/confluence/display/MAVEN/MojoFailureException
