[INFO] Scanning for projects...
[INFO] ------------------------------------------------------------------------
[INFO] Reactor Build Order:
[INFO] 
[INFO] parent                                                             [pom]
[INFO] FrameWorkMinimized                                                 [jar]
[INFO] msgparser                                                          [jar]
[INFO] MSGViewer                                                          [jar]
[INFO] 
[INFO] ------------------< net.sourceforge.msgviewer:parent >------------------
[INFO] Building parent 1.9.0-SNAPSHOT                                     [1/4]
[INFO] --------------------------------[ pom ]---------------------------------
[INFO] 
[INFO] --- maven-clean-plugin:2.5:clean (default-clean) @ parent ---
[INFO] 
[INFO] --------------------< at.redeye:FrameWorkMinimized >--------------------
[INFO] Building FrameWorkMinimized 1.9.0-SNAPSHOT                         [2/4]
[INFO] --------------------------------[ jar ]---------------------------------
[INFO] 
[INFO] --- maven-clean-plugin:2.5:clean (default-clean) @ FrameWorkMinimized ---
[INFO] Deleting /workspaces/master-thesis-pascal-joos/code_cure_agent/cca_workspace/MsgViewer/FrameWorkMinimized/target
[INFO] 
[INFO] --- maven-resources-plugin:2.4.3:resources (default-resources) @ FrameWorkMinimized ---
[INFO] Using 'UTF-8' encoding to copy filtered resources.
[INFO] Copying 75 resources
[INFO] 
[INFO] --- maven-compiler-plugin:2.3.2:compile (default-compile) @ FrameWorkMinimized ---
[INFO] Compiling 177 source files to /workspaces/master-thesis-pascal-joos/code_cure_agent/cca_workspace/MsgViewer/FrameWorkMinimized/target/classes
[INFO] 
[INFO] --- maven-resources-plugin:2.4.3:testResources (default-testResources) @ FrameWorkMinimized ---
[INFO] Using 'UTF-8' encoding to copy filtered resources.
[INFO] Copying 3 resources
[INFO] 
[INFO] --- maven-compiler-plugin:2.3.2:testCompile (default-testCompile) @ FrameWorkMinimized ---
[INFO] Compiling 10 source files to /workspaces/master-thesis-pascal-joos/code_cure_agent/cca_workspace/MsgViewer/FrameWorkMinimized/target/test-classes
[INFO] 
[INFO] --- maven-surefire-plugin:2.12.4:test (default-test) @ FrameWorkMinimized ---
[INFO] Tests are skipped.
[INFO] 
[INFO] --- maven-jar-plugin:2.4:jar (default-jar) @ FrameWorkMinimized ---
[INFO] Building jar: /workspaces/master-thesis-pascal-joos/code_cure_agent/cca_workspace/MsgViewer/FrameWorkMinimized/target/FrameWorkMinimized-1.9.0-SNAPSHOT.jar
[INFO] 
[INFO] -----------------------< com.auxilii:msgparser >------------------------
[INFO] Building msgparser 1.9.0-SNAPSHOT                                  [3/4]
[INFO] --------------------------------[ jar ]---------------------------------
[INFO] 
[INFO] --- maven-clean-plugin:2.5:clean (default-clean) @ msgparser ---
[INFO] Deleting /workspaces/master-thesis-pascal-joos/code_cure_agent/cca_workspace/MsgViewer/msgparser/target
[INFO] 
[INFO] --- maven-resources-plugin:2.4.3:resources (default-resources) @ msgparser ---
[INFO] Using 'UTF-8' encoding to copy filtered resources.
[INFO] skip non existing resourceDirectory /workspaces/master-thesis-pascal-joos/code_cure_agent/cca_workspace/MsgViewer/msgparser/src/main/resources
[INFO] 
[INFO] --- maven-compiler-plugin:2.3.2:compile (default-compile) @ msgparser ---
[INFO] Compiling 11 source files to /workspaces/master-thesis-pascal-joos/code_cure_agent/cca_workspace/MsgViewer/msgparser/target/classes
[INFO] 
[INFO] --- maven-resources-plugin:2.4.3:testResources (default-testResources) @ msgparser ---
[INFO] Using 'UTF-8' encoding to copy filtered resources.
[INFO] skip non existing resourceDirectory /workspaces/master-thesis-pascal-joos/code_cure_agent/cca_workspace/MsgViewer/msgparser/src/test/resources
[INFO] 
[INFO] --- maven-compiler-plugin:2.3.2:testCompile (default-testCompile) @ msgparser ---
[INFO] No sources to compile
[INFO] 
[INFO] --- maven-surefire-plugin:2.12.4:test (default-test) @ msgparser ---
[INFO] Tests are skipped.
[INFO] 
[INFO] --- maven-jar-plugin:2.4:jar (default-jar) @ msgparser ---
[INFO] Building jar: /workspaces/master-thesis-pascal-joos/code_cure_agent/cca_workspace/MsgViewer/msgparser/target/msgparser-1.9.0-SNAPSHOT.jar
[INFO] 
[INFO] ----------------< net.sourceforge.msgviewer:msgviewer >-----------------
[INFO] Building MSGViewer 1.9.0-SNAPSHOT                                  [4/4]
[INFO] --------------------------------[ jar ]---------------------------------
[INFO] 
[INFO] --- maven-clean-plugin:2.5:clean (default-clean) @ msgviewer ---
[INFO] Deleting /workspaces/master-thesis-pascal-joos/code_cure_agent/cca_workspace/MsgViewer/MSGViewer/target
[INFO] 
[INFO] --- javacc-maven-plugin:2.6:javacc (default) @ msgviewer ---
Java Compiler Compiler Version 5.0 (Parser Generator)
(type "javacc" with no arguments for help)
Reading from file /workspaces/master-thesis-pascal-joos/code_cure_agent/cca_workspace/MsgViewer/MSGViewer/src/main/javacc/net/sourceforge/MSGViewer/rtfparser/RTFParser.jj . . .
File "TokenMgrError.java" does not exist.  Will create one.
File "ParseException.java" does not exist.  Will create one.
File "Token.java" does not exist.  Will create one.
File "SimpleCharStream.java" does not exist.  Will create one.
Parser generated successfully.
[INFO] Processed 1 grammar
[INFO] 
[INFO] --- maven-resources-plugin:2.4.3:resources (default-resources) @ msgviewer ---
[INFO] Using 'UTF-8' encoding to copy filtered resources.
[INFO] Copying 31 resources
[INFO] 
[INFO] --- maven-compiler-plugin:2.3.2:compile (default-compile) @ msgviewer ---
[INFO] Compiling 86 source files to /workspaces/master-thesis-pascal-joos/code_cure_agent/cca_workspace/MsgViewer/MSGViewer/target/classes
[INFO] -------------------------------------------------------------
[ERROR] COMPILATION ERROR : 
[INFO] -------------------------------------------------------------
[ERROR] /workspaces/master-thesis-pascal-joos/code_cure_agent/cca_workspace/MsgViewer/MSGViewer/src/main/java/net/sourceforge/MSGViewer/SingleWin.java:[19,87] error: cannot access LoadMessageInterface
[ERROR]  /workspaces/master-thesis-pascal-joos/code_cure_agent/cca_workspace/MsgViewer/MSGViewer/src/main/java/net/sourceforge/MSGViewer/LoadMessageInterface.java
    file does not contain class net.sourceforge.MSGViewer.LoadMessageInterface
    Please remove or make sure it appears in the correct subdirectory of the sourcepath.
/workspaces/master-thesis-pascal-joos/code_cure_agent/cca_workspace/MsgViewer/MSGViewer/src/main/java/net/sourceforge/MSGViewer/LoadMessageInterface.java:[12,7] error: duplicate class: net.sourceforge.msgviewer.LoadMessageInterface
[ERROR] /workspaces/master-thesis-pascal-joos/code_cure_agent/cca_workspace/MsgViewer/MSGViewer/src/main/java/net/sourceforge/MSGViewer/SingleWin.java:[277,4] error: method does not override or implement a method from a supertype
[ERROR] /workspaces/master-thesis-pascal-joos/code_cure_agent/cca_workspace/MsgViewer/MSGViewer/src/main/java/net/sourceforge/MSGViewer/MainWin.java:[305,4] error: method does not override or implement a method from a supertype
[INFO] 4 errors 
[INFO] -------------------------------------------------------------
[INFO] ------------------------------------------------------------------------
[INFO] Reactor Summary for parent 1.9.0-SNAPSHOT:
[INFO] 
[INFO] parent ............................................. SUCCESS [  0.113 s]
[INFO] FrameWorkMinimized ................................. SUCCESS [  3.504 s]
[INFO] msgparser .......................................... SUCCESS [  0.231 s]
[INFO] MSGViewer .......................................... FAILURE [  0.768 s]
[INFO] ------------------------------------------------------------------------
[INFO] BUILD FAILURE
[INFO] ------------------------------------------------------------------------
[INFO] Total time:  4.723 s
[INFO] Finished at: 2025-08-30T11:57:12Z
[INFO] ------------------------------------------------------------------------
[ERROR] Failed to execute goal org.apache.maven.plugins:maven-compiler-plugin:2.3.2:compile (default-compile) on project msgviewer: Compilation failure: Compilation failure: 
[ERROR] /workspaces/master-thesis-pascal-joos/code_cure_agent/cca_workspace/MsgViewer/MSGViewer/src/main/java/net/sourceforge/MSGViewer/SingleWin.java:[19,87] error: cannot access LoadMessageInterface
[ERROR]  /workspaces/master-thesis-pascal-joos/code_cure_agent/cca_workspace/MsgViewer/MSGViewer/src/main/java/net/sourceforge/MSGViewer/LoadMessageInterface.java
[ERROR]     file does not contain class net.sourceforge.MSGViewer.LoadMessageInterface
[ERROR]     Please remove or make sure it appears in the correct subdirectory of the sourcepath.
[ERROR] /workspaces/master-thesis-pascal-joos/code_cure_agent/cca_workspace/MsgViewer/MSGViewer/src/main/java/net/sourceforge/MSGViewer/LoadMessageInterface.java:[12,7] error: duplicate class: net.sourceforge.msgviewer.LoadMessageInterface
[ERROR] /workspaces/master-thesis-pascal-joos/code_cure_agent/cca_workspace/MsgViewer/MSGViewer/src/main/java/net/sourceforge/MSGViewer/SingleWin.java:[277,4] error: method does not override or implement a method from a supertype
[ERROR] /workspaces/master-thesis-pascal-joos/code_cure_agent/cca_workspace/MsgViewer/MSGViewer/src/main/java/net/sourceforge/MSGViewer/MainWin.java:[305,4] error: method does not override or implement a method from a supertype
[ERROR] -> [Help 1]
[ERROR] 
[ERROR] To see the full stack trace of the errors, re-run Maven with the -e switch.
[ERROR] Re-run Maven using the -X switch to enable full debug logging.
[ERROR] 
[ERROR] For more information about the errors and possible solutions, please read the following articles:
[ERROR] [Help 1] http://cwiki.apache.org/confluence/display/MAVEN/MojoFailureException
[ERROR] 
[ERROR] After correcting the problems, you can resume the build with the command
[ERROR]   mvn <args> -rf :msgviewer
