[INFO] Scanning for projects...
[INFO] Inspecting build with total of 1 modules...
[INFO] Installing Nexus Staging features:
[INFO]   ... total of 1 executions of maven-deploy-plugin replaced with nexus-staging-maven-plugin
[INFO] 
[INFO] ----------------< com.esri.geometry:esri-geometry-api >-----------------
[INFO] Building Esri Geometry API for Java 2.2.4
[INFO] --------------------------------[ jar ]---------------------------------
[INFO] 
[INFO] --- maven-clean-plugin:2.5:clean (default-clean) @ esri-geometry-api ---
[INFO] 
[INFO] --- maven-resources-plugin:2.6:resources (default-resources) @ esri-geometry-api ---
[INFO] Using 'UTF-8' encoding to copy filtered resources.
[INFO] Copying 6 resources
[INFO] 
[INFO] --- maven-compiler-plugin:2.3.1:compile (default-compile) @ esri-geometry-api ---
[INFO] Compiling 262 source files to /workspaces/CodeCureAgent/code_cure_agent/cca_workspace_4/geometry-api-java/target/classes
[INFO] -------------------------------------------------------------
[WARNING] COMPILATION WARNING : 
[INFO] -------------------------------------------------------------
[WARNING] /workspaces/CodeCureAgent/code_cure_agent/cca_workspace_4/geometry-api-java/src/main/java/com/esri/core/geometry/SizeOf.java:[27,22] Unsafe is internal proprietary API and may be removed in a future release

[WARNING] /workspaces/CodeCureAgent/code_cure_agent/cca_workspace_4/geometry-api-java/src/main/java/com/esri/core/geometry/SizeOf.java:[28,22] Unsafe is internal proprietary API and may be removed in a future release

[WARNING] /workspaces/CodeCureAgent/code_cure_agent/cca_workspace_4/geometry-api-java/src/main/java/com/esri/core/geometry/SizeOf.java:[29,22] Unsafe is internal proprietary API and may be removed in a future release

[WARNING] /workspaces/CodeCureAgent/code_cure_agent/cca_workspace_4/geometry-api-java/src/main/java/com/esri/core/geometry/SizeOf.java:[30,22] Unsafe is internal proprietary API and may be removed in a future release

[WARNING] /workspaces/CodeCureAgent/code_cure_agent/cca_workspace_4/geometry-api-java/src/main/java/com/esri/core/geometry/SizeOf.java:[31,22] Unsafe is internal proprietary API and may be removed in a future release

[WARNING] /workspaces/CodeCureAgent/code_cure_agent/cca_workspace_4/geometry-api-java/src/main/java/com/esri/core/geometry/SizeOf.java:[32,22] Unsafe is internal proprietary API and may be removed in a future release

[WARNING] /workspaces/CodeCureAgent/code_cure_agent/cca_workspace_4/geometry-api-java/src/main/java/com/esri/core/geometry/SizeOf.java:[33,22] Unsafe is internal proprietary API and may be removed in a future release

[WARNING] /workspaces/CodeCureAgent/code_cure_agent/cca_workspace_4/geometry-api-java/src/main/java/com/esri/core/geometry/SizeOf.java:[34,22] Unsafe is internal proprietary API and may be removed in a future release

[WARNING] /workspaces/CodeCureAgent/code_cure_agent/cca_workspace_4/geometry-api-java/src/main/java/com/esri/core/geometry/SizeOf.java:[35,22] Unsafe is internal proprietary API and may be removed in a future release

[WARNING] /workspaces/CodeCureAgent/code_cure_agent/cca_workspace_4/geometry-api-java/src/main/java/com/esri/core/geometry/SizeOf.java:[36,22] Unsafe is internal proprietary API and may be removed in a future release

[WARNING] /workspaces/CodeCureAgent/code_cure_agent/cca_workspace_4/geometry-api-java/src/main/java/com/esri/core/geometry/SizeOf.java:[37,22] Unsafe is internal proprietary API and may be removed in a future release

[WARNING] /workspaces/CodeCureAgent/code_cure_agent/cca_workspace_4/geometry-api-java/src/main/java/com/esri/core/geometry/SizeOf.java:[38,22] Unsafe is internal proprietary API and may be removed in a future release

[WARNING] /workspaces/CodeCureAgent/code_cure_agent/cca_workspace_4/geometry-api-java/src/main/java/com/esri/core/geometry/SizeOf.java:[39,22] Unsafe is internal proprietary API and may be removed in a future release

[WARNING] /workspaces/CodeCureAgent/code_cure_agent/cca_workspace_4/geometry-api-java/src/main/java/com/esri/core/geometry/SizeOf.java:[40,22] Unsafe is internal proprietary API and may be removed in a future release

[WARNING] /workspaces/CodeCureAgent/code_cure_agent/cca_workspace_4/geometry-api-java/src/main/java/com/esri/core/geometry/SizeOf.java:[41,22] Unsafe is internal proprietary API and may be removed in a future release

[WARNING] /workspaces/CodeCureAgent/code_cure_agent/cca_workspace_4/geometry-api-java/src/main/java/com/esri/core/geometry/SizeOf.java:[42,22] Unsafe is internal proprietary API and may be removed in a future release

[INFO] 16 warnings 
[INFO] -------------------------------------------------------------
[INFO] -------------------------------------------------------------
[ERROR] COMPILATION ERROR : 
[INFO] -------------------------------------------------------------
[ERROR] /workspaces/CodeCureAgent/code_cure_agent/cca_workspace_4/geometry-api-java/src/main/java/com/esri/core/geometry/SweepComparator.java:[140,24] error: cannot find symbol

[ERROR]  variable m_shape of type EditShape
/workspaces/CodeCureAgent/code_cure_agent/cca_workspace_4/geometry-api-java/src/main/java/com/esri/core/geometry/SweepComparator.java:[143,10] error: cannot find symbol

[ERROR]  variable m_shape of type EditShape
/workspaces/CodeCureAgent/code_cure_agent/cca_workspace_4/geometry-api-java/src/main/java/com/esri/core/geometry/SweepComparator.java:[535,24] error: cannot find symbol

[ERROR]  variable shape of type EditShape
/workspaces/CodeCureAgent/code_cure_agent/cca_workspace_4/geometry-api-java/src/main/java/com/esri/core/geometry/EditShape.java:[93,10] error: cannot find symbol

[ERROR]  variable m_shape of type EditShape
/workspaces/CodeCureAgent/code_cure_agent/cca_workspace_4/geometry-api-java/src/main/java/com/esri/core/geometry/EditShape.java:[98,17] error: cannot find symbol

[ERROR]  variable m_shape of type EditShape
/workspaces/CodeCureAgent/code_cure_agent/cca_workspace_4/geometry-api-java/src/main/java/com/esri/core/geometry/EditShape.java:[294,28] error: cannot find symbol

[ERROR]  class EditShape
/workspaces/CodeCureAgent/code_cure_agent/cca_workspace_4/geometry-api-java/src/main/java/com/esri/core/geometry/EditShape.java:[294,52] error: cannot find symbol

[ERROR]  class EditShape
/workspaces/CodeCureAgent/code_cure_agent/cca_workspace_4/geometry-api-java/src/main/java/com/esri/core/geometry/EditShape.java:[295,26] error: cannot find symbol

[ERROR]  class EditShape
/workspaces/CodeCureAgent/code_cure_agent/cca_workspace_4/geometry-api-java/src/main/java/com/esri/core/geometry/EditShape.java:[298,15] error: cannot find symbol

[ERROR]  class EditShape
/workspaces/CodeCureAgent/code_cure_agent/cca_workspace_4/geometry-api-java/src/main/java/com/esri/core/geometry/EditShape.java:[302,2] error: cannot find symbol

[ERROR]  class EditShape
/workspaces/CodeCureAgent/code_cure_agent/cca_workspace_4/geometry-api-java/src/main/java/com/esri/core/geometry/EditShape.java:[303,2] error: cannot find symbol

[ERROR]  class EditShape
/workspaces/CodeCureAgent/code_cure_agent/cca_workspace_4/geometry-api-java/src/main/java/com/esri/core/geometry/EditShape.java:[304,2] error: cannot find symbol

[ERROR]  class EditShape
/workspaces/CodeCureAgent/code_cure_agent/cca_workspace_4/geometry-api-java/src/main/java/com/esri/core/geometry/EditShape.java:[307,3] error: cannot find symbol

[ERROR]  class EditShape
/workspaces/CodeCureAgent/code_cure_agent/cca_workspace_4/geometry-api-java/src/main/java/com/esri/core/geometry/EditShape.java:[310,3] error: cannot find symbol

[ERROR]  class EditShape
/workspaces/CodeCureAgent/code_cure_agent/cca_workspace_4/geometry-api-java/src/main/java/com/esri/core/geometry/EditShape.java:[313,14] error: cannot find symbol

[ERROR]  class EditShape
/workspaces/CodeCureAgent/code_cure_agent/cca_workspace_4/geometry-api-java/src/main/java/com/esri/core/geometry/EditShape.java:[315,3] error: cannot find symbol

[ERROR]  class EditShape
/workspaces/CodeCureAgent/code_cure_agent/cca_workspace_4/geometry-api-java/src/main/java/com/esri/core/geometry/EditShape.java:[318,3] error: cannot find symbol

[ERROR]  class EditShape
/workspaces/CodeCureAgent/code_cure_agent/cca_workspace_4/geometry-api-java/src/main/java/com/esri/core/geometry/EditShape.java:[321,3] error: cannot find symbol

[ERROR]  class EditShape
/workspaces/CodeCureAgent/code_cure_agent/cca_workspace_4/geometry-api-java/src/main/java/com/esri/core/geometry/EditShape.java:[322,3] error: cannot find symbol

[ERROR]  class EditShape
/workspaces/CodeCureAgent/code_cure_agent/cca_workspace_4/geometry-api-java/src/main/java/com/esri/core/geometry/EditShape.java:[325,21] error: cannot find symbol

[ERROR]  class EditShape
/workspaces/CodeCureAgent/code_cure_agent/cca_workspace_4/geometry-api-java/src/main/java/com/esri/core/geometry/EditShape.java:[326,17] error: cannot find symbol

[ERROR]  class EditShape
/workspaces/CodeCureAgent/code_cure_agent/cca_workspace_4/geometry-api-java/src/main/java/com/esri/core/geometry/EditShape.java:[327,36] error: cannot find symbol

[ERROR]  class EditShape
/workspaces/CodeCureAgent/code_cure_agent/cca_workspace_4/geometry-api-java/src/main/java/com/esri/core/geometry/EditShape.java:[362,6] error: cannot find symbol

[ERROR]  class EditShape
/workspaces/CodeCureAgent/code_cure_agent/cca_workspace_4/geometry-api-java/src/main/java/com/esri/core/geometry/EditShape.java:[363,15] error: cannot find symbol

[ERROR]  class EditShape
/workspaces/CodeCureAgent/code_cure_agent/cca_workspace_4/geometry-api-java/src/main/java/com/esri/core/geometry/EditShape.java:[364,14] error: cannot find symbol

[ERROR]  class EditShape
/workspaces/CodeCureAgent/code_cure_agent/cca_workspace_4/geometry-api-java/src/main/java/com/esri/core/geometry/EditShape.java:[367,4] error: cannot find symbol

[ERROR]  class EditShape
/workspaces/CodeCureAgent/code_cure_agent/cca_workspace_4/geometry-api-java/src/main/java/com/esri/core/geometry/EditShape.java:[368,4] error: cannot find symbol

[ERROR]  class EditShape
/workspaces/CodeCureAgent/code_cure_agent/cca_workspace_4/geometry-api-java/src/main/java/com/esri/core/geometry/EditShape.java:[370,17] error: cannot find symbol

[ERROR]  class EditShape
/workspaces/CodeCureAgent/code_cure_agent/cca_workspace_4/geometry-api-java/src/main/java/com/esri/core/geometry/EditShape.java:[373,4] error: cannot find symbol

[ERROR]  class EditShape
/workspaces/CodeCureAgent/code_cure_agent/cca_workspace_4/geometry-api-java/src/main/java/com/esri/core/geometry/EditShape.java:[374,4] error: cannot find symbol

[ERROR]  class EditShape
/workspaces/CodeCureAgent/code_cure_agent/cca_workspace_4/geometry-api-java/src/main/java/com/esri/core/geometry/EditShape.java:[375,17] error: cannot find symbol

[ERROR]  class EditShape
/workspaces/CodeCureAgent/code_cure_agent/cca_workspace_4/geometry-api-java/src/main/java/com/esri/core/geometry/OperatorCutCursor.java:[129,23] error: cannot find symbol

[ERROR]  variable shape of type EditShape
/workspaces/CodeCureAgent/code_cure_agent/cca_workspace_4/geometry-api-java/src/main/java/com/esri/core/geometry/OperatorCutCursor.java:[130,26] error: cannot find symbol

[ERROR]  variable shape of type EditShape
/workspaces/CodeCureAgent/code_cure_agent/cca_workspace_4/geometry-api-java/src/main/java/com/esri/core/geometry/OperatorCutCursor.java:[131,26] error: cannot find symbol

[ERROR]  variable shape of type EditShape
/workspaces/CodeCureAgent/code_cure_agent/cca_workspace_4/geometry-api-java/src/main/java/com/esri/core/geometry/OperatorCutCursor.java:[137,44] error: cannot find symbol

[ERROR]  variable shape of type EditShape
/workspaces/CodeCureAgent/code_cure_agent/cca_workspace_4/geometry-api-java/src/main/java/com/esri/core/geometry/OperatorCutCursor.java:[151,35] error: cannot find symbol

[ERROR]  variable shapeIntersect of type EditShape
/workspaces/CodeCureAgent/code_cure_agent/cca_workspace_4/geometry-api-java/src/main/java/com/esri/core/geometry/OperatorCutCursor.java:[153,7] error: cannot find symbol

[ERROR]  variable shape of type EditShape
/workspaces/CodeCureAgent/code_cure_agent/cca_workspace_4/geometry-api-java/src/main/java/com/esri/core/geometry/OperatorCutCursor.java:[157,33] error: cannot find symbol

[ERROR]  variable shapeIntersect of type EditShape
/workspaces/CodeCureAgent/code_cure_agent/cca_workspace_4/geometry-api-java/src/main/java/com/esri/core/geometry/OperatorCutCursor.java:[162,21] error: cannot find symbol

[ERROR]  variable shape of type EditShape
/workspaces/CodeCureAgent/code_cure_agent/cca_workspace_4/geometry-api-java/src/main/java/com/esri/core/geometry/OperatorCutCursor.java:[176,7] error: cannot find symbol

[ERROR]  variable shapeDifference of type EditShape
/workspaces/CodeCureAgent/code_cure_agent/cca_workspace_4/geometry-api-java/src/main/java/com/esri/core/geometry/OperatorCutCursor.java:[178,7] error: cannot find symbol

[ERROR]  variable shape of type EditShape
/workspaces/CodeCureAgent/code_cure_agent/cca_workspace_4/geometry-api-java/src/main/java/com/esri/core/geometry/OperatorCutCursor.java:[181,7] error: cannot find symbol

[ERROR]  variable shapeDifference of type EditShape
/workspaces/CodeCureAgent/code_cure_agent/cca_workspace_4/geometry-api-java/src/main/java/com/esri/core/geometry/ConvexHull.java:[34,29] error: cannot find symbol

[ERROR]  variable m_shape of type EditShape
/workspaces/CodeCureAgent/code_cure_agent/cca_workspace_4/geometry-api-java/src/main/java/com/esri/core/geometry/ConvexHull.java:[35,25] error: cannot find symbol

[ERROR]  variable m_shape of type EditShape
/workspaces/CodeCureAgent/code_cure_agent/cca_workspace_4/geometry-api-java/src/main/java/com/esri/core/geometry/ConvexHull.java:[85,36] error: cannot find symbol

[ERROR]  variable m_shape of type EditShape
/workspaces/CodeCureAgent/code_cure_agent/cca_workspace_4/geometry-api-java/src/main/java/com/esri/core/geometry/ConvexHull.java:[89,9] error: cannot find symbol

[ERROR]  variable m_shape of type EditShape
/workspaces/CodeCureAgent/code_cure_agent/cca_workspace_4/geometry-api-java/src/main/java/com/esri/core/geometry/ConvexHull.java:[93,10] error: cannot find symbol

[ERROR]  variable m_shape of type EditShape
/workspaces/CodeCureAgent/code_cure_agent/cca_workspace_4/geometry-api-java/src/main/java/com/esri/core/geometry/ConvexHull.java:[334,20] error: cannot find symbol

[ERROR]  variable m_shape of type EditShape
/workspaces/CodeCureAgent/code_cure_agent/cca_workspace_4/geometry-api-java/src/main/java/com/esri/core/geometry/ConvexHull.java:[350,20] error: cannot find symbol

[ERROR]  variable m_shape of type EditShape
/workspaces/CodeCureAgent/code_cure_agent/cca_workspace_4/geometry-api-java/src/main/java/com/esri/core/geometry/ConvexHull.java:[364,24] error: cannot find symbol

[ERROR]  variable m_shape of type EditShape
/workspaces/CodeCureAgent/code_cure_agent/cca_workspace_4/geometry-api-java/src/main/java/com/esri/core/geometry/ConvexHull.java:[374,22] error: cannot find symbol

[ERROR]  variable m_shape of type EditShape
/workspaces/CodeCureAgent/code_cure_agent/cca_workspace_4/geometry-api-java/src/main/java/com/esri/core/geometry/ConvexHull.java:[385,19] error: cannot find symbol

[ERROR]  variable m_shape of type EditShape
/workspaces/CodeCureAgent/code_cure_agent/cca_workspace_4/geometry-api-java/src/main/java/com/esri/core/geometry/ConvexHull.java:[400,25] error: cannot find symbol

[ERROR]  variable m_shape of type EditShape
/workspaces/CodeCureAgent/code_cure_agent/cca_workspace_4/geometry-api-java/src/main/java/com/esri/core/geometry/ConvexHull.java:[703,24] error: cannot find symbol

[ERROR]  variable m_shape of type EditShape
/workspaces/CodeCureAgent/code_cure_agent/cca_workspace_4/geometry-api-java/src/main/java/com/esri/core/geometry/ConvexHull.java:[710,24] error: cannot find symbol

[ERROR]  variable m_shape of type EditShape
/workspaces/CodeCureAgent/code_cure_agent/cca_workspace_4/geometry-api-java/src/main/java/com/esri/core/geometry/Cracker.java:[43,23] error: cannot find symbol

[ERROR]  variable m_shape of type EditShape
/workspaces/CodeCureAgent/code_cure_agent/cca_workspace_4/geometry-api-java/src/main/java/com/esri/core/geometry/Cracker.java:[45,15] error: cannot find symbol

[ERROR]  variable m_shape of type EditShape
/workspaces/CodeCureAgent/code_cure_agent/cca_workspace_4/geometry-api-java/src/main/java/com/esri/core/geometry/Cracker.java:[55,11] error: cannot find symbol

[ERROR]  class EditShape
/workspaces/CodeCureAgent/code_cure_agent/cca_workspace_4/geometry-api-java/src/main/java/com/esri/core/geometry/Cracker.java:[55,43] error: cannot find symbol

[ERROR]  variable m_shape of type EditShape
/workspaces/CodeCureAgent/code_cure_agent/cca_workspace_4/geometry-api-java/src/main/java/com/esri/core/geometry/Cracker.java:[96,12] error: cannot find symbol

[ERROR]  class EditShape
/workspaces/CodeCureAgent/code_cure_agent/cca_workspace_4/geometry-api-java/src/main/java/com/esri/core/geometry/Cracker.java:[140,14] error: cannot find symbol

[ERROR]  variable m_shape of type EditShape
/workspaces/CodeCureAgent/code_cure_agent/cca_workspace_4/geometry-api-java/src/main/java/com/esri/core/geometry/Cracker.java:[142,14] error: cannot find symbol

[ERROR]  variable m_shape of type EditShape
/workspaces/CodeCureAgent/code_cure_agent/cca_workspace_4/geometry-api-java/src/main/java/com/esri/core/geometry/Cracker.java:[150,13] error: cannot find symbol

[ERROR]  variable m_shape of type EditShape
/workspaces/CodeCureAgent/code_cure_agent/cca_workspace_4/geometry-api-java/src/main/java/com/esri/core/geometry/Cracker.java:[153,14] error: cannot find symbol

[ERROR]  variable m_shape of type EditShape
/workspaces/CodeCureAgent/code_cure_agent/cca_workspace_4/geometry-api-java/src/main/java/com/esri/core/geometry/Cracker.java:[159,15] error: cannot find symbol

[ERROR]  variable m_shape of type EditShape
/workspaces/CodeCureAgent/code_cure_agent/cca_workspace_4/geometry-api-java/src/main/java/com/esri/core/geometry/Cracker.java:[165,44] error: cannot find symbol

[ERROR]  variable m_shape of type EditShape
/workspaces/CodeCureAgent/code_cure_agent/cca_workspace_4/geometry-api-java/src/main/java/com/esri/core/geometry/Cracker.java:[165,107] error: cannot find symbol

[ERROR]  variable m_shape of type EditShape
/workspaces/CodeCureAgent/code_cure_agent/cca_workspace_4/geometry-api-java/src/main/java/com/esri/core/geometry/Cracker.java:[173,67] error: cannot find symbol

[ERROR]  variable m_shape of type EditShape
/workspaces/CodeCureAgent/code_cure_agent/cca_workspace_4/geometry-api-java/src/main/java/com/esri/core/geometry/Cracker.java:[175,33] error: cannot find symbol

[ERROR]  variable m_shape of type EditShape
/workspaces/CodeCureAgent/code_cure_agent/cca_workspace_4/geometry-api-java/src/main/java/com/esri/core/geometry/Cracker.java:[181,16] error: cannot find symbol

[ERROR]  variable m_shape of type EditShape
/workspaces/CodeCureAgent/code_cure_agent/cca_workspace_4/geometry-api-java/src/main/java/com/esri/core/geometry/Cracker.java:[189,13] error: cannot find symbol

[ERROR]  variable m_shape of type EditShape
/workspaces/CodeCureAgent/code_cure_agent/cca_workspace_4/geometry-api-java/src/main/java/com/esri/core/geometry/Cracker.java:[193,14] error: cannot find symbol

[ERROR]  variable m_shape of type EditShape
/workspaces/CodeCureAgent/code_cure_agent/cca_workspace_4/geometry-api-java/src/main/java/com/esri/core/geometry/Cracker.java:[199,15] error: cannot find symbol

[ERROR]  variable m_shape of type EditShape
/workspaces/CodeCureAgent/code_cure_agent/cca_workspace_4/geometry-api-java/src/main/java/com/esri/core/geometry/Cracker.java:[205,44] error: cannot find symbol

[ERROR]  variable m_shape of type EditShape
/workspaces/CodeCureAgent/code_cure_agent/cca_workspace_4/geometry-api-java/src/main/java/com/esri/core/geometry/Cracker.java:[205,107] error: cannot find symbol

[ERROR]  variable m_shape of type EditShape
/workspaces/CodeCureAgent/code_cure_agent/cca_workspace_4/geometry-api-java/src/main/java/com/esri/core/geometry/Cracker.java:[212,67] error: cannot find symbol

[ERROR]  variable m_shape of type EditShape
/workspaces/CodeCureAgent/code_cure_agent/cca_workspace_4/geometry-api-java/src/main/java/com/esri/core/geometry/Cracker.java:[213,33] error: cannot find symbol

[ERROR]  variable m_shape of type EditShape
/workspaces/CodeCureAgent/code_cure_agent/cca_workspace_4/geometry-api-java/src/main/java/com/esri/core/geometry/Cracker.java:[219,16] error: cannot find symbol

[ERROR]  variable m_shape of type EditShape
/workspaces/CodeCureAgent/code_cure_agent/cca_workspace_4/geometry-api-java/src/main/java/com/esri/core/geometry/Cracker.java:[232,21] error: cannot find symbol

[ERROR]  variable m_shape of type EditShape
/workspaces/CodeCureAgent/code_cure_agent/cca_workspace_4/geometry-api-java/src/main/java/com/esri/core/geometry/Cracker.java:[235,19] error: cannot find symbol

[ERROR]  variable m_shape of type EditShape
/workspaces/CodeCureAgent/code_cure_agent/cca_workspace_4/geometry-api-java/src/main/java/com/esri/core/geometry/Cracker.java:[276,25] error: cannot find symbol

[ERROR]  variable m_shape of type EditShape
/workspaces/CodeCureAgent/code_cure_agent/cca_workspace_4/geometry-api-java/src/main/java/com/esri/core/geometry/Cracker.java:[278,11] error: cannot find symbol

[ERROR]  class EditShape
/workspaces/CodeCureAgent/code_cure_agent/cca_workspace_4/geometry-api-java/src/main/java/com/esri/core/geometry/Cracker.java:[278,41] error: cannot find symbol

[ERROR]  variable m_shape of type EditShape
/workspaces/CodeCureAgent/code_cure_agent/cca_workspace_4/geometry-api-java/src/main/java/com/esri/core/geometry/Cracker.java:[282,17] error: cannot find symbol

[ERROR]  variable m_shape of type EditShape
/workspaces/CodeCureAgent/code_cure_agent/cca_workspace_4/geometry-api-java/src/main/java/com/esri/core/geometry/Cracker.java:[284,9] error: cannot find symbol

[ERROR]  variable m_shape of type EditShape
/workspaces/CodeCureAgent/code_cure_agent/cca_workspace_4/geometry-api-java/src/main/java/com/esri/core/geometry/Cracker.java:[287,28] error: cannot find symbol

[ERROR]  variable m_shape of type EditShape
/workspaces/CodeCureAgent/code_cure_agent/cca_workspace_4/geometry-api-java/src/main/java/com/esri/core/geometry/Cracker.java:[288,28] error: cannot find symbol

[ERROR]  variable m_shape of type EditShape
/workspaces/CodeCureAgent/code_cure_agent/cca_workspace_4/geometry-api-java/src/main/java/com/esri/core/geometry/Cracker.java:[302,10] error: cannot find symbol

[ERROR]  variable m_shape of type EditShape
/workspaces/CodeCureAgent/code_cure_agent/cca_workspace_4/geometry-api-java/src/main/java/com/esri/core/geometry/Cracker.java:[305,29] error: cannot find symbol

[ERROR]  variable m_shape of type EditShape
/workspaces/CodeCureAgent/code_cure_agent/cca_workspace_4/geometry-api-java/src/main/java/com/esri/core/geometry/Cracker.java:[306,29] error: cannot find symbol

[ERROR]  variable m_shape of type EditShape
/workspaces/CodeCureAgent/code_cure_agent/cca_workspace_4/geometry-api-java/src/main/java/com/esri/core/geometry/Cracker.java:[309,16] error: cannot find symbol

[ERROR]  variable m_shape of type EditShape
/workspaces/CodeCureAgent/code_cure_agent/cca_workspace_4/geometry-api-java/src/main/java/com/esri/core/geometry/Cracker.java:[315,16] error: cannot find symbol

[ERROR]  variable m_shape of type EditShape
/workspaces/CodeCureAgent/code_cure_agent/cca_workspace_4/geometry-api-java/src/main/java/com/esri/core/geometry/Cracker.java:[322,6] error: cannot find symbol

[ERROR]  variable m_shape of type EditShape
/workspaces/CodeCureAgent/code_cure_agent/cca_workspace_4/geometry-api-java/src/main/java/com/esri/core/geometry/Cracker.java:[325,12] error: cannot find symbol

[ERROR]  variable m_shape of type EditShape
/workspaces/CodeCureAgent/code_cure_agent/cca_workspace_4/geometry-api-java/src/main/java/com/esri/core/geometry/Cracker.java:[328,6] error: cannot find symbol

[ERROR]  variable m_shape of type EditShape
/workspaces/CodeCureAgent/code_cure_agent/cca_workspace_4/geometry-api-java/src/main/java/com/esri/core/geometry/Cracker.java:[331,12] error: cannot find symbol

[ERROR]  variable m_shape of type EditShape
/workspaces/CodeCureAgent/code_cure_agent/cca_workspace_4/geometry-api-java/src/main/java/com/esri/core/geometry/Cracker.java:[334,35] error: cannot find symbol

[ERROR]  variable m_shape of type EditShape
/workspaces/CodeCureAgent/code_cure_agent/cca_workspace_4/geometry-api-java/src/main/java/com/esri/core/geometry/Cracker.java:[435,21] error: cannot find symbol

[ERROR]  variable m_shape of type EditShape
/workspaces/CodeCureAgent/code_cure_agent/cca_workspace_4/geometry-api-java/src/main/java/com/esri/core/geometry/Cracker.java:[437,12] error: cannot find symbol

[ERROR]  variable m_shape of type EditShape
/workspaces/CodeCureAgent/code_cure_agent/cca_workspace_4/geometry-api-java/src/main/java/com/esri/core/geometry/Cracker.java:[439,20] error: cannot find symbol

[INFO] 100 errors 
[INFO] -------------------------------------------------------------
[INFO] ------------------------------------------------------------------------
[INFO] BUILD FAILURE
[INFO] ------------------------------------------------------------------------
[INFO] Total time:  5.177 s
[INFO] Finished at: 2026-01-30T11:06:53Z
[INFO] ------------------------------------------------------------------------
[ERROR] Failed to execute goal org.apache.maven.plugins:maven-compiler-plugin:2.3.1:compile (default-compile) on project esri-geometry-api: Compilation failure: Compilation failure: 
[ERROR] /workspaces/CodeCureAgent/code_cure_agent/cca_workspace_4/geometry-api-java/src/main/java/com/esri/core/geometry/SweepComparator.java:[140,24] error: cannot find symbol
[ERROR] 
[ERROR]  variable m_shape of type EditShape
[ERROR] /workspaces/CodeCureAgent/code_cure_agent/cca_workspace_4/geometry-api-java/src/main/java/com/esri/core/geometry/SweepComparator.java:[143,10] error: cannot find symbol
[ERROR] 
[ERROR]  variable m_shape of type EditShape
[ERROR] /workspaces/CodeCureAgent/code_cure_agent/cca_workspace_4/geometry-api-java/src/main/java/com/esri/core/geometry/SweepComparator.java:[535,24] error: cannot find symbol
[ERROR] 
[ERROR]  variable shape of type EditShape
[ERROR] /workspaces/CodeCureAgent/code_cure_agent/cca_workspace_4/geometry-api-java/src/main/java/com/esri/core/geometry/EditShape.java:[93,10] error: cannot find symbol
[ERROR] 
[ERROR]  variable m_shape of type EditShape
[ERROR] /workspaces/CodeCureAgent/code_cure_agent/cca_workspace_4/geometry-api-java/src/main/java/com/esri/core/geometry/EditShape.java:[98,17] error: cannot find symbol
[ERROR] 
[ERROR]  variable m_shape of type EditShape
[ERROR] /workspaces/CodeCureAgent/code_cure_agent/cca_workspace_4/geometry-api-java/src/main/java/com/esri/core/geometry/EditShape.java:[294,28] error: cannot find symbol
[ERROR] 
[ERROR]  class EditShape
[ERROR] /workspaces/CodeCureAgent/code_cure_agent/cca_workspace_4/geometry-api-java/src/main/java/com/esri/core/geometry/EditShape.java:[294,52] error: cannot find symbol
[ERROR] 
[ERROR]  class EditShape
[ERROR] /workspaces/CodeCureAgent/code_cure_agent/cca_workspace_4/geometry-api-java/src/main/java/com/esri/core/geometry/EditShape.java:[295,26] error: cannot find symbol
[ERROR] 
[ERROR]  class EditShape
[ERROR] /workspaces/CodeCureAgent/code_cure_agent/cca_workspace_4/geometry-api-java/src/main/java/com/esri/core/geometry/EditShape.java:[298,15] error: cannot find symbol
[ERROR] 
[ERROR]  class EditShape
[ERROR] /workspaces/CodeCureAgent/code_cure_agent/cca_workspace_4/geometry-api-java/src/main/java/com/esri/core/geometry/EditShape.java:[302,2] error: cannot find symbol
[ERROR] 
[ERROR]  class EditShape
[ERROR] /workspaces/CodeCureAgent/code_cure_agent/cca_workspace_4/geometry-api-java/src/main/java/com/esri/core/geometry/EditShape.java:[303,2] error: cannot find symbol
[ERROR] 
[ERROR]  class EditShape
[ERROR] /workspaces/CodeCureAgent/code_cure_agent/cca_workspace_4/geometry-api-java/src/main/java/com/esri/core/geometry/EditShape.java:[304,2] error: cannot find symbol
[ERROR] 
[ERROR]  class EditShape
[ERROR] /workspaces/CodeCureAgent/code_cure_agent/cca_workspace_4/geometry-api-java/src/main/java/com/esri/core/geometry/EditShape.java:[307,3] error: cannot find symbol
[ERROR] 
[ERROR]  class EditShape
[ERROR] /workspaces/CodeCureAgent/code_cure_agent/cca_workspace_4/geometry-api-java/src/main/java/com/esri/core/geometry/EditShape.java:[310,3] error: cannot find symbol
[ERROR] 
[ERROR]  class EditShape
[ERROR] /workspaces/CodeCureAgent/code_cure_agent/cca_workspace_4/geometry-api-java/src/main/java/com/esri/core/geometry/EditShape.java:[313,14] error: cannot find symbol
[ERROR] 
[ERROR]  class EditShape
[ERROR] /workspaces/CodeCureAgent/code_cure_agent/cca_workspace_4/geometry-api-java/src/main/java/com/esri/core/geometry/EditShape.java:[315,3] error: cannot find symbol
[ERROR] 
[ERROR]  class EditShape
[ERROR] /workspaces/CodeCureAgent/code_cure_agent/cca_workspace_4/geometry-api-java/src/main/java/com/esri/core/geometry/EditShape.java:[318,3] error: cannot find symbol
[ERROR] 
[ERROR]  class EditShape
[ERROR] /workspaces/CodeCureAgent/code_cure_agent/cca_workspace_4/geometry-api-java/src/main/java/com/esri/core/geometry/EditShape.java:[321,3] error: cannot find symbol
[ERROR] 
[ERROR]  class EditShape
[ERROR] /workspaces/CodeCureAgent/code_cure_agent/cca_workspace_4/geometry-api-java/src/main/java/com/esri/core/geometry/EditShape.java:[322,3] error: cannot find symbol
[ERROR] 
[ERROR]  class EditShape
[ERROR] /workspaces/CodeCureAgent/code_cure_agent/cca_workspace_4/geometry-api-java/src/main/java/com/esri/core/geometry/EditShape.java:[325,21] error: cannot find symbol
[ERROR] 
[ERROR]  class EditShape
[ERROR] /workspaces/CodeCureAgent/code_cure_agent/cca_workspace_4/geometry-api-java/src/main/java/com/esri/core/geometry/EditShape.java:[326,17] error: cannot find symbol
[ERROR] 
[ERROR]  class EditShape
[ERROR] /workspaces/CodeCureAgent/code_cure_agent/cca_workspace_4/geometry-api-java/src/main/java/com/esri/core/geometry/EditShape.java:[327,36] error: cannot find symbol
[ERROR] 
[ERROR]  class EditShape
[ERROR] /workspaces/CodeCureAgent/code_cure_agent/cca_workspace_4/geometry-api-java/src/main/java/com/esri/core/geometry/EditShape.java:[362,6] error: cannot find symbol
[ERROR] 
[ERROR]  class EditShape
[ERROR] /workspaces/CodeCureAgent/code_cure_agent/cca_workspace_4/geometry-api-java/src/main/java/com/esri/core/geometry/EditShape.java:[363,15] error: cannot find symbol
[ERROR] 
[ERROR]  class EditShape
[ERROR] /workspaces/CodeCureAgent/code_cure_agent/cca_workspace_4/geometry-api-java/src/main/java/com/esri/core/geometry/EditShape.java:[364,14] error: cannot find symbol
[ERROR] 
[ERROR]  class EditShape
[ERROR] /workspaces/CodeCureAgent/code_cure_agent/cca_workspace_4/geometry-api-java/src/main/java/com/esri/core/geometry/EditShape.java:[367,4] error: cannot find symbol
[ERROR] 
[ERROR]  class EditShape
[ERROR] /workspaces/CodeCureAgent/code_cure_agent/cca_workspace_4/geometry-api-java/src/main/java/com/esri/core/geometry/EditShape.java:[368,4] error: cannot find symbol
[ERROR] 
[ERROR]  class EditShape
[ERROR] /workspaces/CodeCureAgent/code_cure_agent/cca_workspace_4/geometry-api-java/src/main/java/com/esri/core/geometry/EditShape.java:[370,17] error: cannot find symbol
[ERROR] 
[ERROR]  class EditShape
[ERROR] /workspaces/CodeCureAgent/code_cure_agent/cca_workspace_4/geometry-api-java/src/main/java/com/esri/core/geometry/EditShape.java:[373,4] error: cannot find symbol
[ERROR] 
[ERROR]  class EditShape
[ERROR] /workspaces/CodeCureAgent/code_cure_agent/cca_workspace_4/geometry-api-java/src/main/java/com/esri/core/geometry/EditShape.java:[374,4] error: cannot find symbol
[ERROR] 
[ERROR]  class EditShape
[ERROR] /workspaces/CodeCureAgent/code_cure_agent/cca_workspace_4/geometry-api-java/src/main/java/com/esri/core/geometry/EditShape.java:[375,17] error: cannot find symbol
[ERROR] 
[ERROR]  class EditShape
[ERROR] /workspaces/CodeCureAgent/code_cure_agent/cca_workspace_4/geometry-api-java/src/main/java/com/esri/core/geometry/OperatorCutCursor.java:[129,23] error: cannot find symbol
[ERROR] 
[ERROR]  variable shape of type EditShape
[ERROR] /workspaces/CodeCureAgent/code_cure_agent/cca_workspace_4/geometry-api-java/src/main/java/com/esri/core/geometry/OperatorCutCursor.java:[130,26] error: cannot find symbol
[ERROR] 
[ERROR]  variable shape of type EditShape
[ERROR] /workspaces/CodeCureAgent/code_cure_agent/cca_workspace_4/geometry-api-java/src/main/java/com/esri/core/geometry/OperatorCutCursor.java:[131,26] error: cannot find symbol
[ERROR] 
[ERROR]  variable shape of type EditShape
[ERROR] /workspaces/CodeCureAgent/code_cure_agent/cca_workspace_4/geometry-api-java/src/main/java/com/esri/core/geometry/OperatorCutCursor.java:[137,44] error: cannot find symbol
[ERROR] 
[ERROR]  variable shape of type EditShape
[ERROR] /workspaces/CodeCureAgent/code_cure_agent/cca_workspace_4/geometry-api-java/src/main/java/com/esri/core/geometry/OperatorCutCursor.java:[151,35] error: cannot find symbol
[ERROR] 
[ERROR]  variable shapeIntersect of type EditShape
[ERROR] /workspaces/CodeCureAgent/code_cure_agent/cca_workspace_4/geometry-api-java/src/main/java/com/esri/core/geometry/OperatorCutCursor.java:[153,7] error: cannot find symbol
[ERROR] 
[ERROR]  variable shape of type EditShape
[ERROR] /workspaces/CodeCureAgent/code_cure_agent/cca_workspace_4/geometry-api-java/src/main/java/com/esri/core/geometry/OperatorCutCursor.java:[157,33] error: cannot find symbol
[ERROR] 
[ERROR]  variable shapeIntersect of type EditShape
[ERROR] /workspaces/CodeCureAgent/code_cure_agent/cca_workspace_4/geometry-api-java/src/main/java/com/esri/core/geometry/OperatorCutCursor.java:[162,21] error: cannot find symbol
[ERROR] 
[ERROR]  variable shape of type EditShape
[ERROR] /workspaces/CodeCureAgent/code_cure_agent/cca_workspace_4/geometry-api-java/src/main/java/com/esri/core/geometry/OperatorCutCursor.java:[176,7] error: cannot find symbol
[ERROR] 
[ERROR]  variable shapeDifference of type EditShape
[ERROR] /workspaces/CodeCureAgent/code_cure_agent/cca_workspace_4/geometry-api-java/src/main/java/com/esri/core/geometry/OperatorCutCursor.java:[178,7] error: cannot find symbol
[ERROR] 
[ERROR]  variable shape of type EditShape
[ERROR] /workspaces/CodeCureAgent/code_cure_agent/cca_workspace_4/geometry-api-java/src/main/java/com/esri/core/geometry/OperatorCutCursor.java:[181,7] error: cannot find symbol
[ERROR] 
[ERROR]  variable shapeDifference of type EditShape
[ERROR] /workspaces/CodeCureAgent/code_cure_agent/cca_workspace_4/geometry-api-java/src/main/java/com/esri/core/geometry/ConvexHull.java:[34,29] error: cannot find symbol
[ERROR] 
[ERROR]  variable m_shape of type EditShape
[ERROR] /workspaces/CodeCureAgent/code_cure_agent/cca_workspace_4/geometry-api-java/src/main/java/com/esri/core/geometry/ConvexHull.java:[35,25] error: cannot find symbol
[ERROR] 
[ERROR]  variable m_shape of type EditShape
[ERROR] /workspaces/CodeCureAgent/code_cure_agent/cca_workspace_4/geometry-api-java/src/main/java/com/esri/core/geometry/ConvexHull.java:[85,36] error: cannot find symbol
[ERROR] 
[ERROR]  variable m_shape of type EditShape
[ERROR] /workspaces/CodeCureAgent/code_cure_agent/cca_workspace_4/geometry-api-java/src/main/java/com/esri/core/geometry/ConvexHull.java:[89,9] error: cannot find symbol
[ERROR] 
[ERROR]  variable m_shape of type EditShape
[ERROR] /workspaces/CodeCureAgent/code_cure_agent/cca_workspace_4/geometry-api-java/src/main/java/com/esri/core/geometry/ConvexHull.java:[93,10] error: cannot find symbol
[ERROR] 
[ERROR]  variable m_shape of type EditShape
[ERROR] /workspaces/CodeCureAgent/code_cure_agent/cca_workspace_4/geometry-api-java/src/main/java/com/esri/core/geometry/ConvexHull.java:[334,20] error: cannot find symbol
[ERROR] 
[ERROR]  variable m_shape of type EditShape
[ERROR] /workspaces/CodeCureAgent/code_cure_agent/cca_workspace_4/geometry-api-java/src/main/java/com/esri/core/geometry/ConvexHull.java:[350,20] error: cannot find symbol
[ERROR] 
[ERROR]  variable m_shape of type EditShape
[ERROR] /workspaces/CodeCureAgent/code_cure_agent/cca_workspace_4/geometry-api-java/src/main/java/com/esri/core/geometry/ConvexHull.java:[364,24] error: cannot find symbol
[ERROR] 
[ERROR]  variable m_shape of type EditShape
[ERROR] /workspaces/CodeCureAgent/code_cure_agent/cca_workspace_4/geometry-api-java/src/main/java/com/esri/core/geometry/ConvexHull.java:[374,22] error: cannot find symbol
[ERROR] 
[ERROR]  variable m_shape of type EditShape
[ERROR] /workspaces/CodeCureAgent/code_cure_agent/cca_workspace_4/geometry-api-java/src/main/java/com/esri/core/geometry/ConvexHull.java:[385,19] error: cannot find symbol
[ERROR] 
[ERROR]  variable m_shape of type EditShape
[ERROR] /workspaces/CodeCureAgent/code_cure_agent/cca_workspace_4/geometry-api-java/src/main/java/com/esri/core/geometry/ConvexHull.java:[400,25] error: cannot find symbol
[ERROR] 
[ERROR]  variable m_shape of type EditShape
[ERROR] /workspaces/CodeCureAgent/code_cure_agent/cca_workspace_4/geometry-api-java/src/main/java/com/esri/core/geometry/ConvexHull.java:[703,24] error: cannot find symbol
[ERROR] 
[ERROR]  variable m_shape of type EditShape
[ERROR] /workspaces/CodeCureAgent/code_cure_agent/cca_workspace_4/geometry-api-java/src/main/java/com/esri/core/geometry/ConvexHull.java:[710,24] error: cannot find symbol
[ERROR] 
[ERROR]  variable m_shape of type EditShape
[ERROR] /workspaces/CodeCureAgent/code_cure_agent/cca_workspace_4/geometry-api-java/src/main/java/com/esri/core/geometry/Cracker.java:[43,23] error: cannot find symbol
[ERROR] 
[ERROR]  variable m_shape of type EditShape
[ERROR] /workspaces/CodeCureAgent/code_cure_agent/cca_workspace_4/geometry-api-java/src/main/java/com/esri/core/geometry/Cracker.java:[45,15] error: cannot find symbol
[ERROR] 
[ERROR]  variable m_shape of type EditShape
[ERROR] /workspaces/CodeCureAgent/code_cure_agent/cca_workspace_4/geometry-api-java/src/main/java/com/esri/core/geometry/Cracker.java:[55,11] error: cannot find symbol
[ERROR] 
[ERROR]  class EditShape
[ERROR] /workspaces/CodeCureAgent/code_cure_agent/cca_workspace_4/geometry-api-java/src/main/java/com/esri/core/geometry/Cracker.java:[55,43] error: cannot find symbol
[ERROR] 
[ERROR]  variable m_shape of type EditShape
[ERROR] /workspaces/CodeCureAgent/code_cure_agent/cca_workspace_4/geometry-api-java/src/main/java/com/esri/core/geometry/Cracker.java:[96,12] error: cannot find symbol
[ERROR] 
[ERROR]  class EditShape
[ERROR] /workspaces/CodeCureAgent/code_cure_agent/cca_workspace_4/geometry-api-java/src/main/java/com/esri/core/geometry/Cracker.java:[140,14] error: cannot find symbol
[ERROR] 
[ERROR]  variable m_shape of type EditShape
[ERROR] /workspaces/CodeCureAgent/code_cure_agent/cca_workspace_4/geometry-api-java/src/main/java/com/esri/core/geometry/Cracker.java:[142,14] error: cannot find symbol
[ERROR] 
[ERROR]  variable m_shape of type EditShape
[ERROR] /workspaces/CodeCureAgent/code_cure_agent/cca_workspace_4/geometry-api-java/src/main/java/com/esri/core/geometry/Cracker.java:[150,13] error: cannot find symbol
[ERROR] 
[ERROR]  variable m_shape of type EditShape
[ERROR] /workspaces/CodeCureAgent/code_cure_agent/cca_workspace_4/geometry-api-java/src/main/java/com/esri/core/geometry/Cracker.java:[153,14] error: cannot find symbol
[ERROR] 
[ERROR]  variable m_shape of type EditShape
[ERROR] /workspaces/CodeCureAgent/code_cure_agent/cca_workspace_4/geometry-api-java/src/main/java/com/esri/core/geometry/Cracker.java:[159,15] error: cannot find symbol
[ERROR] 
[ERROR]  variable m_shape of type EditShape
[ERROR] /workspaces/CodeCureAgent/code_cure_agent/cca_workspace_4/geometry-api-java/src/main/java/com/esri/core/geometry/Cracker.java:[165,44] error: cannot find symbol
[ERROR] 
[ERROR]  variable m_shape of type EditShape
[ERROR] /workspaces/CodeCureAgent/code_cure_agent/cca_workspace_4/geometry-api-java/src/main/java/com/esri/core/geometry/Cracker.java:[165,107] error: cannot find symbol
[ERROR] 
[ERROR]  variable m_shape of type EditShape
[ERROR] /workspaces/CodeCureAgent/code_cure_agent/cca_workspace_4/geometry-api-java/src/main/java/com/esri/core/geometry/Cracker.java:[173,67] error: cannot find symbol
[ERROR] 
[ERROR]  variable m_shape of type EditShape
[ERROR] /workspaces/CodeCureAgent/code_cure_agent/cca_workspace_4/geometry-api-java/src/main/java/com/esri/core/geometry/Cracker.java:[175,33] error: cannot find symbol
[ERROR] 
[ERROR]  variable m_shape of type EditShape
[ERROR] /workspaces/CodeCureAgent/code_cure_agent/cca_workspace_4/geometry-api-java/src/main/java/com/esri/core/geometry/Cracker.java:[181,16] error: cannot find symbol
[ERROR] 
[ERROR]  variable m_shape of type EditShape
[ERROR] /workspaces/CodeCureAgent/code_cure_agent/cca_workspace_4/geometry-api-java/src/main/java/com/esri/core/geometry/Cracker.java:[189,13] error: cannot find symbol
[ERROR] 
[ERROR]  variable m_shape of type EditShape
[ERROR] /workspaces/CodeCureAgent/code_cure_agent/cca_workspace_4/geometry-api-java/src/main/java/com/esri/core/geometry/Cracker.java:[193,14] error: cannot find symbol
[ERROR] 
[ERROR]  variable m_shape of type EditShape
[ERROR] /workspaces/CodeCureAgent/code_cure_agent/cca_workspace_4/geometry-api-java/src/main/java/com/esri/core/geometry/Cracker.java:[199,15] error: cannot find symbol
[ERROR] 
[ERROR]  variable m_shape of type EditShape
[ERROR] /workspaces/CodeCureAgent/code_cure_agent/cca_workspace_4/geometry-api-java/src/main/java/com/esri/core/geometry/Cracker.java:[205,44] error: cannot find symbol
[ERROR] 
[ERROR]  variable m_shape of type EditShape
[ERROR] /workspaces/CodeCureAgent/code_cure_agent/cca_workspace_4/geometry-api-java/src/main/java/com/esri/core/geometry/Cracker.java:[205,107] error: cannot find symbol
[ERROR] 
[ERROR]  variable m_shape of type EditShape
[ERROR] /workspaces/CodeCureAgent/code_cure_agent/cca_workspace_4/geometry-api-java/src/main/java/com/esri/core/geometry/Cracker.java:[212,67] error: cannot find symbol
[ERROR] 
[ERROR]  variable m_shape of type EditShape
[ERROR] /workspaces/CodeCureAgent/code_cure_agent/cca_workspace_4/geometry-api-java/src/main/java/com/esri/core/geometry/Cracker.java:[213,33] error: cannot find symbol
[ERROR] 
[ERROR]  variable m_shape of type EditShape
[ERROR] /workspaces/CodeCureAgent/code_cure_agent/cca_workspace_4/geometry-api-java/src/main/java/com/esri/core/geometry/Cracker.java:[219,16] error: cannot find symbol
[ERROR] 
[ERROR]  variable m_shape of type EditShape
[ERROR] /workspaces/CodeCureAgent/code_cure_agent/cca_workspace_4/geometry-api-java/src/main/java/com/esri/core/geometry/Cracker.java:[232,21] error: cannot find symbol
[ERROR] 
[ERROR]  variable m_shape of type EditShape
[ERROR] /workspaces/CodeCureAgent/code_cure_agent/cca_workspace_4/geometry-api-java/src/main/java/com/esri/core/geometry/Cracker.java:[235,19] error: cannot find symbol
[ERROR] 
[ERROR]  variable m_shape of type EditShape
[ERROR] /workspaces/CodeCureAgent/code_cure_agent/cca_workspace_4/geometry-api-java/src/main/java/com/esri/core/geometry/Cracker.java:[276,25] error: cannot find symbol
[ERROR] 
[ERROR]  variable m_shape of type EditShape
[ERROR] /workspaces/CodeCureAgent/code_cure_agent/cca_workspace_4/geometry-api-java/src/main/java/com/esri/core/geometry/Cracker.java:[278,11] error: cannot find symbol
[ERROR] 
[ERROR]  class EditShape
[ERROR] /workspaces/CodeCureAgent/code_cure_agent/cca_workspace_4/geometry-api-java/src/main/java/com/esri/core/geometry/Cracker.java:[278,41] error: cannot find symbol
[ERROR] 
[ERROR]  variable m_shape of type EditShape
[ERROR] /workspaces/CodeCureAgent/code_cure_agent/cca_workspace_4/geometry-api-java/src/main/java/com/esri/core/geometry/Cracker.java:[282,17] error: cannot find symbol
[ERROR] 
[ERROR]  variable m_shape of type EditShape
[ERROR] /workspaces/CodeCureAgent/code_cure_agent/cca_workspace_4/geometry-api-java/src/main/java/com/esri/core/geometry/Cracker.java:[284,9] error: cannot find symbol
[ERROR] 
[ERROR]  variable m_shape of type EditShape
[ERROR] /workspaces/CodeCureAgent/code_cure_agent/cca_workspace_4/geometry-api-java/src/main/java/com/esri/core/geometry/Cracker.java:[287,28] error: cannot find symbol
[ERROR] 
[ERROR]  variable m_shape of type EditShape
[ERROR] /workspaces/CodeCureAgent/code_cure_agent/cca_workspace_4/geometry-api-java/src/main/java/com/esri/core/geometry/Cracker.java:[288,28] error: cannot find symbol
[ERROR] 
[ERROR]  variable m_shape of type EditShape
[ERROR] /workspaces/CodeCureAgent/code_cure_agent/cca_workspace_4/geometry-api-java/src/main/java/com/esri/core/geometry/Cracker.java:[302,10] error: cannot find symbol
[ERROR] 
[ERROR]  variable m_shape of type EditShape
[ERROR] /workspaces/CodeCureAgent/code_cure_agent/cca_workspace_4/geometry-api-java/src/main/java/com/esri/core/geometry/Cracker.java:[305,29] error: cannot find symbol
[ERROR] 
[ERROR]  variable m_shape of type EditShape
[ERROR] /workspaces/CodeCureAgent/code_cure_agent/cca_workspace_4/geometry-api-java/src/main/java/com/esri/core/geometry/Cracker.java:[306,29] error: cannot find symbol
[ERROR] 
[ERROR]  variable m_shape of type EditShape
[ERROR] /workspaces/CodeCureAgent/code_cure_agent/cca_workspace_4/geometry-api-java/src/main/java/com/esri/core/geometry/Cracker.java:[309,16] error: cannot find symbol
[ERROR] 
[ERROR]  variable m_shape of type EditShape
[ERROR] /workspaces/CodeCureAgent/code_cure_agent/cca_workspace_4/geometry-api-java/src/main/java/com/esri/core/geometry/Cracker.java:[315,16] error: cannot find symbol
[ERROR] 
[ERROR]  variable m_shape of type EditShape
[ERROR] /workspaces/CodeCureAgent/code_cure_agent/cca_workspace_4/geometry-api-java/src/main/java/com/esri/core/geometry/Cracker.java:[322,6] error: cannot find symbol
[ERROR] 
[ERROR]  variable m_shape of type EditShape
[ERROR] /workspaces/CodeCureAgent/code_cure_agent/cca_workspace_4/geometry-api-java/src/main/java/com/esri/core/geometry/Cracker.java:[325,12] error: cannot find symbol
[ERROR] 
[ERROR]  variable m_shape of type EditShape
[ERROR] /workspaces/CodeCureAgent/code_cure_agent/cca_workspace_4/geometry-api-java/src/main/java/com/esri/core/geometry/Cracker.java:[328,6] error: cannot find symbol
[ERROR] 
[ERROR]  variable m_shape of type EditShape
[ERROR] /workspaces/CodeCureAgent/code_cure_agent/cca_workspace_4/geometry-api-java/src/main/java/com/esri/core/geometry/Cracker.java:[331,12] error: cannot find symbol
[ERROR] 
[ERROR]  variable m_shape of type EditShape
[ERROR] /workspaces/CodeCureAgent/code_cure_agent/cca_workspace_4/geometry-api-java/src/main/java/com/esri/core/geometry/Cracker.java:[334,35] error: cannot find symbol
[ERROR] 
[ERROR]  variable m_shape of type EditShape
[ERROR] /workspaces/CodeCureAgent/code_cure_agent/cca_workspace_4/geometry-api-java/src/main/java/com/esri/core/geometry/Cracker.java:[435,21] error: cannot find symbol
[ERROR] 
[ERROR]  variable m_shape of type EditShape
[ERROR] /workspaces/CodeCureAgent/code_cure_agent/cca_workspace_4/geometry-api-java/src/main/java/com/esri/core/geometry/Cracker.java:[437,12] error: cannot find symbol
[ERROR] 
[ERROR]  variable m_shape of type EditShape
[ERROR] /workspaces/CodeCureAgent/code_cure_agent/cca_workspace_4/geometry-api-java/src/main/java/com/esri/core/geometry/Cracker.java:[439,20] error: cannot find symbol
[ERROR] -> [Help 1]
[ERROR] 
[ERROR] To see the full stack trace of the errors, re-run Maven with the -e switch.
[ERROR] Re-run Maven using the -X switch to enable full debug logging.
[ERROR] 
[ERROR] For more information about the errors and possible solutions, please read the following articles:
[ERROR] [Help 1] http://cwiki.apache.org/confluence/display/MAVEN/MojoFailureException
