[INFO] Scanning for projects...
[INFO] Inspecting build with total of 8 modules...
[INFO] Installing Nexus Staging features:
[INFO]   ... total of 8 executions of maven-deploy-plugin replaced with nexus-staging-maven-plugin
[INFO] ------------------------------------------------------------------------
[INFO] Reactor Build Order:
[INFO] 
[INFO] org.uma.jmetal:jmetal                                              [pom]
[INFO] org.uma.jmetal:jmetal-core                                         [jar]
[INFO] org.uma.jmetal:jmetal-problem                                      [jar]
[INFO] org.uma.jmetal:jmetal-algorithm                                    [jar]
[INFO] org.uma.jmetal:jmetal-lab                                          [jar]
[INFO] org.uma.jmetal:jmetal-example                                      [jar]
[INFO] org.uma.jmetal:jmetal-experimental                                 [jar]
[INFO] org.uma.jmetal:jmetal-parallel                                     [jar]
[INFO] 
[INFO] -----------------------< org.uma.jmetal:jmetal >------------------------
[INFO] Building org.uma.jmetal:jmetal 5.11-SNAPSHOT                       [1/8]
[INFO] --------------------------------[ pom ]---------------------------------
[INFO] 
[INFO] --- maven-clean-plugin:2.5:clean (default-clean) @ jmetal ---
[INFO] 
[INFO] --- jacoco-maven-plugin:0.8.5:prepare-agent (default) @ jmetal ---
[INFO] argLine set to -javaagent:/home/vscode/.m2/repository/org/jacoco/org.jacoco.agent/0.8.5/org.jacoco.agent-0.8.5-runtime.jar=destfile=/workspaces/CodeCureAgent/code_cure_agent/cca_workspace_5/jMetal/target/jacoco.exec
[INFO] 
[INFO] --- jacoco-maven-plugin:0.8.5:report (report) @ jmetal ---
[INFO] Skipping JaCoCo execution due to missing execution data file.
[INFO] 
[INFO] --- maven-source-plugin:2.2.1:jar-no-fork (attach-sources) @ jmetal ---
[INFO] 
[INFO] --- maven-site-plugin:3.7.1:attach-descriptor (attach-descriptor) @ jmetal ---
[INFO] No site descriptor found: nothing to attach.
[INFO] 
[INFO] ---------------------< org.uma.jmetal:jmetal-core >---------------------
[INFO] Building org.uma.jmetal:jmetal-core 5.11-SNAPSHOT                  [2/8]
[INFO] --------------------------------[ jar ]---------------------------------
[INFO] 
[INFO] --- maven-clean-plugin:2.5:clean (default-clean) @ jmetal-core ---
[INFO] 
[INFO] --- jacoco-maven-plugin:0.8.5:prepare-agent (default) @ jmetal-core ---
[INFO] argLine set to -javaagent:/home/vscode/.m2/repository/org/jacoco/org.jacoco.agent/0.8.5/org.jacoco.agent-0.8.5-runtime.jar=destfile=/workspaces/CodeCureAgent/code_cure_agent/cca_workspace_5/jMetal/jmetal-core/target/jacoco.exec
[INFO] 
[INFO] --- maven-resources-plugin:2.6:resources (default-resources) @ jmetal-core ---
[INFO] Using 'UTF-8' encoding to copy filtered resources.
[INFO] Copying 90 resources
[INFO] 
[INFO] --- maven-compiler-plugin:3.8.0:compile (default-compile) @ jmetal-core ---
[INFO] Changes detected - recompiling the module!
[INFO] Compiling 299 source files to /workspaces/CodeCureAgent/code_cure_agent/cca_workspace_5/jMetal/jmetal-core/target/classes
[INFO] /workspaces/CodeCureAgent/code_cure_agent/cca_workspace_5/jMetal/jmetal-core/src/main/java/org/uma/jmetal/util/chartcontainer/ChartContainerWithReferencePoints.java: Some input files use or override a deprecated API.
[INFO] /workspaces/CodeCureAgent/code_cure_agent/cca_workspace_5/jMetal/jmetal-core/src/main/java/org/uma/jmetal/util/chartcontainer/ChartContainerWithReferencePoints.java: Recompile with -Xlint:deprecation for details.
[INFO] /workspaces/CodeCureAgent/code_cure_agent/cca_workspace_5/jMetal/jmetal-core/src/main/java/org/uma/jmetal/qualityindicator/impl/hypervolume/Hypervolume.java: Some input files use unchecked or unsafe operations.
[INFO] /workspaces/CodeCureAgent/code_cure_agent/cca_workspace_5/jMetal/jmetal-core/src/main/java/org/uma/jmetal/qualityindicator/impl/hypervolume/Hypervolume.java: Recompile with -Xlint:unchecked for details.
[INFO] 
[INFO] --- maven-resources-plugin:2.6:testResources (default-testResources) @ jmetal-core ---
[INFO] Using 'UTF-8' encoding to copy filtered resources.
[INFO] Copying 7 resources
[INFO] 
[INFO] --- maven-compiler-plugin:3.8.0:testCompile (default-testCompile) @ jmetal-core ---
[INFO] Changes detected - recompiling the module!
[INFO] Compiling 101 source files to /workspaces/CodeCureAgent/code_cure_agent/cca_workspace_5/jMetal/jmetal-core/target/test-classes
[INFO] /workspaces/CodeCureAgent/code_cure_agent/cca_workspace_5/jMetal/jmetal-core/src/test/java/org/uma/jmetal/util/comparator/CrowdingDistanceComparatorTest.java: Some input files use or override a deprecated API.
[INFO] /workspaces/CodeCureAgent/code_cure_agent/cca_workspace_5/jMetal/jmetal-core/src/test/java/org/uma/jmetal/util/comparator/CrowdingDistanceComparatorTest.java: Recompile with -Xlint:deprecation for details.
[INFO] /workspaces/CodeCureAgent/code_cure_agent/cca_workspace_5/jMetal/jmetal-core/src/test/java/org/uma/jmetal/operator/selection/BinaryTournamentSelectionTest.java: /workspaces/CodeCureAgent/code_cure_agent/cca_workspace_5/jMetal/jmetal-core/src/test/java/org/uma/jmetal/operator/selection/BinaryTournamentSelectionTest.java uses unchecked or unsafe operations.
[INFO] /workspaces/CodeCureAgent/code_cure_agent/cca_workspace_5/jMetal/jmetal-core/src/test/java/org/uma/jmetal/operator/selection/BinaryTournamentSelectionTest.java: Recompile with -Xlint:unchecked for details.
[INFO] 
[INFO] --- maven-surefire-plugin:2.12.4:test (default-test) @ jmetal-core ---
[INFO] Tests are skipped.
[INFO] 
[INFO] --- jacoco-maven-plugin:0.8.5:report (report) @ jmetal-core ---
[INFO] Skipping JaCoCo execution due to missing execution data file.
[INFO] 
[INFO] --- maven-jar-plugin:2.4:jar (default-jar) @ jmetal-core ---
[INFO] Building jar: /workspaces/CodeCureAgent/code_cure_agent/cca_workspace_5/jMetal/jmetal-core/target/jmetal-core-5.11-SNAPSHOT.jar
[INFO] 
[INFO] --- maven-assembly-plugin:2.4:single (make-assembly) @ jmetal-core ---
[INFO] Building jar: /workspaces/CodeCureAgent/code_cure_agent/cca_workspace_5/jMetal/jmetal-core/target/jmetal-core-5.11-SNAPSHOT-jar-with-dependencies.jar
[INFO] 
[INFO] --- maven-source-plugin:2.2.1:jar-no-fork (attach-sources) @ jmetal-core ---
[INFO] Building jar: /workspaces/CodeCureAgent/code_cure_agent/cca_workspace_5/jMetal/jmetal-core/target/jmetal-core-5.11-SNAPSHOT-sources.jar
[INFO] 
[INFO] --- maven-site-plugin:3.7.1:attach-descriptor (attach-descriptor) @ jmetal-core ---
[INFO] Skipping because packaging 'jar' is not pom.
[INFO] 
[INFO] -------------------< org.uma.jmetal:jmetal-problem >--------------------
[INFO] Building org.uma.jmetal:jmetal-problem 5.11-SNAPSHOT               [3/8]
[INFO] --------------------------------[ jar ]---------------------------------
[INFO] 
[INFO] --- maven-clean-plugin:2.5:clean (default-clean) @ jmetal-problem ---
[INFO] 
[INFO] --- jacoco-maven-plugin:0.8.5:prepare-agent (default) @ jmetal-problem ---
[INFO] argLine set to -javaagent:/home/vscode/.m2/repository/org/jacoco/org.jacoco.agent/0.8.5/org.jacoco.agent-0.8.5-runtime.jar=destfile=/workspaces/CodeCureAgent/code_cure_agent/cca_workspace_5/jMetal/jmetal-problem/target/jacoco.exec
[INFO] 
[INFO] --- maven-resources-plugin:2.6:resources (default-resources) @ jmetal-problem ---
[INFO] Using 'UTF-8' encoding to copy filtered resources.
[INFO] Copying 113 resources
[INFO] 
[INFO] --- maven-compiler-plugin:3.8.0:compile (default-compile) @ jmetal-problem ---
[INFO] Changes detected - recompiling the module!
[INFO] Compiling 190 source files to /workspaces/CodeCureAgent/code_cure_agent/cca_workspace_5/jMetal/jmetal-problem/target/classes
[INFO] -------------------------------------------------------------
[ERROR] COMPILATION ERROR : 
[INFO] -------------------------------------------------------------
[ERROR] /workspaces/CodeCureAgent/code_cure_agent/cca_workspace_5/jMetal/jmetal-problem/src/main/java/org/uma/jmetal/problem/multiobjective/ebes/Ebes.java:[653,19] cannot find symbol
  symbol:   method EBEsReadProblems()
  location: class org.uma.jmetal.problem.multiobjective.ebes.Ebes
[ERROR] /workspaces/CodeCureAgent/code_cure_agent/cca_workspace_5/jMetal/jmetal-problem/src/main/java/org/uma/jmetal/problem/multiobjective/ebes/Ebes.java:[681,7] cannot find symbol
  symbol:   method EBEsReadDataFile(java.lang.String)
  location: class org.uma.jmetal.problem.multiobjective.ebes.Ebes
[ERROR] /workspaces/CodeCureAgent/code_cure_agent/cca_workspace_5/jMetal/jmetal-problem/src/main/java/org/uma/jmetal/problem/multiobjective/ebes/Ebes.java:[699,26] cannot find symbol
  symbol:   method Variable_Position()
  location: class org.uma.jmetal.problem.multiobjective.ebes.Ebes
[ERROR] /workspaces/CodeCureAgent/code_cure_agent/cca_workspace_5/jMetal/jmetal-problem/src/main/java/org/uma/jmetal/problem/multiobjective/ebes/Ebes.java:[936,17] cannot find symbol
  symbol:   method FunctionENS(int)
  location: class org.uma.jmetal.problem.multiobjective.ebes.Ebes
[ERROR] /workspaces/CodeCureAgent/code_cure_agent/cca_workspace_5/jMetal/jmetal-problem/src/main/java/org/uma/jmetal/problem/multiobjective/ebes/Ebes.java:[939,17] cannot find symbol
  symbol:   method FunctionsMahalanobis_Distance_With_Variance(int)
  location: class org.uma.jmetal.problem.multiobjective.ebes.Ebes
[ERROR] /workspaces/CodeCureAgent/code_cure_agent/cca_workspace_5/jMetal/jmetal-problem/src/main/java/org/uma/jmetal/problem/multiobjective/ebes/Ebes.java:[1336,9] cannot find symbol
  symbol:   method EBEsTransversalSectionCircular(int,double)
  location: class org.uma.jmetal.problem.multiobjective.ebes.Ebes
[ERROR] /workspaces/CodeCureAgent/code_cure_agent/cca_workspace_5/jMetal/jmetal-problem/src/main/java/org/uma/jmetal/problem/multiobjective/ebes/Ebes.java:[1340,9] cannot find symbol
  symbol:   method EBEsTransversalSectionHoleCircular(int,double,double)
  location: class org.uma.jmetal.problem.multiobjective.ebes.Ebes
[ERROR] /workspaces/CodeCureAgent/code_cure_agent/cca_workspace_5/jMetal/jmetal-problem/src/main/java/org/uma/jmetal/problem/multiobjective/ebes/Ebes.java:[1344,9] cannot find symbol
  symbol:   method EBEsTransversalSectionRectangle(int,double,double)
  location: class org.uma.jmetal.problem.multiobjective.ebes.Ebes
[ERROR] /workspaces/CodeCureAgent/code_cure_agent/cca_workspace_5/jMetal/jmetal-problem/src/main/java/org/uma/jmetal/problem/multiobjective/ebes/Ebes.java:[1350,9] cannot find symbol
  symbol:   method EBEsTransversalSectionHoleRectangle(int,double,double,double,double)
  location: class org.uma.jmetal.problem.multiobjective.ebes.Ebes
[ERROR] /workspaces/CodeCureAgent/code_cure_agent/cca_workspace_5/jMetal/jmetal-problem/src/main/java/org/uma/jmetal/problem/multiobjective/ebes/Ebes.java:[1359,9] cannot find symbol
  symbol:   method EBEsTransversalSection_I_Single(int,double,double,double,double)
  location: class org.uma.jmetal.problem.multiobjective.ebes.Ebes
[ERROR] /workspaces/CodeCureAgent/code_cure_agent/cca_workspace_5/jMetal/jmetal-problem/src/main/java/org/uma/jmetal/problem/multiobjective/ebes/Ebes.java:[1365,9] cannot find symbol
  symbol:   method EBEsTransversalSection_I_Double(int,double,double,double,double)
  location: class org.uma.jmetal.problem.multiobjective.ebes.Ebes
[ERROR] /workspaces/CodeCureAgent/code_cure_agent/cca_workspace_5/jMetal/jmetal-problem/src/main/java/org/uma/jmetal/problem/multiobjective/ebes/Ebes.java:[1371,9] cannot find symbol
  symbol:   method EBEsTransversalSection_H_Single(int,double,double,double,double)
  location: class org.uma.jmetal.problem.multiobjective.ebes.Ebes
[ERROR] /workspaces/CodeCureAgent/code_cure_agent/cca_workspace_5/jMetal/jmetal-problem/src/main/java/org/uma/jmetal/problem/multiobjective/ebes/Ebes.java:[1377,9] cannot find symbol
  symbol:   method EBEsTransversalSection_H_Double(int,double,double,double,double)
  location: class org.uma.jmetal.problem.multiobjective.ebes.Ebes
[ERROR] /workspaces/CodeCureAgent/code_cure_agent/cca_workspace_5/jMetal/jmetal-problem/src/main/java/org/uma/jmetal/problem/multiobjective/ebes/Ebes.java:[1383,9] cannot find symbol
  symbol:   method EBEsTransversalSection_L_Single(int,double,double,double,double)
  location: class org.uma.jmetal.problem.multiobjective.ebes.Ebes
[ERROR] /workspaces/CodeCureAgent/code_cure_agent/cca_workspace_5/jMetal/jmetal-problem/src/main/java/org/uma/jmetal/problem/multiobjective/ebes/Ebes.java:[1389,9] cannot find symbol
  symbol:   method EBEsTransversalSection_L_Double(int,double,double,double,double)
  location: class org.uma.jmetal.problem.multiobjective.ebes.Ebes
[ERROR] /workspaces/CodeCureAgent/code_cure_agent/cca_workspace_5/jMetal/jmetal-problem/src/main/java/org/uma/jmetal/problem/multiobjective/ebes/Ebes.java:[1395,9] cannot find symbol
  symbol:   method EBEsTransversalSection_T_Single(int,double,double,double,double)
  location: class org.uma.jmetal.problem.multiobjective.ebes.Ebes
[ERROR] /workspaces/CodeCureAgent/code_cure_agent/cca_workspace_5/jMetal/jmetal-problem/src/main/java/org/uma/jmetal/problem/multiobjective/ebes/Ebes.java:[1401,9] cannot find symbol
  symbol:   method EBEsTransversalSection_T_Double(int,double,double,double,double)
  location: class org.uma.jmetal.problem.multiobjective.ebes.Ebes
[ERROR] /workspaces/CodeCureAgent/code_cure_agent/cca_workspace_5/jMetal/jmetal-problem/src/main/java/org/uma/jmetal/problem/multiobjective/ebes/Ebes.java:[1555,9] cannot find symbol
  symbol:   method EBEsEcuationSolution(int)
  location: class org.uma.jmetal.problem.multiobjective.ebes.Ebes
[ERROR] /workspaces/CodeCureAgent/code_cure_agent/cca_workspace_5/jMetal/jmetal-problem/src/main/java/org/uma/jmetal/problem/multiobjective/ebes/Ebes.java:[1557,9] cannot find symbol
  symbol:   method EBEsEffortsElements3D(int,int,double[][])
  location: class org.uma.jmetal.problem.multiobjective.ebes.Ebes
[ERROR] /workspaces/CodeCureAgent/code_cure_agent/cca_workspace_5/jMetal/jmetal-problem/src/main/java/org/uma/jmetal/problem/multiobjective/ebes/Ebes.java:[1591,5] cannot find symbol
  symbol:   method EBEsStrainMaxWhitGroup()
  location: class org.uma.jmetal.problem.multiobjective.ebes.Ebes
[ERROR] /workspaces/CodeCureAgent/code_cure_agent/cca_workspace_5/jMetal/jmetal-problem/src/main/java/org/uma/jmetal/problem/multiobjective/ebes/Ebes.java:[1595,5] cannot find symbol
  symbol:   method EBEsStrainMinWhitGroup()
  location: class org.uma.jmetal.problem.multiobjective.ebes.Ebes
[ERROR] /workspaces/CodeCureAgent/code_cure_agent/cca_workspace_5/jMetal/jmetal-problem/src/main/java/org/uma/jmetal/problem/multiobjective/ebes/Ebes.java:[1599,5] cannot find symbol
  symbol:   method EBEsStrainResidualVerication()
  location: class org.uma.jmetal.problem.multiobjective.ebes.Ebes
[ERROR] /workspaces/CodeCureAgent/code_cure_agent/cca_workspace_5/jMetal/jmetal-problem/src/main/java/org/uma/jmetal/problem/multiobjective/ebes/Ebes.java:[1687,11] cannot find symbol
  symbol:   method EBEsMat3DL_iRig_jRig(int)
  location: class org.uma.jmetal.problem.multiobjective.ebes.Ebes
[ERROR] /workspaces/CodeCureAgent/code_cure_agent/cca_workspace_5/jMetal/jmetal-problem/src/main/java/org/uma/jmetal/problem/multiobjective/ebes/Ebes.java:[1690,11] cannot find symbol
  symbol:   method EBEsMat3DL_iRig_jArt(int)
  location: class org.uma.jmetal.problem.multiobjective.ebes.Ebes
[ERROR] /workspaces/CodeCureAgent/code_cure_agent/cca_workspace_5/jMetal/jmetal-problem/src/main/java/org/uma/jmetal/problem/multiobjective/ebes/Ebes.java:[1693,11] cannot find symbol
  symbol:   method EBEsMat3DL_iArt_jRig(int)
  location: class org.uma.jmetal.problem.multiobjective.ebes.Ebes
[ERROR] /workspaces/CodeCureAgent/code_cure_agent/cca_workspace_5/jMetal/jmetal-problem/src/main/java/org/uma/jmetal/problem/multiobjective/ebes/Ebes.java:[1696,11] cannot find symbol
  symbol:   method EBEsMat3DL_iArt_jArt(int)
  location: class org.uma.jmetal.problem.multiobjective.ebes.Ebes
[ERROR] /workspaces/CodeCureAgent/code_cure_agent/cca_workspace_5/jMetal/jmetal-problem/src/main/java/org/uma/jmetal/problem/multiobjective/ebes/Ebes.java:[1704,9] cannot find symbol
  symbol:   method EBEsMat3DL_SOG(int)
  location: class org.uma.jmetal.problem.multiobjective.ebes.Ebes
[ERROR] /workspaces/CodeCureAgent/code_cure_agent/cca_workspace_5/jMetal/jmetal-problem/src/main/java/org/uma/jmetal/problem/multiobjective/ebes/Ebes.java:[1705,15] cannot find symbol
  symbol:   method EBEsMatrixAdd(double[][],double[][])
  location: class org.uma.jmetal.problem.multiobjective.ebes.Ebes
[ERROR] /workspaces/CodeCureAgent/code_cure_agent/cca_workspace_5/jMetal/jmetal-problem/src/main/java/org/uma/jmetal/problem/multiobjective/ebes/Ebes.java:[1706,15] cannot find symbol
  symbol:   method EBEsMatrixAdd(double[][],double[][])
  location: class org.uma.jmetal.problem.multiobjective.ebes.Ebes
[ERROR] /workspaces/CodeCureAgent/code_cure_agent/cca_workspace_5/jMetal/jmetal-problem/src/main/java/org/uma/jmetal/problem/multiobjective/ebes/Ebes.java:[1707,15] cannot find symbol
  symbol:   method EBEsMatrixAdd(double[][],double[][])
  location: class org.uma.jmetal.problem.multiobjective.ebes.Ebes
[ERROR] /workspaces/CodeCureAgent/code_cure_agent/cca_workspace_5/jMetal/jmetal-problem/src/main/java/org/uma/jmetal/problem/multiobjective/ebes/Ebes.java:[1708,15] cannot find symbol
  symbol:   method EBEsMatrixAdd(double[][],double[][])
  location: class org.uma.jmetal.problem.multiobjective.ebes.Ebes
[ERROR] /workspaces/CodeCureAgent/code_cure_agent/cca_workspace_5/jMetal/jmetal-problem/src/main/java/org/uma/jmetal/problem/multiobjective/ebes/Ebes.java:[1712,7] cannot find symbol
  symbol:   method EBEsMatRot3DLpSaL(int)
  location: class org.uma.jmetal.problem.multiobjective.ebes.Ebes
[ERROR] /workspaces/CodeCureAgent/code_cure_agent/cca_workspace_5/jMetal/jmetal-problem/src/main/java/org/uma/jmetal/problem/multiobjective/ebes/Ebes.java:[1714,7] cannot find symbol
  symbol:   method EBEsMatRot3DLaG(int)
  location: class org.uma.jmetal.problem.multiobjective.ebes.Ebes
[ERROR] /workspaces/CodeCureAgent/code_cure_agent/cca_workspace_5/jMetal/jmetal-problem/src/main/java/org/uma/jmetal/problem/multiobjective/ebes/Ebes.java:[1716,7] cannot find symbol
  symbol:   method EBEsMat3DGij()
  location: class org.uma.jmetal.problem.multiobjective.ebes.Ebes
[ERROR] /workspaces/CodeCureAgent/code_cure_agent/cca_workspace_5/jMetal/jmetal-problem/src/main/java/org/uma/jmetal/problem/multiobjective/ebes/Ebes.java:[1718,7] cannot find symbol
  symbol:   method EBEsMat3DG(int)
  location: class org.uma.jmetal.problem.multiobjective.ebes.Ebes
[ERROR] /workspaces/CodeCureAgent/code_cure_agent/cca_workspace_5/jMetal/jmetal-problem/src/main/java/org/uma/jmetal/problem/multiobjective/ebes/Ebes.java:[2199,5] cannot find symbol
  symbol:   method EBEsMatRot3DLpSaL(int)
  location: class org.uma.jmetal.problem.multiobjective.ebes.Ebes
[ERROR] /workspaces/CodeCureAgent/code_cure_agent/cca_workspace_5/jMetal/jmetal-problem/src/main/java/org/uma/jmetal/problem/multiobjective/ebes/Ebes.java:[2202,5] cannot find symbol
  symbol:   method EBEsMatRot3DLaG(int)
  location: class org.uma.jmetal.problem.multiobjective.ebes.Ebes
[ERROR] /workspaces/CodeCureAgent/code_cure_agent/cca_workspace_5/jMetal/jmetal-problem/src/main/java/org/uma/jmetal/problem/multiobjective/ebes/Ebes.java:[2206,9] cannot find symbol
  symbol:   method EBEsMatrizMultiplicar(double[][],double[][])
  location: class org.uma.jmetal.problem.multiobjective.ebes.Ebes
[ERROR] /workspaces/CodeCureAgent/code_cure_agent/cca_workspace_5/jMetal/jmetal-problem/src/main/java/org/uma/jmetal/problem/multiobjective/ebes/Ebes.java:[2207,10] cannot find symbol
  symbol:   method EBEsMatrizVectorMultiplicar(double[][],double[])
  location: class org.uma.jmetal.problem.multiobjective.ebes.Ebes
[ERROR] /workspaces/CodeCureAgent/code_cure_agent/cca_workspace_5/jMetal/jmetal-problem/src/main/java/org/uma/jmetal/problem/multiobjective/ebes/Ebes.java:[2211,9] cannot find symbol
  symbol:   method EBEsMatrizMultiplicar(double[][],double[][])
  location: class org.uma.jmetal.problem.multiobjective.ebes.Ebes
[ERROR] /workspaces/CodeCureAgent/code_cure_agent/cca_workspace_5/jMetal/jmetal-problem/src/main/java/org/uma/jmetal/problem/multiobjective/ebes/Ebes.java:[2212,10] cannot find symbol
  symbol:   method EBEsMatrizVectorMultiplicar(double[][],double[])
  location: class org.uma.jmetal.problem.multiobjective.ebes.Ebes
[ERROR] /workspaces/CodeCureAgent/code_cure_agent/cca_workspace_5/jMetal/jmetal-problem/src/main/java/org/uma/jmetal/problem/multiobjective/ebes/Ebes.java:[2289,24] cannot find symbol
  symbol:   method BucklingOmega(double,double[],double[])
  location: class org.uma.jmetal.problem.multiobjective.ebes.Ebes
[INFO] 42 errors 
[INFO] -------------------------------------------------------------
[INFO] ------------------------------------------------------------------------
[INFO] Reactor Summary for org.uma.jmetal:jmetal 5.11-SNAPSHOT:
[INFO] 
[INFO] org.uma.jmetal:jmetal .............................. SUCCESS [  1.391 s]
[INFO] org.uma.jmetal:jmetal-core ......................... SUCCESS [ 14.240 s]
[INFO] org.uma.jmetal:jmetal-problem ...................... FAILURE [  0.877 s]
[INFO] org.uma.jmetal:jmetal-algorithm .................... SKIPPED
[INFO] org.uma.jmetal:jmetal-lab .......................... SKIPPED
[INFO] org.uma.jmetal:jmetal-example ...................... SKIPPED
[INFO] org.uma.jmetal:jmetal-experimental ................. SKIPPED
[INFO] org.uma.jmetal:jmetal-parallel ..................... SKIPPED
[INFO] ------------------------------------------------------------------------
[INFO] BUILD FAILURE
[INFO] ------------------------------------------------------------------------
[INFO] Total time:  17.173 s
[INFO] Finished at: 2026-01-30T10:40:48Z
[INFO] ------------------------------------------------------------------------
[ERROR] Failed to execute goal org.apache.maven.plugins:maven-compiler-plugin:3.8.0:compile (default-compile) on project jmetal-problem: Compilation failure: Compilation failure: 
[ERROR] /workspaces/CodeCureAgent/code_cure_agent/cca_workspace_5/jMetal/jmetal-problem/src/main/java/org/uma/jmetal/problem/multiobjective/ebes/Ebes.java:[653,19] cannot find symbol
[ERROR]   symbol:   method EBEsReadProblems()
[ERROR]   location: class org.uma.jmetal.problem.multiobjective.ebes.Ebes
[ERROR] /workspaces/CodeCureAgent/code_cure_agent/cca_workspace_5/jMetal/jmetal-problem/src/main/java/org/uma/jmetal/problem/multiobjective/ebes/Ebes.java:[681,7] cannot find symbol
[ERROR]   symbol:   method EBEsReadDataFile(java.lang.String)
[ERROR]   location: class org.uma.jmetal.problem.multiobjective.ebes.Ebes
[ERROR] /workspaces/CodeCureAgent/code_cure_agent/cca_workspace_5/jMetal/jmetal-problem/src/main/java/org/uma/jmetal/problem/multiobjective/ebes/Ebes.java:[699,26] cannot find symbol
[ERROR]   symbol:   method Variable_Position()
[ERROR]   location: class org.uma.jmetal.problem.multiobjective.ebes.Ebes
[ERROR] /workspaces/CodeCureAgent/code_cure_agent/cca_workspace_5/jMetal/jmetal-problem/src/main/java/org/uma/jmetal/problem/multiobjective/ebes/Ebes.java:[936,17] cannot find symbol
[ERROR]   symbol:   method FunctionENS(int)
[ERROR]   location: class org.uma.jmetal.problem.multiobjective.ebes.Ebes
[ERROR] /workspaces/CodeCureAgent/code_cure_agent/cca_workspace_5/jMetal/jmetal-problem/src/main/java/org/uma/jmetal/problem/multiobjective/ebes/Ebes.java:[939,17] cannot find symbol
[ERROR]   symbol:   method FunctionsMahalanobis_Distance_With_Variance(int)
[ERROR]   location: class org.uma.jmetal.problem.multiobjective.ebes.Ebes
[ERROR] /workspaces/CodeCureAgent/code_cure_agent/cca_workspace_5/jMetal/jmetal-problem/src/main/java/org/uma/jmetal/problem/multiobjective/ebes/Ebes.java:[1336,9] cannot find symbol
[ERROR]   symbol:   method EBEsTransversalSectionCircular(int,double)
[ERROR]   location: class org.uma.jmetal.problem.multiobjective.ebes.Ebes
[ERROR] /workspaces/CodeCureAgent/code_cure_agent/cca_workspace_5/jMetal/jmetal-problem/src/main/java/org/uma/jmetal/problem/multiobjective/ebes/Ebes.java:[1340,9] cannot find symbol
[ERROR]   symbol:   method EBEsTransversalSectionHoleCircular(int,double,double)
[ERROR]   location: class org.uma.jmetal.problem.multiobjective.ebes.Ebes
[ERROR] /workspaces/CodeCureAgent/code_cure_agent/cca_workspace_5/jMetal/jmetal-problem/src/main/java/org/uma/jmetal/problem/multiobjective/ebes/Ebes.java:[1344,9] cannot find symbol
[ERROR]   symbol:   method EBEsTransversalSectionRectangle(int,double,double)
[ERROR]   location: class org.uma.jmetal.problem.multiobjective.ebes.Ebes
[ERROR] /workspaces/CodeCureAgent/code_cure_agent/cca_workspace_5/jMetal/jmetal-problem/src/main/java/org/uma/jmetal/problem/multiobjective/ebes/Ebes.java:[1350,9] cannot find symbol
[ERROR]   symbol:   method EBEsTransversalSectionHoleRectangle(int,double,double,double,double)
[ERROR]   location: class org.uma.jmetal.problem.multiobjective.ebes.Ebes
[ERROR] /workspaces/CodeCureAgent/code_cure_agent/cca_workspace_5/jMetal/jmetal-problem/src/main/java/org/uma/jmetal/problem/multiobjective/ebes/Ebes.java:[1359,9] cannot find symbol
[ERROR]   symbol:   method EBEsTransversalSection_I_Single(int,double,double,double,double)
[ERROR]   location: class org.uma.jmetal.problem.multiobjective.ebes.Ebes
[ERROR] /workspaces/CodeCureAgent/code_cure_agent/cca_workspace_5/jMetal/jmetal-problem/src/main/java/org/uma/jmetal/problem/multiobjective/ebes/Ebes.java:[1365,9] cannot find symbol
[ERROR]   symbol:   method EBEsTransversalSection_I_Double(int,double,double,double,double)
[ERROR]   location: class org.uma.jmetal.problem.multiobjective.ebes.Ebes
[ERROR] /workspaces/CodeCureAgent/code_cure_agent/cca_workspace_5/jMetal/jmetal-problem/src/main/java/org/uma/jmetal/problem/multiobjective/ebes/Ebes.java:[1371,9] cannot find symbol
[ERROR]   symbol:   method EBEsTransversalSection_H_Single(int,double,double,double,double)
[ERROR]   location: class org.uma.jmetal.problem.multiobjective.ebes.Ebes
[ERROR] /workspaces/CodeCureAgent/code_cure_agent/cca_workspace_5/jMetal/jmetal-problem/src/main/java/org/uma/jmetal/problem/multiobjective/ebes/Ebes.java:[1377,9] cannot find symbol
[ERROR]   symbol:   method EBEsTransversalSection_H_Double(int,double,double,double,double)
[ERROR]   location: class org.uma.jmetal.problem.multiobjective.ebes.Ebes
[ERROR] /workspaces/CodeCureAgent/code_cure_agent/cca_workspace_5/jMetal/jmetal-problem/src/main/java/org/uma/jmetal/problem/multiobjective/ebes/Ebes.java:[1383,9] cannot find symbol
[ERROR]   symbol:   method EBEsTransversalSection_L_Single(int,double,double,double,double)
[ERROR]   location: class org.uma.jmetal.problem.multiobjective.ebes.Ebes
[ERROR] /workspaces/CodeCureAgent/code_cure_agent/cca_workspace_5/jMetal/jmetal-problem/src/main/java/org/uma/jmetal/problem/multiobjective/ebes/Ebes.java:[1389,9] cannot find symbol
[ERROR]   symbol:   method EBEsTransversalSection_L_Double(int,double,double,double,double)
[ERROR]   location: class org.uma.jmetal.problem.multiobjective.ebes.Ebes
[ERROR] /workspaces/CodeCureAgent/code_cure_agent/cca_workspace_5/jMetal/jmetal-problem/src/main/java/org/uma/jmetal/problem/multiobjective/ebes/Ebes.java:[1395,9] cannot find symbol
[ERROR]   symbol:   method EBEsTransversalSection_T_Single(int,double,double,double,double)
[ERROR]   location: class org.uma.jmetal.problem.multiobjective.ebes.Ebes
[ERROR] /workspaces/CodeCureAgent/code_cure_agent/cca_workspace_5/jMetal/jmetal-problem/src/main/java/org/uma/jmetal/problem/multiobjective/ebes/Ebes.java:[1401,9] cannot find symbol
[ERROR]   symbol:   method EBEsTransversalSection_T_Double(int,double,double,double,double)
[ERROR]   location: class org.uma.jmetal.problem.multiobjective.ebes.Ebes
[ERROR] /workspaces/CodeCureAgent/code_cure_agent/cca_workspace_5/jMetal/jmetal-problem/src/main/java/org/uma/jmetal/problem/multiobjective/ebes/Ebes.java:[1555,9] cannot find symbol
[ERROR]   symbol:   method EBEsEcuationSolution(int)
[ERROR]   location: class org.uma.jmetal.problem.multiobjective.ebes.Ebes
[ERROR] /workspaces/CodeCureAgent/code_cure_agent/cca_workspace_5/jMetal/jmetal-problem/src/main/java/org/uma/jmetal/problem/multiobjective/ebes/Ebes.java:[1557,9] cannot find symbol
[ERROR]   symbol:   method EBEsEffortsElements3D(int,int,double[][])
[ERROR]   location: class org.uma.jmetal.problem.multiobjective.ebes.Ebes
[ERROR] /workspaces/CodeCureAgent/code_cure_agent/cca_workspace_5/jMetal/jmetal-problem/src/main/java/org/uma/jmetal/problem/multiobjective/ebes/Ebes.java:[1591,5] cannot find symbol
[ERROR]   symbol:   method EBEsStrainMaxWhitGroup()
[ERROR]   location: class org.uma.jmetal.problem.multiobjective.ebes.Ebes
[ERROR] /workspaces/CodeCureAgent/code_cure_agent/cca_workspace_5/jMetal/jmetal-problem/src/main/java/org/uma/jmetal/problem/multiobjective/ebes/Ebes.java:[1595,5] cannot find symbol
[ERROR]   symbol:   method EBEsStrainMinWhitGroup()
[ERROR]   location: class org.uma.jmetal.problem.multiobjective.ebes.Ebes
[ERROR] /workspaces/CodeCureAgent/code_cure_agent/cca_workspace_5/jMetal/jmetal-problem/src/main/java/org/uma/jmetal/problem/multiobjective/ebes/Ebes.java:[1599,5] cannot find symbol
[ERROR]   symbol:   method EBEsStrainResidualVerication()
[ERROR]   location: class org.uma.jmetal.problem.multiobjective.ebes.Ebes
[ERROR] /workspaces/CodeCureAgent/code_cure_agent/cca_workspace_5/jMetal/jmetal-problem/src/main/java/org/uma/jmetal/problem/multiobjective/ebes/Ebes.java:[1687,11] cannot find symbol
[ERROR]   symbol:   method EBEsMat3DL_iRig_jRig(int)
[ERROR]   location: class org.uma.jmetal.problem.multiobjective.ebes.Ebes
[ERROR] /workspaces/CodeCureAgent/code_cure_agent/cca_workspace_5/jMetal/jmetal-problem/src/main/java/org/uma/jmetal/problem/multiobjective/ebes/Ebes.java:[1690,11] cannot find symbol
[ERROR]   symbol:   method EBEsMat3DL_iRig_jArt(int)
[ERROR]   location: class org.uma.jmetal.problem.multiobjective.ebes.Ebes
[ERROR] /workspaces/CodeCureAgent/code_cure_agent/cca_workspace_5/jMetal/jmetal-problem/src/main/java/org/uma/jmetal/problem/multiobjective/ebes/Ebes.java:[1693,11] cannot find symbol
[ERROR]   symbol:   method EBEsMat3DL_iArt_jRig(int)
[ERROR]   location: class org.uma.jmetal.problem.multiobjective.ebes.Ebes
[ERROR] /workspaces/CodeCureAgent/code_cure_agent/cca_workspace_5/jMetal/jmetal-problem/src/main/java/org/uma/jmetal/problem/multiobjective/ebes/Ebes.java:[1696,11] cannot find symbol
[ERROR]   symbol:   method EBEsMat3DL_iArt_jArt(int)
[ERROR]   location: class org.uma.jmetal.problem.multiobjective.ebes.Ebes
[ERROR] /workspaces/CodeCureAgent/code_cure_agent/cca_workspace_5/jMetal/jmetal-problem/src/main/java/org/uma/jmetal/problem/multiobjective/ebes/Ebes.java:[1704,9] cannot find symbol
[ERROR]   symbol:   method EBEsMat3DL_SOG(int)
[ERROR]   location: class org.uma.jmetal.problem.multiobjective.ebes.Ebes
[ERROR] /workspaces/CodeCureAgent/code_cure_agent/cca_workspace_5/jMetal/jmetal-problem/src/main/java/org/uma/jmetal/problem/multiobjective/ebes/Ebes.java:[1705,15] cannot find symbol
[ERROR]   symbol:   method EBEsMatrixAdd(double[][],double[][])
[ERROR]   location: class org.uma.jmetal.problem.multiobjective.ebes.Ebes
[ERROR] /workspaces/CodeCureAgent/code_cure_agent/cca_workspace_5/jMetal/jmetal-problem/src/main/java/org/uma/jmetal/problem/multiobjective/ebes/Ebes.java:[1706,15] cannot find symbol
[ERROR]   symbol:   method EBEsMatrixAdd(double[][],double[][])
[ERROR]   location: class org.uma.jmetal.problem.multiobjective.ebes.Ebes
[ERROR] /workspaces/CodeCureAgent/code_cure_agent/cca_workspace_5/jMetal/jmetal-problem/src/main/java/org/uma/jmetal/problem/multiobjective/ebes/Ebes.java:[1707,15] cannot find symbol
[ERROR]   symbol:   method EBEsMatrixAdd(double[][],double[][])
[ERROR]   location: class org.uma.jmetal.problem.multiobjective.ebes.Ebes
[ERROR] /workspaces/CodeCureAgent/code_cure_agent/cca_workspace_5/jMetal/jmetal-problem/src/main/java/org/uma/jmetal/problem/multiobjective/ebes/Ebes.java:[1708,15] cannot find symbol
[ERROR]   symbol:   method EBEsMatrixAdd(double[][],double[][])
[ERROR]   location: class org.uma.jmetal.problem.multiobjective.ebes.Ebes
[ERROR] /workspaces/CodeCureAgent/code_cure_agent/cca_workspace_5/jMetal/jmetal-problem/src/main/java/org/uma/jmetal/problem/multiobjective/ebes/Ebes.java:[1712,7] cannot find symbol
[ERROR]   symbol:   method EBEsMatRot3DLpSaL(int)
[ERROR]   location: class org.uma.jmetal.problem.multiobjective.ebes.Ebes
[ERROR] /workspaces/CodeCureAgent/code_cure_agent/cca_workspace_5/jMetal/jmetal-problem/src/main/java/org/uma/jmetal/problem/multiobjective/ebes/Ebes.java:[1714,7] cannot find symbol
[ERROR]   symbol:   method EBEsMatRot3DLaG(int)
[ERROR]   location: class org.uma.jmetal.problem.multiobjective.ebes.Ebes
[ERROR] /workspaces/CodeCureAgent/code_cure_agent/cca_workspace_5/jMetal/jmetal-problem/src/main/java/org/uma/jmetal/problem/multiobjective/ebes/Ebes.java:[1716,7] cannot find symbol
[ERROR]   symbol:   method EBEsMat3DGij()
[ERROR]   location: class org.uma.jmetal.problem.multiobjective.ebes.Ebes
[ERROR] /workspaces/CodeCureAgent/code_cure_agent/cca_workspace_5/jMetal/jmetal-problem/src/main/java/org/uma/jmetal/problem/multiobjective/ebes/Ebes.java:[1718,7] cannot find symbol
[ERROR]   symbol:   method EBEsMat3DG(int)
[ERROR]   location: class org.uma.jmetal.problem.multiobjective.ebes.Ebes
[ERROR] /workspaces/CodeCureAgent/code_cure_agent/cca_workspace_5/jMetal/jmetal-problem/src/main/java/org/uma/jmetal/problem/multiobjective/ebes/Ebes.java:[2199,5] cannot find symbol
[ERROR]   symbol:   method EBEsMatRot3DLpSaL(int)
[ERROR]   location: class org.uma.jmetal.problem.multiobjective.ebes.Ebes
[ERROR] /workspaces/CodeCureAgent/code_cure_agent/cca_workspace_5/jMetal/jmetal-problem/src/main/java/org/uma/jmetal/problem/multiobjective/ebes/Ebes.java:[2202,5] cannot find symbol
[ERROR]   symbol:   method EBEsMatRot3DLaG(int)
[ERROR]   location: class org.uma.jmetal.problem.multiobjective.ebes.Ebes
[ERROR] /workspaces/CodeCureAgent/code_cure_agent/cca_workspace_5/jMetal/jmetal-problem/src/main/java/org/uma/jmetal/problem/multiobjective/ebes/Ebes.java:[2206,9] cannot find symbol
[ERROR]   symbol:   method EBEsMatrizMultiplicar(double[][],double[][])
[ERROR]   location: class org.uma.jmetal.problem.multiobjective.ebes.Ebes
[ERROR] /workspaces/CodeCureAgent/code_cure_agent/cca_workspace_5/jMetal/jmetal-problem/src/main/java/org/uma/jmetal/problem/multiobjective/ebes/Ebes.java:[2207,10] cannot find symbol
[ERROR]   symbol:   method EBEsMatrizVectorMultiplicar(double[][],double[])
[ERROR]   location: class org.uma.jmetal.problem.multiobjective.ebes.Ebes
[ERROR] /workspaces/CodeCureAgent/code_cure_agent/cca_workspace_5/jMetal/jmetal-problem/src/main/java/org/uma/jmetal/problem/multiobjective/ebes/Ebes.java:[2211,9] cannot find symbol
[ERROR]   symbol:   method EBEsMatrizMultiplicar(double[][],double[][])
[ERROR]   location: class org.uma.jmetal.problem.multiobjective.ebes.Ebes
[ERROR] /workspaces/CodeCureAgent/code_cure_agent/cca_workspace_5/jMetal/jmetal-problem/src/main/java/org/uma/jmetal/problem/multiobjective/ebes/Ebes.java:[2212,10] cannot find symbol
[ERROR]   symbol:   method EBEsMatrizVectorMultiplicar(double[][],double[])
[ERROR]   location: class org.uma.jmetal.problem.multiobjective.ebes.Ebes
[ERROR] /workspaces/CodeCureAgent/code_cure_agent/cca_workspace_5/jMetal/jmetal-problem/src/main/java/org/uma/jmetal/problem/multiobjective/ebes/Ebes.java:[2289,24] cannot find symbol
[ERROR]   symbol:   method BucklingOmega(double,double[],double[])
[ERROR]   location: class org.uma.jmetal.problem.multiobjective.ebes.Ebes
[ERROR] -> [Help 1]
[ERROR] 
[ERROR] To see the full stack trace of the errors, re-run Maven with the -e switch.
[ERROR] Re-run Maven using the -X switch to enable full debug logging.
[ERROR] 
[ERROR] For more information about the errors and possible solutions, please read the following articles:
[ERROR] [Help 1] http://cwiki.apache.org/confluence/display/MAVEN/MojoFailureException
[ERROR] 
[ERROR] After correcting the problems, you can resume the build with the command
[ERROR]   mvn <args> -rf :jmetal-problem
