[INFO] Scanning for projects...
[WARNING] The project org.pitest:pitest-parent:pom:1.5.3-SNAPSHOT uses prerequisites which is only intended for maven-plugin projects but not for non maven-plugin projects. For such purposes you should use the maven-enforcer-plugin. See https://maven.apache.org/enforcer/enforcer-rules/requireMavenVersion.html
[INFO] ------------------------------------------------------------------------
[INFO] Reactor Build Order:
[INFO] 
[INFO] pitest-parent                                                      [pom]
[INFO] Build Config                                                       [jar]
[INFO] pitest                                                             [jar]
[INFO] pitest-entry                                                       [jar]
[INFO] pitest-html-report                                                 [jar]
[INFO] pitest-aggregator                                                  [jar]
[INFO] pitest-maven                                              [maven-plugin]
[INFO] pitest-command-line                                                [jar]
[INFO] pitest-ant                                                         [jar]
[INFO] pitest-maven-verification                                          [jar]
[INFO] pitest-java8-verification                                          [jar]
[INFO] 
[INFO] ----------------------< org.pitest:pitest-parent >----------------------
[INFO] Building pitest-parent 1.5.3-SNAPSHOT                             [1/11]
[INFO] --------------------------------[ pom ]---------------------------------
[INFO] 
[INFO] --- maven-clean-plugin:3.1.0:clean (default-clean) @ pitest-parent ---
[INFO] 
[INFO] -------------------< org.pitest:pitest-build-config >-------------------
[INFO] Building Build Config 1.5.3-SNAPSHOT                              [2/11]
[INFO] --------------------------------[ jar ]---------------------------------
[INFO] 
[INFO] --- maven-clean-plugin:3.1.0:clean (default-clean) @ pitest-build-config ---
[INFO] Deleting /workspaces/master-thesis-pascal-joos/code_cure_agent/cca_workspace/pitest/pitest-build-config/target
[INFO] 
[INFO] --- maven-resources-plugin:3.1.0:resources (default-resources) @ pitest-build-config ---
[INFO] Using 'UTF-8' encoding to copy filtered resources.
[INFO] Copying 1 resource
[INFO] 
[INFO] --- maven-compiler-plugin:3.8.1:compile (default-compile) @ pitest-build-config ---
[INFO] No sources to compile
[INFO] 
[INFO] --- maven-resources-plugin:3.1.0:testResources (default-testResources) @ pitest-build-config ---
[INFO] Using 'UTF-8' encoding to copy filtered resources.
[INFO] skip non existing resourceDirectory /workspaces/master-thesis-pascal-joos/code_cure_agent/cca_workspace/pitest/pitest-build-config/src/test/resources
[INFO] 
[INFO] --- maven-compiler-plugin:3.8.1:testCompile (default-testCompile) @ pitest-build-config ---
[INFO] No sources to compile
[INFO] 
[INFO] --- maven-surefire-plugin:2.17:test (default-test) @ pitest-build-config ---
[INFO] Tests are skipped.
[INFO] 
[INFO] --- maven-jar-plugin:3.1.1:jar (default-jar) @ pitest-build-config ---
[INFO] Building jar: /workspaces/master-thesis-pascal-joos/code_cure_agent/cca_workspace/pitest/pitest-build-config/target/pitest-build-config-1.5.3-SNAPSHOT.jar
[INFO] 
[INFO] -------------------------< org.pitest:pitest >--------------------------
[INFO] Building pitest 1.5.3-SNAPSHOT                                    [3/11]
[INFO] --------------------------------[ jar ]---------------------------------
[INFO] 
[INFO] --- maven-clean-plugin:3.1.0:clean (default-clean) @ pitest ---
[INFO] Deleting /workspaces/master-thesis-pascal-joos/code_cure_agent/cca_workspace/pitest/pitest/target
[INFO] 
[INFO] --- maven-checkstyle-plugin:3.1.0:check (checkstyle) @ pitest ---
[INFO] 
[INFO] --- maven-resources-plugin:3.1.0:resources (default-resources) @ pitest ---
[INFO] Using 'UTF-8' encoding to copy filtered resources.
[INFO] Copying 3 resources
[INFO] 
[INFO] --- maven-compiler-plugin:3.8.1:compile (default-compile) @ pitest ---
[INFO] Changes detected - recompiling the module!
[INFO] Compiling 272 source files to /workspaces/master-thesis-pascal-joos/code_cure_agent/cca_workspace/pitest/pitest/target/classes
[INFO] /workspaces/master-thesis-pascal-joos/code_cure_agent/cca_workspace/pitest/pitest/src/main/java/org/pitest/bytecode/NullVisitor.java: /workspaces/master-thesis-pascal-joos/code_cure_agent/cca_workspace/pitest/pitest/src/main/java/org/pitest/bytecode/NullVisitor.java uses or overrides a deprecated API.
[INFO] /workspaces/master-thesis-pascal-joos/code_cure_agent/cca_workspace/pitest/pitest/src/main/java/org/pitest/bytecode/NullVisitor.java: Recompile with -Xlint:deprecation for details.
[INFO] /workspaces/master-thesis-pascal-joos/code_cure_agent/cca_workspace/pitest/pitest/src/main/java/org/pitest/junit/JUnitCustomRunnerTestUnitFinder.java: /workspaces/master-thesis-pascal-joos/code_cure_agent/cca_workspace/pitest/pitest/src/main/java/org/pitest/junit/JUnitCustomRunnerTestUnitFinder.java uses unchecked or unsafe operations.
[INFO] /workspaces/master-thesis-pascal-joos/code_cure_agent/cca_workspace/pitest/pitest/src/main/java/org/pitest/junit/JUnitCustomRunnerTestUnitFinder.java: Recompile with -Xlint:unchecked for details.
[INFO] 
[INFO] --- maven-resources-plugin:3.1.0:testResources (default-testResources) @ pitest ---
[INFO] Using 'UTF-8' encoding to copy filtered resources.
[INFO] Copying 12 resources
[INFO] 
[INFO] --- maven-compiler-plugin:3.8.1:testCompile (default-testCompile) @ pitest ---
[INFO] Changes detected - recompiling the module!
[INFO] Compiling 234 source files to /workspaces/master-thesis-pascal-joos/code_cure_agent/cca_workspace/pitest/pitest/target/test-classes
[INFO] -------------------------------------------------------------
[ERROR] COMPILATION ERROR : 
[INFO] -------------------------------------------------------------
[ERROR] /workspaces/master-thesis-pascal-joos/code_cure_agent/cca_workspace/pitest/pitest/src/test/java/org/pitest/mutationtest/engine/gregor/mutators/RemoveConditionalMutatorTest.java:[91,1] illegal character: '`'
[ERROR] /workspaces/master-thesis-pascal-joos/code_cure_agent/cca_workspace/pitest/pitest/src/test/java/org/pitest/mutationtest/engine/gregor/mutators/RemoveConditionalMutatorTest.java:[91,2] illegal character: '`'
[ERROR] /workspaces/master-thesis-pascal-joos/code_cure_agent/cca_workspace/pitest/pitest/src/test/java/org/pitest/mutationtest/engine/gregor/mutators/RemoveConditionalMutatorTest.java:[91,3] illegal character: '`'
[ERROR] /workspaces/master-thesis-pascal-joos/code_cure_agent/cca_workspace/pitest/pitest/src/test/java/org/pitest/mutationtest/engine/gregor/mutators/RemoveConditionalMutatorTest.java:[92,20] ';' expected
[ERROR] /workspaces/master-thesis-pascal-joos/code_cure_agent/cca_workspace/pitest/pitest/src/test/java/org/pitest/mutationtest/engine/gregor/mutators/RemoveConditionalMutatorTest.java:[92,28] not a statement
[ERROR] /workspaces/master-thesis-pascal-joos/code_cure_agent/cca_workspace/pitest/pitest/src/test/java/org/pitest/mutationtest/engine/gregor/mutators/RemoveConditionalMutatorTest.java:[92,34] ';' expected
[INFO] 6 errors 
[INFO] -------------------------------------------------------------
[INFO] ------------------------------------------------------------------------
[INFO] Reactor Summary for pitest-parent 1.5.3-SNAPSHOT:
[INFO] 
[INFO] pitest-parent ...................................... SUCCESS [  0.168 s]
[INFO] Build Config ....................................... SUCCESS [  0.639 s]
[INFO] pitest ............................................. FAILURE [  4.243 s]
[INFO] pitest-entry ....................................... SKIPPED
[INFO] pitest-html-report ................................. SKIPPED
[INFO] pitest-aggregator .................................. SKIPPED
[INFO] pitest-maven ....................................... SKIPPED
[INFO] pitest-command-line ................................ SKIPPED
[INFO] pitest-ant ......................................... SKIPPED
[INFO] pitest-maven-verification .......................... SKIPPED
[INFO] pitest-java8-verification .......................... SKIPPED
[INFO] ------------------------------------------------------------------------
[INFO] BUILD FAILURE
[INFO] ------------------------------------------------------------------------
[INFO] Total time:  5.187 s
[INFO] Finished at: 2025-08-20T23:21:12Z
[INFO] ------------------------------------------------------------------------
[ERROR] Failed to execute goal org.apache.maven.plugins:maven-compiler-plugin:3.8.1:testCompile (default-testCompile) on project pitest: Compilation failure: Compilation failure: 
[ERROR] /workspaces/master-thesis-pascal-joos/code_cure_agent/cca_workspace/pitest/pitest/src/test/java/org/pitest/mutationtest/engine/gregor/mutators/RemoveConditionalMutatorTest.java:[91,1] illegal character: '`'
[ERROR] /workspaces/master-thesis-pascal-joos/code_cure_agent/cca_workspace/pitest/pitest/src/test/java/org/pitest/mutationtest/engine/gregor/mutators/RemoveConditionalMutatorTest.java:[91,2] illegal character: '`'
[ERROR] /workspaces/master-thesis-pascal-joos/code_cure_agent/cca_workspace/pitest/pitest/src/test/java/org/pitest/mutationtest/engine/gregor/mutators/RemoveConditionalMutatorTest.java:[91,3] illegal character: '`'
[ERROR] /workspaces/master-thesis-pascal-joos/code_cure_agent/cca_workspace/pitest/pitest/src/test/java/org/pitest/mutationtest/engine/gregor/mutators/RemoveConditionalMutatorTest.java:[92,20] ';' expected
[ERROR] /workspaces/master-thesis-pascal-joos/code_cure_agent/cca_workspace/pitest/pitest/src/test/java/org/pitest/mutationtest/engine/gregor/mutators/RemoveConditionalMutatorTest.java:[92,28] not a statement
[ERROR] /workspaces/master-thesis-pascal-joos/code_cure_agent/cca_workspace/pitest/pitest/src/test/java/org/pitest/mutationtest/engine/gregor/mutators/RemoveConditionalMutatorTest.java:[92,34] ';' expected
[ERROR] -> [Help 1]
[ERROR] 
[ERROR] To see the full stack trace of the errors, re-run Maven with the -e switch.
[ERROR] Re-run Maven using the -X switch to enable full debug logging.
[ERROR] 
[ERROR] For more information about the errors and possible solutions, please read the following articles:
[ERROR] [Help 1] http://cwiki.apache.org/confluence/display/MAVEN/MojoFailureException
[ERROR] 
[ERROR] After correcting the problems, you can resume the build with the command
[ERROR]   mvn <args> -rf :pitest
