[INFO] Scanning for projects...
[INFO] 
[INFO] --------------------------< cn.nukkit:nukkit >--------------------------
[INFO] Building Nukkit 1.0-SNAPSHOT
[INFO] --------------------------------[ jar ]---------------------------------
[INFO] 
[INFO] --- maven-clean-plugin:2.5:clean (default-clean) @ nukkit ---
[INFO] 
[INFO] --- maven-enforcer-plugin:3.0.0-M2:enforce (enforce) @ nukkit ---
[INFO] 
[INFO] --- git-commit-id-plugin:2.2.1:revision (get-the-git-infos) @ nukkit ---
[INFO] dotGitDirectory /workspaces/CodeCureAgent/code_cure_agent/cca_workspace_3/Nukkit/.git
[INFO] git.build.user.name Pascal-Joos
[INFO] git.build.user.email pascal.joos@outlook.de
[INFO] git.branch 47d54ad26109b5d89936e0d9123c591a99a2cf60
[INFO] --always = false
[INFO] --dirty = -dirty
[INFO] --abbrev = 7
[INFO] Tag refs [[Ref[refs/tags/1.14.30=d13b0de3a2102e380fe3f60931f7a2e564da4d35], Ref[refs/tags/1.14.60=b1dc91579c78db69cd07c306d66bfeba9b129b68], Ref[refs/tags/1.16=69c992fa963ea2b6558b43104eba1288432e5da0], Ref[refs/tags/1.16-beta=0477574e45d4815e080be7f96a9e85cabae0faa0], Ref[refs/tags/leveldb-snapshot=9ee7817045b08015e9952f597d81dc420a8ec40b], Ref[refs/tags/redrak-1.0=da00d034919361c10075b74b942752c0fad0ff5f], Ref[refs/tags/snapshot=55eba5640417b9be6f400b13ca45d8ca802145b1]]]
[INFO] Created map: [{}]
[INFO] HEAD is [47d54ad26109b5d89936e0d9123c591a99a2cf60]
[INFO] Repo is in dirty state [true]
[INFO] git.commit.id.describe 47d54ad-dirty
[INFO] git.commit.id 47d54ad26109b5d89936e0d9123c591a99a2cf60
[INFO] git.commit.id.abbrev 47d54ad
[INFO] git.dirty true
[INFO] git.commit.user.name VixikHD
[INFO] git.commit.user.email 40556088+VixikHD@users.noreply.github.com
[INFO] git.commit.message.full Fix level loading (#1681)
[INFO] git.commit.message.short Fix level loading (#1681)
[INFO] git.commit.time 17.11.2020 @ 17:24:56 UTC
[INFO] git.remote.origin.url https://github.com/CloudburstMC/Nukkit.git
[INFO] git.tags 
[INFO] Tag refs [[Ref[refs/tags/1.14.30=d13b0de3a2102e380fe3f60931f7a2e564da4d35], Ref[refs/tags/1.14.60=b1dc91579c78db69cd07c306d66bfeba9b129b68], Ref[refs/tags/1.16=69c992fa963ea2b6558b43104eba1288432e5da0], Ref[refs/tags/1.16-beta=0477574e45d4815e080be7f96a9e85cabae0faa0], Ref[refs/tags/leveldb-snapshot=9ee7817045b08015e9952f597d81dc420a8ec40b], Ref[refs/tags/redrak-1.0=da00d034919361c10075b74b942752c0fad0ff5f], Ref[refs/tags/snapshot=55eba5640417b9be6f400b13ca45d8ca802145b1]]]
[INFO] Including lightweight tag [refs/tags/1.14.30]
[INFO] Including lightweight tag [refs/tags/1.14.60]
[INFO] Including lightweight tag [refs/tags/1.16]
[INFO] Including lightweight tag [refs/tags/1.16-beta]
[INFO] Including lightweight tag [refs/tags/leveldb-snapshot]
[INFO] Including lightweight tag [refs/tags/redrak-1.0]
[INFO] Including lightweight tag [refs/tags/snapshot]
[INFO] key [AnyObjectId[b1dc91579c78db69cd07c306d66bfeba9b129b68]], tags => [[DatedRevTag{id=b1dc91579c78db69cd07c306d66bfeba9b129b68, tagName='refs/tags/1.14.60', date=January 29, 26 at 4:44:53 PM UTC}]] 
[INFO] key [AnyObjectId[da00d034919361c10075b74b942752c0fad0ff5f]], tags => [[DatedRevTag{id=da00d034919361c10075b74b942752c0fad0ff5f, tagName='refs/tags/redrak-1.0', date=January 29, 26 at 4:44:53 PM UTC}]] 
[INFO] key [AnyObjectId[9ee7817045b08015e9952f597d81dc420a8ec40b]], tags => [[DatedRevTag{id=9ee7817045b08015e9952f597d81dc420a8ec40b, tagName='refs/tags/leveldb-snapshot', date=January 29, 26 at 4:44:53 PM UTC}]] 
[INFO] key [AnyObjectId[d13b0de3a2102e380fe3f60931f7a2e564da4d35]], tags => [[DatedRevTag{id=d13b0de3a2102e380fe3f60931f7a2e564da4d35, tagName='refs/tags/1.14.30', date=January 29, 26 at 4:44:53 PM UTC}]] 
[INFO] key [AnyObjectId[69c992fa963ea2b6558b43104eba1288432e5da0]], tags => [[DatedRevTag{id=69c992fa963ea2b6558b43104eba1288432e5da0, tagName='refs/tags/1.16', date=January 29, 26 at 4:44:53 PM UTC}]] 
[INFO] key [AnyObjectId[55eba5640417b9be6f400b13ca45d8ca802145b1]], tags => [[DatedRevTag{id=55eba5640417b9be6f400b13ca45d8ca802145b1, tagName='refs/tags/snapshot', date=January 29, 26 at 4:44:53 PM UTC}]] 
[INFO] key [AnyObjectId[0477574e45d4815e080be7f96a9e85cabae0faa0]], tags => [[DatedRevTag{id=0477574e45d4815e080be7f96a9e85cabae0faa0, tagName='refs/tags/1.16-beta', date=January 29, 26 at 4:44:53 PM UTC}]] 
[INFO] git.closest.tag.name redrak-1.0
[INFO] Tag refs [[Ref[refs/tags/1.14.30=d13b0de3a2102e380fe3f60931f7a2e564da4d35], Ref[refs/tags/1.14.60=b1dc91579c78db69cd07c306d66bfeba9b129b68], Ref[refs/tags/1.16=69c992fa963ea2b6558b43104eba1288432e5da0], Ref[refs/tags/1.16-beta=0477574e45d4815e080be7f96a9e85cabae0faa0], Ref[refs/tags/leveldb-snapshot=9ee7817045b08015e9952f597d81dc420a8ec40b], Ref[refs/tags/redrak-1.0=da00d034919361c10075b74b942752c0fad0ff5f], Ref[refs/tags/snapshot=55eba5640417b9be6f400b13ca45d8ca802145b1]]]
[INFO] Including lightweight tag [refs/tags/1.14.30]
[INFO] Including lightweight tag [refs/tags/1.14.60]
[INFO] Including lightweight tag [refs/tags/1.16]
[INFO] Including lightweight tag [refs/tags/1.16-beta]
[INFO] Including lightweight tag [refs/tags/leveldb-snapshot]
[INFO] Including lightweight tag [refs/tags/redrak-1.0]
[INFO] Including lightweight tag [refs/tags/snapshot]
[INFO] key [AnyObjectId[b1dc91579c78db69cd07c306d66bfeba9b129b68]], tags => [[DatedRevTag{id=b1dc91579c78db69cd07c306d66bfeba9b129b68, tagName='refs/tags/1.14.60', date=January 29, 26 at 4:44:53 PM UTC}]] 
[INFO] key [AnyObjectId[da00d034919361c10075b74b942752c0fad0ff5f]], tags => [[DatedRevTag{id=da00d034919361c10075b74b942752c0fad0ff5f, tagName='refs/tags/redrak-1.0', date=January 29, 26 at 4:44:53 PM UTC}]] 
[INFO] key [AnyObjectId[9ee7817045b08015e9952f597d81dc420a8ec40b]], tags => [[DatedRevTag{id=9ee7817045b08015e9952f597d81dc420a8ec40b, tagName='refs/tags/leveldb-snapshot', date=January 29, 26 at 4:44:53 PM UTC}]] 
[INFO] key [AnyObjectId[d13b0de3a2102e380fe3f60931f7a2e564da4d35]], tags => [[DatedRevTag{id=d13b0de3a2102e380fe3f60931f7a2e564da4d35, tagName='refs/tags/1.14.30', date=January 29, 26 at 4:44:53 PM UTC}]] 
[INFO] key [AnyObjectId[69c992fa963ea2b6558b43104eba1288432e5da0]], tags => [[DatedRevTag{id=69c992fa963ea2b6558b43104eba1288432e5da0, tagName='refs/tags/1.16', date=January 29, 26 at 4:44:53 PM UTC}]] 
[INFO] key [AnyObjectId[55eba5640417b9be6f400b13ca45d8ca802145b1]], tags => [[DatedRevTag{id=55eba5640417b9be6f400b13ca45d8ca802145b1, tagName='refs/tags/snapshot', date=January 29, 26 at 4:44:53 PM UTC}]] 
[INFO] key [AnyObjectId[0477574e45d4815e080be7f96a9e85cabae0faa0]], tags => [[DatedRevTag{id=0477574e45d4815e080be7f96a9e85cabae0faa0, tagName='refs/tags/1.16-beta', date=January 29, 26 at 4:44:53 PM UTC}]] 
[INFO] git.closest.tag.commit.count 986
[INFO] git.build.time 29.01.2026 @ 16:44:53 UTC
[INFO] git.build.version 1.0-SNAPSHOT
[INFO] git.build.host a6a6de28bfba
[INFO] git.commit.id.describe-short 47d54ad-dirty
[INFO] found property git.tags
[INFO] found property git.closest.tag.commit.count
[INFO] found property git.build.version
[INFO] found property git.commit.user.name
[INFO] found property git.commit.id.abbrev
[INFO] found property git.branch
[INFO] found property git.build.host
[INFO] found property git.commit.id.describe-short
[INFO] found property git.commit.id.describe
[INFO] found property git.build.user.email
[INFO] found property git.commit.id
[INFO] found property git.commit.message.short
[INFO] found property git.commit.user.email
[INFO] found property git.closest.tag.name
[INFO] found property git.commit.time
[INFO] found property git.build.time
[INFO] found property git.build.user.name
[INFO] found property git.dirty
[INFO] found property git.commit.message.full
[INFO] found property git.remote.origin.url
[INFO] Writing properties file to [/workspaces/CodeCureAgent/code_cure_agent/cca_workspace_3/Nukkit/target/classes/git.properties] (for module Nukkit)...
[INFO] 
[INFO] --- maven-resources-plugin:2.6:resources (default-resources) @ nukkit ---
[INFO] Using 'UTF-8' encoding to copy filtered resources.
[INFO] Copying 9 resources
[INFO] 
[INFO] --- maven-compiler-plugin:3.1:compile (default-compile) @ nukkit ---
[INFO] Changes detected - recompiling the module!
[INFO] Compiling 1528 source files to /workspaces/CodeCureAgent/code_cure_agent/cca_workspace_3/Nukkit/target/classes
[INFO] -------------------------------------------------------------
[WARNING] COMPILATION WARNING : 
[INFO] -------------------------------------------------------------
[WARNING] /workspaces/CodeCureAgent/code_cure_agent/cca_workspace_3/Nukkit/src/main/java/cn/nukkit/level/format/anvil/Chunk.java: Some input files use or override a deprecated API.
[WARNING] /workspaces/CodeCureAgent/code_cure_agent/cca_workspace_3/Nukkit/src/main/java/cn/nukkit/level/format/anvil/Chunk.java: Recompile with -Xlint:deprecation for details.
[WARNING] /workspaces/CodeCureAgent/code_cure_agent/cca_workspace_3/Nukkit/src/main/java/cn/nukkit/level/Level.java: Some input files use unchecked or unsafe operations.
[WARNING] /workspaces/CodeCureAgent/code_cure_agent/cca_workspace_3/Nukkit/src/main/java/cn/nukkit/level/Level.java: Recompile with -Xlint:unchecked for details.
[INFO] 4 warnings 
[INFO] -------------------------------------------------------------
[INFO] -------------------------------------------------------------
[ERROR] COMPILATION ERROR : 
[INFO] -------------------------------------------------------------
[ERROR] /workspaces/CodeCureAgent/code_cure_agent/cca_workspace_3/Nukkit/src/main/java/cn/nukkit/level/Level.java:[634,36] cannot find symbol
  symbol:   method getLeaveMessage()
  location: variable player of type cn.nukkit.Player
[ERROR] /workspaces/CodeCureAgent/code_cure_agent/cca_workspace_3/Nukkit/src/main/java/cn/nukkit/level/Level.java:[863,34] cannot find symbol
  symbol:   method onChunkChanged(cn.nukkit.level.format.FullChunk)
  location: variable p of type cn.nukkit.Player
[ERROR] /workspaces/CodeCureAgent/code_cure_agent/cca_workspace_3/Nukkit/src/main/java/cn/nukkit/level/Level.java:[982,19] cannot find symbol
  symbol:   method isSleeping()
  location: variable p of type cn.nukkit.Player
[ERROR] /workspaces/CodeCureAgent/code_cure_agent/cca_workspace_3/Nukkit/src/main/java/cn/nukkit/level/Level.java:[995,22] cannot find symbol
  symbol:   method stopSleep()
  location: variable p of type cn.nukkit.Player
[ERROR] /workspaces/CodeCureAgent/code_cure_agent/cca_workspace_3/Nukkit/src/main/java/cn/nukkit/level/Level.java:[1892,37] cannot find symbol
  symbol:   method getGamemode()
  location: variable player of type cn.nukkit.Player
[ERROR] /workspaces/CodeCureAgent/code_cure_agent/cca_workspace_3/Nukkit/src/main/java/cn/nukkit/level/Level.java:[1906,23] cannot find symbol
  symbol:   method getGamemode()
  location: variable player of type cn.nukkit.Player
[ERROR] /workspaces/CodeCureAgent/code_cure_agent/cca_workspace_3/Nukkit/src/main/java/cn/nukkit/level/Level.java:[1930,23] cannot find symbol
  symbol:   method isCreative()
  location: variable player of type cn.nukkit.Player
[ERROR] /workspaces/CodeCureAgent/code_cure_agent/cca_workspace_3/Nukkit/src/main/java/cn/nukkit/level/Level.java:[1951,24] cannot find symbol
  symbol:   method isSurvival()
  location: variable player of type cn.nukkit.Player
[ERROR] /workspaces/CodeCureAgent/code_cure_agent/cca_workspace_3/Nukkit/src/main/java/cn/nukkit/level/Level.java:[1959,100] cannot find symbol
  symbol:   method isCreative()
  location: variable player of type cn.nukkit.Player
[ERROR] /workspaces/CodeCureAgent/code_cure_agent/cca_workspace_3/Nukkit/src/main/java/cn/nukkit/level/Level.java:[1962,23] cannot find symbol
  symbol:   method isSurvival()
  location: variable player of type cn.nukkit.Player
[ERROR] /workspaces/CodeCureAgent/code_cure_agent/cca_workspace_3/Nukkit/src/main/java/cn/nukkit/level/Level.java:[1964,30] cannot find symbol
  symbol:   method isOp()
  location: variable player of type cn.nukkit.Player
[ERROR] /workspaces/CodeCureAgent/code_cure_agent/cca_workspace_3/Nukkit/src/main/java/cn/nukkit/level/Level.java:[2000,38] cannot find symbol
  symbol:   method getLoaderId()
  location: variable player of type cn.nukkit.Player
[ERROR] /workspaces/CodeCureAgent/code_cure_agent/cca_workspace_3/Nukkit/src/main/java/cn/nukkit/level/Level.java:[2022,57] cannot find symbol
  symbol:   method isSurvival()
  location: variable player of type cn.nukkit.Player
[ERROR] /workspaces/CodeCureAgent/code_cure_agent/cca_workspace_3/Nukkit/src/main/java/cn/nukkit/level/Level.java:[2026,41] cannot find symbol
  symbol:   method isSurvival()
  location: variable player of type cn.nukkit.Player
[ERROR] /workspaces/CodeCureAgent/code_cure_agent/cca_workspace_3/Nukkit/src/main/java/cn/nukkit/level/Level.java:[2094,23] cannot find symbol
  symbol:   method getGamemode()
  location: variable player of type cn.nukkit.Player
[ERROR] /workspaces/CodeCureAgent/code_cure_agent/cca_workspace_3/Nukkit/src/main/java/cn/nukkit/level/Level.java:[2098,23] cannot find symbol
  symbol:   method isOp()
  location: variable player of type cn.nukkit.Player
[ERROR] /workspaces/CodeCureAgent/code_cure_agent/cca_workspace_3/Nukkit/src/main/java/cn/nukkit/level/Level.java:[2155,112] cannot find symbol
  symbol:   method isSpectator()
  location: class cn.nukkit.Player
[ERROR] /workspaces/CodeCureAgent/code_cure_agent/cca_workspace_3/Nukkit/src/main/java/cn/nukkit/level/Level.java:[2162,38] cannot find symbol
  symbol:   method getNextPosition()
  location: variable player of type cn.nukkit.Player
[ERROR] /workspaces/CodeCureAgent/code_cure_agent/cca_workspace_3/Nukkit/src/main/java/cn/nukkit/level/Level.java:[2178,23] cannot find symbol
  symbol:   method getGamemode()
  location: variable player of type cn.nukkit.Player
[ERROR] /workspaces/CodeCureAgent/code_cure_agent/cca_workspace_3/Nukkit/src/main/java/cn/nukkit/level/Level.java:[2196,23] cannot find symbol
  symbol:   method isOp()
  location: variable player of type cn.nukkit.Player
[ERROR] /workspaces/CodeCureAgent/code_cure_agent/cca_workspace_3/Nukkit/src/main/java/cn/nukkit/level/Level.java:[2211,24] cannot find symbol
  symbol:   method isCreative()
  location: variable player of type cn.nukkit.Player
[ERROR] /workspaces/CodeCureAgent/code_cure_agent/cca_workspace_3/Nukkit/src/main/java/cn/nukkit/level/Level.java:[2641,49] cannot find symbol
  symbol:   method dataPacket(cn.nukkit.network.protocol.SetSpawnPositionPacket)
  location: variable p of type cn.nukkit.Player
[ERROR] /workspaces/CodeCureAgent/code_cure_agent/cca_workspace_3/Nukkit/src/main/java/cn/nukkit/level/Level.java:[2645,40] cannot find symbol
  symbol:   method getLoaderId()
  location: variable player of type cn.nukkit.Player
[ERROR] /workspaces/CodeCureAgent/code_cure_agent/cca_workspace_3/Nukkit/src/main/java/cn/nukkit/level/Level.java:[2650,50] cannot find symbol
  symbol:   method getLoaderId()
  location: variable player of type cn.nukkit.Player
[ERROR] /workspaces/CodeCureAgent/code_cure_agent/cca_workspace_3/Nukkit/src/main/java/cn/nukkit/level/Level.java:[2656,27] cannot find symbol
  symbol:   method isConnected()
  location: variable player of type cn.nukkit.Player
[ERROR] /workspaces/CodeCureAgent/code_cure_agent/cca_workspace_3/Nukkit/src/main/java/cn/nukkit/level/Level.java:[2657,27] cannot find symbol
  symbol:   method sendChunk(int,int,cn.nukkit.network.protocol.DataPacket)
  location: variable player of type cn.nukkit.Player
[ERROR] /workspaces/CodeCureAgent/code_cure_agent/cca_workspace_3/Nukkit/src/main/java/cn/nukkit/level/Level.java:[2698,38] cannot find symbol
  symbol:   method getChunkCacheFromData(int,int,int,byte[])
  location: class cn.nukkit.Player
[ERROR] /workspaces/CodeCureAgent/code_cure_agent/cca_workspace_3/Nukkit/src/main/java/cn/nukkit/level/Level.java:[2710,27] cannot find symbol
  symbol:   method isConnected()
  location: variable player of type cn.nukkit.Player
[ERROR] /workspaces/CodeCureAgent/code_cure_agent/cca_workspace_3/Nukkit/src/main/java/cn/nukkit/level/Level.java:[2711,27] cannot find symbol
  symbol:   method sendChunk(int,int,int,byte[])
  location: variable player of type cn.nukkit.Player
[ERROR] /workspaces/CodeCureAgent/code_cure_agent/cca_workspace_3/Nukkit/src/main/java/cn/nukkit/AdventureSettings.java:[55,39] cannot find symbol
  symbol:   method isOp()
  location: variable player of type cn.nukkit.Player
[ERROR] /workspaces/CodeCureAgent/code_cure_agent/cca_workspace_3/Nukkit/src/main/java/cn/nukkit/AdventureSettings.java:[56,38] cannot find symbol
  symbol:   method isOp()
  location: variable player of type cn.nukkit.Player
[ERROR] /workspaces/CodeCureAgent/code_cure_agent/cca_workspace_3/Nukkit/src/main/java/cn/nukkit/AdventureSettings.java:[60,15] cannot find symbol
  symbol:   method dataPacket(cn.nukkit.network.protocol.AdventureSettingsPacket)
  location: variable player of type cn.nukkit.Player
[ERROR] /workspaces/CodeCureAgent/code_cure_agent/cca_workspace_3/Nukkit/src/main/java/cn/nukkit/AdventureSettings.java:[62,15] cannot find symbol
  symbol:   method resetInAirTicks()
  location: variable player of type cn.nukkit.Player
[ERROR] /workspaces/CodeCureAgent/code_cure_agent/cca_workspace_3/Nukkit/src/main/java/cn/nukkit/entity/Entity.java:[975,48] cannot find symbol
  symbol:   method getLoaderId()
  location: variable player of type cn.nukkit.Player
[ERROR] /workspaces/CodeCureAgent/code_cure_agent/cca_workspace_3/Nukkit/src/main/java/cn/nukkit/entity/Entity.java:[976,39] cannot find symbol
  symbol:   method getLoaderId()
  location: variable player of type cn.nukkit.Player
[ERROR] /workspaces/CodeCureAgent/code_cure_agent/cca_workspace_3/Nukkit/src/main/java/cn/nukkit/entity/Entity.java:[977,19] cannot find symbol
  symbol:   method dataPacket(cn.nukkit.network.protocol.DataPacket)
  location: variable player of type cn.nukkit.Player
[ERROR] /workspaces/CodeCureAgent/code_cure_agent/cca_workspace_3/Nukkit/src/main/java/cn/nukkit/entity/Entity.java:[989,19] cannot find symbol
  symbol:   method dataPacket(cn.nukkit.network.protocol.SetEntityLinkPacket)
  location: variable player of type cn.nukkit.Player
[ERROR] /workspaces/CodeCureAgent/code_cure_agent/cca_workspace_3/Nukkit/src/main/java/cn/nukkit/entity/Entity.java:[1031,19] cannot find symbol
  symbol:   method dataPacket(cn.nukkit.network.protocol.MobEffectPacket)
  location: variable player of type cn.nukkit.Player
[ERROR] /workspaces/CodeCureAgent/code_cure_agent/cca_workspace_3/Nukkit/src/main/java/cn/nukkit/entity/Entity.java:[1044,15] cannot find symbol
  symbol:   method dataPacket(cn.nukkit.network.protocol.SetEntityDataPacket)
  location: variable player of type cn.nukkit.Player
[ERROR] /workspaces/CodeCureAgent/code_cure_agent/cca_workspace_3/Nukkit/src/main/java/cn/nukkit/entity/Entity.java:[1060,19] cannot find symbol
  symbol:   method dataPacket(cn.nukkit.network.protocol.DataPacket)
  location: variable player of type cn.nukkit.Player
[ERROR] /workspaces/CodeCureAgent/code_cure_agent/cca_workspace_3/Nukkit/src/main/java/cn/nukkit/entity/Entity.java:[1063,28] cannot find symbol
  symbol:   method dataPacket(cn.nukkit.network.protocol.SetEntityDataPacket)
  location: class cn.nukkit.Player
[ERROR] /workspaces/CodeCureAgent/code_cure_agent/cca_workspace_3/Nukkit/src/main/java/cn/nukkit/entity/Entity.java:[1068,47] cannot find symbol
  symbol:   method getLoaderId()
  location: variable player of type cn.nukkit.Player
[ERROR] /workspaces/CodeCureAgent/code_cure_agent/cca_workspace_3/Nukkit/src/main/java/cn/nukkit/entity/Entity.java:[1071,19] cannot find symbol
  symbol:   method dataPacket(cn.nukkit.network.protocol.RemoveEntityPacket)
  location: variable player of type cn.nukkit.Player
[ERROR] /workspaces/CodeCureAgent/code_cure_agent/cca_workspace_3/Nukkit/src/main/java/cn/nukkit/entity/Entity.java:[1072,42] cannot find symbol
  symbol:   method getLoaderId()
  location: variable player of type cn.nukkit.Player
[ERROR] /workspaces/CodeCureAgent/code_cure_agent/cca_workspace_3/Nukkit/src/main/java/cn/nukkit/entity/Entity.java:[1305,27] cannot find symbol
  symbol:   method getGamemode()
  location: variable player of type cn.nukkit.Player
[ERROR] /workspaces/CodeCureAgent/code_cure_agent/cca_workspace_3/Nukkit/src/main/java/cn/nukkit/entity/Entity.java:[1326,89] cannot find symbol
  symbol:   method isSpectator()
  location: class cn.nukkit.Player
[ERROR] /workspaces/CodeCureAgent/code_cure_agent/cca_workspace_3/Nukkit/src/main/java/cn/nukkit/entity/Entity.java:[1585,32] cannot find symbol
  symbol:   method setAttribute(cn.nukkit.entity.Attribute)
  location: class cn.nukkit.Player
[ERROR] /workspaces/CodeCureAgent/code_cure_agent/cca_workspace_3/Nukkit/src/main/java/cn/nukkit/entity/Entity.java:[2093,53] cannot find symbol
  symbol:   method getLoaderId()
  location: variable player of type cn.nukkit.Player
[ERROR] /workspaces/CodeCureAgent/code_cure_agent/cca_workspace_3/Nukkit/src/main/java/cn/nukkit/entity/Entity.java:[2096,47] cannot find symbol
  symbol:   method getLoaderId()
  location: variable player of type cn.nukkit.Player
[ERROR] /workspaces/CodeCureAgent/code_cure_agent/cca_workspace_3/Nukkit/src/main/java/cn/nukkit/entity/Entity.java:[2240,23] cannot find symbol
  symbol:   method isOnline()
  location: variable player of type cn.nukkit.Player
[ERROR] /workspaces/CodeCureAgent/code_cure_agent/cca_workspace_3/Nukkit/src/main/java/cn/nukkit/entity/EntityLiving.java:[209,55] cannot find symbol
  symbol:   method isCreative()
  location: class cn.nukkit.Player
[ERROR] /workspaces/CodeCureAgent/code_cure_agent/cca_workspace_3/Nukkit/src/main/java/cn/nukkit/entity/EntityLiving.java:[209,87] cannot find symbol
  symbol:   method isSpectator()
  location: class cn.nukkit.Player
[ERROR] /workspaces/CodeCureAgent/code_cure_agent/cca_workspace_3/Nukkit/src/main/java/cn/nukkit/entity/EntityLiving.java:[240,101] cannot find symbol
  symbol:   method isCreative()
  location: class cn.nukkit.Player
[ERROR] /workspaces/CodeCureAgent/code_cure_agent/cca_workspace_3/Nukkit/src/main/java/cn/nukkit/entity/EntityLiving.java:[240,133] cannot find symbol
  symbol:   method isSpectator()
  location: class cn.nukkit.Player
[ERROR] /workspaces/CodeCureAgent/code_cure_agent/cca_workspace_3/Nukkit/src/main/java/cn/nukkit/entity/EntityHuman.java:[280,66] cannot find symbol
  symbol:   method getLoaderId()
  location: variable player of type cn.nukkit.Player
[ERROR] /workspaces/CodeCureAgent/code_cure_agent/cca_workspace_3/Nukkit/src/main/java/cn/nukkit/entity/EntityHuman.java:[281,39] cannot find symbol
  symbol:   method getLoaderId()
  location: variable player of type cn.nukkit.Player
[ERROR] /workspaces/CodeCureAgent/code_cure_agent/cca_workspace_3/Nukkit/src/main/java/cn/nukkit/entity/EntityHuman.java:[288,126] cannot find symbol
  symbol:   method getLoginChainData()
  location: class cn.nukkit.Player
[ERROR] /workspaces/CodeCureAgent/code_cure_agent/cca_workspace_3/Nukkit/src/main/java/cn/nukkit/entity/EntityHuman.java:[307,19] cannot find symbol
  symbol:   method dataPacket(cn.nukkit.network.protocol.AddPlayerPacket)
  location: variable player of type cn.nukkit.Player
[ERROR] /workspaces/CodeCureAgent/code_cure_agent/cca_workspace_3/Nukkit/src/main/java/cn/nukkit/entity/EntityHuman.java:[319,23] cannot find symbol
  symbol:   method dataPacket(cn.nukkit.network.protocol.SetEntityLinkPacket)
  location: variable player of type cn.nukkit.Player
[ERROR] /workspaces/CodeCureAgent/code_cure_agent/cca_workspace_3/Nukkit/src/main/java/cn/nukkit/entity/EntityHuman.java:[330,47] cannot find symbol
  symbol:   method getLoaderId()
  location: variable player of type cn.nukkit.Player
[ERROR] /workspaces/CodeCureAgent/code_cure_agent/cca_workspace_3/Nukkit/src/main/java/cn/nukkit/entity/EntityHuman.java:[334,19] cannot find symbol
  symbol:   method dataPacket(cn.nukkit.network.protocol.RemoveEntityPacket)
  location: variable player of type cn.nukkit.Player
[ERROR] /workspaces/CodeCureAgent/code_cure_agent/cca_workspace_3/Nukkit/src/main/java/cn/nukkit/entity/EntityHuman.java:[335,42] cannot find symbol
  symbol:   method getLoaderId()
  location: variable player of type cn.nukkit.Player
[ERROR] /workspaces/CodeCureAgent/code_cure_agent/cca_workspace_3/Nukkit/src/main/java/cn/nukkit/entity/EntityHuman.java:[344,27] cannot find symbol
  symbol:   method removeWindow(cn.nukkit.inventory.PlayerInventory)
  location: variable viewer of type cn.nukkit.Player
[ERROR] /workspaces/CodeCureAgent/code_cure_agent/cca_workspace_3/Nukkit/src/main/java/cn/nukkit/Player.java:[98,8] cn.nukkit.Player is not abstract and does not override abstract method isPlayer() in cn.nukkit.command.CommandSender
[ERROR] /workspaces/CodeCureAgent/code_cure_agent/cca_workspace_3/Nukkit/src/main/java/cn/nukkit/Player.java:[263,17] cannot find symbol
  symbol: method isSpectator()
[ERROR] /workspaces/CodeCureAgent/code_cure_agent/cca_workspace_3/Nukkit/src/main/java/cn/nukkit/Player.java:[263,40] cannot find symbol
  symbol: method isCreative()
[ERROR] /workspaces/CodeCureAgent/code_cure_agent/cca_workspace_3/Nukkit/src/main/java/cn/nukkit/Player.java:[267,17] cannot find symbol
  symbol: method getAdventureSettings()
[ERROR] /workspaces/CodeCureAgent/code_cure_agent/cca_workspace_3/Nukkit/src/main/java/cn/nukkit/Player.java:[285,43] cannot find symbol
  symbol:   method getFoodData()
  location: class cn.nukkit.Player
[ERROR] /workspaces/CodeCureAgent/code_cure_agent/cca_workspace_3/Nukkit/src/main/java/cn/nukkit/Player.java:[291,21] cannot find symbol
  symbol: method dataPacket(cn.nukkit.network.protocol.EntityEventPacket)
[ERROR] /workspaces/CodeCureAgent/code_cure_agent/cca_workspace_3/Nukkit/src/main/java/cn/nukkit/Server.java:[663,23] cannot find symbol
  symbol:   method dataPacket(cn.nukkit.network.protocol.DataPacket)
  location: variable player of type cn.nukkit.Player
[ERROR] /workspaces/CodeCureAgent/code_cure_agent/cca_workspace_3/Nukkit/src/main/java/cn/nukkit/Server.java:[703,18] cannot find symbol
  symbol:   method isConnected()
  location: variable p of type cn.nukkit.Player
[ERROR] /workspaces/CodeCureAgent/code_cure_agent/cca_workspace_3/Nukkit/src/main/java/cn/nukkit/Server.java:[704,30] cannot find symbol
  symbol:   method getSocketAddress()
  location: variable p of type cn.nukkit.Player
[ERROR] /workspaces/CodeCureAgent/code_cure_agent/cca_workspace_3/Nukkit/src/main/java/cn/nukkit/Server.java:[727,36] cannot find symbol
  symbol:   method dataPacket(cn.nukkit.network.protocol.BatchPacket)
  location: class cn.nukkit.Player
[ERROR] /workspaces/CodeCureAgent/code_cure_agent/cca_workspace_3/Nukkit/src/main/java/cn/nukkit/Server.java:[838,36] cannot find symbol
  symbol:   method getLeaveMessage()
  location: variable player of type cn.nukkit.Player
[ERROR] /workspaces/CodeCureAgent/code_cure_agent/cca_workspace_3/Nukkit/src/main/java/cn/nukkit/Server.java:[985,79] cannot find symbol
  symbol:   method getDisplayName()
  location: variable player of type cn.nukkit.Player
[ERROR] /workspaces/CodeCureAgent/code_cure_agent/cca_workspace_3/Nukkit/src/main/java/cn/nukkit/Server.java:[985,122] cannot find symbol
  symbol:   method getLoginChainData()
  location: variable player of type cn.nukkit.Player
[ERROR] /workspaces/CodeCureAgent/code_cure_agent/cca_workspace_3/Nukkit/src/main/java/cn/nukkit/Server.java:[1048,18] cannot find symbol
  symbol:   method getDisplayName()
  location: variable p of type cn.nukkit.Player
[ERROR] /workspaces/CodeCureAgent/code_cure_agent/cca_workspace_3/Nukkit/src/main/java/cn/nukkit/Server.java:[1050,18] cannot find symbol
  symbol:   method getLoginChainData()
  location: variable p of type cn.nukkit.Player
[ERROR] /workspaces/CodeCureAgent/code_cure_agent/cca_workspace_3/Nukkit/src/main/java/cn/nukkit/Server.java:[1053,15] cannot find symbol
  symbol:   method dataPacket(cn.nukkit.network.protocol.PlayerListPacket)
  location: variable player of type cn.nukkit.Player
[ERROR] /workspaces/CodeCureAgent/code_cure_agent/cca_workspace_3/Nukkit/src/main/java/cn/nukkit/Server.java:[1057,15] cannot find symbol
  symbol:   method dataPacket(cn.nukkit.network.protocol.BatchPacket)
  location: variable player of type cn.nukkit.Player
[ERROR] /workspaces/CodeCureAgent/code_cure_agent/cca_workspace_3/Nukkit/src/main/java/cn/nukkit/Server.java:[1116,27] cannot find symbol
  symbol:   method isOnline()
  location: variable player of type cn.nukkit.Player
[ERROR] /workspaces/CodeCureAgent/code_cure_agent/cca_workspace_3/Nukkit/src/main/java/cn/nukkit/Server.java:[1117,27] cannot find symbol
  symbol:   method save(boolean)
  location: variable player of type cn.nukkit.Player
[ERROR] /workspaces/CodeCureAgent/code_cure_agent/cca_workspace_3/Nukkit/src/main/java/cn/nukkit/Server.java:[1118,35] cannot find symbol
  symbol:   method isConnected()
  location: variable player of type cn.nukkit.Player
[ERROR] /workspaces/CodeCureAgent/code_cure_agent/cca_workspace_3/Nukkit/src/main/java/cn/nukkit/Server.java:[1167,19] cannot find symbol
  symbol:   method checkNetwork()
  location: variable player of type cn.nukkit.Player
[ERROR] /workspaces/CodeCureAgent/code_cure_agent/cca_workspace_3/Nukkit/src/main/java/cn/nukkit/Server.java:[1831,53] cannot find symbol
  symbol:   method getSocketAddress()
  location: variable player of type cn.nukkit.Player
[ERROR] /workspaces/CodeCureAgent/code_cure_agent/cca_workspace_3/Nukkit/src/main/java/cn/nukkit/Server.java:[2155,19] cannot find symbol
  symbol:   method recalculatePermissions()
  location: variable player of type cn.nukkit.Player
[ERROR] /workspaces/CodeCureAgent/code_cure_agent/cca_workspace_3/Nukkit/src/main/java/cn/nukkit/Server.java:[2164,19] cannot find symbol
  symbol:   method recalculatePermissions()
  location: variable player of type cn.nukkit.Player
[ERROR] /workspaces/CodeCureAgent/code_cure_agent/cca_workspace_3/Nukkit/src/main/java/cn/nukkit/entity/item/EntityItem.java:[183,46] cannot find symbol
  symbol:   method pickupEntity(cn.nukkit.entity.item.EntityItem,boolean)
  location: class cn.nukkit.Player
[ERROR] /workspaces/CodeCureAgent/code_cure_agent/cca_workspace_3/Nukkit/src/main/java/cn/nukkit/network/Network.java:[233,27] method close in class cn.nukkit.entity.EntityHuman cannot be applied to given types;
  required: no arguments
  found: java.lang.String,java.lang.String
  reason: actual and formal argument lists differ in length
[ERROR] /workspaces/CodeCureAgent/code_cure_agent/cca_workspace_3/Nukkit/src/main/java/cn/nukkit/network/Network.java:[273,25] invalid method reference
  cannot find symbol
    symbol:   method handleDataPacket()
    location: class cn.nukkit.Player
[ERROR] /workspaces/CodeCureAgent/code_cure_agent/cca_workspace_3/Nukkit/src/main/java/cn/nukkit/inventory/BaseInventory.java:[470,28] cannot find symbol
  symbol:   method getWindowId(cn.nukkit.inventory.BaseInventory)
  location: variable player of type cn.nukkit.Player
[ERROR] /workspaces/CodeCureAgent/code_cure_agent/cca_workspace_3/Nukkit/src/main/java/cn/nukkit/inventory/BaseInventory.java:[476,19] cannot find symbol
  symbol:   method dataPacket(cn.nukkit.network.protocol.InventoryContentPacket)
  location: variable player of type cn.nukkit.Player
[ERROR] /workspaces/CodeCureAgent/code_cure_agent/cca_workspace_3/Nukkit/src/main/java/cn/nukkit/inventory/BaseInventory.java:[545,28] cannot find symbol
  symbol:   method getWindowId(cn.nukkit.inventory.BaseInventory)
  location: variable player of type cn.nukkit.Player
[ERROR] /workspaces/CodeCureAgent/code_cure_agent/cca_workspace_3/Nukkit/src/main/java/cn/nukkit/inventory/BaseInventory.java:[551,19] cannot find symbol
  symbol:   method dataPacket(cn.nukkit.network.protocol.InventorySlotPacket)
  location: variable player of type cn.nukkit.Player
[ERROR] /workspaces/CodeCureAgent/code_cure_agent/cca_workspace_3/Nukkit/src/main/java/cn/nukkit/inventory/PlayerUIInventory.java:[54,28] cannot find symbol
  symbol:   method getWindowId(cn.nukkit.inventory.PlayerUIInventory)
  location: variable p of type cn.nukkit.Player
[ERROR] /workspaces/CodeCureAgent/code_cure_agent/cca_workspace_3/Nukkit/src/main/java/cn/nukkit/inventory/PlayerUIInventory.java:[60,14] cannot find symbol
  symbol:   method dataPacket(cn.nukkit.network.protocol.InventorySlotPacket)
  location: variable p of type cn.nukkit.Player
[ERROR] /workspaces/CodeCureAgent/code_cure_agent/cca_workspace_3/Nukkit/src/main/java/cn/nukkit/inventory/transaction/CraftingTransaction.java:[36,32] cannot find symbol
  symbol:   method getCraftingGrid()
  location: variable source of type cn.nukkit.Player
[ERROR] /workspaces/CodeCureAgent/code_cure_agent/cca_workspace_3/Nukkit/src/main/java/cn/nukkit/inventory/transaction/CraftingTransaction.java:[113,23] cannot find symbol
  symbol:   method dataPacket(cn.nukkit.network.protocol.ContainerClosePacket)
  location: variable source of type cn.nukkit.Player
[ERROR] /workspaces/CodeCureAgent/code_cure_agent/cca_workspace_3/Nukkit/src/main/java/cn/nukkit/inventory/transaction/CraftingTransaction.java:[117,20] cannot find symbol
  symbol:   method resetCraftingGridType()
  location: variable source of type cn.nukkit.Player
[ERROR] /workspaces/CodeCureAgent/code_cure_agent/cca_workspace_3/Nukkit/src/main/java/cn/nukkit/inventory/transaction/CraftingTransaction.java:[124,27] cannot find symbol
  symbol:   method awardAchievement(java.lang.String)
  location: variable source of type cn.nukkit.Player
[INFO] 100 errors 
[INFO] -------------------------------------------------------------
[INFO] ------------------------------------------------------------------------
[INFO] BUILD FAILURE
[INFO] ------------------------------------------------------------------------
[INFO] Total time:  12.253 s
[INFO] Finished at: 2026-01-29T16:45:03Z
[INFO] ------------------------------------------------------------------------
[ERROR] Failed to execute goal org.apache.maven.plugins:maven-compiler-plugin:3.1:compile (default-compile) on project nukkit: Compilation failure: Compilation failure: 
[ERROR] /workspaces/CodeCureAgent/code_cure_agent/cca_workspace_3/Nukkit/src/main/java/cn/nukkit/level/Level.java:[634,36] cannot find symbol
[ERROR]   symbol:   method getLeaveMessage()
[ERROR]   location: variable player of type cn.nukkit.Player
[ERROR] /workspaces/CodeCureAgent/code_cure_agent/cca_workspace_3/Nukkit/src/main/java/cn/nukkit/level/Level.java:[863,34] cannot find symbol
[ERROR]   symbol:   method onChunkChanged(cn.nukkit.level.format.FullChunk)
[ERROR]   location: variable p of type cn.nukkit.Player
[ERROR] /workspaces/CodeCureAgent/code_cure_agent/cca_workspace_3/Nukkit/src/main/java/cn/nukkit/level/Level.java:[982,19] cannot find symbol
[ERROR]   symbol:   method isSleeping()
[ERROR]   location: variable p of type cn.nukkit.Player
[ERROR] /workspaces/CodeCureAgent/code_cure_agent/cca_workspace_3/Nukkit/src/main/java/cn/nukkit/level/Level.java:[995,22] cannot find symbol
[ERROR]   symbol:   method stopSleep()
[ERROR]   location: variable p of type cn.nukkit.Player
[ERROR] /workspaces/CodeCureAgent/code_cure_agent/cca_workspace_3/Nukkit/src/main/java/cn/nukkit/level/Level.java:[1892,37] cannot find symbol
[ERROR]   symbol:   method getGamemode()
[ERROR]   location: variable player of type cn.nukkit.Player
[ERROR] /workspaces/CodeCureAgent/code_cure_agent/cca_workspace_3/Nukkit/src/main/java/cn/nukkit/level/Level.java:[1906,23] cannot find symbol
[ERROR]   symbol:   method getGamemode()
[ERROR]   location: variable player of type cn.nukkit.Player
[ERROR] /workspaces/CodeCureAgent/code_cure_agent/cca_workspace_3/Nukkit/src/main/java/cn/nukkit/level/Level.java:[1930,23] cannot find symbol
[ERROR]   symbol:   method isCreative()
[ERROR]   location: variable player of type cn.nukkit.Player
[ERROR] /workspaces/CodeCureAgent/code_cure_agent/cca_workspace_3/Nukkit/src/main/java/cn/nukkit/level/Level.java:[1951,24] cannot find symbol
[ERROR]   symbol:   method isSurvival()
[ERROR]   location: variable player of type cn.nukkit.Player
[ERROR] /workspaces/CodeCureAgent/code_cure_agent/cca_workspace_3/Nukkit/src/main/java/cn/nukkit/level/Level.java:[1959,100] cannot find symbol
[ERROR]   symbol:   method isCreative()
[ERROR]   location: variable player of type cn.nukkit.Player
[ERROR] /workspaces/CodeCureAgent/code_cure_agent/cca_workspace_3/Nukkit/src/main/java/cn/nukkit/level/Level.java:[1962,23] cannot find symbol
[ERROR]   symbol:   method isSurvival()
[ERROR]   location: variable player of type cn.nukkit.Player
[ERROR] /workspaces/CodeCureAgent/code_cure_agent/cca_workspace_3/Nukkit/src/main/java/cn/nukkit/level/Level.java:[1964,30] cannot find symbol
[ERROR]   symbol:   method isOp()
[ERROR]   location: variable player of type cn.nukkit.Player
[ERROR] /workspaces/CodeCureAgent/code_cure_agent/cca_workspace_3/Nukkit/src/main/java/cn/nukkit/level/Level.java:[2000,38] cannot find symbol
[ERROR]   symbol:   method getLoaderId()
[ERROR]   location: variable player of type cn.nukkit.Player
[ERROR] /workspaces/CodeCureAgent/code_cure_agent/cca_workspace_3/Nukkit/src/main/java/cn/nukkit/level/Level.java:[2022,57] cannot find symbol
[ERROR]   symbol:   method isSurvival()
[ERROR]   location: variable player of type cn.nukkit.Player
[ERROR] /workspaces/CodeCureAgent/code_cure_agent/cca_workspace_3/Nukkit/src/main/java/cn/nukkit/level/Level.java:[2026,41] cannot find symbol
[ERROR]   symbol:   method isSurvival()
[ERROR]   location: variable player of type cn.nukkit.Player
[ERROR] /workspaces/CodeCureAgent/code_cure_agent/cca_workspace_3/Nukkit/src/main/java/cn/nukkit/level/Level.java:[2094,23] cannot find symbol
[ERROR]   symbol:   method getGamemode()
[ERROR]   location: variable player of type cn.nukkit.Player
[ERROR] /workspaces/CodeCureAgent/code_cure_agent/cca_workspace_3/Nukkit/src/main/java/cn/nukkit/level/Level.java:[2098,23] cannot find symbol
[ERROR]   symbol:   method isOp()
[ERROR]   location: variable player of type cn.nukkit.Player
[ERROR] /workspaces/CodeCureAgent/code_cure_agent/cca_workspace_3/Nukkit/src/main/java/cn/nukkit/level/Level.java:[2155,112] cannot find symbol
[ERROR]   symbol:   method isSpectator()
[ERROR]   location: class cn.nukkit.Player
[ERROR] /workspaces/CodeCureAgent/code_cure_agent/cca_workspace_3/Nukkit/src/main/java/cn/nukkit/level/Level.java:[2162,38] cannot find symbol
[ERROR]   symbol:   method getNextPosition()
[ERROR]   location: variable player of type cn.nukkit.Player
[ERROR] /workspaces/CodeCureAgent/code_cure_agent/cca_workspace_3/Nukkit/src/main/java/cn/nukkit/level/Level.java:[2178,23] cannot find symbol
[ERROR]   symbol:   method getGamemode()
[ERROR]   location: variable player of type cn.nukkit.Player
[ERROR] /workspaces/CodeCureAgent/code_cure_agent/cca_workspace_3/Nukkit/src/main/java/cn/nukkit/level/Level.java:[2196,23] cannot find symbol
[ERROR]   symbol:   method isOp()
[ERROR]   location: variable player of type cn.nukkit.Player
[ERROR] /workspaces/CodeCureAgent/code_cure_agent/cca_workspace_3/Nukkit/src/main/java/cn/nukkit/level/Level.java:[2211,24] cannot find symbol
[ERROR]   symbol:   method isCreative()
[ERROR]   location: variable player of type cn.nukkit.Player
[ERROR] /workspaces/CodeCureAgent/code_cure_agent/cca_workspace_3/Nukkit/src/main/java/cn/nukkit/level/Level.java:[2641,49] cannot find symbol
[ERROR]   symbol:   method dataPacket(cn.nukkit.network.protocol.SetSpawnPositionPacket)
[ERROR]   location: variable p of type cn.nukkit.Player
[ERROR] /workspaces/CodeCureAgent/code_cure_agent/cca_workspace_3/Nukkit/src/main/java/cn/nukkit/level/Level.java:[2645,40] cannot find symbol
[ERROR]   symbol:   method getLoaderId()
[ERROR]   location: variable player of type cn.nukkit.Player
[ERROR] /workspaces/CodeCureAgent/code_cure_agent/cca_workspace_3/Nukkit/src/main/java/cn/nukkit/level/Level.java:[2650,50] cannot find symbol
[ERROR]   symbol:   method getLoaderId()
[ERROR]   location: variable player of type cn.nukkit.Player
[ERROR] /workspaces/CodeCureAgent/code_cure_agent/cca_workspace_3/Nukkit/src/main/java/cn/nukkit/level/Level.java:[2656,27] cannot find symbol
[ERROR]   symbol:   method isConnected()
[ERROR]   location: variable player of type cn.nukkit.Player
[ERROR] /workspaces/CodeCureAgent/code_cure_agent/cca_workspace_3/Nukkit/src/main/java/cn/nukkit/level/Level.java:[2657,27] cannot find symbol
[ERROR]   symbol:   method sendChunk(int,int,cn.nukkit.network.protocol.DataPacket)
[ERROR]   location: variable player of type cn.nukkit.Player
[ERROR] /workspaces/CodeCureAgent/code_cure_agent/cca_workspace_3/Nukkit/src/main/java/cn/nukkit/level/Level.java:[2698,38] cannot find symbol
[ERROR]   symbol:   method getChunkCacheFromData(int,int,int,byte[])
[ERROR]   location: class cn.nukkit.Player
[ERROR] /workspaces/CodeCureAgent/code_cure_agent/cca_workspace_3/Nukkit/src/main/java/cn/nukkit/level/Level.java:[2710,27] cannot find symbol
[ERROR]   symbol:   method isConnected()
[ERROR]   location: variable player of type cn.nukkit.Player
[ERROR] /workspaces/CodeCureAgent/code_cure_agent/cca_workspace_3/Nukkit/src/main/java/cn/nukkit/level/Level.java:[2711,27] cannot find symbol
[ERROR]   symbol:   method sendChunk(int,int,int,byte[])
[ERROR]   location: variable player of type cn.nukkit.Player
[ERROR] /workspaces/CodeCureAgent/code_cure_agent/cca_workspace_3/Nukkit/src/main/java/cn/nukkit/AdventureSettings.java:[55,39] cannot find symbol
[ERROR]   symbol:   method isOp()
[ERROR]   location: variable player of type cn.nukkit.Player
[ERROR] /workspaces/CodeCureAgent/code_cure_agent/cca_workspace_3/Nukkit/src/main/java/cn/nukkit/AdventureSettings.java:[56,38] cannot find symbol
[ERROR]   symbol:   method isOp()
[ERROR]   location: variable player of type cn.nukkit.Player
[ERROR] /workspaces/CodeCureAgent/code_cure_agent/cca_workspace_3/Nukkit/src/main/java/cn/nukkit/AdventureSettings.java:[60,15] cannot find symbol
[ERROR]   symbol:   method dataPacket(cn.nukkit.network.protocol.AdventureSettingsPacket)
[ERROR]   location: variable player of type cn.nukkit.Player
[ERROR] /workspaces/CodeCureAgent/code_cure_agent/cca_workspace_3/Nukkit/src/main/java/cn/nukkit/AdventureSettings.java:[62,15] cannot find symbol
[ERROR]   symbol:   method resetInAirTicks()
[ERROR]   location: variable player of type cn.nukkit.Player
[ERROR] /workspaces/CodeCureAgent/code_cure_agent/cca_workspace_3/Nukkit/src/main/java/cn/nukkit/entity/Entity.java:[975,48] cannot find symbol
[ERROR]   symbol:   method getLoaderId()
[ERROR]   location: variable player of type cn.nukkit.Player
[ERROR] /workspaces/CodeCureAgent/code_cure_agent/cca_workspace_3/Nukkit/src/main/java/cn/nukkit/entity/Entity.java:[976,39] cannot find symbol
[ERROR]   symbol:   method getLoaderId()
[ERROR]   location: variable player of type cn.nukkit.Player
[ERROR] /workspaces/CodeCureAgent/code_cure_agent/cca_workspace_3/Nukkit/src/main/java/cn/nukkit/entity/Entity.java:[977,19] cannot find symbol
[ERROR]   symbol:   method dataPacket(cn.nukkit.network.protocol.DataPacket)
[ERROR]   location: variable player of type cn.nukkit.Player
[ERROR] /workspaces/CodeCureAgent/code_cure_agent/cca_workspace_3/Nukkit/src/main/java/cn/nukkit/entity/Entity.java:[989,19] cannot find symbol
[ERROR]   symbol:   method dataPacket(cn.nukkit.network.protocol.SetEntityLinkPacket)
[ERROR]   location: variable player of type cn.nukkit.Player
[ERROR] /workspaces/CodeCureAgent/code_cure_agent/cca_workspace_3/Nukkit/src/main/java/cn/nukkit/entity/Entity.java:[1031,19] cannot find symbol
[ERROR]   symbol:   method dataPacket(cn.nukkit.network.protocol.MobEffectPacket)
[ERROR]   location: variable player of type cn.nukkit.Player
[ERROR] /workspaces/CodeCureAgent/code_cure_agent/cca_workspace_3/Nukkit/src/main/java/cn/nukkit/entity/Entity.java:[1044,15] cannot find symbol
[ERROR]   symbol:   method dataPacket(cn.nukkit.network.protocol.SetEntityDataPacket)
[ERROR]   location: variable player of type cn.nukkit.Player
[ERROR] /workspaces/CodeCureAgent/code_cure_agent/cca_workspace_3/Nukkit/src/main/java/cn/nukkit/entity/Entity.java:[1060,19] cannot find symbol
[ERROR]   symbol:   method dataPacket(cn.nukkit.network.protocol.DataPacket)
[ERROR]   location: variable player of type cn.nukkit.Player
[ERROR] /workspaces/CodeCureAgent/code_cure_agent/cca_workspace_3/Nukkit/src/main/java/cn/nukkit/entity/Entity.java:[1063,28] cannot find symbol
[ERROR]   symbol:   method dataPacket(cn.nukkit.network.protocol.SetEntityDataPacket)
[ERROR]   location: class cn.nukkit.Player
[ERROR] /workspaces/CodeCureAgent/code_cure_agent/cca_workspace_3/Nukkit/src/main/java/cn/nukkit/entity/Entity.java:[1068,47] cannot find symbol
[ERROR]   symbol:   method getLoaderId()
[ERROR]   location: variable player of type cn.nukkit.Player
[ERROR] /workspaces/CodeCureAgent/code_cure_agent/cca_workspace_3/Nukkit/src/main/java/cn/nukkit/entity/Entity.java:[1071,19] cannot find symbol
[ERROR]   symbol:   method dataPacket(cn.nukkit.network.protocol.RemoveEntityPacket)
[ERROR]   location: variable player of type cn.nukkit.Player
[ERROR] /workspaces/CodeCureAgent/code_cure_agent/cca_workspace_3/Nukkit/src/main/java/cn/nukkit/entity/Entity.java:[1072,42] cannot find symbol
[ERROR]   symbol:   method getLoaderId()
[ERROR]   location: variable player of type cn.nukkit.Player
[ERROR] /workspaces/CodeCureAgent/code_cure_agent/cca_workspace_3/Nukkit/src/main/java/cn/nukkit/entity/Entity.java:[1305,27] cannot find symbol
[ERROR]   symbol:   method getGamemode()
[ERROR]   location: variable player of type cn.nukkit.Player
[ERROR] /workspaces/CodeCureAgent/code_cure_agent/cca_workspace_3/Nukkit/src/main/java/cn/nukkit/entity/Entity.java:[1326,89] cannot find symbol
[ERROR]   symbol:   method isSpectator()
[ERROR]   location: class cn.nukkit.Player
[ERROR] /workspaces/CodeCureAgent/code_cure_agent/cca_workspace_3/Nukkit/src/main/java/cn/nukkit/entity/Entity.java:[1585,32] cannot find symbol
[ERROR]   symbol:   method setAttribute(cn.nukkit.entity.Attribute)
[ERROR]   location: class cn.nukkit.Player
[ERROR] /workspaces/CodeCureAgent/code_cure_agent/cca_workspace_3/Nukkit/src/main/java/cn/nukkit/entity/Entity.java:[2093,53] cannot find symbol
[ERROR]   symbol:   method getLoaderId()
[ERROR]   location: variable player of type cn.nukkit.Player
[ERROR] /workspaces/CodeCureAgent/code_cure_agent/cca_workspace_3/Nukkit/src/main/java/cn/nukkit/entity/Entity.java:[2096,47] cannot find symbol
[ERROR]   symbol:   method getLoaderId()
[ERROR]   location: variable player of type cn.nukkit.Player
[ERROR] /workspaces/CodeCureAgent/code_cure_agent/cca_workspace_3/Nukkit/src/main/java/cn/nukkit/entity/Entity.java:[2240,23] cannot find symbol
[ERROR]   symbol:   method isOnline()
[ERROR]   location: variable player of type cn.nukkit.Player
[ERROR] /workspaces/CodeCureAgent/code_cure_agent/cca_workspace_3/Nukkit/src/main/java/cn/nukkit/entity/EntityLiving.java:[209,55] cannot find symbol
[ERROR]   symbol:   method isCreative()
[ERROR]   location: class cn.nukkit.Player
[ERROR] /workspaces/CodeCureAgent/code_cure_agent/cca_workspace_3/Nukkit/src/main/java/cn/nukkit/entity/EntityLiving.java:[209,87] cannot find symbol
[ERROR]   symbol:   method isSpectator()
[ERROR]   location: class cn.nukkit.Player
[ERROR] /workspaces/CodeCureAgent/code_cure_agent/cca_workspace_3/Nukkit/src/main/java/cn/nukkit/entity/EntityLiving.java:[240,101] cannot find symbol
[ERROR]   symbol:   method isCreative()
[ERROR]   location: class cn.nukkit.Player
[ERROR] /workspaces/CodeCureAgent/code_cure_agent/cca_workspace_3/Nukkit/src/main/java/cn/nukkit/entity/EntityLiving.java:[240,133] cannot find symbol
[ERROR]   symbol:   method isSpectator()
[ERROR]   location: class cn.nukkit.Player
[ERROR] /workspaces/CodeCureAgent/code_cure_agent/cca_workspace_3/Nukkit/src/main/java/cn/nukkit/entity/EntityHuman.java:[280,66] cannot find symbol
[ERROR]   symbol:   method getLoaderId()
[ERROR]   location: variable player of type cn.nukkit.Player
[ERROR] /workspaces/CodeCureAgent/code_cure_agent/cca_workspace_3/Nukkit/src/main/java/cn/nukkit/entity/EntityHuman.java:[281,39] cannot find symbol
[ERROR]   symbol:   method getLoaderId()
[ERROR]   location: variable player of type cn.nukkit.Player
[ERROR] /workspaces/CodeCureAgent/code_cure_agent/cca_workspace_3/Nukkit/src/main/java/cn/nukkit/entity/EntityHuman.java:[288,126] cannot find symbol
[ERROR]   symbol:   method getLoginChainData()
[ERROR]   location: class cn.nukkit.Player
[ERROR] /workspaces/CodeCureAgent/code_cure_agent/cca_workspace_3/Nukkit/src/main/java/cn/nukkit/entity/EntityHuman.java:[307,19] cannot find symbol
[ERROR]   symbol:   method dataPacket(cn.nukkit.network.protocol.AddPlayerPacket)
[ERROR]   location: variable player of type cn.nukkit.Player
[ERROR] /workspaces/CodeCureAgent/code_cure_agent/cca_workspace_3/Nukkit/src/main/java/cn/nukkit/entity/EntityHuman.java:[319,23] cannot find symbol
[ERROR]   symbol:   method dataPacket(cn.nukkit.network.protocol.SetEntityLinkPacket)
[ERROR]   location: variable player of type cn.nukkit.Player
[ERROR] /workspaces/CodeCureAgent/code_cure_agent/cca_workspace_3/Nukkit/src/main/java/cn/nukkit/entity/EntityHuman.java:[330,47] cannot find symbol
[ERROR]   symbol:   method getLoaderId()
[ERROR]   location: variable player of type cn.nukkit.Player
[ERROR] /workspaces/CodeCureAgent/code_cure_agent/cca_workspace_3/Nukkit/src/main/java/cn/nukkit/entity/EntityHuman.java:[334,19] cannot find symbol
[ERROR]   symbol:   method dataPacket(cn.nukkit.network.protocol.RemoveEntityPacket)
[ERROR]   location: variable player of type cn.nukkit.Player
[ERROR] /workspaces/CodeCureAgent/code_cure_agent/cca_workspace_3/Nukkit/src/main/java/cn/nukkit/entity/EntityHuman.java:[335,42] cannot find symbol
[ERROR]   symbol:   method getLoaderId()
[ERROR]   location: variable player of type cn.nukkit.Player
[ERROR] /workspaces/CodeCureAgent/code_cure_agent/cca_workspace_3/Nukkit/src/main/java/cn/nukkit/entity/EntityHuman.java:[344,27] cannot find symbol
[ERROR]   symbol:   method removeWindow(cn.nukkit.inventory.PlayerInventory)
[ERROR]   location: variable viewer of type cn.nukkit.Player
[ERROR] /workspaces/CodeCureAgent/code_cure_agent/cca_workspace_3/Nukkit/src/main/java/cn/nukkit/Player.java:[98,8] cn.nukkit.Player is not abstract and does not override abstract method isPlayer() in cn.nukkit.command.CommandSender
[ERROR] /workspaces/CodeCureAgent/code_cure_agent/cca_workspace_3/Nukkit/src/main/java/cn/nukkit/Player.java:[263,17] cannot find symbol
[ERROR]   symbol: method isSpectator()
[ERROR] /workspaces/CodeCureAgent/code_cure_agent/cca_workspace_3/Nukkit/src/main/java/cn/nukkit/Player.java:[263,40] cannot find symbol
[ERROR]   symbol: method isCreative()
[ERROR] /workspaces/CodeCureAgent/code_cure_agent/cca_workspace_3/Nukkit/src/main/java/cn/nukkit/Player.java:[267,17] cannot find symbol
[ERROR]   symbol: method getAdventureSettings()
[ERROR] /workspaces/CodeCureAgent/code_cure_agent/cca_workspace_3/Nukkit/src/main/java/cn/nukkit/Player.java:[285,43] cannot find symbol
[ERROR]   symbol:   method getFoodData()
[ERROR]   location: class cn.nukkit.Player
[ERROR] /workspaces/CodeCureAgent/code_cure_agent/cca_workspace_3/Nukkit/src/main/java/cn/nukkit/Player.java:[291,21] cannot find symbol
[ERROR]   symbol: method dataPacket(cn.nukkit.network.protocol.EntityEventPacket)
[ERROR] /workspaces/CodeCureAgent/code_cure_agent/cca_workspace_3/Nukkit/src/main/java/cn/nukkit/Server.java:[663,23] cannot find symbol
[ERROR]   symbol:   method dataPacket(cn.nukkit.network.protocol.DataPacket)
[ERROR]   location: variable player of type cn.nukkit.Player
[ERROR] /workspaces/CodeCureAgent/code_cure_agent/cca_workspace_3/Nukkit/src/main/java/cn/nukkit/Server.java:[703,18] cannot find symbol
[ERROR]   symbol:   method isConnected()
[ERROR]   location: variable p of type cn.nukkit.Player
[ERROR] /workspaces/CodeCureAgent/code_cure_agent/cca_workspace_3/Nukkit/src/main/java/cn/nukkit/Server.java:[704,30] cannot find symbol
[ERROR]   symbol:   method getSocketAddress()
[ERROR]   location: variable p of type cn.nukkit.Player
[ERROR] /workspaces/CodeCureAgent/code_cure_agent/cca_workspace_3/Nukkit/src/main/java/cn/nukkit/Server.java:[727,36] cannot find symbol
[ERROR]   symbol:   method dataPacket(cn.nukkit.network.protocol.BatchPacket)
[ERROR]   location: class cn.nukkit.Player
[ERROR] /workspaces/CodeCureAgent/code_cure_agent/cca_workspace_3/Nukkit/src/main/java/cn/nukkit/Server.java:[838,36] cannot find symbol
[ERROR]   symbol:   method getLeaveMessage()
[ERROR]   location: variable player of type cn.nukkit.Player
[ERROR] /workspaces/CodeCureAgent/code_cure_agent/cca_workspace_3/Nukkit/src/main/java/cn/nukkit/Server.java:[985,79] cannot find symbol
[ERROR]   symbol:   method getDisplayName()
[ERROR]   location: variable player of type cn.nukkit.Player
[ERROR] /workspaces/CodeCureAgent/code_cure_agent/cca_workspace_3/Nukkit/src/main/java/cn/nukkit/Server.java:[985,122] cannot find symbol
[ERROR]   symbol:   method getLoginChainData()
[ERROR]   location: variable player of type cn.nukkit.Player
[ERROR] /workspaces/CodeCureAgent/code_cure_agent/cca_workspace_3/Nukkit/src/main/java/cn/nukkit/Server.java:[1048,18] cannot find symbol
[ERROR]   symbol:   method getDisplayName()
[ERROR]   location: variable p of type cn.nukkit.Player
[ERROR] /workspaces/CodeCureAgent/code_cure_agent/cca_workspace_3/Nukkit/src/main/java/cn/nukkit/Server.java:[1050,18] cannot find symbol
[ERROR]   symbol:   method getLoginChainData()
[ERROR]   location: variable p of type cn.nukkit.Player
[ERROR] /workspaces/CodeCureAgent/code_cure_agent/cca_workspace_3/Nukkit/src/main/java/cn/nukkit/Server.java:[1053,15] cannot find symbol
[ERROR]   symbol:   method dataPacket(cn.nukkit.network.protocol.PlayerListPacket)
[ERROR]   location: variable player of type cn.nukkit.Player
[ERROR] /workspaces/CodeCureAgent/code_cure_agent/cca_workspace_3/Nukkit/src/main/java/cn/nukkit/Server.java:[1057,15] cannot find symbol
[ERROR]   symbol:   method dataPacket(cn.nukkit.network.protocol.BatchPacket)
[ERROR]   location: variable player of type cn.nukkit.Player
[ERROR] /workspaces/CodeCureAgent/code_cure_agent/cca_workspace_3/Nukkit/src/main/java/cn/nukkit/Server.java:[1116,27] cannot find symbol
[ERROR]   symbol:   method isOnline()
[ERROR]   location: variable player of type cn.nukkit.Player
[ERROR] /workspaces/CodeCureAgent/code_cure_agent/cca_workspace_3/Nukkit/src/main/java/cn/nukkit/Server.java:[1117,27] cannot find symbol
[ERROR]   symbol:   method save(boolean)
[ERROR]   location: variable player of type cn.nukkit.Player
[ERROR] /workspaces/CodeCureAgent/code_cure_agent/cca_workspace_3/Nukkit/src/main/java/cn/nukkit/Server.java:[1118,35] cannot find symbol
[ERROR]   symbol:   method isConnected()
[ERROR]   location: variable player of type cn.nukkit.Player
[ERROR] /workspaces/CodeCureAgent/code_cure_agent/cca_workspace_3/Nukkit/src/main/java/cn/nukkit/Server.java:[1167,19] cannot find symbol
[ERROR]   symbol:   method checkNetwork()
[ERROR]   location: variable player of type cn.nukkit.Player
[ERROR] /workspaces/CodeCureAgent/code_cure_agent/cca_workspace_3/Nukkit/src/main/java/cn/nukkit/Server.java:[1831,53] cannot find symbol
[ERROR]   symbol:   method getSocketAddress()
[ERROR]   location: variable player of type cn.nukkit.Player
[ERROR] /workspaces/CodeCureAgent/code_cure_agent/cca_workspace_3/Nukkit/src/main/java/cn/nukkit/Server.java:[2155,19] cannot find symbol
[ERROR]   symbol:   method recalculatePermissions()
[ERROR]   location: variable player of type cn.nukkit.Player
[ERROR] /workspaces/CodeCureAgent/code_cure_agent/cca_workspace_3/Nukkit/src/main/java/cn/nukkit/Server.java:[2164,19] cannot find symbol
[ERROR]   symbol:   method recalculatePermissions()
[ERROR]   location: variable player of type cn.nukkit.Player
[ERROR] /workspaces/CodeCureAgent/code_cure_agent/cca_workspace_3/Nukkit/src/main/java/cn/nukkit/entity/item/EntityItem.java:[183,46] cannot find symbol
[ERROR]   symbol:   method pickupEntity(cn.nukkit.entity.item.EntityItem,boolean)
[ERROR]   location: class cn.nukkit.Player
[ERROR] /workspaces/CodeCureAgent/code_cure_agent/cca_workspace_3/Nukkit/src/main/java/cn/nukkit/network/Network.java:[233,27] method close in class cn.nukkit.entity.EntityHuman cannot be applied to given types;
[ERROR]   required: no arguments
[ERROR]   found: java.lang.String,java.lang.String
[ERROR]   reason: actual and formal argument lists differ in length
[ERROR] /workspaces/CodeCureAgent/code_cure_agent/cca_workspace_3/Nukkit/src/main/java/cn/nukkit/network/Network.java:[273,25] invalid method reference
[ERROR]   cannot find symbol
[ERROR]     symbol:   method handleDataPacket()
[ERROR]     location: class cn.nukkit.Player
[ERROR] /workspaces/CodeCureAgent/code_cure_agent/cca_workspace_3/Nukkit/src/main/java/cn/nukkit/inventory/BaseInventory.java:[470,28] cannot find symbol
[ERROR]   symbol:   method getWindowId(cn.nukkit.inventory.BaseInventory)
[ERROR]   location: variable player of type cn.nukkit.Player
[ERROR] /workspaces/CodeCureAgent/code_cure_agent/cca_workspace_3/Nukkit/src/main/java/cn/nukkit/inventory/BaseInventory.java:[476,19] cannot find symbol
[ERROR]   symbol:   method dataPacket(cn.nukkit.network.protocol.InventoryContentPacket)
[ERROR]   location: variable player of type cn.nukkit.Player
[ERROR] /workspaces/CodeCureAgent/code_cure_agent/cca_workspace_3/Nukkit/src/main/java/cn/nukkit/inventory/BaseInventory.java:[545,28] cannot find symbol
[ERROR]   symbol:   method getWindowId(cn.nukkit.inventory.BaseInventory)
[ERROR]   location: variable player of type cn.nukkit.Player
[ERROR] /workspaces/CodeCureAgent/code_cure_agent/cca_workspace_3/Nukkit/src/main/java/cn/nukkit/inventory/BaseInventory.java:[551,19] cannot find symbol
[ERROR]   symbol:   method dataPacket(cn.nukkit.network.protocol.InventorySlotPacket)
[ERROR]   location: variable player of type cn.nukkit.Player
[ERROR] /workspaces/CodeCureAgent/code_cure_agent/cca_workspace_3/Nukkit/src/main/java/cn/nukkit/inventory/PlayerUIInventory.java:[54,28] cannot find symbol
[ERROR]   symbol:   method getWindowId(cn.nukkit.inventory.PlayerUIInventory)
[ERROR]   location: variable p of type cn.nukkit.Player
[ERROR] /workspaces/CodeCureAgent/code_cure_agent/cca_workspace_3/Nukkit/src/main/java/cn/nukkit/inventory/PlayerUIInventory.java:[60,14] cannot find symbol
[ERROR]   symbol:   method dataPacket(cn.nukkit.network.protocol.InventorySlotPacket)
[ERROR]   location: variable p of type cn.nukkit.Player
[ERROR] /workspaces/CodeCureAgent/code_cure_agent/cca_workspace_3/Nukkit/src/main/java/cn/nukkit/inventory/transaction/CraftingTransaction.java:[36,32] cannot find symbol
[ERROR]   symbol:   method getCraftingGrid()
[ERROR]   location: variable source of type cn.nukkit.Player
[ERROR] /workspaces/CodeCureAgent/code_cure_agent/cca_workspace_3/Nukkit/src/main/java/cn/nukkit/inventory/transaction/CraftingTransaction.java:[113,23] cannot find symbol
[ERROR]   symbol:   method dataPacket(cn.nukkit.network.protocol.ContainerClosePacket)
[ERROR]   location: variable source of type cn.nukkit.Player
[ERROR] /workspaces/CodeCureAgent/code_cure_agent/cca_workspace_3/Nukkit/src/main/java/cn/nukkit/inventory/transaction/CraftingTransaction.java:[117,20] cannot find symbol
[ERROR]   symbol:   method resetCraftingGridType()
[ERROR]   location: variable source of type cn.nukkit.Player
[ERROR] /workspaces/CodeCureAgent/code_cure_agent/cca_workspace_3/Nukkit/src/main/java/cn/nukkit/inventory/transaction/CraftingTransaction.java:[124,27] cannot find symbol
[ERROR]   symbol:   method awardAchievement(java.lang.String)
[ERROR]   location: variable source of type cn.nukkit.Player
[ERROR] -> [Help 1]
[ERROR] 
[ERROR] To see the full stack trace of the errors, re-run Maven with the -e switch.
[ERROR] Re-run Maven using the -X switch to enable full debug logging.
[ERROR] 
[ERROR] For more information about the errors and possible solutions, please read the following articles:
[ERROR] [Help 1] http://cwiki.apache.org/confluence/display/MAVEN/MojoFailureException
