[INFO] Scanning for projects...
[INFO] 
[INFO] ----------------------< com.garbagemule:mobarena >----------------------
[INFO] Building MobArena 0.105.1-SNAPSHOT
[INFO] --------------------------------[ jar ]---------------------------------
[INFO] 
[INFO] --- maven-clean-plugin:2.5:clean (default-clean) @ mobarena ---
[INFO] Deleting /workspaces/master-thesis-pascal-joos/code_cure_agent/cca_workspace/MobArena/target
[INFO] 
[INFO] --- maven-resources-plugin:2.6:resources (default-resources) @ mobarena ---
[INFO] Using 'UTF-8' encoding to copy filtered resources.
[INFO] Copying 9 resources
[INFO] 
[INFO] --- maven-compiler-plugin:3.8.1:compile (default-compile) @ mobarena ---
[INFO] Changes detected - recompiling the module!
[INFO] Compiling 245 source files to /workspaces/master-thesis-pascal-joos/code_cure_agent/cca_workspace/MobArena/target/classes
[INFO] -------------------------------------------------------------
[ERROR] COMPILATION ERROR : 
[INFO] -------------------------------------------------------------
[ERROR] /workspaces/master-thesis-pascal-joos/code_cure_agent/cca_workspace/MobArena/src/main/java/com/garbagemule/MobArena/commands/setup/SetupCommand.java:[89,1] illegal character: '`'
[ERROR] /workspaces/master-thesis-pascal-joos/code_cure_agent/cca_workspace/MobArena/src/main/java/com/garbagemule/MobArena/commands/setup/SetupCommand.java:[89,2] illegal character: '`'
[ERROR] /workspaces/master-thesis-pascal-joos/code_cure_agent/cca_workspace/MobArena/src/main/java/com/garbagemule/MobArena/commands/setup/SetupCommand.java:[89,3] illegal character: '`'
[ERROR] /workspaces/master-thesis-pascal-joos/code_cure_agent/cca_workspace/MobArena/src/main/java/com/garbagemule/MobArena/commands/setup/SetupCommand.java:[90,14] ';' expected
[INFO] 4 errors 
[INFO] -------------------------------------------------------------
[INFO] ------------------------------------------------------------------------
[INFO] BUILD FAILURE
[INFO] ------------------------------------------------------------------------
[INFO] Total time:  1.199 s
[INFO] Finished at: 2025-08-20T19:58:53Z
[INFO] ------------------------------------------------------------------------
[ERROR] Failed to execute goal org.apache.maven.plugins:maven-compiler-plugin:3.8.1:compile (default-compile) on project mobarena: Compilation failure: Compilation failure: 
[ERROR] /workspaces/master-thesis-pascal-joos/code_cure_agent/cca_workspace/MobArena/src/main/java/com/garbagemule/MobArena/commands/setup/SetupCommand.java:[89,1] illegal character: '`'
[ERROR] /workspaces/master-thesis-pascal-joos/code_cure_agent/cca_workspace/MobArena/src/main/java/com/garbagemule/MobArena/commands/setup/SetupCommand.java:[89,2] illegal character: '`'
[ERROR] /workspaces/master-thesis-pascal-joos/code_cure_agent/cca_workspace/MobArena/src/main/java/com/garbagemule/MobArena/commands/setup/SetupCommand.java:[89,3] illegal character: '`'
[ERROR] /workspaces/master-thesis-pascal-joos/code_cure_agent/cca_workspace/MobArena/src/main/java/com/garbagemule/MobArena/commands/setup/SetupCommand.java:[90,14] ';' expected
[ERROR] -> [Help 1]
[ERROR] 
[ERROR] To see the full stack trace of the errors, re-run Maven with the -e switch.
[ERROR] Re-run Maven using the -X switch to enable full debug logging.
[ERROR] 
[ERROR] For more information about the errors and possible solutions, please read the following articles:
[ERROR] [Help 1] http://cwiki.apache.org/confluence/display/MAVEN/MojoFailureException
