[INFO] Scanning for projects...
[INFO] Inspecting build with total of 1 modules...
[INFO] Installing Nexus Staging features:
[INFO]   ... total of 1 executions of maven-deploy-plugin replaced with nexus-staging-maven-plugin
[INFO] 
[INFO] ----------------------< org.organicdesign:Paguro >----------------------
[INFO] Building Paguro 3.5.8
[INFO] --------------------------------[ jar ]---------------------------------
[INFO] 
[INFO] --- maven-clean-plugin:2.5:clean (default-clean) @ Paguro ---
[INFO] 
[INFO] --- maven-enforcer-plugin:3.0.0-M3:enforce (enforce-maven) @ Paguro ---
[INFO] 
[INFO] --- jacoco-maven-plugin:0.8.6:prepare-agent (default) @ Paguro ---
[INFO] argLine set to -javaagent:/home/vscode/.m2/repository/org/jacoco/org.jacoco.agent/0.8.6/org.jacoco.agent-0.8.6-runtime.jar=destfile=/workspaces/xxxx/code_cure_agent/cca_workspace/Paguro/target/jacoco.exec
[INFO] 
[INFO] --- maven-resources-plugin:2.6:resources (default-resources) @ Paguro ---
[INFO] Using 'UTF-8' encoding to copy filtered resources.
[INFO] skip non existing resourceDirectory /workspaces/xxxx/code_cure_agent/cca_workspace/Paguro/src/main/resources
[INFO] 
[INFO] --- maven-compiler-plugin:3.1:compile (default-compile) @ Paguro ---
[INFO] Changes detected - recompiling the module!
[INFO] Compiling 69 source files to /workspaces/xxxx/code_cure_agent/cca_workspace/Paguro/target/classes
[INFO] -------------------------------------------------------------
[ERROR] COMPILATION ERROR : 
[INFO] -------------------------------------------------------------
[ERROR] /workspaces/xxxx/code_cure_agent/cca_workspace/Paguro/src/main/java/org/organicdesign/fp/collections/PersistentVector.java:[292,22] ';' expected
[ERROR] /workspaces/xxxx/code_cure_agent/cca_workspace/Paguro/src/main/java/org/organicdesign/fp/collections/PersistentVector.java:[292,32] ';' expected
[ERROR] /workspaces/xxxx/code_cure_agent/cca_workspace/Paguro/src/main/java/org/organicdesign/fp/collections/PersistentVector.java:[293,7] <identifier> expected
[ERROR] /workspaces/xxxx/code_cure_agent/cca_workspace/Paguro/src/main/java/org/organicdesign/fp/collections/PersistentVector.java:[293,15] <identifier> expected
[ERROR] /workspaces/xxxx/code_cure_agent/cca_workspace/Paguro/src/main/java/org/organicdesign/fp/collections/PersistentVector.java:[293,41] ';' expected
[ERROR] /workspaces/xxxx/code_cure_agent/cca_workspace/Paguro/src/main/java/org/organicdesign/fp/collections/PersistentVector.java:[293,56] ';' expected
[ERROR] /workspaces/xxxx/code_cure_agent/cca_workspace/Paguro/src/main/java/org/organicdesign/fp/collections/PersistentVector.java:[293,65] ';' expected
[ERROR] /workspaces/xxxx/code_cure_agent/cca_workspace/Paguro/src/main/java/org/organicdesign/fp/collections/PersistentVector.java:[293,73] ';' expected
[INFO] 8 errors 
[INFO] -------------------------------------------------------------
[INFO] ------------------------------------------------------------------------
[INFO] BUILD FAILURE
[INFO] ------------------------------------------------------------------------
[INFO] Total time:  1.890 s
[INFO] Finished at: 2025-08-30T07:37:49Z
[INFO] ------------------------------------------------------------------------
[ERROR] Failed to execute goal org.apache.maven.plugins:maven-compiler-plugin:3.1:compile (default-compile) on project Paguro: Compilation failure: Compilation failure: 
[ERROR] /workspaces/xxxx/code_cure_agent/cca_workspace/Paguro/src/main/java/org/organicdesign/fp/collections/PersistentVector.java:[292,22] ';' expected
[ERROR] /workspaces/xxxx/code_cure_agent/cca_workspace/Paguro/src/main/java/org/organicdesign/fp/collections/PersistentVector.java:[292,32] ';' expected
[ERROR] /workspaces/xxxx/code_cure_agent/cca_workspace/Paguro/src/main/java/org/organicdesign/fp/collections/PersistentVector.java:[293,7] <identifier> expected
[ERROR] /workspaces/xxxx/code_cure_agent/cca_workspace/Paguro/src/main/java/org/organicdesign/fp/collections/PersistentVector.java:[293,15] <identifier> expected
[ERROR] /workspaces/xxxx/code_cure_agent/cca_workspace/Paguro/src/main/java/org/organicdesign/fp/collections/PersistentVector.java:[293,41] ';' expected
[ERROR] /workspaces/xxxx/code_cure_agent/cca_workspace/Paguro/src/main/java/org/organicdesign/fp/collections/PersistentVector.java:[293,56] ';' expected
[ERROR] /workspaces/xxxx/code_cure_agent/cca_workspace/Paguro/src/main/java/org/organicdesign/fp/collections/PersistentVector.java:[293,65] ';' expected
[ERROR] /workspaces/xxxx/code_cure_agent/cca_workspace/Paguro/src/main/java/org/organicdesign/fp/collections/PersistentVector.java:[293,73] ';' expected
[ERROR] -> [Help 1]
[ERROR] 
[ERROR] To see the full stack trace of the errors, re-run Maven with the -e switch.
[ERROR] Re-run Maven using the -X switch to enable full debug logging.
[ERROR] 
[ERROR] For more information about the errors and possible solutions, please read the following articles:
[ERROR] [Help 1] http://cwiki.apache.org/confluence/display/MAVEN/MojoFailureException
