[INFO] Scanning for projects...
[INFO] Inspecting build with total of 1 modules...
[INFO] Installing Nexus Staging features:
[INFO]   ... total of 1 executions of maven-deploy-plugin replaced with nexus-staging-maven-plugin
[INFO] 
[INFO] ----------------< com.esri.geometry:esri-geometry-api >-----------------
[INFO] Building Esri Geometry API for Java 2.2.4
[INFO] --------------------------------[ jar ]---------------------------------
[INFO] 
[INFO] --- maven-clean-plugin:2.5:clean (default-clean) @ esri-geometry-api ---
[INFO] Deleting /workspaces/master-thesis-pascal-joos/code_cure_agent/cca_workspace/geometry-api-java/target
[INFO] 
[INFO] --- maven-resources-plugin:2.6:resources (default-resources) @ esri-geometry-api ---
[INFO] Using 'UTF-8' encoding to copy filtered resources.
[INFO] Copying 6 resources
[INFO] 
[INFO] --- maven-compiler-plugin:2.3.1:compile (default-compile) @ esri-geometry-api ---
[INFO] Compiling 262 source files to /workspaces/master-thesis-pascal-joos/code_cure_agent/cca_workspace/geometry-api-java/target/classes
[INFO] -------------------------------------------------------------
[WARNING] COMPILATION WARNING : 
[INFO] -------------------------------------------------------------
[WARNING] /workspaces/master-thesis-pascal-joos/code_cure_agent/cca_workspace/geometry-api-java/src/main/java/com/esri/core/geometry/SizeOf.java:[27,22] Unsafe is internal proprietary API and may be removed in a future release

[WARNING] /workspaces/master-thesis-pascal-joos/code_cure_agent/cca_workspace/geometry-api-java/src/main/java/com/esri/core/geometry/SizeOf.java:[28,22] Unsafe is internal proprietary API and may be removed in a future release

[WARNING] /workspaces/master-thesis-pascal-joos/code_cure_agent/cca_workspace/geometry-api-java/src/main/java/com/esri/core/geometry/SizeOf.java:[29,22] Unsafe is internal proprietary API and may be removed in a future release

[WARNING] /workspaces/master-thesis-pascal-joos/code_cure_agent/cca_workspace/geometry-api-java/src/main/java/com/esri/core/geometry/SizeOf.java:[30,22] Unsafe is internal proprietary API and may be removed in a future release

[WARNING] /workspaces/master-thesis-pascal-joos/code_cure_agent/cca_workspace/geometry-api-java/src/main/java/com/esri/core/geometry/SizeOf.java:[31,22] Unsafe is internal proprietary API and may be removed in a future release

[WARNING] /workspaces/master-thesis-pascal-joos/code_cure_agent/cca_workspace/geometry-api-java/src/main/java/com/esri/core/geometry/SizeOf.java:[32,22] Unsafe is internal proprietary API and may be removed in a future release

[WARNING] /workspaces/master-thesis-pascal-joos/code_cure_agent/cca_workspace/geometry-api-java/src/main/java/com/esri/core/geometry/SizeOf.java:[33,22] Unsafe is internal proprietary API and may be removed in a future release

[WARNING] /workspaces/master-thesis-pascal-joos/code_cure_agent/cca_workspace/geometry-api-java/src/main/java/com/esri/core/geometry/SizeOf.java:[34,22] Unsafe is internal proprietary API and may be removed in a future release

[WARNING] /workspaces/master-thesis-pascal-joos/code_cure_agent/cca_workspace/geometry-api-java/src/main/java/com/esri/core/geometry/SizeOf.java:[35,22] Unsafe is internal proprietary API and may be removed in a future release

[WARNING] /workspaces/master-thesis-pascal-joos/code_cure_agent/cca_workspace/geometry-api-java/src/main/java/com/esri/core/geometry/SizeOf.java:[36,22] Unsafe is internal proprietary API and may be removed in a future release

[WARNING] /workspaces/master-thesis-pascal-joos/code_cure_agent/cca_workspace/geometry-api-java/src/main/java/com/esri/core/geometry/SizeOf.java:[37,22] Unsafe is internal proprietary API and may be removed in a future release

[WARNING] /workspaces/master-thesis-pascal-joos/code_cure_agent/cca_workspace/geometry-api-java/src/main/java/com/esri/core/geometry/SizeOf.java:[38,22] Unsafe is internal proprietary API and may be removed in a future release

[WARNING] /workspaces/master-thesis-pascal-joos/code_cure_agent/cca_workspace/geometry-api-java/src/main/java/com/esri/core/geometry/SizeOf.java:[39,22] Unsafe is internal proprietary API and may be removed in a future release

[WARNING] /workspaces/master-thesis-pascal-joos/code_cure_agent/cca_workspace/geometry-api-java/src/main/java/com/esri/core/geometry/SizeOf.java:[40,22] Unsafe is internal proprietary API and may be removed in a future release

[WARNING] /workspaces/master-thesis-pascal-joos/code_cure_agent/cca_workspace/geometry-api-java/src/main/java/com/esri/core/geometry/SizeOf.java:[41,22] Unsafe is internal proprietary API and may be removed in a future release

[WARNING] /workspaces/master-thesis-pascal-joos/code_cure_agent/cca_workspace/geometry-api-java/src/main/java/com/esri/core/geometry/SizeOf.java:[42,22] Unsafe is internal proprietary API and may be removed in a future release

[INFO] 16 warnings 
[INFO] -------------------------------------------------------------
[INFO] -------------------------------------------------------------
[ERROR] COMPILATION ERROR : 
[INFO] -------------------------------------------------------------
[ERROR] /workspaces/master-thesis-pascal-joos/code_cure_agent/cca_workspace/geometry-api-java/src/main/java/com/esri/core/geometry/TopoGraph.java:[289,2] error: cannot find symbol

[ERROR]  class TopoGraph
/workspaces/master-thesis-pascal-joos/code_cure_agent/cca_workspace/geometry-api-java/src/main/java/com/esri/core/geometry/TopoGraph.java:[290,2] error: cannot find symbol

[ERROR]  class TopoGraph
/workspaces/master-thesis-pascal-joos/code_cure_agent/cca_workspace/geometry-api-java/src/main/java/com/esri/core/geometry/TopoGraph.java:[538,9] error: cannot find symbol

[ERROR]  class TopoGraph
/workspaces/master-thesis-pascal-joos/code_cure_agent/cca_workspace/geometry-api-java/src/main/java/com/esri/core/geometry/TopoGraph.java:[613,13] error: cannot find symbol

[ERROR]  class TopoGraph
/workspaces/master-thesis-pascal-joos/code_cure_agent/cca_workspace/geometry-api-java/src/main/java/com/esri/core/geometry/TopoGraph.java:[636,17] error: cannot find symbol

[ERROR]  class TopoGraph
/workspaces/master-thesis-pascal-joos/code_cure_agent/cca_workspace/geometry-api-java/src/main/java/com/esri/core/geometry/TopoGraph.java:[654,4] error: cannot find symbol

[ERROR]  class TopoGraph
/workspaces/master-thesis-pascal-joos/code_cure_agent/cca_workspace/geometry-api-java/src/main/java/com/esri/core/geometry/TopoGraph.java:[668,5] error: cannot find symbol

[ERROR]  class TopoGraph
/workspaces/master-thesis-pascal-joos/code_cure_agent/cca_workspace/geometry-api-java/src/main/java/com/esri/core/geometry/TopoGraph.java:[674,4] error: cannot find symbol

[ERROR]  class TopoGraph
/workspaces/master-thesis-pascal-joos/code_cure_agent/cca_workspace/geometry-api-java/src/main/java/com/esri/core/geometry/TopoGraph.java:[692,5] error: cannot find symbol

[ERROR]  class TopoGraph
/workspaces/master-thesis-pascal-joos/code_cure_agent/cca_workspace/geometry-api-java/src/main/java/com/esri/core/geometry/TopoGraph.java:[697,5] error: cannot find symbol

[ERROR]  class TopoGraph
/workspaces/master-thesis-pascal-joos/code_cure_agent/cca_workspace/geometry-api-java/src/main/java/com/esri/core/geometry/TopoGraph.java:[757,4] error: cannot find symbol

[ERROR]  class TopoGraph
/workspaces/master-thesis-pascal-joos/code_cure_agent/cca_workspace/geometry-api-java/src/main/java/com/esri/core/geometry/TopoGraph.java:[759,4] error: cannot find symbol

[ERROR]  class TopoGraph
/workspaces/master-thesis-pascal-joos/code_cure_agent/cca_workspace/geometry-api-java/src/main/java/com/esri/core/geometry/TopoGraph.java:[795,3] error: cannot find symbol

[ERROR]  class TopoGraph
/workspaces/master-thesis-pascal-joos/code_cure_agent/cca_workspace/geometry-api-java/src/main/java/com/esri/core/geometry/TopoGraph.java:[797,3] error: cannot find symbol

[ERROR]  class TopoGraph
/workspaces/master-thesis-pascal-joos/code_cure_agent/cca_workspace/geometry-api-java/src/main/java/com/esri/core/geometry/TopoGraph.java:[860,4] error: cannot find symbol

[ERROR]  class TopoGraph
/workspaces/master-thesis-pascal-joos/code_cure_agent/cca_workspace/geometry-api-java/src/main/java/com/esri/core/geometry/TopoGraph.java:[866,4] error: cannot find symbol

[ERROR]  class TopoGraph
/workspaces/master-thesis-pascal-joos/code_cure_agent/cca_workspace/geometry-api-java/src/main/java/com/esri/core/geometry/TopoGraph.java:[885,3] error: cannot find symbol

[ERROR]  class TopoGraph
/workspaces/master-thesis-pascal-joos/code_cure_agent/cca_workspace/geometry-api-java/src/main/java/com/esri/core/geometry/TopoGraph.java:[889,4] error: cannot find symbol

[ERROR]  class TopoGraph
/workspaces/master-thesis-pascal-joos/code_cure_agent/cca_workspace/geometry-api-java/src/main/java/com/esri/core/geometry/TopoGraph.java:[892,4] error: cannot find symbol

[ERROR]  class TopoGraph
/workspaces/master-thesis-pascal-joos/code_cure_agent/cca_workspace/geometry-api-java/src/main/java/com/esri/core/geometry/TopoGraph.java:[901,4] error: cannot find symbol

[ERROR]  class TopoGraph
/workspaces/master-thesis-pascal-joos/code_cure_agent/cca_workspace/geometry-api-java/src/main/java/com/esri/core/geometry/TopoGraph.java:[905,5] error: cannot find symbol

[ERROR]  class TopoGraph
/workspaces/master-thesis-pascal-joos/code_cure_agent/cca_workspace/geometry-api-java/src/main/java/com/esri/core/geometry/TopoGraph.java:[909,5] error: cannot find symbol

[ERROR]  class TopoGraph
/workspaces/master-thesis-pascal-joos/code_cure_agent/cca_workspace/geometry-api-java/src/main/java/com/esri/core/geometry/TopoGraph.java:[915,5] error: cannot find symbol

[ERROR]  class TopoGraph
/workspaces/master-thesis-pascal-joos/code_cure_agent/cca_workspace/geometry-api-java/src/main/java/com/esri/core/geometry/TopoGraph.java:[919,5] error: cannot find symbol

[ERROR]  class TopoGraph
/workspaces/master-thesis-pascal-joos/code_cure_agent/cca_workspace/geometry-api-java/src/main/java/com/esri/core/geometry/TopoGraph.java:[968,3] error: cannot find symbol

[ERROR]  class TopoGraph
/workspaces/master-thesis-pascal-joos/code_cure_agent/cca_workspace/geometry-api-java/src/main/java/com/esri/core/geometry/TopoGraph.java:[972,3] error: cannot find symbol

[ERROR]  class TopoGraph
/workspaces/master-thesis-pascal-joos/code_cure_agent/cca_workspace/geometry-api-java/src/main/java/com/esri/core/geometry/TopoGraph.java:[977,4] error: cannot find symbol

[ERROR]  class TopoGraph
/workspaces/master-thesis-pascal-joos/code_cure_agent/cca_workspace/geometry-api-java/src/main/java/com/esri/core/geometry/TopoGraph.java:[1015,20] error: cannot find symbol

[ERROR]  class TopoGraph
/workspaces/master-thesis-pascal-joos/code_cure_agent/cca_workspace/geometry-api-java/src/main/java/com/esri/core/geometry/TopoGraph.java:[1022,4] error: cannot find symbol

[ERROR]  class TopoGraph
/workspaces/master-thesis-pascal-joos/code_cure_agent/cca_workspace/geometry-api-java/src/main/java/com/esri/core/geometry/TopoGraph.java:[1024,4] error: cannot find symbol

[ERROR]  class TopoGraph
/workspaces/master-thesis-pascal-joos/code_cure_agent/cca_workspace/geometry-api-java/src/main/java/com/esri/core/geometry/TopoGraph.java:[1027,5] error: cannot find symbol

[ERROR]  class TopoGraph
/workspaces/master-thesis-pascal-joos/code_cure_agent/cca_workspace/geometry-api-java/src/main/java/com/esri/core/geometry/TopoGraph.java:[1028,5] error: cannot find symbol

[ERROR]  class TopoGraph
/workspaces/master-thesis-pascal-joos/code_cure_agent/cca_workspace/geometry-api-java/src/main/java/com/esri/core/geometry/TopoGraph.java:[1029,5] error: cannot find symbol

[ERROR]  class TopoGraph
/workspaces/master-thesis-pascal-joos/code_cure_agent/cca_workspace/geometry-api-java/src/main/java/com/esri/core/geometry/TopoGraph.java:[1035,5] error: cannot find symbol

[ERROR]  class TopoGraph
/workspaces/master-thesis-pascal-joos/code_cure_agent/cca_workspace/geometry-api-java/src/main/java/com/esri/core/geometry/TopoGraph.java:[1036,5] error: cannot find symbol

[ERROR]  class TopoGraph
/workspaces/master-thesis-pascal-joos/code_cure_agent/cca_workspace/geometry-api-java/src/main/java/com/esri/core/geometry/TopoGraph.java:[1039,5] error: cannot find symbol

[ERROR]  class TopoGraph
/workspaces/master-thesis-pascal-joos/code_cure_agent/cca_workspace/geometry-api-java/src/main/java/com/esri/core/geometry/TopoGraph.java:[1040,5] error: cannot find symbol

[ERROR]  class TopoGraph
/workspaces/master-thesis-pascal-joos/code_cure_agent/cca_workspace/geometry-api-java/src/main/java/com/esri/core/geometry/TopoGraph.java:[1045,4] error: cannot find symbol

[ERROR]  class TopoGraph
/workspaces/master-thesis-pascal-joos/code_cure_agent/cca_workspace/geometry-api-java/src/main/java/com/esri/core/geometry/TopoGraph.java:[1048,5] error: cannot find symbol

[ERROR]  class TopoGraph
/workspaces/master-thesis-pascal-joos/code_cure_agent/cca_workspace/geometry-api-java/src/main/java/com/esri/core/geometry/TopoGraph.java:[1049,5] error: cannot find symbol

[ERROR]  class TopoGraph
/workspaces/master-thesis-pascal-joos/code_cure_agent/cca_workspace/geometry-api-java/src/main/java/com/esri/core/geometry/TopoGraph.java:[1050,5] error: cannot find symbol

[ERROR]  class TopoGraph
/workspaces/master-thesis-pascal-joos/code_cure_agent/cca_workspace/geometry-api-java/src/main/java/com/esri/core/geometry/TopoGraph.java:[1054,5] error: cannot find symbol

[ERROR]  class TopoGraph
/workspaces/master-thesis-pascal-joos/code_cure_agent/cca_workspace/geometry-api-java/src/main/java/com/esri/core/geometry/TopoGraph.java:[1055,5] error: cannot find symbol

[ERROR]  class TopoGraph
/workspaces/master-thesis-pascal-joos/code_cure_agent/cca_workspace/geometry-api-java/src/main/java/com/esri/core/geometry/TopoGraph.java:[1058,5] error: cannot find symbol

[ERROR]  class TopoGraph
/workspaces/master-thesis-pascal-joos/code_cure_agent/cca_workspace/geometry-api-java/src/main/java/com/esri/core/geometry/TopoGraph.java:[1059,5] error: cannot find symbol

[ERROR]  class TopoGraph
/workspaces/master-thesis-pascal-joos/code_cure_agent/cca_workspace/geometry-api-java/src/main/java/com/esri/core/geometry/TopoGraph.java:[1147,4] error: cannot find symbol

[ERROR]  class TopoGraph
/workspaces/master-thesis-pascal-joos/code_cure_agent/cca_workspace/geometry-api-java/src/main/java/com/esri/core/geometry/TopoGraph.java:[1148,4] error: cannot find symbol

[ERROR]  class TopoGraph
/workspaces/master-thesis-pascal-joos/code_cure_agent/cca_workspace/geometry-api-java/src/main/java/com/esri/core/geometry/TopoGraph.java:[1162,4] error: cannot find symbol

[ERROR]  class TopoGraph
/workspaces/master-thesis-pascal-joos/code_cure_agent/cca_workspace/geometry-api-java/src/main/java/com/esri/core/geometry/TopoGraph.java:[1163,4] error: cannot find symbol

[ERROR]  class TopoGraph
/workspaces/master-thesis-pascal-joos/code_cure_agent/cca_workspace/geometry-api-java/src/main/java/com/esri/core/geometry/TopoGraph.java:[1174,4] error: cannot find symbol

[ERROR]  class TopoGraph
/workspaces/master-thesis-pascal-joos/code_cure_agent/cca_workspace/geometry-api-java/src/main/java/com/esri/core/geometry/TopoGraph.java:[1175,4] error: cannot find symbol

[ERROR]  class TopoGraph
/workspaces/master-thesis-pascal-joos/code_cure_agent/cca_workspace/geometry-api-java/src/main/java/com/esri/core/geometry/TopoGraph.java:[1264,31] error: cannot find symbol

[ERROR]  class TopoGraph
/workspaces/master-thesis-pascal-joos/code_cure_agent/cca_workspace/geometry-api-java/src/main/java/com/esri/core/geometry/TopoGraph.java:[1265,12] error: cannot find symbol

[ERROR]  class TopoGraph
/workspaces/master-thesis-pascal-joos/code_cure_agent/cca_workspace/geometry-api-java/src/main/java/com/esri/core/geometry/TopoGraph.java:[1266,8] error: cannot find symbol

[ERROR]  class TopoGraph
/workspaces/master-thesis-pascal-joos/code_cure_agent/cca_workspace/geometry-api-java/src/main/java/com/esri/core/geometry/TopoGraph.java:[1267,8] error: cannot find symbol

[ERROR]  class TopoGraph
/workspaces/master-thesis-pascal-joos/code_cure_agent/cca_workspace/geometry-api-java/src/main/java/com/esri/core/geometry/TopoGraph.java:[1269,16] error: cannot find symbol

[ERROR]  class TopoGraph
/workspaces/master-thesis-pascal-joos/code_cure_agent/cca_workspace/geometry-api-java/src/main/java/com/esri/core/geometry/TopoGraph.java:[1269,52] error: cannot find symbol

[ERROR]  class TopoGraph
/workspaces/master-thesis-pascal-joos/code_cure_agent/cca_workspace/geometry-api-java/src/main/java/com/esri/core/geometry/TopoGraph.java:[1356,6] error: cannot find symbol

[ERROR]  class TopoGraph
/workspaces/master-thesis-pascal-joos/code_cure_agent/cca_workspace/geometry-api-java/src/main/java/com/esri/core/geometry/TopoGraph.java:[1364,5] error: cannot find symbol

[ERROR]  class TopoGraph
/workspaces/master-thesis-pascal-joos/code_cure_agent/cca_workspace/geometry-api-java/src/main/java/com/esri/core/geometry/TopoGraph.java:[1379,7] error: cannot find symbol

[ERROR]  class TopoGraph
/workspaces/master-thesis-pascal-joos/code_cure_agent/cca_workspace/geometry-api-java/src/main/java/com/esri/core/geometry/TopoGraph.java:[1414,6] error: cannot find symbol

[ERROR]  class TopoGraph
/workspaces/master-thesis-pascal-joos/code_cure_agent/cca_workspace/geometry-api-java/src/main/java/com/esri/core/geometry/TopoGraph.java:[1415,6] error: cannot find symbol

[ERROR]  class TopoGraph
/workspaces/master-thesis-pascal-joos/code_cure_agent/cca_workspace/geometry-api-java/src/main/java/com/esri/core/geometry/TopoGraph.java:[1433,5] error: cannot find symbol

[ERROR]  class TopoGraph
/workspaces/master-thesis-pascal-joos/code_cure_agent/cca_workspace/geometry-api-java/src/main/java/com/esri/core/geometry/TopoGraph.java:[1464,18] error: cannot find symbol

[ERROR]  class TopoGraph
/workspaces/master-thesis-pascal-joos/code_cure_agent/cca_workspace/geometry-api-java/src/main/java/com/esri/core/geometry/TopoGraph.java:[1466,6] error: cannot find symbol

[ERROR]  class TopoGraph
/workspaces/master-thesis-pascal-joos/code_cure_agent/cca_workspace/geometry-api-java/src/main/java/com/esri/core/geometry/TopoGraph.java:[1469,6] error: cannot find symbol

[ERROR]  class TopoGraph
/workspaces/master-thesis-pascal-joos/code_cure_agent/cca_workspace/geometry-api-java/src/main/java/com/esri/core/geometry/TopoGraph.java:[1473,7] error: cannot find symbol

[ERROR]  class TopoGraph
/workspaces/master-thesis-pascal-joos/code_cure_agent/cca_workspace/geometry-api-java/src/main/java/com/esri/core/geometry/TopoGraph.java:[1487,7] error: cannot find symbol

[ERROR]  class TopoGraph
/workspaces/master-thesis-pascal-joos/code_cure_agent/cca_workspace/geometry-api-java/src/main/java/com/esri/core/geometry/TopoGraph.java:[1497,6] error: cannot find symbol

[ERROR]  class TopoGraph
/workspaces/master-thesis-pascal-joos/code_cure_agent/cca_workspace/geometry-api-java/src/main/java/com/esri/core/geometry/TopoGraph.java:[1510,14] error: cannot find symbol

[ERROR]  class TopoGraph
/workspaces/master-thesis-pascal-joos/code_cure_agent/cca_workspace/geometry-api-java/src/main/java/com/esri/core/geometry/TopoGraph.java:[1511,2] error: cannot find symbol

[ERROR]  class TopoGraph
/workspaces/master-thesis-pascal-joos/code_cure_agent/cca_workspace/geometry-api-java/src/main/java/com/esri/core/geometry/TopoGraph.java:[1512,2] error: cannot find symbol

[ERROR]  class TopoGraph
/workspaces/master-thesis-pascal-joos/code_cure_agent/cca_workspace/geometry-api-java/src/main/java/com/esri/core/geometry/TopoGraph.java:[1514,3] error: cannot find symbol

[ERROR]  class TopoGraph
/workspaces/master-thesis-pascal-joos/code_cure_agent/cca_workspace/geometry-api-java/src/main/java/com/esri/core/geometry/TopoGraph.java:[1523,2] error: cannot find symbol

[ERROR]  class TopoGraph
/workspaces/master-thesis-pascal-joos/code_cure_agent/cca_workspace/geometry-api-java/src/main/java/com/esri/core/geometry/TopoGraph.java:[1527,2] error: cannot find symbol

[ERROR]  class TopoGraph
/workspaces/master-thesis-pascal-joos/code_cure_agent/cca_workspace/geometry-api-java/src/main/java/com/esri/core/geometry/TopoGraph.java:[1715,19] error: cannot find symbol

[ERROR]  class TopoGraph
/workspaces/master-thesis-pascal-joos/code_cure_agent/cca_workspace/geometry-api-java/src/main/java/com/esri/core/geometry/TopoGraph.java:[1731,6] error: cannot find symbol

[ERROR]  class TopoGraph
/workspaces/master-thesis-pascal-joos/code_cure_agent/cca_workspace/geometry-api-java/src/main/java/com/esri/core/geometry/TopoGraph.java:[1734,5] error: cannot find symbol

[ERROR]  class TopoGraph
/workspaces/master-thesis-pascal-joos/code_cure_agent/cca_workspace/geometry-api-java/src/main/java/com/esri/core/geometry/TopoGraph.java:[1735,5] error: cannot find symbol

[ERROR]  class TopoGraph
/workspaces/master-thesis-pascal-joos/code_cure_agent/cca_workspace/geometry-api-java/src/main/java/com/esri/core/geometry/TopoGraph.java:[1739,6] error: cannot find symbol

[ERROR]  class TopoGraph
/workspaces/master-thesis-pascal-joos/code_cure_agent/cca_workspace/geometry-api-java/src/main/java/com/esri/core/geometry/TopoGraph.java:[1741,5] error: cannot find symbol

[ERROR]  class TopoGraph
/workspaces/master-thesis-pascal-joos/code_cure_agent/cca_workspace/geometry-api-java/src/main/java/com/esri/core/geometry/TopoGraph.java:[1792,3] error: cannot find symbol

[ERROR]  class TopoGraph
/workspaces/master-thesis-pascal-joos/code_cure_agent/cca_workspace/geometry-api-java/src/main/java/com/esri/core/geometry/TopoGraph.java:[1806,3] error: cannot find symbol

[ERROR]  class TopoGraph
/workspaces/master-thesis-pascal-joos/code_cure_agent/cca_workspace/geometry-api-java/src/main/java/com/esri/core/geometry/TopoGraph.java:[1807,3] error: cannot find symbol

[ERROR]  class TopoGraph
/workspaces/master-thesis-pascal-joos/code_cure_agent/cca_workspace/geometry-api-java/src/main/java/com/esri/core/geometry/TopoGraph.java:[1811,3] error: cannot find symbol

[ERROR]  class TopoGraph
/workspaces/master-thesis-pascal-joos/code_cure_agent/cca_workspace/geometry-api-java/src/main/java/com/esri/core/geometry/TopoGraph.java:[1812,3] error: cannot find symbol

[ERROR]  class TopoGraph
/workspaces/master-thesis-pascal-joos/code_cure_agent/cca_workspace/geometry-api-java/src/main/java/com/esri/core/geometry/TopoGraph.java:[1819,4] error: cannot find symbol

[ERROR]  class TopoGraph
/workspaces/master-thesis-pascal-joos/code_cure_agent/cca_workspace/geometry-api-java/src/main/java/com/esri/core/geometry/TopoGraph.java:[1821,4] error: cannot find symbol

[ERROR]  class TopoGraph
/workspaces/master-thesis-pascal-joos/code_cure_agent/cca_workspace/geometry-api-java/src/main/java/com/esri/core/geometry/TopoGraph.java:[1828,4] error: cannot find symbol

[ERROR]  class TopoGraph
/workspaces/master-thesis-pascal-joos/code_cure_agent/cca_workspace/geometry-api-java/src/main/java/com/esri/core/geometry/TopoGraph.java:[1830,4] error: cannot find symbol

[ERROR]  class TopoGraph
/workspaces/master-thesis-pascal-joos/code_cure_agent/cca_workspace/geometry-api-java/src/main/java/com/esri/core/geometry/TopoGraph.java:[1970,15] error: cannot find symbol

[ERROR]  class TopoGraph
/workspaces/master-thesis-pascal-joos/code_cure_agent/cca_workspace/geometry-api-java/src/main/java/com/esri/core/geometry/TopoGraph.java:[2020,10] error: cannot find symbol

[ERROR]  class TopoGraph
/workspaces/master-thesis-pascal-joos/code_cure_agent/cca_workspace/geometry-api-java/src/main/java/com/esri/core/geometry/TopoGraph.java:[2029,10] error: cannot find symbol

[ERROR]  class TopoGraph
/workspaces/master-thesis-pascal-joos/code_cure_agent/cca_workspace/geometry-api-java/src/main/java/com/esri/core/geometry/TopoGraph.java:[2122,10] error: cannot find symbol

[ERROR]  class TopoGraph
/workspaces/master-thesis-pascal-joos/code_cure_agent/cca_workspace/geometry-api-java/src/main/java/com/esri/core/geometry/TopoGraph.java:[2132,10] error: cannot find symbol

[ERROR]  class TopoGraph
/workspaces/master-thesis-pascal-joos/code_cure_agent/cca_workspace/geometry-api-java/src/main/java/com/esri/core/geometry/TopoGraph.java:[2183,3] error: cannot find symbol

[ERROR]  class TopoGraph
/workspaces/master-thesis-pascal-joos/code_cure_agent/cca_workspace/geometry-api-java/src/main/java/com/esri/core/geometry/TopoGraph.java:[2186,19] error: cannot find symbol

[ERROR]  class TopoGraph
/workspaces/master-thesis-pascal-joos/code_cure_agent/cca_workspace/geometry-api-java/src/main/java/com/esri/core/geometry/TopoGraph.java:[2189,3] error: cannot find symbol

[ERROR]  class TopoGraph
/workspaces/master-thesis-pascal-joos/code_cure_agent/cca_workspace/geometry-api-java/src/main/java/com/esri/core/geometry/TopoGraph.java:[2190,3] error: cannot find symbol

[ERROR]  class TopoGraph
/workspaces/master-thesis-pascal-joos/code_cure_agent/cca_workspace/geometry-api-java/src/main/java/com/esri/core/geometry/TopoGraph.java:[2193,2] error: cannot find symbol

[INFO] 100 errors 
[INFO] -------------------------------------------------------------
[INFO] ------------------------------------------------------------------------
[INFO] BUILD FAILURE
[INFO] ------------------------------------------------------------------------
[INFO] Total time:  3.204 s
[INFO] Finished at: 2025-08-30T18:33:13Z
[INFO] ------------------------------------------------------------------------
[ERROR] Failed to execute goal org.apache.maven.plugins:maven-compiler-plugin:2.3.1:compile (default-compile) on project esri-geometry-api: Compilation failure: Compilation failure: 
[ERROR] /workspaces/master-thesis-pascal-joos/code_cure_agent/cca_workspace/geometry-api-java/src/main/java/com/esri/core/geometry/TopoGraph.java:[289,2] error: cannot find symbol
[ERROR] 
[ERROR]  class TopoGraph
[ERROR] /workspaces/master-thesis-pascal-joos/code_cure_agent/cca_workspace/geometry-api-java/src/main/java/com/esri/core/geometry/TopoGraph.java:[290,2] error: cannot find symbol
[ERROR] 
[ERROR]  class TopoGraph
[ERROR] /workspaces/master-thesis-pascal-joos/code_cure_agent/cca_workspace/geometry-api-java/src/main/java/com/esri/core/geometry/TopoGraph.java:[538,9] error: cannot find symbol
[ERROR] 
[ERROR]  class TopoGraph
[ERROR] /workspaces/master-thesis-pascal-joos/code_cure_agent/cca_workspace/geometry-api-java/src/main/java/com/esri/core/geometry/TopoGraph.java:[613,13] error: cannot find symbol
[ERROR] 
[ERROR]  class TopoGraph
[ERROR] /workspaces/master-thesis-pascal-joos/code_cure_agent/cca_workspace/geometry-api-java/src/main/java/com/esri/core/geometry/TopoGraph.java:[636,17] error: cannot find symbol
[ERROR] 
[ERROR]  class TopoGraph
[ERROR] /workspaces/master-thesis-pascal-joos/code_cure_agent/cca_workspace/geometry-api-java/src/main/java/com/esri/core/geometry/TopoGraph.java:[654,4] error: cannot find symbol
[ERROR] 
[ERROR]  class TopoGraph
[ERROR] /workspaces/master-thesis-pascal-joos/code_cure_agent/cca_workspace/geometry-api-java/src/main/java/com/esri/core/geometry/TopoGraph.java:[668,5] error: cannot find symbol
[ERROR] 
[ERROR]  class TopoGraph
[ERROR] /workspaces/master-thesis-pascal-joos/code_cure_agent/cca_workspace/geometry-api-java/src/main/java/com/esri/core/geometry/TopoGraph.java:[674,4] error: cannot find symbol
[ERROR] 
[ERROR]  class TopoGraph
[ERROR] /workspaces/master-thesis-pascal-joos/code_cure_agent/cca_workspace/geometry-api-java/src/main/java/com/esri/core/geometry/TopoGraph.java:[692,5] error: cannot find symbol
[ERROR] 
[ERROR]  class TopoGraph
[ERROR] /workspaces/master-thesis-pascal-joos/code_cure_agent/cca_workspace/geometry-api-java/src/main/java/com/esri/core/geometry/TopoGraph.java:[697,5] error: cannot find symbol
[ERROR] 
[ERROR]  class TopoGraph
[ERROR] /workspaces/master-thesis-pascal-joos/code_cure_agent/cca_workspace/geometry-api-java/src/main/java/com/esri/core/geometry/TopoGraph.java:[757,4] error: cannot find symbol
[ERROR] 
[ERROR]  class TopoGraph
[ERROR] /workspaces/master-thesis-pascal-joos/code_cure_agent/cca_workspace/geometry-api-java/src/main/java/com/esri/core/geometry/TopoGraph.java:[759,4] error: cannot find symbol
[ERROR] 
[ERROR]  class TopoGraph
[ERROR] /workspaces/master-thesis-pascal-joos/code_cure_agent/cca_workspace/geometry-api-java/src/main/java/com/esri/core/geometry/TopoGraph.java:[795,3] error: cannot find symbol
[ERROR] 
[ERROR]  class TopoGraph
[ERROR] /workspaces/master-thesis-pascal-joos/code_cure_agent/cca_workspace/geometry-api-java/src/main/java/com/esri/core/geometry/TopoGraph.java:[797,3] error: cannot find symbol
[ERROR] 
[ERROR]  class TopoGraph
[ERROR] /workspaces/master-thesis-pascal-joos/code_cure_agent/cca_workspace/geometry-api-java/src/main/java/com/esri/core/geometry/TopoGraph.java:[860,4] error: cannot find symbol
[ERROR] 
[ERROR]  class TopoGraph
[ERROR] /workspaces/master-thesis-pascal-joos/code_cure_agent/cca_workspace/geometry-api-java/src/main/java/com/esri/core/geometry/TopoGraph.java:[866,4] error: cannot find symbol
[ERROR] 
[ERROR]  class TopoGraph
[ERROR] /workspaces/master-thesis-pascal-joos/code_cure_agent/cca_workspace/geometry-api-java/src/main/java/com/esri/core/geometry/TopoGraph.java:[885,3] error: cannot find symbol
[ERROR] 
[ERROR]  class TopoGraph
[ERROR] /workspaces/master-thesis-pascal-joos/code_cure_agent/cca_workspace/geometry-api-java/src/main/java/com/esri/core/geometry/TopoGraph.java:[889,4] error: cannot find symbol
[ERROR] 
[ERROR]  class TopoGraph
[ERROR] /workspaces/master-thesis-pascal-joos/code_cure_agent/cca_workspace/geometry-api-java/src/main/java/com/esri/core/geometry/TopoGraph.java:[892,4] error: cannot find symbol
[ERROR] 
[ERROR]  class TopoGraph
[ERROR] /workspaces/master-thesis-pascal-joos/code_cure_agent/cca_workspace/geometry-api-java/src/main/java/com/esri/core/geometry/TopoGraph.java:[901,4] error: cannot find symbol
[ERROR] 
[ERROR]  class TopoGraph
[ERROR] /workspaces/master-thesis-pascal-joos/code_cure_agent/cca_workspace/geometry-api-java/src/main/java/com/esri/core/geometry/TopoGraph.java:[905,5] error: cannot find symbol
[ERROR] 
[ERROR]  class TopoGraph
[ERROR] /workspaces/master-thesis-pascal-joos/code_cure_agent/cca_workspace/geometry-api-java/src/main/java/com/esri/core/geometry/TopoGraph.java:[909,5] error: cannot find symbol
[ERROR] 
[ERROR]  class TopoGraph
[ERROR] /workspaces/master-thesis-pascal-joos/code_cure_agent/cca_workspace/geometry-api-java/src/main/java/com/esri/core/geometry/TopoGraph.java:[915,5] error: cannot find symbol
[ERROR] 
[ERROR]  class TopoGraph
[ERROR] /workspaces/master-thesis-pascal-joos/code_cure_agent/cca_workspace/geometry-api-java/src/main/java/com/esri/core/geometry/TopoGraph.java:[919,5] error: cannot find symbol
[ERROR] 
[ERROR]  class TopoGraph
[ERROR] /workspaces/master-thesis-pascal-joos/code_cure_agent/cca_workspace/geometry-api-java/src/main/java/com/esri/core/geometry/TopoGraph.java:[968,3] error: cannot find symbol
[ERROR] 
[ERROR]  class TopoGraph
[ERROR] /workspaces/master-thesis-pascal-joos/code_cure_agent/cca_workspace/geometry-api-java/src/main/java/com/esri/core/geometry/TopoGraph.java:[972,3] error: cannot find symbol
[ERROR] 
[ERROR]  class TopoGraph
[ERROR] /workspaces/master-thesis-pascal-joos/code_cure_agent/cca_workspace/geometry-api-java/src/main/java/com/esri/core/geometry/TopoGraph.java:[977,4] error: cannot find symbol
[ERROR] 
[ERROR]  class TopoGraph
[ERROR] /workspaces/master-thesis-pascal-joos/code_cure_agent/cca_workspace/geometry-api-java/src/main/java/com/esri/core/geometry/TopoGraph.java:[1015,20] error: cannot find symbol
[ERROR] 
[ERROR]  class TopoGraph
[ERROR] /workspaces/master-thesis-pascal-joos/code_cure_agent/cca_workspace/geometry-api-java/src/main/java/com/esri/core/geometry/TopoGraph.java:[1022,4] error: cannot find symbol
[ERROR] 
[ERROR]  class TopoGraph
[ERROR] /workspaces/master-thesis-pascal-joos/code_cure_agent/cca_workspace/geometry-api-java/src/main/java/com/esri/core/geometry/TopoGraph.java:[1024,4] error: cannot find symbol
[ERROR] 
[ERROR]  class TopoGraph
[ERROR] /workspaces/master-thesis-pascal-joos/code_cure_agent/cca_workspace/geometry-api-java/src/main/java/com/esri/core/geometry/TopoGraph.java:[1027,5] error: cannot find symbol
[ERROR] 
[ERROR]  class TopoGraph
[ERROR] /workspaces/master-thesis-pascal-joos/code_cure_agent/cca_workspace/geometry-api-java/src/main/java/com/esri/core/geometry/TopoGraph.java:[1028,5] error: cannot find symbol
[ERROR] 
[ERROR]  class TopoGraph
[ERROR] /workspaces/master-thesis-pascal-joos/code_cure_agent/cca_workspace/geometry-api-java/src/main/java/com/esri/core/geometry/TopoGraph.java:[1029,5] error: cannot find symbol
[ERROR] 
[ERROR]  class TopoGraph
[ERROR] /workspaces/master-thesis-pascal-joos/code_cure_agent/cca_workspace/geometry-api-java/src/main/java/com/esri/core/geometry/TopoGraph.java:[1035,5] error: cannot find symbol
[ERROR] 
[ERROR]  class TopoGraph
[ERROR] /workspaces/master-thesis-pascal-joos/code_cure_agent/cca_workspace/geometry-api-java/src/main/java/com/esri/core/geometry/TopoGraph.java:[1036,5] error: cannot find symbol
[ERROR] 
[ERROR]  class TopoGraph
[ERROR] /workspaces/master-thesis-pascal-joos/code_cure_agent/cca_workspace/geometry-api-java/src/main/java/com/esri/core/geometry/TopoGraph.java:[1039,5] error: cannot find symbol
[ERROR] 
[ERROR]  class TopoGraph
[ERROR] /workspaces/master-thesis-pascal-joos/code_cure_agent/cca_workspace/geometry-api-java/src/main/java/com/esri/core/geometry/TopoGraph.java:[1040,5] error: cannot find symbol
[ERROR] 
[ERROR]  class TopoGraph
[ERROR] /workspaces/master-thesis-pascal-joos/code_cure_agent/cca_workspace/geometry-api-java/src/main/java/com/esri/core/geometry/TopoGraph.java:[1045,4] error: cannot find symbol
[ERROR] 
[ERROR]  class TopoGraph
[ERROR] /workspaces/master-thesis-pascal-joos/code_cure_agent/cca_workspace/geometry-api-java/src/main/java/com/esri/core/geometry/TopoGraph.java:[1048,5] error: cannot find symbol
[ERROR] 
[ERROR]  class TopoGraph
[ERROR] /workspaces/master-thesis-pascal-joos/code_cure_agent/cca_workspace/geometry-api-java/src/main/java/com/esri/core/geometry/TopoGraph.java:[1049,5] error: cannot find symbol
[ERROR] 
[ERROR]  class TopoGraph
[ERROR] /workspaces/master-thesis-pascal-joos/code_cure_agent/cca_workspace/geometry-api-java/src/main/java/com/esri/core/geometry/TopoGraph.java:[1050,5] error: cannot find symbol
[ERROR] 
[ERROR]  class TopoGraph
[ERROR] /workspaces/master-thesis-pascal-joos/code_cure_agent/cca_workspace/geometry-api-java/src/main/java/com/esri/core/geometry/TopoGraph.java:[1054,5] error: cannot find symbol
[ERROR] 
[ERROR]  class TopoGraph
[ERROR] /workspaces/master-thesis-pascal-joos/code_cure_agent/cca_workspace/geometry-api-java/src/main/java/com/esri/core/geometry/TopoGraph.java:[1055,5] error: cannot find symbol
[ERROR] 
[ERROR]  class TopoGraph
[ERROR] /workspaces/master-thesis-pascal-joos/code_cure_agent/cca_workspace/geometry-api-java/src/main/java/com/esri/core/geometry/TopoGraph.java:[1058,5] error: cannot find symbol
[ERROR] 
[ERROR]  class TopoGraph
[ERROR] /workspaces/master-thesis-pascal-joos/code_cure_agent/cca_workspace/geometry-api-java/src/main/java/com/esri/core/geometry/TopoGraph.java:[1059,5] error: cannot find symbol
[ERROR] 
[ERROR]  class TopoGraph
[ERROR] /workspaces/master-thesis-pascal-joos/code_cure_agent/cca_workspace/geometry-api-java/src/main/java/com/esri/core/geometry/TopoGraph.java:[1147,4] error: cannot find symbol
[ERROR] 
[ERROR]  class TopoGraph
[ERROR] /workspaces/master-thesis-pascal-joos/code_cure_agent/cca_workspace/geometry-api-java/src/main/java/com/esri/core/geometry/TopoGraph.java:[1148,4] error: cannot find symbol
[ERROR] 
[ERROR]  class TopoGraph
[ERROR] /workspaces/master-thesis-pascal-joos/code_cure_agent/cca_workspace/geometry-api-java/src/main/java/com/esri/core/geometry/TopoGraph.java:[1162,4] error: cannot find symbol
[ERROR] 
[ERROR]  class TopoGraph
[ERROR] /workspaces/master-thesis-pascal-joos/code_cure_agent/cca_workspace/geometry-api-java/src/main/java/com/esri/core/geometry/TopoGraph.java:[1163,4] error: cannot find symbol
[ERROR] 
[ERROR]  class TopoGraph
[ERROR] /workspaces/master-thesis-pascal-joos/code_cure_agent/cca_workspace/geometry-api-java/src/main/java/com/esri/core/geometry/TopoGraph.java:[1174,4] error: cannot find symbol
[ERROR] 
[ERROR]  class TopoGraph
[ERROR] /workspaces/master-thesis-pascal-joos/code_cure_agent/cca_workspace/geometry-api-java/src/main/java/com/esri/core/geometry/TopoGraph.java:[1175,4] error: cannot find symbol
[ERROR] 
[ERROR]  class TopoGraph
[ERROR] /workspaces/master-thesis-pascal-joos/code_cure_agent/cca_workspace/geometry-api-java/src/main/java/com/esri/core/geometry/TopoGraph.java:[1264,31] error: cannot find symbol
[ERROR] 
[ERROR]  class TopoGraph
[ERROR] /workspaces/master-thesis-pascal-joos/code_cure_agent/cca_workspace/geometry-api-java/src/main/java/com/esri/core/geometry/TopoGraph.java:[1265,12] error: cannot find symbol
[ERROR] 
[ERROR]  class TopoGraph
[ERROR] /workspaces/master-thesis-pascal-joos/code_cure_agent/cca_workspace/geometry-api-java/src/main/java/com/esri/core/geometry/TopoGraph.java:[1266,8] error: cannot find symbol
[ERROR] 
[ERROR]  class TopoGraph
[ERROR] /workspaces/master-thesis-pascal-joos/code_cure_agent/cca_workspace/geometry-api-java/src/main/java/com/esri/core/geometry/TopoGraph.java:[1267,8] error: cannot find symbol
[ERROR] 
[ERROR]  class TopoGraph
[ERROR] /workspaces/master-thesis-pascal-joos/code_cure_agent/cca_workspace/geometry-api-java/src/main/java/com/esri/core/geometry/TopoGraph.java:[1269,16] error: cannot find symbol
[ERROR] 
[ERROR]  class TopoGraph
[ERROR] /workspaces/master-thesis-pascal-joos/code_cure_agent/cca_workspace/geometry-api-java/src/main/java/com/esri/core/geometry/TopoGraph.java:[1269,52] error: cannot find symbol
[ERROR] 
[ERROR]  class TopoGraph
[ERROR] /workspaces/master-thesis-pascal-joos/code_cure_agent/cca_workspace/geometry-api-java/src/main/java/com/esri/core/geometry/TopoGraph.java:[1356,6] error: cannot find symbol
[ERROR] 
[ERROR]  class TopoGraph
[ERROR] /workspaces/master-thesis-pascal-joos/code_cure_agent/cca_workspace/geometry-api-java/src/main/java/com/esri/core/geometry/TopoGraph.java:[1364,5] error: cannot find symbol
[ERROR] 
[ERROR]  class TopoGraph
[ERROR] /workspaces/master-thesis-pascal-joos/code_cure_agent/cca_workspace/geometry-api-java/src/main/java/com/esri/core/geometry/TopoGraph.java:[1379,7] error: cannot find symbol
[ERROR] 
[ERROR]  class TopoGraph
[ERROR] /workspaces/master-thesis-pascal-joos/code_cure_agent/cca_workspace/geometry-api-java/src/main/java/com/esri/core/geometry/TopoGraph.java:[1414,6] error: cannot find symbol
[ERROR] 
[ERROR]  class TopoGraph
[ERROR] /workspaces/master-thesis-pascal-joos/code_cure_agent/cca_workspace/geometry-api-java/src/main/java/com/esri/core/geometry/TopoGraph.java:[1415,6] error: cannot find symbol
[ERROR] 
[ERROR]  class TopoGraph
[ERROR] /workspaces/master-thesis-pascal-joos/code_cure_agent/cca_workspace/geometry-api-java/src/main/java/com/esri/core/geometry/TopoGraph.java:[1433,5] error: cannot find symbol
[ERROR] 
[ERROR]  class TopoGraph
[ERROR] /workspaces/master-thesis-pascal-joos/code_cure_agent/cca_workspace/geometry-api-java/src/main/java/com/esri/core/geometry/TopoGraph.java:[1464,18] error: cannot find symbol
[ERROR] 
[ERROR]  class TopoGraph
[ERROR] /workspaces/master-thesis-pascal-joos/code_cure_agent/cca_workspace/geometry-api-java/src/main/java/com/esri/core/geometry/TopoGraph.java:[1466,6] error: cannot find symbol
[ERROR] 
[ERROR]  class TopoGraph
[ERROR] /workspaces/master-thesis-pascal-joos/code_cure_agent/cca_workspace/geometry-api-java/src/main/java/com/esri/core/geometry/TopoGraph.java:[1469,6] error: cannot find symbol
[ERROR] 
[ERROR]  class TopoGraph
[ERROR] /workspaces/master-thesis-pascal-joos/code_cure_agent/cca_workspace/geometry-api-java/src/main/java/com/esri/core/geometry/TopoGraph.java:[1473,7] error: cannot find symbol
[ERROR] 
[ERROR]  class TopoGraph
[ERROR] /workspaces/master-thesis-pascal-joos/code_cure_agent/cca_workspace/geometry-api-java/src/main/java/com/esri/core/geometry/TopoGraph.java:[1487,7] error: cannot find symbol
[ERROR] 
[ERROR]  class TopoGraph
[ERROR] /workspaces/master-thesis-pascal-joos/code_cure_agent/cca_workspace/geometry-api-java/src/main/java/com/esri/core/geometry/TopoGraph.java:[1497,6] error: cannot find symbol
[ERROR] 
[ERROR]  class TopoGraph
[ERROR] /workspaces/master-thesis-pascal-joos/code_cure_agent/cca_workspace/geometry-api-java/src/main/java/com/esri/core/geometry/TopoGraph.java:[1510,14] error: cannot find symbol
[ERROR] 
[ERROR]  class TopoGraph
[ERROR] /workspaces/master-thesis-pascal-joos/code_cure_agent/cca_workspace/geometry-api-java/src/main/java/com/esri/core/geometry/TopoGraph.java:[1511,2] error: cannot find symbol
[ERROR] 
[ERROR]  class TopoGraph
[ERROR] /workspaces/master-thesis-pascal-joos/code_cure_agent/cca_workspace/geometry-api-java/src/main/java/com/esri/core/geometry/TopoGraph.java:[1512,2] error: cannot find symbol
[ERROR] 
[ERROR]  class TopoGraph
[ERROR] /workspaces/master-thesis-pascal-joos/code_cure_agent/cca_workspace/geometry-api-java/src/main/java/com/esri/core/geometry/TopoGraph.java:[1514,3] error: cannot find symbol
[ERROR] 
[ERROR]  class TopoGraph
[ERROR] /workspaces/master-thesis-pascal-joos/code_cure_agent/cca_workspace/geometry-api-java/src/main/java/com/esri/core/geometry/TopoGraph.java:[1523,2] error: cannot find symbol
[ERROR] 
[ERROR]  class TopoGraph
[ERROR] /workspaces/master-thesis-pascal-joos/code_cure_agent/cca_workspace/geometry-api-java/src/main/java/com/esri/core/geometry/TopoGraph.java:[1527,2] error: cannot find symbol
[ERROR] 
[ERROR]  class TopoGraph
[ERROR] /workspaces/master-thesis-pascal-joos/code_cure_agent/cca_workspace/geometry-api-java/src/main/java/com/esri/core/geometry/TopoGraph.java:[1715,19] error: cannot find symbol
[ERROR] 
[ERROR]  class TopoGraph
[ERROR] /workspaces/master-thesis-pascal-joos/code_cure_agent/cca_workspace/geometry-api-java/src/main/java/com/esri/core/geometry/TopoGraph.java:[1731,6] error: cannot find symbol
[ERROR] 
[ERROR]  class TopoGraph
[ERROR] /workspaces/master-thesis-pascal-joos/code_cure_agent/cca_workspace/geometry-api-java/src/main/java/com/esri/core/geometry/TopoGraph.java:[1734,5] error: cannot find symbol
[ERROR] 
[ERROR]  class TopoGraph
[ERROR] /workspaces/master-thesis-pascal-joos/code_cure_agent/cca_workspace/geometry-api-java/src/main/java/com/esri/core/geometry/TopoGraph.java:[1735,5] error: cannot find symbol
[ERROR] 
[ERROR]  class TopoGraph
[ERROR] /workspaces/master-thesis-pascal-joos/code_cure_agent/cca_workspace/geometry-api-java/src/main/java/com/esri/core/geometry/TopoGraph.java:[1739,6] error: cannot find symbol
[ERROR] 
[ERROR]  class TopoGraph
[ERROR] /workspaces/master-thesis-pascal-joos/code_cure_agent/cca_workspace/geometry-api-java/src/main/java/com/esri/core/geometry/TopoGraph.java:[1741,5] error: cannot find symbol
[ERROR] 
[ERROR]  class TopoGraph
[ERROR] /workspaces/master-thesis-pascal-joos/code_cure_agent/cca_workspace/geometry-api-java/src/main/java/com/esri/core/geometry/TopoGraph.java:[1792,3] error: cannot find symbol
[ERROR] 
[ERROR]  class TopoGraph
[ERROR] /workspaces/master-thesis-pascal-joos/code_cure_agent/cca_workspace/geometry-api-java/src/main/java/com/esri/core/geometry/TopoGraph.java:[1806,3] error: cannot find symbol
[ERROR] 
[ERROR]  class TopoGraph
[ERROR] /workspaces/master-thesis-pascal-joos/code_cure_agent/cca_workspace/geometry-api-java/src/main/java/com/esri/core/geometry/TopoGraph.java:[1807,3] error: cannot find symbol
[ERROR] 
[ERROR]  class TopoGraph
[ERROR] /workspaces/master-thesis-pascal-joos/code_cure_agent/cca_workspace/geometry-api-java/src/main/java/com/esri/core/geometry/TopoGraph.java:[1811,3] error: cannot find symbol
[ERROR] 
[ERROR]  class TopoGraph
[ERROR] /workspaces/master-thesis-pascal-joos/code_cure_agent/cca_workspace/geometry-api-java/src/main/java/com/esri/core/geometry/TopoGraph.java:[1812,3] error: cannot find symbol
[ERROR] 
[ERROR]  class TopoGraph
[ERROR] /workspaces/master-thesis-pascal-joos/code_cure_agent/cca_workspace/geometry-api-java/src/main/java/com/esri/core/geometry/TopoGraph.java:[1819,4] error: cannot find symbol
[ERROR] 
[ERROR]  class TopoGraph
[ERROR] /workspaces/master-thesis-pascal-joos/code_cure_agent/cca_workspace/geometry-api-java/src/main/java/com/esri/core/geometry/TopoGraph.java:[1821,4] error: cannot find symbol
[ERROR] 
[ERROR]  class TopoGraph
[ERROR] /workspaces/master-thesis-pascal-joos/code_cure_agent/cca_workspace/geometry-api-java/src/main/java/com/esri/core/geometry/TopoGraph.java:[1828,4] error: cannot find symbol
[ERROR] 
[ERROR]  class TopoGraph
[ERROR] /workspaces/master-thesis-pascal-joos/code_cure_agent/cca_workspace/geometry-api-java/src/main/java/com/esri/core/geometry/TopoGraph.java:[1830,4] error: cannot find symbol
[ERROR] 
[ERROR]  class TopoGraph
[ERROR] /workspaces/master-thesis-pascal-joos/code_cure_agent/cca_workspace/geometry-api-java/src/main/java/com/esri/core/geometry/TopoGraph.java:[1970,15] error: cannot find symbol
[ERROR] 
[ERROR]  class TopoGraph
[ERROR] /workspaces/master-thesis-pascal-joos/code_cure_agent/cca_workspace/geometry-api-java/src/main/java/com/esri/core/geometry/TopoGraph.java:[2020,10] error: cannot find symbol
[ERROR] 
[ERROR]  class TopoGraph
[ERROR] /workspaces/master-thesis-pascal-joos/code_cure_agent/cca_workspace/geometry-api-java/src/main/java/com/esri/core/geometry/TopoGraph.java:[2029,10] error: cannot find symbol
[ERROR] 
[ERROR]  class TopoGraph
[ERROR] /workspaces/master-thesis-pascal-joos/code_cure_agent/cca_workspace/geometry-api-java/src/main/java/com/esri/core/geometry/TopoGraph.java:[2122,10] error: cannot find symbol
[ERROR] 
[ERROR]  class TopoGraph
[ERROR] /workspaces/master-thesis-pascal-joos/code_cure_agent/cca_workspace/geometry-api-java/src/main/java/com/esri/core/geometry/TopoGraph.java:[2132,10] error: cannot find symbol
[ERROR] 
[ERROR]  class TopoGraph
[ERROR] /workspaces/master-thesis-pascal-joos/code_cure_agent/cca_workspace/geometry-api-java/src/main/java/com/esri/core/geometry/TopoGraph.java:[2183,3] error: cannot find symbol
[ERROR] 
[ERROR]  class TopoGraph
[ERROR] /workspaces/master-thesis-pascal-joos/code_cure_agent/cca_workspace/geometry-api-java/src/main/java/com/esri/core/geometry/TopoGraph.java:[2186,19] error: cannot find symbol
[ERROR] 
[ERROR]  class TopoGraph
[ERROR] /workspaces/master-thesis-pascal-joos/code_cure_agent/cca_workspace/geometry-api-java/src/main/java/com/esri/core/geometry/TopoGraph.java:[2189,3] error: cannot find symbol
[ERROR] 
[ERROR]  class TopoGraph
[ERROR] /workspaces/master-thesis-pascal-joos/code_cure_agent/cca_workspace/geometry-api-java/src/main/java/com/esri/core/geometry/TopoGraph.java:[2190,3] error: cannot find symbol
[ERROR] 
[ERROR]  class TopoGraph
[ERROR] /workspaces/master-thesis-pascal-joos/code_cure_agent/cca_workspace/geometry-api-java/src/main/java/com/esri/core/geometry/TopoGraph.java:[2193,2] error: cannot find symbol
[ERROR] -> [Help 1]
[ERROR] 
[ERROR] To see the full stack trace of the errors, re-run Maven with the -e switch.
[ERROR] Re-run Maven using the -X switch to enable full debug logging.
[ERROR] 
[ERROR] For more information about the errors and possible solutions, please read the following articles:
[ERROR] [Help 1] http://cwiki.apache.org/confluence/display/MAVEN/MojoFailureException
