[INFO] Scanning for projects...
[INFO] 
[INFO] --------------< com.purbon.kafka:kafka-topology-builder >---------------
[INFO] Building A Kafka topology builder tool 2.0.0-b.0
[INFO] --------------------------------[ jar ]---------------------------------
[INFO] 
[INFO] --- maven-clean-plugin:2.5:clean (default-clean) @ kafka-topology-builder ---
[INFO] Deleting /workspaces/master-thesis-pascal-joos/code_cure_agent/cca_workspace/kafka-topology-builder/target
[INFO] 
[INFO] --- jacoco-maven-plugin:0.8.5:prepare-agent (default) @ kafka-topology-builder ---
[INFO] argLine set to -javaagent:/home/vscode/.m2/repository/org/jacoco/org.jacoco.agent/0.8.5/org.jacoco.agent-0.8.5-runtime.jar=destfile=/workspaces/master-thesis-pascal-joos/code_cure_agent/cca_workspace/kafka-topology-builder/target/jacoco.exec
[INFO] 
[INFO] --- fmt-maven-plugin:2.9:format (default) @ kafka-topology-builder ---
[INFO] Processed 100 files (1 reformatted).
[INFO] Processed 123 files (1 reformatted).
[INFO] 
[INFO] --- maven-resources-plugin:2.6:resources (default-resources) @ kafka-topology-builder ---
[INFO] Using 'UTF-8' encoding to copy filtered resources.
[INFO] Copying 2 resources
[INFO] 
[INFO] --- maven-compiler-plugin:3.1:compile (default-compile) @ kafka-topology-builder ---
[INFO] Changes detected - recompiling the module!
[INFO] Compiling 95 source files to /workspaces/master-thesis-pascal-joos/code_cure_agent/cca_workspace/kafka-topology-builder/target/classes
[INFO] -------------------------------------------------------------
[WARNING] COMPILATION WARNING : 
[INFO] -------------------------------------------------------------
[WARNING] /workspaces/master-thesis-pascal-joos/code_cure_agent/cca_workspace/kafka-topology-builder/src/main/java/com/purbon/kafka/topology/TopologyBuilderConfig.java: Some input files use unchecked or unsafe operations.
[WARNING] /workspaces/master-thesis-pascal-joos/code_cure_agent/cca_workspace/kafka-topology-builder/src/main/java/com/purbon/kafka/topology/TopologyBuilderConfig.java: Recompile with -Xlint:unchecked for details.
[INFO] 2 warnings 
[INFO] -------------------------------------------------------------
[INFO] -------------------------------------------------------------
[ERROR] COMPILATION ERROR : 
[INFO] -------------------------------------------------------------
[ERROR] /workspaces/master-thesis-pascal-joos/code_cure_agent/cca_workspace/kafka-topology-builder/src/main/java/com/purbon/kafka/topology/TopologyValidator.java:[42,34] cannot find symbol
  symbol:   method Left(boolean)
  location: class com.purbon.kafka.topology.utils.Either
[ERROR] /workspaces/master-thesis-pascal-joos/code_cure_agent/cca_workspace/kafka-topology-builder/src/main/java/com/purbon/kafka/topology/TopologyValidator.java:[44,34] cannot find symbol
  symbol:   method Right(com.purbon.kafka.topology.exceptions.ValidationException)
  location: class com.purbon.kafka.topology.utils.Either
[ERROR] /workspaces/master-thesis-pascal-joos/code_cure_agent/cca_workspace/kafka-topology-builder/src/main/java/com/purbon/kafka/topology/TopologyValidator.java:[67,46] cannot find symbol
  symbol:   method Left(boolean)
  location: class com.purbon.kafka.topology.utils.Either
[ERROR] /workspaces/master-thesis-pascal-joos/code_cure_agent/cca_workspace/kafka-topology-builder/src/main/java/com/purbon/kafka/topology/TopologyValidator.java:[69,46] cannot find symbol
  symbol:   method Right(com.purbon.kafka.topology.exceptions.ValidationException)
  location: class com.purbon.kafka.topology.utils.Either
[INFO] 4 errors 
[INFO] -------------------------------------------------------------
[INFO] ------------------------------------------------------------------------
[INFO] BUILD FAILURE
[INFO] ------------------------------------------------------------------------
[INFO] Total time:  4.001 s
[INFO] Finished at: 2025-08-31T00:16:32Z
[INFO] ------------------------------------------------------------------------
[ERROR] Failed to execute goal org.apache.maven.plugins:maven-compiler-plugin:3.1:compile (default-compile) on project kafka-topology-builder: Compilation failure: Compilation failure: 
[ERROR] /workspaces/master-thesis-pascal-joos/code_cure_agent/cca_workspace/kafka-topology-builder/src/main/java/com/purbon/kafka/topology/TopologyValidator.java:[42,34] cannot find symbol
[ERROR]   symbol:   method Left(boolean)
[ERROR]   location: class com.purbon.kafka.topology.utils.Either
[ERROR] /workspaces/master-thesis-pascal-joos/code_cure_agent/cca_workspace/kafka-topology-builder/src/main/java/com/purbon/kafka/topology/TopologyValidator.java:[44,34] cannot find symbol
[ERROR]   symbol:   method Right(com.purbon.kafka.topology.exceptions.ValidationException)
[ERROR]   location: class com.purbon.kafka.topology.utils.Either
[ERROR] /workspaces/master-thesis-pascal-joos/code_cure_agent/cca_workspace/kafka-topology-builder/src/main/java/com/purbon/kafka/topology/TopologyValidator.java:[67,46] cannot find symbol
[ERROR]   symbol:   method Left(boolean)
[ERROR]   location: class com.purbon.kafka.topology.utils.Either
[ERROR] /workspaces/master-thesis-pascal-joos/code_cure_agent/cca_workspace/kafka-topology-builder/src/main/java/com/purbon/kafka/topology/TopologyValidator.java:[69,46] cannot find symbol
[ERROR]   symbol:   method Right(com.purbon.kafka.topology.exceptions.ValidationException)
[ERROR]   location: class com.purbon.kafka.topology.utils.Either
[ERROR] -> [Help 1]
[ERROR] 
[ERROR] To see the full stack trace of the errors, re-run Maven with the -e switch.
[ERROR] Re-run Maven using the -X switch to enable full debug logging.
[ERROR] 
[ERROR] For more information about the errors and possible solutions, please read the following articles:
[ERROR] [Help 1] http://cwiki.apache.org/confluence/display/MAVEN/MojoFailureException
