[INFO] Scanning for projects...
[INFO] Inspecting build with total of 1 modules...
[INFO] Installing Nexus Staging features:
[INFO]   ... total of 1 executions of maven-deploy-plugin replaced with nexus-staging-maven-plugin
[INFO] 
[INFO] ----------------< com.esri.geometry:esri-geometry-api >-----------------
[INFO] Building Esri Geometry API for Java 2.2.4
[INFO] --------------------------------[ jar ]---------------------------------
[INFO] 
[INFO] --- maven-clean-plugin:2.5:clean (default-clean) @ esri-geometry-api ---
[INFO] Deleting /workspaces/master-thesis-pascal-joos/code_cure_agent/cca_workspace/geometry-api-java/target
[INFO] 
[INFO] --- maven-resources-plugin:2.6:resources (default-resources) @ esri-geometry-api ---
[INFO] Using 'UTF-8' encoding to copy filtered resources.
[INFO] Copying 6 resources
[INFO] 
[INFO] --- maven-compiler-plugin:2.3.1:compile (default-compile) @ esri-geometry-api ---
[INFO] Compiling 262 source files to /workspaces/master-thesis-pascal-joos/code_cure_agent/cca_workspace/geometry-api-java/target/classes
[INFO] -------------------------------------------------------------
[ERROR] COMPILATION ERROR : 
[INFO] -------------------------------------------------------------
[ERROR] /workspaces/master-thesis-pascal-joos/code_cure_agent/cca_workspace/geometry-api-java/src/main/java/com/esri/core/geometry/QuadTreeImpl.java:[1015,1] error: illegal start of expression

[ERROR] /workspaces/master-thesis-pascal-joos/code_cure_agent/cca_workspace/geometry-api-java/src/main/java/com/esri/core/geometry/QuadTreeImpl.java:[1068,0] error: illegal character: '`'

[ERROR] /workspaces/master-thesis-pascal-joos/code_cure_agent/cca_workspace/geometry-api-java/src/main/java/com/esri/core/geometry/QuadTreeImpl.java:[1068,1] error: illegal character: '`'

[ERROR] /workspaces/master-thesis-pascal-joos/code_cure_agent/cca_workspace/geometry-api-java/src/main/java/com/esri/core/geometry/QuadTreeImpl.java:[1068,2] error: illegal character: '`'

[ERROR] /workspaces/master-thesis-pascal-joos/code_cure_agent/cca_workspace/geometry-api-java/src/main/java/com/esri/core/geometry/QuadTreeImpl.java:[1070,11] error: illegal start of type

[ERROR] /workspaces/master-thesis-pascal-joos/code_cure_agent/cca_workspace/geometry-api-java/src/main/java/com/esri/core/geometry/QuadTreeImpl.java:[1071,11] error: ';' expected

[ERROR] /workspaces/master-thesis-pascal-joos/code_cure_agent/cca_workspace/geometry-api-java/src/main/java/com/esri/core/geometry/QuadTreeImpl.java:[1071,22] error: ';' expected

[ERROR] /workspaces/master-thesis-pascal-joos/code_cure_agent/cca_workspace/geometry-api-java/src/main/java/com/esri/core/geometry/QuadTreeImpl.java:[1071,35] error: ';' expected

[ERROR] /workspaces/master-thesis-pascal-joos/code_cure_agent/cca_workspace/geometry-api-java/src/main/java/com/esri/core/geometry/QuadTreeImpl.java:[1071,49] error: ';' expected

[ERROR] /workspaces/master-thesis-pascal-joos/code_cure_agent/cca_workspace/geometry-api-java/src/main/java/com/esri/core/geometry/QuadTreeImpl.java:[1071,60] error: ';' expected

[ERROR] /workspaces/master-thesis-pascal-joos/code_cure_agent/cca_workspace/geometry-api-java/src/main/java/com/esri/core/geometry/QuadTreeImpl.java:[1071,72] error: illegal character: '`'

[ERROR] /workspaces/master-thesis-pascal-joos/code_cure_agent/cca_workspace/geometry-api-java/src/main/java/com/esri/core/geometry/QuadTreeImpl.java:[1071,76] error: <identifier> expected

[ERROR] /workspaces/master-thesis-pascal-joos/code_cure_agent/cca_workspace/geometry-api-java/src/main/java/com/esri/core/geometry/QuadTreeImpl.java:[1071,78] error: <identifier> expected

[ERROR] /workspaces/master-thesis-pascal-joos/code_cure_agent/cca_workspace/geometry-api-java/src/main/java/com/esri/core/geometry/QuadTreeImpl.java:[1071,81] error: <identifier> expected

[ERROR] /workspaces/master-thesis-pascal-joos/code_cure_agent/cca_workspace/geometry-api-java/src/main/java/com/esri/core/geometry/QuadTreeImpl.java:[1071,84] error: <identifier> expected

[ERROR] /workspaces/master-thesis-pascal-joos/code_cure_agent/cca_workspace/geometry-api-java/src/main/java/com/esri/core/geometry/QuadTreeImpl.java:[1071,87] error: <identifier> expected

[ERROR] /workspaces/master-thesis-pascal-joos/code_cure_agent/cca_workspace/geometry-api-java/src/main/java/com/esri/core/geometry/QuadTreeImpl.java:[1071,92] error: illegal character: '`'

[ERROR] /workspaces/master-thesis-pascal-joos/code_cure_agent/cca_workspace/geometry-api-java/src/main/java/com/esri/core/geometry/QuadTreeImpl.java:[1071,107] error: ';' expected

[ERROR] /workspaces/master-thesis-pascal-joos/code_cure_agent/cca_workspace/geometry-api-java/src/main/java/com/esri/core/geometry/QuadTreeImpl.java:[1071,113] error: illegal character: '`'

[ERROR] /workspaces/master-thesis-pascal-joos/code_cure_agent/cca_workspace/geometry-api-java/src/main/java/com/esri/core/geometry/QuadTreeImpl.java:[1071,123] error: illegal character: '`'

[ERROR] /workspaces/master-thesis-pascal-joos/code_cure_agent/cca_workspace/geometry-api-java/src/main/java/com/esri/core/geometry/QuadTreeImpl.java:[1071,133] error: as of release 8, 'this' is allowed as the parameter name for the receiver type only

[ERROR]   which has to be the first parameter, and cannot be a lambda parameter
/workspaces/master-thesis-pascal-joos/code_cure_agent/cca_workspace/geometry-api-java/src/main/java/com/esri/core/geometry/QuadTreeImpl.java:[1071,137] error: ';' expected

[ERROR] /workspaces/master-thesis-pascal-joos/code_cure_agent/cca_workspace/geometry-api-java/src/main/java/com/esri/core/geometry/QuadTreeImpl.java:[1071,153] error: ';' expected

[ERROR] /workspaces/master-thesis-pascal-joos/code_cure_agent/cca_workspace/geometry-api-java/src/main/java/com/esri/core/geometry/QuadTreeImpl.java:[1071,168] error: ';' expected

[ERROR] /workspaces/master-thesis-pascal-joos/code_cure_agent/cca_workspace/geometry-api-java/src/main/java/com/esri/core/geometry/QuadTreeImpl.java:[1071,182] error: ';' expected

[ERROR] /workspaces/master-thesis-pascal-joos/code_cure_agent/cca_workspace/geometry-api-java/src/main/java/com/esri/core/geometry/QuadTreeImpl.java:[1071,196] error: ';' expected

[ERROR] /workspaces/master-thesis-pascal-joos/code_cure_agent/cca_workspace/geometry-api-java/src/main/java/com/esri/core/geometry/QuadTreeImpl.java:[1071,216] error: ';' expected

[ERROR] /workspaces/master-thesis-pascal-joos/code_cure_agent/cca_workspace/geometry-api-java/src/main/java/com/esri/core/geometry/QuadTreeImpl.java:[1071,228] error: ';' expected

[ERROR] /workspaces/master-thesis-pascal-joos/code_cure_agent/cca_workspace/geometry-api-java/src/main/java/com/esri/core/geometry/QuadTreeImpl.java:[1071,240] error: ';' expected

[ERROR] /workspaces/master-thesis-pascal-joos/code_cure_agent/cca_workspace/geometry-api-java/src/main/java/com/esri/core/geometry/QuadTreeImpl.java:[1071,251] error: ';' expected

[ERROR] /workspaces/master-thesis-pascal-joos/code_cure_agent/cca_workspace/geometry-api-java/src/main/java/com/esri/core/geometry/QuadTreeImpl.java:[1071,267] error: ';' expected

[ERROR] /workspaces/master-thesis-pascal-joos/code_cure_agent/cca_workspace/geometry-api-java/src/main/java/com/esri/core/geometry/QuadTreeImpl.java:[1071,287] error: ';' expected

[ERROR] /workspaces/master-thesis-pascal-joos/code_cure_agent/cca_workspace/geometry-api-java/src/main/java/com/esri/core/geometry/QuadTreeImpl.java:[1071,297] error: ';' expected

[ERROR] /workspaces/master-thesis-pascal-joos/code_cure_agent/cca_workspace/geometry-api-java/src/main/java/com/esri/core/geometry/QuadTreeImpl.java:[1071,306] error: ';' expected

[ERROR] /workspaces/master-thesis-pascal-joos/code_cure_agent/cca_workspace/geometry-api-java/src/main/java/com/esri/core/geometry/QuadTreeImpl.java:[1071,324] error: ';' expected

[ERROR] /workspaces/master-thesis-pascal-joos/code_cure_agent/cca_workspace/geometry-api-java/src/main/java/com/esri/core/geometry/QuadTreeImpl.java:[1071,343] error: ';' expected

[ERROR] /workspaces/master-thesis-pascal-joos/code_cure_agent/cca_workspace/geometry-api-java/src/main/java/com/esri/core/geometry/QuadTreeImpl.java:[1071,356] error: ';' expected

[ERROR] /workspaces/master-thesis-pascal-joos/code_cure_agent/cca_workspace/geometry-api-java/src/main/java/com/esri/core/geometry/QuadTreeImpl.java:[1071,357] error: reached end of file while parsing

[INFO] 38 errors 
[INFO] -------------------------------------------------------------
[INFO] ------------------------------------------------------------------------
[INFO] BUILD FAILURE
[INFO] ------------------------------------------------------------------------
[INFO] Total time:  1.462 s
[INFO] Finished at: 2025-08-31T01:13:01Z
[INFO] ------------------------------------------------------------------------
[ERROR] Failed to execute goal org.apache.maven.plugins:maven-compiler-plugin:2.3.1:compile (default-compile) on project esri-geometry-api: Compilation failure: Compilation failure: 
[ERROR] /workspaces/master-thesis-pascal-joos/code_cure_agent/cca_workspace/geometry-api-java/src/main/java/com/esri/core/geometry/QuadTreeImpl.java:[1015,1] error: illegal start of expression
[ERROR] 
[ERROR] /workspaces/master-thesis-pascal-joos/code_cure_agent/cca_workspace/geometry-api-java/src/main/java/com/esri/core/geometry/QuadTreeImpl.java:[1068,0] error: illegal character: '`'
[ERROR] 
[ERROR] /workspaces/master-thesis-pascal-joos/code_cure_agent/cca_workspace/geometry-api-java/src/main/java/com/esri/core/geometry/QuadTreeImpl.java:[1068,1] error: illegal character: '`'
[ERROR] 
[ERROR] /workspaces/master-thesis-pascal-joos/code_cure_agent/cca_workspace/geometry-api-java/src/main/java/com/esri/core/geometry/QuadTreeImpl.java:[1068,2] error: illegal character: '`'
[ERROR] 
[ERROR] /workspaces/master-thesis-pascal-joos/code_cure_agent/cca_workspace/geometry-api-java/src/main/java/com/esri/core/geometry/QuadTreeImpl.java:[1070,11] error: illegal start of type
[ERROR] 
[ERROR] /workspaces/master-thesis-pascal-joos/code_cure_agent/cca_workspace/geometry-api-java/src/main/java/com/esri/core/geometry/QuadTreeImpl.java:[1071,11] error: ';' expected
[ERROR] 
[ERROR] /workspaces/master-thesis-pascal-joos/code_cure_agent/cca_workspace/geometry-api-java/src/main/java/com/esri/core/geometry/QuadTreeImpl.java:[1071,22] error: ';' expected
[ERROR] 
[ERROR] /workspaces/master-thesis-pascal-joos/code_cure_agent/cca_workspace/geometry-api-java/src/main/java/com/esri/core/geometry/QuadTreeImpl.java:[1071,35] error: ';' expected
[ERROR] 
[ERROR] /workspaces/master-thesis-pascal-joos/code_cure_agent/cca_workspace/geometry-api-java/src/main/java/com/esri/core/geometry/QuadTreeImpl.java:[1071,49] error: ';' expected
[ERROR] 
[ERROR] /workspaces/master-thesis-pascal-joos/code_cure_agent/cca_workspace/geometry-api-java/src/main/java/com/esri/core/geometry/QuadTreeImpl.java:[1071,60] error: ';' expected
[ERROR] 
[ERROR] /workspaces/master-thesis-pascal-joos/code_cure_agent/cca_workspace/geometry-api-java/src/main/java/com/esri/core/geometry/QuadTreeImpl.java:[1071,72] error: illegal character: '`'
[ERROR] 
[ERROR] /workspaces/master-thesis-pascal-joos/code_cure_agent/cca_workspace/geometry-api-java/src/main/java/com/esri/core/geometry/QuadTreeImpl.java:[1071,76] error: <identifier> expected
[ERROR] 
[ERROR] /workspaces/master-thesis-pascal-joos/code_cure_agent/cca_workspace/geometry-api-java/src/main/java/com/esri/core/geometry/QuadTreeImpl.java:[1071,78] error: <identifier> expected
[ERROR] 
[ERROR] /workspaces/master-thesis-pascal-joos/code_cure_agent/cca_workspace/geometry-api-java/src/main/java/com/esri/core/geometry/QuadTreeImpl.java:[1071,81] error: <identifier> expected
[ERROR] 
[ERROR] /workspaces/master-thesis-pascal-joos/code_cure_agent/cca_workspace/geometry-api-java/src/main/java/com/esri/core/geometry/QuadTreeImpl.java:[1071,84] error: <identifier> expected
[ERROR] 
[ERROR] /workspaces/master-thesis-pascal-joos/code_cure_agent/cca_workspace/geometry-api-java/src/main/java/com/esri/core/geometry/QuadTreeImpl.java:[1071,87] error: <identifier> expected
[ERROR] 
[ERROR] /workspaces/master-thesis-pascal-joos/code_cure_agent/cca_workspace/geometry-api-java/src/main/java/com/esri/core/geometry/QuadTreeImpl.java:[1071,92] error: illegal character: '`'
[ERROR] 
[ERROR] /workspaces/master-thesis-pascal-joos/code_cure_agent/cca_workspace/geometry-api-java/src/main/java/com/esri/core/geometry/QuadTreeImpl.java:[1071,107] error: ';' expected
[ERROR] 
[ERROR] /workspaces/master-thesis-pascal-joos/code_cure_agent/cca_workspace/geometry-api-java/src/main/java/com/esri/core/geometry/QuadTreeImpl.java:[1071,113] error: illegal character: '`'
[ERROR] 
[ERROR] /workspaces/master-thesis-pascal-joos/code_cure_agent/cca_workspace/geometry-api-java/src/main/java/com/esri/core/geometry/QuadTreeImpl.java:[1071,123] error: illegal character: '`'
[ERROR] 
[ERROR] /workspaces/master-thesis-pascal-joos/code_cure_agent/cca_workspace/geometry-api-java/src/main/java/com/esri/core/geometry/QuadTreeImpl.java:[1071,133] error: as of release 8, 'this' is allowed as the parameter name for the receiver type only
[ERROR] 
[ERROR]   which has to be the first parameter, and cannot be a lambda parameter
[ERROR] /workspaces/master-thesis-pascal-joos/code_cure_agent/cca_workspace/geometry-api-java/src/main/java/com/esri/core/geometry/QuadTreeImpl.java:[1071,137] error: ';' expected
[ERROR] 
[ERROR] /workspaces/master-thesis-pascal-joos/code_cure_agent/cca_workspace/geometry-api-java/src/main/java/com/esri/core/geometry/QuadTreeImpl.java:[1071,153] error: ';' expected
[ERROR] 
[ERROR] /workspaces/master-thesis-pascal-joos/code_cure_agent/cca_workspace/geometry-api-java/src/main/java/com/esri/core/geometry/QuadTreeImpl.java:[1071,168] error: ';' expected
[ERROR] 
[ERROR] /workspaces/master-thesis-pascal-joos/code_cure_agent/cca_workspace/geometry-api-java/src/main/java/com/esri/core/geometry/QuadTreeImpl.java:[1071,182] error: ';' expected
[ERROR] 
[ERROR] /workspaces/master-thesis-pascal-joos/code_cure_agent/cca_workspace/geometry-api-java/src/main/java/com/esri/core/geometry/QuadTreeImpl.java:[1071,196] error: ';' expected
[ERROR] 
[ERROR] /workspaces/master-thesis-pascal-joos/code_cure_agent/cca_workspace/geometry-api-java/src/main/java/com/esri/core/geometry/QuadTreeImpl.java:[1071,216] error: ';' expected
[ERROR] 
[ERROR] /workspaces/master-thesis-pascal-joos/code_cure_agent/cca_workspace/geometry-api-java/src/main/java/com/esri/core/geometry/QuadTreeImpl.java:[1071,228] error: ';' expected
[ERROR] 
[ERROR] /workspaces/master-thesis-pascal-joos/code_cure_agent/cca_workspace/geometry-api-java/src/main/java/com/esri/core/geometry/QuadTreeImpl.java:[1071,240] error: ';' expected
[ERROR] 
[ERROR] /workspaces/master-thesis-pascal-joos/code_cure_agent/cca_workspace/geometry-api-java/src/main/java/com/esri/core/geometry/QuadTreeImpl.java:[1071,251] error: ';' expected
[ERROR] 
[ERROR] /workspaces/master-thesis-pascal-joos/code_cure_agent/cca_workspace/geometry-api-java/src/main/java/com/esri/core/geometry/QuadTreeImpl.java:[1071,267] error: ';' expected
[ERROR] 
[ERROR] /workspaces/master-thesis-pascal-joos/code_cure_agent/cca_workspace/geometry-api-java/src/main/java/com/esri/core/geometry/QuadTreeImpl.java:[1071,287] error: ';' expected
[ERROR] 
[ERROR] /workspaces/master-thesis-pascal-joos/code_cure_agent/cca_workspace/geometry-api-java/src/main/java/com/esri/core/geometry/QuadTreeImpl.java:[1071,297] error: ';' expected
[ERROR] 
[ERROR] /workspaces/master-thesis-pascal-joos/code_cure_agent/cca_workspace/geometry-api-java/src/main/java/com/esri/core/geometry/QuadTreeImpl.java:[1071,306] error: ';' expected
[ERROR] 
[ERROR] /workspaces/master-thesis-pascal-joos/code_cure_agent/cca_workspace/geometry-api-java/src/main/java/com/esri/core/geometry/QuadTreeImpl.java:[1071,324] error: ';' expected
[ERROR] 
[ERROR] /workspaces/master-thesis-pascal-joos/code_cure_agent/cca_workspace/geometry-api-java/src/main/java/com/esri/core/geometry/QuadTreeImpl.java:[1071,343] error: ';' expected
[ERROR] 
[ERROR] /workspaces/master-thesis-pascal-joos/code_cure_agent/cca_workspace/geometry-api-java/src/main/java/com/esri/core/geometry/QuadTreeImpl.java:[1071,356] error: ';' expected
[ERROR] 
[ERROR] /workspaces/master-thesis-pascal-joos/code_cure_agent/cca_workspace/geometry-api-java/src/main/java/com/esri/core/geometry/QuadTreeImpl.java:[1071,357] error: reached end of file while parsing
[ERROR] -> [Help 1]
[ERROR] 
[ERROR] To see the full stack trace of the errors, re-run Maven with the -e switch.
[ERROR] Re-run Maven using the -X switch to enable full debug logging.
[ERROR] 
[ERROR] For more information about the errors and possible solutions, please read the following articles:
[ERROR] [Help 1] http://cwiki.apache.org/confluence/display/MAVEN/MojoFailureException
