[INFO] Scanning for projects...
[INFO] ------------------------------------------------------------------------
[INFO] Reactor Build Order:
[INFO] 
[INFO] Vitro                                                              [pom]
[INFO] Vitro Dependencies                                                 [pom]
[INFO] Vitro API                                                          [jar]
[INFO] Vitro Web App                                                      [war]
[INFO] Vitro Home                                                         [pom]
[INFO] Vitro Installer                                                    [pom]
[INFO] Vitro Install Home                                                 [pom]
[INFO] Vitro Install Web App                                              [war]
[INFO] 
[INFO] ---------------------< org.vivoweb:vitro-project >----------------------
[INFO] Building Vitro 1.11.2-SNAPSHOT                                     [1/8]
[INFO] --------------------------------[ pom ]---------------------------------
[INFO] 
[INFO] --- maven-clean-plugin:3.0.0:clean (default-clean) @ vitro-project ---
[INFO] 
[INFO] --- buildnumber-maven-plugin:1.4:create (default) @ vitro-project ---
[INFO] ShortRevision tag detected. The value is '7'.
[INFO] Executing: /bin/sh -c cd '/workspaces/CodeCureAgent/code_cure_agent/cca_workspace_2/Vitro' && 'git' 'rev-parse' '--verify' '--short=7' 'HEAD'
[INFO] Working directory: /workspaces/CodeCureAgent/code_cure_agent/cca_workspace_2/Vitro
[INFO] Storing buildNumber: 1194134 at timestamp: 1769770631890
[WARNING] Cannot get the branch information from the git repository: 
Detecting the current branch failed: fatal: ref HEAD is not a symbolic ref

[INFO] ShortRevision tag detected. The value is '7'.
[INFO] Executing: /bin/sh -c cd '/workspaces/CodeCureAgent/code_cure_agent/cca_workspace_2/Vitro' && 'git' 'rev-parse' '--verify' '--short=7' 'HEAD'
[INFO] Working directory: /workspaces/CodeCureAgent/code_cure_agent/cca_workspace_2/Vitro
[INFO] Storing buildScmBranch: UNKNOWN
[INFO] 
[INFO] -------------------< org.vivoweb:vitro-dependencies >-------------------
[INFO] Building Vitro Dependencies 1.11.2-SNAPSHOT                        [2/8]
[INFO] --------------------------------[ pom ]---------------------------------
[INFO] 
[INFO] --- maven-clean-plugin:3.0.0:clean (default-clean) @ vitro-dependencies ---
[INFO] 
[INFO] --- buildnumber-maven-plugin:1.4:create (default) @ vitro-dependencies ---
[INFO] ShortRevision tag detected. The value is '7'.
[INFO] Executing: /bin/sh -c cd '/workspaces/CodeCureAgent/code_cure_agent/cca_workspace_2/Vitro/dependencies' && 'git' 'rev-parse' '--verify' '--short=7' 'HEAD'
[INFO] Working directory: /workspaces/CodeCureAgent/code_cure_agent/cca_workspace_2/Vitro/dependencies
[INFO] Storing buildNumber: 1194134 at timestamp: 1769770631953
[WARNING] Cannot get the branch information from the git repository: 
Detecting the current branch failed: fatal: ref HEAD is not a symbolic ref

[INFO] ShortRevision tag detected. The value is '7'.
[INFO] Executing: /bin/sh -c cd '/workspaces/CodeCureAgent/code_cure_agent/cca_workspace_2/Vitro/dependencies' && 'git' 'rev-parse' '--verify' '--short=7' 'HEAD'
[INFO] Working directory: /workspaces/CodeCureAgent/code_cure_agent/cca_workspace_2/Vitro/dependencies
[INFO] Storing buildScmBranch: UNKNOWN
[INFO] 
[INFO] -----------------------< org.vivoweb:vitro-api >------------------------
[INFO] Building Vitro API 1.11.2-SNAPSHOT                                 [3/8]
[INFO] --------------------------------[ jar ]---------------------------------
[INFO] 
[INFO] --- maven-clean-plugin:3.0.0:clean (default-clean) @ vitro-api ---
[INFO] 
[INFO] --- buildnumber-maven-plugin:1.4:create (default) @ vitro-api ---
[INFO] ShortRevision tag detected. The value is '7'.
[INFO] Executing: /bin/sh -c cd '/workspaces/CodeCureAgent/code_cure_agent/cca_workspace_2/Vitro/api' && 'git' 'rev-parse' '--verify' '--short=7' 'HEAD'
[INFO] Working directory: /workspaces/CodeCureAgent/code_cure_agent/cca_workspace_2/Vitro/api
[INFO] Storing buildNumber: 1194134 at timestamp: 1769770632403
[WARNING] Cannot get the branch information from the git repository: 
Detecting the current branch failed: fatal: ref HEAD is not a symbolic ref

[INFO] ShortRevision tag detected. The value is '7'.
[INFO] Executing: /bin/sh -c cd '/workspaces/CodeCureAgent/code_cure_agent/cca_workspace_2/Vitro/api' && 'git' 'rev-parse' '--verify' '--short=7' 'HEAD'
[INFO] Working directory: /workspaces/CodeCureAgent/code_cure_agent/cca_workspace_2/Vitro/api
[INFO] Storing buildScmBranch: UNKNOWN
[INFO] 
[INFO] --- maven-resources-plugin:2.6:resources (default-resources) @ vitro-api ---
[INFO] Using 'UTF-8' encoding to copy filtered resources.
[INFO] Copying 15 resources
[INFO] 
[INFO] --- maven-compiler-plugin:3.8.0:compile (default-compile) @ vitro-api ---
[INFO] Changes detected - recompiling the module!
[INFO] Compiling 1105 source files to /workspaces/CodeCureAgent/code_cure_agent/cca_workspace_2/Vitro/api/target/classes
[INFO] -------------------------------------------------------------
[ERROR] COMPILATION ERROR : 
[INFO] -------------------------------------------------------------
[ERROR] /workspaces/CodeCureAgent/code_cure_agent/cca_workspace_2/Vitro/api/src/main/java/edu/cornell/mannlib/vitro/webapp/utils/dataGetter/DataGetterUtils.java:[326,34] error: cannot find symbol
  symbol:   method convertToJSON(VitroRequest,Model)
  location: variable getter of type DataGetter
[ERROR] /workspaces/CodeCureAgent/code_cure_agent/cca_workspace_2/Vitro/api/src/main/java/edu/cornell/mannlib/vitro/webapp/utils/dataGetter/DataGetterUtils.java:[330,41] error: cannot find symbol
  symbol:   method getType()
  location: variable getter of type DataGetter
[ERROR] /workspaces/CodeCureAgent/code_cure_agent/cca_workspace_2/Vitro/api/src/main/java/edu/cornell/mannlib/vitro/webapp/utils/dataGetter/DataGetterUtils.java:[333,41] error: cannot find symbol
  symbol:   method getType()
  location: variable getter of type DataGetter
[INFO] 3 errors 
[INFO] -------------------------------------------------------------
[INFO] ------------------------------------------------------------------------
[INFO] Reactor Summary for Vitro 1.11.2-SNAPSHOT:
[INFO] 
[INFO] Vitro .............................................. SUCCESS [  0.546 s]
[INFO] Vitro Dependencies ................................. SUCCESS [  0.020 s]
[INFO] Vitro API .......................................... FAILURE [  8.106 s]
[INFO] Vitro Web App ...................................... SKIPPED
[INFO] Vitro Home ......................................... SKIPPED
[INFO] Vitro Installer .................................... SKIPPED
[INFO] Vitro Install Home ................................. SKIPPED
[INFO] Vitro Install Web App .............................. SKIPPED
[INFO] ------------------------------------------------------------------------
[INFO] BUILD FAILURE
[INFO] ------------------------------------------------------------------------
[INFO] Total time:  9.096 s
[INFO] Finished at: 2026-01-30T10:57:20Z
[INFO] ------------------------------------------------------------------------
[ERROR] Failed to execute goal org.apache.maven.plugins:maven-compiler-plugin:3.8.0:compile (default-compile) on project vitro-api: Compilation failure: Compilation failure: 
[ERROR] /workspaces/CodeCureAgent/code_cure_agent/cca_workspace_2/Vitro/api/src/main/java/edu/cornell/mannlib/vitro/webapp/utils/dataGetter/DataGetterUtils.java:[326,34] error: cannot find symbol
[ERROR]   symbol:   method convertToJSON(VitroRequest,Model)
[ERROR]   location: variable getter of type DataGetter
[ERROR] /workspaces/CodeCureAgent/code_cure_agent/cca_workspace_2/Vitro/api/src/main/java/edu/cornell/mannlib/vitro/webapp/utils/dataGetter/DataGetterUtils.java:[330,41] error: cannot find symbol
[ERROR]   symbol:   method getType()
[ERROR]   location: variable getter of type DataGetter
[ERROR] /workspaces/CodeCureAgent/code_cure_agent/cca_workspace_2/Vitro/api/src/main/java/edu/cornell/mannlib/vitro/webapp/utils/dataGetter/DataGetterUtils.java:[333,41] error: cannot find symbol
[ERROR]   symbol:   method getType()
[ERROR]   location: variable getter of type DataGetter
[ERROR] -> [Help 1]
[ERROR] 
[ERROR] To see the full stack trace of the errors, re-run Maven with the -e switch.
[ERROR] Re-run Maven using the -X switch to enable full debug logging.
[ERROR] 
[ERROR] For more information about the errors and possible solutions, please read the following articles:
[ERROR] [Help 1] http://cwiki.apache.org/confluence/display/MAVEN/MojoFailureException
[ERROR] 
[ERROR] After correcting the problems, you can resume the build with the command
[ERROR]   mvn <args> -rf :vitro-api
