[INFO] Scanning for projects...
[INFO] ------------------------------------------------------------------------
[INFO] Reactor Build Order:
[INFO] 
[INFO] Vitro                                                              [pom]
[INFO] Vitro Dependencies                                                 [pom]
[INFO] Vitro API                                                          [jar]
[INFO] Vitro Web App                                                      [war]
[INFO] Vitro Home                                                         [pom]
[INFO] Vitro Installer                                                    [pom]
[INFO] Vitro Install Home                                                 [pom]
[INFO] Vitro Install Web App                                              [war]
[INFO] 
[INFO] ---------------------< org.vivoweb:vitro-project >----------------------
[INFO] Building Vitro 1.11.2-SNAPSHOT                                     [1/8]
[INFO] --------------------------------[ pom ]---------------------------------
[INFO] 
[INFO] --- maven-clean-plugin:3.0.0:clean (default-clean) @ vitro-project ---
[INFO] 
[INFO] --- buildnumber-maven-plugin:1.4:create (default) @ vitro-project ---
[INFO] ShortRevision tag detected. The value is '7'.
[INFO] Executing: /bin/sh -c cd '/workspaces/master-thesis-pascal-joos/code_cure_agent/cca_workspace/Vitro' && 'git' 'rev-parse' '--verify' '--short=7' 'HEAD'
[INFO] Working directory: /workspaces/master-thesis-pascal-joos/code_cure_agent/cca_workspace/Vitro
[INFO] Storing buildNumber: 1194134 at timestamp: 1755725716205
[WARNING] Cannot get the branch information from the git repository: 
Detecting the current branch failed: fatal: ref HEAD is not a symbolic ref

[INFO] ShortRevision tag detected. The value is '7'.
[INFO] Executing: /bin/sh -c cd '/workspaces/master-thesis-pascal-joos/code_cure_agent/cca_workspace/Vitro' && 'git' 'rev-parse' '--verify' '--short=7' 'HEAD'
[INFO] Working directory: /workspaces/master-thesis-pascal-joos/code_cure_agent/cca_workspace/Vitro
[INFO] Storing buildScmBranch: UNKNOWN
[INFO] 
[INFO] -------------------< org.vivoweb:vitro-dependencies >-------------------
[INFO] Building Vitro Dependencies 1.11.2-SNAPSHOT                        [2/8]
[INFO] --------------------------------[ pom ]---------------------------------
[INFO] 
[INFO] --- maven-clean-plugin:3.0.0:clean (default-clean) @ vitro-dependencies ---
[INFO] 
[INFO] --- buildnumber-maven-plugin:1.4:create (default) @ vitro-dependencies ---
[INFO] ShortRevision tag detected. The value is '7'.
[INFO] Executing: /bin/sh -c cd '/workspaces/master-thesis-pascal-joos/code_cure_agent/cca_workspace/Vitro/dependencies' && 'git' 'rev-parse' '--verify' '--short=7' 'HEAD'
[INFO] Working directory: /workspaces/master-thesis-pascal-joos/code_cure_agent/cca_workspace/Vitro/dependencies
[INFO] Storing buildNumber: 1194134 at timestamp: 1755725716255
[WARNING] Cannot get the branch information from the git repository: 
Detecting the current branch failed: fatal: ref HEAD is not a symbolic ref

[INFO] ShortRevision tag detected. The value is '7'.
[INFO] Executing: /bin/sh -c cd '/workspaces/master-thesis-pascal-joos/code_cure_agent/cca_workspace/Vitro/dependencies' && 'git' 'rev-parse' '--verify' '--short=7' 'HEAD'
[INFO] Working directory: /workspaces/master-thesis-pascal-joos/code_cure_agent/cca_workspace/Vitro/dependencies
[INFO] Storing buildScmBranch: UNKNOWN
[INFO] 
[INFO] -----------------------< org.vivoweb:vitro-api >------------------------
[INFO] Building Vitro API 1.11.2-SNAPSHOT                                 [3/8]
[INFO] --------------------------------[ jar ]---------------------------------
[INFO] 
[INFO] --- maven-clean-plugin:3.0.0:clean (default-clean) @ vitro-api ---
[INFO] 
[INFO] --- buildnumber-maven-plugin:1.4:create (default) @ vitro-api ---
[INFO] ShortRevision tag detected. The value is '7'.
[INFO] Executing: /bin/sh -c cd '/workspaces/master-thesis-pascal-joos/code_cure_agent/cca_workspace/Vitro/api' && 'git' 'rev-parse' '--verify' '--short=7' 'HEAD'
[INFO] Working directory: /workspaces/master-thesis-pascal-joos/code_cure_agent/cca_workspace/Vitro/api
[INFO] Storing buildNumber: 1194134 at timestamp: 1755725716605
[WARNING] Cannot get the branch information from the git repository: 
Detecting the current branch failed: fatal: ref HEAD is not a symbolic ref

[INFO] ShortRevision tag detected. The value is '7'.
[INFO] Executing: /bin/sh -c cd '/workspaces/master-thesis-pascal-joos/code_cure_agent/cca_workspace/Vitro/api' && 'git' 'rev-parse' '--verify' '--short=7' 'HEAD'
[INFO] Working directory: /workspaces/master-thesis-pascal-joos/code_cure_agent/cca_workspace/Vitro/api
[INFO] Storing buildScmBranch: UNKNOWN
[INFO] 
[INFO] --- maven-resources-plugin:2.6:resources (default-resources) @ vitro-api ---
[INFO] Using 'UTF-8' encoding to copy filtered resources.
[INFO] Copying 15 resources
[INFO] 
[INFO] --- maven-compiler-plugin:3.8.0:compile (default-compile) @ vitro-api ---
[INFO] Changes detected - recompiling the module!
[INFO] Compiling 1105 source files to /workspaces/master-thesis-pascal-joos/code_cure_agent/cca_workspace/Vitro/api/target/classes
[INFO] -------------------------------------------------------------
[ERROR] COMPILATION ERROR : 
[INFO] -------------------------------------------------------------
[ERROR] /workspaces/master-thesis-pascal-joos/code_cure_agent/cca_workspace/Vitro/api/src/main/java/edu/cornell/mannlib/vitro/webapp/dao/jena/VClassDaoJena.java:[51] error: illegal character: '`'
[ERROR] /workspaces/master-thesis-pascal-joos/code_cure_agent/cca_workspace/Vitro/api/src/main/java/edu/cornell/mannlib/vitro/webapp/dao/jena/VClassDaoJena.java:[51,1] error: illegal character: '`'
[ERROR] /workspaces/master-thesis-pascal-joos/code_cure_agent/cca_workspace/Vitro/api/src/main/java/edu/cornell/mannlib/vitro/webapp/dao/jena/VClassDaoJena.java:[51,2] error: illegal character: '`'
[ERROR] /workspaces/master-thesis-pascal-joos/code_cure_agent/cca_workspace/Vitro/api/src/main/java/edu/cornell/mannlib/vitro/webapp/dao/jena/VClassDaoJena.java:[52] error: class, interface, or enum expected
[ERROR] /workspaces/master-thesis-pascal-joos/code_cure_agent/cca_workspace/Vitro/api/src/main/java/edu/cornell/mannlib/vitro/webapp/dao/jena/VClassDaoJena.java:[462,11] error: class, interface, or enum expected
[ERROR] /workspaces/master-thesis-pascal-joos/code_cure_agent/cca_workspace/Vitro/api/src/main/java/edu/cornell/mannlib/vitro/webapp/dao/jena/VClassDaoJena.java:[464,8] error: class, interface, or enum expected
[ERROR] /workspaces/master-thesis-pascal-joos/code_cure_agent/cca_workspace/Vitro/api/src/main/java/edu/cornell/mannlib/vitro/webapp/dao/jena/VClassDaoJena.java:[465,8] error: class, interface, or enum expected
[ERROR] /workspaces/master-thesis-pascal-joos/code_cure_agent/cca_workspace/Vitro/api/src/main/java/edu/cornell/mannlib/vitro/webapp/dao/jena/VClassDaoJena.java:[467,12] error: class, interface, or enum expected
[ERROR] /workspaces/master-thesis-pascal-joos/code_cure_agent/cca_workspace/Vitro/api/src/main/java/edu/cornell/mannlib/vitro/webapp/dao/jena/VClassDaoJena.java:[471,24] error: class, interface, or enum expected
[ERROR] /workspaces/master-thesis-pascal-joos/code_cure_agent/cca_workspace/Vitro/api/src/main/java/edu/cornell/mannlib/vitro/webapp/dao/jena/VClassDaoJena.java:[471,56] error: <identifier> expected
[ERROR] /workspaces/master-thesis-pascal-joos/code_cure_agent/cca_workspace/Vitro/api/src/main/java/edu/cornell/mannlib/vitro/webapp/dao/jena/VClassDaoJena.java:[473,28] error: illegal start of type
[ERROR] /workspaces/master-thesis-pascal-joos/code_cure_agent/cca_workspace/Vitro/api/src/main/java/edu/cornell/mannlib/vitro/webapp/dao/jena/VClassDaoJena.java:[473,43] error: <identifier> expected
[ERROR] /workspaces/master-thesis-pascal-joos/code_cure_agent/cca_workspace/Vitro/api/src/main/java/edu/cornell/mannlib/vitro/webapp/dao/jena/VClassDaoJena.java:[473,45] error: ';' expected
[ERROR] /workspaces/master-thesis-pascal-joos/code_cure_agent/cca_workspace/Vitro/api/src/main/java/edu/cornell/mannlib/vitro/webapp/dao/jena/VClassDaoJena.java:[477,20] error: class, interface, or enum expected
[ERROR] /workspaces/master-thesis-pascal-joos/code_cure_agent/cca_workspace/Vitro/api/src/main/java/edu/cornell/mannlib/vitro/webapp/dao/jena/VClassDaoJena.java:[479,20] error: class, interface, or enum expected
[ERROR] /workspaces/master-thesis-pascal-joos/code_cure_agent/cca_workspace/Vitro/api/src/main/java/edu/cornell/mannlib/vitro/webapp/dao/jena/VClassDaoJena.java:[483,12] error: class, interface, or enum expected
[ERROR] /workspaces/master-thesis-pascal-joos/code_cure_agent/cca_workspace/Vitro/api/src/main/java/edu/cornell/mannlib/vitro/webapp/dao/jena/VClassDaoJena.java:[486,8] error: class, interface, or enum expected
[ERROR] /workspaces/master-thesis-pascal-joos/code_cure_agent/cca_workspace/Vitro/api/src/main/java/edu/cornell/mannlib/vitro/webapp/dao/jena/VClassDaoJena.java:[488,8] error: class, interface, or enum expected
[ERROR] /workspaces/master-thesis-pascal-joos/code_cure_agent/cca_workspace/Vitro/api/src/main/java/edu/cornell/mannlib/vitro/webapp/dao/jena/VClassDaoJena.java:[489,4] error: class, interface, or enum expected
[ERROR] /workspaces/master-thesis-pascal-joos/code_cure_agent/cca_workspace/Vitro/api/src/main/java/edu/cornell/mannlib/vitro/webapp/dao/jena/VClassDaoJena.java:[499,8] error: class, interface, or enum expected
[ERROR] /workspaces/master-thesis-pascal-joos/code_cure_agent/cca_workspace/Vitro/api/src/main/java/edu/cornell/mannlib/vitro/webapp/dao/jena/VClassDaoJena.java:[500,8] error: class, interface, or enum expected
[ERROR] /workspaces/master-thesis-pascal-joos/code_cure_agent/cca_workspace/Vitro/api/src/main/java/edu/cornell/mannlib/vitro/webapp/dao/jena/VClassDaoJena.java:[501,38] error: class, interface, or enum expected
[ERROR] /workspaces/master-thesis-pascal-joos/code_cure_agent/cca_workspace/Vitro/api/src/main/java/edu/cornell/mannlib/vitro/webapp/dao/jena/VClassDaoJena.java:[501,51] error: class, interface, or enum expected
[ERROR] /workspaces/master-thesis-pascal-joos/code_cure_agent/cca_workspace/Vitro/api/src/main/java/edu/cornell/mannlib/vitro/webapp/dao/jena/VClassDaoJena.java:[504,20] error: class, interface, or enum expected
[ERROR] /workspaces/master-thesis-pascal-joos/code_cure_agent/cca_workspace/Vitro/api/src/main/java/edu/cornell/mannlib/vitro/webapp/dao/jena/VClassDaoJena.java:[505,20] error: class, interface, or enum expected
[ERROR] /workspaces/master-thesis-pascal-joos/code_cure_agent/cca_workspace/Vitro/api/src/main/java/edu/cornell/mannlib/vitro/webapp/dao/jena/VClassDaoJena.java:[505,84] error: class, interface, or enum expected
[ERROR] /workspaces/master-thesis-pascal-joos/code_cure_agent/cca_workspace/Vitro/api/src/main/java/edu/cornell/mannlib/vitro/webapp/dao/jena/VClassDaoJena.java:[505,97] error: class, interface, or enum expected
[ERROR] /workspaces/master-thesis-pascal-joos/code_cure_agent/cca_workspace/Vitro/api/src/main/java/edu/cornell/mannlib/vitro/webapp/dao/jena/VClassDaoJena.java:[507,24] error: class, interface, or enum expected
[ERROR] /workspaces/master-thesis-pascal-joos/code_cure_agent/cca_workspace/Vitro/api/src/main/java/edu/cornell/mannlib/vitro/webapp/dao/jena/VClassDaoJena.java:[509,24] error: class, interface, or enum expected
[ERROR] /workspaces/master-thesis-pascal-joos/code_cure_agent/cca_workspace/Vitro/api/src/main/java/edu/cornell/mannlib/vitro/webapp/dao/jena/VClassDaoJena.java:[511,24] error: class, interface, or enum expected
[ERROR] /workspaces/master-thesis-pascal-joos/code_cure_agent/cca_workspace/Vitro/api/src/main/java/edu/cornell/mannlib/vitro/webapp/dao/jena/VClassDaoJena.java:[521,32] error: class, interface, or enum expected
[ERROR] /workspaces/master-thesis-pascal-joos/code_cure_agent/cca_workspace/Vitro/api/src/main/java/edu/cornell/mannlib/vitro/webapp/dao/jena/VClassDaoJena.java:[522,28] error: class, interface, or enum expected
[ERROR] /workspaces/master-thesis-pascal-joos/code_cure_agent/cca_workspace/Vitro/api/src/main/java/edu/cornell/mannlib/vitro/webapp/dao/jena/VClassDaoJena.java:[526,63] error: <identifier> expected
[ERROR] /workspaces/master-thesis-pascal-joos/code_cure_agent/cca_workspace/Vitro/api/src/main/java/edu/cornell/mannlib/vitro/webapp/dao/jena/VClassDaoJena.java:[527,41] error: <identifier> expected
[ERROR] /workspaces/master-thesis-pascal-joos/code_cure_agent/cca_workspace/Vitro/api/src/main/java/edu/cornell/mannlib/vitro/webapp/dao/jena/VClassDaoJena.java:[527,53] error: <identifier> expected
[ERROR] /workspaces/master-thesis-pascal-joos/code_cure_agent/cca_workspace/Vitro/api/src/main/java/edu/cornell/mannlib/vitro/webapp/dao/jena/VClassDaoJena.java:[527,68] error: <identifier> expected
[ERROR] /workspaces/master-thesis-pascal-joos/code_cure_agent/cca_workspace/Vitro/api/src/main/java/edu/cornell/mannlib/vitro/webapp/dao/jena/VClassDaoJena.java:[529,18] error: class, interface, or enum expected
[ERROR] /workspaces/master-thesis-pascal-joos/code_cure_agent/cca_workspace/Vitro/api/src/main/java/edu/cornell/mannlib/vitro/webapp/dao/jena/VClassDaoJena.java:[531,16] error: class, interface, or enum expected
[ERROR] /workspaces/master-thesis-pascal-joos/code_cure_agent/cca_workspace/Vitro/api/src/main/java/edu/cornell/mannlib/vitro/webapp/dao/jena/VClassDaoJena.java:[535,8] error: class, interface, or enum expected
[ERROR] /workspaces/master-thesis-pascal-joos/code_cure_agent/cca_workspace/Vitro/api/src/main/java/edu/cornell/mannlib/vitro/webapp/dao/jena/VClassDaoJena.java:[537,4] error: class, interface, or enum expected
[ERROR] /workspaces/master-thesis-pascal-joos/code_cure_agent/cca_workspace/Vitro/api/src/main/java/edu/cornell/mannlib/vitro/webapp/dao/jena/VClassDaoJena.java:[539,11] error: class, interface, or enum expected
[ERROR] /workspaces/master-thesis-pascal-joos/code_cure_agent/cca_workspace/Vitro/api/src/main/java/edu/cornell/mannlib/vitro/webapp/dao/jena/VClassDaoJena.java:[541,4] error: class, interface, or enum expected
[ERROR] /workspaces/master-thesis-pascal-joos/code_cure_agent/cca_workspace/Vitro/api/src/main/java/edu/cornell/mannlib/vitro/webapp/dao/jena/VClassDaoJena.java:[545,8] error: class, interface, or enum expected
[ERROR] /workspaces/master-thesis-pascal-joos/code_cure_agent/cca_workspace/Vitro/api/src/main/java/edu/cornell/mannlib/vitro/webapp/dao/jena/VClassDaoJena.java:[546,8] error: class, interface, or enum expected
[ERROR] /workspaces/master-thesis-pascal-joos/code_cure_agent/cca_workspace/Vitro/api/src/main/java/edu/cornell/mannlib/vitro/webapp/dao/jena/VClassDaoJena.java:[549,12] error: class, interface, or enum expected
[ERROR] /workspaces/master-thesis-pascal-joos/code_cure_agent/cca_workspace/Vitro/api/src/main/java/edu/cornell/mannlib/vitro/webapp/dao/jena/VClassDaoJena.java:[551,16] error: class, interface, or enum expected
[ERROR] /workspaces/master-thesis-pascal-joos/code_cure_agent/cca_workspace/Vitro/api/src/main/java/edu/cornell/mannlib/vitro/webapp/dao/jena/VClassDaoJena.java:[554,16] error: class, interface, or enum expected
[ERROR] /workspaces/master-thesis-pascal-joos/code_cure_agent/cca_workspace/Vitro/api/src/main/java/edu/cornell/mannlib/vitro/webapp/dao/jena/VClassDaoJena.java:[557,8] error: class, interface, or enum expected
[ERROR] /workspaces/master-thesis-pascal-joos/code_cure_agent/cca_workspace/Vitro/api/src/main/java/edu/cornell/mannlib/vitro/webapp/dao/jena/VClassDaoJena.java:[559,8] error: class, interface, or enum expected
[ERROR] /workspaces/master-thesis-pascal-joos/code_cure_agent/cca_workspace/Vitro/api/src/main/java/edu/cornell/mannlib/vitro/webapp/dao/jena/VClassDaoJena.java:[561,4] error: class, interface, or enum expected
[ERROR] /workspaces/master-thesis-pascal-joos/code_cure_agent/cca_workspace/Vitro/api/src/main/java/edu/cornell/mannlib/vitro/webapp/dao/jena/VClassDaoJena.java:[564,11] error: class, interface, or enum expected
[ERROR] /workspaces/master-thesis-pascal-joos/code_cure_agent/cca_workspace/Vitro/api/src/main/java/edu/cornell/mannlib/vitro/webapp/dao/jena/VClassDaoJena.java:[567,8] error: class, interface, or enum expected
[ERROR] /workspaces/master-thesis-pascal-joos/code_cure_agent/cca_workspace/Vitro/api/src/main/java/edu/cornell/mannlib/vitro/webapp/dao/jena/VClassDaoJena.java:[570,8] error: class, interface, or enum expected
[ERROR] /workspaces/master-thesis-pascal-joos/code_cure_agent/cca_workspace/Vitro/api/src/main/java/edu/cornell/mannlib/vitro/webapp/dao/jena/VClassDaoJena.java:[571,8] error: class, interface, or enum expected
[ERROR] /workspaces/master-thesis-pascal-joos/code_cure_agent/cca_workspace/Vitro/api/src/main/java/edu/cornell/mannlib/vitro/webapp/dao/jena/VClassDaoJena.java:[572,8] error: class, interface, or enum expected
[ERROR] /workspaces/master-thesis-pascal-joos/code_cure_agent/cca_workspace/Vitro/api/src/main/java/edu/cornell/mannlib/vitro/webapp/dao/jena/VClassDaoJena.java:[575,12] error: class, interface, or enum expected
[ERROR] /workspaces/master-thesis-pascal-joos/code_cure_agent/cca_workspace/Vitro/api/src/main/java/edu/cornell/mannlib/vitro/webapp/dao/jena/VClassDaoJena.java:[577,16] error: class, interface, or enum expected
[ERROR] /workspaces/master-thesis-pascal-joos/code_cure_agent/cca_workspace/Vitro/api/src/main/java/edu/cornell/mannlib/vitro/webapp/dao/jena/VClassDaoJena.java:[579,20] error: class, interface, or enum expected
[ERROR] /workspaces/master-thesis-pascal-joos/code_cure_agent/cca_workspace/Vitro/api/src/main/java/edu/cornell/mannlib/vitro/webapp/dao/jena/VClassDaoJena.java:[581,20] error: class, interface, or enum expected
[ERROR] /workspaces/master-thesis-pascal-joos/code_cure_agent/cca_workspace/Vitro/api/src/main/java/edu/cornell/mannlib/vitro/webapp/dao/jena/VClassDaoJena.java:[584,28] error: class, interface, or enum expected
[ERROR] /workspaces/master-thesis-pascal-joos/code_cure_agent/cca_workspace/Vitro/api/src/main/java/edu/cornell/mannlib/vitro/webapp/dao/jena/VClassDaoJena.java:[589,32] error: class, interface, or enum expected
[ERROR] /workspaces/master-thesis-pascal-joos/code_cure_agent/cca_workspace/Vitro/api/src/main/java/edu/cornell/mannlib/vitro/webapp/dao/jena/VClassDaoJena.java:[590,28] error: class, interface, or enum expected
[ERROR] /workspaces/master-thesis-pascal-joos/code_cure_agent/cca_workspace/Vitro/api/src/main/java/edu/cornell/mannlib/vitro/webapp/dao/jena/VClassDaoJena.java:[594,20] error: class, interface, or enum expected
[ERROR] /workspaces/master-thesis-pascal-joos/code_cure_agent/cca_workspace/Vitro/api/src/main/java/edu/cornell/mannlib/vitro/webapp/dao/jena/VClassDaoJena.java:[595,61] error: <identifier> expected
[ERROR] /workspaces/master-thesis-pascal-joos/code_cure_agent/cca_workspace/Vitro/api/src/main/java/edu/cornell/mannlib/vitro/webapp/dao/jena/VClassDaoJena.java:[596,47] error: <identifier> expected
[ERROR] /workspaces/master-thesis-pascal-joos/code_cure_agent/cca_workspace/Vitro/api/src/main/java/edu/cornell/mannlib/vitro/webapp/dao/jena/VClassDaoJena.java:[596,48] error: illegal start of type
[ERROR] /workspaces/master-thesis-pascal-joos/code_cure_agent/cca_workspace/Vitro/api/src/main/java/edu/cornell/mannlib/vitro/webapp/dao/jena/VClassDaoJena.java:[597,69] error: <identifier> expected
[ERROR] /workspaces/master-thesis-pascal-joos/code_cure_agent/cca_workspace/Vitro/api/src/main/java/edu/cornell/mannlib/vitro/webapp/dao/jena/VClassDaoJena.java:[601,12] error: class, interface, or enum expected
[ERROR] /workspaces/master-thesis-pascal-joos/code_cure_agent/cca_workspace/Vitro/api/src/main/java/edu/cornell/mannlib/vitro/webapp/dao/jena/VClassDaoJena.java:[604,8] error: class, interface, or enum expected
[ERROR] /workspaces/master-thesis-pascal-joos/code_cure_agent/cca_workspace/Vitro/api/src/main/java/edu/cornell/mannlib/vitro/webapp/dao/jena/VClassDaoJena.java:[606,4] error: class, interface, or enum expected
[ERROR] /workspaces/master-thesis-pascal-joos/code_cure_agent/cca_workspace/Vitro/api/src/main/java/edu/cornell/mannlib/vitro/webapp/dao/jena/VClassDaoJena.java:[608,11] error: class, interface, or enum expected
[ERROR] /workspaces/master-thesis-pascal-joos/code_cure_agent/cca_workspace/Vitro/api/src/main/java/edu/cornell/mannlib/vitro/webapp/dao/jena/VClassDaoJena.java:[610,8] error: class, interface, or enum expected
[ERROR] /workspaces/master-thesis-pascal-joos/code_cure_agent/cca_workspace/Vitro/api/src/main/java/edu/cornell/mannlib/vitro/webapp/dao/jena/VClassDaoJena.java:[611,8] error: class, interface, or enum expected
[ERROR] /workspaces/master-thesis-pascal-joos/code_cure_agent/cca_workspace/Vitro/api/src/main/java/edu/cornell/mannlib/vitro/webapp/dao/jena/VClassDaoJena.java:[613,12] error: class, interface, or enum expected
[ERROR] /workspaces/master-thesis-pascal-joos/code_cure_agent/cca_workspace/Vitro/api/src/main/java/edu/cornell/mannlib/vitro/webapp/dao/jena/VClassDaoJena.java:[615,16] error: class, interface, or enum expected
[ERROR] /workspaces/master-thesis-pascal-joos/code_cure_agent/cca_workspace/Vitro/api/src/main/java/edu/cornell/mannlib/vitro/webapp/dao/jena/VClassDaoJena.java:[616,12] error: class, interface, or enum expected
[ERROR] /workspaces/master-thesis-pascal-joos/code_cure_agent/cca_workspace/Vitro/api/src/main/java/edu/cornell/mannlib/vitro/webapp/dao/jena/VClassDaoJena.java:[620,12] error: class, interface, or enum expected
[ERROR] /workspaces/master-thesis-pascal-joos/code_cure_agent/cca_workspace/Vitro/api/src/main/java/edu/cornell/mannlib/vitro/webapp/dao/jena/VClassDaoJena.java:[622,12] error: class, interface, or enum expected
[ERROR] /workspaces/master-thesis-pascal-joos/code_cure_agent/cca_workspace/Vitro/api/src/main/java/edu/cornell/mannlib/vitro/webapp/dao/jena/VClassDaoJena.java:[625,4] error: class, interface, or enum expected
[ERROR] /workspaces/master-thesis-pascal-joos/code_cure_agent/cca_workspace/Vitro/api/src/main/java/edu/cornell/mannlib/vitro/webapp/dao/jena/VClassDaoJena.java:[627,11] error: class, interface, or enum expected
[ERROR] /workspaces/master-thesis-pascal-joos/code_cure_agent/cca_workspace/Vitro/api/src/main/java/edu/cornell/mannlib/vitro/webapp/dao/jena/VClassDaoJena.java:[629,8] error: class, interface, or enum expected
[ERROR] /workspaces/master-thesis-pascal-joos/code_cure_agent/cca_workspace/Vitro/api/src/main/java/edu/cornell/mannlib/vitro/webapp/dao/jena/VClassDaoJena.java:[630,8] error: class, interface, or enum expected
[ERROR] /workspaces/master-thesis-pascal-joos/code_cure_agent/cca_workspace/Vitro/api/src/main/java/edu/cornell/mannlib/vitro/webapp/dao/jena/VClassDaoJena.java:[632,12] error: class, interface, or enum expected
[ERROR] /workspaces/master-thesis-pascal-joos/code_cure_agent/cca_workspace/Vitro/api/src/main/java/edu/cornell/mannlib/vitro/webapp/dao/jena/VClassDaoJena.java:[634,16] error: class, interface, or enum expected
[ERROR] /workspaces/master-thesis-pascal-joos/code_cure_agent/cca_workspace/Vitro/api/src/main/java/edu/cornell/mannlib/vitro/webapp/dao/jena/VClassDaoJena.java:[635,12] error: class, interface, or enum expected
[ERROR] /workspaces/master-thesis-pascal-joos/code_cure_agent/cca_workspace/Vitro/api/src/main/java/edu/cornell/mannlib/vitro/webapp/dao/jena/VClassDaoJena.java:[640,12] error: class, interface, or enum expected
[ERROR] /workspaces/master-thesis-pascal-joos/code_cure_agent/cca_workspace/Vitro/api/src/main/java/edu/cornell/mannlib/vitro/webapp/dao/jena/VClassDaoJena.java:[641,12] error: class, interface, or enum expected
[ERROR] /workspaces/master-thesis-pascal-joos/code_cure_agent/cca_workspace/Vitro/api/src/main/java/edu/cornell/mannlib/vitro/webapp/dao/jena/VClassDaoJena.java:[644,12] error: class, interface, or enum expected
[ERROR] /workspaces/master-thesis-pascal-joos/code_cure_agent/cca_workspace/Vitro/api/src/main/java/edu/cornell/mannlib/vitro/webapp/dao/jena/VClassDaoJena.java:[646,12] error: class, interface, or enum expected
[ERROR] /workspaces/master-thesis-pascal-joos/code_cure_agent/cca_workspace/Vitro/api/src/main/java/edu/cornell/mannlib/vitro/webapp/dao/jena/VClassDaoJena.java:[649,4] error: class, interface, or enum expected
[ERROR] /workspaces/master-thesis-pascal-joos/code_cure_agent/cca_workspace/Vitro/api/src/main/java/edu/cornell/mannlib/vitro/webapp/dao/jena/VClassDaoJena.java:[653,8] error: class, interface, or enum expected
[ERROR] /workspaces/master-thesis-pascal-joos/code_cure_agent/cca_workspace/Vitro/api/src/main/java/edu/cornell/mannlib/vitro/webapp/dao/jena/VClassDaoJena.java:[654,8] error: class, interface, or enum expected
[ERROR] /workspaces/master-thesis-pascal-joos/code_cure_agent/cca_workspace/Vitro/api/src/main/java/edu/cornell/mannlib/vitro/webapp/dao/jena/VClassDaoJena.java:[656,12] error: class, interface, or enum expected
[ERROR] /workspaces/master-thesis-pascal-joos/code_cure_agent/cca_workspace/Vitro/api/src/main/java/edu/cornell/mannlib/vitro/webapp/dao/jena/VClassDaoJena.java:[658,12] error: class, interface, or enum expected
[ERROR] /workspaces/master-thesis-pascal-joos/code_cure_agent/cca_workspace/Vitro/api/src/main/java/edu/cornell/mannlib/vitro/webapp/dao/jena/VClassDaoJena.java:[661,4] error: class, interface, or enum expected
[ERROR] /workspaces/master-thesis-pascal-joos/code_cure_agent/cca_workspace/Vitro/api/src/main/java/edu/cornell/mannlib/vitro/webapp/dao/jena/VClassDaoJena.java:[663,11] error: class, interface, or enum expected
[ERROR] /workspaces/master-thesis-pascal-joos/code_cure_agent/cca_workspace/Vitro/api/src/main/java/edu/cornell/mannlib/vitro/webapp/dao/jena/VClassDaoJena.java:[665,8] error: class, interface, or enum expected
[ERROR] /workspaces/master-thesis-pascal-joos/code_cure_agent/cca_workspace/Vitro/api/src/main/java/edu/cornell/mannlib/vitro/webapp/dao/jena/VClassDaoJena.java:[667,8] error: class, interface, or enum expected
[ERROR] /workspaces/master-thesis-pascal-joos/code_cure_agent/cca_workspace/Vitro/api/src/main/java/edu/cornell/mannlib/vitro/webapp/dao/jena/VClassDaoJena.java:[669,8] error: class, interface, or enum expected
[ERROR] /workspaces/master-thesis-pascal-joos/code_cure_agent/cca_workspace/Vitro/api/src/main/java/edu/cornell/mannlib/vitro/webapp/dao/jena/VClassDaoJena.java:[672,12] error: class, interface, or enum expected
[INFO] 100 errors 
[INFO] -------------------------------------------------------------
[INFO] ------------------------------------------------------------------------
[INFO] Reactor Summary for Vitro 1.11.2-SNAPSHOT:
[INFO] 
[INFO] Vitro .............................................. SUCCESS [  0.355 s]
[INFO] Vitro Dependencies ................................. SUCCESS [  0.016 s]
[INFO] Vitro API .......................................... FAILURE [  2.540 s]
[INFO] Vitro Web App ...................................... SKIPPED
[INFO] Vitro Home ......................................... SKIPPED
[INFO] Vitro Installer .................................... SKIPPED
[INFO] Vitro Install Home ................................. SKIPPED
[INFO] Vitro Install Web App .............................. SKIPPED
[INFO] ------------------------------------------------------------------------
[INFO] BUILD FAILURE
[INFO] ------------------------------------------------------------------------
[INFO] Total time:  3.267 s
[INFO] Finished at: 2025-08-20T21:35:18Z
[INFO] ------------------------------------------------------------------------
[ERROR] Failed to execute goal org.apache.maven.plugins:maven-compiler-plugin:3.8.0:compile (default-compile) on project vitro-api: Compilation failure: Compilation failure: 
[ERROR] /workspaces/master-thesis-pascal-joos/code_cure_agent/cca_workspace/Vitro/api/src/main/java/edu/cornell/mannlib/vitro/webapp/dao/jena/VClassDaoJena.java:[51] error: illegal character: '`'
[ERROR] /workspaces/master-thesis-pascal-joos/code_cure_agent/cca_workspace/Vitro/api/src/main/java/edu/cornell/mannlib/vitro/webapp/dao/jena/VClassDaoJena.java:[51,1] error: illegal character: '`'
[ERROR] /workspaces/master-thesis-pascal-joos/code_cure_agent/cca_workspace/Vitro/api/src/main/java/edu/cornell/mannlib/vitro/webapp/dao/jena/VClassDaoJena.java:[51,2] error: illegal character: '`'
[ERROR] /workspaces/master-thesis-pascal-joos/code_cure_agent/cca_workspace/Vitro/api/src/main/java/edu/cornell/mannlib/vitro/webapp/dao/jena/VClassDaoJena.java:[52] error: class, interface, or enum expected
[ERROR] /workspaces/master-thesis-pascal-joos/code_cure_agent/cca_workspace/Vitro/api/src/main/java/edu/cornell/mannlib/vitro/webapp/dao/jena/VClassDaoJena.java:[462,11] error: class, interface, or enum expected
[ERROR] /workspaces/master-thesis-pascal-joos/code_cure_agent/cca_workspace/Vitro/api/src/main/java/edu/cornell/mannlib/vitro/webapp/dao/jena/VClassDaoJena.java:[464,8] error: class, interface, or enum expected
[ERROR] /workspaces/master-thesis-pascal-joos/code_cure_agent/cca_workspace/Vitro/api/src/main/java/edu/cornell/mannlib/vitro/webapp/dao/jena/VClassDaoJena.java:[465,8] error: class, interface, or enum expected
[ERROR] /workspaces/master-thesis-pascal-joos/code_cure_agent/cca_workspace/Vitro/api/src/main/java/edu/cornell/mannlib/vitro/webapp/dao/jena/VClassDaoJena.java:[467,12] error: class, interface, or enum expected
[ERROR] /workspaces/master-thesis-pascal-joos/code_cure_agent/cca_workspace/Vitro/api/src/main/java/edu/cornell/mannlib/vitro/webapp/dao/jena/VClassDaoJena.java:[471,24] error: class, interface, or enum expected
[ERROR] /workspaces/master-thesis-pascal-joos/code_cure_agent/cca_workspace/Vitro/api/src/main/java/edu/cornell/mannlib/vitro/webapp/dao/jena/VClassDaoJena.java:[471,56] error: <identifier> expected
[ERROR] /workspaces/master-thesis-pascal-joos/code_cure_agent/cca_workspace/Vitro/api/src/main/java/edu/cornell/mannlib/vitro/webapp/dao/jena/VClassDaoJena.java:[473,28] error: illegal start of type
[ERROR] /workspaces/master-thesis-pascal-joos/code_cure_agent/cca_workspace/Vitro/api/src/main/java/edu/cornell/mannlib/vitro/webapp/dao/jena/VClassDaoJena.java:[473,43] error: <identifier> expected
[ERROR] /workspaces/master-thesis-pascal-joos/code_cure_agent/cca_workspace/Vitro/api/src/main/java/edu/cornell/mannlib/vitro/webapp/dao/jena/VClassDaoJena.java:[473,45] error: ';' expected
[ERROR] /workspaces/master-thesis-pascal-joos/code_cure_agent/cca_workspace/Vitro/api/src/main/java/edu/cornell/mannlib/vitro/webapp/dao/jena/VClassDaoJena.java:[477,20] error: class, interface, or enum expected
[ERROR] /workspaces/master-thesis-pascal-joos/code_cure_agent/cca_workspace/Vitro/api/src/main/java/edu/cornell/mannlib/vitro/webapp/dao/jena/VClassDaoJena.java:[479,20] error: class, interface, or enum expected
[ERROR] /workspaces/master-thesis-pascal-joos/code_cure_agent/cca_workspace/Vitro/api/src/main/java/edu/cornell/mannlib/vitro/webapp/dao/jena/VClassDaoJena.java:[483,12] error: class, interface, or enum expected
[ERROR] /workspaces/master-thesis-pascal-joos/code_cure_agent/cca_workspace/Vitro/api/src/main/java/edu/cornell/mannlib/vitro/webapp/dao/jena/VClassDaoJena.java:[486,8] error: class, interface, or enum expected
[ERROR] /workspaces/master-thesis-pascal-joos/code_cure_agent/cca_workspace/Vitro/api/src/main/java/edu/cornell/mannlib/vitro/webapp/dao/jena/VClassDaoJena.java:[488,8] error: class, interface, or enum expected
[ERROR] /workspaces/master-thesis-pascal-joos/code_cure_agent/cca_workspace/Vitro/api/src/main/java/edu/cornell/mannlib/vitro/webapp/dao/jena/VClassDaoJena.java:[489,4] error: class, interface, or enum expected
[ERROR] /workspaces/master-thesis-pascal-joos/code_cure_agent/cca_workspace/Vitro/api/src/main/java/edu/cornell/mannlib/vitro/webapp/dao/jena/VClassDaoJena.java:[499,8] error: class, interface, or enum expected
[ERROR] /workspaces/master-thesis-pascal-joos/code_cure_agent/cca_workspace/Vitro/api/src/main/java/edu/cornell/mannlib/vitro/webapp/dao/jena/VClassDaoJena.java:[500,8] error: class, interface, or enum expected
[ERROR] /workspaces/master-thesis-pascal-joos/code_cure_agent/cca_workspace/Vitro/api/src/main/java/edu/cornell/mannlib/vitro/webapp/dao/jena/VClassDaoJena.java:[501,38] error: class, interface, or enum expected
[ERROR] /workspaces/master-thesis-pascal-joos/code_cure_agent/cca_workspace/Vitro/api/src/main/java/edu/cornell/mannlib/vitro/webapp/dao/jena/VClassDaoJena.java:[501,51] error: class, interface, or enum expected
[ERROR] /workspaces/master-thesis-pascal-joos/code_cure_agent/cca_workspace/Vitro/api/src/main/java/edu/cornell/mannlib/vitro/webapp/dao/jena/VClassDaoJena.java:[504,20] error: class, interface, or enum expected
[ERROR] /workspaces/master-thesis-pascal-joos/code_cure_agent/cca_workspace/Vitro/api/src/main/java/edu/cornell/mannlib/vitro/webapp/dao/jena/VClassDaoJena.java:[505,20] error: class, interface, or enum expected
[ERROR] /workspaces/master-thesis-pascal-joos/code_cure_agent/cca_workspace/Vitro/api/src/main/java/edu/cornell/mannlib/vitro/webapp/dao/jena/VClassDaoJena.java:[505,84] error: class, interface, or enum expected
[ERROR] /workspaces/master-thesis-pascal-joos/code_cure_agent/cca_workspace/Vitro/api/src/main/java/edu/cornell/mannlib/vitro/webapp/dao/jena/VClassDaoJena.java:[505,97] error: class, interface, or enum expected
[ERROR] /workspaces/master-thesis-pascal-joos/code_cure_agent/cca_workspace/Vitro/api/src/main/java/edu/cornell/mannlib/vitro/webapp/dao/jena/VClassDaoJena.java:[507,24] error: class, interface, or enum expected
[ERROR] /workspaces/master-thesis-pascal-joos/code_cure_agent/cca_workspace/Vitro/api/src/main/java/edu/cornell/mannlib/vitro/webapp/dao/jena/VClassDaoJena.java:[509,24] error: class, interface, or enum expected
[ERROR] /workspaces/master-thesis-pascal-joos/code_cure_agent/cca_workspace/Vitro/api/src/main/java/edu/cornell/mannlib/vitro/webapp/dao/jena/VClassDaoJena.java:[511,24] error: class, interface, or enum expected
[ERROR] /workspaces/master-thesis-pascal-joos/code_cure_agent/cca_workspace/Vitro/api/src/main/java/edu/cornell/mannlib/vitro/webapp/dao/jena/VClassDaoJena.java:[521,32] error: class, interface, or enum expected
[ERROR] /workspaces/master-thesis-pascal-joos/code_cure_agent/cca_workspace/Vitro/api/src/main/java/edu/cornell/mannlib/vitro/webapp/dao/jena/VClassDaoJena.java:[522,28] error: class, interface, or enum expected
[ERROR] /workspaces/master-thesis-pascal-joos/code_cure_agent/cca_workspace/Vitro/api/src/main/java/edu/cornell/mannlib/vitro/webapp/dao/jena/VClassDaoJena.java:[526,63] error: <identifier> expected
[ERROR] /workspaces/master-thesis-pascal-joos/code_cure_agent/cca_workspace/Vitro/api/src/main/java/edu/cornell/mannlib/vitro/webapp/dao/jena/VClassDaoJena.java:[527,41] error: <identifier> expected
[ERROR] /workspaces/master-thesis-pascal-joos/code_cure_agent/cca_workspace/Vitro/api/src/main/java/edu/cornell/mannlib/vitro/webapp/dao/jena/VClassDaoJena.java:[527,53] error: <identifier> expected
[ERROR] /workspaces/master-thesis-pascal-joos/code_cure_agent/cca_workspace/Vitro/api/src/main/java/edu/cornell/mannlib/vitro/webapp/dao/jena/VClassDaoJena.java:[527,68] error: <identifier> expected
[ERROR] /workspaces/master-thesis-pascal-joos/code_cure_agent/cca_workspace/Vitro/api/src/main/java/edu/cornell/mannlib/vitro/webapp/dao/jena/VClassDaoJena.java:[529,18] error: class, interface, or enum expected
[ERROR] /workspaces/master-thesis-pascal-joos/code_cure_agent/cca_workspace/Vitro/api/src/main/java/edu/cornell/mannlib/vitro/webapp/dao/jena/VClassDaoJena.java:[531,16] error: class, interface, or enum expected
[ERROR] /workspaces/master-thesis-pascal-joos/code_cure_agent/cca_workspace/Vitro/api/src/main/java/edu/cornell/mannlib/vitro/webapp/dao/jena/VClassDaoJena.java:[535,8] error: class, interface, or enum expected
[ERROR] /workspaces/master-thesis-pascal-joos/code_cure_agent/cca_workspace/Vitro/api/src/main/java/edu/cornell/mannlib/vitro/webapp/dao/jena/VClassDaoJena.java:[537,4] error: class, interface, or enum expected
[ERROR] /workspaces/master-thesis-pascal-joos/code_cure_agent/cca_workspace/Vitro/api/src/main/java/edu/cornell/mannlib/vitro/webapp/dao/jena/VClassDaoJena.java:[539,11] error: class, interface, or enum expected
[ERROR] /workspaces/master-thesis-pascal-joos/code_cure_agent/cca_workspace/Vitro/api/src/main/java/edu/cornell/mannlib/vitro/webapp/dao/jena/VClassDaoJena.java:[541,4] error: class, interface, or enum expected
[ERROR] /workspaces/master-thesis-pascal-joos/code_cure_agent/cca_workspace/Vitro/api/src/main/java/edu/cornell/mannlib/vitro/webapp/dao/jena/VClassDaoJena.java:[545,8] error: class, interface, or enum expected
[ERROR] /workspaces/master-thesis-pascal-joos/code_cure_agent/cca_workspace/Vitro/api/src/main/java/edu/cornell/mannlib/vitro/webapp/dao/jena/VClassDaoJena.java:[546,8] error: class, interface, or enum expected
[ERROR] /workspaces/master-thesis-pascal-joos/code_cure_agent/cca_workspace/Vitro/api/src/main/java/edu/cornell/mannlib/vitro/webapp/dao/jena/VClassDaoJena.java:[549,12] error: class, interface, or enum expected
[ERROR] /workspaces/master-thesis-pascal-joos/code_cure_agent/cca_workspace/Vitro/api/src/main/java/edu/cornell/mannlib/vitro/webapp/dao/jena/VClassDaoJena.java:[551,16] error: class, interface, or enum expected
[ERROR] /workspaces/master-thesis-pascal-joos/code_cure_agent/cca_workspace/Vitro/api/src/main/java/edu/cornell/mannlib/vitro/webapp/dao/jena/VClassDaoJena.java:[554,16] error: class, interface, or enum expected
[ERROR] /workspaces/master-thesis-pascal-joos/code_cure_agent/cca_workspace/Vitro/api/src/main/java/edu/cornell/mannlib/vitro/webapp/dao/jena/VClassDaoJena.java:[557,8] error: class, interface, or enum expected
[ERROR] /workspaces/master-thesis-pascal-joos/code_cure_agent/cca_workspace/Vitro/api/src/main/java/edu/cornell/mannlib/vitro/webapp/dao/jena/VClassDaoJena.java:[559,8] error: class, interface, or enum expected
[ERROR] /workspaces/master-thesis-pascal-joos/code_cure_agent/cca_workspace/Vitro/api/src/main/java/edu/cornell/mannlib/vitro/webapp/dao/jena/VClassDaoJena.java:[561,4] error: class, interface, or enum expected
[ERROR] /workspaces/master-thesis-pascal-joos/code_cure_agent/cca_workspace/Vitro/api/src/main/java/edu/cornell/mannlib/vitro/webapp/dao/jena/VClassDaoJena.java:[564,11] error: class, interface, or enum expected
[ERROR] /workspaces/master-thesis-pascal-joos/code_cure_agent/cca_workspace/Vitro/api/src/main/java/edu/cornell/mannlib/vitro/webapp/dao/jena/VClassDaoJena.java:[567,8] error: class, interface, or enum expected
[ERROR] /workspaces/master-thesis-pascal-joos/code_cure_agent/cca_workspace/Vitro/api/src/main/java/edu/cornell/mannlib/vitro/webapp/dao/jena/VClassDaoJena.java:[570,8] error: class, interface, or enum expected
[ERROR] /workspaces/master-thesis-pascal-joos/code_cure_agent/cca_workspace/Vitro/api/src/main/java/edu/cornell/mannlib/vitro/webapp/dao/jena/VClassDaoJena.java:[571,8] error: class, interface, or enum expected
[ERROR] /workspaces/master-thesis-pascal-joos/code_cure_agent/cca_workspace/Vitro/api/src/main/java/edu/cornell/mannlib/vitro/webapp/dao/jena/VClassDaoJena.java:[572,8] error: class, interface, or enum expected
[ERROR] /workspaces/master-thesis-pascal-joos/code_cure_agent/cca_workspace/Vitro/api/src/main/java/edu/cornell/mannlib/vitro/webapp/dao/jena/VClassDaoJena.java:[575,12] error: class, interface, or enum expected
[ERROR] /workspaces/master-thesis-pascal-joos/code_cure_agent/cca_workspace/Vitro/api/src/main/java/edu/cornell/mannlib/vitro/webapp/dao/jena/VClassDaoJena.java:[577,16] error: class, interface, or enum expected
[ERROR] /workspaces/master-thesis-pascal-joos/code_cure_agent/cca_workspace/Vitro/api/src/main/java/edu/cornell/mannlib/vitro/webapp/dao/jena/VClassDaoJena.java:[579,20] error: class, interface, or enum expected
[ERROR] /workspaces/master-thesis-pascal-joos/code_cure_agent/cca_workspace/Vitro/api/src/main/java/edu/cornell/mannlib/vitro/webapp/dao/jena/VClassDaoJena.java:[581,20] error: class, interface, or enum expected
[ERROR] /workspaces/master-thesis-pascal-joos/code_cure_agent/cca_workspace/Vitro/api/src/main/java/edu/cornell/mannlib/vitro/webapp/dao/jena/VClassDaoJena.java:[584,28] error: class, interface, or enum expected
[ERROR] /workspaces/master-thesis-pascal-joos/code_cure_agent/cca_workspace/Vitro/api/src/main/java/edu/cornell/mannlib/vitro/webapp/dao/jena/VClassDaoJena.java:[589,32] error: class, interface, or enum expected
[ERROR] /workspaces/master-thesis-pascal-joos/code_cure_agent/cca_workspace/Vitro/api/src/main/java/edu/cornell/mannlib/vitro/webapp/dao/jena/VClassDaoJena.java:[590,28] error: class, interface, or enum expected
[ERROR] /workspaces/master-thesis-pascal-joos/code_cure_agent/cca_workspace/Vitro/api/src/main/java/edu/cornell/mannlib/vitro/webapp/dao/jena/VClassDaoJena.java:[594,20] error: class, interface, or enum expected
[ERROR] /workspaces/master-thesis-pascal-joos/code_cure_agent/cca_workspace/Vitro/api/src/main/java/edu/cornell/mannlib/vitro/webapp/dao/jena/VClassDaoJena.java:[595,61] error: <identifier> expected
[ERROR] /workspaces/master-thesis-pascal-joos/code_cure_agent/cca_workspace/Vitro/api/src/main/java/edu/cornell/mannlib/vitro/webapp/dao/jena/VClassDaoJena.java:[596,47] error: <identifier> expected
[ERROR] /workspaces/master-thesis-pascal-joos/code_cure_agent/cca_workspace/Vitro/api/src/main/java/edu/cornell/mannlib/vitro/webapp/dao/jena/VClassDaoJena.java:[596,48] error: illegal start of type
[ERROR] /workspaces/master-thesis-pascal-joos/code_cure_agent/cca_workspace/Vitro/api/src/main/java/edu/cornell/mannlib/vitro/webapp/dao/jena/VClassDaoJena.java:[597,69] error: <identifier> expected
[ERROR] /workspaces/master-thesis-pascal-joos/code_cure_agent/cca_workspace/Vitro/api/src/main/java/edu/cornell/mannlib/vitro/webapp/dao/jena/VClassDaoJena.java:[601,12] error: class, interface, or enum expected
[ERROR] /workspaces/master-thesis-pascal-joos/code_cure_agent/cca_workspace/Vitro/api/src/main/java/edu/cornell/mannlib/vitro/webapp/dao/jena/VClassDaoJena.java:[604,8] error: class, interface, or enum expected
[ERROR] /workspaces/master-thesis-pascal-joos/code_cure_agent/cca_workspace/Vitro/api/src/main/java/edu/cornell/mannlib/vitro/webapp/dao/jena/VClassDaoJena.java:[606,4] error: class, interface, or enum expected
[ERROR] /workspaces/master-thesis-pascal-joos/code_cure_agent/cca_workspace/Vitro/api/src/main/java/edu/cornell/mannlib/vitro/webapp/dao/jena/VClassDaoJena.java:[608,11] error: class, interface, or enum expected
[ERROR] /workspaces/master-thesis-pascal-joos/code_cure_agent/cca_workspace/Vitro/api/src/main/java/edu/cornell/mannlib/vitro/webapp/dao/jena/VClassDaoJena.java:[610,8] error: class, interface, or enum expected
[ERROR] /workspaces/master-thesis-pascal-joos/code_cure_agent/cca_workspace/Vitro/api/src/main/java/edu/cornell/mannlib/vitro/webapp/dao/jena/VClassDaoJena.java:[611,8] error: class, interface, or enum expected
[ERROR] /workspaces/master-thesis-pascal-joos/code_cure_agent/cca_workspace/Vitro/api/src/main/java/edu/cornell/mannlib/vitro/webapp/dao/jena/VClassDaoJena.java:[613,12] error: class, interface, or enum expected
[ERROR] /workspaces/master-thesis-pascal-joos/code_cure_agent/cca_workspace/Vitro/api/src/main/java/edu/cornell/mannlib/vitro/webapp/dao/jena/VClassDaoJena.java:[615,16] error: class, interface, or enum expected
[ERROR] /workspaces/master-thesis-pascal-joos/code_cure_agent/cca_workspace/Vitro/api/src/main/java/edu/cornell/mannlib/vitro/webapp/dao/jena/VClassDaoJena.java:[616,12] error: class, interface, or enum expected
[ERROR] /workspaces/master-thesis-pascal-joos/code_cure_agent/cca_workspace/Vitro/api/src/main/java/edu/cornell/mannlib/vitro/webapp/dao/jena/VClassDaoJena.java:[620,12] error: class, interface, or enum expected
[ERROR] /workspaces/master-thesis-pascal-joos/code_cure_agent/cca_workspace/Vitro/api/src/main/java/edu/cornell/mannlib/vitro/webapp/dao/jena/VClassDaoJena.java:[622,12] error: class, interface, or enum expected
[ERROR] /workspaces/master-thesis-pascal-joos/code_cure_agent/cca_workspace/Vitro/api/src/main/java/edu/cornell/mannlib/vitro/webapp/dao/jena/VClassDaoJena.java:[625,4] error: class, interface, or enum expected
[ERROR] /workspaces/master-thesis-pascal-joos/code_cure_agent/cca_workspace/Vitro/api/src/main/java/edu/cornell/mannlib/vitro/webapp/dao/jena/VClassDaoJena.java:[627,11] error: class, interface, or enum expected
[ERROR] /workspaces/master-thesis-pascal-joos/code_cure_agent/cca_workspace/Vitro/api/src/main/java/edu/cornell/mannlib/vitro/webapp/dao/jena/VClassDaoJena.java:[629,8] error: class, interface, or enum expected
[ERROR] /workspaces/master-thesis-pascal-joos/code_cure_agent/cca_workspace/Vitro/api/src/main/java/edu/cornell/mannlib/vitro/webapp/dao/jena/VClassDaoJena.java:[630,8] error: class, interface, or enum expected
[ERROR] /workspaces/master-thesis-pascal-joos/code_cure_agent/cca_workspace/Vitro/api/src/main/java/edu/cornell/mannlib/vitro/webapp/dao/jena/VClassDaoJena.java:[632,12] error: class, interface, or enum expected
[ERROR] /workspaces/master-thesis-pascal-joos/code_cure_agent/cca_workspace/Vitro/api/src/main/java/edu/cornell/mannlib/vitro/webapp/dao/jena/VClassDaoJena.java:[634,16] error: class, interface, or enum expected
[ERROR] /workspaces/master-thesis-pascal-joos/code_cure_agent/cca_workspace/Vitro/api/src/main/java/edu/cornell/mannlib/vitro/webapp/dao/jena/VClassDaoJena.java:[635,12] error: class, interface, or enum expected
[ERROR] /workspaces/master-thesis-pascal-joos/code_cure_agent/cca_workspace/Vitro/api/src/main/java/edu/cornell/mannlib/vitro/webapp/dao/jena/VClassDaoJena.java:[640,12] error: class, interface, or enum expected
[ERROR] /workspaces/master-thesis-pascal-joos/code_cure_agent/cca_workspace/Vitro/api/src/main/java/edu/cornell/mannlib/vitro/webapp/dao/jena/VClassDaoJena.java:[641,12] error: class, interface, or enum expected
[ERROR] /workspaces/master-thesis-pascal-joos/code_cure_agent/cca_workspace/Vitro/api/src/main/java/edu/cornell/mannlib/vitro/webapp/dao/jena/VClassDaoJena.java:[644,12] error: class, interface, or enum expected
[ERROR] /workspaces/master-thesis-pascal-joos/code_cure_agent/cca_workspace/Vitro/api/src/main/java/edu/cornell/mannlib/vitro/webapp/dao/jena/VClassDaoJena.java:[646,12] error: class, interface, or enum expected
[ERROR] /workspaces/master-thesis-pascal-joos/code_cure_agent/cca_workspace/Vitro/api/src/main/java/edu/cornell/mannlib/vitro/webapp/dao/jena/VClassDaoJena.java:[649,4] error: class, interface, or enum expected
[ERROR] /workspaces/master-thesis-pascal-joos/code_cure_agent/cca_workspace/Vitro/api/src/main/java/edu/cornell/mannlib/vitro/webapp/dao/jena/VClassDaoJena.java:[653,8] error: class, interface, or enum expected
[ERROR] /workspaces/master-thesis-pascal-joos/code_cure_agent/cca_workspace/Vitro/api/src/main/java/edu/cornell/mannlib/vitro/webapp/dao/jena/VClassDaoJena.java:[654,8] error: class, interface, or enum expected
[ERROR] /workspaces/master-thesis-pascal-joos/code_cure_agent/cca_workspace/Vitro/api/src/main/java/edu/cornell/mannlib/vitro/webapp/dao/jena/VClassDaoJena.java:[656,12] error: class, interface, or enum expected
[ERROR] /workspaces/master-thesis-pascal-joos/code_cure_agent/cca_workspace/Vitro/api/src/main/java/edu/cornell/mannlib/vitro/webapp/dao/jena/VClassDaoJena.java:[658,12] error: class, interface, or enum expected
[ERROR] /workspaces/master-thesis-pascal-joos/code_cure_agent/cca_workspace/Vitro/api/src/main/java/edu/cornell/mannlib/vitro/webapp/dao/jena/VClassDaoJena.java:[661,4] error: class, interface, or enum expected
[ERROR] /workspaces/master-thesis-pascal-joos/code_cure_agent/cca_workspace/Vitro/api/src/main/java/edu/cornell/mannlib/vitro/webapp/dao/jena/VClassDaoJena.java:[663,11] error: class, interface, or enum expected
[ERROR] /workspaces/master-thesis-pascal-joos/code_cure_agent/cca_workspace/Vitro/api/src/main/java/edu/cornell/mannlib/vitro/webapp/dao/jena/VClassDaoJena.java:[665,8] error: class, interface, or enum expected
[ERROR] /workspaces/master-thesis-pascal-joos/code_cure_agent/cca_workspace/Vitro/api/src/main/java/edu/cornell/mannlib/vitro/webapp/dao/jena/VClassDaoJena.java:[667,8] error: class, interface, or enum expected
[ERROR] /workspaces/master-thesis-pascal-joos/code_cure_agent/cca_workspace/Vitro/api/src/main/java/edu/cornell/mannlib/vitro/webapp/dao/jena/VClassDaoJena.java:[669,8] error: class, interface, or enum expected
[ERROR] /workspaces/master-thesis-pascal-joos/code_cure_agent/cca_workspace/Vitro/api/src/main/java/edu/cornell/mannlib/vitro/webapp/dao/jena/VClassDaoJena.java:[672,12] error: class, interface, or enum expected
[ERROR] -> [Help 1]
[ERROR] 
[ERROR] To see the full stack trace of the errors, re-run Maven with the -e switch.
[ERROR] Re-run Maven using the -X switch to enable full debug logging.
[ERROR] 
[ERROR] For more information about the errors and possible solutions, please read the following articles:
[ERROR] [Help 1] http://cwiki.apache.org/confluence/display/MAVEN/MojoFailureException
[ERROR] 
[ERROR] After correcting the problems, you can resume the build with the command
[ERROR]   mvn <args> -rf :vitro-api
