[INFO] Scanning for projects...
[INFO] Inspecting build with total of 1 modules...
[INFO] Installing Nexus Staging features:
[INFO]   ... total of 1 executions of maven-deploy-plugin replaced with nexus-staging-maven-plugin
[INFO] 
[INFO] ----------------< com.networknt:json-schema-validator >-----------------
[INFO] Building JsonSchemaValidator 1.0.44
[INFO] -------------------------------[ bundle ]-------------------------------
[INFO] 
[INFO] --- maven-clean-plugin:2.5:clean (default-clean) @ json-schema-validator ---
[INFO] 
[INFO] --- jacoco-maven-plugin:0.8.6:prepare-agent (pre-unit-test) @ json-schema-validator ---
[INFO] argLine set to -javaagent:/home/vscode/.m2/repository/org/jacoco/org.jacoco.agent/0.8.6/org.jacoco.agent-0.8.6-runtime.jar=destfile=/workspaces/master-thesis-pascal-joos/code_cure_agent/cca_workspace/json-schema-validator/target/coverage-reports/jacoco-ut.exec
[INFO] 
[INFO] --- maven-resources-plugin:3.3.1:resources (default-resources) @ json-schema-validator ---
[INFO] Copying 1 resource from src/main/resources to target/classes
[INFO] 
[INFO] --- maven-compiler-plugin:3.6.1:compile (default-compile) @ json-schema-validator ---
[INFO] Changes detected - recompiling the module!
[INFO] Compiling 92 source files to /workspaces/master-thesis-pascal-joos/code_cure_agent/cca_workspace/json-schema-validator/target/classes
[INFO] -------------------------------------------------------------
[ERROR] COMPILATION ERROR : 
[INFO] -------------------------------------------------------------
[ERROR] /workspaces/master-thesis-pascal-joos/code_cure_agent/cca_workspace/json-schema-validator/src/main/java/com/networknt/schema/PropertiesValidator.java:[37,31] diamond operator is not supported in -source 6
  (use -source 7 or higher to enable diamond operator)
[INFO] 1 error
[INFO] -------------------------------------------------------------
[INFO] ------------------------------------------------------------------------
[INFO] BUILD FAILURE
[INFO] ------------------------------------------------------------------------
[INFO] Total time:  1.983 s
[INFO] Finished at: 2025-08-29T21:13:08Z
[INFO] ------------------------------------------------------------------------
[ERROR] Failed to execute goal org.apache.maven.plugins:maven-compiler-plugin:3.6.1:compile (default-compile) on project json-schema-validator: Compilation failure
[ERROR] /workspaces/master-thesis-pascal-joos/code_cure_agent/cca_workspace/json-schema-validator/src/main/java/com/networknt/schema/PropertiesValidator.java:[37,31] diamond operator is not supported in -source 6
[ERROR]   (use -source 7 or higher to enable diamond operator)
[ERROR] -> [Help 1]
[ERROR] 
[ERROR] To see the full stack trace of the errors, re-run Maven with the -e switch.
[ERROR] Re-run Maven using the -X switch to enable full debug logging.
[ERROR] 
[ERROR] For more information about the errors and possible solutions, please read the following articles:
[ERROR] [Help 1] http://cwiki.apache.org/confluence/display/MAVEN/MojoFailureException
