[INFO] Scanning for projects...
[INFO] 
[INFO] ----------------------< org.apache.joshua:joshua >----------------------
[INFO] Building Apache Joshua Machine Translation Toolkit 6.3-SNAPSHOT
[INFO] --------------------------------[ jar ]---------------------------------
[INFO] 
[INFO] --- maven-clean-plugin:3.0.0:clean (default-clean) @ joshua ---
[INFO] Deleting /workspaces/xxxx/code_cure_agent/cca_workspace/joshua/target
[INFO] 
[INFO] --- maven-remote-resources-plugin:1.5:process (process-resource-bundles) @ joshua ---
[INFO] 
[INFO] --- maven-resources-plugin:2.7:resources (default-resources) @ joshua ---
[INFO] Using 'UTF-8' encoding to copy filtered resources.
[INFO] Copying 1 resource
[INFO] Copying 3 resources
[INFO] 
[INFO] --- maven-compiler-plugin:3.5.1:compile (default-compile) @ joshua ---
[INFO] Changes detected - recompiling the module!
[INFO] Compiling 259 source files to /workspaces/xxxx/code_cure_agent/cca_workspace/joshua/target/classes
[INFO] /workspaces/xxxx/code_cure_agent/cca_workspace/joshua/src/main/java/org/apache/joshua/ui/tree_visualizer/DerivationViewerApplet.java: Some input files use or override a deprecated API.
[INFO] /workspaces/xxxx/code_cure_agent/cca_workspace/joshua/src/main/java/org/apache/joshua/ui/tree_visualizer/DerivationViewerApplet.java: Recompile with -Xlint:deprecation for details.
[INFO] /workspaces/xxxx/code_cure_agent/cca_workspace/joshua/src/main/java/org/apache/joshua/decoder/chart_parser/Chart.java: Some input files use unchecked or unsafe operations.
[INFO] /workspaces/xxxx/code_cure_agent/cca_workspace/joshua/src/main/java/org/apache/joshua/decoder/chart_parser/Chart.java: Recompile with -Xlint:unchecked for details.
[INFO] -------------------------------------------------------------
[ERROR] COMPILATION ERROR : 
[INFO] -------------------------------------------------------------
[ERROR] /workspaces/xxxx/code_cure_agent/cca_workspace/joshua/src/main/java/org/apache/joshua/zmert/MertCore.java:[1469,21] cannot find symbol
  symbol:   class DecoderException
  location: class org.apache.joshua.zmert.MertCore
[ERROR] /workspaces/xxxx/code_cure_agent/cca_workspace/joshua/src/main/java/org/apache/joshua/zmert/MertCore.java:[1473,19] cannot find symbol
  symbol:   class DecoderException
  location: class org.apache.joshua.zmert.MertCore
[ERROR] /workspaces/xxxx/code_cure_agent/cca_workspace/joshua/src/main/java/org/apache/joshua/zmert/MertCore.java:[1583,17] cannot find symbol
  symbol:   class DecoderException
  location: class org.apache.joshua.zmert.MertCore
[ERROR] /workspaces/xxxx/code_cure_agent/cca_workspace/joshua/src/main/java/org/apache/joshua/zmert/MertCore.java:[1619,17] cannot find symbol
  symbol:   class DecoderException
  location: class org.apache.joshua.zmert.MertCore
[ERROR] /workspaces/xxxx/code_cure_agent/cca_workspace/joshua/src/main/java/org/apache/joshua/zmert/MertCore.java:[1629,17] cannot find symbol
  symbol:   class ParamFileException
  location: class org.apache.joshua.zmert.MertCore
[ERROR] /workspaces/xxxx/code_cure_agent/cca_workspace/joshua/src/main/java/org/apache/joshua/zmert/MertCore.java:[1655,19] cannot find symbol
  symbol:   class ParamFileException
  location: class org.apache.joshua.zmert.MertCore
[ERROR] /workspaces/xxxx/code_cure_agent/cca_workspace/joshua/src/main/java/org/apache/joshua/zmert/MertCore.java:[1672,21] cannot find symbol
  symbol:   class ParamFileException
  location: class org.apache.joshua.zmert.MertCore
[ERROR] /workspaces/xxxx/code_cure_agent/cca_workspace/joshua/src/main/java/org/apache/joshua/zmert/MertCore.java:[1681,21] cannot find symbol
  symbol:   class ParamFileException
  location: class org.apache.joshua.zmert.MertCore
[ERROR] /workspaces/xxxx/code_cure_agent/cca_workspace/joshua/src/main/java/org/apache/joshua/zmert/MertCore.java:[1693,21] cannot find symbol
  symbol:   class ParamFileException
  location: class org.apache.joshua.zmert.MertCore
[ERROR] /workspaces/xxxx/code_cure_agent/cca_workspace/joshua/src/main/java/org/apache/joshua/zmert/MertCore.java:[1700,21] cannot find symbol
  symbol:   class ParamFileException
  location: class org.apache.joshua.zmert.MertCore
[ERROR] /workspaces/xxxx/code_cure_agent/cca_workspace/joshua/src/main/java/org/apache/joshua/zmert/MertCore.java:[1708,21] cannot find symbol
  symbol:   class ParamFileException
  location: class org.apache.joshua.zmert.MertCore
[ERROR] /workspaces/xxxx/code_cure_agent/cca_workspace/joshua/src/main/java/org/apache/joshua/zmert/MertCore.java:[1712,21] cannot find symbol
  symbol:   class ParamFileException
  location: class org.apache.joshua.zmert.MertCore
[ERROR] /workspaces/xxxx/code_cure_agent/cca_workspace/joshua/src/main/java/org/apache/joshua/zmert/MertCore.java:[1785,19] cannot find symbol
  symbol:   class ParamFileException
  location: class org.apache.joshua.zmert.MertCore
[ERROR] /workspaces/xxxx/code_cure_agent/cca_workspace/joshua/src/main/java/org/apache/joshua/zmert/MertCore.java:[1788,19] cannot find symbol
  symbol:   class ParamFileException
  location: class org.apache.joshua.zmert.MertCore
[ERROR] /workspaces/xxxx/code_cure_agent/cca_workspace/joshua/src/main/java/org/apache/joshua/zmert/MertCore.java:[1796,19] cannot find symbol
  symbol:   class ParamFileException
  location: class org.apache.joshua.zmert.MertCore
[ERROR] /workspaces/xxxx/code_cure_agent/cca_workspace/joshua/src/main/java/org/apache/joshua/zmert/MertCore.java:[1804,19] cannot find symbol
  symbol:   class ParamFileException
  location: class org.apache.joshua.zmert.MertCore
[ERROR] /workspaces/xxxx/code_cure_agent/cca_workspace/joshua/src/main/java/org/apache/joshua/zmert/MertCore.java:[1813,19] cannot find symbol
  symbol:   class ParamFileException
  location: class org.apache.joshua.zmert.MertCore
[ERROR] /workspaces/xxxx/code_cure_agent/cca_workspace/joshua/src/main/java/org/apache/joshua/zmert/MertCore.java:[1818,17] cannot find symbol
  symbol:   class ParamFileException
  location: class org.apache.joshua.zmert.MertCore
[INFO] 18 errors 
[INFO] -------------------------------------------------------------
[INFO] ------------------------------------------------------------------------
[INFO] BUILD FAILURE
[INFO] ------------------------------------------------------------------------
[INFO] Total time:  5.032 s
[INFO] Finished at: 2025-08-30T08:48:58Z
[INFO] ------------------------------------------------------------------------
[ERROR] Failed to execute goal org.apache.maven.plugins:maven-compiler-plugin:3.5.1:compile (default-compile) on project joshua: Compilation failure: Compilation failure: 
[ERROR] /workspaces/xxxx/code_cure_agent/cca_workspace/joshua/src/main/java/org/apache/joshua/zmert/MertCore.java:[1469,21] cannot find symbol
[ERROR]   symbol:   class DecoderException
[ERROR]   location: class org.apache.joshua.zmert.MertCore
[ERROR] /workspaces/xxxx/code_cure_agent/cca_workspace/joshua/src/main/java/org/apache/joshua/zmert/MertCore.java:[1473,19] cannot find symbol
[ERROR]   symbol:   class DecoderException
[ERROR]   location: class org.apache.joshua.zmert.MertCore
[ERROR] /workspaces/xxxx/code_cure_agent/cca_workspace/joshua/src/main/java/org/apache/joshua/zmert/MertCore.java:[1583,17] cannot find symbol
[ERROR]   symbol:   class DecoderException
[ERROR]   location: class org.apache.joshua.zmert.MertCore
[ERROR] /workspaces/xxxx/code_cure_agent/cca_workspace/joshua/src/main/java/org/apache/joshua/zmert/MertCore.java:[1619,17] cannot find symbol
[ERROR]   symbol:   class DecoderException
[ERROR]   location: class org.apache.joshua.zmert.MertCore
[ERROR] /workspaces/xxxx/code_cure_agent/cca_workspace/joshua/src/main/java/org/apache/joshua/zmert/MertCore.java:[1629,17] cannot find symbol
[ERROR]   symbol:   class ParamFileException
[ERROR]   location: class org.apache.joshua.zmert.MertCore
[ERROR] /workspaces/xxxx/code_cure_agent/cca_workspace/joshua/src/main/java/org/apache/joshua/zmert/MertCore.java:[1655,19] cannot find symbol
[ERROR]   symbol:   class ParamFileException
[ERROR]   location: class org.apache.joshua.zmert.MertCore
[ERROR] /workspaces/xxxx/code_cure_agent/cca_workspace/joshua/src/main/java/org/apache/joshua/zmert/MertCore.java:[1672,21] cannot find symbol
[ERROR]   symbol:   class ParamFileException
[ERROR]   location: class org.apache.joshua.zmert.MertCore
[ERROR] /workspaces/xxxx/code_cure_agent/cca_workspace/joshua/src/main/java/org/apache/joshua/zmert/MertCore.java:[1681,21] cannot find symbol
[ERROR]   symbol:   class ParamFileException
[ERROR]   location: class org.apache.joshua.zmert.MertCore
[ERROR] /workspaces/xxxx/code_cure_agent/cca_workspace/joshua/src/main/java/org/apache/joshua/zmert/MertCore.java:[1693,21] cannot find symbol
[ERROR]   symbol:   class ParamFileException
[ERROR]   location: class org.apache.joshua.zmert.MertCore
[ERROR] /workspaces/xxxx/code_cure_agent/cca_workspace/joshua/src/main/java/org/apache/joshua/zmert/MertCore.java:[1700,21] cannot find symbol
[ERROR]   symbol:   class ParamFileException
[ERROR]   location: class org.apache.joshua.zmert.MertCore
[ERROR] /workspaces/xxxx/code_cure_agent/cca_workspace/joshua/src/main/java/org/apache/joshua/zmert/MertCore.java:[1708,21] cannot find symbol
[ERROR]   symbol:   class ParamFileException
[ERROR]   location: class org.apache.joshua.zmert.MertCore
[ERROR] /workspaces/xxxx/code_cure_agent/cca_workspace/joshua/src/main/java/org/apache/joshua/zmert/MertCore.java:[1712,21] cannot find symbol
[ERROR]   symbol:   class ParamFileException
[ERROR]   location: class org.apache.joshua.zmert.MertCore
[ERROR] /workspaces/xxxx/code_cure_agent/cca_workspace/joshua/src/main/java/org/apache/joshua/zmert/MertCore.java:[1785,19] cannot find symbol
[ERROR]   symbol:   class ParamFileException
[ERROR]   location: class org.apache.joshua.zmert.MertCore
[ERROR] /workspaces/xxxx/code_cure_agent/cca_workspace/joshua/src/main/java/org/apache/joshua/zmert/MertCore.java:[1788,19] cannot find symbol
[ERROR]   symbol:   class ParamFileException
[ERROR]   location: class org.apache.joshua.zmert.MertCore
[ERROR] /workspaces/xxxx/code_cure_agent/cca_workspace/joshua/src/main/java/org/apache/joshua/zmert/MertCore.java:[1796,19] cannot find symbol
[ERROR]   symbol:   class ParamFileException
[ERROR]   location: class org.apache.joshua.zmert.MertCore
[ERROR] /workspaces/xxxx/code_cure_agent/cca_workspace/joshua/src/main/java/org/apache/joshua/zmert/MertCore.java:[1804,19] cannot find symbol
[ERROR]   symbol:   class ParamFileException
[ERROR]   location: class org.apache.joshua.zmert.MertCore
[ERROR] /workspaces/xxxx/code_cure_agent/cca_workspace/joshua/src/main/java/org/apache/joshua/zmert/MertCore.java:[1813,19] cannot find symbol
[ERROR]   symbol:   class ParamFileException
[ERROR]   location: class org.apache.joshua.zmert.MertCore
[ERROR] /workspaces/xxxx/code_cure_agent/cca_workspace/joshua/src/main/java/org/apache/joshua/zmert/MertCore.java:[1818,17] cannot find symbol
[ERROR]   symbol:   class ParamFileException
[ERROR]   location: class org.apache.joshua.zmert.MertCore
[ERROR] -> [Help 1]
[ERROR] 
[ERROR] To see the full stack trace of the errors, re-run Maven with the -e switch.
[ERROR] Re-run Maven using the -X switch to enable full debug logging.
[ERROR] 
[ERROR] For more information about the errors and possible solutions, please read the following articles:
[ERROR] [Help 1] http://cwiki.apache.org/confluence/display/MAVEN/MojoFailureException
