[INFO] Scanning for projects...
[INFO] 
[INFO] ----------------------< org.apache.joshua:joshua >----------------------
[INFO] Building Apache Joshua Machine Translation Toolkit 6.3-SNAPSHOT
[INFO] --------------------------------[ jar ]---------------------------------
[INFO] 
[INFO] --- maven-clean-plugin:3.0.0:clean (default-clean) @ joshua ---
[INFO] 
[INFO] --- maven-remote-resources-plugin:1.5:process (process-resource-bundles) @ joshua ---
[INFO] 
[INFO] --- maven-resources-plugin:2.7:resources (default-resources) @ joshua ---
[INFO] Using 'UTF-8' encoding to copy filtered resources.
[INFO] Copying 1 resource
[INFO] Copying 3 resources
[INFO] 
[INFO] --- maven-compiler-plugin:3.5.1:compile (default-compile) @ joshua ---
[INFO] Changes detected - recompiling the module!
[INFO] Compiling 259 source files to /workspaces/master-thesis-pascal-joos/code_cure_agent/cca_workspace/joshua/target/classes
[INFO] -------------------------------------------------------------
[ERROR] COMPILATION ERROR : 
[INFO] -------------------------------------------------------------
[ERROR] /workspaces/master-thesis-pascal-joos/code_cure_agent/cca_workspace/joshua/src/main/java/org/apache/joshua/zmert/MertCore.java:[1854,1] illegal character: '`'
[ERROR] /workspaces/master-thesis-pascal-joos/code_cure_agent/cca_workspace/joshua/src/main/java/org/apache/joshua/zmert/MertCore.java:[1854,2] illegal character: '`'
[ERROR] /workspaces/master-thesis-pascal-joos/code_cure_agent/cca_workspace/joshua/src/main/java/org/apache/joshua/zmert/MertCore.java:[1854,3] illegal character: '`'
[ERROR] /workspaces/master-thesis-pascal-joos/code_cure_agent/cca_workspace/joshua/src/main/java/org/apache/joshua/zmert/MertCore.java:[1856,11] ';' expected
[ERROR] /workspaces/master-thesis-pascal-joos/code_cure_agent/cca_workspace/joshua/src/main/java/org/apache/joshua/zmert/MertCore.java:[1856,21] ';' expected
[ERROR] /workspaces/master-thesis-pascal-joos/code_cure_agent/cca_workspace/joshua/src/main/java/org/apache/joshua/zmert/MertCore.java:[1856,29] ';' expected
[ERROR] /workspaces/master-thesis-pascal-joos/code_cure_agent/cca_workspace/joshua/src/main/java/org/apache/joshua/zmert/MertCore.java:[1856,42] ';' expected
[ERROR] /workspaces/master-thesis-pascal-joos/code_cure_agent/cca_workspace/joshua/src/main/java/org/apache/joshua/zmert/MertCore.java:[1856,59] ';' expected
[ERROR] /workspaces/master-thesis-pascal-joos/code_cure_agent/cca_workspace/joshua/src/main/java/org/apache/joshua/zmert/MertCore.java:[1856,60] not a statement
[ERROR] /workspaces/master-thesis-pascal-joos/code_cure_agent/cca_workspace/joshua/src/main/java/org/apache/joshua/zmert/MertCore.java:[1856,67] ';' expected
[ERROR] /workspaces/master-thesis-pascal-joos/code_cure_agent/cca_workspace/joshua/src/main/java/org/apache/joshua/zmert/MertCore.java:[1856,73] <identifier> expected
[ERROR] /workspaces/master-thesis-pascal-joos/code_cure_agent/cca_workspace/joshua/src/main/java/org/apache/joshua/zmert/MertCore.java:[1856,72] not a statement
[ERROR] /workspaces/master-thesis-pascal-joos/code_cure_agent/cca_workspace/joshua/src/main/java/org/apache/joshua/zmert/MertCore.java:[1856,75] illegal character: '`'
[ERROR] /workspaces/master-thesis-pascal-joos/code_cure_agent/cca_workspace/joshua/src/main/java/org/apache/joshua/zmert/MertCore.java:[1856,92] illegal character: '`'
[ERROR] /workspaces/master-thesis-pascal-joos/code_cure_agent/cca_workspace/joshua/src/main/java/org/apache/joshua/zmert/MertCore.java:[1856,76] not a statement
[ERROR] /workspaces/master-thesis-pascal-joos/code_cure_agent/cca_workspace/joshua/src/main/java/org/apache/joshua/zmert/MertCore.java:[1856,95] illegal character: '`'
[ERROR] /workspaces/master-thesis-pascal-joos/code_cure_agent/cca_workspace/joshua/src/main/java/org/apache/joshua/zmert/MertCore.java:[1856,114] illegal character: '`'
[ERROR] /workspaces/master-thesis-pascal-joos/code_cure_agent/cca_workspace/joshua/src/main/java/org/apache/joshua/zmert/MertCore.java:[1856,96] not a statement
[ERROR] /workspaces/master-thesis-pascal-joos/code_cure_agent/cca_workspace/joshua/src/main/java/org/apache/joshua/zmert/MertCore.java:[1856,117] illegal character: '`'
[ERROR] /workspaces/master-thesis-pascal-joos/code_cure_agent/cca_workspace/joshua/src/main/java/org/apache/joshua/zmert/MertCore.java:[1856,140] illegal character: '`'
[ERROR] /workspaces/master-thesis-pascal-joos/code_cure_agent/cca_workspace/joshua/src/main/java/org/apache/joshua/zmert/MertCore.java:[1856,118] not a statement
[ERROR] /workspaces/master-thesis-pascal-joos/code_cure_agent/cca_workspace/joshua/src/main/java/org/apache/joshua/zmert/MertCore.java:[1856,143] illegal character: '`'
[ERROR] /workspaces/master-thesis-pascal-joos/code_cure_agent/cca_workspace/joshua/src/main/java/org/apache/joshua/zmert/MertCore.java:[1856,167] illegal character: '`'
[ERROR] /workspaces/master-thesis-pascal-joos/code_cure_agent/cca_workspace/joshua/src/main/java/org/apache/joshua/zmert/MertCore.java:[1856,144] not a statement
[ERROR] /workspaces/master-thesis-pascal-joos/code_cure_agent/cca_workspace/joshua/src/main/java/org/apache/joshua/zmert/MertCore.java:[1856,179] illegal character: '`'
[ERROR] /workspaces/master-thesis-pascal-joos/code_cure_agent/cca_workspace/joshua/src/main/java/org/apache/joshua/zmert/MertCore.java:[1856,169] not a statement
[ERROR] /workspaces/master-thesis-pascal-joos/code_cure_agent/cca_workspace/joshua/src/main/java/org/apache/joshua/zmert/MertCore.java:[1856,196] illegal character: '`'
[ERROR] /workspaces/master-thesis-pascal-joos/code_cure_agent/cca_workspace/joshua/src/main/java/org/apache/joshua/zmert/MertCore.java:[1856,180] not a statement
[ERROR] /workspaces/master-thesis-pascal-joos/code_cure_agent/cca_workspace/joshua/src/main/java/org/apache/joshua/zmert/MertCore.java:[1856,212] ';' expected
[ERROR] /workspaces/master-thesis-pascal-joos/code_cure_agent/cca_workspace/joshua/src/main/java/org/apache/joshua/zmert/MertCore.java:[1856,232] ';' expected
[ERROR] /workspaces/master-thesis-pascal-joos/code_cure_agent/cca_workspace/joshua/src/main/java/org/apache/joshua/zmert/MertCore.java:[1856,245] ';' expected
[ERROR] /workspaces/master-thesis-pascal-joos/code_cure_agent/cca_workspace/joshua/src/main/java/org/apache/joshua/zmert/MertCore.java:[1856,255] ';' expected
[INFO] 32 errors 
[INFO] -------------------------------------------------------------
[INFO] ------------------------------------------------------------------------
[INFO] BUILD FAILURE
[INFO] ------------------------------------------------------------------------
[INFO] Total time:  2.073 s
[INFO] Finished at: 2025-08-30T08:48:45Z
[INFO] ------------------------------------------------------------------------
[ERROR] Failed to execute goal org.apache.maven.plugins:maven-compiler-plugin:3.5.1:compile (default-compile) on project joshua: Compilation failure: Compilation failure: 
[ERROR] /workspaces/master-thesis-pascal-joos/code_cure_agent/cca_workspace/joshua/src/main/java/org/apache/joshua/zmert/MertCore.java:[1854,1] illegal character: '`'
[ERROR] /workspaces/master-thesis-pascal-joos/code_cure_agent/cca_workspace/joshua/src/main/java/org/apache/joshua/zmert/MertCore.java:[1854,2] illegal character: '`'
[ERROR] /workspaces/master-thesis-pascal-joos/code_cure_agent/cca_workspace/joshua/src/main/java/org/apache/joshua/zmert/MertCore.java:[1854,3] illegal character: '`'
[ERROR] /workspaces/master-thesis-pascal-joos/code_cure_agent/cca_workspace/joshua/src/main/java/org/apache/joshua/zmert/MertCore.java:[1856,11] ';' expected
[ERROR] /workspaces/master-thesis-pascal-joos/code_cure_agent/cca_workspace/joshua/src/main/java/org/apache/joshua/zmert/MertCore.java:[1856,21] ';' expected
[ERROR] /workspaces/master-thesis-pascal-joos/code_cure_agent/cca_workspace/joshua/src/main/java/org/apache/joshua/zmert/MertCore.java:[1856,29] ';' expected
[ERROR] /workspaces/master-thesis-pascal-joos/code_cure_agent/cca_workspace/joshua/src/main/java/org/apache/joshua/zmert/MertCore.java:[1856,42] ';' expected
[ERROR] /workspaces/master-thesis-pascal-joos/code_cure_agent/cca_workspace/joshua/src/main/java/org/apache/joshua/zmert/MertCore.java:[1856,59] ';' expected
[ERROR] /workspaces/master-thesis-pascal-joos/code_cure_agent/cca_workspace/joshua/src/main/java/org/apache/joshua/zmert/MertCore.java:[1856,60] not a statement
[ERROR] /workspaces/master-thesis-pascal-joos/code_cure_agent/cca_workspace/joshua/src/main/java/org/apache/joshua/zmert/MertCore.java:[1856,67] ';' expected
[ERROR] /workspaces/master-thesis-pascal-joos/code_cure_agent/cca_workspace/joshua/src/main/java/org/apache/joshua/zmert/MertCore.java:[1856,73] <identifier> expected
[ERROR] /workspaces/master-thesis-pascal-joos/code_cure_agent/cca_workspace/joshua/src/main/java/org/apache/joshua/zmert/MertCore.java:[1856,72] not a statement
[ERROR] /workspaces/master-thesis-pascal-joos/code_cure_agent/cca_workspace/joshua/src/main/java/org/apache/joshua/zmert/MertCore.java:[1856,75] illegal character: '`'
[ERROR] /workspaces/master-thesis-pascal-joos/code_cure_agent/cca_workspace/joshua/src/main/java/org/apache/joshua/zmert/MertCore.java:[1856,92] illegal character: '`'
[ERROR] /workspaces/master-thesis-pascal-joos/code_cure_agent/cca_workspace/joshua/src/main/java/org/apache/joshua/zmert/MertCore.java:[1856,76] not a statement
[ERROR] /workspaces/master-thesis-pascal-joos/code_cure_agent/cca_workspace/joshua/src/main/java/org/apache/joshua/zmert/MertCore.java:[1856,95] illegal character: '`'
[ERROR] /workspaces/master-thesis-pascal-joos/code_cure_agent/cca_workspace/joshua/src/main/java/org/apache/joshua/zmert/MertCore.java:[1856,114] illegal character: '`'
[ERROR] /workspaces/master-thesis-pascal-joos/code_cure_agent/cca_workspace/joshua/src/main/java/org/apache/joshua/zmert/MertCore.java:[1856,96] not a statement
[ERROR] /workspaces/master-thesis-pascal-joos/code_cure_agent/cca_workspace/joshua/src/main/java/org/apache/joshua/zmert/MertCore.java:[1856,117] illegal character: '`'
[ERROR] /workspaces/master-thesis-pascal-joos/code_cure_agent/cca_workspace/joshua/src/main/java/org/apache/joshua/zmert/MertCore.java:[1856,140] illegal character: '`'
[ERROR] /workspaces/master-thesis-pascal-joos/code_cure_agent/cca_workspace/joshua/src/main/java/org/apache/joshua/zmert/MertCore.java:[1856,118] not a statement
[ERROR] /workspaces/master-thesis-pascal-joos/code_cure_agent/cca_workspace/joshua/src/main/java/org/apache/joshua/zmert/MertCore.java:[1856,143] illegal character: '`'
[ERROR] /workspaces/master-thesis-pascal-joos/code_cure_agent/cca_workspace/joshua/src/main/java/org/apache/joshua/zmert/MertCore.java:[1856,167] illegal character: '`'
[ERROR] /workspaces/master-thesis-pascal-joos/code_cure_agent/cca_workspace/joshua/src/main/java/org/apache/joshua/zmert/MertCore.java:[1856,144] not a statement
[ERROR] /workspaces/master-thesis-pascal-joos/code_cure_agent/cca_workspace/joshua/src/main/java/org/apache/joshua/zmert/MertCore.java:[1856,179] illegal character: '`'
[ERROR] /workspaces/master-thesis-pascal-joos/code_cure_agent/cca_workspace/joshua/src/main/java/org/apache/joshua/zmert/MertCore.java:[1856,169] not a statement
[ERROR] /workspaces/master-thesis-pascal-joos/code_cure_agent/cca_workspace/joshua/src/main/java/org/apache/joshua/zmert/MertCore.java:[1856,196] illegal character: '`'
[ERROR] /workspaces/master-thesis-pascal-joos/code_cure_agent/cca_workspace/joshua/src/main/java/org/apache/joshua/zmert/MertCore.java:[1856,180] not a statement
[ERROR] /workspaces/master-thesis-pascal-joos/code_cure_agent/cca_workspace/joshua/src/main/java/org/apache/joshua/zmert/MertCore.java:[1856,212] ';' expected
[ERROR] /workspaces/master-thesis-pascal-joos/code_cure_agent/cca_workspace/joshua/src/main/java/org/apache/joshua/zmert/MertCore.java:[1856,232] ';' expected
[ERROR] /workspaces/master-thesis-pascal-joos/code_cure_agent/cca_workspace/joshua/src/main/java/org/apache/joshua/zmert/MertCore.java:[1856,245] ';' expected
[ERROR] /workspaces/master-thesis-pascal-joos/code_cure_agent/cca_workspace/joshua/src/main/java/org/apache/joshua/zmert/MertCore.java:[1856,255] ';' expected
[ERROR] -> [Help 1]
[ERROR] 
[ERROR] To see the full stack trace of the errors, re-run Maven with the -e switch.
[ERROR] Re-run Maven using the -X switch to enable full debug logging.
[ERROR] 
[ERROR] For more information about the errors and possible solutions, please read the following articles:
[ERROR] [Help 1] http://cwiki.apache.org/confluence/display/MAVEN/MojoFailureException
