[INFO] Scanning for projects...
[INFO] 
[INFO] ----------------------< org.apache.joshua:joshua >----------------------
[INFO] Building Apache Joshua Machine Translation Toolkit 6.3-SNAPSHOT
[INFO] --------------------------------[ jar ]---------------------------------
[INFO] 
[INFO] --- maven-clean-plugin:3.0.0:clean (default-clean) @ joshua ---
[INFO] Deleting /workspaces/xxxx/code_cure_agent/cca_workspace/joshua/target
[INFO] 
[INFO] --- maven-remote-resources-plugin:1.5:process (process-resource-bundles) @ joshua ---
[INFO] 
[INFO] --- maven-resources-plugin:2.7:resources (default-resources) @ joshua ---
[INFO] Using 'UTF-8' encoding to copy filtered resources.
[INFO] Copying 1 resource
[INFO] Copying 3 resources
[INFO] 
[INFO] --- maven-compiler-plugin:3.5.1:compile (default-compile) @ joshua ---
[INFO] Changes detected - recompiling the module!
[INFO] Compiling 259 source files to /workspaces/xxxx/code_cure_agent/cca_workspace/joshua/target/classes
[INFO] -------------------------------------------------------------
[ERROR] COMPILATION ERROR : 
[INFO] -------------------------------------------------------------
[ERROR] /workspaces/xxxx/code_cure_agent/cca_workspace/joshua/src/main/java/org/apache/joshua/zmert/MertCore.java:[1859,1] illegal character: '`'
[ERROR] /workspaces/xxxx/code_cure_agent/cca_workspace/joshua/src/main/java/org/apache/joshua/zmert/MertCore.java:[1859,2] illegal character: '`'
[ERROR] /workspaces/xxxx/code_cure_agent/cca_workspace/joshua/src/main/java/org/apache/joshua/zmert/MertCore.java:[1859,3] illegal character: '`'
[ERROR] /workspaces/xxxx/code_cure_agent/cca_workspace/joshua/src/main/java/org/apache/joshua/zmert/MertCore.java:[1861,1] not a statement
[ERROR] /workspaces/xxxx/code_cure_agent/cca_workspace/joshua/src/main/java/org/apache/joshua/zmert/MertCore.java:[1861,13] ';' expected
[ERROR] /workspaces/xxxx/code_cure_agent/cca_workspace/joshua/src/main/java/org/apache/joshua/zmert/MertCore.java:[1861,23] ';' expected
[ERROR] /workspaces/xxxx/code_cure_agent/cca_workspace/joshua/src/main/java/org/apache/joshua/zmert/MertCore.java:[1861,34] ';' expected
[ERROR] /workspaces/xxxx/code_cure_agent/cca_workspace/joshua/src/main/java/org/apache/joshua/zmert/MertCore.java:[1861,51] ';' expected
[ERROR] /workspaces/xxxx/code_cure_agent/cca_workspace/joshua/src/main/java/org/apache/joshua/zmert/MertCore.java:[1861,58] illegal character: '`'
[ERROR] /workspaces/xxxx/code_cure_agent/cca_workspace/joshua/src/main/java/org/apache/joshua/zmert/MertCore.java:[1861,75] illegal character: '`'
[ERROR] /workspaces/xxxx/code_cure_agent/cca_workspace/joshua/src/main/java/org/apache/joshua/zmert/MertCore.java:[1861,121] illegal character: '`'
[ERROR] /workspaces/xxxx/code_cure_agent/cca_workspace/joshua/src/main/java/org/apache/joshua/zmert/MertCore.java:[1861,138] illegal character: '`'
[ERROR] /workspaces/xxxx/code_cure_agent/cca_workspace/joshua/src/main/java/org/apache/joshua/zmert/MertCore.java:[1872,1] illegal character: '`'
[ERROR] /workspaces/xxxx/code_cure_agent/cca_workspace/joshua/src/main/java/org/apache/joshua/zmert/MertCore.java:[1872,2] illegal character: '`'
[ERROR] /workspaces/xxxx/code_cure_agent/cca_workspace/joshua/src/main/java/org/apache/joshua/zmert/MertCore.java:[1872,3] illegal character: '`'
[ERROR] /workspaces/xxxx/code_cure_agent/cca_workspace/joshua/src/main/java/org/apache/joshua/zmert/MertCore.java:[1874,21] ';' expected
[ERROR] /workspaces/xxxx/code_cure_agent/cca_workspace/joshua/src/main/java/org/apache/joshua/zmert/MertCore.java:[1874,26] illegal character: '`'
[ERROR] /workspaces/xxxx/code_cure_agent/cca_workspace/joshua/src/main/java/org/apache/joshua/zmert/MertCore.java:[1874,37] invalid method declaration; return type required
[ERROR] /workspaces/xxxx/code_cure_agent/cca_workspace/joshua/src/main/java/org/apache/joshua/zmert/MertCore.java:[1874,54] illegal start of type
[ERROR] /workspaces/xxxx/code_cure_agent/cca_workspace/joshua/src/main/java/org/apache/joshua/zmert/MertCore.java:[1874,57] <identifier> expected
[ERROR] /workspaces/xxxx/code_cure_agent/cca_workspace/joshua/src/main/java/org/apache/joshua/zmert/MertCore.java:[1874,58] illegal character: '`'
[ERROR] /workspaces/xxxx/code_cure_agent/cca_workspace/joshua/src/main/java/org/apache/joshua/zmert/MertCore.java:[1874,65] illegal character: '`'
[ERROR] /workspaces/xxxx/code_cure_agent/cca_workspace/joshua/src/main/java/org/apache/joshua/zmert/MertCore.java:[1874,97] illegal character: '`'
[ERROR] /workspaces/xxxx/code_cure_agent/cca_workspace/joshua/src/main/java/org/apache/joshua/zmert/MertCore.java:[1878,11] illegal start of type
[ERROR] /workspaces/xxxx/code_cure_agent/cca_workspace/joshua/src/main/java/org/apache/joshua/zmert/MertCore.java:[1878,47] > expected
[ERROR] /workspaces/xxxx/code_cure_agent/cca_workspace/joshua/src/main/java/org/apache/joshua/zmert/MertCore.java:[1878,49] illegal start of type
[ERROR] /workspaces/xxxx/code_cure_agent/cca_workspace/joshua/src/main/java/org/apache/joshua/zmert/MertCore.java:[1878,54] <identifier> expected
[ERROR] /workspaces/xxxx/code_cure_agent/cca_workspace/joshua/src/main/java/org/apache/joshua/zmert/MertCore.java:[1898,23] <identifier> expected
[ERROR] /workspaces/xxxx/code_cure_agent/cca_workspace/joshua/src/main/java/org/apache/joshua/zmert/MertCore.java:[1900,11] 'else' without 'if'
[ERROR] /workspaces/xxxx/code_cure_agent/cca_workspace/joshua/src/main/java/org/apache/joshua/zmert/MertCore.java:[1950,9] 'catch' without 'try'
[ERROR] /workspaces/xxxx/code_cure_agent/cca_workspace/joshua/src/main/java/org/apache/joshua/zmert/MertCore.java:[1840,7] 'try' without 'catch', 'finally' or resource declarations
[ERROR] /workspaces/xxxx/code_cure_agent/cca_workspace/joshua/src/main/java/org/apache/joshua/zmert/MertCore.java:[1957,3] illegal start of expression
[INFO] 32 errors 
[INFO] -------------------------------------------------------------
[INFO] ------------------------------------------------------------------------
[INFO] BUILD FAILURE
[INFO] ------------------------------------------------------------------------
[INFO] Total time:  2.025 s
[INFO] Finished at: 2025-08-30T08:49:26Z
[INFO] ------------------------------------------------------------------------
[ERROR] Failed to execute goal org.apache.maven.plugins:maven-compiler-plugin:3.5.1:compile (default-compile) on project joshua: Compilation failure: Compilation failure: 
[ERROR] /workspaces/xxxx/code_cure_agent/cca_workspace/joshua/src/main/java/org/apache/joshua/zmert/MertCore.java:[1859,1] illegal character: '`'
[ERROR] /workspaces/xxxx/code_cure_agent/cca_workspace/joshua/src/main/java/org/apache/joshua/zmert/MertCore.java:[1859,2] illegal character: '`'
[ERROR] /workspaces/xxxx/code_cure_agent/cca_workspace/joshua/src/main/java/org/apache/joshua/zmert/MertCore.java:[1859,3] illegal character: '`'
[ERROR] /workspaces/xxxx/code_cure_agent/cca_workspace/joshua/src/main/java/org/apache/joshua/zmert/MertCore.java:[1861,1] not a statement
[ERROR] /workspaces/xxxx/code_cure_agent/cca_workspace/joshua/src/main/java/org/apache/joshua/zmert/MertCore.java:[1861,13] ';' expected
[ERROR] /workspaces/xxxx/code_cure_agent/cca_workspace/joshua/src/main/java/org/apache/joshua/zmert/MertCore.java:[1861,23] ';' expected
[ERROR] /workspaces/xxxx/code_cure_agent/cca_workspace/joshua/src/main/java/org/apache/joshua/zmert/MertCore.java:[1861,34] ';' expected
[ERROR] /workspaces/xxxx/code_cure_agent/cca_workspace/joshua/src/main/java/org/apache/joshua/zmert/MertCore.java:[1861,51] ';' expected
[ERROR] /workspaces/xxxx/code_cure_agent/cca_workspace/joshua/src/main/java/org/apache/joshua/zmert/MertCore.java:[1861,58] illegal character: '`'
[ERROR] /workspaces/xxxx/code_cure_agent/cca_workspace/joshua/src/main/java/org/apache/joshua/zmert/MertCore.java:[1861,75] illegal character: '`'
[ERROR] /workspaces/xxxx/code_cure_agent/cca_workspace/joshua/src/main/java/org/apache/joshua/zmert/MertCore.java:[1861,121] illegal character: '`'
[ERROR] /workspaces/xxxx/code_cure_agent/cca_workspace/joshua/src/main/java/org/apache/joshua/zmert/MertCore.java:[1861,138] illegal character: '`'
[ERROR] /workspaces/xxxx/code_cure_agent/cca_workspace/joshua/src/main/java/org/apache/joshua/zmert/MertCore.java:[1872,1] illegal character: '`'
[ERROR] /workspaces/xxxx/code_cure_agent/cca_workspace/joshua/src/main/java/org/apache/joshua/zmert/MertCore.java:[1872,2] illegal character: '`'
[ERROR] /workspaces/xxxx/code_cure_agent/cca_workspace/joshua/src/main/java/org/apache/joshua/zmert/MertCore.java:[1872,3] illegal character: '`'
[ERROR] /workspaces/xxxx/code_cure_agent/cca_workspace/joshua/src/main/java/org/apache/joshua/zmert/MertCore.java:[1874,21] ';' expected
[ERROR] /workspaces/xxxx/code_cure_agent/cca_workspace/joshua/src/main/java/org/apache/joshua/zmert/MertCore.java:[1874,26] illegal character: '`'
[ERROR] /workspaces/xxxx/code_cure_agent/cca_workspace/joshua/src/main/java/org/apache/joshua/zmert/MertCore.java:[1874,37] invalid method declaration; return type required
[ERROR] /workspaces/xxxx/code_cure_agent/cca_workspace/joshua/src/main/java/org/apache/joshua/zmert/MertCore.java:[1874,54] illegal start of type
[ERROR] /workspaces/xxxx/code_cure_agent/cca_workspace/joshua/src/main/java/org/apache/joshua/zmert/MertCore.java:[1874,57] <identifier> expected
[ERROR] /workspaces/xxxx/code_cure_agent/cca_workspace/joshua/src/main/java/org/apache/joshua/zmert/MertCore.java:[1874,58] illegal character: '`'
[ERROR] /workspaces/xxxx/code_cure_agent/cca_workspace/joshua/src/main/java/org/apache/joshua/zmert/MertCore.java:[1874,65] illegal character: '`'
[ERROR] /workspaces/xxxx/code_cure_agent/cca_workspace/joshua/src/main/java/org/apache/joshua/zmert/MertCore.java:[1874,97] illegal character: '`'
[ERROR] /workspaces/xxxx/code_cure_agent/cca_workspace/joshua/src/main/java/org/apache/joshua/zmert/MertCore.java:[1878,11] illegal start of type
[ERROR] /workspaces/xxxx/code_cure_agent/cca_workspace/joshua/src/main/java/org/apache/joshua/zmert/MertCore.java:[1878,47] > expected
[ERROR] /workspaces/xxxx/code_cure_agent/cca_workspace/joshua/src/main/java/org/apache/joshua/zmert/MertCore.java:[1878,49] illegal start of type
[ERROR] /workspaces/xxxx/code_cure_agent/cca_workspace/joshua/src/main/java/org/apache/joshua/zmert/MertCore.java:[1878,54] <identifier> expected
[ERROR] /workspaces/xxxx/code_cure_agent/cca_workspace/joshua/src/main/java/org/apache/joshua/zmert/MertCore.java:[1898,23] <identifier> expected
[ERROR] /workspaces/xxxx/code_cure_agent/cca_workspace/joshua/src/main/java/org/apache/joshua/zmert/MertCore.java:[1900,11] 'else' without 'if'
[ERROR] /workspaces/xxxx/code_cure_agent/cca_workspace/joshua/src/main/java/org/apache/joshua/zmert/MertCore.java:[1950,9] 'catch' without 'try'
[ERROR] /workspaces/xxxx/code_cure_agent/cca_workspace/joshua/src/main/java/org/apache/joshua/zmert/MertCore.java:[1840,7] 'try' without 'catch', 'finally' or resource declarations
[ERROR] /workspaces/xxxx/code_cure_agent/cca_workspace/joshua/src/main/java/org/apache/joshua/zmert/MertCore.java:[1957,3] illegal start of expression
[ERROR] -> [Help 1]
[ERROR] 
[ERROR] To see the full stack trace of the errors, re-run Maven with the -e switch.
[ERROR] Re-run Maven using the -X switch to enable full debug logging.
[ERROR] 
[ERROR] For more information about the errors and possible solutions, please read the following articles:
[ERROR] [Help 1] http://cwiki.apache.org/confluence/display/MAVEN/MojoFailureException
