[INFO] Scanning for projects...
[INFO] 
[INFO] ----------------------< org.apache.joshua:joshua >----------------------
[INFO] Building Apache Joshua Machine Translation Toolkit 6.3-SNAPSHOT
[INFO] --------------------------------[ jar ]---------------------------------
[INFO] 
[INFO] --- maven-clean-plugin:3.0.0:clean (default-clean) @ joshua ---
[INFO] Deleting /workspaces/master-thesis-pascal-joos/code_cure_agent/cca_workspace/joshua/target
[INFO] 
[INFO] --- maven-remote-resources-plugin:1.5:process (process-resource-bundles) @ joshua ---
[INFO] 
[INFO] --- maven-resources-plugin:2.7:resources (default-resources) @ joshua ---
[INFO] Using 'UTF-8' encoding to copy filtered resources.
[INFO] Copying 1 resource
[INFO] Copying 3 resources
[INFO] 
[INFO] --- maven-compiler-plugin:3.5.1:compile (default-compile) @ joshua ---
[INFO] Changes detected - recompiling the module!
[INFO] Compiling 259 source files to /workspaces/master-thesis-pascal-joos/code_cure_agent/cca_workspace/joshua/target/classes
[INFO] -------------------------------------------------------------
[ERROR] COMPILATION ERROR : 
[INFO] -------------------------------------------------------------
[ERROR] /workspaces/master-thesis-pascal-joos/code_cure_agent/cca_workspace/joshua/src/main/java/org/apache/joshua/zmert/MertCore.java:[1854,1] illegal character: '`'
[ERROR] /workspaces/master-thesis-pascal-joos/code_cure_agent/cca_workspace/joshua/src/main/java/org/apache/joshua/zmert/MertCore.java:[1854,2] illegal character: '`'
[ERROR] /workspaces/master-thesis-pascal-joos/code_cure_agent/cca_workspace/joshua/src/main/java/org/apache/joshua/zmert/MertCore.java:[1854,3] illegal character: '`'
[ERROR] /workspaces/master-thesis-pascal-joos/code_cure_agent/cca_workspace/joshua/src/main/java/org/apache/joshua/zmert/MertCore.java:[1856,1] not a statement
[ERROR] /workspaces/master-thesis-pascal-joos/code_cure_agent/cca_workspace/joshua/src/main/java/org/apache/joshua/zmert/MertCore.java:[1856,13] ';' expected
[ERROR] /workspaces/master-thesis-pascal-joos/code_cure_agent/cca_workspace/joshua/src/main/java/org/apache/joshua/zmert/MertCore.java:[1856,24] ';' expected
[ERROR] /workspaces/master-thesis-pascal-joos/code_cure_agent/cca_workspace/joshua/src/main/java/org/apache/joshua/zmert/MertCore.java:[1856,32] ';' expected
[ERROR] /workspaces/master-thesis-pascal-joos/code_cure_agent/cca_workspace/joshua/src/main/java/org/apache/joshua/zmert/MertCore.java:[1856,43] ';' expected
[ERROR] /workspaces/master-thesis-pascal-joos/code_cure_agent/cca_workspace/joshua/src/main/java/org/apache/joshua/zmert/MertCore.java:[1856,60] ';' expected
[ERROR] /workspaces/master-thesis-pascal-joos/code_cure_agent/cca_workspace/joshua/src/main/java/org/apache/joshua/zmert/MertCore.java:[1856,73] ';' expected
[ERROR] /workspaces/master-thesis-pascal-joos/code_cure_agent/cca_workspace/joshua/src/main/java/org/apache/joshua/zmert/MertCore.java:[1856,74] not a statement
[ERROR] /workspaces/master-thesis-pascal-joos/code_cure_agent/cca_workspace/joshua/src/main/java/org/apache/joshua/zmert/MertCore.java:[1856,79] ';' expected
[ERROR] /workspaces/master-thesis-pascal-joos/code_cure_agent/cca_workspace/joshua/src/main/java/org/apache/joshua/zmert/MertCore.java:[1856,84] '(' expected
[ERROR] /workspaces/master-thesis-pascal-joos/code_cure_agent/cca_workspace/joshua/src/main/java/org/apache/joshua/zmert/MertCore.java:[1856,85] bad initializer for for-loop
[ERROR] /workspaces/master-thesis-pascal-joos/code_cure_agent/cca_workspace/joshua/src/main/java/org/apache/joshua/zmert/MertCore.java:[1858,1] illegal start of expression
[ERROR] /workspaces/master-thesis-pascal-joos/code_cure_agent/cca_workspace/joshua/src/main/java/org/apache/joshua/zmert/MertCore.java:[1835,7] 'try' without 'catch', 'finally' or resource declarations
[ERROR] /workspaces/master-thesis-pascal-joos/code_cure_agent/cca_workspace/joshua/src/main/java/org/apache/joshua/zmert/MertCore.java:[1872,1] illegal character: '`'
[ERROR] /workspaces/master-thesis-pascal-joos/code_cure_agent/cca_workspace/joshua/src/main/java/org/apache/joshua/zmert/MertCore.java:[1872,2] illegal character: '`'
[ERROR] /workspaces/master-thesis-pascal-joos/code_cure_agent/cca_workspace/joshua/src/main/java/org/apache/joshua/zmert/MertCore.java:[1872,3] illegal character: '`'
[ERROR] /workspaces/master-thesis-pascal-joos/code_cure_agent/cca_workspace/joshua/src/main/java/org/apache/joshua/zmert/MertCore.java:[1874,21] ';' expected
[ERROR] /workspaces/master-thesis-pascal-joos/code_cure_agent/cca_workspace/joshua/src/main/java/org/apache/joshua/zmert/MertCore.java:[1874,26] illegal character: '`'
[ERROR] /workspaces/master-thesis-pascal-joos/code_cure_agent/cca_workspace/joshua/src/main/java/org/apache/joshua/zmert/MertCore.java:[1874,37] invalid method declaration; return type required
[ERROR] /workspaces/master-thesis-pascal-joos/code_cure_agent/cca_workspace/joshua/src/main/java/org/apache/joshua/zmert/MertCore.java:[1874,54] illegal start of type
[ERROR] /workspaces/master-thesis-pascal-joos/code_cure_agent/cca_workspace/joshua/src/main/java/org/apache/joshua/zmert/MertCore.java:[1874,57] <identifier> expected
[ERROR] /workspaces/master-thesis-pascal-joos/code_cure_agent/cca_workspace/joshua/src/main/java/org/apache/joshua/zmert/MertCore.java:[1874,58] illegal character: '`'
[ERROR] /workspaces/master-thesis-pascal-joos/code_cure_agent/cca_workspace/joshua/src/main/java/org/apache/joshua/zmert/MertCore.java:[1878,11] illegal start of type
[ERROR] /workspaces/master-thesis-pascal-joos/code_cure_agent/cca_workspace/joshua/src/main/java/org/apache/joshua/zmert/MertCore.java:[1878,47] > expected
[ERROR] /workspaces/master-thesis-pascal-joos/code_cure_agent/cca_workspace/joshua/src/main/java/org/apache/joshua/zmert/MertCore.java:[1878,49] illegal start of type
[ERROR] /workspaces/master-thesis-pascal-joos/code_cure_agent/cca_workspace/joshua/src/main/java/org/apache/joshua/zmert/MertCore.java:[1878,54] <identifier> expected
[ERROR] /workspaces/master-thesis-pascal-joos/code_cure_agent/cca_workspace/joshua/src/main/java/org/apache/joshua/zmert/MertCore.java:[1898,23] <identifier> expected
[ERROR] /workspaces/master-thesis-pascal-joos/code_cure_agent/cca_workspace/joshua/src/main/java/org/apache/joshua/zmert/MertCore.java:[1900,11] class, interface, or enum expected
[ERROR] /workspaces/master-thesis-pascal-joos/code_cure_agent/cca_workspace/joshua/src/main/java/org/apache/joshua/zmert/MertCore.java:[1904,11] class, interface, or enum expected
[ERROR] /workspaces/master-thesis-pascal-joos/code_cure_agent/cca_workspace/joshua/src/main/java/org/apache/joshua/zmert/MertCore.java:[1905,11] class, interface, or enum expected
[ERROR] /workspaces/master-thesis-pascal-joos/code_cure_agent/cca_workspace/joshua/src/main/java/org/apache/joshua/zmert/MertCore.java:[1906,11] class, interface, or enum expected
[ERROR] /workspaces/master-thesis-pascal-joos/code_cure_agent/cca_workspace/joshua/src/main/java/org/apache/joshua/zmert/MertCore.java:[1906,27] class, interface, or enum expected
[ERROR] /workspaces/master-thesis-pascal-joos/code_cure_agent/cca_workspace/joshua/src/main/java/org/apache/joshua/zmert/MertCore.java:[1906,45] class, interface, or enum expected
[ERROR] /workspaces/master-thesis-pascal-joos/code_cure_agent/cca_workspace/joshua/src/main/java/org/apache/joshua/zmert/MertCore.java:[1909,13] class, interface, or enum expected
[ERROR] /workspaces/master-thesis-pascal-joos/code_cure_agent/cca_workspace/joshua/src/main/java/org/apache/joshua/zmert/MertCore.java:[1910,13] class, interface, or enum expected
[ERROR] /workspaces/master-thesis-pascal-joos/code_cure_agent/cca_workspace/joshua/src/main/java/org/apache/joshua/zmert/MertCore.java:[1911,11] class, interface, or enum expected
[ERROR] /workspaces/master-thesis-pascal-joos/code_cure_agent/cca_workspace/joshua/src/main/java/org/apache/joshua/zmert/MertCore.java:[1915,11] class, interface, or enum expected
[ERROR] /workspaces/master-thesis-pascal-joos/code_cure_agent/cca_workspace/joshua/src/main/java/org/apache/joshua/zmert/MertCore.java:[1916,11] class, interface, or enum expected
[ERROR] /workspaces/master-thesis-pascal-joos/code_cure_agent/cca_workspace/joshua/src/main/java/org/apache/joshua/zmert/MertCore.java:[1919,11] class, interface, or enum expected
[ERROR] /workspaces/master-thesis-pascal-joos/code_cure_agent/cca_workspace/joshua/src/main/java/org/apache/joshua/zmert/MertCore.java:[1920,11] class, interface, or enum expected
[ERROR] /workspaces/master-thesis-pascal-joos/code_cure_agent/cca_workspace/joshua/src/main/java/org/apache/joshua/zmert/MertCore.java:[1920,27] class, interface, or enum expected
[ERROR] /workspaces/master-thesis-pascal-joos/code_cure_agent/cca_workspace/joshua/src/main/java/org/apache/joshua/zmert/MertCore.java:[1920,45] class, interface, or enum expected
[ERROR] /workspaces/master-thesis-pascal-joos/code_cure_agent/cca_workspace/joshua/src/main/java/org/apache/joshua/zmert/MertCore.java:[1923,13] class, interface, or enum expected
[ERROR] /workspaces/master-thesis-pascal-joos/code_cure_agent/cca_workspace/joshua/src/main/java/org/apache/joshua/zmert/MertCore.java:[1924,13] class, interface, or enum expected
[ERROR] /workspaces/master-thesis-pascal-joos/code_cure_agent/cca_workspace/joshua/src/main/java/org/apache/joshua/zmert/MertCore.java:[1926,13] class, interface, or enum expected
[ERROR] /workspaces/master-thesis-pascal-joos/code_cure_agent/cca_workspace/joshua/src/main/java/org/apache/joshua/zmert/MertCore.java:[1928,15] class, interface, or enum expected
[ERROR] /workspaces/master-thesis-pascal-joos/code_cure_agent/cca_workspace/joshua/src/main/java/org/apache/joshua/zmert/MertCore.java:[1929,13] class, interface, or enum expected
[ERROR] /workspaces/master-thesis-pascal-joos/code_cure_agent/cca_workspace/joshua/src/main/java/org/apache/joshua/zmert/MertCore.java:[1933,15] class, interface, or enum expected
[ERROR] /workspaces/master-thesis-pascal-joos/code_cure_agent/cca_workspace/joshua/src/main/java/org/apache/joshua/zmert/MertCore.java:[1934,13] class, interface, or enum expected
[ERROR] /workspaces/master-thesis-pascal-joos/code_cure_agent/cca_workspace/joshua/src/main/java/org/apache/joshua/zmert/MertCore.java:[1938,13] class, interface, or enum expected
[ERROR] /workspaces/master-thesis-pascal-joos/code_cure_agent/cca_workspace/joshua/src/main/java/org/apache/joshua/zmert/MertCore.java:[1940,11] class, interface, or enum expected
[ERROR] /workspaces/master-thesis-pascal-joos/code_cure_agent/cca_workspace/joshua/src/main/java/org/apache/joshua/zmert/MertCore.java:[1944,11] class, interface, or enum expected
[ERROR] /workspaces/master-thesis-pascal-joos/code_cure_agent/cca_workspace/joshua/src/main/java/org/apache/joshua/zmert/MertCore.java:[1946,9] class, interface, or enum expected
[ERROR] /workspaces/master-thesis-pascal-joos/code_cure_agent/cca_workspace/joshua/src/main/java/org/apache/joshua/zmert/MertCore.java:[1952,7] class, interface, or enum expected
[ERROR] /workspaces/master-thesis-pascal-joos/code_cure_agent/cca_workspace/joshua/src/main/java/org/apache/joshua/zmert/MertCore.java:[1960,7] class, interface, or enum expected
[ERROR] /workspaces/master-thesis-pascal-joos/code_cure_agent/cca_workspace/joshua/src/main/java/org/apache/joshua/zmert/MertCore.java:[1962,7] class, interface, or enum expected
[ERROR] /workspaces/master-thesis-pascal-joos/code_cure_agent/cca_workspace/joshua/src/main/java/org/apache/joshua/zmert/MertCore.java:[1963,7] class, interface, or enum expected
[ERROR] /workspaces/master-thesis-pascal-joos/code_cure_agent/cca_workspace/joshua/src/main/java/org/apache/joshua/zmert/MertCore.java:[1965,7] class, interface, or enum expected
[ERROR] /workspaces/master-thesis-pascal-joos/code_cure_agent/cca_workspace/joshua/src/main/java/org/apache/joshua/zmert/MertCore.java:[1966,7] class, interface, or enum expected
[ERROR] /workspaces/master-thesis-pascal-joos/code_cure_agent/cca_workspace/joshua/src/main/java/org/apache/joshua/zmert/MertCore.java:[1967,7] class, interface, or enum expected
[ERROR] /workspaces/master-thesis-pascal-joos/code_cure_agent/cca_workspace/joshua/src/main/java/org/apache/joshua/zmert/MertCore.java:[1969,7] class, interface, or enum expected
[ERROR] /workspaces/master-thesis-pascal-joos/code_cure_agent/cca_workspace/joshua/src/main/java/org/apache/joshua/zmert/MertCore.java:[1971,7] class, interface, or enum expected
[ERROR] /workspaces/master-thesis-pascal-joos/code_cure_agent/cca_workspace/joshua/src/main/java/org/apache/joshua/zmert/MertCore.java:[1985,7] class, interface, or enum expected
[ERROR] /workspaces/master-thesis-pascal-joos/code_cure_agent/cca_workspace/joshua/src/main/java/org/apache/joshua/zmert/MertCore.java:[1986,5] class, interface, or enum expected
[ERROR] /workspaces/master-thesis-pascal-joos/code_cure_agent/cca_workspace/joshua/src/main/java/org/apache/joshua/zmert/MertCore.java:[1988,7] class, interface, or enum expected
[ERROR] /workspaces/master-thesis-pascal-joos/code_cure_agent/cca_workspace/joshua/src/main/java/org/apache/joshua/zmert/MertCore.java:[1989,5] class, interface, or enum expected
[ERROR] /workspaces/master-thesis-pascal-joos/code_cure_agent/cca_workspace/joshua/src/main/java/org/apache/joshua/zmert/MertCore.java:[1995,7] class, interface, or enum expected
[ERROR] /workspaces/master-thesis-pascal-joos/code_cure_agent/cca_workspace/joshua/src/main/java/org/apache/joshua/zmert/MertCore.java:[1996,7] class, interface, or enum expected
[ERROR] /workspaces/master-thesis-pascal-joos/code_cure_agent/cca_workspace/joshua/src/main/java/org/apache/joshua/zmert/MertCore.java:[1997,7] class, interface, or enum expected
[ERROR] /workspaces/master-thesis-pascal-joos/code_cure_agent/cca_workspace/joshua/src/main/java/org/apache/joshua/zmert/MertCore.java:[2000,7] class, interface, or enum expected
[ERROR] /workspaces/master-thesis-pascal-joos/code_cure_agent/cca_workspace/joshua/src/main/java/org/apache/joshua/zmert/MertCore.java:[2003,5] class, interface, or enum expected
[ERROR] /workspaces/master-thesis-pascal-joos/code_cure_agent/cca_workspace/joshua/src/main/java/org/apache/joshua/zmert/MertCore.java:[2009,7] class, interface, or enum expected
[ERROR] /workspaces/master-thesis-pascal-joos/code_cure_agent/cca_workspace/joshua/src/main/java/org/apache/joshua/zmert/MertCore.java:[2011,7] class, interface, or enum expected
[ERROR] /workspaces/master-thesis-pascal-joos/code_cure_agent/cca_workspace/joshua/src/main/java/org/apache/joshua/zmert/MertCore.java:[2017,5] class, interface, or enum expected
[ERROR] /workspaces/master-thesis-pascal-joos/code_cure_agent/cca_workspace/joshua/src/main/java/org/apache/joshua/zmert/MertCore.java:[2018,5] class, interface, or enum expected
[ERROR] /workspaces/master-thesis-pascal-joos/code_cure_agent/cca_workspace/joshua/src/main/java/org/apache/joshua/zmert/MertCore.java:[2019,3] class, interface, or enum expected
[ERROR] /workspaces/master-thesis-pascal-joos/code_cure_agent/cca_workspace/joshua/src/main/java/org/apache/joshua/zmert/MertCore.java:[2021,10] class, interface, or enum expected
[ERROR] /workspaces/master-thesis-pascal-joos/code_cure_agent/cca_workspace/joshua/src/main/java/org/apache/joshua/zmert/MertCore.java:[2024,5] class, interface, or enum expected
[ERROR] /workspaces/master-thesis-pascal-joos/code_cure_agent/cca_workspace/joshua/src/main/java/org/apache/joshua/zmert/MertCore.java:[2031,5] class, interface, or enum expected
[ERROR] /workspaces/master-thesis-pascal-joos/code_cure_agent/cca_workspace/joshua/src/main/java/org/apache/joshua/zmert/MertCore.java:[2032,5] class, interface, or enum expected
[ERROR] /workspaces/master-thesis-pascal-joos/code_cure_agent/cca_workspace/joshua/src/main/java/org/apache/joshua/zmert/MertCore.java:[2036,5] class, interface, or enum expected
[ERROR] /workspaces/master-thesis-pascal-joos/code_cure_agent/cca_workspace/joshua/src/main/java/org/apache/joshua/zmert/MertCore.java:[2038,5] class, interface, or enum expected
[ERROR] /workspaces/master-thesis-pascal-joos/code_cure_agent/cca_workspace/joshua/src/main/java/org/apache/joshua/zmert/MertCore.java:[2041,9] class, interface, or enum expected
[ERROR] /workspaces/master-thesis-pascal-joos/code_cure_agent/cca_workspace/joshua/src/main/java/org/apache/joshua/zmert/MertCore.java:[2041,25] class, interface, or enum expected
[ERROR] /workspaces/master-thesis-pascal-joos/code_cure_agent/cca_workspace/joshua/src/main/java/org/apache/joshua/zmert/MertCore.java:[2041,41] class, interface, or enum expected
[ERROR] /workspaces/master-thesis-pascal-joos/code_cure_agent/cca_workspace/joshua/src/main/java/org/apache/joshua/zmert/MertCore.java:[2043,9] class, interface, or enum expected
[ERROR] /workspaces/master-thesis-pascal-joos/code_cure_agent/cca_workspace/joshua/src/main/java/org/apache/joshua/zmert/MertCore.java:[2046,7] class, interface, or enum expected
[ERROR] /workspaces/master-thesis-pascal-joos/code_cure_agent/cca_workspace/joshua/src/main/java/org/apache/joshua/zmert/MertCore.java:[2048,7] class, interface, or enum expected
[ERROR] /workspaces/master-thesis-pascal-joos/code_cure_agent/cca_workspace/joshua/src/main/java/org/apache/joshua/zmert/MertCore.java:[2056,5] class, interface, or enum expected
[ERROR] /workspaces/master-thesis-pascal-joos/code_cure_agent/cca_workspace/joshua/src/main/java/org/apache/joshua/zmert/MertCore.java:[2058,5] class, interface, or enum expected
[ERROR] /workspaces/master-thesis-pascal-joos/code_cure_agent/cca_workspace/joshua/src/main/java/org/apache/joshua/zmert/MertCore.java:[2059,5] class, interface, or enum expected
[ERROR] /workspaces/master-thesis-pascal-joos/code_cure_agent/cca_workspace/joshua/src/main/java/org/apache/joshua/zmert/MertCore.java:[2061,7] class, interface, or enum expected
[ERROR] /workspaces/master-thesis-pascal-joos/code_cure_agent/cca_workspace/joshua/src/main/java/org/apache/joshua/zmert/MertCore.java:[2062,7] class, interface, or enum expected
[ERROR] /workspaces/master-thesis-pascal-joos/code_cure_agent/cca_workspace/joshua/src/main/java/org/apache/joshua/zmert/MertCore.java:[2064,9] class, interface, or enum expected
[ERROR] /workspaces/master-thesis-pascal-joos/code_cure_agent/cca_workspace/joshua/src/main/java/org/apache/joshua/zmert/MertCore.java:[2066,9] class, interface, or enum expected
[ERROR] /workspaces/master-thesis-pascal-joos/code_cure_agent/cca_workspace/joshua/src/main/java/org/apache/joshua/zmert/MertCore.java:[2070,11] class, interface, or enum expected
[ERROR] /workspaces/master-thesis-pascal-joos/code_cure_agent/cca_workspace/joshua/src/main/java/org/apache/joshua/zmert/MertCore.java:[2076,11] class, interface, or enum expected
[INFO] 100 errors 
[INFO] -------------------------------------------------------------
[INFO] ------------------------------------------------------------------------
[INFO] BUILD FAILURE
[INFO] ------------------------------------------------------------------------
[INFO] Total time:  1.989 s
[INFO] Finished at: 2025-08-30T08:49:09Z
[INFO] ------------------------------------------------------------------------
[ERROR] Failed to execute goal org.apache.maven.plugins:maven-compiler-plugin:3.5.1:compile (default-compile) on project joshua: Compilation failure: Compilation failure: 
[ERROR] /workspaces/master-thesis-pascal-joos/code_cure_agent/cca_workspace/joshua/src/main/java/org/apache/joshua/zmert/MertCore.java:[1854,1] illegal character: '`'
[ERROR] /workspaces/master-thesis-pascal-joos/code_cure_agent/cca_workspace/joshua/src/main/java/org/apache/joshua/zmert/MertCore.java:[1854,2] illegal character: '`'
[ERROR] /workspaces/master-thesis-pascal-joos/code_cure_agent/cca_workspace/joshua/src/main/java/org/apache/joshua/zmert/MertCore.java:[1854,3] illegal character: '`'
[ERROR] /workspaces/master-thesis-pascal-joos/code_cure_agent/cca_workspace/joshua/src/main/java/org/apache/joshua/zmert/MertCore.java:[1856,1] not a statement
[ERROR] /workspaces/master-thesis-pascal-joos/code_cure_agent/cca_workspace/joshua/src/main/java/org/apache/joshua/zmert/MertCore.java:[1856,13] ';' expected
[ERROR] /workspaces/master-thesis-pascal-joos/code_cure_agent/cca_workspace/joshua/src/main/java/org/apache/joshua/zmert/MertCore.java:[1856,24] ';' expected
[ERROR] /workspaces/master-thesis-pascal-joos/code_cure_agent/cca_workspace/joshua/src/main/java/org/apache/joshua/zmert/MertCore.java:[1856,32] ';' expected
[ERROR] /workspaces/master-thesis-pascal-joos/code_cure_agent/cca_workspace/joshua/src/main/java/org/apache/joshua/zmert/MertCore.java:[1856,43] ';' expected
[ERROR] /workspaces/master-thesis-pascal-joos/code_cure_agent/cca_workspace/joshua/src/main/java/org/apache/joshua/zmert/MertCore.java:[1856,60] ';' expected
[ERROR] /workspaces/master-thesis-pascal-joos/code_cure_agent/cca_workspace/joshua/src/main/java/org/apache/joshua/zmert/MertCore.java:[1856,73] ';' expected
[ERROR] /workspaces/master-thesis-pascal-joos/code_cure_agent/cca_workspace/joshua/src/main/java/org/apache/joshua/zmert/MertCore.java:[1856,74] not a statement
[ERROR] /workspaces/master-thesis-pascal-joos/code_cure_agent/cca_workspace/joshua/src/main/java/org/apache/joshua/zmert/MertCore.java:[1856,79] ';' expected
[ERROR] /workspaces/master-thesis-pascal-joos/code_cure_agent/cca_workspace/joshua/src/main/java/org/apache/joshua/zmert/MertCore.java:[1856,84] '(' expected
[ERROR] /workspaces/master-thesis-pascal-joos/code_cure_agent/cca_workspace/joshua/src/main/java/org/apache/joshua/zmert/MertCore.java:[1856,85] bad initializer for for-loop
[ERROR] /workspaces/master-thesis-pascal-joos/code_cure_agent/cca_workspace/joshua/src/main/java/org/apache/joshua/zmert/MertCore.java:[1858,1] illegal start of expression
[ERROR] /workspaces/master-thesis-pascal-joos/code_cure_agent/cca_workspace/joshua/src/main/java/org/apache/joshua/zmert/MertCore.java:[1835,7] 'try' without 'catch', 'finally' or resource declarations
[ERROR] /workspaces/master-thesis-pascal-joos/code_cure_agent/cca_workspace/joshua/src/main/java/org/apache/joshua/zmert/MertCore.java:[1872,1] illegal character: '`'
[ERROR] /workspaces/master-thesis-pascal-joos/code_cure_agent/cca_workspace/joshua/src/main/java/org/apache/joshua/zmert/MertCore.java:[1872,2] illegal character: '`'
[ERROR] /workspaces/master-thesis-pascal-joos/code_cure_agent/cca_workspace/joshua/src/main/java/org/apache/joshua/zmert/MertCore.java:[1872,3] illegal character: '`'
[ERROR] /workspaces/master-thesis-pascal-joos/code_cure_agent/cca_workspace/joshua/src/main/java/org/apache/joshua/zmert/MertCore.java:[1874,21] ';' expected
[ERROR] /workspaces/master-thesis-pascal-joos/code_cure_agent/cca_workspace/joshua/src/main/java/org/apache/joshua/zmert/MertCore.java:[1874,26] illegal character: '`'
[ERROR] /workspaces/master-thesis-pascal-joos/code_cure_agent/cca_workspace/joshua/src/main/java/org/apache/joshua/zmert/MertCore.java:[1874,37] invalid method declaration; return type required
[ERROR] /workspaces/master-thesis-pascal-joos/code_cure_agent/cca_workspace/joshua/src/main/java/org/apache/joshua/zmert/MertCore.java:[1874,54] illegal start of type
[ERROR] /workspaces/master-thesis-pascal-joos/code_cure_agent/cca_workspace/joshua/src/main/java/org/apache/joshua/zmert/MertCore.java:[1874,57] <identifier> expected
[ERROR] /workspaces/master-thesis-pascal-joos/code_cure_agent/cca_workspace/joshua/src/main/java/org/apache/joshua/zmert/MertCore.java:[1874,58] illegal character: '`'
[ERROR] /workspaces/master-thesis-pascal-joos/code_cure_agent/cca_workspace/joshua/src/main/java/org/apache/joshua/zmert/MertCore.java:[1878,11] illegal start of type
[ERROR] /workspaces/master-thesis-pascal-joos/code_cure_agent/cca_workspace/joshua/src/main/java/org/apache/joshua/zmert/MertCore.java:[1878,47] > expected
[ERROR] /workspaces/master-thesis-pascal-joos/code_cure_agent/cca_workspace/joshua/src/main/java/org/apache/joshua/zmert/MertCore.java:[1878,49] illegal start of type
[ERROR] /workspaces/master-thesis-pascal-joos/code_cure_agent/cca_workspace/joshua/src/main/java/org/apache/joshua/zmert/MertCore.java:[1878,54] <identifier> expected
[ERROR] /workspaces/master-thesis-pascal-joos/code_cure_agent/cca_workspace/joshua/src/main/java/org/apache/joshua/zmert/MertCore.java:[1898,23] <identifier> expected
[ERROR] /workspaces/master-thesis-pascal-joos/code_cure_agent/cca_workspace/joshua/src/main/java/org/apache/joshua/zmert/MertCore.java:[1900,11] class, interface, or enum expected
[ERROR] /workspaces/master-thesis-pascal-joos/code_cure_agent/cca_workspace/joshua/src/main/java/org/apache/joshua/zmert/MertCore.java:[1904,11] class, interface, or enum expected
[ERROR] /workspaces/master-thesis-pascal-joos/code_cure_agent/cca_workspace/joshua/src/main/java/org/apache/joshua/zmert/MertCore.java:[1905,11] class, interface, or enum expected
[ERROR] /workspaces/master-thesis-pascal-joos/code_cure_agent/cca_workspace/joshua/src/main/java/org/apache/joshua/zmert/MertCore.java:[1906,11] class, interface, or enum expected
[ERROR] /workspaces/master-thesis-pascal-joos/code_cure_agent/cca_workspace/joshua/src/main/java/org/apache/joshua/zmert/MertCore.java:[1906,27] class, interface, or enum expected
[ERROR] /workspaces/master-thesis-pascal-joos/code_cure_agent/cca_workspace/joshua/src/main/java/org/apache/joshua/zmert/MertCore.java:[1906,45] class, interface, or enum expected
[ERROR] /workspaces/master-thesis-pascal-joos/code_cure_agent/cca_workspace/joshua/src/main/java/org/apache/joshua/zmert/MertCore.java:[1909,13] class, interface, or enum expected
[ERROR] /workspaces/master-thesis-pascal-joos/code_cure_agent/cca_workspace/joshua/src/main/java/org/apache/joshua/zmert/MertCore.java:[1910,13] class, interface, or enum expected
[ERROR] /workspaces/master-thesis-pascal-joos/code_cure_agent/cca_workspace/joshua/src/main/java/org/apache/joshua/zmert/MertCore.java:[1911,11] class, interface, or enum expected
[ERROR] /workspaces/master-thesis-pascal-joos/code_cure_agent/cca_workspace/joshua/src/main/java/org/apache/joshua/zmert/MertCore.java:[1915,11] class, interface, or enum expected
[ERROR] /workspaces/master-thesis-pascal-joos/code_cure_agent/cca_workspace/joshua/src/main/java/org/apache/joshua/zmert/MertCore.java:[1916,11] class, interface, or enum expected
[ERROR] /workspaces/master-thesis-pascal-joos/code_cure_agent/cca_workspace/joshua/src/main/java/org/apache/joshua/zmert/MertCore.java:[1919,11] class, interface, or enum expected
[ERROR] /workspaces/master-thesis-pascal-joos/code_cure_agent/cca_workspace/joshua/src/main/java/org/apache/joshua/zmert/MertCore.java:[1920,11] class, interface, or enum expected
[ERROR] /workspaces/master-thesis-pascal-joos/code_cure_agent/cca_workspace/joshua/src/main/java/org/apache/joshua/zmert/MertCore.java:[1920,27] class, interface, or enum expected
[ERROR] /workspaces/master-thesis-pascal-joos/code_cure_agent/cca_workspace/joshua/src/main/java/org/apache/joshua/zmert/MertCore.java:[1920,45] class, interface, or enum expected
[ERROR] /workspaces/master-thesis-pascal-joos/code_cure_agent/cca_workspace/joshua/src/main/java/org/apache/joshua/zmert/MertCore.java:[1923,13] class, interface, or enum expected
[ERROR] /workspaces/master-thesis-pascal-joos/code_cure_agent/cca_workspace/joshua/src/main/java/org/apache/joshua/zmert/MertCore.java:[1924,13] class, interface, or enum expected
[ERROR] /workspaces/master-thesis-pascal-joos/code_cure_agent/cca_workspace/joshua/src/main/java/org/apache/joshua/zmert/MertCore.java:[1926,13] class, interface, or enum expected
[ERROR] /workspaces/master-thesis-pascal-joos/code_cure_agent/cca_workspace/joshua/src/main/java/org/apache/joshua/zmert/MertCore.java:[1928,15] class, interface, or enum expected
[ERROR] /workspaces/master-thesis-pascal-joos/code_cure_agent/cca_workspace/joshua/src/main/java/org/apache/joshua/zmert/MertCore.java:[1929,13] class, interface, or enum expected
[ERROR] /workspaces/master-thesis-pascal-joos/code_cure_agent/cca_workspace/joshua/src/main/java/org/apache/joshua/zmert/MertCore.java:[1933,15] class, interface, or enum expected
[ERROR] /workspaces/master-thesis-pascal-joos/code_cure_agent/cca_workspace/joshua/src/main/java/org/apache/joshua/zmert/MertCore.java:[1934,13] class, interface, or enum expected
[ERROR] /workspaces/master-thesis-pascal-joos/code_cure_agent/cca_workspace/joshua/src/main/java/org/apache/joshua/zmert/MertCore.java:[1938,13] class, interface, or enum expected
[ERROR] /workspaces/master-thesis-pascal-joos/code_cure_agent/cca_workspace/joshua/src/main/java/org/apache/joshua/zmert/MertCore.java:[1940,11] class, interface, or enum expected
[ERROR] /workspaces/master-thesis-pascal-joos/code_cure_agent/cca_workspace/joshua/src/main/java/org/apache/joshua/zmert/MertCore.java:[1944,11] class, interface, or enum expected
[ERROR] /workspaces/master-thesis-pascal-joos/code_cure_agent/cca_workspace/joshua/src/main/java/org/apache/joshua/zmert/MertCore.java:[1946,9] class, interface, or enum expected
[ERROR] /workspaces/master-thesis-pascal-joos/code_cure_agent/cca_workspace/joshua/src/main/java/org/apache/joshua/zmert/MertCore.java:[1952,7] class, interface, or enum expected
[ERROR] /workspaces/master-thesis-pascal-joos/code_cure_agent/cca_workspace/joshua/src/main/java/org/apache/joshua/zmert/MertCore.java:[1960,7] class, interface, or enum expected
[ERROR] /workspaces/master-thesis-pascal-joos/code_cure_agent/cca_workspace/joshua/src/main/java/org/apache/joshua/zmert/MertCore.java:[1962,7] class, interface, or enum expected
[ERROR] /workspaces/master-thesis-pascal-joos/code_cure_agent/cca_workspace/joshua/src/main/java/org/apache/joshua/zmert/MertCore.java:[1963,7] class, interface, or enum expected
[ERROR] /workspaces/master-thesis-pascal-joos/code_cure_agent/cca_workspace/joshua/src/main/java/org/apache/joshua/zmert/MertCore.java:[1965,7] class, interface, or enum expected
[ERROR] /workspaces/master-thesis-pascal-joos/code_cure_agent/cca_workspace/joshua/src/main/java/org/apache/joshua/zmert/MertCore.java:[1966,7] class, interface, or enum expected
[ERROR] /workspaces/master-thesis-pascal-joos/code_cure_agent/cca_workspace/joshua/src/main/java/org/apache/joshua/zmert/MertCore.java:[1967,7] class, interface, or enum expected
[ERROR] /workspaces/master-thesis-pascal-joos/code_cure_agent/cca_workspace/joshua/src/main/java/org/apache/joshua/zmert/MertCore.java:[1969,7] class, interface, or enum expected
[ERROR] /workspaces/master-thesis-pascal-joos/code_cure_agent/cca_workspace/joshua/src/main/java/org/apache/joshua/zmert/MertCore.java:[1971,7] class, interface, or enum expected
[ERROR] /workspaces/master-thesis-pascal-joos/code_cure_agent/cca_workspace/joshua/src/main/java/org/apache/joshua/zmert/MertCore.java:[1985,7] class, interface, or enum expected
[ERROR] /workspaces/master-thesis-pascal-joos/code_cure_agent/cca_workspace/joshua/src/main/java/org/apache/joshua/zmert/MertCore.java:[1986,5] class, interface, or enum expected
[ERROR] /workspaces/master-thesis-pascal-joos/code_cure_agent/cca_workspace/joshua/src/main/java/org/apache/joshua/zmert/MertCore.java:[1988,7] class, interface, or enum expected
[ERROR] /workspaces/master-thesis-pascal-joos/code_cure_agent/cca_workspace/joshua/src/main/java/org/apache/joshua/zmert/MertCore.java:[1989,5] class, interface, or enum expected
[ERROR] /workspaces/master-thesis-pascal-joos/code_cure_agent/cca_workspace/joshua/src/main/java/org/apache/joshua/zmert/MertCore.java:[1995,7] class, interface, or enum expected
[ERROR] /workspaces/master-thesis-pascal-joos/code_cure_agent/cca_workspace/joshua/src/main/java/org/apache/joshua/zmert/MertCore.java:[1996,7] class, interface, or enum expected
[ERROR] /workspaces/master-thesis-pascal-joos/code_cure_agent/cca_workspace/joshua/src/main/java/org/apache/joshua/zmert/MertCore.java:[1997,7] class, interface, or enum expected
[ERROR] /workspaces/master-thesis-pascal-joos/code_cure_agent/cca_workspace/joshua/src/main/java/org/apache/joshua/zmert/MertCore.java:[2000,7] class, interface, or enum expected
[ERROR] /workspaces/master-thesis-pascal-joos/code_cure_agent/cca_workspace/joshua/src/main/java/org/apache/joshua/zmert/MertCore.java:[2003,5] class, interface, or enum expected
[ERROR] /workspaces/master-thesis-pascal-joos/code_cure_agent/cca_workspace/joshua/src/main/java/org/apache/joshua/zmert/MertCore.java:[2009,7] class, interface, or enum expected
[ERROR] /workspaces/master-thesis-pascal-joos/code_cure_agent/cca_workspace/joshua/src/main/java/org/apache/joshua/zmert/MertCore.java:[2011,7] class, interface, or enum expected
[ERROR] /workspaces/master-thesis-pascal-joos/code_cure_agent/cca_workspace/joshua/src/main/java/org/apache/joshua/zmert/MertCore.java:[2017,5] class, interface, or enum expected
[ERROR] /workspaces/master-thesis-pascal-joos/code_cure_agent/cca_workspace/joshua/src/main/java/org/apache/joshua/zmert/MertCore.java:[2018,5] class, interface, or enum expected
[ERROR] /workspaces/master-thesis-pascal-joos/code_cure_agent/cca_workspace/joshua/src/main/java/org/apache/joshua/zmert/MertCore.java:[2019,3] class, interface, or enum expected
[ERROR] /workspaces/master-thesis-pascal-joos/code_cure_agent/cca_workspace/joshua/src/main/java/org/apache/joshua/zmert/MertCore.java:[2021,10] class, interface, or enum expected
[ERROR] /workspaces/master-thesis-pascal-joos/code_cure_agent/cca_workspace/joshua/src/main/java/org/apache/joshua/zmert/MertCore.java:[2024,5] class, interface, or enum expected
[ERROR] /workspaces/master-thesis-pascal-joos/code_cure_agent/cca_workspace/joshua/src/main/java/org/apache/joshua/zmert/MertCore.java:[2031,5] class, interface, or enum expected
[ERROR] /workspaces/master-thesis-pascal-joos/code_cure_agent/cca_workspace/joshua/src/main/java/org/apache/joshua/zmert/MertCore.java:[2032,5] class, interface, or enum expected
[ERROR] /workspaces/master-thesis-pascal-joos/code_cure_agent/cca_workspace/joshua/src/main/java/org/apache/joshua/zmert/MertCore.java:[2036,5] class, interface, or enum expected
[ERROR] /workspaces/master-thesis-pascal-joos/code_cure_agent/cca_workspace/joshua/src/main/java/org/apache/joshua/zmert/MertCore.java:[2038,5] class, interface, or enum expected
[ERROR] /workspaces/master-thesis-pascal-joos/code_cure_agent/cca_workspace/joshua/src/main/java/org/apache/joshua/zmert/MertCore.java:[2041,9] class, interface, or enum expected
[ERROR] /workspaces/master-thesis-pascal-joos/code_cure_agent/cca_workspace/joshua/src/main/java/org/apache/joshua/zmert/MertCore.java:[2041,25] class, interface, or enum expected
[ERROR] /workspaces/master-thesis-pascal-joos/code_cure_agent/cca_workspace/joshua/src/main/java/org/apache/joshua/zmert/MertCore.java:[2041,41] class, interface, or enum expected
[ERROR] /workspaces/master-thesis-pascal-joos/code_cure_agent/cca_workspace/joshua/src/main/java/org/apache/joshua/zmert/MertCore.java:[2043,9] class, interface, or enum expected
[ERROR] /workspaces/master-thesis-pascal-joos/code_cure_agent/cca_workspace/joshua/src/main/java/org/apache/joshua/zmert/MertCore.java:[2046,7] class, interface, or enum expected
[ERROR] /workspaces/master-thesis-pascal-joos/code_cure_agent/cca_workspace/joshua/src/main/java/org/apache/joshua/zmert/MertCore.java:[2048,7] class, interface, or enum expected
[ERROR] /workspaces/master-thesis-pascal-joos/code_cure_agent/cca_workspace/joshua/src/main/java/org/apache/joshua/zmert/MertCore.java:[2056,5] class, interface, or enum expected
[ERROR] /workspaces/master-thesis-pascal-joos/code_cure_agent/cca_workspace/joshua/src/main/java/org/apache/joshua/zmert/MertCore.java:[2058,5] class, interface, or enum expected
[ERROR] /workspaces/master-thesis-pascal-joos/code_cure_agent/cca_workspace/joshua/src/main/java/org/apache/joshua/zmert/MertCore.java:[2059,5] class, interface, or enum expected
[ERROR] /workspaces/master-thesis-pascal-joos/code_cure_agent/cca_workspace/joshua/src/main/java/org/apache/joshua/zmert/MertCore.java:[2061,7] class, interface, or enum expected
[ERROR] /workspaces/master-thesis-pascal-joos/code_cure_agent/cca_workspace/joshua/src/main/java/org/apache/joshua/zmert/MertCore.java:[2062,7] class, interface, or enum expected
[ERROR] /workspaces/master-thesis-pascal-joos/code_cure_agent/cca_workspace/joshua/src/main/java/org/apache/joshua/zmert/MertCore.java:[2064,9] class, interface, or enum expected
[ERROR] /workspaces/master-thesis-pascal-joos/code_cure_agent/cca_workspace/joshua/src/main/java/org/apache/joshua/zmert/MertCore.java:[2066,9] class, interface, or enum expected
[ERROR] /workspaces/master-thesis-pascal-joos/code_cure_agent/cca_workspace/joshua/src/main/java/org/apache/joshua/zmert/MertCore.java:[2070,11] class, interface, or enum expected
[ERROR] /workspaces/master-thesis-pascal-joos/code_cure_agent/cca_workspace/joshua/src/main/java/org/apache/joshua/zmert/MertCore.java:[2076,11] class, interface, or enum expected
[ERROR] -> [Help 1]
[ERROR] 
[ERROR] To see the full stack trace of the errors, re-run Maven with the -e switch.
[ERROR] Re-run Maven using the -X switch to enable full debug logging.
[ERROR] 
[ERROR] For more information about the errors and possible solutions, please read the following articles:
[ERROR] [Help 1] http://cwiki.apache.org/confluence/display/MAVEN/MojoFailureException
