[INFO] Scanning for projects...
[INFO] 
[INFO] ----------------------< org.apache.joshua:joshua >----------------------
[INFO] Building Apache Joshua Machine Translation Toolkit 6.3-SNAPSHOT
[INFO] --------------------------------[ jar ]---------------------------------
[INFO] 
[INFO] --- maven-clean-plugin:3.0.0:clean (default-clean) @ joshua ---
[INFO] Deleting /workspaces/master-thesis-pascal-joos/code_cure_agent/cca_workspace/joshua/target
[INFO] 
[INFO] --- maven-remote-resources-plugin:1.5:process (process-resource-bundles) @ joshua ---
[INFO] 
[INFO] --- maven-resources-plugin:2.7:resources (default-resources) @ joshua ---
[INFO] Using 'UTF-8' encoding to copy filtered resources.
[INFO] Copying 1 resource
[INFO] Copying 3 resources
[INFO] 
[INFO] --- maven-compiler-plugin:3.5.1:compile (default-compile) @ joshua ---
[INFO] Changes detected - recompiling the module!
[INFO] Compiling 259 source files to /workspaces/master-thesis-pascal-joos/code_cure_agent/cca_workspace/joshua/target/classes
[INFO] -------------------------------------------------------------
[ERROR] COMPILATION ERROR : 
[INFO] -------------------------------------------------------------
[ERROR] /workspaces/master-thesis-pascal-joos/code_cure_agent/cca_workspace/joshua/src/main/java/org/apache/joshua/mira/MIRACore.java:[2217,1] illegal start of expression
[ERROR] /workspaces/master-thesis-pascal-joos/code_cure_agent/cca_workspace/joshua/src/main/java/org/apache/joshua/mira/MIRACore.java:[2217,8] case, default, or '}' expected
[ERROR] /workspaces/master-thesis-pascal-joos/code_cure_agent/cca_workspace/joshua/src/main/java/org/apache/joshua/mira/MIRACore.java:[2217,15] case, default, or '}' expected
[ERROR] /workspaces/master-thesis-pascal-joos/code_cure_agent/cca_workspace/joshua/src/main/java/org/apache/joshua/mira/MIRACore.java:[2217,21] case, default, or '}' expected
[ERROR] /workspaces/master-thesis-pascal-joos/code_cure_agent/cca_workspace/joshua/src/main/java/org/apache/joshua/mira/MIRACore.java:[2217,46] case, default, or '}' expected
[ERROR] /workspaces/master-thesis-pascal-joos/code_cure_agent/cca_workspace/joshua/src/main/java/org/apache/joshua/mira/MIRACore.java:[2217,54] case, default, or '}' expected
[ERROR] /workspaces/master-thesis-pascal-joos/code_cure_agent/cca_workspace/joshua/src/main/java/org/apache/joshua/mira/MIRACore.java:[2217,71] case, default, or '}' expected
[ERROR] /workspaces/master-thesis-pascal-joos/code_cure_agent/cca_workspace/joshua/src/main/java/org/apache/joshua/mira/MIRACore.java:[2218,3] case, default, or '}' expected
[ERROR] /workspaces/master-thesis-pascal-joos/code_cure_agent/cca_workspace/joshua/src/main/java/org/apache/joshua/mira/MIRACore.java:[2218,10] case, default, or '}' expected
[ERROR] /workspaces/master-thesis-pascal-joos/code_cure_agent/cca_workspace/joshua/src/main/java/org/apache/joshua/mira/MIRACore.java:[2218,34] case, default, or '}' expected
[ERROR] /workspaces/master-thesis-pascal-joos/code_cure_agent/cca_workspace/joshua/src/main/java/org/apache/joshua/mira/MIRACore.java:[2218,35] case, default, or '}' expected
[ERROR] /workspaces/master-thesis-pascal-joos/code_cure_agent/cca_workspace/joshua/src/main/java/org/apache/joshua/mira/MIRACore.java:[2218,42] case, default, or '}' expected
[ERROR] /workspaces/master-thesis-pascal-joos/code_cure_agent/cca_workspace/joshua/src/main/java/org/apache/joshua/mira/MIRACore.java:[2218,49] case, default, or '}' expected
[ERROR] /workspaces/master-thesis-pascal-joos/code_cure_agent/cca_workspace/joshua/src/main/java/org/apache/joshua/mira/MIRACore.java:[2218,51] case, default, or '}' expected
[ERROR] /workspaces/master-thesis-pascal-joos/code_cure_agent/cca_workspace/joshua/src/main/java/org/apache/joshua/mira/MIRACore.java:[2219,5] case, default, or '}' expected
[ERROR] /workspaces/master-thesis-pascal-joos/code_cure_agent/cca_workspace/joshua/src/main/java/org/apache/joshua/mira/MIRACore.java:[2219,10] case, default, or '}' expected
[ERROR] /workspaces/master-thesis-pascal-joos/code_cure_agent/cca_workspace/joshua/src/main/java/org/apache/joshua/mira/MIRACore.java:[2219,11] case, default, or '}' expected
[ERROR] /workspaces/master-thesis-pascal-joos/code_cure_agent/cca_workspace/joshua/src/main/java/org/apache/joshua/mira/MIRACore.java:[2219,18] case, default, or '}' expected
[ERROR] /workspaces/master-thesis-pascal-joos/code_cure_agent/cca_workspace/joshua/src/main/java/org/apache/joshua/mira/MIRACore.java:[2219,19] case, default, or '}' expected
[ERROR] /workspaces/master-thesis-pascal-joos/code_cure_agent/cca_workspace/joshua/src/main/java/org/apache/joshua/mira/MIRACore.java:[2230,25] ']' expected
[ERROR] /workspaces/master-thesis-pascal-joos/code_cure_agent/cca_workspace/joshua/src/main/java/org/apache/joshua/mira/MIRACore.java:[2230,46] <identifier> expected
[ERROR] /workspaces/master-thesis-pascal-joos/code_cure_agent/cca_workspace/joshua/src/main/java/org/apache/joshua/mira/MIRACore.java:[2230,48] <identifier> expected
[ERROR] /workspaces/master-thesis-pascal-joos/code_cure_agent/cca_workspace/joshua/src/main/java/org/apache/joshua/mira/MIRACore.java:[2231,17] <identifier> expected
[ERROR] /workspaces/master-thesis-pascal-joos/code_cure_agent/cca_workspace/joshua/src/main/java/org/apache/joshua/mira/MIRACore.java:[2232,11] class, interface, or enum expected
[ERROR] /workspaces/master-thesis-pascal-joos/code_cure_agent/cca_workspace/joshua/src/main/java/org/apache/joshua/mira/MIRACore.java:[2234,11] class, interface, or enum expected
[ERROR] /workspaces/master-thesis-pascal-joos/code_cure_agent/cca_workspace/joshua/src/main/java/org/apache/joshua/mira/MIRACore.java:[2235,11] class, interface, or enum expected
[ERROR] /workspaces/master-thesis-pascal-joos/code_cure_agent/cca_workspace/joshua/src/main/java/org/apache/joshua/mira/MIRACore.java:[2236,11] class, interface, or enum expected
[ERROR] /workspaces/master-thesis-pascal-joos/code_cure_agent/cca_workspace/joshua/src/main/java/org/apache/joshua/mira/MIRACore.java:[2238,13] class, interface, or enum expected
[ERROR] /workspaces/master-thesis-pascal-joos/code_cure_agent/cca_workspace/joshua/src/main/java/org/apache/joshua/mira/MIRACore.java:[2239,11] class, interface, or enum expected
[ERROR] /workspaces/master-thesis-pascal-joos/code_cure_agent/cca_workspace/joshua/src/main/java/org/apache/joshua/mira/MIRACore.java:[2241,13] class, interface, or enum expected
[ERROR] /workspaces/master-thesis-pascal-joos/code_cure_agent/cca_workspace/joshua/src/main/java/org/apache/joshua/mira/MIRACore.java:[2242,11] class, interface, or enum expected
[ERROR] /workspaces/master-thesis-pascal-joos/code_cure_agent/cca_workspace/joshua/src/main/java/org/apache/joshua/mira/MIRACore.java:[2244,11] class, interface, or enum expected
[ERROR] /workspaces/master-thesis-pascal-joos/code_cure_agent/cca_workspace/joshua/src/main/java/org/apache/joshua/mira/MIRACore.java:[2245,11] class, interface, or enum expected
[ERROR] /workspaces/master-thesis-pascal-joos/code_cure_agent/cca_workspace/joshua/src/main/java/org/apache/joshua/mira/MIRACore.java:[2246,9] class, interface, or enum expected
[ERROR] /workspaces/master-thesis-pascal-joos/code_cure_agent/cca_workspace/joshua/src/main/java/org/apache/joshua/mira/MIRACore.java:[2248,9] class, interface, or enum expected
[ERROR] /workspaces/master-thesis-pascal-joos/code_cure_agent/cca_workspace/joshua/src/main/java/org/apache/joshua/mira/MIRACore.java:[2250,7] class, interface, or enum expected
[ERROR] /workspaces/master-thesis-pascal-joos/code_cure_agent/cca_workspace/joshua/src/main/java/org/apache/joshua/mira/MIRACore.java:[2252,9] class, interface, or enum expected
[ERROR] /workspaces/master-thesis-pascal-joos/code_cure_agent/cca_workspace/joshua/src/main/java/org/apache/joshua/mira/MIRACore.java:[2254,9] class, interface, or enum expected
[ERROR] /workspaces/master-thesis-pascal-joos/code_cure_agent/cca_workspace/joshua/src/main/java/org/apache/joshua/mira/MIRACore.java:[2256,7] class, interface, or enum expected
[ERROR] /workspaces/master-thesis-pascal-joos/code_cure_agent/cca_workspace/joshua/src/main/java/org/apache/joshua/mira/MIRACore.java:[2258,9] class, interface, or enum expected
[ERROR] /workspaces/master-thesis-pascal-joos/code_cure_agent/cca_workspace/joshua/src/main/java/org/apache/joshua/mira/MIRACore.java:[2260,9] class, interface, or enum expected
[ERROR] /workspaces/master-thesis-pascal-joos/code_cure_agent/cca_workspace/joshua/src/main/java/org/apache/joshua/mira/MIRACore.java:[2262,7] class, interface, or enum expected
[ERROR] /workspaces/master-thesis-pascal-joos/code_cure_agent/cca_workspace/joshua/src/main/java/org/apache/joshua/mira/MIRACore.java:[2264,9] class, interface, or enum expected
[ERROR] /workspaces/master-thesis-pascal-joos/code_cure_agent/cca_workspace/joshua/src/main/java/org/apache/joshua/mira/MIRACore.java:[2266,9] class, interface, or enum expected
[ERROR] /workspaces/master-thesis-pascal-joos/code_cure_agent/cca_workspace/joshua/src/main/java/org/apache/joshua/mira/MIRACore.java:[2268,7] class, interface, or enum expected
[ERROR] /workspaces/master-thesis-pascal-joos/code_cure_agent/cca_workspace/joshua/src/main/java/org/apache/joshua/mira/MIRACore.java:[2270,9] class, interface, or enum expected
[ERROR] /workspaces/master-thesis-pascal-joos/code_cure_agent/cca_workspace/joshua/src/main/java/org/apache/joshua/mira/MIRACore.java:[2272,9] class, interface, or enum expected
[ERROR] /workspaces/master-thesis-pascal-joos/code_cure_agent/cca_workspace/joshua/src/main/java/org/apache/joshua/mira/MIRACore.java:[2274,7] class, interface, or enum expected
[ERROR] /workspaces/master-thesis-pascal-joos/code_cure_agent/cca_workspace/joshua/src/main/java/org/apache/joshua/mira/MIRACore.java:[2276,9] class, interface, or enum expected
[ERROR] /workspaces/master-thesis-pascal-joos/code_cure_agent/cca_workspace/joshua/src/main/java/org/apache/joshua/mira/MIRACore.java:[2280,7] class, interface, or enum expected
[ERROR] /workspaces/master-thesis-pascal-joos/code_cure_agent/cca_workspace/joshua/src/main/java/org/apache/joshua/mira/MIRACore.java:[2282,9] class, interface, or enum expected
[ERROR] /workspaces/master-thesis-pascal-joos/code_cure_agent/cca_workspace/joshua/src/main/java/org/apache/joshua/mira/MIRACore.java:[2284,9] class, interface, or enum expected
[ERROR] /workspaces/master-thesis-pascal-joos/code_cure_agent/cca_workspace/joshua/src/main/java/org/apache/joshua/mira/MIRACore.java:[2286,7] class, interface, or enum expected
[ERROR] /workspaces/master-thesis-pascal-joos/code_cure_agent/cca_workspace/joshua/src/main/java/org/apache/joshua/mira/MIRACore.java:[2288,9] class, interface, or enum expected
[ERROR] /workspaces/master-thesis-pascal-joos/code_cure_agent/cca_workspace/joshua/src/main/java/org/apache/joshua/mira/MIRACore.java:[2290,9] class, interface, or enum expected
[ERROR] /workspaces/master-thesis-pascal-joos/code_cure_agent/cca_workspace/joshua/src/main/java/org/apache/joshua/mira/MIRACore.java:[2292,7] class, interface, or enum expected
[ERROR] /workspaces/master-thesis-pascal-joos/code_cure_agent/cca_workspace/joshua/src/main/java/org/apache/joshua/mira/MIRACore.java:[2294,9] class, interface, or enum expected
[ERROR] /workspaces/master-thesis-pascal-joos/code_cure_agent/cca_workspace/joshua/src/main/java/org/apache/joshua/mira/MIRACore.java:[2296,9] class, interface, or enum expected
[ERROR] /workspaces/master-thesis-pascal-joos/code_cure_agent/cca_workspace/joshua/src/main/java/org/apache/joshua/mira/MIRACore.java:[2298,7] class, interface, or enum expected
[ERROR] /workspaces/master-thesis-pascal-joos/code_cure_agent/cca_workspace/joshua/src/main/java/org/apache/joshua/mira/MIRACore.java:[2300,9] class, interface, or enum expected
[ERROR] /workspaces/master-thesis-pascal-joos/code_cure_agent/cca_workspace/joshua/src/main/java/org/apache/joshua/mira/MIRACore.java:[2302,9] class, interface, or enum expected
[ERROR] /workspaces/master-thesis-pascal-joos/code_cure_agent/cca_workspace/joshua/src/main/java/org/apache/joshua/mira/MIRACore.java:[2304,9] class, interface, or enum expected
[ERROR] /workspaces/master-thesis-pascal-joos/code_cure_agent/cca_workspace/joshua/src/main/java/org/apache/joshua/mira/MIRACore.java:[2306,9] class, interface, or enum expected
[ERROR] /workspaces/master-thesis-pascal-joos/code_cure_agent/cca_workspace/joshua/src/main/java/org/apache/joshua/mira/MIRACore.java:[2308,7] class, interface, or enum expected
[ERROR] /workspaces/master-thesis-pascal-joos/code_cure_agent/cca_workspace/joshua/src/main/java/org/apache/joshua/mira/MIRACore.java:[2310,9] class, interface, or enum expected
[ERROR] /workspaces/master-thesis-pascal-joos/code_cure_agent/cca_workspace/joshua/src/main/java/org/apache/joshua/mira/MIRACore.java:[2312,9] class, interface, or enum expected
[ERROR] /workspaces/master-thesis-pascal-joos/code_cure_agent/cca_workspace/joshua/src/main/java/org/apache/joshua/mira/MIRACore.java:[2314,9] class, interface, or enum expected
[ERROR] /workspaces/master-thesis-pascal-joos/code_cure_agent/cca_workspace/joshua/src/main/java/org/apache/joshua/mira/MIRACore.java:[2316,9] class, interface, or enum expected
[ERROR] /workspaces/master-thesis-pascal-joos/code_cure_agent/cca_workspace/joshua/src/main/java/org/apache/joshua/mira/MIRACore.java:[2318,7] class, interface, or enum expected
[ERROR] /workspaces/master-thesis-pascal-joos/code_cure_agent/cca_workspace/joshua/src/main/java/org/apache/joshua/mira/MIRACore.java:[2321,9] class, interface, or enum expected
[ERROR] /workspaces/master-thesis-pascal-joos/code_cure_agent/cca_workspace/joshua/src/main/java/org/apache/joshua/mira/MIRACore.java:[2323,9] class, interface, or enum expected
[ERROR] /workspaces/master-thesis-pascal-joos/code_cure_agent/cca_workspace/joshua/src/main/java/org/apache/joshua/mira/MIRACore.java:[2331,7] class, interface, or enum expected
[ERROR] /workspaces/master-thesis-pascal-joos/code_cure_agent/cca_workspace/joshua/src/main/java/org/apache/joshua/mira/MIRACore.java:[2333,9] class, interface, or enum expected
[ERROR] /workspaces/master-thesis-pascal-joos/code_cure_agent/cca_workspace/joshua/src/main/java/org/apache/joshua/mira/MIRACore.java:[2335,9] class, interface, or enum expected
[ERROR] /workspaces/master-thesis-pascal-joos/code_cure_agent/cca_workspace/joshua/src/main/java/org/apache/joshua/mira/MIRACore.java:[2337,9] class, interface, or enum expected
[ERROR] /workspaces/master-thesis-pascal-joos/code_cure_agent/cca_workspace/joshua/src/main/java/org/apache/joshua/mira/MIRACore.java:[2339,9] class, interface, or enum expected
[ERROR] /workspaces/master-thesis-pascal-joos/code_cure_agent/cca_workspace/joshua/src/main/java/org/apache/joshua/mira/MIRACore.java:[2342,7] class, interface, or enum expected
[ERROR] /workspaces/master-thesis-pascal-joos/code_cure_agent/cca_workspace/joshua/src/main/java/org/apache/joshua/mira/MIRACore.java:[2344,9] class, interface, or enum expected
[ERROR] /workspaces/master-thesis-pascal-joos/code_cure_agent/cca_workspace/joshua/src/main/java/org/apache/joshua/mira/MIRACore.java:[2346,9] class, interface, or enum expected
[ERROR] /workspaces/master-thesis-pascal-joos/code_cure_agent/cca_workspace/joshua/src/main/java/org/apache/joshua/mira/MIRACore.java:[2348,9] class, interface, or enum expected
[ERROR] /workspaces/master-thesis-pascal-joos/code_cure_agent/cca_workspace/joshua/src/main/java/org/apache/joshua/mira/MIRACore.java:[2350,9] class, interface, or enum expected
[ERROR] /workspaces/master-thesis-pascal-joos/code_cure_agent/cca_workspace/joshua/src/main/java/org/apache/joshua/mira/MIRACore.java:[2353,7] class, interface, or enum expected
[ERROR] /workspaces/master-thesis-pascal-joos/code_cure_agent/cca_workspace/joshua/src/main/java/org/apache/joshua/mira/MIRACore.java:[2355,9] class, interface, or enum expected
[ERROR] /workspaces/master-thesis-pascal-joos/code_cure_agent/cca_workspace/joshua/src/main/java/org/apache/joshua/mira/MIRACore.java:[2357,9] class, interface, or enum expected
[ERROR] /workspaces/master-thesis-pascal-joos/code_cure_agent/cca_workspace/joshua/src/main/java/org/apache/joshua/mira/MIRACore.java:[2359,9] class, interface, or enum expected
[ERROR] /workspaces/master-thesis-pascal-joos/code_cure_agent/cca_workspace/joshua/src/main/java/org/apache/joshua/mira/MIRACore.java:[2361,9] class, interface, or enum expected
[ERROR] /workspaces/master-thesis-pascal-joos/code_cure_agent/cca_workspace/joshua/src/main/java/org/apache/joshua/mira/MIRACore.java:[2364,7] class, interface, or enum expected
[ERROR] /workspaces/master-thesis-pascal-joos/code_cure_agent/cca_workspace/joshua/src/main/java/org/apache/joshua/mira/MIRACore.java:[2366,9] class, interface, or enum expected
[ERROR] /workspaces/master-thesis-pascal-joos/code_cure_agent/cca_workspace/joshua/src/main/java/org/apache/joshua/mira/MIRACore.java:[2368,9] class, interface, or enum expected
[ERROR] /workspaces/master-thesis-pascal-joos/code_cure_agent/cca_workspace/joshua/src/main/java/org/apache/joshua/mira/MIRACore.java:[2370,9] class, interface, or enum expected
[ERROR] /workspaces/master-thesis-pascal-joos/code_cure_agent/cca_workspace/joshua/src/main/java/org/apache/joshua/mira/MIRACore.java:[2372,9] class, interface, or enum expected
[ERROR] /workspaces/master-thesis-pascal-joos/code_cure_agent/cca_workspace/joshua/src/main/java/org/apache/joshua/mira/MIRACore.java:[2375,7] class, interface, or enum expected
[ERROR] /workspaces/master-thesis-pascal-joos/code_cure_agent/cca_workspace/joshua/src/main/java/org/apache/joshua/mira/MIRACore.java:[2377,9] class, interface, or enum expected
[ERROR] /workspaces/master-thesis-pascal-joos/code_cure_agent/cca_workspace/joshua/src/main/java/org/apache/joshua/mira/MIRACore.java:[2379,7] class, interface, or enum expected
[ERROR] /workspaces/master-thesis-pascal-joos/code_cure_agent/cca_workspace/joshua/src/main/java/org/apache/joshua/mira/MIRACore.java:[2381,9] class, interface, or enum expected
[ERROR] /workspaces/master-thesis-pascal-joos/code_cure_agent/cca_workspace/joshua/src/main/java/org/apache/joshua/mira/MIRACore.java:[2383,7] class, interface, or enum expected
[ERROR] /workspaces/master-thesis-pascal-joos/code_cure_agent/cca_workspace/joshua/src/main/java/org/apache/joshua/mira/MIRACore.java:[2385,9] class, interface, or enum expected
[ERROR] /workspaces/master-thesis-pascal-joos/code_cure_agent/cca_workspace/joshua/src/main/java/org/apache/joshua/mira/MIRACore.java:[2387,7] class, interface, or enum expected
[ERROR] /workspaces/master-thesis-pascal-joos/code_cure_agent/cca_workspace/joshua/src/main/java/org/apache/joshua/mira/MIRACore.java:[2389,9] class, interface, or enum expected
[ERROR] /workspaces/master-thesis-pascal-joos/code_cure_agent/cca_workspace/joshua/src/main/java/org/apache/joshua/mira/MIRACore.java:[2391,7] class, interface, or enum expected
[INFO] 100 errors 
[INFO] -------------------------------------------------------------
[INFO] ------------------------------------------------------------------------
[INFO] BUILD FAILURE
[INFO] ------------------------------------------------------------------------
[INFO] Total time:  1.910 s
[INFO] Finished at: 2025-08-30T10:21:18Z
[INFO] ------------------------------------------------------------------------
[ERROR] Failed to execute goal org.apache.maven.plugins:maven-compiler-plugin:3.5.1:compile (default-compile) on project joshua: Compilation failure: Compilation failure: 
[ERROR] /workspaces/master-thesis-pascal-joos/code_cure_agent/cca_workspace/joshua/src/main/java/org/apache/joshua/mira/MIRACore.java:[2217,1] illegal start of expression
[ERROR] /workspaces/master-thesis-pascal-joos/code_cure_agent/cca_workspace/joshua/src/main/java/org/apache/joshua/mira/MIRACore.java:[2217,8] case, default, or '}' expected
[ERROR] /workspaces/master-thesis-pascal-joos/code_cure_agent/cca_workspace/joshua/src/main/java/org/apache/joshua/mira/MIRACore.java:[2217,15] case, default, or '}' expected
[ERROR] /workspaces/master-thesis-pascal-joos/code_cure_agent/cca_workspace/joshua/src/main/java/org/apache/joshua/mira/MIRACore.java:[2217,21] case, default, or '}' expected
[ERROR] /workspaces/master-thesis-pascal-joos/code_cure_agent/cca_workspace/joshua/src/main/java/org/apache/joshua/mira/MIRACore.java:[2217,46] case, default, or '}' expected
[ERROR] /workspaces/master-thesis-pascal-joos/code_cure_agent/cca_workspace/joshua/src/main/java/org/apache/joshua/mira/MIRACore.java:[2217,54] case, default, or '}' expected
[ERROR] /workspaces/master-thesis-pascal-joos/code_cure_agent/cca_workspace/joshua/src/main/java/org/apache/joshua/mira/MIRACore.java:[2217,71] case, default, or '}' expected
[ERROR] /workspaces/master-thesis-pascal-joos/code_cure_agent/cca_workspace/joshua/src/main/java/org/apache/joshua/mira/MIRACore.java:[2218,3] case, default, or '}' expected
[ERROR] /workspaces/master-thesis-pascal-joos/code_cure_agent/cca_workspace/joshua/src/main/java/org/apache/joshua/mira/MIRACore.java:[2218,10] case, default, or '}' expected
[ERROR] /workspaces/master-thesis-pascal-joos/code_cure_agent/cca_workspace/joshua/src/main/java/org/apache/joshua/mira/MIRACore.java:[2218,34] case, default, or '}' expected
[ERROR] /workspaces/master-thesis-pascal-joos/code_cure_agent/cca_workspace/joshua/src/main/java/org/apache/joshua/mira/MIRACore.java:[2218,35] case, default, or '}' expected
[ERROR] /workspaces/master-thesis-pascal-joos/code_cure_agent/cca_workspace/joshua/src/main/java/org/apache/joshua/mira/MIRACore.java:[2218,42] case, default, or '}' expected
[ERROR] /workspaces/master-thesis-pascal-joos/code_cure_agent/cca_workspace/joshua/src/main/java/org/apache/joshua/mira/MIRACore.java:[2218,49] case, default, or '}' expected
[ERROR] /workspaces/master-thesis-pascal-joos/code_cure_agent/cca_workspace/joshua/src/main/java/org/apache/joshua/mira/MIRACore.java:[2218,51] case, default, or '}' expected
[ERROR] /workspaces/master-thesis-pascal-joos/code_cure_agent/cca_workspace/joshua/src/main/java/org/apache/joshua/mira/MIRACore.java:[2219,5] case, default, or '}' expected
[ERROR] /workspaces/master-thesis-pascal-joos/code_cure_agent/cca_workspace/joshua/src/main/java/org/apache/joshua/mira/MIRACore.java:[2219,10] case, default, or '}' expected
[ERROR] /workspaces/master-thesis-pascal-joos/code_cure_agent/cca_workspace/joshua/src/main/java/org/apache/joshua/mira/MIRACore.java:[2219,11] case, default, or '}' expected
[ERROR] /workspaces/master-thesis-pascal-joos/code_cure_agent/cca_workspace/joshua/src/main/java/org/apache/joshua/mira/MIRACore.java:[2219,18] case, default, or '}' expected
[ERROR] /workspaces/master-thesis-pascal-joos/code_cure_agent/cca_workspace/joshua/src/main/java/org/apache/joshua/mira/MIRACore.java:[2219,19] case, default, or '}' expected
[ERROR] /workspaces/master-thesis-pascal-joos/code_cure_agent/cca_workspace/joshua/src/main/java/org/apache/joshua/mira/MIRACore.java:[2230,25] ']' expected
[ERROR] /workspaces/master-thesis-pascal-joos/code_cure_agent/cca_workspace/joshua/src/main/java/org/apache/joshua/mira/MIRACore.java:[2230,46] <identifier> expected
[ERROR] /workspaces/master-thesis-pascal-joos/code_cure_agent/cca_workspace/joshua/src/main/java/org/apache/joshua/mira/MIRACore.java:[2230,48] <identifier> expected
[ERROR] /workspaces/master-thesis-pascal-joos/code_cure_agent/cca_workspace/joshua/src/main/java/org/apache/joshua/mira/MIRACore.java:[2231,17] <identifier> expected
[ERROR] /workspaces/master-thesis-pascal-joos/code_cure_agent/cca_workspace/joshua/src/main/java/org/apache/joshua/mira/MIRACore.java:[2232,11] class, interface, or enum expected
[ERROR] /workspaces/master-thesis-pascal-joos/code_cure_agent/cca_workspace/joshua/src/main/java/org/apache/joshua/mira/MIRACore.java:[2234,11] class, interface, or enum expected
[ERROR] /workspaces/master-thesis-pascal-joos/code_cure_agent/cca_workspace/joshua/src/main/java/org/apache/joshua/mira/MIRACore.java:[2235,11] class, interface, or enum expected
[ERROR] /workspaces/master-thesis-pascal-joos/code_cure_agent/cca_workspace/joshua/src/main/java/org/apache/joshua/mira/MIRACore.java:[2236,11] class, interface, or enum expected
[ERROR] /workspaces/master-thesis-pascal-joos/code_cure_agent/cca_workspace/joshua/src/main/java/org/apache/joshua/mira/MIRACore.java:[2238,13] class, interface, or enum expected
[ERROR] /workspaces/master-thesis-pascal-joos/code_cure_agent/cca_workspace/joshua/src/main/java/org/apache/joshua/mira/MIRACore.java:[2239,11] class, interface, or enum expected
[ERROR] /workspaces/master-thesis-pascal-joos/code_cure_agent/cca_workspace/joshua/src/main/java/org/apache/joshua/mira/MIRACore.java:[2241,13] class, interface, or enum expected
[ERROR] /workspaces/master-thesis-pascal-joos/code_cure_agent/cca_workspace/joshua/src/main/java/org/apache/joshua/mira/MIRACore.java:[2242,11] class, interface, or enum expected
[ERROR] /workspaces/master-thesis-pascal-joos/code_cure_agent/cca_workspace/joshua/src/main/java/org/apache/joshua/mira/MIRACore.java:[2244,11] class, interface, or enum expected
[ERROR] /workspaces/master-thesis-pascal-joos/code_cure_agent/cca_workspace/joshua/src/main/java/org/apache/joshua/mira/MIRACore.java:[2245,11] class, interface, or enum expected
[ERROR] /workspaces/master-thesis-pascal-joos/code_cure_agent/cca_workspace/joshua/src/main/java/org/apache/joshua/mira/MIRACore.java:[2246,9] class, interface, or enum expected
[ERROR] /workspaces/master-thesis-pascal-joos/code_cure_agent/cca_workspace/joshua/src/main/java/org/apache/joshua/mira/MIRACore.java:[2248,9] class, interface, or enum expected
[ERROR] /workspaces/master-thesis-pascal-joos/code_cure_agent/cca_workspace/joshua/src/main/java/org/apache/joshua/mira/MIRACore.java:[2250,7] class, interface, or enum expected
[ERROR] /workspaces/master-thesis-pascal-joos/code_cure_agent/cca_workspace/joshua/src/main/java/org/apache/joshua/mira/MIRACore.java:[2252,9] class, interface, or enum expected
[ERROR] /workspaces/master-thesis-pascal-joos/code_cure_agent/cca_workspace/joshua/src/main/java/org/apache/joshua/mira/MIRACore.java:[2254,9] class, interface, or enum expected
[ERROR] /workspaces/master-thesis-pascal-joos/code_cure_agent/cca_workspace/joshua/src/main/java/org/apache/joshua/mira/MIRACore.java:[2256,7] class, interface, or enum expected
[ERROR] /workspaces/master-thesis-pascal-joos/code_cure_agent/cca_workspace/joshua/src/main/java/org/apache/joshua/mira/MIRACore.java:[2258,9] class, interface, or enum expected
[ERROR] /workspaces/master-thesis-pascal-joos/code_cure_agent/cca_workspace/joshua/src/main/java/org/apache/joshua/mira/MIRACore.java:[2260,9] class, interface, or enum expected
[ERROR] /workspaces/master-thesis-pascal-joos/code_cure_agent/cca_workspace/joshua/src/main/java/org/apache/joshua/mira/MIRACore.java:[2262,7] class, interface, or enum expected
[ERROR] /workspaces/master-thesis-pascal-joos/code_cure_agent/cca_workspace/joshua/src/main/java/org/apache/joshua/mira/MIRACore.java:[2264,9] class, interface, or enum expected
[ERROR] /workspaces/master-thesis-pascal-joos/code_cure_agent/cca_workspace/joshua/src/main/java/org/apache/joshua/mira/MIRACore.java:[2266,9] class, interface, or enum expected
[ERROR] /workspaces/master-thesis-pascal-joos/code_cure_agent/cca_workspace/joshua/src/main/java/org/apache/joshua/mira/MIRACore.java:[2268,7] class, interface, or enum expected
[ERROR] /workspaces/master-thesis-pascal-joos/code_cure_agent/cca_workspace/joshua/src/main/java/org/apache/joshua/mira/MIRACore.java:[2270,9] class, interface, or enum expected
[ERROR] /workspaces/master-thesis-pascal-joos/code_cure_agent/cca_workspace/joshua/src/main/java/org/apache/joshua/mira/MIRACore.java:[2272,9] class, interface, or enum expected
[ERROR] /workspaces/master-thesis-pascal-joos/code_cure_agent/cca_workspace/joshua/src/main/java/org/apache/joshua/mira/MIRACore.java:[2274,7] class, interface, or enum expected
[ERROR] /workspaces/master-thesis-pascal-joos/code_cure_agent/cca_workspace/joshua/src/main/java/org/apache/joshua/mira/MIRACore.java:[2276,9] class, interface, or enum expected
[ERROR] /workspaces/master-thesis-pascal-joos/code_cure_agent/cca_workspace/joshua/src/main/java/org/apache/joshua/mira/MIRACore.java:[2280,7] class, interface, or enum expected
[ERROR] /workspaces/master-thesis-pascal-joos/code_cure_agent/cca_workspace/joshua/src/main/java/org/apache/joshua/mira/MIRACore.java:[2282,9] class, interface, or enum expected
[ERROR] /workspaces/master-thesis-pascal-joos/code_cure_agent/cca_workspace/joshua/src/main/java/org/apache/joshua/mira/MIRACore.java:[2284,9] class, interface, or enum expected
[ERROR] /workspaces/master-thesis-pascal-joos/code_cure_agent/cca_workspace/joshua/src/main/java/org/apache/joshua/mira/MIRACore.java:[2286,7] class, interface, or enum expected
[ERROR] /workspaces/master-thesis-pascal-joos/code_cure_agent/cca_workspace/joshua/src/main/java/org/apache/joshua/mira/MIRACore.java:[2288,9] class, interface, or enum expected
[ERROR] /workspaces/master-thesis-pascal-joos/code_cure_agent/cca_workspace/joshua/src/main/java/org/apache/joshua/mira/MIRACore.java:[2290,9] class, interface, or enum expected
[ERROR] /workspaces/master-thesis-pascal-joos/code_cure_agent/cca_workspace/joshua/src/main/java/org/apache/joshua/mira/MIRACore.java:[2292,7] class, interface, or enum expected
[ERROR] /workspaces/master-thesis-pascal-joos/code_cure_agent/cca_workspace/joshua/src/main/java/org/apache/joshua/mira/MIRACore.java:[2294,9] class, interface, or enum expected
[ERROR] /workspaces/master-thesis-pascal-joos/code_cure_agent/cca_workspace/joshua/src/main/java/org/apache/joshua/mira/MIRACore.java:[2296,9] class, interface, or enum expected
[ERROR] /workspaces/master-thesis-pascal-joos/code_cure_agent/cca_workspace/joshua/src/main/java/org/apache/joshua/mira/MIRACore.java:[2298,7] class, interface, or enum expected
[ERROR] /workspaces/master-thesis-pascal-joos/code_cure_agent/cca_workspace/joshua/src/main/java/org/apache/joshua/mira/MIRACore.java:[2300,9] class, interface, or enum expected
[ERROR] /workspaces/master-thesis-pascal-joos/code_cure_agent/cca_workspace/joshua/src/main/java/org/apache/joshua/mira/MIRACore.java:[2302,9] class, interface, or enum expected
[ERROR] /workspaces/master-thesis-pascal-joos/code_cure_agent/cca_workspace/joshua/src/main/java/org/apache/joshua/mira/MIRACore.java:[2304,9] class, interface, or enum expected
[ERROR] /workspaces/master-thesis-pascal-joos/code_cure_agent/cca_workspace/joshua/src/main/java/org/apache/joshua/mira/MIRACore.java:[2306,9] class, interface, or enum expected
[ERROR] /workspaces/master-thesis-pascal-joos/code_cure_agent/cca_workspace/joshua/src/main/java/org/apache/joshua/mira/MIRACore.java:[2308,7] class, interface, or enum expected
[ERROR] /workspaces/master-thesis-pascal-joos/code_cure_agent/cca_workspace/joshua/src/main/java/org/apache/joshua/mira/MIRACore.java:[2310,9] class, interface, or enum expected
[ERROR] /workspaces/master-thesis-pascal-joos/code_cure_agent/cca_workspace/joshua/src/main/java/org/apache/joshua/mira/MIRACore.java:[2312,9] class, interface, or enum expected
[ERROR] /workspaces/master-thesis-pascal-joos/code_cure_agent/cca_workspace/joshua/src/main/java/org/apache/joshua/mira/MIRACore.java:[2314,9] class, interface, or enum expected
[ERROR] /workspaces/master-thesis-pascal-joos/code_cure_agent/cca_workspace/joshua/src/main/java/org/apache/joshua/mira/MIRACore.java:[2316,9] class, interface, or enum expected
[ERROR] /workspaces/master-thesis-pascal-joos/code_cure_agent/cca_workspace/joshua/src/main/java/org/apache/joshua/mira/MIRACore.java:[2318,7] class, interface, or enum expected
[ERROR] /workspaces/master-thesis-pascal-joos/code_cure_agent/cca_workspace/joshua/src/main/java/org/apache/joshua/mira/MIRACore.java:[2321,9] class, interface, or enum expected
[ERROR] /workspaces/master-thesis-pascal-joos/code_cure_agent/cca_workspace/joshua/src/main/java/org/apache/joshua/mira/MIRACore.java:[2323,9] class, interface, or enum expected
[ERROR] /workspaces/master-thesis-pascal-joos/code_cure_agent/cca_workspace/joshua/src/main/java/org/apache/joshua/mira/MIRACore.java:[2331,7] class, interface, or enum expected
[ERROR] /workspaces/master-thesis-pascal-joos/code_cure_agent/cca_workspace/joshua/src/main/java/org/apache/joshua/mira/MIRACore.java:[2333,9] class, interface, or enum expected
[ERROR] /workspaces/master-thesis-pascal-joos/code_cure_agent/cca_workspace/joshua/src/main/java/org/apache/joshua/mira/MIRACore.java:[2335,9] class, interface, or enum expected
[ERROR] /workspaces/master-thesis-pascal-joos/code_cure_agent/cca_workspace/joshua/src/main/java/org/apache/joshua/mira/MIRACore.java:[2337,9] class, interface, or enum expected
[ERROR] /workspaces/master-thesis-pascal-joos/code_cure_agent/cca_workspace/joshua/src/main/java/org/apache/joshua/mira/MIRACore.java:[2339,9] class, interface, or enum expected
[ERROR] /workspaces/master-thesis-pascal-joos/code_cure_agent/cca_workspace/joshua/src/main/java/org/apache/joshua/mira/MIRACore.java:[2342,7] class, interface, or enum expected
[ERROR] /workspaces/master-thesis-pascal-joos/code_cure_agent/cca_workspace/joshua/src/main/java/org/apache/joshua/mira/MIRACore.java:[2344,9] class, interface, or enum expected
[ERROR] /workspaces/master-thesis-pascal-joos/code_cure_agent/cca_workspace/joshua/src/main/java/org/apache/joshua/mira/MIRACore.java:[2346,9] class, interface, or enum expected
[ERROR] /workspaces/master-thesis-pascal-joos/code_cure_agent/cca_workspace/joshua/src/main/java/org/apache/joshua/mira/MIRACore.java:[2348,9] class, interface, or enum expected
[ERROR] /workspaces/master-thesis-pascal-joos/code_cure_agent/cca_workspace/joshua/src/main/java/org/apache/joshua/mira/MIRACore.java:[2350,9] class, interface, or enum expected
[ERROR] /workspaces/master-thesis-pascal-joos/code_cure_agent/cca_workspace/joshua/src/main/java/org/apache/joshua/mira/MIRACore.java:[2353,7] class, interface, or enum expected
[ERROR] /workspaces/master-thesis-pascal-joos/code_cure_agent/cca_workspace/joshua/src/main/java/org/apache/joshua/mira/MIRACore.java:[2355,9] class, interface, or enum expected
[ERROR] /workspaces/master-thesis-pascal-joos/code_cure_agent/cca_workspace/joshua/src/main/java/org/apache/joshua/mira/MIRACore.java:[2357,9] class, interface, or enum expected
[ERROR] /workspaces/master-thesis-pascal-joos/code_cure_agent/cca_workspace/joshua/src/main/java/org/apache/joshua/mira/MIRACore.java:[2359,9] class, interface, or enum expected
[ERROR] /workspaces/master-thesis-pascal-joos/code_cure_agent/cca_workspace/joshua/src/main/java/org/apache/joshua/mira/MIRACore.java:[2361,9] class, interface, or enum expected
[ERROR] /workspaces/master-thesis-pascal-joos/code_cure_agent/cca_workspace/joshua/src/main/java/org/apache/joshua/mira/MIRACore.java:[2364,7] class, interface, or enum expected
[ERROR] /workspaces/master-thesis-pascal-joos/code_cure_agent/cca_workspace/joshua/src/main/java/org/apache/joshua/mira/MIRACore.java:[2366,9] class, interface, or enum expected
[ERROR] /workspaces/master-thesis-pascal-joos/code_cure_agent/cca_workspace/joshua/src/main/java/org/apache/joshua/mira/MIRACore.java:[2368,9] class, interface, or enum expected
[ERROR] /workspaces/master-thesis-pascal-joos/code_cure_agent/cca_workspace/joshua/src/main/java/org/apache/joshua/mira/MIRACore.java:[2370,9] class, interface, or enum expected
[ERROR] /workspaces/master-thesis-pascal-joos/code_cure_agent/cca_workspace/joshua/src/main/java/org/apache/joshua/mira/MIRACore.java:[2372,9] class, interface, or enum expected
[ERROR] /workspaces/master-thesis-pascal-joos/code_cure_agent/cca_workspace/joshua/src/main/java/org/apache/joshua/mira/MIRACore.java:[2375,7] class, interface, or enum expected
[ERROR] /workspaces/master-thesis-pascal-joos/code_cure_agent/cca_workspace/joshua/src/main/java/org/apache/joshua/mira/MIRACore.java:[2377,9] class, interface, or enum expected
[ERROR] /workspaces/master-thesis-pascal-joos/code_cure_agent/cca_workspace/joshua/src/main/java/org/apache/joshua/mira/MIRACore.java:[2379,7] class, interface, or enum expected
[ERROR] /workspaces/master-thesis-pascal-joos/code_cure_agent/cca_workspace/joshua/src/main/java/org/apache/joshua/mira/MIRACore.java:[2381,9] class, interface, or enum expected
[ERROR] /workspaces/master-thesis-pascal-joos/code_cure_agent/cca_workspace/joshua/src/main/java/org/apache/joshua/mira/MIRACore.java:[2383,7] class, interface, or enum expected
[ERROR] /workspaces/master-thesis-pascal-joos/code_cure_agent/cca_workspace/joshua/src/main/java/org/apache/joshua/mira/MIRACore.java:[2385,9] class, interface, or enum expected
[ERROR] /workspaces/master-thesis-pascal-joos/code_cure_agent/cca_workspace/joshua/src/main/java/org/apache/joshua/mira/MIRACore.java:[2387,7] class, interface, or enum expected
[ERROR] /workspaces/master-thesis-pascal-joos/code_cure_agent/cca_workspace/joshua/src/main/java/org/apache/joshua/mira/MIRACore.java:[2389,9] class, interface, or enum expected
[ERROR] /workspaces/master-thesis-pascal-joos/code_cure_agent/cca_workspace/joshua/src/main/java/org/apache/joshua/mira/MIRACore.java:[2391,7] class, interface, or enum expected
[ERROR] -> [Help 1]
[ERROR] 
[ERROR] To see the full stack trace of the errors, re-run Maven with the -e switch.
[ERROR] Re-run Maven using the -X switch to enable full debug logging.
[ERROR] 
[ERROR] For more information about the errors and possible solutions, please read the following articles:
[ERROR] [Help 1] http://cwiki.apache.org/confluence/display/MAVEN/MojoFailureException
