[INFO] Scanning for projects...
[INFO] 
[INFO] ----------------------< org.apache.joshua:joshua >----------------------
[INFO] Building Apache Joshua Machine Translation Toolkit 6.3-SNAPSHOT
[INFO] --------------------------------[ jar ]---------------------------------
[INFO] 
[INFO] --- maven-clean-plugin:3.0.0:clean (default-clean) @ joshua ---
[INFO] Deleting /workspaces/xxxx/code_cure_agent/cca_workspace/joshua/target
[INFO] 
[INFO] --- maven-remote-resources-plugin:1.5:process (process-resource-bundles) @ joshua ---
[INFO] 
[INFO] --- maven-resources-plugin:2.7:resources (default-resources) @ joshua ---
[INFO] Using 'UTF-8' encoding to copy filtered resources.
[INFO] Copying 1 resource
[INFO] Copying 3 resources
[INFO] 
[INFO] --- maven-compiler-plugin:3.5.1:compile (default-compile) @ joshua ---
[INFO] Changes detected - recompiling the module!
[INFO] Compiling 259 source files to /workspaces/xxxx/code_cure_agent/cca_workspace/joshua/target/classes
[INFO] /workspaces/xxxx/code_cure_agent/cca_workspace/joshua/src/main/java/org/apache/joshua/ui/tree_visualizer/DerivationViewerApplet.java: Some input files use or override a deprecated API.
[INFO] /workspaces/xxxx/code_cure_agent/cca_workspace/joshua/src/main/java/org/apache/joshua/ui/tree_visualizer/DerivationViewerApplet.java: Recompile with -Xlint:deprecation for details.
[INFO] /workspaces/xxxx/code_cure_agent/cca_workspace/joshua/src/main/java/org/apache/joshua/decoder/chart_parser/Chart.java: Some input files use unchecked or unsafe operations.
[INFO] /workspaces/xxxx/code_cure_agent/cca_workspace/joshua/src/main/java/org/apache/joshua/decoder/chart_parser/Chart.java: Recompile with -Xlint:unchecked for details.
[INFO] -------------------------------------------------------------
[ERROR] COMPILATION ERROR : 
[INFO] -------------------------------------------------------------
[ERROR] /workspaces/xxxx/code_cure_agent/cca_workspace/joshua/src/main/java/org/apache/joshua/mira/MIRACore.java:[1990,19] cannot find symbol
  symbol:   class MyOwnRuntimeException
  location: class org.apache.joshua.mira.MIRACore
[ERROR] /workspaces/xxxx/code_cure_agent/cca_workspace/joshua/src/main/java/org/apache/joshua/mira/MIRACore.java:[2069,23] cannot find symbol
  symbol:   class MyOwnRuntimeException
  location: class org.apache.joshua.mira.MIRACore
[ERROR] /workspaces/xxxx/code_cure_agent/cca_workspace/joshua/src/main/java/org/apache/joshua/mira/MIRACore.java:[2077,17] cannot find symbol
  symbol:   class MyOwnRuntimeException
  location: class org.apache.joshua.mira.MIRACore
[ERROR] /workspaces/xxxx/code_cure_agent/cca_workspace/joshua/src/main/java/org/apache/joshua/mira/MIRACore.java:[2159,21] cannot find symbol
  symbol:   class MyOwnRuntimeException
  location: class org.apache.joshua.mira.MIRACore
[ERROR] /workspaces/xxxx/code_cure_agent/cca_workspace/joshua/src/main/java/org/apache/joshua/mira/MIRACore.java:[2165,21] cannot find symbol
  symbol:   class MyOwnRuntimeException
  location: class org.apache.joshua.mira.MIRACore
[ERROR] /workspaces/xxxx/code_cure_agent/cca_workspace/joshua/src/main/java/org/apache/joshua/mira/MIRACore.java:[2189,21] cannot find symbol
  symbol:   class MyOwnRuntimeException
  location: class org.apache.joshua.mira.MIRACore
[ERROR] /workspaces/xxxx/code_cure_agent/cca_workspace/joshua/src/main/java/org/apache/joshua/mira/MIRACore.java:[2235,21] cannot find symbol
  symbol:   class MyOwnRuntimeException
  location: class org.apache.joshua.mira.MIRACore
[ERROR] /workspaces/xxxx/code_cure_agent/cca_workspace/joshua/src/main/java/org/apache/joshua/mira/MIRACore.java:[2241,21] cannot find symbol
  symbol:   class MyOwnRuntimeException
  location: class org.apache.joshua.mira.MIRACore
[ERROR] /workspaces/xxxx/code_cure_agent/cca_workspace/joshua/src/main/java/org/apache/joshua/mira/MIRACore.java:[2247,21] cannot find symbol
  symbol:   class MyOwnRuntimeException
  location: class org.apache.joshua.mira.MIRACore
[ERROR] /workspaces/xxxx/code_cure_agent/cca_workspace/joshua/src/main/java/org/apache/joshua/mira/MIRACore.java:[2253,21] cannot find symbol
  symbol:   class MyOwnRuntimeException
  location: class org.apache.joshua.mira.MIRACore
[ERROR] /workspaces/xxxx/code_cure_agent/cca_workspace/joshua/src/main/java/org/apache/joshua/mira/MIRACore.java:[2259,21] cannot find symbol
  symbol:   class MyOwnRuntimeException
  location: class org.apache.joshua.mira.MIRACore
[ERROR] /workspaces/xxxx/code_cure_agent/cca_workspace/joshua/src/main/java/org/apache/joshua/mira/MIRACore.java:[2271,21] cannot find symbol
  symbol:   class MyOwnRuntimeException
  location: class org.apache.joshua.mira.MIRACore
[ERROR] /workspaces/xxxx/code_cure_agent/cca_workspace/joshua/src/main/java/org/apache/joshua/mira/MIRACore.java:[2277,21] cannot find symbol
  symbol:   class MyOwnRuntimeException
  location: class org.apache.joshua.mira.MIRACore
[ERROR] /workspaces/xxxx/code_cure_agent/cca_workspace/joshua/src/main/java/org/apache/joshua/mira/MIRACore.java:[2283,21] cannot find symbol
  symbol:   class MyOwnRuntimeException
  location: class org.apache.joshua.mira.MIRACore
[ERROR] /workspaces/xxxx/code_cure_agent/cca_workspace/joshua/src/main/java/org/apache/joshua/mira/MIRACore.java:[2293,21] cannot find symbol
  symbol:   class MyOwnRuntimeException
  location: class org.apache.joshua.mira.MIRACore
[ERROR] /workspaces/xxxx/code_cure_agent/cca_workspace/joshua/src/main/java/org/apache/joshua/mira/MIRACore.java:[2303,21] cannot find symbol
  symbol:   class MyOwnRuntimeException
  location: class org.apache.joshua.mira.MIRACore
[ERROR] /workspaces/xxxx/code_cure_agent/cca_workspace/joshua/src/main/java/org/apache/joshua/mira/MIRACore.java:[2326,21] cannot find symbol
  symbol:   class MyOwnRuntimeException
  location: class org.apache.joshua.mira.MIRACore
[ERROR] /workspaces/xxxx/code_cure_agent/cca_workspace/joshua/src/main/java/org/apache/joshua/mira/MIRACore.java:[2337,21] cannot find symbol
  symbol:   class MyOwnRuntimeException
  location: class org.apache.joshua.mira.MIRACore
[ERROR] /workspaces/xxxx/code_cure_agent/cca_workspace/joshua/src/main/java/org/apache/joshua/mira/MIRACore.java:[2348,21] cannot find symbol
  symbol:   class MyOwnRuntimeException
  location: class org.apache.joshua.mira.MIRACore
[ERROR] /workspaces/xxxx/code_cure_agent/cca_workspace/joshua/src/main/java/org/apache/joshua/mira/MIRACore.java:[2359,21] cannot find symbol
  symbol:   class MyOwnRuntimeException
  location: class org.apache.joshua.mira.MIRACore
[ERROR] /workspaces/xxxx/code_cure_agent/cca_workspace/joshua/src/main/java/org/apache/joshua/mira/MIRACore.java:[2392,21] cannot find symbol
  symbol:   class MyOwnRuntimeException
  location: class org.apache.joshua.mira.MIRACore
[ERROR] /workspaces/xxxx/code_cure_agent/cca_workspace/joshua/src/main/java/org/apache/joshua/mira/MIRACore.java:[2402,21] cannot find symbol
  symbol:   class MyOwnRuntimeException
  location: class org.apache.joshua.mira.MIRACore
[ERROR] /workspaces/xxxx/code_cure_agent/cca_workspace/joshua/src/main/java/org/apache/joshua/mira/MIRACore.java:[2412,21] cannot find symbol
  symbol:   class MyOwnRuntimeException
  location: class org.apache.joshua.mira.MIRACore
[INFO] 23 errors 
[INFO] -------------------------------------------------------------
[INFO] ------------------------------------------------------------------------
[INFO] BUILD FAILURE
[INFO] ------------------------------------------------------------------------
[INFO] Total time:  4.644 s
[INFO] Finished at: 2025-08-30T11:58:01Z
[INFO] ------------------------------------------------------------------------
[ERROR] Failed to execute goal org.apache.maven.plugins:maven-compiler-plugin:3.5.1:compile (default-compile) on project joshua: Compilation failure: Compilation failure: 
[ERROR] /workspaces/xxxx/code_cure_agent/cca_workspace/joshua/src/main/java/org/apache/joshua/mira/MIRACore.java:[1990,19] cannot find symbol
[ERROR]   symbol:   class MyOwnRuntimeException
[ERROR]   location: class org.apache.joshua.mira.MIRACore
[ERROR] /workspaces/xxxx/code_cure_agent/cca_workspace/joshua/src/main/java/org/apache/joshua/mira/MIRACore.java:[2069,23] cannot find symbol
[ERROR]   symbol:   class MyOwnRuntimeException
[ERROR]   location: class org.apache.joshua.mira.MIRACore
[ERROR] /workspaces/xxxx/code_cure_agent/cca_workspace/joshua/src/main/java/org/apache/joshua/mira/MIRACore.java:[2077,17] cannot find symbol
[ERROR]   symbol:   class MyOwnRuntimeException
[ERROR]   location: class org.apache.joshua.mira.MIRACore
[ERROR] /workspaces/xxxx/code_cure_agent/cca_workspace/joshua/src/main/java/org/apache/joshua/mira/MIRACore.java:[2159,21] cannot find symbol
[ERROR]   symbol:   class MyOwnRuntimeException
[ERROR]   location: class org.apache.joshua.mira.MIRACore
[ERROR] /workspaces/xxxx/code_cure_agent/cca_workspace/joshua/src/main/java/org/apache/joshua/mira/MIRACore.java:[2165,21] cannot find symbol
[ERROR]   symbol:   class MyOwnRuntimeException
[ERROR]   location: class org.apache.joshua.mira.MIRACore
[ERROR] /workspaces/xxxx/code_cure_agent/cca_workspace/joshua/src/main/java/org/apache/joshua/mira/MIRACore.java:[2189,21] cannot find symbol
[ERROR]   symbol:   class MyOwnRuntimeException
[ERROR]   location: class org.apache.joshua.mira.MIRACore
[ERROR] /workspaces/xxxx/code_cure_agent/cca_workspace/joshua/src/main/java/org/apache/joshua/mira/MIRACore.java:[2235,21] cannot find symbol
[ERROR]   symbol:   class MyOwnRuntimeException
[ERROR]   location: class org.apache.joshua.mira.MIRACore
[ERROR] /workspaces/xxxx/code_cure_agent/cca_workspace/joshua/src/main/java/org/apache/joshua/mira/MIRACore.java:[2241,21] cannot find symbol
[ERROR]   symbol:   class MyOwnRuntimeException
[ERROR]   location: class org.apache.joshua.mira.MIRACore
[ERROR] /workspaces/xxxx/code_cure_agent/cca_workspace/joshua/src/main/java/org/apache/joshua/mira/MIRACore.java:[2247,21] cannot find symbol
[ERROR]   symbol:   class MyOwnRuntimeException
[ERROR]   location: class org.apache.joshua.mira.MIRACore
[ERROR] /workspaces/xxxx/code_cure_agent/cca_workspace/joshua/src/main/java/org/apache/joshua/mira/MIRACore.java:[2253,21] cannot find symbol
[ERROR]   symbol:   class MyOwnRuntimeException
[ERROR]   location: class org.apache.joshua.mira.MIRACore
[ERROR] /workspaces/xxxx/code_cure_agent/cca_workspace/joshua/src/main/java/org/apache/joshua/mira/MIRACore.java:[2259,21] cannot find symbol
[ERROR]   symbol:   class MyOwnRuntimeException
[ERROR]   location: class org.apache.joshua.mira.MIRACore
[ERROR] /workspaces/xxxx/code_cure_agent/cca_workspace/joshua/src/main/java/org/apache/joshua/mira/MIRACore.java:[2271,21] cannot find symbol
[ERROR]   symbol:   class MyOwnRuntimeException
[ERROR]   location: class org.apache.joshua.mira.MIRACore
[ERROR] /workspaces/xxxx/code_cure_agent/cca_workspace/joshua/src/main/java/org/apache/joshua/mira/MIRACore.java:[2277,21] cannot find symbol
[ERROR]   symbol:   class MyOwnRuntimeException
[ERROR]   location: class org.apache.joshua.mira.MIRACore
[ERROR] /workspaces/xxxx/code_cure_agent/cca_workspace/joshua/src/main/java/org/apache/joshua/mira/MIRACore.java:[2283,21] cannot find symbol
[ERROR]   symbol:   class MyOwnRuntimeException
[ERROR]   location: class org.apache.joshua.mira.MIRACore
[ERROR] /workspaces/xxxx/code_cure_agent/cca_workspace/joshua/src/main/java/org/apache/joshua/mira/MIRACore.java:[2293,21] cannot find symbol
[ERROR]   symbol:   class MyOwnRuntimeException
[ERROR]   location: class org.apache.joshua.mira.MIRACore
[ERROR] /workspaces/xxxx/code_cure_agent/cca_workspace/joshua/src/main/java/org/apache/joshua/mira/MIRACore.java:[2303,21] cannot find symbol
[ERROR]   symbol:   class MyOwnRuntimeException
[ERROR]   location: class org.apache.joshua.mira.MIRACore
[ERROR] /workspaces/xxxx/code_cure_agent/cca_workspace/joshua/src/main/java/org/apache/joshua/mira/MIRACore.java:[2326,21] cannot find symbol
[ERROR]   symbol:   class MyOwnRuntimeException
[ERROR]   location: class org.apache.joshua.mira.MIRACore
[ERROR] /workspaces/xxxx/code_cure_agent/cca_workspace/joshua/src/main/java/org/apache/joshua/mira/MIRACore.java:[2337,21] cannot find symbol
[ERROR]   symbol:   class MyOwnRuntimeException
[ERROR]   location: class org.apache.joshua.mira.MIRACore
[ERROR] /workspaces/xxxx/code_cure_agent/cca_workspace/joshua/src/main/java/org/apache/joshua/mira/MIRACore.java:[2348,21] cannot find symbol
[ERROR]   symbol:   class MyOwnRuntimeException
[ERROR]   location: class org.apache.joshua.mira.MIRACore
[ERROR] /workspaces/xxxx/code_cure_agent/cca_workspace/joshua/src/main/java/org/apache/joshua/mira/MIRACore.java:[2359,21] cannot find symbol
[ERROR]   symbol:   class MyOwnRuntimeException
[ERROR]   location: class org.apache.joshua.mira.MIRACore
[ERROR] /workspaces/xxxx/code_cure_agent/cca_workspace/joshua/src/main/java/org/apache/joshua/mira/MIRACore.java:[2392,21] cannot find symbol
[ERROR]   symbol:   class MyOwnRuntimeException
[ERROR]   location: class org.apache.joshua.mira.MIRACore
[ERROR] /workspaces/xxxx/code_cure_agent/cca_workspace/joshua/src/main/java/org/apache/joshua/mira/MIRACore.java:[2402,21] cannot find symbol
[ERROR]   symbol:   class MyOwnRuntimeException
[ERROR]   location: class org.apache.joshua.mira.MIRACore
[ERROR] /workspaces/xxxx/code_cure_agent/cca_workspace/joshua/src/main/java/org/apache/joshua/mira/MIRACore.java:[2412,21] cannot find symbol
[ERROR]   symbol:   class MyOwnRuntimeException
[ERROR]   location: class org.apache.joshua.mira.MIRACore
[ERROR] -> [Help 1]
[ERROR] 
[ERROR] To see the full stack trace of the errors, re-run Maven with the -e switch.
[ERROR] Re-run Maven using the -X switch to enable full debug logging.
[ERROR] 
[ERROR] For more information about the errors and possible solutions, please read the following articles:
[ERROR] [Help 1] http://cwiki.apache.org/confluence/display/MAVEN/MojoFailureException
