[INFO] Scanning for projects...
[INFO] ------------------------------------------------------------------------
[INFO] Reactor Build Order:
[INFO] 
[INFO] robot                                                              [pom]
[INFO] robot-maven-plugin                                        [maven-plugin]
[INFO] robot-core                                                         [jar]
[INFO] robot-command                                                      [jar]
[INFO] 
[INFO] ---------------------< org.obolibrary.robot:robot >---------------------
[INFO] Building robot 1.8.0-SNAPSHOT                                      [1/4]
[INFO] --------------------------------[ pom ]---------------------------------
[INFO] 
[INFO] --- maven-clean-plugin:2.5:clean (default-clean) @ robot ---
[INFO] 
[INFO] --------------< org.obolibrary.robot:robot-maven-plugin >---------------
[INFO] Building robot-maven-plugin 1.8.0-SNAPSHOT                         [2/4]
[INFO] ----------------------------[ maven-plugin ]----------------------------
[INFO] 
[INFO] --- maven-clean-plugin:2.5:clean (default-clean) @ robot-maven-plugin ---
[INFO] 
[INFO] --- fmt-maven-plugin:2.1.0:format (default) @ robot-maven-plugin ---
[warn] Test source directory '/workspaces/xxxx/code_cure_agent/cca_workspace/robot/robot-maven-plugin/src/test/java' does not exist, ignoring.
[INFO] Processed 1 files (0 reformatted).
[INFO] 
[INFO] --- maven-resources-plugin:2.6:resources (default-resources) @ robot-maven-plugin ---
[INFO] Using 'UTF-8' encoding to copy filtered resources.
[INFO] skip non existing resourceDirectory /workspaces/xxxx/code_cure_agent/cca_workspace/robot/robot-maven-plugin/src/main/resources
[INFO] 
[INFO] --- maven-compiler-plugin:3.1:compile (default-compile) @ robot-maven-plugin ---
[INFO] Changes detected - recompiling the module!
[INFO] Compiling 1 source file to /workspaces/xxxx/code_cure_agent/cca_workspace/robot/robot-maven-plugin/target/classes
[INFO] 
[INFO] --- maven-plugin-plugin:3.3:descriptor (default-descriptor) @ robot-maven-plugin ---
[INFO] Using 'UTF-8' encoding to read mojo metadata.
[INFO] Applying mojo extractor for language: java
[INFO] Mojo extractor for language: java found 0 mojo descriptors.
[INFO] Applying mojo extractor for language: bsh
[INFO] Mojo extractor for language: bsh found 0 mojo descriptors.
[INFO] Applying mojo extractor for language: java-annotations
[INFO] Mojo extractor for language: java-annotations found 1 mojo descriptors.
[INFO] 
[INFO] --- maven-resources-plugin:2.6:testResources (default-testResources) @ robot-maven-plugin ---
[INFO] Using 'UTF-8' encoding to copy filtered resources.
[INFO] skip non existing resourceDirectory /workspaces/xxxx/code_cure_agent/cca_workspace/robot/robot-maven-plugin/src/test/resources
[INFO] 
[INFO] --- maven-compiler-plugin:3.1:testCompile (default-testCompile) @ robot-maven-plugin ---
[INFO] No sources to compile
[INFO] 
[INFO] --- maven-surefire-plugin:2.12.4:test (default-test) @ robot-maven-plugin ---
[INFO] Tests are skipped.
[INFO] 
[INFO] --- maven-jar-plugin:2.4:jar (default-jar) @ robot-maven-plugin ---
[INFO] Building jar: /workspaces/xxxx/code_cure_agent/cca_workspace/robot/robot-maven-plugin/target/robot-maven-plugin-1.8.0-SNAPSHOT.jar
[INFO] 
[INFO] --- maven-plugin-plugin:3.3:addPluginArtifactMetadata (default-addPluginArtifactMetadata) @ robot-maven-plugin ---
[INFO] 
[INFO] ------------------< org.obolibrary.robot:robot-core >-------------------
[INFO] Building robot-core 1.8.0-SNAPSHOT                                 [3/4]
[INFO] --------------------------------[ jar ]---------------------------------
[INFO] 
[INFO] --- maven-clean-plugin:2.5:clean (default-clean) @ robot-core ---
[INFO] 
[INFO] --- fmt-maven-plugin:2.1.0:format (default) @ robot-core ---
[INFO] Processed 91 files (2 reformatted).
[INFO] 
[INFO] --- maven-resources-plugin:2.6:resources (default-resources) @ robot-core ---
[INFO] Using 'UTF-8' encoding to copy filtered resources.
[INFO] Copying 32 resources
[INFO] 
[INFO] --- maven-compiler-plugin:3.1:compile (default-compile) @ robot-core ---
[INFO] Changes detected - recompiling the module!
[INFO] Compiling 64 source files to /workspaces/xxxx/code_cure_agent/cca_workspace/robot/robot-core/target/classes
[INFO] -------------------------------------------------------------
[ERROR] COMPILATION ERROR : 
[INFO] -------------------------------------------------------------
[ERROR] /workspaces/xxxx/code_cure_agent/cca_workspace/robot/robot-core/src/main/java/org/obolibrary/robot/OntologyHelper.java:[380,9] cannot find symbol
  symbol:   variable logger
  location: class org.obolibrary.robot.OntologyHelper
[ERROR] /workspaces/xxxx/code_cure_agent/cca_workspace/robot/robot-core/src/main/java/org/obolibrary/robot/OntologyHelper.java:[386,42] cannot find symbol
  symbol:   variable emptyTermsError
  location: class org.obolibrary.robot.OntologyHelper
[ERROR] /workspaces/xxxx/code_cure_agent/cca_workspace/robot/robot-core/src/main/java/org/obolibrary/robot/OntologyHelper.java:[1128,9] cannot find symbol
  symbol:   variable logger
  location: class org.obolibrary.robot.OntologyHelper
[ERROR] /workspaces/xxxx/code_cure_agent/cca_workspace/robot/robot-core/src/main/java/org/obolibrary/robot/OntologyHelper.java:[1131,43] cannot find symbol
  symbol:   variable missingEntityError
  location: class org.obolibrary.robot.OntologyHelper
[ERROR] /workspaces/xxxx/code_cure_agent/cca_workspace/robot/robot-core/src/main/java/org/obolibrary/robot/OntologyHelper.java:[1134,41] cannot find symbol
  symbol:   variable multipleEntitiesError
  location: class org.obolibrary.robot.OntologyHelper
[ERROR] /workspaces/xxxx/code_cure_agent/cca_workspace/robot/robot-core/src/main/java/org/obolibrary/robot/OntologyHelper.java:[1252,9] cannot find symbol
  symbol:   variable logger
  location: class org.obolibrary.robot.OntologyHelper
[ERROR] /workspaces/xxxx/code_cure_agent/cca_workspace/robot/robot-core/src/main/java/org/obolibrary/robot/OntologyHelper.java:[1267,5] cannot find symbol
  symbol:   variable logger
  location: class org.obolibrary.robot.OntologyHelper
[ERROR] /workspaces/xxxx/code_cure_agent/cca_workspace/robot/robot-core/src/main/java/org/obolibrary/robot/OntologyHelper.java:[1274,5] cannot find symbol
  symbol:   variable logger
  location: class org.obolibrary.robot.OntologyHelper
[ERROR] /workspaces/xxxx/code_cure_agent/cca_workspace/robot/robot-core/src/main/java/org/obolibrary/robot/OntologyHelper.java:[1281,5] cannot find symbol
  symbol:   variable logger
  location: class org.obolibrary.robot.OntologyHelper
[ERROR] /workspaces/xxxx/code_cure_agent/cca_workspace/robot/robot-core/src/main/java/org/obolibrary/robot/OntologyHelper.java:[1576,11] cannot find symbol
  symbol:   variable logger
  location: class org.obolibrary.robot.OntologyHelper
[INFO] 10 errors 
[INFO] -------------------------------------------------------------
[INFO] ------------------------------------------------------------------------
[INFO] Reactor Summary for robot 1.8.0-SNAPSHOT:
[INFO] 
[INFO] robot .............................................. SUCCESS [  0.107 s]
[INFO] robot-maven-plugin ................................. SUCCESS [  3.347 s]
[INFO] robot-core ......................................... FAILURE [  3.990 s]
[INFO] robot-command ...................................... SKIPPED
[INFO] ------------------------------------------------------------------------
[INFO] BUILD FAILURE
[INFO] ------------------------------------------------------------------------
[INFO] Total time:  7.549 s
[INFO] Finished at: 2025-08-30T23:40:08Z
[INFO] ------------------------------------------------------------------------
[ERROR] Failed to execute goal org.apache.maven.plugins:maven-compiler-plugin:3.1:compile (default-compile) on project robot-core: Compilation failure: Compilation failure: 
[ERROR] /workspaces/xxxx/code_cure_agent/cca_workspace/robot/robot-core/src/main/java/org/obolibrary/robot/OntologyHelper.java:[380,9] cannot find symbol
[ERROR]   symbol:   variable logger
[ERROR]   location: class org.obolibrary.robot.OntologyHelper
[ERROR] /workspaces/xxxx/code_cure_agent/cca_workspace/robot/robot-core/src/main/java/org/obolibrary/robot/OntologyHelper.java:[386,42] cannot find symbol
[ERROR]   symbol:   variable emptyTermsError
[ERROR]   location: class org.obolibrary.robot.OntologyHelper
[ERROR] /workspaces/xxxx/code_cure_agent/cca_workspace/robot/robot-core/src/main/java/org/obolibrary/robot/OntologyHelper.java:[1128,9] cannot find symbol
[ERROR]   symbol:   variable logger
[ERROR]   location: class org.obolibrary.robot.OntologyHelper
[ERROR] /workspaces/xxxx/code_cure_agent/cca_workspace/robot/robot-core/src/main/java/org/obolibrary/robot/OntologyHelper.java:[1131,43] cannot find symbol
[ERROR]   symbol:   variable missingEntityError
[ERROR]   location: class org.obolibrary.robot.OntologyHelper
[ERROR] /workspaces/xxxx/code_cure_agent/cca_workspace/robot/robot-core/src/main/java/org/obolibrary/robot/OntologyHelper.java:[1134,41] cannot find symbol
[ERROR]   symbol:   variable multipleEntitiesError
[ERROR]   location: class org.obolibrary.robot.OntologyHelper
[ERROR] /workspaces/xxxx/code_cure_agent/cca_workspace/robot/robot-core/src/main/java/org/obolibrary/robot/OntologyHelper.java:[1252,9] cannot find symbol
[ERROR]   symbol:   variable logger
[ERROR]   location: class org.obolibrary.robot.OntologyHelper
[ERROR] /workspaces/xxxx/code_cure_agent/cca_workspace/robot/robot-core/src/main/java/org/obolibrary/robot/OntologyHelper.java:[1267,5] cannot find symbol
[ERROR]   symbol:   variable logger
[ERROR]   location: class org.obolibrary.robot.OntologyHelper
[ERROR] /workspaces/xxxx/code_cure_agent/cca_workspace/robot/robot-core/src/main/java/org/obolibrary/robot/OntologyHelper.java:[1274,5] cannot find symbol
[ERROR]   symbol:   variable logger
[ERROR]   location: class org.obolibrary.robot.OntologyHelper
[ERROR] /workspaces/xxxx/code_cure_agent/cca_workspace/robot/robot-core/src/main/java/org/obolibrary/robot/OntologyHelper.java:[1281,5] cannot find symbol
[ERROR]   symbol:   variable logger
[ERROR]   location: class org.obolibrary.robot.OntologyHelper
[ERROR] /workspaces/xxxx/code_cure_agent/cca_workspace/robot/robot-core/src/main/java/org/obolibrary/robot/OntologyHelper.java:[1576,11] cannot find symbol
[ERROR]   symbol:   variable logger
[ERROR]   location: class org.obolibrary.robot.OntologyHelper
[ERROR] -> [Help 1]
[ERROR] 
[ERROR] To see the full stack trace of the errors, re-run Maven with the -e switch.
[ERROR] Re-run Maven using the -X switch to enable full debug logging.
[ERROR] 
[ERROR] For more information about the errors and possible solutions, please read the following articles:
[ERROR] [Help 1] http://cwiki.apache.org/confluence/display/MAVEN/MojoFailureException
[ERROR] 
[ERROR] After correcting the problems, you can resume the build with the command
[ERROR]   mvn <args> -rf :robot-core
