[INFO] Scanning for projects...
[INFO] Inspecting build with total of 1 modules...
[INFO] Installing Nexus Staging features:
[INFO]   ... total of 1 executions of maven-deploy-plugin replaced with nexus-staging-maven-plugin
[INFO] 
[INFO] ----------------< com.esri.geometry:esri-geometry-api >-----------------
[INFO] Building Esri Geometry API for Java 2.2.4
[INFO] --------------------------------[ jar ]---------------------------------
[INFO] 
[INFO] --- maven-clean-plugin:2.5:clean (default-clean) @ esri-geometry-api ---
[INFO] 
[INFO] --- maven-resources-plugin:2.6:resources (default-resources) @ esri-geometry-api ---
[INFO] Using 'UTF-8' encoding to copy filtered resources.
[INFO] Copying 6 resources
[INFO] 
[INFO] --- maven-compiler-plugin:2.3.1:compile (default-compile) @ esri-geometry-api ---
[INFO] Compiling 262 source files to /workspaces/xxxx/code_cure_agent/cca_workspace/geometry-api-java/target/classes
[INFO] -------------------------------------------------------------
[WARNING] COMPILATION WARNING : 
[INFO] -------------------------------------------------------------
[WARNING] /workspaces/xxxx/code_cure_agent/cca_workspace/geometry-api-java/src/main/java/com/esri/core/geometry/SizeOf.java:[27,22] Unsafe is internal proprietary API and may be removed in a future release

[WARNING] /workspaces/xxxx/code_cure_agent/cca_workspace/geometry-api-java/src/main/java/com/esri/core/geometry/SizeOf.java:[28,22] Unsafe is internal proprietary API and may be removed in a future release

[WARNING] /workspaces/xxxx/code_cure_agent/cca_workspace/geometry-api-java/src/main/java/com/esri/core/geometry/SizeOf.java:[29,22] Unsafe is internal proprietary API and may be removed in a future release

[WARNING] /workspaces/xxxx/code_cure_agent/cca_workspace/geometry-api-java/src/main/java/com/esri/core/geometry/SizeOf.java:[30,22] Unsafe is internal proprietary API and may be removed in a future release

[WARNING] /workspaces/xxxx/code_cure_agent/cca_workspace/geometry-api-java/src/main/java/com/esri/core/geometry/SizeOf.java:[31,22] Unsafe is internal proprietary API and may be removed in a future release

[WARNING] /workspaces/xxxx/code_cure_agent/cca_workspace/geometry-api-java/src/main/java/com/esri/core/geometry/SizeOf.java:[32,22] Unsafe is internal proprietary API and may be removed in a future release

[WARNING] /workspaces/xxxx/code_cure_agent/cca_workspace/geometry-api-java/src/main/java/com/esri/core/geometry/SizeOf.java:[33,22] Unsafe is internal proprietary API and may be removed in a future release

[WARNING] /workspaces/xxxx/code_cure_agent/cca_workspace/geometry-api-java/src/main/java/com/esri/core/geometry/SizeOf.java:[34,22] Unsafe is internal proprietary API and may be removed in a future release

[WARNING] /workspaces/xxxx/code_cure_agent/cca_workspace/geometry-api-java/src/main/java/com/esri/core/geometry/SizeOf.java:[35,22] Unsafe is internal proprietary API and may be removed in a future release

[WARNING] /workspaces/xxxx/code_cure_agent/cca_workspace/geometry-api-java/src/main/java/com/esri/core/geometry/SizeOf.java:[36,22] Unsafe is internal proprietary API and may be removed in a future release

[WARNING] /workspaces/xxxx/code_cure_agent/cca_workspace/geometry-api-java/src/main/java/com/esri/core/geometry/SizeOf.java:[37,22] Unsafe is internal proprietary API and may be removed in a future release

[WARNING] /workspaces/xxxx/code_cure_agent/cca_workspace/geometry-api-java/src/main/java/com/esri/core/geometry/SizeOf.java:[38,22] Unsafe is internal proprietary API and may be removed in a future release

[WARNING] /workspaces/xxxx/code_cure_agent/cca_workspace/geometry-api-java/src/main/java/com/esri/core/geometry/SizeOf.java:[39,22] Unsafe is internal proprietary API and may be removed in a future release

[WARNING] /workspaces/xxxx/code_cure_agent/cca_workspace/geometry-api-java/src/main/java/com/esri/core/geometry/SizeOf.java:[40,22] Unsafe is internal proprietary API and may be removed in a future release

[WARNING] /workspaces/xxxx/code_cure_agent/cca_workspace/geometry-api-java/src/main/java/com/esri/core/geometry/SizeOf.java:[41,22] Unsafe is internal proprietary API and may be removed in a future release

[WARNING] /workspaces/xxxx/code_cure_agent/cca_workspace/geometry-api-java/src/main/java/com/esri/core/geometry/SizeOf.java:[42,22] Unsafe is internal proprietary API and may be removed in a future release

[INFO] 16 warnings 
[INFO] -------------------------------------------------------------
[INFO] -------------------------------------------------------------
[ERROR] COMPILATION ERROR : 
[INFO] -------------------------------------------------------------
[ERROR] /workspaces/xxxx/code_cure_agent/cca_workspace/geometry-api-java/src/main/java/com/esri/core/geometry/OperatorTouchesLocal.java:[32,33] error: cannot find symbol

[ERROR]  interface Relation
/workspaces/xxxx/code_cure_agent/cca_workspace/geometry-api-java/src/main/java/com/esri/core/geometry/OperatorEqualsLocal.java:[32,33] error: cannot find symbol

[ERROR]  interface Relation
/workspaces/xxxx/code_cure_agent/cca_workspace/geometry-api-java/src/main/java/com/esri/core/geometry/OperatorWithinLocal.java:[33,33] error: cannot find symbol

[ERROR]  interface Relation
/workspaces/xxxx/code_cure_agent/cca_workspace/geometry-api-java/src/main/java/com/esri/core/geometry/OperatorCrossesLocal.java:[33,33] error: cannot find symbol

[ERROR]  interface Relation
/workspaces/xxxx/code_cure_agent/cca_workspace/geometry-api-java/src/main/java/com/esri/core/geometry/RelationalOperations.java:[335,27] error: cannot find symbol

[ERROR]  interface Relation
/workspaces/xxxx/code_cure_agent/cca_workspace/geometry-api-java/src/main/java/com/esri/core/geometry/RelationalOperations.java:[351,15] error: cannot find symbol

[ERROR]  interface Relation
/workspaces/xxxx/code_cure_agent/cca_workspace/geometry-api-java/src/main/java/com/esri/core/geometry/RelationalOperations.java:[355,15] error: cannot find symbol

[ERROR]  interface Relation
/workspaces/xxxx/code_cure_agent/cca_workspace/geometry-api-java/src/main/java/com/esri/core/geometry/RelationalOperations.java:[359,15] error: cannot find symbol

[ERROR]  interface Relation
/workspaces/xxxx/code_cure_agent/cca_workspace/geometry-api-java/src/main/java/com/esri/core/geometry/RelationalOperations.java:[363,15] error: cannot find symbol

[ERROR]  interface Relation
/workspaces/xxxx/code_cure_agent/cca_workspace/geometry-api-java/src/main/java/com/esri/core/geometry/RelationalOperations.java:[367,15] error: cannot find symbol

[ERROR]  interface Relation
/workspaces/xxxx/code_cure_agent/cca_workspace/geometry-api-java/src/main/java/com/esri/core/geometry/RelationalOperations.java:[371,15] error: cannot find symbol

[ERROR]  interface Relation
/workspaces/xxxx/code_cure_agent/cca_workspace/geometry-api-java/src/main/java/com/esri/core/geometry/RelationalOperations.java:[375,15] error: cannot find symbol

[ERROR]  interface Relation
/workspaces/xxxx/code_cure_agent/cca_workspace/geometry-api-java/src/main/java/com/esri/core/geometry/RelationalOperations.java:[391,27] error: cannot find symbol

[ERROR]  interface Relation
/workspaces/xxxx/code_cure_agent/cca_workspace/geometry-api-java/src/main/java/com/esri/core/geometry/RelationalOperations.java:[407,15] error: cannot find symbol

[ERROR]  interface Relation
/workspaces/xxxx/code_cure_agent/cca_workspace/geometry-api-java/src/main/java/com/esri/core/geometry/RelationalOperations.java:[411,15] error: cannot find symbol

[ERROR]  interface Relation
/workspaces/xxxx/code_cure_agent/cca_workspace/geometry-api-java/src/main/java/com/esri/core/geometry/RelationalOperations.java:[415,15] error: cannot find symbol

[ERROR]  interface Relation
/workspaces/xxxx/code_cure_agent/cca_workspace/geometry-api-java/src/main/java/com/esri/core/geometry/RelationalOperations.java:[419,15] error: cannot find symbol

[ERROR]  interface Relation
/workspaces/xxxx/code_cure_agent/cca_workspace/geometry-api-java/src/main/java/com/esri/core/geometry/RelationalOperations.java:[423,15] error: cannot find symbol

[ERROR]  interface Relation
/workspaces/xxxx/code_cure_agent/cca_workspace/geometry-api-java/src/main/java/com/esri/core/geometry/RelationalOperations.java:[439,27] error: cannot find symbol

[ERROR]  interface Relation
/workspaces/xxxx/code_cure_agent/cca_workspace/geometry-api-java/src/main/java/com/esri/core/geometry/RelationalOperations.java:[455,15] error: cannot find symbol

[ERROR]  interface Relation
/workspaces/xxxx/code_cure_agent/cca_workspace/geometry-api-java/src/main/java/com/esri/core/geometry/RelationalOperations.java:[458,15] error: cannot find symbol

[ERROR]  interface Relation
/workspaces/xxxx/code_cure_agent/cca_workspace/geometry-api-java/src/main/java/com/esri/core/geometry/RelationalOperations.java:[461,15] error: cannot find symbol

[ERROR]  interface Relation
/workspaces/xxxx/code_cure_agent/cca_workspace/geometry-api-java/src/main/java/com/esri/core/geometry/RelationalOperations.java:[464,15] error: cannot find symbol

[ERROR]  interface Relation
/workspaces/xxxx/code_cure_agent/cca_workspace/geometry-api-java/src/main/java/com/esri/core/geometry/RelationalOperations.java:[479,15] error: cannot find symbol

[ERROR]  interface Relation
/workspaces/xxxx/code_cure_agent/cca_workspace/geometry-api-java/src/main/java/com/esri/core/geometry/RelationalOperations.java:[483,15] error: cannot find symbol

[ERROR]  interface Relation
/workspaces/xxxx/code_cure_agent/cca_workspace/geometry-api-java/src/main/java/com/esri/core/geometry/RelationalOperations.java:[487,15] error: cannot find symbol

[ERROR]  interface Relation
/workspaces/xxxx/code_cure_agent/cca_workspace/geometry-api-java/src/main/java/com/esri/core/geometry/RelationalOperations.java:[491,15] error: cannot find symbol

[ERROR]  interface Relation
/workspaces/xxxx/code_cure_agent/cca_workspace/geometry-api-java/src/main/java/com/esri/core/geometry/RelationalOperations.java:[495,15] error: cannot find symbol

[ERROR]  interface Relation
/workspaces/xxxx/code_cure_agent/cca_workspace/geometry-api-java/src/main/java/com/esri/core/geometry/RelationalOperations.java:[499,15] error: cannot find symbol

[ERROR]  interface Relation
/workspaces/xxxx/code_cure_agent/cca_workspace/geometry-api-java/src/main/java/com/esri/core/geometry/RelationalOperations.java:[515,15] error: cannot find symbol

[ERROR]  interface Relation
/workspaces/xxxx/code_cure_agent/cca_workspace/geometry-api-java/src/main/java/com/esri/core/geometry/RelationalOperations.java:[519,15] error: cannot find symbol

[ERROR]  interface Relation
/workspaces/xxxx/code_cure_agent/cca_workspace/geometry-api-java/src/main/java/com/esri/core/geometry/RelationalOperations.java:[523,15] error: cannot find symbol

[ERROR]  interface Relation
/workspaces/xxxx/code_cure_agent/cca_workspace/geometry-api-java/src/main/java/com/esri/core/geometry/RelationalOperations.java:[527,15] error: cannot find symbol

[ERROR]  interface Relation
/workspaces/xxxx/code_cure_agent/cca_workspace/geometry-api-java/src/main/java/com/esri/core/geometry/RelationalOperations.java:[543,15] error: cannot find symbol

[ERROR]  interface Relation
/workspaces/xxxx/code_cure_agent/cca_workspace/geometry-api-java/src/main/java/com/esri/core/geometry/RelationalOperations.java:[547,15] error: cannot find symbol

[ERROR]  interface Relation
/workspaces/xxxx/code_cure_agent/cca_workspace/geometry-api-java/src/main/java/com/esri/core/geometry/RelationalOperations.java:[551,15] error: cannot find symbol

[ERROR]  interface Relation
/workspaces/xxxx/code_cure_agent/cca_workspace/geometry-api-java/src/main/java/com/esri/core/geometry/RelationalOperations.java:[567,15] error: cannot find symbol

[ERROR]  interface Relation
/workspaces/xxxx/code_cure_agent/cca_workspace/geometry-api-java/src/main/java/com/esri/core/geometry/RelationalOperations.java:[571,15] error: cannot find symbol

[ERROR]  interface Relation
/workspaces/xxxx/code_cure_agent/cca_workspace/geometry-api-java/src/main/java/com/esri/core/geometry/RelationalOperations.java:[575,15] error: cannot find symbol

[ERROR]  interface Relation
/workspaces/xxxx/code_cure_agent/cca_workspace/geometry-api-java/src/main/java/com/esri/core/geometry/RelationalOperations.java:[579,15] error: cannot find symbol

[ERROR]  interface Relation
/workspaces/xxxx/code_cure_agent/cca_workspace/geometry-api-java/src/main/java/com/esri/core/geometry/RelationalOperations.java:[596,27] error: cannot find symbol

[ERROR]  interface Relation
/workspaces/xxxx/code_cure_agent/cca_workspace/geometry-api-java/src/main/java/com/esri/core/geometry/RelationalOperations.java:[600,33] error: cannot find symbol

[ERROR]  interface Relation
/workspaces/xxxx/code_cure_agent/cca_workspace/geometry-api-java/src/main/java/com/esri/core/geometry/RelationalOperations.java:[605,15] error: cannot find symbol

[ERROR]  interface Relation
/workspaces/xxxx/code_cure_agent/cca_workspace/geometry-api-java/src/main/java/com/esri/core/geometry/RelationalOperations.java:[609,15] error: cannot find symbol

[ERROR]  interface Relation
/workspaces/xxxx/code_cure_agent/cca_workspace/geometry-api-java/src/main/java/com/esri/core/geometry/RelationalOperations.java:[613,15] error: cannot find symbol

[ERROR]  interface Relation
/workspaces/xxxx/code_cure_agent/cca_workspace/geometry-api-java/src/main/java/com/esri/core/geometry/RelationalOperations.java:[617,15] error: cannot find symbol

[ERROR]  interface Relation
/workspaces/xxxx/code_cure_agent/cca_workspace/geometry-api-java/src/main/java/com/esri/core/geometry/RelationalOperations.java:[621,15] error: cannot find symbol

[ERROR]  interface Relation
/workspaces/xxxx/code_cure_agent/cca_workspace/geometry-api-java/src/main/java/com/esri/core/geometry/RelationalOperations.java:[625,15] error: cannot find symbol

[ERROR]  interface Relation
/workspaces/xxxx/code_cure_agent/cca_workspace/geometry-api-java/src/main/java/com/esri/core/geometry/RelationalOperations.java:[641,15] error: cannot find symbol

[ERROR]  interface Relation
/workspaces/xxxx/code_cure_agent/cca_workspace/geometry-api-java/src/main/java/com/esri/core/geometry/RelationalOperations.java:[645,15] error: cannot find symbol

[ERROR]  interface Relation
/workspaces/xxxx/code_cure_agent/cca_workspace/geometry-api-java/src/main/java/com/esri/core/geometry/RelationalOperations.java:[649,15] error: cannot find symbol

[ERROR]  interface Relation
/workspaces/xxxx/code_cure_agent/cca_workspace/geometry-api-java/src/main/java/com/esri/core/geometry/RelationalOperations.java:[653,15] error: cannot find symbol

[ERROR]  interface Relation
/workspaces/xxxx/code_cure_agent/cca_workspace/geometry-api-java/src/main/java/com/esri/core/geometry/RelationalOperations.java:[657,15] error: cannot find symbol

[ERROR]  interface Relation
/workspaces/xxxx/code_cure_agent/cca_workspace/geometry-api-java/src/main/java/com/esri/core/geometry/RelationalOperations.java:[661,15] error: cannot find symbol

[ERROR]  interface Relation
/workspaces/xxxx/code_cure_agent/cca_workspace/geometry-api-java/src/main/java/com/esri/core/geometry/RelationalOperations.java:[665,15] error: cannot find symbol

[ERROR]  interface Relation
/workspaces/xxxx/code_cure_agent/cca_workspace/geometry-api-java/src/main/java/com/esri/core/geometry/RelationalOperations.java:[681,15] error: cannot find symbol

[ERROR]  interface Relation
/workspaces/xxxx/code_cure_agent/cca_workspace/geometry-api-java/src/main/java/com/esri/core/geometry/RelationalOperations.java:[685,15] error: cannot find symbol

[ERROR]  interface Relation
/workspaces/xxxx/code_cure_agent/cca_workspace/geometry-api-java/src/main/java/com/esri/core/geometry/RelationalOperations.java:[689,15] error: cannot find symbol

[ERROR]  interface Relation
/workspaces/xxxx/code_cure_agent/cca_workspace/geometry-api-java/src/main/java/com/esri/core/geometry/RelationalOperations.java:[705,15] error: cannot find symbol

[ERROR]  interface Relation
/workspaces/xxxx/code_cure_agent/cca_workspace/geometry-api-java/src/main/java/com/esri/core/geometry/RelationalOperations.java:[709,15] error: cannot find symbol

[ERROR]  interface Relation
/workspaces/xxxx/code_cure_agent/cca_workspace/geometry-api-java/src/main/java/com/esri/core/geometry/RelationalOperations.java:[713,15] error: cannot find symbol

[ERROR]  interface Relation
/workspaces/xxxx/code_cure_agent/cca_workspace/geometry-api-java/src/main/java/com/esri/core/geometry/RelationalOperations.java:[717,15] error: cannot find symbol

[ERROR]  interface Relation
/workspaces/xxxx/code_cure_agent/cca_workspace/geometry-api-java/src/main/java/com/esri/core/geometry/RelationalOperations.java:[734,27] error: cannot find symbol

[ERROR]  interface Relation
/workspaces/xxxx/code_cure_agent/cca_workspace/geometry-api-java/src/main/java/com/esri/core/geometry/RelationalOperations.java:[738,33] error: cannot find symbol

[ERROR]  interface Relation
/workspaces/xxxx/code_cure_agent/cca_workspace/geometry-api-java/src/main/java/com/esri/core/geometry/RelationalOperations.java:[743,15] error: cannot find symbol

[ERROR]  interface Relation
/workspaces/xxxx/code_cure_agent/cca_workspace/geometry-api-java/src/main/java/com/esri/core/geometry/RelationalOperations.java:[747,15] error: cannot find symbol

[ERROR]  interface Relation
/workspaces/xxxx/code_cure_agent/cca_workspace/geometry-api-java/src/main/java/com/esri/core/geometry/RelationalOperations.java:[751,15] error: cannot find symbol

[ERROR]  interface Relation
/workspaces/xxxx/code_cure_agent/cca_workspace/geometry-api-java/src/main/java/com/esri/core/geometry/RelationalOperations.java:[755,15] error: cannot find symbol

[ERROR]  interface Relation
/workspaces/xxxx/code_cure_agent/cca_workspace/geometry-api-java/src/main/java/com/esri/core/geometry/RelationalOperations.java:[759,15] error: cannot find symbol

[ERROR]  interface Relation
/workspaces/xxxx/code_cure_agent/cca_workspace/geometry-api-java/src/main/java/com/esri/core/geometry/RelationalOperations.java:[763,15] error: cannot find symbol

[ERROR]  interface Relation
/workspaces/xxxx/code_cure_agent/cca_workspace/geometry-api-java/src/main/java/com/esri/core/geometry/RelationalOperations.java:[779,15] error: cannot find symbol

[ERROR]  interface Relation
/workspaces/xxxx/code_cure_agent/cca_workspace/geometry-api-java/src/main/java/com/esri/core/geometry/RelationalOperations.java:[783,15] error: cannot find symbol

[ERROR]  interface Relation
/workspaces/xxxx/code_cure_agent/cca_workspace/geometry-api-java/src/main/java/com/esri/core/geometry/RelationalOperations.java:[787,15] error: cannot find symbol

[ERROR]  interface Relation
/workspaces/xxxx/code_cure_agent/cca_workspace/geometry-api-java/src/main/java/com/esri/core/geometry/RelationalOperations.java:[791,15] error: cannot find symbol

[ERROR]  interface Relation
/workspaces/xxxx/code_cure_agent/cca_workspace/geometry-api-java/src/main/java/com/esri/core/geometry/RelationalOperations.java:[795,15] error: cannot find symbol

[ERROR]  interface Relation
/workspaces/xxxx/code_cure_agent/cca_workspace/geometry-api-java/src/main/java/com/esri/core/geometry/RelationalOperations.java:[811,15] error: cannot find symbol

[ERROR]  interface Relation
/workspaces/xxxx/code_cure_agent/cca_workspace/geometry-api-java/src/main/java/com/esri/core/geometry/RelationalOperations.java:[815,15] error: cannot find symbol

[ERROR]  interface Relation
/workspaces/xxxx/code_cure_agent/cca_workspace/geometry-api-java/src/main/java/com/esri/core/geometry/RelationalOperations.java:[819,15] error: cannot find symbol

[ERROR]  interface Relation
/workspaces/xxxx/code_cure_agent/cca_workspace/geometry-api-java/src/main/java/com/esri/core/geometry/RelationalOperations.java:[823,15] error: cannot find symbol

[ERROR]  interface Relation
/workspaces/xxxx/code_cure_agent/cca_workspace/geometry-api-java/src/main/java/com/esri/core/geometry/RelationalOperations.java:[839,15] error: cannot find symbol

[ERROR]  interface Relation
/workspaces/xxxx/code_cure_agent/cca_workspace/geometry-api-java/src/main/java/com/esri/core/geometry/RelationalOperations.java:[843,15] error: cannot find symbol

[ERROR]  interface Relation
/workspaces/xxxx/code_cure_agent/cca_workspace/geometry-api-java/src/main/java/com/esri/core/geometry/RelationalOperations.java:[847,15] error: cannot find symbol

[ERROR]  interface Relation
/workspaces/xxxx/code_cure_agent/cca_workspace/geometry-api-java/src/main/java/com/esri/core/geometry/RelationalOperations.java:[851,15] error: cannot find symbol

[ERROR]  interface Relation
/workspaces/xxxx/code_cure_agent/cca_workspace/geometry-api-java/src/main/java/com/esri/core/geometry/RelationalOperations.java:[855,15] error: cannot find symbol

[ERROR]  interface Relation
/workspaces/xxxx/code_cure_agent/cca_workspace/geometry-api-java/src/main/java/com/esri/core/geometry/RelationalOperations.java:[859,15] error: cannot find symbol

[ERROR]  interface Relation
/workspaces/xxxx/code_cure_agent/cca_workspace/geometry-api-java/src/main/java/com/esri/core/geometry/RelationalOperations.java:[887,26] error: cannot find symbol

[ERROR]  interface Relation
/workspaces/xxxx/code_cure_agent/cca_workspace/geometry-api-java/src/main/java/com/esri/core/geometry/RelationalOperations.java:[887,59] error: cannot find symbol

[ERROR]  interface Relation
/workspaces/xxxx/code_cure_agent/cca_workspace/geometry-api-java/src/main/java/com/esri/core/geometry/RelationalOperations.java:[888,27] error: cannot find symbol

[ERROR]  interface Relation
/workspaces/xxxx/code_cure_agent/cca_workspace/geometry-api-java/src/main/java/com/esri/core/geometry/RelationalOperations.java:[918,26] error: cannot find symbol

[ERROR]  interface Relation
/workspaces/xxxx/code_cure_agent/cca_workspace/geometry-api-java/src/main/java/com/esri/core/geometry/RelationalOperations.java:[921,26] error: cannot find symbol

[ERROR]  interface Relation
/workspaces/xxxx/code_cure_agent/cca_workspace/geometry-api-java/src/main/java/com/esri/core/geometry/RelationalOperations.java:[921,59] error: cannot find symbol

[ERROR]  interface Relation
/workspaces/xxxx/code_cure_agent/cca_workspace/geometry-api-java/src/main/java/com/esri/core/geometry/RelationalOperations.java:[922,27] error: cannot find symbol

[ERROR]  interface Relation
/workspaces/xxxx/code_cure_agent/cca_workspace/geometry-api-java/src/main/java/com/esri/core/geometry/RelationalOperations.java:[938,26] error: cannot find symbol

[ERROR]  interface Relation
/workspaces/xxxx/code_cure_agent/cca_workspace/geometry-api-java/src/main/java/com/esri/core/geometry/RelationalOperations.java:[938,59] error: cannot find symbol

[ERROR]  interface Relation
/workspaces/xxxx/code_cure_agent/cca_workspace/geometry-api-java/src/main/java/com/esri/core/geometry/RelationalOperations.java:[939,27] error: cannot find symbol

[ERROR]  interface Relation
/workspaces/xxxx/code_cure_agent/cca_workspace/geometry-api-java/src/main/java/com/esri/core/geometry/RelationalOperations.java:[954,26] error: cannot find symbol

[ERROR]  interface Relation
/workspaces/xxxx/code_cure_agent/cca_workspace/geometry-api-java/src/main/java/com/esri/core/geometry/RelationalOperations.java:[954,59] error: cannot find symbol

[ERROR]  interface Relation
/workspaces/xxxx/code_cure_agent/cca_workspace/geometry-api-java/src/main/java/com/esri/core/geometry/RelationalOperations.java:[955,27] error: cannot find symbol

[ERROR]  interface Relation
/workspaces/xxxx/code_cure_agent/cca_workspace/geometry-api-java/src/main/java/com/esri/core/geometry/RelationalOperations.java:[979,26] error: cannot find symbol

[ERROR]  interface Relation
/workspaces/xxxx/code_cure_agent/cca_workspace/geometry-api-java/src/main/java/com/esri/core/geometry/RelationalOperations.java:[979,59] error: cannot find symbol

[INFO] 100 errors 
[INFO] -------------------------------------------------------------
[INFO] ------------------------------------------------------------------------
[INFO] BUILD FAILURE
[INFO] ------------------------------------------------------------------------
[INFO] Total time:  3.431 s
[INFO] Finished at: 2025-08-31T00:47:56Z
[INFO] ------------------------------------------------------------------------
[ERROR] Failed to execute goal org.apache.maven.plugins:maven-compiler-plugin:2.3.1:compile (default-compile) on project esri-geometry-api: Compilation failure: Compilation failure: 
[ERROR] /workspaces/xxxx/code_cure_agent/cca_workspace/geometry-api-java/src/main/java/com/esri/core/geometry/OperatorTouchesLocal.java:[32,33] error: cannot find symbol
[ERROR] 
[ERROR]  interface Relation
[ERROR] /workspaces/xxxx/code_cure_agent/cca_workspace/geometry-api-java/src/main/java/com/esri/core/geometry/OperatorEqualsLocal.java:[32,33] error: cannot find symbol
[ERROR] 
[ERROR]  interface Relation
[ERROR] /workspaces/xxxx/code_cure_agent/cca_workspace/geometry-api-java/src/main/java/com/esri/core/geometry/OperatorWithinLocal.java:[33,33] error: cannot find symbol
[ERROR] 
[ERROR]  interface Relation
[ERROR] /workspaces/xxxx/code_cure_agent/cca_workspace/geometry-api-java/src/main/java/com/esri/core/geometry/OperatorCrossesLocal.java:[33,33] error: cannot find symbol
[ERROR] 
[ERROR]  interface Relation
[ERROR] /workspaces/xxxx/code_cure_agent/cca_workspace/geometry-api-java/src/main/java/com/esri/core/geometry/RelationalOperations.java:[335,27] error: cannot find symbol
[ERROR] 
[ERROR]  interface Relation
[ERROR] /workspaces/xxxx/code_cure_agent/cca_workspace/geometry-api-java/src/main/java/com/esri/core/geometry/RelationalOperations.java:[351,15] error: cannot find symbol
[ERROR] 
[ERROR]  interface Relation
[ERROR] /workspaces/xxxx/code_cure_agent/cca_workspace/geometry-api-java/src/main/java/com/esri/core/geometry/RelationalOperations.java:[355,15] error: cannot find symbol
[ERROR] 
[ERROR]  interface Relation
[ERROR] /workspaces/xxxx/code_cure_agent/cca_workspace/geometry-api-java/src/main/java/com/esri/core/geometry/RelationalOperations.java:[359,15] error: cannot find symbol
[ERROR] 
[ERROR]  interface Relation
[ERROR] /workspaces/xxxx/code_cure_agent/cca_workspace/geometry-api-java/src/main/java/com/esri/core/geometry/RelationalOperations.java:[363,15] error: cannot find symbol
[ERROR] 
[ERROR]  interface Relation
[ERROR] /workspaces/xxxx/code_cure_agent/cca_workspace/geometry-api-java/src/main/java/com/esri/core/geometry/RelationalOperations.java:[367,15] error: cannot find symbol
[ERROR] 
[ERROR]  interface Relation
[ERROR] /workspaces/xxxx/code_cure_agent/cca_workspace/geometry-api-java/src/main/java/com/esri/core/geometry/RelationalOperations.java:[371,15] error: cannot find symbol
[ERROR] 
[ERROR]  interface Relation
[ERROR] /workspaces/xxxx/code_cure_agent/cca_workspace/geometry-api-java/src/main/java/com/esri/core/geometry/RelationalOperations.java:[375,15] error: cannot find symbol
[ERROR] 
[ERROR]  interface Relation
[ERROR] /workspaces/xxxx/code_cure_agent/cca_workspace/geometry-api-java/src/main/java/com/esri/core/geometry/RelationalOperations.java:[391,27] error: cannot find symbol
[ERROR] 
[ERROR]  interface Relation
[ERROR] /workspaces/xxxx/code_cure_agent/cca_workspace/geometry-api-java/src/main/java/com/esri/core/geometry/RelationalOperations.java:[407,15] error: cannot find symbol
[ERROR] 
[ERROR]  interface Relation
[ERROR] /workspaces/xxxx/code_cure_agent/cca_workspace/geometry-api-java/src/main/java/com/esri/core/geometry/RelationalOperations.java:[411,15] error: cannot find symbol
[ERROR] 
[ERROR]  interface Relation
[ERROR] /workspaces/xxxx/code_cure_agent/cca_workspace/geometry-api-java/src/main/java/com/esri/core/geometry/RelationalOperations.java:[415,15] error: cannot find symbol
[ERROR] 
[ERROR]  interface Relation
[ERROR] /workspaces/xxxx/code_cure_agent/cca_workspace/geometry-api-java/src/main/java/com/esri/core/geometry/RelationalOperations.java:[419,15] error: cannot find symbol
[ERROR] 
[ERROR]  interface Relation
[ERROR] /workspaces/xxxx/code_cure_agent/cca_workspace/geometry-api-java/src/main/java/com/esri/core/geometry/RelationalOperations.java:[423,15] error: cannot find symbol
[ERROR] 
[ERROR]  interface Relation
[ERROR] /workspaces/xxxx/code_cure_agent/cca_workspace/geometry-api-java/src/main/java/com/esri/core/geometry/RelationalOperations.java:[439,27] error: cannot find symbol
[ERROR] 
[ERROR]  interface Relation
[ERROR] /workspaces/xxxx/code_cure_agent/cca_workspace/geometry-api-java/src/main/java/com/esri/core/geometry/RelationalOperations.java:[455,15] error: cannot find symbol
[ERROR] 
[ERROR]  interface Relation
[ERROR] /workspaces/xxxx/code_cure_agent/cca_workspace/geometry-api-java/src/main/java/com/esri/core/geometry/RelationalOperations.java:[458,15] error: cannot find symbol
[ERROR] 
[ERROR]  interface Relation
[ERROR] /workspaces/xxxx/code_cure_agent/cca_workspace/geometry-api-java/src/main/java/com/esri/core/geometry/RelationalOperations.java:[461,15] error: cannot find symbol
[ERROR] 
[ERROR]  interface Relation
[ERROR] /workspaces/xxxx/code_cure_agent/cca_workspace/geometry-api-java/src/main/java/com/esri/core/geometry/RelationalOperations.java:[464,15] error: cannot find symbol
[ERROR] 
[ERROR]  interface Relation
[ERROR] /workspaces/xxxx/code_cure_agent/cca_workspace/geometry-api-java/src/main/java/com/esri/core/geometry/RelationalOperations.java:[479,15] error: cannot find symbol
[ERROR] 
[ERROR]  interface Relation
[ERROR] /workspaces/xxxx/code_cure_agent/cca_workspace/geometry-api-java/src/main/java/com/esri/core/geometry/RelationalOperations.java:[483,15] error: cannot find symbol
[ERROR] 
[ERROR]  interface Relation
[ERROR] /workspaces/xxxx/code_cure_agent/cca_workspace/geometry-api-java/src/main/java/com/esri/core/geometry/RelationalOperations.java:[487,15] error: cannot find symbol
[ERROR] 
[ERROR]  interface Relation
[ERROR] /workspaces/xxxx/code_cure_agent/cca_workspace/geometry-api-java/src/main/java/com/esri/core/geometry/RelationalOperations.java:[491,15] error: cannot find symbol
[ERROR] 
[ERROR]  interface Relation
[ERROR] /workspaces/xxxx/code_cure_agent/cca_workspace/geometry-api-java/src/main/java/com/esri/core/geometry/RelationalOperations.java:[495,15] error: cannot find symbol
[ERROR] 
[ERROR]  interface Relation
[ERROR] /workspaces/xxxx/code_cure_agent/cca_workspace/geometry-api-java/src/main/java/com/esri/core/geometry/RelationalOperations.java:[499,15] error: cannot find symbol
[ERROR] 
[ERROR]  interface Relation
[ERROR] /workspaces/xxxx/code_cure_agent/cca_workspace/geometry-api-java/src/main/java/com/esri/core/geometry/RelationalOperations.java:[515,15] error: cannot find symbol
[ERROR] 
[ERROR]  interface Relation
[ERROR] /workspaces/xxxx/code_cure_agent/cca_workspace/geometry-api-java/src/main/java/com/esri/core/geometry/RelationalOperations.java:[519,15] error: cannot find symbol
[ERROR] 
[ERROR]  interface Relation
[ERROR] /workspaces/xxxx/code_cure_agent/cca_workspace/geometry-api-java/src/main/java/com/esri/core/geometry/RelationalOperations.java:[523,15] error: cannot find symbol
[ERROR] 
[ERROR]  interface Relation
[ERROR] /workspaces/xxxx/code_cure_agent/cca_workspace/geometry-api-java/src/main/java/com/esri/core/geometry/RelationalOperations.java:[527,15] error: cannot find symbol
[ERROR] 
[ERROR]  interface Relation
[ERROR] /workspaces/xxxx/code_cure_agent/cca_workspace/geometry-api-java/src/main/java/com/esri/core/geometry/RelationalOperations.java:[543,15] error: cannot find symbol
[ERROR] 
[ERROR]  interface Relation
[ERROR] /workspaces/xxxx/code_cure_agent/cca_workspace/geometry-api-java/src/main/java/com/esri/core/geometry/RelationalOperations.java:[547,15] error: cannot find symbol
[ERROR] 
[ERROR]  interface Relation
[ERROR] /workspaces/xxxx/code_cure_agent/cca_workspace/geometry-api-java/src/main/java/com/esri/core/geometry/RelationalOperations.java:[551,15] error: cannot find symbol
[ERROR] 
[ERROR]  interface Relation
[ERROR] /workspaces/xxxx/code_cure_agent/cca_workspace/geometry-api-java/src/main/java/com/esri/core/geometry/RelationalOperations.java:[567,15] error: cannot find symbol
[ERROR] 
[ERROR]  interface Relation
[ERROR] /workspaces/xxxx/code_cure_agent/cca_workspace/geometry-api-java/src/main/java/com/esri/core/geometry/RelationalOperations.java:[571,15] error: cannot find symbol
[ERROR] 
[ERROR]  interface Relation
[ERROR] /workspaces/xxxx/code_cure_agent/cca_workspace/geometry-api-java/src/main/java/com/esri/core/geometry/RelationalOperations.java:[575,15] error: cannot find symbol
[ERROR] 
[ERROR]  interface Relation
[ERROR] /workspaces/xxxx/code_cure_agent/cca_workspace/geometry-api-java/src/main/java/com/esri/core/geometry/RelationalOperations.java:[579,15] error: cannot find symbol
[ERROR] 
[ERROR]  interface Relation
[ERROR] /workspaces/xxxx/code_cure_agent/cca_workspace/geometry-api-java/src/main/java/com/esri/core/geometry/RelationalOperations.java:[596,27] error: cannot find symbol
[ERROR] 
[ERROR]  interface Relation
[ERROR] /workspaces/xxxx/code_cure_agent/cca_workspace/geometry-api-java/src/main/java/com/esri/core/geometry/RelationalOperations.java:[600,33] error: cannot find symbol
[ERROR] 
[ERROR]  interface Relation
[ERROR] /workspaces/xxxx/code_cure_agent/cca_workspace/geometry-api-java/src/main/java/com/esri/core/geometry/RelationalOperations.java:[605,15] error: cannot find symbol
[ERROR] 
[ERROR]  interface Relation
[ERROR] /workspaces/xxxx/code_cure_agent/cca_workspace/geometry-api-java/src/main/java/com/esri/core/geometry/RelationalOperations.java:[609,15] error: cannot find symbol
[ERROR] 
[ERROR]  interface Relation
[ERROR] /workspaces/xxxx/code_cure_agent/cca_workspace/geometry-api-java/src/main/java/com/esri/core/geometry/RelationalOperations.java:[613,15] error: cannot find symbol
[ERROR] 
[ERROR]  interface Relation
[ERROR] /workspaces/xxxx/code_cure_agent/cca_workspace/geometry-api-java/src/main/java/com/esri/core/geometry/RelationalOperations.java:[617,15] error: cannot find symbol
[ERROR] 
[ERROR]  interface Relation
[ERROR] /workspaces/xxxx/code_cure_agent/cca_workspace/geometry-api-java/src/main/java/com/esri/core/geometry/RelationalOperations.java:[621,15] error: cannot find symbol
[ERROR] 
[ERROR]  interface Relation
[ERROR] /workspaces/xxxx/code_cure_agent/cca_workspace/geometry-api-java/src/main/java/com/esri/core/geometry/RelationalOperations.java:[625,15] error: cannot find symbol
[ERROR] 
[ERROR]  interface Relation
[ERROR] /workspaces/xxxx/code_cure_agent/cca_workspace/geometry-api-java/src/main/java/com/esri/core/geometry/RelationalOperations.java:[641,15] error: cannot find symbol
[ERROR] 
[ERROR]  interface Relation
[ERROR] /workspaces/xxxx/code_cure_agent/cca_workspace/geometry-api-java/src/main/java/com/esri/core/geometry/RelationalOperations.java:[645,15] error: cannot find symbol
[ERROR] 
[ERROR]  interface Relation
[ERROR] /workspaces/xxxx/code_cure_agent/cca_workspace/geometry-api-java/src/main/java/com/esri/core/geometry/RelationalOperations.java:[649,15] error: cannot find symbol
[ERROR] 
[ERROR]  interface Relation
[ERROR] /workspaces/xxxx/code_cure_agent/cca_workspace/geometry-api-java/src/main/java/com/esri/core/geometry/RelationalOperations.java:[653,15] error: cannot find symbol
[ERROR] 
[ERROR]  interface Relation
[ERROR] /workspaces/xxxx/code_cure_agent/cca_workspace/geometry-api-java/src/main/java/com/esri/core/geometry/RelationalOperations.java:[657,15] error: cannot find symbol
[ERROR] 
[ERROR]  interface Relation
[ERROR] /workspaces/xxxx/code_cure_agent/cca_workspace/geometry-api-java/src/main/java/com/esri/core/geometry/RelationalOperations.java:[661,15] error: cannot find symbol
[ERROR] 
[ERROR]  interface Relation
[ERROR] /workspaces/xxxx/code_cure_agent/cca_workspace/geometry-api-java/src/main/java/com/esri/core/geometry/RelationalOperations.java:[665,15] error: cannot find symbol
[ERROR] 
[ERROR]  interface Relation
[ERROR] /workspaces/xxxx/code_cure_agent/cca_workspace/geometry-api-java/src/main/java/com/esri/core/geometry/RelationalOperations.java:[681,15] error: cannot find symbol
[ERROR] 
[ERROR]  interface Relation
[ERROR] /workspaces/xxxx/code_cure_agent/cca_workspace/geometry-api-java/src/main/java/com/esri/core/geometry/RelationalOperations.java:[685,15] error: cannot find symbol
[ERROR] 
[ERROR]  interface Relation
[ERROR] /workspaces/xxxx/code_cure_agent/cca_workspace/geometry-api-java/src/main/java/com/esri/core/geometry/RelationalOperations.java:[689,15] error: cannot find symbol
[ERROR] 
[ERROR]  interface Relation
[ERROR] /workspaces/xxxx/code_cure_agent/cca_workspace/geometry-api-java/src/main/java/com/esri/core/geometry/RelationalOperations.java:[705,15] error: cannot find symbol
[ERROR] 
[ERROR]  interface Relation
[ERROR] /workspaces/xxxx/code_cure_agent/cca_workspace/geometry-api-java/src/main/java/com/esri/core/geometry/RelationalOperations.java:[709,15] error: cannot find symbol
[ERROR] 
[ERROR]  interface Relation
[ERROR] /workspaces/xxxx/code_cure_agent/cca_workspace/geometry-api-java/src/main/java/com/esri/core/geometry/RelationalOperations.java:[713,15] error: cannot find symbol
[ERROR] 
[ERROR]  interface Relation
[ERROR] /workspaces/xxxx/code_cure_agent/cca_workspace/geometry-api-java/src/main/java/com/esri/core/geometry/RelationalOperations.java:[717,15] error: cannot find symbol
[ERROR] 
[ERROR]  interface Relation
[ERROR] /workspaces/xxxx/code_cure_agent/cca_workspace/geometry-api-java/src/main/java/com/esri/core/geometry/RelationalOperations.java:[734,27] error: cannot find symbol
[ERROR] 
[ERROR]  interface Relation
[ERROR] /workspaces/xxxx/code_cure_agent/cca_workspace/geometry-api-java/src/main/java/com/esri/core/geometry/RelationalOperations.java:[738,33] error: cannot find symbol
[ERROR] 
[ERROR]  interface Relation
[ERROR] /workspaces/xxxx/code_cure_agent/cca_workspace/geometry-api-java/src/main/java/com/esri/core/geometry/RelationalOperations.java:[743,15] error: cannot find symbol
[ERROR] 
[ERROR]  interface Relation
[ERROR] /workspaces/xxxx/code_cure_agent/cca_workspace/geometry-api-java/src/main/java/com/esri/core/geometry/RelationalOperations.java:[747,15] error: cannot find symbol
[ERROR] 
[ERROR]  interface Relation
[ERROR] /workspaces/xxxx/code_cure_agent/cca_workspace/geometry-api-java/src/main/java/com/esri/core/geometry/RelationalOperations.java:[751,15] error: cannot find symbol
[ERROR] 
[ERROR]  interface Relation
[ERROR] /workspaces/xxxx/code_cure_agent/cca_workspace/geometry-api-java/src/main/java/com/esri/core/geometry/RelationalOperations.java:[755,15] error: cannot find symbol
[ERROR] 
[ERROR]  interface Relation
[ERROR] /workspaces/xxxx/code_cure_agent/cca_workspace/geometry-api-java/src/main/java/com/esri/core/geometry/RelationalOperations.java:[759,15] error: cannot find symbol
[ERROR] 
[ERROR]  interface Relation
[ERROR] /workspaces/xxxx/code_cure_agent/cca_workspace/geometry-api-java/src/main/java/com/esri/core/geometry/RelationalOperations.java:[763,15] error: cannot find symbol
[ERROR] 
[ERROR]  interface Relation
[ERROR] /workspaces/xxxx/code_cure_agent/cca_workspace/geometry-api-java/src/main/java/com/esri/core/geometry/RelationalOperations.java:[779,15] error: cannot find symbol
[ERROR] 
[ERROR]  interface Relation
[ERROR] /workspaces/xxxx/code_cure_agent/cca_workspace/geometry-api-java/src/main/java/com/esri/core/geometry/RelationalOperations.java:[783,15] error: cannot find symbol
[ERROR] 
[ERROR]  interface Relation
[ERROR] /workspaces/xxxx/code_cure_agent/cca_workspace/geometry-api-java/src/main/java/com/esri/core/geometry/RelationalOperations.java:[787,15] error: cannot find symbol
[ERROR] 
[ERROR]  interface Relation
[ERROR] /workspaces/xxxx/code_cure_agent/cca_workspace/geometry-api-java/src/main/java/com/esri/core/geometry/RelationalOperations.java:[791,15] error: cannot find symbol
[ERROR] 
[ERROR]  interface Relation
[ERROR] /workspaces/xxxx/code_cure_agent/cca_workspace/geometry-api-java/src/main/java/com/esri/core/geometry/RelationalOperations.java:[795,15] error: cannot find symbol
[ERROR] 
[ERROR]  interface Relation
[ERROR] /workspaces/xxxx/code_cure_agent/cca_workspace/geometry-api-java/src/main/java/com/esri/core/geometry/RelationalOperations.java:[811,15] error: cannot find symbol
[ERROR] 
[ERROR]  interface Relation
[ERROR] /workspaces/xxxx/code_cure_agent/cca_workspace/geometry-api-java/src/main/java/com/esri/core/geometry/RelationalOperations.java:[815,15] error: cannot find symbol
[ERROR] 
[ERROR]  interface Relation
[ERROR] /workspaces/xxxx/code_cure_agent/cca_workspace/geometry-api-java/src/main/java/com/esri/core/geometry/RelationalOperations.java:[819,15] error: cannot find symbol
[ERROR] 
[ERROR]  interface Relation
[ERROR] /workspaces/xxxx/code_cure_agent/cca_workspace/geometry-api-java/src/main/java/com/esri/core/geometry/RelationalOperations.java:[823,15] error: cannot find symbol
[ERROR] 
[ERROR]  interface Relation
[ERROR] /workspaces/xxxx/code_cure_agent/cca_workspace/geometry-api-java/src/main/java/com/esri/core/geometry/RelationalOperations.java:[839,15] error: cannot find symbol
[ERROR] 
[ERROR]  interface Relation
[ERROR] /workspaces/xxxx/code_cure_agent/cca_workspace/geometry-api-java/src/main/java/com/esri/core/geometry/RelationalOperations.java:[843,15] error: cannot find symbol
[ERROR] 
[ERROR]  interface Relation
[ERROR] /workspaces/xxxx/code_cure_agent/cca_workspace/geometry-api-java/src/main/java/com/esri/core/geometry/RelationalOperations.java:[847,15] error: cannot find symbol
[ERROR] 
[ERROR]  interface Relation
[ERROR] /workspaces/xxxx/code_cure_agent/cca_workspace/geometry-api-java/src/main/java/com/esri/core/geometry/RelationalOperations.java:[851,15] error: cannot find symbol
[ERROR] 
[ERROR]  interface Relation
[ERROR] /workspaces/xxxx/code_cure_agent/cca_workspace/geometry-api-java/src/main/java/com/esri/core/geometry/RelationalOperations.java:[855,15] error: cannot find symbol
[ERROR] 
[ERROR]  interface Relation
[ERROR] /workspaces/xxxx/code_cure_agent/cca_workspace/geometry-api-java/src/main/java/com/esri/core/geometry/RelationalOperations.java:[859,15] error: cannot find symbol
[ERROR] 
[ERROR]  interface Relation
[ERROR] /workspaces/xxxx/code_cure_agent/cca_workspace/geometry-api-java/src/main/java/com/esri/core/geometry/RelationalOperations.java:[887,26] error: cannot find symbol
[ERROR] 
[ERROR]  interface Relation
[ERROR] /workspaces/xxxx/code_cure_agent/cca_workspace/geometry-api-java/src/main/java/com/esri/core/geometry/RelationalOperations.java:[887,59] error: cannot find symbol
[ERROR] 
[ERROR]  interface Relation
[ERROR] /workspaces/xxxx/code_cure_agent/cca_workspace/geometry-api-java/src/main/java/com/esri/core/geometry/RelationalOperations.java:[888,27] error: cannot find symbol
[ERROR] 
[ERROR]  interface Relation
[ERROR] /workspaces/xxxx/code_cure_agent/cca_workspace/geometry-api-java/src/main/java/com/esri/core/geometry/RelationalOperations.java:[918,26] error: cannot find symbol
[ERROR] 
[ERROR]  interface Relation
[ERROR] /workspaces/xxxx/code_cure_agent/cca_workspace/geometry-api-java/src/main/java/com/esri/core/geometry/RelationalOperations.java:[921,26] error: cannot find symbol
[ERROR] 
[ERROR]  interface Relation
[ERROR] /workspaces/xxxx/code_cure_agent/cca_workspace/geometry-api-java/src/main/java/com/esri/core/geometry/RelationalOperations.java:[921,59] error: cannot find symbol
[ERROR] 
[ERROR]  interface Relation
[ERROR] /workspaces/xxxx/code_cure_agent/cca_workspace/geometry-api-java/src/main/java/com/esri/core/geometry/RelationalOperations.java:[922,27] error: cannot find symbol
[ERROR] 
[ERROR]  interface Relation
[ERROR] /workspaces/xxxx/code_cure_agent/cca_workspace/geometry-api-java/src/main/java/com/esri/core/geometry/RelationalOperations.java:[938,26] error: cannot find symbol
[ERROR] 
[ERROR]  interface Relation
[ERROR] /workspaces/xxxx/code_cure_agent/cca_workspace/geometry-api-java/src/main/java/com/esri/core/geometry/RelationalOperations.java:[938,59] error: cannot find symbol
[ERROR] 
[ERROR]  interface Relation
[ERROR] /workspaces/xxxx/code_cure_agent/cca_workspace/geometry-api-java/src/main/java/com/esri/core/geometry/RelationalOperations.java:[939,27] error: cannot find symbol
[ERROR] 
[ERROR]  interface Relation
[ERROR] /workspaces/xxxx/code_cure_agent/cca_workspace/geometry-api-java/src/main/java/com/esri/core/geometry/RelationalOperations.java:[954,26] error: cannot find symbol
[ERROR] 
[ERROR]  interface Relation
[ERROR] /workspaces/xxxx/code_cure_agent/cca_workspace/geometry-api-java/src/main/java/com/esri/core/geometry/RelationalOperations.java:[954,59] error: cannot find symbol
[ERROR] 
[ERROR]  interface Relation
[ERROR] /workspaces/xxxx/code_cure_agent/cca_workspace/geometry-api-java/src/main/java/com/esri/core/geometry/RelationalOperations.java:[955,27] error: cannot find symbol
[ERROR] 
[ERROR]  interface Relation
[ERROR] /workspaces/xxxx/code_cure_agent/cca_workspace/geometry-api-java/src/main/java/com/esri/core/geometry/RelationalOperations.java:[979,26] error: cannot find symbol
[ERROR] 
[ERROR]  interface Relation
[ERROR] /workspaces/xxxx/code_cure_agent/cca_workspace/geometry-api-java/src/main/java/com/esri/core/geometry/RelationalOperations.java:[979,59] error: cannot find symbol
[ERROR] -> [Help 1]
[ERROR] 
[ERROR] To see the full stack trace of the errors, re-run Maven with the -e switch.
[ERROR] Re-run Maven using the -X switch to enable full debug logging.
[ERROR] 
[ERROR] For more information about the errors and possible solutions, please read the following articles:
[ERROR] [Help 1] http://cwiki.apache.org/confluence/display/MAVEN/MojoFailureException
