[INFO] Scanning for projects...
[WARNING] 
[WARNING] Some problems were encountered while building the effective model for com.capitalone.dashboard:exec-analysis:jar:1.0.0-SNAPSHOT
[WARNING] 'dependencies.dependency.version' for com.github.steveash.hnp:human-name-parser:jar is either LATEST or RELEASE (both of them are being deprecated) @ line 257, column 22
[WARNING] 'dependencies.dependency.version' for com.cloudera.sparkts:sparkts:jar is either LATEST or RELEASE (both of them are being deprecated) @ line 263, column 22
[WARNING] 
[WARNING] It is highly recommended to fix these problems because they threaten the stability of your build.
[WARNING] 
[WARNING] For this reason, future Maven versions might no longer support building such malformed projects.
[WARNING] 
[INFO] ------------------------------------------------------------------------
[INFO] Reactor Build Order:
[INFO] 
[INFO] com.capitalone.dashboard:HygieiaExec                               [pom]
[INFO] com.capitalone.dashboard:exec-core                                 [jar]
[INFO] com.capitalone.dashboard:exec-analysis                             [jar]
[INFO] com.capitalone.dashboard:exec-api                                  [jar]
[INFO] com.capitalone.dashboard:exec-ui                                   [pom]
[INFO] 
[INFO] ----------------< com.capitalone.dashboard:HygieiaExec >----------------
[INFO] Building com.capitalone.dashboard:HygieiaExec 1.0.0-SNAPSHOT       [1/5]
[INFO] --------------------------------[ pom ]---------------------------------
[INFO] 
[INFO] --- maven-clean-plugin:2.6.1:clean (default-clean) @ HygieiaExec ---
[INFO] 
[INFO] >>> maven-pmd-plugin:3.6:check (default) > :pmd @ HygieiaExec >>>
[INFO] 
[INFO] --- maven-pmd-plugin:3.6:pmd (pmd) @ HygieiaExec ---
[INFO] 
[INFO] <<< maven-pmd-plugin:3.6:check (default) < :pmd @ HygieiaExec <<<
[INFO] 
[INFO] 
[INFO] --- maven-pmd-plugin:3.6:check (default) @ HygieiaExec ---
[INFO] 
[INFO] -----------------< com.capitalone.dashboard:exec-core >-----------------
[INFO] Building com.capitalone.dashboard:exec-core 1.0.0-SNAPSHOT         [2/5]
[INFO] --------------------------------[ jar ]---------------------------------
[INFO] 
[INFO] --- maven-clean-plugin:2.6.1:clean (default-clean) @ exec-core ---
[INFO] Deleting /workspaces/xxxx/code_cure_agent/cca_workspace/ExecDashboard/exec-core/target
[INFO] 
[INFO] >>> maven-pmd-plugin:3.6:check (default) > :pmd @ exec-core >>>
[INFO] 
[INFO] --- maven-pmd-plugin:3.6:pmd (pmd) @ exec-core ---
[WARNING] Unable to locate Source XRef to link to - DISABLED
[INFO] 
[INFO] <<< maven-pmd-plugin:3.6:check (default) < :pmd @ exec-core <<<
[INFO] 
[INFO] 
[INFO] --- maven-pmd-plugin:3.6:check (default) @ exec-core ---
[INFO] 
[INFO] 
[INFO] --- jacoco-maven-plugin:0.7.6.201602180812:prepare-agent (default) @ exec-core ---
[INFO] argLine set to -javaagent:/home/vscode/.m2/repository/org/jacoco/org.jacoco.agent/0.7.6.201602180812/org.jacoco.agent-0.7.6.201602180812-runtime.jar=destfile=/workspaces/xxxx/code_cure_agent/cca_workspace/ExecDashboard/exec-core/target/jacoco.exec
[INFO] 
[INFO] --- apt-maven-plugin:1.1.3:process (default) @ exec-core ---
[INFO] 
[INFO] --- maven-resources-plugin:2.6:resources (default-resources) @ exec-core ---
[INFO] Using 'UTF-8' encoding to copy filtered resources.
[INFO] skip non existing resourceDirectory /workspaces/xxxx/code_cure_agent/cca_workspace/ExecDashboard/exec-core/src/main/resources
[INFO] skip non existing resourceDirectory /workspaces/xxxx/code_cure_agent/cca_workspace/ExecDashboard/exec-core/src/main/resources
[INFO] 
[INFO] --- maven-compiler-plugin:3.6.1:compile (default-compile) @ exec-core ---
[INFO] Changes detected - recompiling the module!
[INFO] Compiling 190 source files to /workspaces/xxxx/code_cure_agent/cca_workspace/ExecDashboard/exec-core/target/classes
[INFO] /workspaces/xxxx/code_cure_agent/cca_workspace/ExecDashboard/exec-core/src/main/java/com/capitalone/dashboard/exec/model/Lob.java: Some input files use unchecked or unsafe operations.
[INFO] /workspaces/xxxx/code_cure_agent/cca_workspace/ExecDashboard/exec-core/src/main/java/com/capitalone/dashboard/exec/model/Lob.java: Recompile with -Xlint:unchecked for details.
[INFO] -------------------------------------------------------------
[ERROR] COMPILATION ERROR : 
[INFO] -------------------------------------------------------------
[ERROR] /workspaces/xxxx/code_cure_agent/cca_workspace/ExecDashboard/exec-core/src/main/java/com/capitalone/dashboard/exec/model/CollectorType.java:[8,144] variable CA_APM is already defined in enum com.capitalone.dashboard.exec.model.CollectorType
[INFO] 1 error
[INFO] -------------------------------------------------------------
[INFO] ------------------------------------------------------------------------
[INFO] Reactor Summary for com.capitalone.dashboard:HygieiaExec 1.0.0-SNAPSHOT:
[INFO] 
[INFO] com.capitalone.dashboard:HygieiaExec ............... SUCCESS [  0.595 s]
[INFO] com.capitalone.dashboard:exec-core ................. FAILURE [  5.384 s]
[INFO] com.capitalone.dashboard:exec-analysis ............. SKIPPED
[INFO] com.capitalone.dashboard:exec-api .................. SKIPPED
[INFO] com.capitalone.dashboard:exec-ui ................... SKIPPED
[INFO] ------------------------------------------------------------------------
[INFO] BUILD FAILURE
[INFO] ------------------------------------------------------------------------
[INFO] Total time:  6.196 s
[INFO] Finished at: 2025-08-31T00:48:37Z
[INFO] ------------------------------------------------------------------------
[ERROR] Failed to execute goal org.apache.maven.plugins:maven-compiler-plugin:3.6.1:compile (default-compile) on project exec-core: Compilation failure
[ERROR] /workspaces/xxxx/code_cure_agent/cca_workspace/ExecDashboard/exec-core/src/main/java/com/capitalone/dashboard/exec/model/CollectorType.java:[8,144] variable CA_APM is already defined in enum com.capitalone.dashboard.exec.model.CollectorType
[ERROR] -> [Help 1]
[ERROR] 
[ERROR] To see the full stack trace of the errors, re-run Maven with the -e switch.
[ERROR] Re-run Maven using the -X switch to enable full debug logging.
[ERROR] 
[ERROR] For more information about the errors and possible solutions, please read the following articles:
[ERROR] [Help 1] http://cwiki.apache.org/confluence/display/MAVEN/MojoFailureException
[ERROR] 
[ERROR] After correcting the problems, you can resume the build with the command
[ERROR]   mvn <args> -rf :exec-core
