[INFO] Scanning for projects...
[INFO] 
[INFO] ---------------------------< amidst:amidst >----------------------------
[INFO] Building amidst 4.6
[INFO] --------------------------------[ jar ]---------------------------------
[INFO] 
[INFO] --- maven-clean-plugin:2.5:clean (default-clean) @ amidst ---
[INFO] 
[INFO] --- properties-maven-plugin:1.0.0:read-project-properties (default) @ amidst ---
[INFO] 
[INFO] --- maven-resources-plugin:2.6:resources (default-resources) @ amidst ---
[INFO] Using 'UTF-8' encoding to copy filtered resources.
[INFO] Copying 136 resources
[INFO] 
[INFO] --- maven-compiler-plugin:3.8.1:compile (default-compile) @ amidst ---
[INFO] Changes detected - recompiling the module!
[INFO] Compiling 342 source files to /workspaces/CodeCureAgent/code_cure_agent/cca_workspace_3/amidst/target/classes
[INFO] /workspaces/CodeCureAgent/code_cure_agent/cca_workspace_3/amidst/src/main/java/amidst/gui/main/menu/MenuShortcuts.java: /workspaces/CodeCureAgent/code_cure_agent/cca_workspace_3/amidst/src/main/java/amidst/gui/main/menu/MenuShortcuts.java uses or overrides a deprecated API.
[INFO] /workspaces/CodeCureAgent/code_cure_agent/cca_workspace_3/amidst/src/main/java/amidst/gui/main/menu/MenuShortcuts.java: Recompile with -Xlint:deprecation for details.
[INFO] /workspaces/CodeCureAgent/code_cure_agent/cca_workspace_3/amidst/src/main/java/amidst/gui/main/menu/Menus.java: /workspaces/CodeCureAgent/code_cure_agent/cca_workspace_3/amidst/src/main/java/amidst/gui/main/menu/Menus.java uses unchecked or unsafe operations.
[INFO] /workspaces/CodeCureAgent/code_cure_agent/cca_workspace_3/amidst/src/main/java/amidst/gui/main/menu/Menus.java: Recompile with -Xlint:unchecked for details.
[INFO] Some messages have been simplified; recompile with -Xdiags:verbose to get full output
[INFO] -------------------------------------------------------------
[ERROR] COMPILATION ERROR : 
[INFO] -------------------------------------------------------------
[ERROR] /workspaces/CodeCureAgent/code_cure_agent/cca_workspace_3/amidst/src/main/java/amidst/mojangapi/world/versionfeatures/DefaultVersionFeatures.java:[203,54] cannot find symbol
  symbol:   variable jungle
  location: class amidst.mojangapi.world.versionfeatures.DefaultBiomes
[ERROR] /workspaces/CodeCureAgent/code_cure_agent/cca_workspace_3/amidst/src/main/java/amidst/mojangapi/world/versionfeatures/DefaultVersionFeatures.java:[204,54] cannot find symbol
  symbol:   variable jungleHills
  location: class amidst.mojangapi.world.versionfeatures.DefaultBiomes
[ERROR] /workspaces/CodeCureAgent/code_cure_agent/cca_workspace_3/amidst/src/main/java/amidst/mojangapi/world/versionfeatures/DefaultVersionFeatures.java:[200,54] cannot find symbol
  symbol:   variable taigaHills
  location: class amidst.mojangapi.world.versionfeatures.DefaultBiomes
[ERROR] /workspaces/CodeCureAgent/code_cure_agent/cca_workspace_3/amidst/src/main/java/amidst/mojangapi/world/versionfeatures/DefaultVersionFeatures.java:[201,54] cannot find symbol
  symbol:   variable forestHills
  location: class amidst.mojangapi.world.versionfeatures.DefaultBiomes
[ERROR] /workspaces/CodeCureAgent/code_cure_agent/cca_workspace_3/amidst/src/main/java/amidst/mojangapi/world/versionfeatures/DefaultVersionFeatures.java:[196,54] cannot find symbol
  symbol:   variable forest
  location: class amidst.mojangapi.world.versionfeatures.DefaultBiomes
[ERROR] /workspaces/CodeCureAgent/code_cure_agent/cca_workspace_3/amidst/src/main/java/amidst/mojangapi/world/versionfeatures/DefaultVersionFeatures.java:[197,54] cannot find symbol
  symbol:   variable plains
  location: class amidst.mojangapi.world.versionfeatures.DefaultBiomes
[ERROR] /workspaces/CodeCureAgent/code_cure_agent/cca_workspace_3/amidst/src/main/java/amidst/mojangapi/world/versionfeatures/DefaultVersionFeatures.java:[198,54] cannot find symbol
  symbol:   variable taiga
  location: class amidst.mojangapi.world.versionfeatures.DefaultBiomes
[ERROR] /workspaces/CodeCureAgent/code_cure_agent/cca_workspace_3/amidst/src/main/java/amidst/mojangapi/world/versionfeatures/DefaultVersionFeatures.java:[249,54] cannot find symbol
  symbol:   variable hell
  location: class amidst.mojangapi.world.versionfeatures.DefaultBiomes
[ERROR] /workspaces/CodeCureAgent/code_cure_agent/cca_workspace_3/amidst/src/main/java/amidst/mojangapi/world/versionfeatures/DefaultVersionFeatures.java:[250,54] cannot find symbol
  symbol:   variable soulSandValley
  location: class amidst.mojangapi.world.versionfeatures.DefaultBiomes
[ERROR] /workspaces/CodeCureAgent/code_cure_agent/cca_workspace_3/amidst/src/main/java/amidst/mojangapi/world/versionfeatures/DefaultVersionFeatures.java:[251,54] cannot find symbol
  symbol:   variable crimsonForest
  location: class amidst.mojangapi.world.versionfeatures.DefaultBiomes
[ERROR] /workspaces/CodeCureAgent/code_cure_agent/cca_workspace_3/amidst/src/main/java/amidst/mojangapi/world/versionfeatures/DefaultVersionFeatures.java:[252,54] cannot find symbol
  symbol:   variable warpedForest
  location: class amidst.mojangapi.world.versionfeatures.DefaultBiomes
[ERROR] /workspaces/CodeCureAgent/code_cure_agent/cca_workspace_3/amidst/src/main/java/amidst/mojangapi/world/versionfeatures/DefaultVersionFeatures.java:[358,54] cannot find symbol
  symbol:   variable bambooJungle
  location: class amidst.mojangapi.world.versionfeatures.DefaultBiomes
[ERROR] /workspaces/CodeCureAgent/code_cure_agent/cca_workspace_3/amidst/src/main/java/amidst/mojangapi/world/versionfeatures/DefaultVersionFeatures.java:[359,54] cannot find symbol
  symbol:   variable bambooJungleHills
  location: class amidst.mojangapi.world.versionfeatures.DefaultBiomes
[ERROR] /workspaces/CodeCureAgent/code_cure_agent/cca_workspace_3/amidst/src/main/java/amidst/mojangapi/world/versionfeatures/DefaultVersionFeatures.java:[356,54] cannot find symbol
  symbol:   variable mushroomIslandShore
  location: class amidst.mojangapi.world.versionfeatures.DefaultBiomes
[ERROR] /workspaces/CodeCureAgent/code_cure_agent/cca_workspace_3/amidst/src/main/java/amidst/mojangapi/world/versionfeatures/DefaultVersionFeatures.java:[350,54] cannot find symbol
  symbol:   variable jungle
  location: class amidst.mojangapi.world.versionfeatures.DefaultBiomes
[ERROR] /workspaces/CodeCureAgent/code_cure_agent/cca_workspace_3/amidst/src/main/java/amidst/mojangapi/world/versionfeatures/DefaultVersionFeatures.java:[351,54] cannot find symbol
  symbol:   variable jungleHills
  location: class amidst.mojangapi.world.versionfeatures.DefaultBiomes
[ERROR] /workspaces/CodeCureAgent/code_cure_agent/cca_workspace_3/amidst/src/main/java/amidst/mojangapi/world/versionfeatures/DefaultVersionFeatures.java:[346,54] cannot find symbol
  symbol:   variable desertHills
  location: class amidst.mojangapi.world.versionfeatures.DefaultBiomes
[ERROR] /workspaces/CodeCureAgent/code_cure_agent/cca_workspace_3/amidst/src/main/java/amidst/mojangapi/world/versionfeatures/DefaultVersionFeatures.java:[347,54] cannot find symbol
  symbol:   variable forestHills
  location: class amidst.mojangapi.world.versionfeatures.DefaultBiomes
[ERROR] /workspaces/CodeCureAgent/code_cure_agent/cca_workspace_3/amidst/src/main/java/amidst/mojangapi/world/versionfeatures/DefaultVersionFeatures.java:[348,54] cannot find symbol
  symbol:   variable extremeHillsEdge
  location: class amidst.mojangapi.world.versionfeatures.DefaultBiomes
[ERROR] /workspaces/CodeCureAgent/code_cure_agent/cca_workspace_3/amidst/src/main/java/amidst/mojangapi/world/versionfeatures/DefaultVersionFeatures.java:[342,54] cannot find symbol
  symbol:   variable taiga
  location: class amidst.mojangapi.world.versionfeatures.DefaultBiomes
[ERROR] /workspaces/CodeCureAgent/code_cure_agent/cca_workspace_3/amidst/src/main/java/amidst/mojangapi/world/versionfeatures/DefaultVersionFeatures.java:[343,54] cannot find symbol
  symbol:   variable icePlains
  location: class amidst.mojangapi.world.versionfeatures.DefaultBiomes
[ERROR] /workspaces/CodeCureAgent/code_cure_agent/cca_workspace_3/amidst/src/main/java/amidst/mojangapi/world/versionfeatures/DefaultVersionFeatures.java:[344,54] cannot find symbol
  symbol:   variable iceMountains
  location: class amidst.mojangapi.world.versionfeatures.DefaultBiomes
[ERROR] /workspaces/CodeCureAgent/code_cure_agent/cca_workspace_3/amidst/src/main/java/amidst/mojangapi/world/versionfeatures/DefaultVersionFeatures.java:[337,54] cannot find symbol
  symbol:   variable desert
  location: class amidst.mojangapi.world.versionfeatures.DefaultBiomes
[ERROR] /workspaces/CodeCureAgent/code_cure_agent/cca_workspace_3/amidst/src/main/java/amidst/mojangapi/world/versionfeatures/DefaultVersionFeatures.java:[338,54] cannot find symbol
  symbol:   variable forest
  location: class amidst.mojangapi.world.versionfeatures.DefaultBiomes
[ERROR] /workspaces/CodeCureAgent/code_cure_agent/cca_workspace_3/amidst/src/main/java/amidst/mojangapi/world/versionfeatures/DefaultVersionFeatures.java:[339,54] cannot find symbol
  symbol:   variable extremeHills
  location: class amidst.mojangapi.world.versionfeatures.DefaultBiomes
[ERROR] /workspaces/CodeCureAgent/code_cure_agent/cca_workspace_3/amidst/src/main/java/amidst/mojangapi/world/versionfeatures/DefaultVersionFeatures.java:[340,54] cannot find symbol
  symbol:   variable swampland
  location: class amidst.mojangapi.world.versionfeatures.DefaultBiomes
[ERROR] /workspaces/CodeCureAgent/code_cure_agent/cca_workspace_3/amidst/src/main/java/amidst/mojangapi/world/versionfeatures/DefaultVersionFeatures.java:[381,54] cannot find symbol
  symbol:   variable icePlains
  location: class amidst.mojangapi.world.versionfeatures.DefaultBiomes
[ERROR] /workspaces/CodeCureAgent/code_cure_agent/cca_workspace_3/amidst/src/main/java/amidst/mojangapi/world/versionfeatures/DefaultVersionFeatures.java:[379,54] cannot find symbol
  symbol:   variable taiga
  location: class amidst.mojangapi.world.versionfeatures.DefaultBiomes
[ERROR] /workspaces/CodeCureAgent/code_cure_agent/cca_workspace_3/amidst/src/main/java/amidst/mojangapi/world/versionfeatures/DefaultVersionFeatures.java:[377,54] cannot find symbol
  symbol:   variable savanna
  location: class amidst.mojangapi.world.versionfeatures.DefaultBiomes
[ERROR] /workspaces/CodeCureAgent/code_cure_agent/cca_workspace_3/amidst/src/main/java/amidst/mojangapi/world/versionfeatures/DefaultVersionFeatures.java:[374,54] cannot find symbol
  symbol:   variable plains
  location: class amidst.mojangapi.world.versionfeatures.DefaultBiomes
[ERROR] /workspaces/CodeCureAgent/code_cure_agent/cca_workspace_3/amidst/src/main/java/amidst/mojangapi/world/versionfeatures/DefaultVersionFeatures.java:[375,54] cannot find symbol
  symbol:   variable desert
  location: class amidst.mojangapi.world.versionfeatures.DefaultBiomes
[ERROR] /workspaces/CodeCureAgent/code_cure_agent/cca_workspace_3/amidst/src/main/java/amidst/mojangapi/world/versionfeatures/DefaultVersionFeatures.java:[409,54] cannot find symbol
  symbol:   variable icePlains
  location: class amidst.mojangapi.world.versionfeatures.DefaultBiomes
[ERROR] /workspaces/CodeCureAgent/code_cure_agent/cca_workspace_3/amidst/src/main/java/amidst/mojangapi/world/versionfeatures/DefaultVersionFeatures.java:[404,54] cannot find symbol
  symbol:   variable plains
  location: class amidst.mojangapi.world.versionfeatures.DefaultBiomes
[ERROR] /workspaces/CodeCureAgent/code_cure_agent/cca_workspace_3/amidst/src/main/java/amidst/mojangapi/world/versionfeatures/DefaultVersionFeatures.java:[405,54] cannot find symbol
  symbol:   variable desert
  location: class amidst.mojangapi.world.versionfeatures.DefaultBiomes
[ERROR] /workspaces/CodeCureAgent/code_cure_agent/cca_workspace_3/amidst/src/main/java/amidst/mojangapi/world/versionfeatures/DefaultVersionFeatures.java:[406,54] cannot find symbol
  symbol:   variable savanna
  location: class amidst.mojangapi.world.versionfeatures.DefaultBiomes
[ERROR] /workspaces/CodeCureAgent/code_cure_agent/cca_workspace_3/amidst/src/main/java/amidst/mojangapi/world/versionfeatures/DefaultVersionFeatures.java:[407,54] cannot find symbol
  symbol:   variable taiga
  location: class amidst.mojangapi.world.versionfeatures.DefaultBiomes
[ERROR] /workspaces/CodeCureAgent/code_cure_agent/cca_workspace_3/amidst/src/main/java/amidst/mojangapi/world/versionfeatures/DefaultVersionFeatures.java:[437,54] cannot find symbol
  symbol:   variable desertHills
  location: class amidst.mojangapi.world.versionfeatures.DefaultBiomes
[ERROR] /workspaces/CodeCureAgent/code_cure_agent/cca_workspace_3/amidst/src/main/java/amidst/mojangapi/world/versionfeatures/DefaultVersionFeatures.java:[435,54] cannot find symbol
  symbol:   variable desert
  location: class amidst.mojangapi.world.versionfeatures.DefaultBiomes
[ERROR] /workspaces/CodeCureAgent/code_cure_agent/cca_workspace_3/amidst/src/main/java/amidst/mojangapi/world/versionfeatures/DefaultVersionFeatures.java:[454,54] cannot find symbol
  symbol:   variable icePlains
  location: class amidst.mojangapi.world.versionfeatures.DefaultBiomes
[ERROR] /workspaces/CodeCureAgent/code_cure_agent/cca_workspace_3/amidst/src/main/java/amidst/mojangapi/world/versionfeatures/DefaultVersionFeatures.java:[455,54] cannot find symbol
  symbol:   variable coldTaiga
  location: class amidst.mojangapi.world.versionfeatures.DefaultBiomes
[ERROR] /workspaces/CodeCureAgent/code_cure_agent/cca_workspace_3/amidst/src/main/java/amidst/mojangapi/world/versionfeatures/DefaultVersionFeatures.java:[479,54] cannot find symbol
  symbol:   variable bambooJungle
  location: class amidst.mojangapi.world.versionfeatures.DefaultBiomes
[ERROR] /workspaces/CodeCureAgent/code_cure_agent/cca_workspace_3/amidst/src/main/java/amidst/mojangapi/world/versionfeatures/DefaultVersionFeatures.java:[480,54] cannot find symbol
  symbol:   variable bambooJungleHills
  location: class amidst.mojangapi.world.versionfeatures.DefaultBiomes
[ERROR] /workspaces/CodeCureAgent/code_cure_agent/cca_workspace_3/amidst/src/main/java/amidst/mojangapi/world/versionfeatures/DefaultVersionFeatures.java:[477,54] cannot find symbol
  symbol:   variable jungleHills
  location: class amidst.mojangapi.world.versionfeatures.DefaultBiomes
[ERROR] /workspaces/CodeCureAgent/code_cure_agent/cca_workspace_3/amidst/src/main/java/amidst/mojangapi/world/versionfeatures/DefaultVersionFeatures.java:[475,54] cannot find symbol
  symbol:   variable jungle
  location: class amidst.mojangapi.world.versionfeatures.DefaultBiomes
[ERROR] /workspaces/CodeCureAgent/code_cure_agent/cca_workspace_3/amidst/src/main/java/amidst/mojangapi/world/versionfeatures/DefaultVersionFeatures.java:[499,54] cannot find symbol
  symbol:   variable swampland
  location: class amidst.mojangapi.world.versionfeatures.DefaultBiomes
[ERROR] /workspaces/CodeCureAgent/code_cure_agent/cca_workspace_3/amidst/src/main/java/amidst/mojangapi/world/versionfeatures/DefaultVersionFeatures.java:[529,54] cannot find symbol
  symbol:   variable coldDeepOcean
  location: class amidst.mojangapi.world.versionfeatures.DefaultBiomes
[ERROR] /workspaces/CodeCureAgent/code_cure_agent/cca_workspace_3/amidst/src/main/java/amidst/mojangapi/world/versionfeatures/DefaultVersionFeatures.java:[530,54] cannot find symbol
  symbol:   variable warmDeepOcean
  location: class amidst.mojangapi.world.versionfeatures.DefaultBiomes
[ERROR] /workspaces/CodeCureAgent/code_cure_agent/cca_workspace_3/amidst/src/main/java/amidst/mojangapi/world/versionfeatures/DefaultVersionFeatures.java:[531,54] cannot find symbol
  symbol:   variable lukewarmDeepOcean
  location: class amidst.mojangapi.world.versionfeatures.DefaultBiomes
[ERROR] /workspaces/CodeCureAgent/code_cure_agent/cca_workspace_3/amidst/src/main/java/amidst/mojangapi/world/versionfeatures/DefaultVersionFeatures.java:[532,54] cannot find symbol
  symbol:   variable frozenDeepOcean
  location: class amidst.mojangapi.world.versionfeatures.DefaultBiomes
[ERROR] /workspaces/CodeCureAgent/code_cure_agent/cca_workspace_3/amidst/src/main/java/amidst/mojangapi/world/versionfeatures/DefaultVersionFeatures.java:[527,54] cannot find symbol
  symbol:   variable deepOcean
  location: class amidst.mojangapi.world.versionfeatures.DefaultBiomes
[ERROR] /workspaces/CodeCureAgent/code_cure_agent/cca_workspace_3/amidst/src/main/java/amidst/mojangapi/world/versionfeatures/DefaultVersionFeatures.java:[542,54] cannot find symbol
  symbol:   variable coldOcean
  location: class amidst.mojangapi.world.versionfeatures.DefaultBiomes
[ERROR] /workspaces/CodeCureAgent/code_cure_agent/cca_workspace_3/amidst/src/main/java/amidst/mojangapi/world/versionfeatures/DefaultVersionFeatures.java:[543,54] cannot find symbol
  symbol:   variable coldDeepOcean
  location: class amidst.mojangapi.world.versionfeatures.DefaultBiomes
[ERROR] /workspaces/CodeCureAgent/code_cure_agent/cca_workspace_3/amidst/src/main/java/amidst/mojangapi/world/versionfeatures/DefaultVersionFeatures.java:[544,54] cannot find symbol
  symbol:   variable warmOcean
  location: class amidst.mojangapi.world.versionfeatures.DefaultBiomes
[ERROR] /workspaces/CodeCureAgent/code_cure_agent/cca_workspace_3/amidst/src/main/java/amidst/mojangapi/world/versionfeatures/DefaultVersionFeatures.java:[545,54] cannot find symbol
  symbol:   variable warmDeepOcean
  location: class amidst.mojangapi.world.versionfeatures.DefaultBiomes
[ERROR] /workspaces/CodeCureAgent/code_cure_agent/cca_workspace_3/amidst/src/main/java/amidst/mojangapi/world/versionfeatures/DefaultVersionFeatures.java:[546,54] cannot find symbol
  symbol:   variable lukewarmOcean
  location: class amidst.mojangapi.world.versionfeatures.DefaultBiomes
[ERROR] /workspaces/CodeCureAgent/code_cure_agent/cca_workspace_3/amidst/src/main/java/amidst/mojangapi/world/versionfeatures/DefaultVersionFeatures.java:[547,54] cannot find symbol
  symbol:   variable lukewarmDeepOcean
  location: class amidst.mojangapi.world.versionfeatures.DefaultBiomes
[ERROR] /workspaces/CodeCureAgent/code_cure_agent/cca_workspace_3/amidst/src/main/java/amidst/mojangapi/world/versionfeatures/DefaultVersionFeatures.java:[548,54] cannot find symbol
  symbol:   variable frozenDeepOcean
  location: class amidst.mojangapi.world.versionfeatures.DefaultBiomes
[ERROR] /workspaces/CodeCureAgent/code_cure_agent/cca_workspace_3/amidst/src/main/java/amidst/mojangapi/world/versionfeatures/DefaultVersionFeatures.java:[536,54] cannot find symbol
  symbol:   variable ocean
  location: class amidst.mojangapi.world.versionfeatures.DefaultBiomes
[ERROR] /workspaces/CodeCureAgent/code_cure_agent/cca_workspace_3/amidst/src/main/java/amidst/mojangapi/world/versionfeatures/DefaultVersionFeatures.java:[537,54] cannot find symbol
  symbol:   variable deepOcean
  location: class amidst.mojangapi.world.versionfeatures.DefaultBiomes
[ERROR] /workspaces/CodeCureAgent/code_cure_agent/cca_workspace_3/amidst/src/main/java/amidst/mojangapi/world/versionfeatures/DefaultVersionFeatures.java:[538,54] cannot find symbol
  symbol:   variable frozenOcean
  location: class amidst.mojangapi.world.versionfeatures.DefaultBiomes
[ERROR] /workspaces/CodeCureAgent/code_cure_agent/cca_workspace_3/amidst/src/main/java/amidst/mojangapi/world/versionfeatures/DefaultVersionFeatures.java:[539,54] cannot find symbol
  symbol:   variable river
  location: class amidst.mojangapi.world.versionfeatures.DefaultBiomes
[ERROR] /workspaces/CodeCureAgent/code_cure_agent/cca_workspace_3/amidst/src/main/java/amidst/mojangapi/world/versionfeatures/DefaultVersionFeatures.java:[540,54] cannot find symbol
  symbol:   variable frozenRiver
  location: class amidst.mojangapi.world.versionfeatures.DefaultBiomes
[ERROR] /workspaces/CodeCureAgent/code_cure_agent/cca_workspace_3/amidst/src/main/java/amidst/mojangapi/world/versionfeatures/DefaultVersionFeatures.java:[569,54] cannot find symbol
  symbol:   variable roofedForest
  location: class amidst.mojangapi.world.versionfeatures.DefaultBiomes
[ERROR] /workspaces/CodeCureAgent/code_cure_agent/cca_workspace_3/amidst/src/main/java/amidst/mojangapi/world/versionfeatures/DefaultVersionFeatures.java:[570,54] cannot find symbol
  symbol:   variable roofedForestM
  location: class amidst.mojangapi.world.versionfeatures.DefaultBiomes
[ERROR] /workspaces/CodeCureAgent/code_cure_agent/cca_workspace_3/amidst/src/main/java/amidst/mojangapi/world/versionfeatures/DefaultVersionFeatures.java:[585,54] cannot find symbol
  symbol:   variable ocean
  location: class amidst.mojangapi.world.versionfeatures.DefaultBiomes
[ERROR] /workspaces/CodeCureAgent/code_cure_agent/cca_workspace_3/amidst/src/main/java/amidst/mojangapi/world/versionfeatures/DefaultVersionFeatures.java:[586,54] cannot find symbol
  symbol:   variable deepOcean
  location: class amidst.mojangapi.world.versionfeatures.DefaultBiomes
[ERROR] /workspaces/CodeCureAgent/code_cure_agent/cca_workspace_3/amidst/src/main/java/amidst/mojangapi/world/versionfeatures/DefaultVersionFeatures.java:[587,54] cannot find symbol
  symbol:   variable coldOcean
  location: class amidst.mojangapi.world.versionfeatures.DefaultBiomes
[ERROR] /workspaces/CodeCureAgent/code_cure_agent/cca_workspace_3/amidst/src/main/java/amidst/mojangapi/world/versionfeatures/DefaultVersionFeatures.java:[588,54] cannot find symbol
  symbol:   variable coldDeepOcean
  location: class amidst.mojangapi.world.versionfeatures.DefaultBiomes
[ERROR] /workspaces/CodeCureAgent/code_cure_agent/cca_workspace_3/amidst/src/main/java/amidst/mojangapi/world/versionfeatures/DefaultVersionFeatures.java:[589,54] cannot find symbol
  symbol:   variable warmOcean
  location: class amidst.mojangapi.world.versionfeatures.DefaultBiomes
[ERROR] /workspaces/CodeCureAgent/code_cure_agent/cca_workspace_3/amidst/src/main/java/amidst/mojangapi/world/versionfeatures/DefaultVersionFeatures.java:[590,54] cannot find symbol
  symbol:   variable warmDeepOcean
  location: class amidst.mojangapi.world.versionfeatures.DefaultBiomes
[ERROR] /workspaces/CodeCureAgent/code_cure_agent/cca_workspace_3/amidst/src/main/java/amidst/mojangapi/world/versionfeatures/DefaultVersionFeatures.java:[591,54] cannot find symbol
  symbol:   variable lukewarmOcean
  location: class amidst.mojangapi.world.versionfeatures.DefaultBiomes
[ERROR] /workspaces/CodeCureAgent/code_cure_agent/cca_workspace_3/amidst/src/main/java/amidst/mojangapi/world/versionfeatures/DefaultVersionFeatures.java:[592,54] cannot find symbol
  symbol:   variable lukewarmDeepOcean
  location: class amidst.mojangapi.world.versionfeatures.DefaultBiomes
[ERROR] /workspaces/CodeCureAgent/code_cure_agent/cca_workspace_3/amidst/src/main/java/amidst/mojangapi/world/versionfeatures/DefaultVersionFeatures.java:[593,54] cannot find symbol
  symbol:   variable frozenOcean
  location: class amidst.mojangapi.world.versionfeatures.DefaultBiomes
[ERROR] /workspaces/CodeCureAgent/code_cure_agent/cca_workspace_3/amidst/src/main/java/amidst/mojangapi/world/versionfeatures/DefaultVersionFeatures.java:[594,54] cannot find symbol
  symbol:   variable frozenDeepOcean
  location: class amidst.mojangapi.world.versionfeatures.DefaultBiomes
[ERROR] /workspaces/CodeCureAgent/code_cure_agent/cca_workspace_3/amidst/src/main/java/amidst/mojangapi/world/versionfeatures/DefaultVersionFeatures.java:[623,54] cannot find symbol
  symbol:   variable beach
  location: class amidst.mojangapi.world.versionfeatures.DefaultBiomes
[ERROR] /workspaces/CodeCureAgent/code_cure_agent/cca_workspace_3/amidst/src/main/java/amidst/mojangapi/world/versionfeatures/DefaultVersionFeatures.java:[624,54] cannot find symbol
  symbol:   variable coldBeach
  location: class amidst.mojangapi.world.versionfeatures.DefaultBiomes
[ERROR] /workspaces/CodeCureAgent/code_cure_agent/cca_workspace_3/amidst/src/main/java/amidst/mojangapi/world/versionfeatures/DefaultVersionFeatures.java:[625,54] cannot find symbol
  symbol:   variable ocean
  location: class amidst.mojangapi.world.versionfeatures.DefaultBiomes
[ERROR] /workspaces/CodeCureAgent/code_cure_agent/cca_workspace_3/amidst/src/main/java/amidst/mojangapi/world/versionfeatures/DefaultVersionFeatures.java:[626,54] cannot find symbol
  symbol:   variable deepOcean
  location: class amidst.mojangapi.world.versionfeatures.DefaultBiomes
[ERROR] /workspaces/CodeCureAgent/code_cure_agent/cca_workspace_3/amidst/src/main/java/amidst/mojangapi/world/versionfeatures/DefaultVersionFeatures.java:[627,54] cannot find symbol
  symbol:   variable coldOcean
  location: class amidst.mojangapi.world.versionfeatures.DefaultBiomes
[ERROR] /workspaces/CodeCureAgent/code_cure_agent/cca_workspace_3/amidst/src/main/java/amidst/mojangapi/world/versionfeatures/DefaultVersionFeatures.java:[628,54] cannot find symbol
  symbol:   variable coldDeepOcean
  location: class amidst.mojangapi.world.versionfeatures.DefaultBiomes
[ERROR] /workspaces/CodeCureAgent/code_cure_agent/cca_workspace_3/amidst/src/main/java/amidst/mojangapi/world/versionfeatures/DefaultVersionFeatures.java:[629,54] cannot find symbol
  symbol:   variable warmOcean
  location: class amidst.mojangapi.world.versionfeatures.DefaultBiomes
[ERROR] /workspaces/CodeCureAgent/code_cure_agent/cca_workspace_3/amidst/src/main/java/amidst/mojangapi/world/versionfeatures/DefaultVersionFeatures.java:[630,54] cannot find symbol
  symbol:   variable warmDeepOcean
  location: class amidst.mojangapi.world.versionfeatures.DefaultBiomes
[ERROR] /workspaces/CodeCureAgent/code_cure_agent/cca_workspace_3/amidst/src/main/java/amidst/mojangapi/world/versionfeatures/DefaultVersionFeatures.java:[631,54] cannot find symbol
  symbol:   variable lukewarmOcean
  location: class amidst.mojangapi.world.versionfeatures.DefaultBiomes
[ERROR] /workspaces/CodeCureAgent/code_cure_agent/cca_workspace_3/amidst/src/main/java/amidst/mojangapi/world/versionfeatures/DefaultVersionFeatures.java:[632,54] cannot find symbol
  symbol:   variable lukewarmDeepOcean
  location: class amidst.mojangapi.world.versionfeatures.DefaultBiomes
[ERROR] /workspaces/CodeCureAgent/code_cure_agent/cca_workspace_3/amidst/src/main/java/amidst/mojangapi/world/versionfeatures/DefaultVersionFeatures.java:[633,54] cannot find symbol
  symbol:   variable frozenOcean
  location: class amidst.mojangapi.world.versionfeatures.DefaultBiomes
[ERROR] /workspaces/CodeCureAgent/code_cure_agent/cca_workspace_3/amidst/src/main/java/amidst/mojangapi/world/versionfeatures/DefaultVersionFeatures.java:[634,54] cannot find symbol
  symbol:   variable frozenDeepOcean
  location: class amidst.mojangapi.world.versionfeatures.DefaultBiomes
[ERROR] /workspaces/CodeCureAgent/code_cure_agent/cca_workspace_3/amidst/src/main/java/amidst/mojangapi/world/versionfeatures/DefaultVersionFeatures.java:[672,54] cannot find symbol
  symbol:   variable beach
  location: class amidst.mojangapi.world.versionfeatures.DefaultBiomes
[ERROR] /workspaces/CodeCureAgent/code_cure_agent/cca_workspace_3/amidst/src/main/java/amidst/mojangapi/world/versionfeatures/DefaultVersionFeatures.java:[673,54] cannot find symbol
  symbol:   variable coldBeach
  location: class amidst.mojangapi.world.versionfeatures.DefaultBiomes
[ERROR] /workspaces/CodeCureAgent/code_cure_agent/cca_workspace_3/amidst/src/main/java/amidst/gui/main/viewer/widget/CursorInformationWidget.java:[64,69] cannot find symbol
  symbol:   variable theEnd
  location: class amidst.mojangapi.world.versionfeatures.DefaultBiomes
[ERROR] /workspaces/CodeCureAgent/code_cure_agent/cca_workspace_3/amidst/src/main/java/amidst/mojangapi/world/versionfeatures/DefaultBiomes.java:[277,25] no suitable constructor found for Biome(int,java.lang.String,int)
    constructor amidst.mojangapi.world.biome.Biome.Biome(java.lang.String,int,amidst.mojangapi.world.biome.BiomeType) is not applicable
      (argument mismatch; int cannot be converted to java.lang.String)
    constructor amidst.mojangapi.world.biome.Biome.Biome(int,java.lang.String,amidst.mojangapi.world.biome.BiomeType) is not applicable
      (argument mismatch; int cannot be converted to amidst.mojangapi.world.biome.BiomeType)
[ERROR] /workspaces/CodeCureAgent/code_cure_agent/cca_workspace_3/amidst/src/main/java/amidst/mojangapi/world/versionfeatures/DefaultBiomes.java:[272,25] no suitable constructor found for Biome(int,java.lang.String,int)
    constructor amidst.mojangapi.world.biome.Biome.Biome(java.lang.String,int,amidst.mojangapi.world.biome.BiomeType) is not applicable
      (argument mismatch; int cannot be converted to java.lang.String)
    constructor amidst.mojangapi.world.biome.Biome.Biome(int,java.lang.String,amidst.mojangapi.world.biome.BiomeType) is not applicable
      (argument mismatch; int cannot be converted to amidst.mojangapi.world.biome.BiomeType)
[ERROR] /workspaces/CodeCureAgent/code_cure_agent/cca_workspace_3/amidst/src/main/java/amidst/mojangapi/world/versionfeatures/DefaultBiomes.java:[273,25] no suitable constructor found for Biome(int,java.lang.String,int)
    constructor amidst.mojangapi.world.biome.Biome.Biome(java.lang.String,int,amidst.mojangapi.world.biome.BiomeType) is not applicable
      (argument mismatch; int cannot be converted to java.lang.String)
    constructor amidst.mojangapi.world.biome.Biome.Biome(int,java.lang.String,amidst.mojangapi.world.biome.BiomeType) is not applicable
      (argument mismatch; int cannot be converted to amidst.mojangapi.world.biome.BiomeType)
[ERROR] /workspaces/CodeCureAgent/code_cure_agent/cca_workspace_3/amidst/src/main/java/amidst/mojangapi/world/versionfeatures/DefaultBiomes.java:[274,25] no suitable constructor found for Biome(int,java.lang.String,int)
    constructor amidst.mojangapi.world.biome.Biome.Biome(java.lang.String,int,amidst.mojangapi.world.biome.BiomeType) is not applicable
      (argument mismatch; int cannot be converted to java.lang.String)
    constructor amidst.mojangapi.world.biome.Biome.Biome(int,java.lang.String,amidst.mojangapi.world.biome.BiomeType) is not applicable
      (argument mismatch; int cannot be converted to amidst.mojangapi.world.biome.BiomeType)
[ERROR] /workspaces/CodeCureAgent/code_cure_agent/cca_workspace_3/amidst/src/main/java/amidst/mojangapi/world/versionfeatures/DefaultBiomes.java:[275,25] no suitable constructor found for Biome(int,java.lang.String,int)
    constructor amidst.mojangapi.world.biome.Biome.Biome(java.lang.String,int,amidst.mojangapi.world.biome.BiomeType) is not applicable
      (argument mismatch; int cannot be converted to java.lang.String)
    constructor amidst.mojangapi.world.biome.Biome.Biome(int,java.lang.String,amidst.mojangapi.world.biome.BiomeType) is not applicable
      (argument mismatch; int cannot be converted to amidst.mojangapi.world.biome.BiomeType)
[ERROR] /workspaces/CodeCureAgent/code_cure_agent/cca_workspace_3/amidst/src/main/java/amidst/mojangapi/world/versionfeatures/DefaultBiomes.java:[269,25] no suitable constructor found for Biome(int,java.lang.String,int)
    constructor amidst.mojangapi.world.biome.Biome.Biome(java.lang.String,int,amidst.mojangapi.world.biome.BiomeType) is not applicable
      (argument mismatch; int cannot be converted to java.lang.String)
    constructor amidst.mojangapi.world.biome.Biome.Biome(int,java.lang.String,amidst.mojangapi.world.biome.BiomeType) is not applicable
      (argument mismatch; int cannot be converted to amidst.mojangapi.world.biome.BiomeType)
[ERROR] /workspaces/CodeCureAgent/code_cure_agent/cca_workspace_3/amidst/src/main/java/amidst/mojangapi/world/versionfeatures/DefaultBiomes.java:[223,25] no suitable constructor found for Biome(int,java.lang.String,int)
    constructor amidst.mojangapi.world.biome.Biome.Biome(java.lang.String,int,amidst.mojangapi.world.biome.BiomeType) is not applicable
      (argument mismatch; int cannot be converted to java.lang.String)
    constructor amidst.mojangapi.world.biome.Biome.Biome(int,java.lang.String,amidst.mojangapi.world.biome.BiomeType) is not applicable
      (argument mismatch; int cannot be converted to amidst.mojangapi.world.biome.BiomeType)
[ERROR] /workspaces/CodeCureAgent/code_cure_agent/cca_workspace_3/amidst/src/main/java/amidst/mojangapi/world/versionfeatures/DefaultBiomes.java:[227,25] no suitable constructor found for Biome(int,java.lang.String,int)
    constructor amidst.mojangapi.world.biome.Biome.Biome(java.lang.String,int,amidst.mojangapi.world.biome.BiomeType) is not applicable
      (argument mismatch; int cannot be converted to java.lang.String)
    constructor amidst.mojangapi.world.biome.Biome.Biome(int,java.lang.String,amidst.mojangapi.world.biome.BiomeType) is not applicable
      (argument mismatch; int cannot be converted to amidst.mojangapi.world.biome.BiomeType)
[ERROR] /workspaces/CodeCureAgent/code_cure_agent/cca_workspace_3/amidst/src/main/java/amidst/mojangapi/world/versionfeatures/DefaultBiomes.java:[231,25] no suitable constructor found for Biome(int,java.lang.String,int)
    constructor amidst.mojangapi.world.biome.Biome.Biome(java.lang.String,int,amidst.mojangapi.world.biome.BiomeType) is not applicable
      (argument mismatch; int cannot be converted to java.lang.String)
    constructor amidst.mojangapi.world.biome.Biome.Biome(int,java.lang.String,amidst.mojangapi.world.biome.BiomeType) is not applicable
      (argument mismatch; int cannot be converted to amidst.mojangapi.world.biome.BiomeType)
[ERROR] /workspaces/CodeCureAgent/code_cure_agent/cca_workspace_3/amidst/src/main/java/amidst/mojangapi/world/versionfeatures/DefaultBiomes.java:[232,25] no suitable constructor found for Biome(int,java.lang.String,int)
    constructor amidst.mojangapi.world.biome.Biome.Biome(java.lang.String,int,amidst.mojangapi.world.biome.BiomeType) is not applicable
      (argument mismatch; int cannot be converted to java.lang.String)
    constructor amidst.mojangapi.world.biome.Biome.Biome(int,java.lang.String,amidst.mojangapi.world.biome.BiomeType) is not applicable
      (argument mismatch; int cannot be converted to amidst.mojangapi.world.biome.BiomeType)
[ERROR] /workspaces/CodeCureAgent/code_cure_agent/cca_workspace_3/amidst/src/main/java/amidst/mojangapi/world/versionfeatures/DefaultBiomes.java:[238,25] no suitable constructor found for Biome(int,java.lang.String,int)
    constructor amidst.mojangapi.world.biome.Biome.Biome(java.lang.String,int,amidst.mojangapi.world.biome.BiomeType) is not applicable
      (argument mismatch; int cannot be converted to java.lang.String)
    constructor amidst.mojangapi.world.biome.Biome.Biome(int,java.lang.String,amidst.mojangapi.world.biome.BiomeType) is not applicable
      (argument mismatch; int cannot be converted to amidst.mojangapi.world.biome.BiomeType)
[INFO] 100 errors 
[INFO] -------------------------------------------------------------
[INFO] ------------------------------------------------------------------------
[INFO] BUILD FAILURE
[INFO] ------------------------------------------------------------------------
[INFO] Total time:  4.145 s
[INFO] Finished at: 2026-01-29T15:54:49Z
[INFO] ------------------------------------------------------------------------
[ERROR] Failed to execute goal org.apache.maven.plugins:maven-compiler-plugin:3.8.1:compile (default-compile) on project amidst: Compilation failure: Compilation failure: 
[ERROR] /workspaces/CodeCureAgent/code_cure_agent/cca_workspace_3/amidst/src/main/java/amidst/mojangapi/world/versionfeatures/DefaultVersionFeatures.java:[203,54] cannot find symbol
[ERROR]   symbol:   variable jungle
[ERROR]   location: class amidst.mojangapi.world.versionfeatures.DefaultBiomes
[ERROR] /workspaces/CodeCureAgent/code_cure_agent/cca_workspace_3/amidst/src/main/java/amidst/mojangapi/world/versionfeatures/DefaultVersionFeatures.java:[204,54] cannot find symbol
[ERROR]   symbol:   variable jungleHills
[ERROR]   location: class amidst.mojangapi.world.versionfeatures.DefaultBiomes
[ERROR] /workspaces/CodeCureAgent/code_cure_agent/cca_workspace_3/amidst/src/main/java/amidst/mojangapi/world/versionfeatures/DefaultVersionFeatures.java:[200,54] cannot find symbol
[ERROR]   symbol:   variable taigaHills
[ERROR]   location: class amidst.mojangapi.world.versionfeatures.DefaultBiomes
[ERROR] /workspaces/CodeCureAgent/code_cure_agent/cca_workspace_3/amidst/src/main/java/amidst/mojangapi/world/versionfeatures/DefaultVersionFeatures.java:[201,54] cannot find symbol
[ERROR]   symbol:   variable forestHills
[ERROR]   location: class amidst.mojangapi.world.versionfeatures.DefaultBiomes
[ERROR] /workspaces/CodeCureAgent/code_cure_agent/cca_workspace_3/amidst/src/main/java/amidst/mojangapi/world/versionfeatures/DefaultVersionFeatures.java:[196,54] cannot find symbol
[ERROR]   symbol:   variable forest
[ERROR]   location: class amidst.mojangapi.world.versionfeatures.DefaultBiomes
[ERROR] /workspaces/CodeCureAgent/code_cure_agent/cca_workspace_3/amidst/src/main/java/amidst/mojangapi/world/versionfeatures/DefaultVersionFeatures.java:[197,54] cannot find symbol
[ERROR]   symbol:   variable plains
[ERROR]   location: class amidst.mojangapi.world.versionfeatures.DefaultBiomes
[ERROR] /workspaces/CodeCureAgent/code_cure_agent/cca_workspace_3/amidst/src/main/java/amidst/mojangapi/world/versionfeatures/DefaultVersionFeatures.java:[198,54] cannot find symbol
[ERROR]   symbol:   variable taiga
[ERROR]   location: class amidst.mojangapi.world.versionfeatures.DefaultBiomes
[ERROR] /workspaces/CodeCureAgent/code_cure_agent/cca_workspace_3/amidst/src/main/java/amidst/mojangapi/world/versionfeatures/DefaultVersionFeatures.java:[249,54] cannot find symbol
[ERROR]   symbol:   variable hell
[ERROR]   location: class amidst.mojangapi.world.versionfeatures.DefaultBiomes
[ERROR] /workspaces/CodeCureAgent/code_cure_agent/cca_workspace_3/amidst/src/main/java/amidst/mojangapi/world/versionfeatures/DefaultVersionFeatures.java:[250,54] cannot find symbol
[ERROR]   symbol:   variable soulSandValley
[ERROR]   location: class amidst.mojangapi.world.versionfeatures.DefaultBiomes
[ERROR] /workspaces/CodeCureAgent/code_cure_agent/cca_workspace_3/amidst/src/main/java/amidst/mojangapi/world/versionfeatures/DefaultVersionFeatures.java:[251,54] cannot find symbol
[ERROR]   symbol:   variable crimsonForest
[ERROR]   location: class amidst.mojangapi.world.versionfeatures.DefaultBiomes
[ERROR] /workspaces/CodeCureAgent/code_cure_agent/cca_workspace_3/amidst/src/main/java/amidst/mojangapi/world/versionfeatures/DefaultVersionFeatures.java:[252,54] cannot find symbol
[ERROR]   symbol:   variable warpedForest
[ERROR]   location: class amidst.mojangapi.world.versionfeatures.DefaultBiomes
[ERROR] /workspaces/CodeCureAgent/code_cure_agent/cca_workspace_3/amidst/src/main/java/amidst/mojangapi/world/versionfeatures/DefaultVersionFeatures.java:[358,54] cannot find symbol
[ERROR]   symbol:   variable bambooJungle
[ERROR]   location: class amidst.mojangapi.world.versionfeatures.DefaultBiomes
[ERROR] /workspaces/CodeCureAgent/code_cure_agent/cca_workspace_3/amidst/src/main/java/amidst/mojangapi/world/versionfeatures/DefaultVersionFeatures.java:[359,54] cannot find symbol
[ERROR]   symbol:   variable bambooJungleHills
[ERROR]   location: class amidst.mojangapi.world.versionfeatures.DefaultBiomes
[ERROR] /workspaces/CodeCureAgent/code_cure_agent/cca_workspace_3/amidst/src/main/java/amidst/mojangapi/world/versionfeatures/DefaultVersionFeatures.java:[356,54] cannot find symbol
[ERROR]   symbol:   variable mushroomIslandShore
[ERROR]   location: class amidst.mojangapi.world.versionfeatures.DefaultBiomes
[ERROR] /workspaces/CodeCureAgent/code_cure_agent/cca_workspace_3/amidst/src/main/java/amidst/mojangapi/world/versionfeatures/DefaultVersionFeatures.java:[350,54] cannot find symbol
[ERROR]   symbol:   variable jungle
[ERROR]   location: class amidst.mojangapi.world.versionfeatures.DefaultBiomes
[ERROR] /workspaces/CodeCureAgent/code_cure_agent/cca_workspace_3/amidst/src/main/java/amidst/mojangapi/world/versionfeatures/DefaultVersionFeatures.java:[351,54] cannot find symbol
[ERROR]   symbol:   variable jungleHills
[ERROR]   location: class amidst.mojangapi.world.versionfeatures.DefaultBiomes
[ERROR] /workspaces/CodeCureAgent/code_cure_agent/cca_workspace_3/amidst/src/main/java/amidst/mojangapi/world/versionfeatures/DefaultVersionFeatures.java:[346,54] cannot find symbol
[ERROR]   symbol:   variable desertHills
[ERROR]   location: class amidst.mojangapi.world.versionfeatures.DefaultBiomes
[ERROR] /workspaces/CodeCureAgent/code_cure_agent/cca_workspace_3/amidst/src/main/java/amidst/mojangapi/world/versionfeatures/DefaultVersionFeatures.java:[347,54] cannot find symbol
[ERROR]   symbol:   variable forestHills
[ERROR]   location: class amidst.mojangapi.world.versionfeatures.DefaultBiomes
[ERROR] /workspaces/CodeCureAgent/code_cure_agent/cca_workspace_3/amidst/src/main/java/amidst/mojangapi/world/versionfeatures/DefaultVersionFeatures.java:[348,54] cannot find symbol
[ERROR]   symbol:   variable extremeHillsEdge
[ERROR]   location: class amidst.mojangapi.world.versionfeatures.DefaultBiomes
[ERROR] /workspaces/CodeCureAgent/code_cure_agent/cca_workspace_3/amidst/src/main/java/amidst/mojangapi/world/versionfeatures/DefaultVersionFeatures.java:[342,54] cannot find symbol
[ERROR]   symbol:   variable taiga
[ERROR]   location: class amidst.mojangapi.world.versionfeatures.DefaultBiomes
[ERROR] /workspaces/CodeCureAgent/code_cure_agent/cca_workspace_3/amidst/src/main/java/amidst/mojangapi/world/versionfeatures/DefaultVersionFeatures.java:[343,54] cannot find symbol
[ERROR]   symbol:   variable icePlains
[ERROR]   location: class amidst.mojangapi.world.versionfeatures.DefaultBiomes
[ERROR] /workspaces/CodeCureAgent/code_cure_agent/cca_workspace_3/amidst/src/main/java/amidst/mojangapi/world/versionfeatures/DefaultVersionFeatures.java:[344,54] cannot find symbol
[ERROR]   symbol:   variable iceMountains
[ERROR]   location: class amidst.mojangapi.world.versionfeatures.DefaultBiomes
[ERROR] /workspaces/CodeCureAgent/code_cure_agent/cca_workspace_3/amidst/src/main/java/amidst/mojangapi/world/versionfeatures/DefaultVersionFeatures.java:[337,54] cannot find symbol
[ERROR]   symbol:   variable desert
[ERROR]   location: class amidst.mojangapi.world.versionfeatures.DefaultBiomes
[ERROR] /workspaces/CodeCureAgent/code_cure_agent/cca_workspace_3/amidst/src/main/java/amidst/mojangapi/world/versionfeatures/DefaultVersionFeatures.java:[338,54] cannot find symbol
[ERROR]   symbol:   variable forest
[ERROR]   location: class amidst.mojangapi.world.versionfeatures.DefaultBiomes
[ERROR] /workspaces/CodeCureAgent/code_cure_agent/cca_workspace_3/amidst/src/main/java/amidst/mojangapi/world/versionfeatures/DefaultVersionFeatures.java:[339,54] cannot find symbol
[ERROR]   symbol:   variable extremeHills
[ERROR]   location: class amidst.mojangapi.world.versionfeatures.DefaultBiomes
[ERROR] /workspaces/CodeCureAgent/code_cure_agent/cca_workspace_3/amidst/src/main/java/amidst/mojangapi/world/versionfeatures/DefaultVersionFeatures.java:[340,54] cannot find symbol
[ERROR]   symbol:   variable swampland
[ERROR]   location: class amidst.mojangapi.world.versionfeatures.DefaultBiomes
[ERROR] /workspaces/CodeCureAgent/code_cure_agent/cca_workspace_3/amidst/src/main/java/amidst/mojangapi/world/versionfeatures/DefaultVersionFeatures.java:[381,54] cannot find symbol
[ERROR]   symbol:   variable icePlains
[ERROR]   location: class amidst.mojangapi.world.versionfeatures.DefaultBiomes
[ERROR] /workspaces/CodeCureAgent/code_cure_agent/cca_workspace_3/amidst/src/main/java/amidst/mojangapi/world/versionfeatures/DefaultVersionFeatures.java:[379,54] cannot find symbol
[ERROR]   symbol:   variable taiga
[ERROR]   location: class amidst.mojangapi.world.versionfeatures.DefaultBiomes
[ERROR] /workspaces/CodeCureAgent/code_cure_agent/cca_workspace_3/amidst/src/main/java/amidst/mojangapi/world/versionfeatures/DefaultVersionFeatures.java:[377,54] cannot find symbol
[ERROR]   symbol:   variable savanna
[ERROR]   location: class amidst.mojangapi.world.versionfeatures.DefaultBiomes
[ERROR] /workspaces/CodeCureAgent/code_cure_agent/cca_workspace_3/amidst/src/main/java/amidst/mojangapi/world/versionfeatures/DefaultVersionFeatures.java:[374,54] cannot find symbol
[ERROR]   symbol:   variable plains
[ERROR]   location: class amidst.mojangapi.world.versionfeatures.DefaultBiomes
[ERROR] /workspaces/CodeCureAgent/code_cure_agent/cca_workspace_3/amidst/src/main/java/amidst/mojangapi/world/versionfeatures/DefaultVersionFeatures.java:[375,54] cannot find symbol
[ERROR]   symbol:   variable desert
[ERROR]   location: class amidst.mojangapi.world.versionfeatures.DefaultBiomes
[ERROR] /workspaces/CodeCureAgent/code_cure_agent/cca_workspace_3/amidst/src/main/java/amidst/mojangapi/world/versionfeatures/DefaultVersionFeatures.java:[409,54] cannot find symbol
[ERROR]   symbol:   variable icePlains
[ERROR]   location: class amidst.mojangapi.world.versionfeatures.DefaultBiomes
[ERROR] /workspaces/CodeCureAgent/code_cure_agent/cca_workspace_3/amidst/src/main/java/amidst/mojangapi/world/versionfeatures/DefaultVersionFeatures.java:[404,54] cannot find symbol
[ERROR]   symbol:   variable plains
[ERROR]   location: class amidst.mojangapi.world.versionfeatures.DefaultBiomes
[ERROR] /workspaces/CodeCureAgent/code_cure_agent/cca_workspace_3/amidst/src/main/java/amidst/mojangapi/world/versionfeatures/DefaultVersionFeatures.java:[405,54] cannot find symbol
[ERROR]   symbol:   variable desert
[ERROR]   location: class amidst.mojangapi.world.versionfeatures.DefaultBiomes
[ERROR] /workspaces/CodeCureAgent/code_cure_agent/cca_workspace_3/amidst/src/main/java/amidst/mojangapi/world/versionfeatures/DefaultVersionFeatures.java:[406,54] cannot find symbol
[ERROR]   symbol:   variable savanna
[ERROR]   location: class amidst.mojangapi.world.versionfeatures.DefaultBiomes
[ERROR] /workspaces/CodeCureAgent/code_cure_agent/cca_workspace_3/amidst/src/main/java/amidst/mojangapi/world/versionfeatures/DefaultVersionFeatures.java:[407,54] cannot find symbol
[ERROR]   symbol:   variable taiga
[ERROR]   location: class amidst.mojangapi.world.versionfeatures.DefaultBiomes
[ERROR] /workspaces/CodeCureAgent/code_cure_agent/cca_workspace_3/amidst/src/main/java/amidst/mojangapi/world/versionfeatures/DefaultVersionFeatures.java:[437,54] cannot find symbol
[ERROR]   symbol:   variable desertHills
[ERROR]   location: class amidst.mojangapi.world.versionfeatures.DefaultBiomes
[ERROR] /workspaces/CodeCureAgent/code_cure_agent/cca_workspace_3/amidst/src/main/java/amidst/mojangapi/world/versionfeatures/DefaultVersionFeatures.java:[435,54] cannot find symbol
[ERROR]   symbol:   variable desert
[ERROR]   location: class amidst.mojangapi.world.versionfeatures.DefaultBiomes
[ERROR] /workspaces/CodeCureAgent/code_cure_agent/cca_workspace_3/amidst/src/main/java/amidst/mojangapi/world/versionfeatures/DefaultVersionFeatures.java:[454,54] cannot find symbol
[ERROR]   symbol:   variable icePlains
[ERROR]   location: class amidst.mojangapi.world.versionfeatures.DefaultBiomes
[ERROR] /workspaces/CodeCureAgent/code_cure_agent/cca_workspace_3/amidst/src/main/java/amidst/mojangapi/world/versionfeatures/DefaultVersionFeatures.java:[455,54] cannot find symbol
[ERROR]   symbol:   variable coldTaiga
[ERROR]   location: class amidst.mojangapi.world.versionfeatures.DefaultBiomes
[ERROR] /workspaces/CodeCureAgent/code_cure_agent/cca_workspace_3/amidst/src/main/java/amidst/mojangapi/world/versionfeatures/DefaultVersionFeatures.java:[479,54] cannot find symbol
[ERROR]   symbol:   variable bambooJungle
[ERROR]   location: class amidst.mojangapi.world.versionfeatures.DefaultBiomes
[ERROR] /workspaces/CodeCureAgent/code_cure_agent/cca_workspace_3/amidst/src/main/java/amidst/mojangapi/world/versionfeatures/DefaultVersionFeatures.java:[480,54] cannot find symbol
[ERROR]   symbol:   variable bambooJungleHills
[ERROR]   location: class amidst.mojangapi.world.versionfeatures.DefaultBiomes
[ERROR] /workspaces/CodeCureAgent/code_cure_agent/cca_workspace_3/amidst/src/main/java/amidst/mojangapi/world/versionfeatures/DefaultVersionFeatures.java:[477,54] cannot find symbol
[ERROR]   symbol:   variable jungleHills
[ERROR]   location: class amidst.mojangapi.world.versionfeatures.DefaultBiomes
[ERROR] /workspaces/CodeCureAgent/code_cure_agent/cca_workspace_3/amidst/src/main/java/amidst/mojangapi/world/versionfeatures/DefaultVersionFeatures.java:[475,54] cannot find symbol
[ERROR]   symbol:   variable jungle
[ERROR]   location: class amidst.mojangapi.world.versionfeatures.DefaultBiomes
[ERROR] /workspaces/CodeCureAgent/code_cure_agent/cca_workspace_3/amidst/src/main/java/amidst/mojangapi/world/versionfeatures/DefaultVersionFeatures.java:[499,54] cannot find symbol
[ERROR]   symbol:   variable swampland
[ERROR]   location: class amidst.mojangapi.world.versionfeatures.DefaultBiomes
[ERROR] /workspaces/CodeCureAgent/code_cure_agent/cca_workspace_3/amidst/src/main/java/amidst/mojangapi/world/versionfeatures/DefaultVersionFeatures.java:[529,54] cannot find symbol
[ERROR]   symbol:   variable coldDeepOcean
[ERROR]   location: class amidst.mojangapi.world.versionfeatures.DefaultBiomes
[ERROR] /workspaces/CodeCureAgent/code_cure_agent/cca_workspace_3/amidst/src/main/java/amidst/mojangapi/world/versionfeatures/DefaultVersionFeatures.java:[530,54] cannot find symbol
[ERROR]   symbol:   variable warmDeepOcean
[ERROR]   location: class amidst.mojangapi.world.versionfeatures.DefaultBiomes
[ERROR] /workspaces/CodeCureAgent/code_cure_agent/cca_workspace_3/amidst/src/main/java/amidst/mojangapi/world/versionfeatures/DefaultVersionFeatures.java:[531,54] cannot find symbol
[ERROR]   symbol:   variable lukewarmDeepOcean
[ERROR]   location: class amidst.mojangapi.world.versionfeatures.DefaultBiomes
[ERROR] /workspaces/CodeCureAgent/code_cure_agent/cca_workspace_3/amidst/src/main/java/amidst/mojangapi/world/versionfeatures/DefaultVersionFeatures.java:[532,54] cannot find symbol
[ERROR]   symbol:   variable frozenDeepOcean
[ERROR]   location: class amidst.mojangapi.world.versionfeatures.DefaultBiomes
[ERROR] /workspaces/CodeCureAgent/code_cure_agent/cca_workspace_3/amidst/src/main/java/amidst/mojangapi/world/versionfeatures/DefaultVersionFeatures.java:[527,54] cannot find symbol
[ERROR]   symbol:   variable deepOcean
[ERROR]   location: class amidst.mojangapi.world.versionfeatures.DefaultBiomes
[ERROR] /workspaces/CodeCureAgent/code_cure_agent/cca_workspace_3/amidst/src/main/java/amidst/mojangapi/world/versionfeatures/DefaultVersionFeatures.java:[542,54] cannot find symbol
[ERROR]   symbol:   variable coldOcean
[ERROR]   location: class amidst.mojangapi.world.versionfeatures.DefaultBiomes
[ERROR] /workspaces/CodeCureAgent/code_cure_agent/cca_workspace_3/amidst/src/main/java/amidst/mojangapi/world/versionfeatures/DefaultVersionFeatures.java:[543,54] cannot find symbol
[ERROR]   symbol:   variable coldDeepOcean
[ERROR]   location: class amidst.mojangapi.world.versionfeatures.DefaultBiomes
[ERROR] /workspaces/CodeCureAgent/code_cure_agent/cca_workspace_3/amidst/src/main/java/amidst/mojangapi/world/versionfeatures/DefaultVersionFeatures.java:[544,54] cannot find symbol
[ERROR]   symbol:   variable warmOcean
[ERROR]   location: class amidst.mojangapi.world.versionfeatures.DefaultBiomes
[ERROR] /workspaces/CodeCureAgent/code_cure_agent/cca_workspace_3/amidst/src/main/java/amidst/mojangapi/world/versionfeatures/DefaultVersionFeatures.java:[545,54] cannot find symbol
[ERROR]   symbol:   variable warmDeepOcean
[ERROR]   location: class amidst.mojangapi.world.versionfeatures.DefaultBiomes
[ERROR] /workspaces/CodeCureAgent/code_cure_agent/cca_workspace_3/amidst/src/main/java/amidst/mojangapi/world/versionfeatures/DefaultVersionFeatures.java:[546,54] cannot find symbol
[ERROR]   symbol:   variable lukewarmOcean
[ERROR]   location: class amidst.mojangapi.world.versionfeatures.DefaultBiomes
[ERROR] /workspaces/CodeCureAgent/code_cure_agent/cca_workspace_3/amidst/src/main/java/amidst/mojangapi/world/versionfeatures/DefaultVersionFeatures.java:[547,54] cannot find symbol
[ERROR]   symbol:   variable lukewarmDeepOcean
[ERROR]   location: class amidst.mojangapi.world.versionfeatures.DefaultBiomes
[ERROR] /workspaces/CodeCureAgent/code_cure_agent/cca_workspace_3/amidst/src/main/java/amidst/mojangapi/world/versionfeatures/DefaultVersionFeatures.java:[548,54] cannot find symbol
[ERROR]   symbol:   variable frozenDeepOcean
[ERROR]   location: class amidst.mojangapi.world.versionfeatures.DefaultBiomes
[ERROR] /workspaces/CodeCureAgent/code_cure_agent/cca_workspace_3/amidst/src/main/java/amidst/mojangapi/world/versionfeatures/DefaultVersionFeatures.java:[536,54] cannot find symbol
[ERROR]   symbol:   variable ocean
[ERROR]   location: class amidst.mojangapi.world.versionfeatures.DefaultBiomes
[ERROR] /workspaces/CodeCureAgent/code_cure_agent/cca_workspace_3/amidst/src/main/java/amidst/mojangapi/world/versionfeatures/DefaultVersionFeatures.java:[537,54] cannot find symbol
[ERROR]   symbol:   variable deepOcean
[ERROR]   location: class amidst.mojangapi.world.versionfeatures.DefaultBiomes
[ERROR] /workspaces/CodeCureAgent/code_cure_agent/cca_workspace_3/amidst/src/main/java/amidst/mojangapi/world/versionfeatures/DefaultVersionFeatures.java:[538,54] cannot find symbol
[ERROR]   symbol:   variable frozenOcean
[ERROR]   location: class amidst.mojangapi.world.versionfeatures.DefaultBiomes
[ERROR] /workspaces/CodeCureAgent/code_cure_agent/cca_workspace_3/amidst/src/main/java/amidst/mojangapi/world/versionfeatures/DefaultVersionFeatures.java:[539,54] cannot find symbol
[ERROR]   symbol:   variable river
[ERROR]   location: class amidst.mojangapi.world.versionfeatures.DefaultBiomes
[ERROR] /workspaces/CodeCureAgent/code_cure_agent/cca_workspace_3/amidst/src/main/java/amidst/mojangapi/world/versionfeatures/DefaultVersionFeatures.java:[540,54] cannot find symbol
[ERROR]   symbol:   variable frozenRiver
[ERROR]   location: class amidst.mojangapi.world.versionfeatures.DefaultBiomes
[ERROR] /workspaces/CodeCureAgent/code_cure_agent/cca_workspace_3/amidst/src/main/java/amidst/mojangapi/world/versionfeatures/DefaultVersionFeatures.java:[569,54] cannot find symbol
[ERROR]   symbol:   variable roofedForest
[ERROR]   location: class amidst.mojangapi.world.versionfeatures.DefaultBiomes
[ERROR] /workspaces/CodeCureAgent/code_cure_agent/cca_workspace_3/amidst/src/main/java/amidst/mojangapi/world/versionfeatures/DefaultVersionFeatures.java:[570,54] cannot find symbol
[ERROR]   symbol:   variable roofedForestM
[ERROR]   location: class amidst.mojangapi.world.versionfeatures.DefaultBiomes
[ERROR] /workspaces/CodeCureAgent/code_cure_agent/cca_workspace_3/amidst/src/main/java/amidst/mojangapi/world/versionfeatures/DefaultVersionFeatures.java:[585,54] cannot find symbol
[ERROR]   symbol:   variable ocean
[ERROR]   location: class amidst.mojangapi.world.versionfeatures.DefaultBiomes
[ERROR] /workspaces/CodeCureAgent/code_cure_agent/cca_workspace_3/amidst/src/main/java/amidst/mojangapi/world/versionfeatures/DefaultVersionFeatures.java:[586,54] cannot find symbol
[ERROR]   symbol:   variable deepOcean
[ERROR]   location: class amidst.mojangapi.world.versionfeatures.DefaultBiomes
[ERROR] /workspaces/CodeCureAgent/code_cure_agent/cca_workspace_3/amidst/src/main/java/amidst/mojangapi/world/versionfeatures/DefaultVersionFeatures.java:[587,54] cannot find symbol
[ERROR]   symbol:   variable coldOcean
[ERROR]   location: class amidst.mojangapi.world.versionfeatures.DefaultBiomes
[ERROR] /workspaces/CodeCureAgent/code_cure_agent/cca_workspace_3/amidst/src/main/java/amidst/mojangapi/world/versionfeatures/DefaultVersionFeatures.java:[588,54] cannot find symbol
[ERROR]   symbol:   variable coldDeepOcean
[ERROR]   location: class amidst.mojangapi.world.versionfeatures.DefaultBiomes
[ERROR] /workspaces/CodeCureAgent/code_cure_agent/cca_workspace_3/amidst/src/main/java/amidst/mojangapi/world/versionfeatures/DefaultVersionFeatures.java:[589,54] cannot find symbol
[ERROR]   symbol:   variable warmOcean
[ERROR]   location: class amidst.mojangapi.world.versionfeatures.DefaultBiomes
[ERROR] /workspaces/CodeCureAgent/code_cure_agent/cca_workspace_3/amidst/src/main/java/amidst/mojangapi/world/versionfeatures/DefaultVersionFeatures.java:[590,54] cannot find symbol
[ERROR]   symbol:   variable warmDeepOcean
[ERROR]   location: class amidst.mojangapi.world.versionfeatures.DefaultBiomes
[ERROR] /workspaces/CodeCureAgent/code_cure_agent/cca_workspace_3/amidst/src/main/java/amidst/mojangapi/world/versionfeatures/DefaultVersionFeatures.java:[591,54] cannot find symbol
[ERROR]   symbol:   variable lukewarmOcean
[ERROR]   location: class amidst.mojangapi.world.versionfeatures.DefaultBiomes
[ERROR] /workspaces/CodeCureAgent/code_cure_agent/cca_workspace_3/amidst/src/main/java/amidst/mojangapi/world/versionfeatures/DefaultVersionFeatures.java:[592,54] cannot find symbol
[ERROR]   symbol:   variable lukewarmDeepOcean
[ERROR]   location: class amidst.mojangapi.world.versionfeatures.DefaultBiomes
[ERROR] /workspaces/CodeCureAgent/code_cure_agent/cca_workspace_3/amidst/src/main/java/amidst/mojangapi/world/versionfeatures/DefaultVersionFeatures.java:[593,54] cannot find symbol
[ERROR]   symbol:   variable frozenOcean
[ERROR]   location: class amidst.mojangapi.world.versionfeatures.DefaultBiomes
[ERROR] /workspaces/CodeCureAgent/code_cure_agent/cca_workspace_3/amidst/src/main/java/amidst/mojangapi/world/versionfeatures/DefaultVersionFeatures.java:[594,54] cannot find symbol
[ERROR]   symbol:   variable frozenDeepOcean
[ERROR]   location: class amidst.mojangapi.world.versionfeatures.DefaultBiomes
[ERROR] /workspaces/CodeCureAgent/code_cure_agent/cca_workspace_3/amidst/src/main/java/amidst/mojangapi/world/versionfeatures/DefaultVersionFeatures.java:[623,54] cannot find symbol
[ERROR]   symbol:   variable beach
[ERROR]   location: class amidst.mojangapi.world.versionfeatures.DefaultBiomes
[ERROR] /workspaces/CodeCureAgent/code_cure_agent/cca_workspace_3/amidst/src/main/java/amidst/mojangapi/world/versionfeatures/DefaultVersionFeatures.java:[624,54] cannot find symbol
[ERROR]   symbol:   variable coldBeach
[ERROR]   location: class amidst.mojangapi.world.versionfeatures.DefaultBiomes
[ERROR] /workspaces/CodeCureAgent/code_cure_agent/cca_workspace_3/amidst/src/main/java/amidst/mojangapi/world/versionfeatures/DefaultVersionFeatures.java:[625,54] cannot find symbol
[ERROR]   symbol:   variable ocean
[ERROR]   location: class amidst.mojangapi.world.versionfeatures.DefaultBiomes
[ERROR] /workspaces/CodeCureAgent/code_cure_agent/cca_workspace_3/amidst/src/main/java/amidst/mojangapi/world/versionfeatures/DefaultVersionFeatures.java:[626,54] cannot find symbol
[ERROR]   symbol:   variable deepOcean
[ERROR]   location: class amidst.mojangapi.world.versionfeatures.DefaultBiomes
[ERROR] /workspaces/CodeCureAgent/code_cure_agent/cca_workspace_3/amidst/src/main/java/amidst/mojangapi/world/versionfeatures/DefaultVersionFeatures.java:[627,54] cannot find symbol
[ERROR]   symbol:   variable coldOcean
[ERROR]   location: class amidst.mojangapi.world.versionfeatures.DefaultBiomes
[ERROR] /workspaces/CodeCureAgent/code_cure_agent/cca_workspace_3/amidst/src/main/java/amidst/mojangapi/world/versionfeatures/DefaultVersionFeatures.java:[628,54] cannot find symbol
[ERROR]   symbol:   variable coldDeepOcean
[ERROR]   location: class amidst.mojangapi.world.versionfeatures.DefaultBiomes
[ERROR] /workspaces/CodeCureAgent/code_cure_agent/cca_workspace_3/amidst/src/main/java/amidst/mojangapi/world/versionfeatures/DefaultVersionFeatures.java:[629,54] cannot find symbol
[ERROR]   symbol:   variable warmOcean
[ERROR]   location: class amidst.mojangapi.world.versionfeatures.DefaultBiomes
[ERROR] /workspaces/CodeCureAgent/code_cure_agent/cca_workspace_3/amidst/src/main/java/amidst/mojangapi/world/versionfeatures/DefaultVersionFeatures.java:[630,54] cannot find symbol
[ERROR]   symbol:   variable warmDeepOcean
[ERROR]   location: class amidst.mojangapi.world.versionfeatures.DefaultBiomes
[ERROR] /workspaces/CodeCureAgent/code_cure_agent/cca_workspace_3/amidst/src/main/java/amidst/mojangapi/world/versionfeatures/DefaultVersionFeatures.java:[631,54] cannot find symbol
[ERROR]   symbol:   variable lukewarmOcean
[ERROR]   location: class amidst.mojangapi.world.versionfeatures.DefaultBiomes
[ERROR] /workspaces/CodeCureAgent/code_cure_agent/cca_workspace_3/amidst/src/main/java/amidst/mojangapi/world/versionfeatures/DefaultVersionFeatures.java:[632,54] cannot find symbol
[ERROR]   symbol:   variable lukewarmDeepOcean
[ERROR]   location: class amidst.mojangapi.world.versionfeatures.DefaultBiomes
[ERROR] /workspaces/CodeCureAgent/code_cure_agent/cca_workspace_3/amidst/src/main/java/amidst/mojangapi/world/versionfeatures/DefaultVersionFeatures.java:[633,54] cannot find symbol
[ERROR]   symbol:   variable frozenOcean
[ERROR]   location: class amidst.mojangapi.world.versionfeatures.DefaultBiomes
[ERROR] /workspaces/CodeCureAgent/code_cure_agent/cca_workspace_3/amidst/src/main/java/amidst/mojangapi/world/versionfeatures/DefaultVersionFeatures.java:[634,54] cannot find symbol
[ERROR]   symbol:   variable frozenDeepOcean
[ERROR]   location: class amidst.mojangapi.world.versionfeatures.DefaultBiomes
[ERROR] /workspaces/CodeCureAgent/code_cure_agent/cca_workspace_3/amidst/src/main/java/amidst/mojangapi/world/versionfeatures/DefaultVersionFeatures.java:[672,54] cannot find symbol
[ERROR]   symbol:   variable beach
[ERROR]   location: class amidst.mojangapi.world.versionfeatures.DefaultBiomes
[ERROR] /workspaces/CodeCureAgent/code_cure_agent/cca_workspace_3/amidst/src/main/java/amidst/mojangapi/world/versionfeatures/DefaultVersionFeatures.java:[673,54] cannot find symbol
[ERROR]   symbol:   variable coldBeach
[ERROR]   location: class amidst.mojangapi.world.versionfeatures.DefaultBiomes
[ERROR] /workspaces/CodeCureAgent/code_cure_agent/cca_workspace_3/amidst/src/main/java/amidst/gui/main/viewer/widget/CursorInformationWidget.java:[64,69] cannot find symbol
[ERROR]   symbol:   variable theEnd
[ERROR]   location: class amidst.mojangapi.world.versionfeatures.DefaultBiomes
[ERROR] /workspaces/CodeCureAgent/code_cure_agent/cca_workspace_3/amidst/src/main/java/amidst/mojangapi/world/versionfeatures/DefaultBiomes.java:[277,25] no suitable constructor found for Biome(int,java.lang.String,int)
[ERROR]     constructor amidst.mojangapi.world.biome.Biome.Biome(java.lang.String,int,amidst.mojangapi.world.biome.BiomeType) is not applicable
[ERROR]       (argument mismatch; int cannot be converted to java.lang.String)
[ERROR]     constructor amidst.mojangapi.world.biome.Biome.Biome(int,java.lang.String,amidst.mojangapi.world.biome.BiomeType) is not applicable
[ERROR]       (argument mismatch; int cannot be converted to amidst.mojangapi.world.biome.BiomeType)
[ERROR] /workspaces/CodeCureAgent/code_cure_agent/cca_workspace_3/amidst/src/main/java/amidst/mojangapi/world/versionfeatures/DefaultBiomes.java:[272,25] no suitable constructor found for Biome(int,java.lang.String,int)
[ERROR]     constructor amidst.mojangapi.world.biome.Biome.Biome(java.lang.String,int,amidst.mojangapi.world.biome.BiomeType) is not applicable
[ERROR]       (argument mismatch; int cannot be converted to java.lang.String)
[ERROR]     constructor amidst.mojangapi.world.biome.Biome.Biome(int,java.lang.String,amidst.mojangapi.world.biome.BiomeType) is not applicable
[ERROR]       (argument mismatch; int cannot be converted to amidst.mojangapi.world.biome.BiomeType)
[ERROR] /workspaces/CodeCureAgent/code_cure_agent/cca_workspace_3/amidst/src/main/java/amidst/mojangapi/world/versionfeatures/DefaultBiomes.java:[273,25] no suitable constructor found for Biome(int,java.lang.String,int)
[ERROR]     constructor amidst.mojangapi.world.biome.Biome.Biome(java.lang.String,int,amidst.mojangapi.world.biome.BiomeType) is not applicable
[ERROR]       (argument mismatch; int cannot be converted to java.lang.String)
[ERROR]     constructor amidst.mojangapi.world.biome.Biome.Biome(int,java.lang.String,amidst.mojangapi.world.biome.BiomeType) is not applicable
[ERROR]       (argument mismatch; int cannot be converted to amidst.mojangapi.world.biome.BiomeType)
[ERROR] /workspaces/CodeCureAgent/code_cure_agent/cca_workspace_3/amidst/src/main/java/amidst/mojangapi/world/versionfeatures/DefaultBiomes.java:[274,25] no suitable constructor found for Biome(int,java.lang.String,int)
[ERROR]     constructor amidst.mojangapi.world.biome.Biome.Biome(java.lang.String,int,amidst.mojangapi.world.biome.BiomeType) is not applicable
[ERROR]       (argument mismatch; int cannot be converted to java.lang.String)
[ERROR]     constructor amidst.mojangapi.world.biome.Biome.Biome(int,java.lang.String,amidst.mojangapi.world.biome.BiomeType) is not applicable
[ERROR]       (argument mismatch; int cannot be converted to amidst.mojangapi.world.biome.BiomeType)
[ERROR] /workspaces/CodeCureAgent/code_cure_agent/cca_workspace_3/amidst/src/main/java/amidst/mojangapi/world/versionfeatures/DefaultBiomes.java:[275,25] no suitable constructor found for Biome(int,java.lang.String,int)
[ERROR]     constructor amidst.mojangapi.world.biome.Biome.Biome(java.lang.String,int,amidst.mojangapi.world.biome.BiomeType) is not applicable
[ERROR]       (argument mismatch; int cannot be converted to java.lang.String)
[ERROR]     constructor amidst.mojangapi.world.biome.Biome.Biome(int,java.lang.String,amidst.mojangapi.world.biome.BiomeType) is not applicable
[ERROR]       (argument mismatch; int cannot be converted to amidst.mojangapi.world.biome.BiomeType)
[ERROR] /workspaces/CodeCureAgent/code_cure_agent/cca_workspace_3/amidst/src/main/java/amidst/mojangapi/world/versionfeatures/DefaultBiomes.java:[269,25] no suitable constructor found for Biome(int,java.lang.String,int)
[ERROR]     constructor amidst.mojangapi.world.biome.Biome.Biome(java.lang.String,int,amidst.mojangapi.world.biome.BiomeType) is not applicable
[ERROR]       (argument mismatch; int cannot be converted to java.lang.String)
[ERROR]     constructor amidst.mojangapi.world.biome.Biome.Biome(int,java.lang.String,amidst.mojangapi.world.biome.BiomeType) is not applicable
[ERROR]       (argument mismatch; int cannot be converted to amidst.mojangapi.world.biome.BiomeType)
[ERROR] /workspaces/CodeCureAgent/code_cure_agent/cca_workspace_3/amidst/src/main/java/amidst/mojangapi/world/versionfeatures/DefaultBiomes.java:[223,25] no suitable constructor found for Biome(int,java.lang.String,int)
[ERROR]     constructor amidst.mojangapi.world.biome.Biome.Biome(java.lang.String,int,amidst.mojangapi.world.biome.BiomeType) is not applicable
[ERROR]       (argument mismatch; int cannot be converted to java.lang.String)
[ERROR]     constructor amidst.mojangapi.world.biome.Biome.Biome(int,java.lang.String,amidst.mojangapi.world.biome.BiomeType) is not applicable
[ERROR]       (argument mismatch; int cannot be converted to amidst.mojangapi.world.biome.BiomeType)
[ERROR] /workspaces/CodeCureAgent/code_cure_agent/cca_workspace_3/amidst/src/main/java/amidst/mojangapi/world/versionfeatures/DefaultBiomes.java:[227,25] no suitable constructor found for Biome(int,java.lang.String,int)
[ERROR]     constructor amidst.mojangapi.world.biome.Biome.Biome(java.lang.String,int,amidst.mojangapi.world.biome.BiomeType) is not applicable
[ERROR]       (argument mismatch; int cannot be converted to java.lang.String)
[ERROR]     constructor amidst.mojangapi.world.biome.Biome.Biome(int,java.lang.String,amidst.mojangapi.world.biome.BiomeType) is not applicable
[ERROR]       (argument mismatch; int cannot be converted to amidst.mojangapi.world.biome.BiomeType)
[ERROR] /workspaces/CodeCureAgent/code_cure_agent/cca_workspace_3/amidst/src/main/java/amidst/mojangapi/world/versionfeatures/DefaultBiomes.java:[231,25] no suitable constructor found for Biome(int,java.lang.String,int)
[ERROR]     constructor amidst.mojangapi.world.biome.Biome.Biome(java.lang.String,int,amidst.mojangapi.world.biome.BiomeType) is not applicable
[ERROR]       (argument mismatch; int cannot be converted to java.lang.String)
[ERROR]     constructor amidst.mojangapi.world.biome.Biome.Biome(int,java.lang.String,amidst.mojangapi.world.biome.BiomeType) is not applicable
[ERROR]       (argument mismatch; int cannot be converted to amidst.mojangapi.world.biome.BiomeType)
[ERROR] /workspaces/CodeCureAgent/code_cure_agent/cca_workspace_3/amidst/src/main/java/amidst/mojangapi/world/versionfeatures/DefaultBiomes.java:[232,25] no suitable constructor found for Biome(int,java.lang.String,int)
[ERROR]     constructor amidst.mojangapi.world.biome.Biome.Biome(java.lang.String,int,amidst.mojangapi.world.biome.BiomeType) is not applicable
[ERROR]       (argument mismatch; int cannot be converted to java.lang.String)
[ERROR]     constructor amidst.mojangapi.world.biome.Biome.Biome(int,java.lang.String,amidst.mojangapi.world.biome.BiomeType) is not applicable
[ERROR]       (argument mismatch; int cannot be converted to amidst.mojangapi.world.biome.BiomeType)
[ERROR] /workspaces/CodeCureAgent/code_cure_agent/cca_workspace_3/amidst/src/main/java/amidst/mojangapi/world/versionfeatures/DefaultBiomes.java:[238,25] no suitable constructor found for Biome(int,java.lang.String,int)
[ERROR]     constructor amidst.mojangapi.world.biome.Biome.Biome(java.lang.String,int,amidst.mojangapi.world.biome.BiomeType) is not applicable
[ERROR]       (argument mismatch; int cannot be converted to java.lang.String)
[ERROR]     constructor amidst.mojangapi.world.biome.Biome.Biome(int,java.lang.String,amidst.mojangapi.world.biome.BiomeType) is not applicable
[ERROR]       (argument mismatch; int cannot be converted to amidst.mojangapi.world.biome.BiomeType)
[ERROR] -> [Help 1]
[ERROR] 
[ERROR] To see the full stack trace of the errors, re-run Maven with the -e switch.
[ERROR] Re-run Maven using the -X switch to enable full debug logging.
[ERROR] 
[ERROR] For more information about the errors and possible solutions, please read the following articles:
[ERROR] [Help 1] http://cwiki.apache.org/confluence/display/MAVEN/MojoFailureException
