[INFO] Scanning for projects...
[INFO] Inspecting build with total of 1 modules...
[INFO] Installing Nexus Staging features:
[INFO]   ... total of 1 executions of maven-deploy-plugin replaced with nexus-staging-maven-plugin
[INFO] 
[INFO] ----------------< com.esri.geometry:esri-geometry-api >-----------------
[INFO] Building Esri Geometry API for Java 2.2.4
[INFO] --------------------------------[ jar ]---------------------------------
[INFO] 
[INFO] --- maven-clean-plugin:2.5:clean (default-clean) @ esri-geometry-api ---
[INFO] 
[INFO] --- maven-resources-plugin:2.6:resources (default-resources) @ esri-geometry-api ---
[INFO] Using 'UTF-8' encoding to copy filtered resources.
[INFO] Copying 6 resources
[INFO] 
[INFO] --- maven-compiler-plugin:2.3.1:compile (default-compile) @ esri-geometry-api ---
[INFO] Compiling 262 source files to /workspaces/CodeCureAgent/code_cure_agent/cca_workspace_3/geometry-api-java/target/classes
[INFO] -------------------------------------------------------------
[ERROR] COMPILATION ERROR : 
[INFO] -------------------------------------------------------------
[ERROR] /workspaces/CodeCureAgent/code_cure_agent/cca_workspace_3/geometry-api-java/src/main/java/com/esri/core/geometry/RelationalOperations.java:[2,2] error: class, interface, or enum expected

[ERROR] /workspaces/CodeCureAgent/code_cure_agent/cca_workspace_3/geometry-api-java/src/main/java/com/esri/core/geometry/RelationalOperations.java:[11,4] error: class, interface, or enum expected

[ERROR] /workspaces/CodeCureAgent/code_cure_agent/cca_workspace_3/geometry-api-java/src/main/java/com/esri/core/geometry/RelationalOperations.java:[12,4] error: class, interface, or enum expected

[ERROR] /workspaces/CodeCureAgent/code_cure_agent/cca_workspace_3/geometry-api-java/src/main/java/com/esri/core/geometry/RelationalOperations.java:[13,4] error: class, interface, or enum expected

[ERROR] /workspaces/CodeCureAgent/code_cure_agent/cca_workspace_3/geometry-api-java/src/main/java/com/esri/core/geometry/RelationalOperations.java:[14,4] error: class, interface, or enum expected

[ERROR] /workspaces/CodeCureAgent/code_cure_agent/cca_workspace_3/geometry-api-java/src/main/java/com/esri/core/geometry/RelationalOperations.java:[15,4] error: class, interface, or enum expected

[ERROR] /workspaces/CodeCureAgent/code_cure_agent/cca_workspace_3/geometry-api-java/src/main/java/com/esri/core/geometry/RelationalOperations.java:[16,4] error: class, interface, or enum expected

[ERROR] /workspaces/CodeCureAgent/code_cure_agent/cca_workspace_3/geometry-api-java/src/main/java/com/esri/core/geometry/RelationalOperations.java:[17,4] error: class, interface, or enum expected

[ERROR] /workspaces/CodeCureAgent/code_cure_agent/cca_workspace_3/geometry-api-java/src/main/java/com/esri/core/geometry/RelationalOperations.java:[18,4] error: class, interface, or enum expected

[ERROR] /workspaces/CodeCureAgent/code_cure_agent/cca_workspace_3/geometry-api-java/src/main/java/com/esri/core/geometry/RelationalOperations.java:[19,4] error: class, interface, or enum expected

[ERROR] /workspaces/CodeCureAgent/code_cure_agent/cca_workspace_3/geometry-api-java/src/main/java/com/esri/core/geometry/RelationalOperations.java:[20,4] error: class, interface, or enum expected

[ERROR] /workspaces/CodeCureAgent/code_cure_agent/cca_workspace_3/geometry-api-java/src/main/java/com/esri/core/geometry/RelationalOperations.java:[21,4] error: class, interface, or enum expected

[ERROR] /workspaces/CodeCureAgent/code_cure_agent/cca_workspace_3/geometry-api-java/src/main/java/com/esri/core/geometry/RelationalOperations.java:[23,4] error: class, interface, or enum expected

[ERROR] /workspaces/CodeCureAgent/code_cure_agent/cca_workspace_3/geometry-api-java/src/main/java/com/esri/core/geometry/RelationalOperations.java:[24,4] error: class, interface, or enum expected

[ERROR] /workspaces/CodeCureAgent/code_cure_agent/cca_workspace_3/geometry-api-java/src/main/java/com/esri/core/geometry/RelationalOperations.java:[27,4] error: class, interface, or enum expected

[ERROR] /workspaces/CodeCureAgent/code_cure_agent/cca_workspace_3/geometry-api-java/src/main/java/com/esri/core/geometry/RelationalOperations.java:[30,4] error: class, interface, or enum expected

[ERROR] /workspaces/CodeCureAgent/code_cure_agent/cca_workspace_3/geometry-api-java/src/main/java/com/esri/core/geometry/RelationalOperations.java:[32,3] error: class, interface, or enum expected

[ERROR] /workspaces/CodeCureAgent/code_cure_agent/cca_workspace_3/geometry-api-java/src/main/java/com/esri/core/geometry/RelationalOperations.java:[37,3] error: class, interface, or enum expected

[ERROR] /workspaces/CodeCureAgent/code_cure_agent/cca_workspace_3/geometry-api-java/src/main/java/com/esri/core/geometry/RelationalOperations.java:[38,3] error: class, interface, or enum expected

[ERROR] /workspaces/CodeCureAgent/code_cure_agent/cca_workspace_3/geometry-api-java/src/main/java/com/esri/core/geometry/RelationalOperations.java:[39,3] error: class, interface, or enum expected

[ERROR] /workspaces/CodeCureAgent/code_cure_agent/cca_workspace_3/geometry-api-java/src/main/java/com/esri/core/geometry/RelationalOperations.java:[40,3] error: class, interface, or enum expected

[ERROR] /workspaces/CodeCureAgent/code_cure_agent/cca_workspace_3/geometry-api-java/src/main/java/com/esri/core/geometry/RelationalOperations.java:[42,3] error: class, interface, or enum expected

[ERROR] /workspaces/CodeCureAgent/code_cure_agent/cca_workspace_3/geometry-api-java/src/main/java/com/esri/core/geometry/RelationalOperations.java:[47,3] error: as of release 1.4, 'assert' is a keyword, and may not be used as an identifier

[ERROR] /workspaces/CodeCureAgent/code_cure_agent/cca_workspace_3/geometry-api-java/src/main/java/com/esri/core/geometry/RelationalOperations.java:[49,3] error: class, interface, or enum expected

[ERROR] /workspaces/CodeCureAgent/code_cure_agent/cca_workspace_3/geometry-api-java/src/main/java/com/esri/core/geometry/RelationalOperations.java:[50,2] error: class, interface, or enum expected

[INFO] 25 errors 
[INFO] -------------------------------------------------------------
[INFO] ------------------------------------------------------------------------
[INFO] BUILD FAILURE
[INFO] ------------------------------------------------------------------------
[INFO] Total time:  1.723 s
[INFO] Finished at: 2026-01-29T17:02:06Z
[INFO] ------------------------------------------------------------------------
[ERROR] Failed to execute goal org.apache.maven.plugins:maven-compiler-plugin:2.3.1:compile (default-compile) on project esri-geometry-api: Compilation failure: Compilation failure: 
[ERROR] /workspaces/CodeCureAgent/code_cure_agent/cca_workspace_3/geometry-api-java/src/main/java/com/esri/core/geometry/RelationalOperations.java:[2,2] error: class, interface, or enum expected
[ERROR] 
[ERROR] /workspaces/CodeCureAgent/code_cure_agent/cca_workspace_3/geometry-api-java/src/main/java/com/esri/core/geometry/RelationalOperations.java:[11,4] error: class, interface, or enum expected
[ERROR] 
[ERROR] /workspaces/CodeCureAgent/code_cure_agent/cca_workspace_3/geometry-api-java/src/main/java/com/esri/core/geometry/RelationalOperations.java:[12,4] error: class, interface, or enum expected
[ERROR] 
[ERROR] /workspaces/CodeCureAgent/code_cure_agent/cca_workspace_3/geometry-api-java/src/main/java/com/esri/core/geometry/RelationalOperations.java:[13,4] error: class, interface, or enum expected
[ERROR] 
[ERROR] /workspaces/CodeCureAgent/code_cure_agent/cca_workspace_3/geometry-api-java/src/main/java/com/esri/core/geometry/RelationalOperations.java:[14,4] error: class, interface, or enum expected
[ERROR] 
[ERROR] /workspaces/CodeCureAgent/code_cure_agent/cca_workspace_3/geometry-api-java/src/main/java/com/esri/core/geometry/RelationalOperations.java:[15,4] error: class, interface, or enum expected
[ERROR] 
[ERROR] /workspaces/CodeCureAgent/code_cure_agent/cca_workspace_3/geometry-api-java/src/main/java/com/esri/core/geometry/RelationalOperations.java:[16,4] error: class, interface, or enum expected
[ERROR] 
[ERROR] /workspaces/CodeCureAgent/code_cure_agent/cca_workspace_3/geometry-api-java/src/main/java/com/esri/core/geometry/RelationalOperations.java:[17,4] error: class, interface, or enum expected
[ERROR] 
[ERROR] /workspaces/CodeCureAgent/code_cure_agent/cca_workspace_3/geometry-api-java/src/main/java/com/esri/core/geometry/RelationalOperations.java:[18,4] error: class, interface, or enum expected
[ERROR] 
[ERROR] /workspaces/CodeCureAgent/code_cure_agent/cca_workspace_3/geometry-api-java/src/main/java/com/esri/core/geometry/RelationalOperations.java:[19,4] error: class, interface, or enum expected
[ERROR] 
[ERROR] /workspaces/CodeCureAgent/code_cure_agent/cca_workspace_3/geometry-api-java/src/main/java/com/esri/core/geometry/RelationalOperations.java:[20,4] error: class, interface, or enum expected
[ERROR] 
[ERROR] /workspaces/CodeCureAgent/code_cure_agent/cca_workspace_3/geometry-api-java/src/main/java/com/esri/core/geometry/RelationalOperations.java:[21,4] error: class, interface, or enum expected
[ERROR] 
[ERROR] /workspaces/CodeCureAgent/code_cure_agent/cca_workspace_3/geometry-api-java/src/main/java/com/esri/core/geometry/RelationalOperations.java:[23,4] error: class, interface, or enum expected
[ERROR] 
[ERROR] /workspaces/CodeCureAgent/code_cure_agent/cca_workspace_3/geometry-api-java/src/main/java/com/esri/core/geometry/RelationalOperations.java:[24,4] error: class, interface, or enum expected
[ERROR] 
[ERROR] /workspaces/CodeCureAgent/code_cure_agent/cca_workspace_3/geometry-api-java/src/main/java/com/esri/core/geometry/RelationalOperations.java:[27,4] error: class, interface, or enum expected
[ERROR] 
[ERROR] /workspaces/CodeCureAgent/code_cure_agent/cca_workspace_3/geometry-api-java/src/main/java/com/esri/core/geometry/RelationalOperations.java:[30,4] error: class, interface, or enum expected
[ERROR] 
[ERROR] /workspaces/CodeCureAgent/code_cure_agent/cca_workspace_3/geometry-api-java/src/main/java/com/esri/core/geometry/RelationalOperations.java:[32,3] error: class, interface, or enum expected
[ERROR] 
[ERROR] /workspaces/CodeCureAgent/code_cure_agent/cca_workspace_3/geometry-api-java/src/main/java/com/esri/core/geometry/RelationalOperations.java:[37,3] error: class, interface, or enum expected
[ERROR] 
[ERROR] /workspaces/CodeCureAgent/code_cure_agent/cca_workspace_3/geometry-api-java/src/main/java/com/esri/core/geometry/RelationalOperations.java:[38,3] error: class, interface, or enum expected
[ERROR] 
[ERROR] /workspaces/CodeCureAgent/code_cure_agent/cca_workspace_3/geometry-api-java/src/main/java/com/esri/core/geometry/RelationalOperations.java:[39,3] error: class, interface, or enum expected
[ERROR] 
[ERROR] /workspaces/CodeCureAgent/code_cure_agent/cca_workspace_3/geometry-api-java/src/main/java/com/esri/core/geometry/RelationalOperations.java:[40,3] error: class, interface, or enum expected
[ERROR] 
[ERROR] /workspaces/CodeCureAgent/code_cure_agent/cca_workspace_3/geometry-api-java/src/main/java/com/esri/core/geometry/RelationalOperations.java:[42,3] error: class, interface, or enum expected
[ERROR] 
[ERROR] /workspaces/CodeCureAgent/code_cure_agent/cca_workspace_3/geometry-api-java/src/main/java/com/esri/core/geometry/RelationalOperations.java:[47,3] error: as of release 1.4, 'assert' is a keyword, and may not be used as an identifier
[ERROR] 
[ERROR] /workspaces/CodeCureAgent/code_cure_agent/cca_workspace_3/geometry-api-java/src/main/java/com/esri/core/geometry/RelationalOperations.java:[49,3] error: class, interface, or enum expected
[ERROR] 
[ERROR] /workspaces/CodeCureAgent/code_cure_agent/cca_workspace_3/geometry-api-java/src/main/java/com/esri/core/geometry/RelationalOperations.java:[50,2] error: class, interface, or enum expected
[ERROR] -> [Help 1]
[ERROR] 
[ERROR] To see the full stack trace of the errors, re-run Maven with the -e switch.
[ERROR] Re-run Maven using the -X switch to enable full debug logging.
[ERROR] 
[ERROR] For more information about the errors and possible solutions, please read the following articles:
[ERROR] [Help 1] http://cwiki.apache.org/confluence/display/MAVEN/MojoFailureException
