[INFO] Scanning for projects...
[INFO] Inspecting build with total of 1 modules...
[INFO] Installing Nexus Staging features:
[INFO]   ... total of 1 executions of maven-deploy-plugin replaced with nexus-staging-maven-plugin
[INFO] 
[INFO] ----------------< com.esri.geometry:esri-geometry-api >-----------------
[INFO] Building Esri Geometry API for Java 2.2.4
[INFO] --------------------------------[ jar ]---------------------------------
[INFO] 
[INFO] --- maven-clean-plugin:2.5:clean (default-clean) @ esri-geometry-api ---
[INFO] 
[INFO] --- maven-resources-plugin:2.6:resources (default-resources) @ esri-geometry-api ---
[INFO] Using 'UTF-8' encoding to copy filtered resources.
[INFO] Copying 6 resources
[INFO] 
[INFO] --- maven-compiler-plugin:2.3.1:compile (default-compile) @ esri-geometry-api ---
[INFO] Compiling 262 source files to /workspaces/CodeCureAgent/code_cure_agent/cca_workspace_3/geometry-api-java/target/classes
[INFO] -------------------------------------------------------------
[WARNING] COMPILATION WARNING : 
[INFO] -------------------------------------------------------------
[WARNING] /workspaces/CodeCureAgent/code_cure_agent/cca_workspace_3/geometry-api-java/src/main/java/com/esri/core/geometry/SizeOf.java:[27,22] Unsafe is internal proprietary API and may be removed in a future release

[WARNING] /workspaces/CodeCureAgent/code_cure_agent/cca_workspace_3/geometry-api-java/src/main/java/com/esri/core/geometry/SizeOf.java:[28,22] Unsafe is internal proprietary API and may be removed in a future release

[WARNING] /workspaces/CodeCureAgent/code_cure_agent/cca_workspace_3/geometry-api-java/src/main/java/com/esri/core/geometry/SizeOf.java:[29,22] Unsafe is internal proprietary API and may be removed in a future release

[WARNING] /workspaces/CodeCureAgent/code_cure_agent/cca_workspace_3/geometry-api-java/src/main/java/com/esri/core/geometry/SizeOf.java:[30,22] Unsafe is internal proprietary API and may be removed in a future release

[WARNING] /workspaces/CodeCureAgent/code_cure_agent/cca_workspace_3/geometry-api-java/src/main/java/com/esri/core/geometry/SizeOf.java:[31,22] Unsafe is internal proprietary API and may be removed in a future release

[WARNING] /workspaces/CodeCureAgent/code_cure_agent/cca_workspace_3/geometry-api-java/src/main/java/com/esri/core/geometry/SizeOf.java:[32,22] Unsafe is internal proprietary API and may be removed in a future release

[WARNING] /workspaces/CodeCureAgent/code_cure_agent/cca_workspace_3/geometry-api-java/src/main/java/com/esri/core/geometry/SizeOf.java:[33,22] Unsafe is internal proprietary API and may be removed in a future release

[WARNING] /workspaces/CodeCureAgent/code_cure_agent/cca_workspace_3/geometry-api-java/src/main/java/com/esri/core/geometry/SizeOf.java:[34,22] Unsafe is internal proprietary API and may be removed in a future release

[WARNING] /workspaces/CodeCureAgent/code_cure_agent/cca_workspace_3/geometry-api-java/src/main/java/com/esri/core/geometry/SizeOf.java:[35,22] Unsafe is internal proprietary API and may be removed in a future release

[WARNING] /workspaces/CodeCureAgent/code_cure_agent/cca_workspace_3/geometry-api-java/src/main/java/com/esri/core/geometry/SizeOf.java:[36,22] Unsafe is internal proprietary API and may be removed in a future release

[WARNING] /workspaces/CodeCureAgent/code_cure_agent/cca_workspace_3/geometry-api-java/src/main/java/com/esri/core/geometry/SizeOf.java:[37,22] Unsafe is internal proprietary API and may be removed in a future release

[WARNING] /workspaces/CodeCureAgent/code_cure_agent/cca_workspace_3/geometry-api-java/src/main/java/com/esri/core/geometry/SizeOf.java:[38,22] Unsafe is internal proprietary API and may be removed in a future release

[WARNING] /workspaces/CodeCureAgent/code_cure_agent/cca_workspace_3/geometry-api-java/src/main/java/com/esri/core/geometry/SizeOf.java:[39,22] Unsafe is internal proprietary API and may be removed in a future release

[WARNING] /workspaces/CodeCureAgent/code_cure_agent/cca_workspace_3/geometry-api-java/src/main/java/com/esri/core/geometry/SizeOf.java:[40,22] Unsafe is internal proprietary API and may be removed in a future release

[WARNING] /workspaces/CodeCureAgent/code_cure_agent/cca_workspace_3/geometry-api-java/src/main/java/com/esri/core/geometry/SizeOf.java:[41,22] Unsafe is internal proprietary API and may be removed in a future release

[WARNING] /workspaces/CodeCureAgent/code_cure_agent/cca_workspace_3/geometry-api-java/src/main/java/com/esri/core/geometry/SizeOf.java:[42,22] Unsafe is internal proprietary API and may be removed in a future release

[INFO] 16 warnings 
[INFO] -------------------------------------------------------------
[INFO] -------------------------------------------------------------
[ERROR] COMPILATION ERROR : 
[INFO] -------------------------------------------------------------
[ERROR] /workspaces/CodeCureAgent/code_cure_agent/cca_workspace_3/geometry-api-java/src/main/java/com/esri/core/geometry/TopoGraph.java:[885,5] error: cannot find symbol

[ERROR]  class TopoGraph
/workspaces/CodeCureAgent/code_cure_agent/cca_workspace_3/geometry-api-java/src/main/java/com/esri/core/geometry/TopoGraph.java:[901,6] error: cannot find symbol

[ERROR]  class TopoGraph
/workspaces/CodeCureAgent/code_cure_agent/cca_workspace_3/geometry-api-java/src/main/java/com/esri/core/geometry/TopoGraph.java:[911,6] error: cannot find symbol

[ERROR]  class TopoGraph
/workspaces/CodeCureAgent/code_cure_agent/cca_workspace_3/geometry-api-java/src/main/java/com/esri/core/geometry/TopoGraph.java:[1138,7] error: cannot find symbol

[ERROR]  class TopoGraph
/workspaces/CodeCureAgent/code_cure_agent/cca_workspace_3/geometry-api-java/src/main/java/com/esri/core/geometry/TopoGraph.java:[1140,7] error: cannot find symbol

[ERROR]  class TopoGraph
/workspaces/CodeCureAgent/code_cure_agent/cca_workspace_3/geometry-api-java/src/main/java/com/esri/core/geometry/TopoGraph.java:[1320,16] error: cannot find symbol

[ERROR]  class TopoGraph
/workspaces/CodeCureAgent/code_cure_agent/cca_workspace_3/geometry-api-java/src/main/java/com/esri/core/geometry/TopoGraph.java:[1322,17] error: cannot find symbol

[ERROR]  class TopoGraph
/workspaces/CodeCureAgent/code_cure_agent/cca_workspace_3/geometry-api-java/src/main/java/com/esri/core/geometry/TopoGraph.java:[1324,12] error: cannot find symbol

[ERROR]  class TopoGraph
/workspaces/CodeCureAgent/code_cure_agent/cca_workspace_3/geometry-api-java/src/main/java/com/esri/core/geometry/TopoGraph.java:[1327,10] error: cannot find symbol

[ERROR]  class TopoGraph
/workspaces/CodeCureAgent/code_cure_agent/cca_workspace_3/geometry-api-java/src/main/java/com/esri/core/geometry/TopoGraph.java:[1329,12] error: cannot find symbol

[ERROR]  class TopoGraph
/workspaces/CodeCureAgent/code_cure_agent/cca_workspace_3/geometry-api-java/src/main/java/com/esri/core/geometry/TopoGraph.java:[1331,10] error: cannot find symbol

[ERROR]  class TopoGraph
/workspaces/CodeCureAgent/code_cure_agent/cca_workspace_3/geometry-api-java/src/main/java/com/esri/core/geometry/TopoGraph.java:[1334,10] error: cannot find symbol

[ERROR]  class TopoGraph
/workspaces/CodeCureAgent/code_cure_agent/cca_workspace_3/geometry-api-java/src/main/java/com/esri/core/geometry/TopoGraph.java:[1758,3] error: cannot find symbol

[ERROR]  class TopoGraph
/workspaces/CodeCureAgent/code_cure_agent/cca_workspace_3/geometry-api-java/src/main/java/com/esri/core/geometry/TopoGraph.java:[1931,6] error: cannot find symbol

[ERROR]  class TopoGraph
/workspaces/CodeCureAgent/code_cure_agent/cca_workspace_3/geometry-api-java/src/main/java/com/esri/core/geometry/TopoGraph.java:[1932,31] error: cannot find symbol

[ERROR]  class TopoGraph
/workspaces/CodeCureAgent/code_cure_agent/cca_workspace_3/geometry-api-java/src/main/java/com/esri/core/geometry/TopoGraph.java:[1933,3] error: cannot find symbol

[INFO] 16 errors 
[INFO] -------------------------------------------------------------
[INFO] ------------------------------------------------------------------------
[INFO] BUILD FAILURE
[INFO] ------------------------------------------------------------------------
[INFO] Total time:  4.032 s
[INFO] Finished at: 2026-01-30T10:56:28Z
[INFO] ------------------------------------------------------------------------
[ERROR] Failed to execute goal org.apache.maven.plugins:maven-compiler-plugin:2.3.1:compile (default-compile) on project esri-geometry-api: Compilation failure: Compilation failure: 
[ERROR] /workspaces/CodeCureAgent/code_cure_agent/cca_workspace_3/geometry-api-java/src/main/java/com/esri/core/geometry/TopoGraph.java:[885,5] error: cannot find symbol
[ERROR] 
[ERROR]  class TopoGraph
[ERROR] /workspaces/CodeCureAgent/code_cure_agent/cca_workspace_3/geometry-api-java/src/main/java/com/esri/core/geometry/TopoGraph.java:[901,6] error: cannot find symbol
[ERROR] 
[ERROR]  class TopoGraph
[ERROR] /workspaces/CodeCureAgent/code_cure_agent/cca_workspace_3/geometry-api-java/src/main/java/com/esri/core/geometry/TopoGraph.java:[911,6] error: cannot find symbol
[ERROR] 
[ERROR]  class TopoGraph
[ERROR] /workspaces/CodeCureAgent/code_cure_agent/cca_workspace_3/geometry-api-java/src/main/java/com/esri/core/geometry/TopoGraph.java:[1138,7] error: cannot find symbol
[ERROR] 
[ERROR]  class TopoGraph
[ERROR] /workspaces/CodeCureAgent/code_cure_agent/cca_workspace_3/geometry-api-java/src/main/java/com/esri/core/geometry/TopoGraph.java:[1140,7] error: cannot find symbol
[ERROR] 
[ERROR]  class TopoGraph
[ERROR] /workspaces/CodeCureAgent/code_cure_agent/cca_workspace_3/geometry-api-java/src/main/java/com/esri/core/geometry/TopoGraph.java:[1320,16] error: cannot find symbol
[ERROR] 
[ERROR]  class TopoGraph
[ERROR] /workspaces/CodeCureAgent/code_cure_agent/cca_workspace_3/geometry-api-java/src/main/java/com/esri/core/geometry/TopoGraph.java:[1322,17] error: cannot find symbol
[ERROR] 
[ERROR]  class TopoGraph
[ERROR] /workspaces/CodeCureAgent/code_cure_agent/cca_workspace_3/geometry-api-java/src/main/java/com/esri/core/geometry/TopoGraph.java:[1324,12] error: cannot find symbol
[ERROR] 
[ERROR]  class TopoGraph
[ERROR] /workspaces/CodeCureAgent/code_cure_agent/cca_workspace_3/geometry-api-java/src/main/java/com/esri/core/geometry/TopoGraph.java:[1327,10] error: cannot find symbol
[ERROR] 
[ERROR]  class TopoGraph
[ERROR] /workspaces/CodeCureAgent/code_cure_agent/cca_workspace_3/geometry-api-java/src/main/java/com/esri/core/geometry/TopoGraph.java:[1329,12] error: cannot find symbol
[ERROR] 
[ERROR]  class TopoGraph
[ERROR] /workspaces/CodeCureAgent/code_cure_agent/cca_workspace_3/geometry-api-java/src/main/java/com/esri/core/geometry/TopoGraph.java:[1331,10] error: cannot find symbol
[ERROR] 
[ERROR]  class TopoGraph
[ERROR] /workspaces/CodeCureAgent/code_cure_agent/cca_workspace_3/geometry-api-java/src/main/java/com/esri/core/geometry/TopoGraph.java:[1334,10] error: cannot find symbol
[ERROR] 
[ERROR]  class TopoGraph
[ERROR] /workspaces/CodeCureAgent/code_cure_agent/cca_workspace_3/geometry-api-java/src/main/java/com/esri/core/geometry/TopoGraph.java:[1758,3] error: cannot find symbol
[ERROR] 
[ERROR]  class TopoGraph
[ERROR] /workspaces/CodeCureAgent/code_cure_agent/cca_workspace_3/geometry-api-java/src/main/java/com/esri/core/geometry/TopoGraph.java:[1931,6] error: cannot find symbol
[ERROR] 
[ERROR]  class TopoGraph
[ERROR] /workspaces/CodeCureAgent/code_cure_agent/cca_workspace_3/geometry-api-java/src/main/java/com/esri/core/geometry/TopoGraph.java:[1932,31] error: cannot find symbol
[ERROR] 
[ERROR]  class TopoGraph
[ERROR] /workspaces/CodeCureAgent/code_cure_agent/cca_workspace_3/geometry-api-java/src/main/java/com/esri/core/geometry/TopoGraph.java:[1933,3] error: cannot find symbol
[ERROR] -> [Help 1]
[ERROR] 
[ERROR] To see the full stack trace of the errors, re-run Maven with the -e switch.
[ERROR] Re-run Maven using the -X switch to enable full debug logging.
[ERROR] 
[ERROR] For more information about the errors and possible solutions, please read the following articles:
[ERROR] [Help 1] http://cwiki.apache.org/confluence/display/MAVEN/MojoFailureException
