[INFO] Scanning for projects...
[INFO] 
[INFO] -----< com.github.vincentrussell:sql-to-mongo-db-query-converter >------
[INFO] Building sql-to-mongo-db-query-converter 1.19-SNAPSHOT
[INFO] --------------------------------[ jar ]---------------------------------
[INFO] 
[INFO] --- maven-clean-plugin:2.5:clean (default-clean) @ sql-to-mongo-db-query-converter ---
[INFO] Deleting /workspaces/xxxx/code_cure_agent/cca_workspace/sql-to-mongo-db-query-converter/target
[INFO] 
[INFO] --- maven-resources-plugin:2.6:resources (default-resources) @ sql-to-mongo-db-query-converter ---
[INFO] Using 'UTF-8' encoding to copy filtered resources.
[INFO] skip non existing resourceDirectory /workspaces/xxxx/code_cure_agent/cca_workspace/sql-to-mongo-db-query-converter/src/main/resources
[INFO] 
[INFO] --- maven-compiler-plugin:3.5:compile (default-compile) @ sql-to-mongo-db-query-converter ---
[INFO] Changes detected - recompiling the module!
[INFO] Compiling 27 source files to /workspaces/xxxx/code_cure_agent/cca_workspace/sql-to-mongo-db-query-converter/target/classes
[INFO] /workspaces/xxxx/code_cure_agent/cca_workspace/sql-to-mongo-db-query-converter/src/main/java/com/github/vincentrussell/query/mongodb/sql/converter/QueryConverter.java: Some input files use or override a deprecated API.
[INFO] /workspaces/xxxx/code_cure_agent/cca_workspace/sql-to-mongo-db-query-converter/src/main/java/com/github/vincentrussell/query/mongodb/sql/converter/QueryConverter.java: Recompile with -Xlint:deprecation for details.
[INFO] /workspaces/xxxx/code_cure_agent/cca_workspace/sql-to-mongo-db-query-converter/src/main/java/com/github/vincentrussell/query/mongodb/sql/converter/processor/WhereClauseProcessor.java: Some input files use unchecked or unsafe operations.
[INFO] /workspaces/xxxx/code_cure_agent/cca_workspace/sql-to-mongo-db-query-converter/src/main/java/com/github/vincentrussell/query/mongodb/sql/converter/processor/WhereClauseProcessor.java: Recompile with -Xlint:unchecked for details.
[INFO] 
[INFO] --- maven-checkstyle-plugin:3.1.1:check (validate) @ sql-to-mongo-db-query-converter ---
[INFO] Starting audit...
[ERROR] /workspaces/xxxx/code_cure_agent/cca_workspace/sql-to-mongo-db-query-converter/src/main/java/com/github/vincentrussell/query/mongodb/sql/converter/TimeoutInputStream.java:1: File does not end with a newline. [NewlineAtEndOfFile]
[ERROR] /workspaces/xxxx/code_cure_agent/cca_workspace/sql-to-mongo-db-query-converter/src/main/java/com/github/vincentrussell/query/mongodb/sql/converter/TimeoutInputStream.java:57:5: Class 'TimeoutInputStream' looks like designed for extension (can be subclassed), but the method 'read' does not have javadoc that explains how to do that safely. If class is not designed for extension consider making the class 'TimeoutInputStream' final or making the method 'read' static/final/abstract/empty, or adding allowed annotation for the method. [DesignForExtension]
[ERROR] /workspaces/xxxx/code_cure_agent/cca_workspace/sql-to-mongo-db-query-converter/src/main/java/com/github/vincentrussell/query/mongodb/sql/converter/TimeoutInputStream.java:58:21: Parameter b should be final. [FinalParameters]
[ERROR] /workspaces/xxxx/code_cure_agent/cca_workspace/sql-to-mongo-db-query-converter/src/main/java/com/github/vincentrussell/query/mongodb/sql/converter/TimeoutInputStream.java:58:31: Parameter off should be final. [FinalParameters]
[ERROR] /workspaces/xxxx/code_cure_agent/cca_workspace/sql-to-mongo-db-query-converter/src/main/java/com/github/vincentrussell/query/mongodb/sql/converter/TimeoutInputStream.java:58:40: Parameter len should be final. [FinalParameters]
Audit done.
[INFO] ------------------------------------------------------------------------
[INFO] BUILD FAILURE
[INFO] ------------------------------------------------------------------------
[INFO] Total time:  3.142 s
[INFO] Finished at: 2025-08-20T13:57:05Z
[INFO] ------------------------------------------------------------------------
[ERROR] Failed to execute goal org.apache.maven.plugins:maven-checkstyle-plugin:3.1.1:check (validate) on project sql-to-mongo-db-query-converter: Failed during checkstyle execution: There are 5 errors reported by Checkstyle 8.29 with src/test/resources/checkstyle/checkstyle.xml ruleset. -> [Help 1]
[ERROR] 
[ERROR] To see the full stack trace of the errors, re-run Maven with the -e switch.
[ERROR] Re-run Maven using the -X switch to enable full debug logging.
[ERROR] 
[ERROR] For more information about the errors and possible solutions, please read the following articles:
[ERROR] [Help 1] http://cwiki.apache.org/confluence/display/MAVEN/MojoExecutionException
