[INFO] Scanning for projects...
[INFO] 
[INFO] --------------------------< cn.nukkit:nukkit >--------------------------
[INFO] Building Nukkit 1.0-SNAPSHOT
[INFO] --------------------------------[ jar ]---------------------------------
[INFO] 
[INFO] --- maven-clean-plugin:2.5:clean (default-clean) @ nukkit ---
[INFO] 
[INFO] --- maven-enforcer-plugin:3.0.0-M2:enforce (enforce) @ nukkit ---
[INFO] 
[INFO] --- git-commit-id-plugin:2.2.1:revision (get-the-git-infos) @ nukkit ---
[INFO] dotGitDirectory /workspaces/CodeCureAgent/code_cure_agent/cca_workspace_2/Nukkit/.git
[INFO] git.build.user.name Pascal-Joos
[INFO] git.build.user.email pascal.joos@outlook.de
[INFO] git.branch 47d54ad26109b5d89936e0d9123c591a99a2cf60
[INFO] --always = false
[INFO] --dirty = -dirty
[INFO] --abbrev = 7
[INFO] Tag refs [[Ref[refs/tags/1.14.30=d13b0de3a2102e380fe3f60931f7a2e564da4d35], Ref[refs/tags/1.14.60=b1dc91579c78db69cd07c306d66bfeba9b129b68], Ref[refs/tags/1.16=69c992fa963ea2b6558b43104eba1288432e5da0], Ref[refs/tags/1.16-beta=0477574e45d4815e080be7f96a9e85cabae0faa0], Ref[refs/tags/leveldb-snapshot=9ee7817045b08015e9952f597d81dc420a8ec40b], Ref[refs/tags/redrak-1.0=da00d034919361c10075b74b942752c0fad0ff5f], Ref[refs/tags/snapshot=55eba5640417b9be6f400b13ca45d8ca802145b1]]]
[INFO] Created map: [{}]
[INFO] HEAD is [47d54ad26109b5d89936e0d9123c591a99a2cf60]
[INFO] Repo is in dirty state [true]
[INFO] git.commit.id.describe 47d54ad-dirty
[INFO] git.commit.id 47d54ad26109b5d89936e0d9123c591a99a2cf60
[INFO] git.commit.id.abbrev 47d54ad
[INFO] git.dirty true
[INFO] git.commit.user.name VixikHD
[INFO] git.commit.user.email 40556088+VixikHD@users.noreply.github.com
[INFO] git.commit.message.full Fix level loading (#1681)
[INFO] git.commit.message.short Fix level loading (#1681)
[INFO] git.commit.time 17.11.2020 @ 17:24:56 UTC
[INFO] git.remote.origin.url https://github.com/CloudburstMC/Nukkit.git
[INFO] git.tags 
[INFO] Tag refs [[Ref[refs/tags/1.14.30=d13b0de3a2102e380fe3f60931f7a2e564da4d35], Ref[refs/tags/1.14.60=b1dc91579c78db69cd07c306d66bfeba9b129b68], Ref[refs/tags/1.16=69c992fa963ea2b6558b43104eba1288432e5da0], Ref[refs/tags/1.16-beta=0477574e45d4815e080be7f96a9e85cabae0faa0], Ref[refs/tags/leveldb-snapshot=9ee7817045b08015e9952f597d81dc420a8ec40b], Ref[refs/tags/redrak-1.0=da00d034919361c10075b74b942752c0fad0ff5f], Ref[refs/tags/snapshot=55eba5640417b9be6f400b13ca45d8ca802145b1]]]
[INFO] Including lightweight tag [refs/tags/1.14.30]
[INFO] Including lightweight tag [refs/tags/1.14.60]
[INFO] Including lightweight tag [refs/tags/1.16]
[INFO] Including lightweight tag [refs/tags/1.16-beta]
[INFO] Including lightweight tag [refs/tags/leveldb-snapshot]
[INFO] Including lightweight tag [refs/tags/redrak-1.0]
[INFO] Including lightweight tag [refs/tags/snapshot]
[INFO] key [AnyObjectId[b1dc91579c78db69cd07c306d66bfeba9b129b68]], tags => [[DatedRevTag{id=b1dc91579c78db69cd07c306d66bfeba9b129b68, tagName='refs/tags/1.14.60', date=January 29, 26 at 5:21:41 PM UTC}]] 
[INFO] key [AnyObjectId[da00d034919361c10075b74b942752c0fad0ff5f]], tags => [[DatedRevTag{id=da00d034919361c10075b74b942752c0fad0ff5f, tagName='refs/tags/redrak-1.0', date=January 29, 26 at 5:21:41 PM UTC}]] 
[INFO] key [AnyObjectId[9ee7817045b08015e9952f597d81dc420a8ec40b]], tags => [[DatedRevTag{id=9ee7817045b08015e9952f597d81dc420a8ec40b, tagName='refs/tags/leveldb-snapshot', date=January 29, 26 at 5:21:41 PM UTC}]] 
[INFO] key [AnyObjectId[d13b0de3a2102e380fe3f60931f7a2e564da4d35]], tags => [[DatedRevTag{id=d13b0de3a2102e380fe3f60931f7a2e564da4d35, tagName='refs/tags/1.14.30', date=January 29, 26 at 5:21:41 PM UTC}]] 
[INFO] key [AnyObjectId[69c992fa963ea2b6558b43104eba1288432e5da0]], tags => [[DatedRevTag{id=69c992fa963ea2b6558b43104eba1288432e5da0, tagName='refs/tags/1.16', date=January 29, 26 at 5:21:41 PM UTC}]] 
[INFO] key [AnyObjectId[55eba5640417b9be6f400b13ca45d8ca802145b1]], tags => [[DatedRevTag{id=55eba5640417b9be6f400b13ca45d8ca802145b1, tagName='refs/tags/snapshot', date=January 29, 26 at 5:21:41 PM UTC}]] 
[INFO] key [AnyObjectId[0477574e45d4815e080be7f96a9e85cabae0faa0]], tags => [[DatedRevTag{id=0477574e45d4815e080be7f96a9e85cabae0faa0, tagName='refs/tags/1.16-beta', date=January 29, 26 at 5:21:41 PM UTC}]] 
[INFO] git.closest.tag.name snapshot
[INFO] Tag refs [[Ref[refs/tags/1.14.30=d13b0de3a2102e380fe3f60931f7a2e564da4d35], Ref[refs/tags/1.14.60=b1dc91579c78db69cd07c306d66bfeba9b129b68], Ref[refs/tags/1.16=69c992fa963ea2b6558b43104eba1288432e5da0], Ref[refs/tags/1.16-beta=0477574e45d4815e080be7f96a9e85cabae0faa0], Ref[refs/tags/leveldb-snapshot=9ee7817045b08015e9952f597d81dc420a8ec40b], Ref[refs/tags/redrak-1.0=da00d034919361c10075b74b942752c0fad0ff5f], Ref[refs/tags/snapshot=55eba5640417b9be6f400b13ca45d8ca802145b1]]]
[INFO] Including lightweight tag [refs/tags/1.14.30]
[INFO] Including lightweight tag [refs/tags/1.14.60]
[INFO] Including lightweight tag [refs/tags/1.16]
[INFO] Including lightweight tag [refs/tags/1.16-beta]
[INFO] Including lightweight tag [refs/tags/leveldb-snapshot]
[INFO] Including lightweight tag [refs/tags/redrak-1.0]
[INFO] Including lightweight tag [refs/tags/snapshot]
[INFO] key [AnyObjectId[b1dc91579c78db69cd07c306d66bfeba9b129b68]], tags => [[DatedRevTag{id=b1dc91579c78db69cd07c306d66bfeba9b129b68, tagName='refs/tags/1.14.60', date=January 29, 26 at 5:21:41 PM UTC}]] 
[INFO] key [AnyObjectId[da00d034919361c10075b74b942752c0fad0ff5f]], tags => [[DatedRevTag{id=da00d034919361c10075b74b942752c0fad0ff5f, tagName='refs/tags/redrak-1.0', date=January 29, 26 at 5:21:41 PM UTC}]] 
[INFO] key [AnyObjectId[9ee7817045b08015e9952f597d81dc420a8ec40b]], tags => [[DatedRevTag{id=9ee7817045b08015e9952f597d81dc420a8ec40b, tagName='refs/tags/leveldb-snapshot', date=January 29, 26 at 5:21:41 PM UTC}]] 
[INFO] key [AnyObjectId[d13b0de3a2102e380fe3f60931f7a2e564da4d35]], tags => [[DatedRevTag{id=d13b0de3a2102e380fe3f60931f7a2e564da4d35, tagName='refs/tags/1.14.30', date=January 29, 26 at 5:21:41 PM UTC}]] 
[INFO] key [AnyObjectId[69c992fa963ea2b6558b43104eba1288432e5da0]], tags => [[DatedRevTag{id=69c992fa963ea2b6558b43104eba1288432e5da0, tagName='refs/tags/1.16', date=January 29, 26 at 5:21:41 PM UTC}]] 
[INFO] key [AnyObjectId[55eba5640417b9be6f400b13ca45d8ca802145b1]], tags => [[DatedRevTag{id=55eba5640417b9be6f400b13ca45d8ca802145b1, tagName='refs/tags/snapshot', date=January 29, 26 at 5:21:41 PM UTC}]] 
[INFO] key [AnyObjectId[0477574e45d4815e080be7f96a9e85cabae0faa0]], tags => [[DatedRevTag{id=0477574e45d4815e080be7f96a9e85cabae0faa0, tagName='refs/tags/1.16-beta', date=January 29, 26 at 5:21:41 PM UTC}]] 
[INFO] git.closest.tag.commit.count 3724
[INFO] git.build.time 29.01.2026 @ 17:21:41 UTC
[INFO] git.build.version 1.0-SNAPSHOT
[INFO] git.build.host a6a6de28bfba
[INFO] git.commit.id.describe-short 47d54ad-dirty
[INFO] found property git.tags
[INFO] found property git.closest.tag.commit.count
[INFO] found property git.build.version
[INFO] found property git.commit.user.name
[INFO] found property git.commit.id.abbrev
[INFO] found property git.branch
[INFO] found property git.build.host
[INFO] found property git.commit.id.describe-short
[INFO] found property git.commit.id.describe
[INFO] found property git.build.user.email
[INFO] found property git.commit.id
[INFO] found property git.commit.message.short
[INFO] found property git.commit.user.email
[INFO] found property git.closest.tag.name
[INFO] found property git.commit.time
[INFO] found property git.build.time
[INFO] found property git.build.user.name
[INFO] found property git.dirty
[INFO] found property git.commit.message.full
[INFO] found property git.remote.origin.url
[INFO] Writing properties file to [/workspaces/CodeCureAgent/code_cure_agent/cca_workspace_2/Nukkit/target/classes/git.properties] (for module Nukkit)...
[INFO] 
[INFO] --- maven-resources-plugin:2.6:resources (default-resources) @ nukkit ---
[INFO] Using 'UTF-8' encoding to copy filtered resources.
[INFO] Copying 9 resources
[INFO] 
[INFO] --- maven-compiler-plugin:3.1:compile (default-compile) @ nukkit ---
[INFO] Changes detected - recompiling the module!
[INFO] Compiling 1528 source files to /workspaces/CodeCureAgent/code_cure_agent/cca_workspace_2/Nukkit/target/classes
[INFO] -------------------------------------------------------------
[WARNING] COMPILATION WARNING : 
[INFO] -------------------------------------------------------------
[WARNING] /workspaces/CodeCureAgent/code_cure_agent/cca_workspace_2/Nukkit/src/main/java/cn/nukkit/Server.java: Some input files use or override a deprecated API.
[WARNING] /workspaces/CodeCureAgent/code_cure_agent/cca_workspace_2/Nukkit/src/main/java/cn/nukkit/Server.java: Recompile with -Xlint:deprecation for details.
[WARNING] /workspaces/CodeCureAgent/code_cure_agent/cca_workspace_2/Nukkit/src/main/java/cn/nukkit/utils/ConfigSection.java: Some input files use unchecked or unsafe operations.
[WARNING] /workspaces/CodeCureAgent/code_cure_agent/cca_workspace_2/Nukkit/src/main/java/cn/nukkit/utils/ConfigSection.java: Recompile with -Xlint:unchecked for details.
[WARNING] Some messages have been simplified; recompile with -Xdiags:verbose to get full output
[INFO] 5 warnings 
[INFO] -------------------------------------------------------------
[INFO] -------------------------------------------------------------
[ERROR] COMPILATION ERROR : 
[INFO] -------------------------------------------------------------
[ERROR] /workspaces/CodeCureAgent/code_cure_agent/cca_workspace_2/Nukkit/src/main/java/cn/nukkit/Server.java:[946,38] cannot find symbol
  symbol:   method doGarbageCollection(long)
  location: variable level of type cn.nukkit.level.Level
[ERROR] /workspaces/CodeCureAgent/code_cure_agent/cca_workspace_2/Nukkit/src/main/java/cn/nukkit/Server.java:[1093,74] cannot find symbol
  symbol:   method getName()
  location: variable level of type cn.nukkit.level.Level
[ERROR] /workspaces/CodeCureAgent/code_cure_agent/cca_workspace_2/Nukkit/src/main/java/cn/nukkit/Server.java:[1097,70] cannot find symbol
  symbol:   method getName()
  location: variable level of type cn.nukkit.level.Level
[ERROR] /workspaces/CodeCureAgent/code_cure_agent/cca_workspace_2/Nukkit/src/main/java/cn/nukkit/Server.java:[1100,70] cannot find symbol
  symbol:   method getName()
  location: variable level of type cn.nukkit.level.Level
[ERROR] /workspaces/CodeCureAgent/code_cure_agent/cca_workspace_2/Nukkit/src/main/java/cn/nukkit/Server.java:[1107,43] cannot find symbol
  symbol:   method getFolderName()
  location: variable level of type cn.nukkit.level.Level
[ERROR] /workspaces/CodeCureAgent/code_cure_agent/cca_workspace_2/Nukkit/src/main/java/cn/nukkit/Server.java:[1202,22] cannot find symbol
  symbol:   method doChunkGarbageCollection()
  location: variable level of type cn.nukkit.level.Level
[ERROR] /workspaces/CodeCureAgent/code_cure_agent/cca_workspace_2/Nukkit/src/main/java/cn/nukkit/Server.java:[1653,52] cannot find symbol
  symbol:   method getSafeSpawn()
  location: class cn.nukkit.level.Level
[ERROR] /workspaces/CodeCureAgent/code_cure_agent/cca_workspace_2/Nukkit/src/main/java/cn/nukkit/Server.java:[1661,63] cannot find symbol
  symbol:   method getName()
  location: class cn.nukkit.level.Level
[ERROR] /workspaces/CodeCureAgent/code_cure_agent/cca_workspace_2/Nukkit/src/main/java/cn/nukkit/Server.java:[1854,69] cannot find symbol
  symbol:   method getFolderName()
  location: variable defaultLevel of type cn.nukkit.level.Level
[ERROR] /workspaces/CodeCureAgent/code_cure_agent/cca_workspace_2/Nukkit/src/main/java/cn/nukkit/Server.java:[1872,22] cannot find symbol
  symbol:   method getFolderName()
  location: variable level of type cn.nukkit.level.Level
[ERROR] /workspaces/CodeCureAgent/code_cure_agent/cca_workspace_2/Nukkit/src/main/java/cn/nukkit/metadata/LevelMetadataStore.java:[16,32] cannot find symbol
  symbol:   method getName()
  location: class cn.nukkit.level.Level
[ERROR] /workspaces/CodeCureAgent/code_cure_agent/cca_workspace_2/Nukkit/src/main/java/cn/nukkit/event/server/QueryRegenerateEvent.java:[61,91] cannot find symbol
  symbol:   method getName()
  location: class cn.nukkit.level.Level
[ERROR] /workspaces/CodeCureAgent/code_cure_agent/cca_workspace_2/Nukkit/src/main/java/cn/nukkit/level/Position.java:[81,69] cannot find symbol
  symbol:   method getName()
  location: class cn.nukkit.level.Level
[ERROR] /workspaces/CodeCureAgent/code_cure_agent/cca_workspace_2/Nukkit/src/main/java/cn/nukkit/level/Location.java:[78,70] cannot find symbol
  symbol:   method getName()
  location: class cn.nukkit.level.Level
[ERROR] /workspaces/CodeCureAgent/code_cure_agent/cca_workspace_2/Nukkit/src/main/java/cn/nukkit/entity/Entity.java:[536,19] cannot find symbol
  symbol:   method addEntity(cn.nukkit.entity.Entity)
  location: variable level of type cn.nukkit.level.Level
[ERROR] /workspaces/CodeCureAgent/code_cure_agent/cca_workspace_2/Nukkit/src/main/java/cn/nukkit/entity/Entity.java:[1349,59] method getChunk in interface cn.nukkit.level.ChunkManager cannot be applied to given types;
  required: int,int
  found: int,int,boolean
  reason: actual and formal argument lists differ in length
[ERROR] /workspaces/CodeCureAgent/code_cure_agent/cca_workspace_2/Nukkit/src/main/java/cn/nukkit/entity/Entity.java:[1351,45] cannot find symbol
  symbol:   method generateChunk(int,int,boolean)
  location: variable level of type cn.nukkit.level.Level
[ERROR] /workspaces/CodeCureAgent/code_cure_agent/cca_workspace_2/Nukkit/src/main/java/cn/nukkit/entity/Entity.java:[1404,19] cannot find symbol
  symbol:   method addEntityMovement(cn.nukkit.entity.Entity,double,double,double,double,double,double)
  location: variable level of type cn.nukkit.level.Level
[ERROR] /workspaces/CodeCureAgent/code_cure_agent/cca_workspace_2/Nukkit/src/main/java/cn/nukkit/entity/Entity.java:[1755,23] cannot find symbol
  symbol:   method removeEntity(cn.nukkit.entity.Entity)
  location: variable level of type cn.nukkit.level.Level
[ERROR] /workspaces/CodeCureAgent/code_cure_agent/cca_workspace_2/Nukkit/src/main/java/cn/nukkit/entity/Entity.java:[1763,19] cannot find symbol
  symbol:   method addEntity(cn.nukkit.entity.Entity)
  location: variable level of type cn.nukkit.level.Level
[ERROR] /workspaces/CodeCureAgent/code_cure_agent/cca_workspace_2/Nukkit/src/main/java/cn/nukkit/entity/Entity.java:[2088,36] method getChunk in interface cn.nukkit.level.ChunkManager cannot be applied to given types;
  required: int,int
  found: int,int,boolean
  reason: actual and formal argument lists differ in length
[ERROR] /workspaces/CodeCureAgent/code_cure_agent/cca_workspace_2/Nukkit/src/main/java/cn/nukkit/entity/Entity.java:[2262,27] cannot find symbol
  symbol:   method removeEntity(cn.nukkit.entity.Entity)
  location: variable level of type cn.nukkit.level.Level
[ERROR] /workspaces/CodeCureAgent/code_cure_agent/cca_workspace_2/Nukkit/src/main/java/cn/nukkit/entity/EntityLiving.java:[281,39] cannot find symbol
  symbol:   method getNearbyEntities(cn.nukkit.math.AxisAlignedBB,cn.nukkit.entity.EntityLiving)
  location: variable level of type cn.nukkit.level.Level
[ERROR] /workspaces/CodeCureAgent/code_cure_agent/cca_workspace_2/Nukkit/src/main/java/cn/nukkit/entity/EntityHuman.java:[275,19] cannot find symbol
  symbol:   method addPlayerMovement(cn.nukkit.entity.EntityHuman,double,double,double,double,double,double)
  location: variable level of type cn.nukkit.level.Level
[ERROR] /workspaces/CodeCureAgent/code_cure_agent/cca_workspace_2/Nukkit/src/main/java/cn/nukkit/Player.java:[728,39] cannot find symbol
  symbol:   method getChunkEntities(int,int)
  location: variable level of type cn.nukkit.level.Level
[ERROR] /workspaces/CodeCureAgent/code_cure_agent/cca_workspace_2/Nukkit/src/main/java/cn/nukkit/Player.java:[744,49] cannot find symbol
  symbol:   method getSafeSpawn()
  location: class cn.nukkit.level.Level
[ERROR] /workspaces/CodeCureAgent/code_cure_agent/cca_workspace_2/Nukkit/src/main/java/cn/nukkit/Player.java:[759,44] cannot find symbol
  symbol:   method getChunkEntities(int,int)
  location: variable level of type cn.nukkit.level.Level
[ERROR] /workspaces/CodeCureAgent/code_cure_agent/cca_workspace_2/Nukkit/src/main/java/cn/nukkit/Player.java:[784,44] cannot find symbol
  symbol:   method getChunkEntities(int,int)
  location: variable level of type cn.nukkit.level.Level
[ERROR] /workspaces/CodeCureAgent/code_cure_agent/cca_workspace_2/Nukkit/src/main/java/cn/nukkit/Player.java:[817,32] cannot find symbol
  symbol:   method populateChunk(int,int)
  location: variable level of type cn.nukkit.level.Level
[ERROR] /workspaces/CodeCureAgent/code_cure_agent/cca_workspace_2/Nukkit/src/main/java/cn/nukkit/Player.java:[830,31] cannot find symbol
  symbol:   method requestChunk(int,int,cn.nukkit.Player)
  location: variable level of type cn.nukkit.level.Level
[ERROR] /workspaces/CodeCureAgent/code_cure_agent/cca_workspace_2/Nukkit/src/main/java/cn/nukkit/Player.java:[855,40] cannot find symbol
  symbol:   method getTime()
  location: variable level of type cn.nukkit.level.Level
[ERROR] /workspaces/CodeCureAgent/code_cure_agent/cca_workspace_2/Nukkit/src/main/java/cn/nukkit/Player.java:[858,34] cannot find symbol
  symbol:   method getSafeSpawn(cn.nukkit.Player)
  location: variable level of type cn.nukkit.level.Level
[ERROR] /workspaces/CodeCureAgent/code_cure_agent/cca_workspace_2/Nukkit/src/main/java/cn/nukkit/Player.java:[889,44] cannot find symbol
  symbol:   method getChunkEntities(int,int)
  location: variable level of type cn.nukkit.level.Level
[ERROR] /workspaces/CodeCureAgent/code_cure_agent/cca_workspace_2/Nukkit/src/main/java/cn/nukkit/Player.java:[915,24] cannot find symbol
  symbol:   method sendWeather(cn.nukkit.Player)
  location: class cn.nukkit.level.Level
[ERROR] /workspaces/CodeCureAgent/code_cure_agent/cca_workspace_2/Nukkit/src/main/java/cn/nukkit/Player.java:[1109,35] cannot find symbol
  symbol:   method getNearbyEntities(cn.nukkit.math.AxisAlignedBB,cn.nukkit.Player)
  location: variable level of type cn.nukkit.level.Level
[ERROR] /workspaces/CodeCureAgent/code_cure_agent/cca_workspace_2/Nukkit/src/main/java/cn/nukkit/Player.java:[1403,40] cannot find symbol
  symbol:   method getNearbyEntities(cn.nukkit.math.AxisAlignedBB,cn.nukkit.Player)
  location: variable level of type cn.nukkit.level.Level
[ERROR] /workspaces/CodeCureAgent/code_cure_agent/cca_workspace_2/Nukkit/src/main/java/cn/nukkit/Player.java:[1425,49] method getChunk in interface cn.nukkit.level.ChunkManager cannot be applied to given types;
  required: int,int
  found: int,int,boolean
  reason: actual and formal argument lists differ in length
[ERROR] /workspaces/CodeCureAgent/code_cure_agent/cca_workspace_2/Nukkit/src/main/java/cn/nukkit/Player.java:[1687,43] cannot find symbol
  symbol:   method isRaining()
  location: class cn.nukkit.level.Level
[ERROR] /workspaces/CodeCureAgent/code_cure_agent/cca_workspace_2/Nukkit/src/main/java/cn/nukkit/Player.java:[1688,40] cannot find symbol
  symbol:   method canBlockSeeSky(cn.nukkit.Player)
  location: class cn.nukkit.level.Level
[ERROR] /workspaces/CodeCureAgent/code_cure_agent/cca_workspace_2/Nukkit/src/main/java/cn/nukkit/Player.java:[1777,44] cannot find symbol
  symbol:   method getNearbyEntities(cn.nukkit.math.AxisAlignedBB,cn.nukkit.Player)
  location: variable level of type cn.nukkit.level.Level
[ERROR] /workspaces/CodeCureAgent/code_cure_agent/cca_workspace_2/Nukkit/src/main/java/cn/nukkit/Player.java:[1937,46] cannot find symbol
  symbol:   method getName()
  location: variable level of type cn.nukkit.level.Level
[ERROR] /workspaces/CodeCureAgent/code_cure_agent/cca_workspace_2/Nukkit/src/main/java/cn/nukkit/Player.java:[1941,55] cannot find symbol
  symbol:   method getSpawnLocation()
  location: variable level of type cn.nukkit.level.Level
[ERROR] /workspaces/CodeCureAgent/code_cure_agent/cca_workspace_2/Nukkit/src/main/java/cn/nukkit/Player.java:[1940,55] cannot find symbol
  symbol:   method getSpawnLocation()
  location: variable level of type cn.nukkit.level.Level
[ERROR] /workspaces/CodeCureAgent/code_cure_agent/cca_workspace_2/Nukkit/src/main/java/cn/nukkit/Player.java:[1939,55] cannot find symbol
  symbol:   method getSpawnLocation()
  location: variable level of type cn.nukkit.level.Level
[ERROR] /workspaces/CodeCureAgent/code_cure_agent/cca_workspace_2/Nukkit/src/main/java/cn/nukkit/Player.java:[1971,30] method getChunk in interface cn.nukkit.level.ChunkManager cannot be applied to given types;
  required: int,int
  found: int,int,boolean
  reason: actual and formal argument lists differ in length
[ERROR] /workspaces/CodeCureAgent/code_cure_agent/cca_workspace_2/Nukkit/src/main/java/cn/nukkit/Player.java:[2005,44] cannot find symbol
  symbol:   method getSafeSpawn()
  location: variable level of type cn.nukkit.level.Level
[ERROR] /workspaces/CodeCureAgent/code_cure_agent/cca_workspace_2/Nukkit/src/main/java/cn/nukkit/Player.java:[2055,27] cannot find symbol
  symbol:   method getName()
  location: variable level of type cn.nukkit.level.Level
[ERROR] /workspaces/CodeCureAgent/code_cure_agent/cca_workspace_2/Nukkit/src/main/java/cn/nukkit/Player.java:[2616,53] cannot find symbol
  symbol:   method getEntity(long)
  location: variable level of type cn.nukkit.level.Level
[ERROR] /workspaces/CodeCureAgent/code_cure_agent/cca_workspace_2/Nukkit/src/main/java/cn/nukkit/Player.java:[2659,66] cannot find symbol
  symbol:   method getBlockEntity(cn.nukkit.math.Vector3)
  location: class cn.nukkit.level.Level
[ERROR] /workspaces/CodeCureAgent/code_cure_agent/cca_workspace_2/Nukkit/src/main/java/cn/nukkit/Player.java:[2847,47] cannot find symbol
  symbol:   method getBlockEntity(cn.nukkit.math.Vector3)
  location: variable level of type cn.nukkit.level.Level
[ERROR] /workspaces/CodeCureAgent/code_cure_agent/cca_workspace_2/Nukkit/src/main/java/cn/nukkit/Player.java:[2885,66] cannot find symbol
  symbol:   method getBlockEntity(cn.nukkit.math.Vector3)
  location: variable level of type cn.nukkit.level.Level
[ERROR] /workspaces/CodeCureAgent/code_cure_agent/cca_workspace_2/Nukkit/src/main/java/cn/nukkit/Player.java:[2916,57] cannot find symbol
  symbol:   method getBlockEntities()
  location: variable level of type cn.nukkit.level.Level
[ERROR] /workspaces/CodeCureAgent/code_cure_agent/cca_workspace_2/Nukkit/src/main/java/cn/nukkit/Player.java:[3063,59] cannot find symbol
  symbol:   method useItemOn(cn.nukkit.math.Vector3,cn.nukkit.item.Item,cn.nukkit.math.BlockFace,float,float,float,cn.nukkit.Player)
  location: variable level of type cn.nukkit.level.Level
[ERROR] /workspaces/CodeCureAgent/code_cure_agent/cca_workspace_2/Nukkit/src/main/java/cn/nukkit/Player.java:[3070,64] cannot find symbol
  symbol:   method useItemOn(cn.nukkit.math.Vector3,cn.nukkit.item.Item,cn.nukkit.math.BlockFace,float,float,float,cn.nukkit.Player)
  location: variable level of type cn.nukkit.level.Level
[ERROR] /workspaces/CodeCureAgent/code_cure_agent/cca_workspace_2/Nukkit/src/main/java/cn/nukkit/Player.java:[3102,136] cannot find symbol
  symbol:   method useBreakOn(cn.nukkit.math.Vector3,cn.nukkit.math.BlockFace,cn.nukkit.item.Item,cn.nukkit.Player,boolean)
  location: variable level of type cn.nukkit.level.Level
[ERROR] /workspaces/CodeCureAgent/code_cure_agent/cca_workspace_2/Nukkit/src/main/java/cn/nukkit/Player.java:[3115,73] cannot find symbol
  symbol:   method getBlockEntity(cn.nukkit.math.Vector3)
  location: variable level of type cn.nukkit.level.Level
[ERROR] /workspaces/CodeCureAgent/code_cure_agent/cca_workspace_2/Nukkit/src/main/java/cn/nukkit/Player.java:[3175,55] cannot find symbol
  symbol:   method getEntity(long)
  location: variable level of type cn.nukkit.level.Level
[ERROR] /workspaces/CodeCureAgent/code_cure_agent/cca_workspace_2/Nukkit/src/main/java/cn/nukkit/Player.java:[3680,43] cannot find symbol
  symbol:   method getChunkEntities(int,int)
  location: variable level of type cn.nukkit.level.Level
[ERROR] /workspaces/CodeCureAgent/code_cure_agent/cca_workspace_2/Nukkit/src/main/java/cn/nukkit/Player.java:[3747,56] cannot find symbol
  symbol:   method getFolderName()
  location: variable level of type cn.nukkit.level.Level
[ERROR] /workspaces/CodeCureAgent/code_cure_agent/cca_workspace_2/Nukkit/src/main/java/cn/nukkit/Player.java:[3749,84] cannot find symbol
  symbol:   method getFolderName()
  location: class cn.nukkit.level.Level
[ERROR] /workspaces/CodeCureAgent/code_cure_agent/cca_workspace_2/Nukkit/src/main/java/cn/nukkit/Player.java:[3971,36] cannot find symbol
  symbol:   method dropExpOrb(cn.nukkit.Player,int)
  location: class cn.nukkit.level.Level
[ERROR] /workspaces/CodeCureAgent/code_cure_agent/cca_workspace_2/Nukkit/src/main/java/cn/nukkit/Player.java:[4284,36] method getChunk in interface cn.nukkit.level.ChunkManager cannot be applied to given types;
  required: int,int
  found: int,int,boolean
  reason: actual and formal argument lists differ in length
[ERROR] /workspaces/CodeCureAgent/code_cure_agent/cca_workspace_2/Nukkit/src/main/java/cn/nukkit/Player.java:[4384,28] cannot find symbol
  symbol:   method sendWeather(cn.nukkit.Player)
  location: class cn.nukkit.level.Level
[ERROR] /workspaces/CodeCureAgent/code_cure_agent/cca_workspace_2/Nukkit/src/main/java/cn/nukkit/Player.java:[4425,53] cannot find symbol
  symbol:   method getSpawnLocation()
  location: class cn.nukkit.level.Level
[ERROR] /workspaces/CodeCureAgent/code_cure_agent/cca_workspace_2/Nukkit/src/main/java/cn/nukkit/Player.java:[4441,28] cannot find symbol
  symbol:   method sendWeather(cn.nukkit.Player)
  location: class cn.nukkit.level.Level
[ERROR] /workspaces/CodeCureAgent/code_cure_agent/cca_workspace_2/Nukkit/src/main/java/cn/nukkit/Player.java:[4828,35] cannot find symbol
  symbol:   method getSpawnLocation()
  location: variable level of type cn.nukkit.level.Level
[ERROR] /workspaces/CodeCureAgent/code_cure_agent/cca_workspace_2/Nukkit/src/main/java/cn/nukkit/Player.java:[4843,33] cannot find symbol
  symbol:   method getTime()
  location: variable level of type cn.nukkit.level.Level
[ERROR] /workspaces/CodeCureAgent/code_cure_agent/cca_workspace_2/Nukkit/src/main/java/cn/nukkit/level/Level.java:[77,8] cn.nukkit.level.Level is not abstract and does not override abstract method getSeed() in cn.nukkit.level.ChunkManager
[ERROR] /workspaces/CodeCureAgent/code_cure_agent/cca_workspace_2/Nukkit/src/main/java/cn/nukkit/level/Level.java:[319,13] cannot find symbol
  symbol:   method setRainTime(int)
  location: class cn.nukkit.level.Level
[ERROR] /workspaces/CodeCureAgent/code_cure_agent/cca_workspace_2/Nukkit/src/main/java/cn/nukkit/level/Level.java:[325,13] cannot find symbol
  symbol:   method setThunderTime(int)
  location: class cn.nukkit.level.Level
[ERROR] /workspaces/CodeCureAgent/code_cure_agent/cca_workspace_2/Nukkit/src/main/java/cn/nukkit/level/Level.java:[417,82] cannot find symbol
  symbol: method getFolderName()
[ERROR] /workspaces/CodeCureAgent/code_cure_agent/cca_workspace_2/Nukkit/src/main/java/cn/nukkit/level/Level.java:[418,30] cannot find symbol
  symbol: method getSpawnLocation()
[ERROR] /workspaces/CodeCureAgent/code_cure_agent/cca_workspace_2/Nukkit/src/main/java/cn/nukkit/level/Level.java:[419,13] cannot find symbol
  symbol: method populateChunk(int,int,boolean)
[ERROR] /workspaces/CodeCureAgent/code_cure_agent/cca_workspace_2/Nukkit/src/main/java/cn/nukkit/level/Level.java:[572,13] no suitable method found for addParticleEffect(cn.nukkit.math.Vector3,cn.nukkit.level.ParticleEffect,int,int,cn.nukkit.Player[])
    method cn.nukkit.level.Level.addParticleEffect(cn.nukkit.math.Vector3,cn.nukkit.level.ParticleEffect,long,int,java.util.Collection<cn.nukkit.Player>) is not applicable
      (argument mismatch; cn.nukkit.Player[] cannot be converted to java.util.Collection<cn.nukkit.Player>)
    method cn.nukkit.level.Level.addParticleEffect(cn.nukkit.math.Vector3f,java.lang.String,long,int,cn.nukkit.Player...) is not applicable
      (argument mismatch; cn.nukkit.math.Vector3 cannot be converted to cn.nukkit.math.Vector3f)
[ERROR] /workspaces/CodeCureAgent/code_cure_agent/cca_workspace_2/Nukkit/src/main/java/cn/nukkit/level/Level.java:[576,13] no suitable method found for addParticleEffect(cn.nukkit.math.Vector3,cn.nukkit.level.ParticleEffect,long,int,cn.nukkit.Player[])
    method cn.nukkit.level.Level.addParticleEffect(cn.nukkit.math.Vector3,cn.nukkit.level.ParticleEffect,long,int,java.util.Collection<cn.nukkit.Player>) is not applicable
      (argument mismatch; cn.nukkit.Player[] cannot be converted to java.util.Collection<cn.nukkit.Player>)
    method cn.nukkit.level.Level.addParticleEffect(cn.nukkit.math.Vector3f,java.lang.String,long,int,cn.nukkit.Player...) is not applicable
      (argument mismatch; cn.nukkit.math.Vector3 cannot be converted to cn.nukkit.math.Vector3f)
[ERROR] /workspaces/CodeCureAgent/code_cure_agent/cca_workspace_2/Nukkit/src/main/java/cn/nukkit/level/Level.java:[580,13] no suitable method found for addParticleEffect(cn.nukkit.math.Vector3,cn.nukkit.level.ParticleEffect,long,int,cn.nukkit.Player[])
    method cn.nukkit.level.Level.addParticleEffect(cn.nukkit.math.Vector3,cn.nukkit.level.ParticleEffect,long,int,java.util.Collection<cn.nukkit.Player>) is not applicable
      (argument mismatch; cn.nukkit.Player[] cannot be converted to java.util.Collection<cn.nukkit.Player>)
    method cn.nukkit.level.Level.addParticleEffect(cn.nukkit.math.Vector3f,java.lang.String,long,int,cn.nukkit.Player...) is not applicable
      (argument mismatch; cn.nukkit.math.Vector3 cannot be converted to cn.nukkit.math.Vector3f)
[ERROR] /workspaces/CodeCureAgent/code_cure_agent/cca_workspace_2/Nukkit/src/main/java/cn/nukkit/level/Level.java:[584,13] no suitable method found for addParticleEffect(cn.nukkit.math.Vector3,cn.nukkit.level.ParticleEffect,long,int,cn.nukkit.Player[])
    method cn.nukkit.level.Level.addParticleEffect(cn.nukkit.math.Vector3,cn.nukkit.level.ParticleEffect,long,int,java.util.Collection<cn.nukkit.Player>) is not applicable
      (argument mismatch; no instance(s) of type variable(s) T exist so that T[] conforms to java.util.Collection<cn.nukkit.Player>)
    method cn.nukkit.level.Level.addParticleEffect(cn.nukkit.math.Vector3f,java.lang.String,long,int,cn.nukkit.Player...) is not applicable
      (argument mismatch; cn.nukkit.math.Vector3 cannot be converted to cn.nukkit.math.Vector3f)
[ERROR] /workspaces/CodeCureAgent/code_cure_agent/cca_workspace_2/Nukkit/src/main/java/cn/nukkit/level/Level.java:[627,40] cannot find symbol
  symbol: method getName()
[ERROR] /workspaces/CodeCureAgent/code_cure_agent/cca_workspace_2/Nukkit/src/main/java/cn/nukkit/level/Level.java:[630,50] cannot find symbol
  symbol: method getPlayers()
[ERROR] /workspaces/CodeCureAgent/code_cure_agent/cca_workspace_2/Nukkit/src/main/java/cn/nukkit/level/Level.java:[634,62] cannot find symbol
  symbol:   method getSafeSpawn()
  location: class cn.nukkit.level.Level
[ERROR] /workspaces/CodeCureAgent/code_cure_agent/cca_workspace_2/Nukkit/src/main/java/cn/nukkit/level/Level.java:[699,13] cannot find symbol
  symbol: method cancelUnloadChunkRequest(int)
[ERROR] /workspaces/CodeCureAgent/code_cure_agent/cca_workspace_2/Nukkit/src/main/java/cn/nukkit/level/Level.java:[702,17] cannot find symbol
  symbol: method loadChunk(int,int)
[ERROR] /workspaces/CodeCureAgent/code_cure_agent/cca_workspace_2/Nukkit/src/main/java/cn/nukkit/level/Level.java:[716,25] cannot find symbol
  symbol: method unloadChunkRequest(int,int,boolean)
[ERROR] /workspaces/CodeCureAgent/code_cure_agent/cca_workspace_2/Nukkit/src/main/java/cn/nukkit/level/Level.java:[768,26] cannot find symbol
  symbol: method setRaining(boolean)
[ERROR] /workspaces/CodeCureAgent/code_cure_agent/cca_workspace_2/Nukkit/src/main/java/cn/nukkit/level/Level.java:[770,25] cannot find symbol
  symbol:   method setRainTime(int)
  location: class cn.nukkit.level.Level
[ERROR] /workspaces/CodeCureAgent/code_cure_agent/cca_workspace_2/Nukkit/src/main/java/cn/nukkit/level/Level.java:[772,25] cannot find symbol
  symbol:   method setRainTime(int)
  location: class cn.nukkit.level.Level
[ERROR] /workspaces/CodeCureAgent/code_cure_agent/cca_workspace_2/Nukkit/src/main/java/cn/nukkit/level/Level.java:[779,26] cannot find symbol
  symbol: method setThundering(boolean)
[ERROR] /workspaces/CodeCureAgent/code_cure_agent/cca_workspace_2/Nukkit/src/main/java/cn/nukkit/level/Level.java:[781,25] cannot find symbol
  symbol:   method setThunderTime(int)
  location: class cn.nukkit.level.Level
[ERROR] /workspaces/CodeCureAgent/code_cure_agent/cca_workspace_2/Nukkit/src/main/java/cn/nukkit/level/Level.java:[783,25] cannot find symbol
  symbol:   method setThunderTime(int)
  location: class cn.nukkit.level.Level
[ERROR] /workspaces/CodeCureAgent/code_cure_agent/cca_workspace_2/Nukkit/src/main/java/cn/nukkit/level/Level.java:[788,21] cannot find symbol
  symbol: method isThundering()
[ERROR] /workspaces/CodeCureAgent/code_cure_agent/cca_workspace_2/Nukkit/src/main/java/cn/nukkit/level/Level.java:[789,57] cannot find symbol
  symbol:   method getChunks()
  location: class cn.nukkit.level.Level
[ERROR] /workspaces/CodeCureAgent/code_cure_agent/cca_workspace_2/Nukkit/src/main/java/cn/nukkit/level/Level.java:[798,71] cannot find symbol
  symbol:   method getChunks()
  location: class cn.nukkit.level.Level
[ERROR] /workspaces/CodeCureAgent/code_cure_agent/cca_workspace_2/Nukkit/src/main/java/cn/nukkit/level/Level.java:[809,13] cannot find symbol
  symbol: method unloadChunks()
[ERROR] /workspaces/CodeCureAgent/code_cure_agent/cca_workspace_2/Nukkit/src/main/java/cn/nukkit/level/Level.java:[814,35] cannot find symbol
  symbol: method getCurrentTick()
[ERROR] /workspaces/CodeCureAgent/code_cure_agent/cca_workspace_2/Nukkit/src/main/java/cn/nukkit/level/Level.java:[881,13] cannot find symbol
  symbol: method processChunkRequest()
[ERROR] /workspaces/CodeCureAgent/code_cure_agent/cca_workspace_2/Nukkit/src/main/java/cn/nukkit/level/Level.java:[912,13] cannot find symbol
  symbol:   method areNeighboringChunksLoaded(long)
  location: class cn.nukkit.level.Level
[ERROR] /workspaces/CodeCureAgent/code_cure_agent/cca_workspace_2/Nukkit/src/main/java/cn/nukkit/level/Level.java:[914,27] cannot find symbol
  symbol: method getUpdateLCG()
[ERROR] /workspaces/CodeCureAgent/code_cure_agent/cca_workspace_2/Nukkit/src/main/java/cn/nukkit/level/Level.java:[920,46] cannot find symbol
  symbol: method getBiomeId(int,int)
[ERROR] /workspaces/CodeCureAgent/code_cure_agent/cca_workspace_2/Nukkit/src/main/java/cn/nukkit/level/Level.java:[952,21] cannot find symbol
  symbol: method getHighestBlockAt(int,int)
[ERROR] /workspaces/CodeCureAgent/code_cure_agent/cca_workspace_2/Nukkit/src/main/java/cn/nukkit/level/Level.java:[956,34] cannot find symbol
  symbol: method getCollidingEntities(cn.nukkit.math.AxisAlignedBB)
[INFO] 100 errors 
[INFO] -------------------------------------------------------------
[INFO] ------------------------------------------------------------------------
[INFO] BUILD FAILURE
[INFO] ------------------------------------------------------------------------
[INFO] Total time:  11.100 s
[INFO] Finished at: 2026-01-29T17:21:51Z
[INFO] ------------------------------------------------------------------------
[ERROR] Failed to execute goal org.apache.maven.plugins:maven-compiler-plugin:3.1:compile (default-compile) on project nukkit: Compilation failure: Compilation failure: 
[ERROR] /workspaces/CodeCureAgent/code_cure_agent/cca_workspace_2/Nukkit/src/main/java/cn/nukkit/Server.java:[946,38] cannot find symbol
[ERROR]   symbol:   method doGarbageCollection(long)
[ERROR]   location: variable level of type cn.nukkit.level.Level
[ERROR] /workspaces/CodeCureAgent/code_cure_agent/cca_workspace_2/Nukkit/src/main/java/cn/nukkit/Server.java:[1093,74] cannot find symbol
[ERROR]   symbol:   method getName()
[ERROR]   location: variable level of type cn.nukkit.level.Level
[ERROR] /workspaces/CodeCureAgent/code_cure_agent/cca_workspace_2/Nukkit/src/main/java/cn/nukkit/Server.java:[1097,70] cannot find symbol
[ERROR]   symbol:   method getName()
[ERROR]   location: variable level of type cn.nukkit.level.Level
[ERROR] /workspaces/CodeCureAgent/code_cure_agent/cca_workspace_2/Nukkit/src/main/java/cn/nukkit/Server.java:[1100,70] cannot find symbol
[ERROR]   symbol:   method getName()
[ERROR]   location: variable level of type cn.nukkit.level.Level
[ERROR] /workspaces/CodeCureAgent/code_cure_agent/cca_workspace_2/Nukkit/src/main/java/cn/nukkit/Server.java:[1107,43] cannot find symbol
[ERROR]   symbol:   method getFolderName()
[ERROR]   location: variable level of type cn.nukkit.level.Level
[ERROR] /workspaces/CodeCureAgent/code_cure_agent/cca_workspace_2/Nukkit/src/main/java/cn/nukkit/Server.java:[1202,22] cannot find symbol
[ERROR]   symbol:   method doChunkGarbageCollection()
[ERROR]   location: variable level of type cn.nukkit.level.Level
[ERROR] /workspaces/CodeCureAgent/code_cure_agent/cca_workspace_2/Nukkit/src/main/java/cn/nukkit/Server.java:[1653,52] cannot find symbol
[ERROR]   symbol:   method getSafeSpawn()
[ERROR]   location: class cn.nukkit.level.Level
[ERROR] /workspaces/CodeCureAgent/code_cure_agent/cca_workspace_2/Nukkit/src/main/java/cn/nukkit/Server.java:[1661,63] cannot find symbol
[ERROR]   symbol:   method getName()
[ERROR]   location: class cn.nukkit.level.Level
[ERROR] /workspaces/CodeCureAgent/code_cure_agent/cca_workspace_2/Nukkit/src/main/java/cn/nukkit/Server.java:[1854,69] cannot find symbol
[ERROR]   symbol:   method getFolderName()
[ERROR]   location: variable defaultLevel of type cn.nukkit.level.Level
[ERROR] /workspaces/CodeCureAgent/code_cure_agent/cca_workspace_2/Nukkit/src/main/java/cn/nukkit/Server.java:[1872,22] cannot find symbol
[ERROR]   symbol:   method getFolderName()
[ERROR]   location: variable level of type cn.nukkit.level.Level
[ERROR] /workspaces/CodeCureAgent/code_cure_agent/cca_workspace_2/Nukkit/src/main/java/cn/nukkit/metadata/LevelMetadataStore.java:[16,32] cannot find symbol
[ERROR]   symbol:   method getName()
[ERROR]   location: class cn.nukkit.level.Level
[ERROR] /workspaces/CodeCureAgent/code_cure_agent/cca_workspace_2/Nukkit/src/main/java/cn/nukkit/event/server/QueryRegenerateEvent.java:[61,91] cannot find symbol
[ERROR]   symbol:   method getName()
[ERROR]   location: class cn.nukkit.level.Level
[ERROR] /workspaces/CodeCureAgent/code_cure_agent/cca_workspace_2/Nukkit/src/main/java/cn/nukkit/level/Position.java:[81,69] cannot find symbol
[ERROR]   symbol:   method getName()
[ERROR]   location: class cn.nukkit.level.Level
[ERROR] /workspaces/CodeCureAgent/code_cure_agent/cca_workspace_2/Nukkit/src/main/java/cn/nukkit/level/Location.java:[78,70] cannot find symbol
[ERROR]   symbol:   method getName()
[ERROR]   location: class cn.nukkit.level.Level
[ERROR] /workspaces/CodeCureAgent/code_cure_agent/cca_workspace_2/Nukkit/src/main/java/cn/nukkit/entity/Entity.java:[536,19] cannot find symbol
[ERROR]   symbol:   method addEntity(cn.nukkit.entity.Entity)
[ERROR]   location: variable level of type cn.nukkit.level.Level
[ERROR] /workspaces/CodeCureAgent/code_cure_agent/cca_workspace_2/Nukkit/src/main/java/cn/nukkit/entity/Entity.java:[1349,59] method getChunk in interface cn.nukkit.level.ChunkManager cannot be applied to given types;
[ERROR]   required: int,int
[ERROR]   found: int,int,boolean
[ERROR]   reason: actual and formal argument lists differ in length
[ERROR] /workspaces/CodeCureAgent/code_cure_agent/cca_workspace_2/Nukkit/src/main/java/cn/nukkit/entity/Entity.java:[1351,45] cannot find symbol
[ERROR]   symbol:   method generateChunk(int,int,boolean)
[ERROR]   location: variable level of type cn.nukkit.level.Level
[ERROR] /workspaces/CodeCureAgent/code_cure_agent/cca_workspace_2/Nukkit/src/main/java/cn/nukkit/entity/Entity.java:[1404,19] cannot find symbol
[ERROR]   symbol:   method addEntityMovement(cn.nukkit.entity.Entity,double,double,double,double,double,double)
[ERROR]   location: variable level of type cn.nukkit.level.Level
[ERROR] /workspaces/CodeCureAgent/code_cure_agent/cca_workspace_2/Nukkit/src/main/java/cn/nukkit/entity/Entity.java:[1755,23] cannot find symbol
[ERROR]   symbol:   method removeEntity(cn.nukkit.entity.Entity)
[ERROR]   location: variable level of type cn.nukkit.level.Level
[ERROR] /workspaces/CodeCureAgent/code_cure_agent/cca_workspace_2/Nukkit/src/main/java/cn/nukkit/entity/Entity.java:[1763,19] cannot find symbol
[ERROR]   symbol:   method addEntity(cn.nukkit.entity.Entity)
[ERROR]   location: variable level of type cn.nukkit.level.Level
[ERROR] /workspaces/CodeCureAgent/code_cure_agent/cca_workspace_2/Nukkit/src/main/java/cn/nukkit/entity/Entity.java:[2088,36] method getChunk in interface cn.nukkit.level.ChunkManager cannot be applied to given types;
[ERROR]   required: int,int
[ERROR]   found: int,int,boolean
[ERROR]   reason: actual and formal argument lists differ in length
[ERROR] /workspaces/CodeCureAgent/code_cure_agent/cca_workspace_2/Nukkit/src/main/java/cn/nukkit/entity/Entity.java:[2262,27] cannot find symbol
[ERROR]   symbol:   method removeEntity(cn.nukkit.entity.Entity)
[ERROR]   location: variable level of type cn.nukkit.level.Level
[ERROR] /workspaces/CodeCureAgent/code_cure_agent/cca_workspace_2/Nukkit/src/main/java/cn/nukkit/entity/EntityLiving.java:[281,39] cannot find symbol
[ERROR]   symbol:   method getNearbyEntities(cn.nukkit.math.AxisAlignedBB,cn.nukkit.entity.EntityLiving)
[ERROR]   location: variable level of type cn.nukkit.level.Level
[ERROR] /workspaces/CodeCureAgent/code_cure_agent/cca_workspace_2/Nukkit/src/main/java/cn/nukkit/entity/EntityHuman.java:[275,19] cannot find symbol
[ERROR]   symbol:   method addPlayerMovement(cn.nukkit.entity.EntityHuman,double,double,double,double,double,double)
[ERROR]   location: variable level of type cn.nukkit.level.Level
[ERROR] /workspaces/CodeCureAgent/code_cure_agent/cca_workspace_2/Nukkit/src/main/java/cn/nukkit/Player.java:[728,39] cannot find symbol
[ERROR]   symbol:   method getChunkEntities(int,int)
[ERROR]   location: variable level of type cn.nukkit.level.Level
[ERROR] /workspaces/CodeCureAgent/code_cure_agent/cca_workspace_2/Nukkit/src/main/java/cn/nukkit/Player.java:[744,49] cannot find symbol
[ERROR]   symbol:   method getSafeSpawn()
[ERROR]   location: class cn.nukkit.level.Level
[ERROR] /workspaces/CodeCureAgent/code_cure_agent/cca_workspace_2/Nukkit/src/main/java/cn/nukkit/Player.java:[759,44] cannot find symbol
[ERROR]   symbol:   method getChunkEntities(int,int)
[ERROR]   location: variable level of type cn.nukkit.level.Level
[ERROR] /workspaces/CodeCureAgent/code_cure_agent/cca_workspace_2/Nukkit/src/main/java/cn/nukkit/Player.java:[784,44] cannot find symbol
[ERROR]   symbol:   method getChunkEntities(int,int)
[ERROR]   location: variable level of type cn.nukkit.level.Level
[ERROR] /workspaces/CodeCureAgent/code_cure_agent/cca_workspace_2/Nukkit/src/main/java/cn/nukkit/Player.java:[817,32] cannot find symbol
[ERROR]   symbol:   method populateChunk(int,int)
[ERROR]   location: variable level of type cn.nukkit.level.Level
[ERROR] /workspaces/CodeCureAgent/code_cure_agent/cca_workspace_2/Nukkit/src/main/java/cn/nukkit/Player.java:[830,31] cannot find symbol
[ERROR]   symbol:   method requestChunk(int,int,cn.nukkit.Player)
[ERROR]   location: variable level of type cn.nukkit.level.Level
[ERROR] /workspaces/CodeCureAgent/code_cure_agent/cca_workspace_2/Nukkit/src/main/java/cn/nukkit/Player.java:[855,40] cannot find symbol
[ERROR]   symbol:   method getTime()
[ERROR]   location: variable level of type cn.nukkit.level.Level
[ERROR] /workspaces/CodeCureAgent/code_cure_agent/cca_workspace_2/Nukkit/src/main/java/cn/nukkit/Player.java:[858,34] cannot find symbol
[ERROR]   symbol:   method getSafeSpawn(cn.nukkit.Player)
[ERROR]   location: variable level of type cn.nukkit.level.Level
[ERROR] /workspaces/CodeCureAgent/code_cure_agent/cca_workspace_2/Nukkit/src/main/java/cn/nukkit/Player.java:[889,44] cannot find symbol
[ERROR]   symbol:   method getChunkEntities(int,int)
[ERROR]   location: variable level of type cn.nukkit.level.Level
[ERROR] /workspaces/CodeCureAgent/code_cure_agent/cca_workspace_2/Nukkit/src/main/java/cn/nukkit/Player.java:[915,24] cannot find symbol
[ERROR]   symbol:   method sendWeather(cn.nukkit.Player)
[ERROR]   location: class cn.nukkit.level.Level
[ERROR] /workspaces/CodeCureAgent/code_cure_agent/cca_workspace_2/Nukkit/src/main/java/cn/nukkit/Player.java:[1109,35] cannot find symbol
[ERROR]   symbol:   method getNearbyEntities(cn.nukkit.math.AxisAlignedBB,cn.nukkit.Player)
[ERROR]   location: variable level of type cn.nukkit.level.Level
[ERROR] /workspaces/CodeCureAgent/code_cure_agent/cca_workspace_2/Nukkit/src/main/java/cn/nukkit/Player.java:[1403,40] cannot find symbol
[ERROR]   symbol:   method getNearbyEntities(cn.nukkit.math.AxisAlignedBB,cn.nukkit.Player)
[ERROR]   location: variable level of type cn.nukkit.level.Level
[ERROR] /workspaces/CodeCureAgent/code_cure_agent/cca_workspace_2/Nukkit/src/main/java/cn/nukkit/Player.java:[1425,49] method getChunk in interface cn.nukkit.level.ChunkManager cannot be applied to given types;
[ERROR]   required: int,int
[ERROR]   found: int,int,boolean
[ERROR]   reason: actual and formal argument lists differ in length
[ERROR] /workspaces/CodeCureAgent/code_cure_agent/cca_workspace_2/Nukkit/src/main/java/cn/nukkit/Player.java:[1687,43] cannot find symbol
[ERROR]   symbol:   method isRaining()
[ERROR]   location: class cn.nukkit.level.Level
[ERROR] /workspaces/CodeCureAgent/code_cure_agent/cca_workspace_2/Nukkit/src/main/java/cn/nukkit/Player.java:[1688,40] cannot find symbol
[ERROR]   symbol:   method canBlockSeeSky(cn.nukkit.Player)
[ERROR]   location: class cn.nukkit.level.Level
[ERROR] /workspaces/CodeCureAgent/code_cure_agent/cca_workspace_2/Nukkit/src/main/java/cn/nukkit/Player.java:[1777,44] cannot find symbol
[ERROR]   symbol:   method getNearbyEntities(cn.nukkit.math.AxisAlignedBB,cn.nukkit.Player)
[ERROR]   location: variable level of type cn.nukkit.level.Level
[ERROR] /workspaces/CodeCureAgent/code_cure_agent/cca_workspace_2/Nukkit/src/main/java/cn/nukkit/Player.java:[1937,46] cannot find symbol
[ERROR]   symbol:   method getName()
[ERROR]   location: variable level of type cn.nukkit.level.Level
[ERROR] /workspaces/CodeCureAgent/code_cure_agent/cca_workspace_2/Nukkit/src/main/java/cn/nukkit/Player.java:[1941,55] cannot find symbol
[ERROR]   symbol:   method getSpawnLocation()
[ERROR]   location: variable level of type cn.nukkit.level.Level
[ERROR] /workspaces/CodeCureAgent/code_cure_agent/cca_workspace_2/Nukkit/src/main/java/cn/nukkit/Player.java:[1940,55] cannot find symbol
[ERROR]   symbol:   method getSpawnLocation()
[ERROR]   location: variable level of type cn.nukkit.level.Level
[ERROR] /workspaces/CodeCureAgent/code_cure_agent/cca_workspace_2/Nukkit/src/main/java/cn/nukkit/Player.java:[1939,55] cannot find symbol
[ERROR]   symbol:   method getSpawnLocation()
[ERROR]   location: variable level of type cn.nukkit.level.Level
[ERROR] /workspaces/CodeCureAgent/code_cure_agent/cca_workspace_2/Nukkit/src/main/java/cn/nukkit/Player.java:[1971,30] method getChunk in interface cn.nukkit.level.ChunkManager cannot be applied to given types;
[ERROR]   required: int,int
[ERROR]   found: int,int,boolean
[ERROR]   reason: actual and formal argument lists differ in length
[ERROR] /workspaces/CodeCureAgent/code_cure_agent/cca_workspace_2/Nukkit/src/main/java/cn/nukkit/Player.java:[2005,44] cannot find symbol
[ERROR]   symbol:   method getSafeSpawn()
[ERROR]   location: variable level of type cn.nukkit.level.Level
[ERROR] /workspaces/CodeCureAgent/code_cure_agent/cca_workspace_2/Nukkit/src/main/java/cn/nukkit/Player.java:[2055,27] cannot find symbol
[ERROR]   symbol:   method getName()
[ERROR]   location: variable level of type cn.nukkit.level.Level
[ERROR] /workspaces/CodeCureAgent/code_cure_agent/cca_workspace_2/Nukkit/src/main/java/cn/nukkit/Player.java:[2616,53] cannot find symbol
[ERROR]   symbol:   method getEntity(long)
[ERROR]   location: variable level of type cn.nukkit.level.Level
[ERROR] /workspaces/CodeCureAgent/code_cure_agent/cca_workspace_2/Nukkit/src/main/java/cn/nukkit/Player.java:[2659,66] cannot find symbol
[ERROR]   symbol:   method getBlockEntity(cn.nukkit.math.Vector3)
[ERROR]   location: class cn.nukkit.level.Level
[ERROR] /workspaces/CodeCureAgent/code_cure_agent/cca_workspace_2/Nukkit/src/main/java/cn/nukkit/Player.java:[2847,47] cannot find symbol
[ERROR]   symbol:   method getBlockEntity(cn.nukkit.math.Vector3)
[ERROR]   location: variable level of type cn.nukkit.level.Level
[ERROR] /workspaces/CodeCureAgent/code_cure_agent/cca_workspace_2/Nukkit/src/main/java/cn/nukkit/Player.java:[2885,66] cannot find symbol
[ERROR]   symbol:   method getBlockEntity(cn.nukkit.math.Vector3)
[ERROR]   location: variable level of type cn.nukkit.level.Level
[ERROR] /workspaces/CodeCureAgent/code_cure_agent/cca_workspace_2/Nukkit/src/main/java/cn/nukkit/Player.java:[2916,57] cannot find symbol
[ERROR]   symbol:   method getBlockEntities()
[ERROR]   location: variable level of type cn.nukkit.level.Level
[ERROR] /workspaces/CodeCureAgent/code_cure_agent/cca_workspace_2/Nukkit/src/main/java/cn/nukkit/Player.java:[3063,59] cannot find symbol
[ERROR]   symbol:   method useItemOn(cn.nukkit.math.Vector3,cn.nukkit.item.Item,cn.nukkit.math.BlockFace,float,float,float,cn.nukkit.Player)
[ERROR]   location: variable level of type cn.nukkit.level.Level
[ERROR] /workspaces/CodeCureAgent/code_cure_agent/cca_workspace_2/Nukkit/src/main/java/cn/nukkit/Player.java:[3070,64] cannot find symbol
[ERROR]   symbol:   method useItemOn(cn.nukkit.math.Vector3,cn.nukkit.item.Item,cn.nukkit.math.BlockFace,float,float,float,cn.nukkit.Player)
[ERROR]   location: variable level of type cn.nukkit.level.Level
[ERROR] /workspaces/CodeCureAgent/code_cure_agent/cca_workspace_2/Nukkit/src/main/java/cn/nukkit/Player.java:[3102,136] cannot find symbol
[ERROR]   symbol:   method useBreakOn(cn.nukkit.math.Vector3,cn.nukkit.math.BlockFace,cn.nukkit.item.Item,cn.nukkit.Player,boolean)
[ERROR]   location: variable level of type cn.nukkit.level.Level
[ERROR] /workspaces/CodeCureAgent/code_cure_agent/cca_workspace_2/Nukkit/src/main/java/cn/nukkit/Player.java:[3115,73] cannot find symbol
[ERROR]   symbol:   method getBlockEntity(cn.nukkit.math.Vector3)
[ERROR]   location: variable level of type cn.nukkit.level.Level
[ERROR] /workspaces/CodeCureAgent/code_cure_agent/cca_workspace_2/Nukkit/src/main/java/cn/nukkit/Player.java:[3175,55] cannot find symbol
[ERROR]   symbol:   method getEntity(long)
[ERROR]   location: variable level of type cn.nukkit.level.Level
[ERROR] /workspaces/CodeCureAgent/code_cure_agent/cca_workspace_2/Nukkit/src/main/java/cn/nukkit/Player.java:[3680,43] cannot find symbol
[ERROR]   symbol:   method getChunkEntities(int,int)
[ERROR]   location: variable level of type cn.nukkit.level.Level
[ERROR] /workspaces/CodeCureAgent/code_cure_agent/cca_workspace_2/Nukkit/src/main/java/cn/nukkit/Player.java:[3747,56] cannot find symbol
[ERROR]   symbol:   method getFolderName()
[ERROR]   location: variable level of type cn.nukkit.level.Level
[ERROR] /workspaces/CodeCureAgent/code_cure_agent/cca_workspace_2/Nukkit/src/main/java/cn/nukkit/Player.java:[3749,84] cannot find symbol
[ERROR]   symbol:   method getFolderName()
[ERROR]   location: class cn.nukkit.level.Level
[ERROR] /workspaces/CodeCureAgent/code_cure_agent/cca_workspace_2/Nukkit/src/main/java/cn/nukkit/Player.java:[3971,36] cannot find symbol
[ERROR]   symbol:   method dropExpOrb(cn.nukkit.Player,int)
[ERROR]   location: class cn.nukkit.level.Level
[ERROR] /workspaces/CodeCureAgent/code_cure_agent/cca_workspace_2/Nukkit/src/main/java/cn/nukkit/Player.java:[4284,36] method getChunk in interface cn.nukkit.level.ChunkManager cannot be applied to given types;
[ERROR]   required: int,int
[ERROR]   found: int,int,boolean
[ERROR]   reason: actual and formal argument lists differ in length
[ERROR] /workspaces/CodeCureAgent/code_cure_agent/cca_workspace_2/Nukkit/src/main/java/cn/nukkit/Player.java:[4384,28] cannot find symbol
[ERROR]   symbol:   method sendWeather(cn.nukkit.Player)
[ERROR]   location: class cn.nukkit.level.Level
[ERROR] /workspaces/CodeCureAgent/code_cure_agent/cca_workspace_2/Nukkit/src/main/java/cn/nukkit/Player.java:[4425,53] cannot find symbol
[ERROR]   symbol:   method getSpawnLocation()
[ERROR]   location: class cn.nukkit.level.Level
[ERROR] /workspaces/CodeCureAgent/code_cure_agent/cca_workspace_2/Nukkit/src/main/java/cn/nukkit/Player.java:[4441,28] cannot find symbol
[ERROR]   symbol:   method sendWeather(cn.nukkit.Player)
[ERROR]   location: class cn.nukkit.level.Level
[ERROR] /workspaces/CodeCureAgent/code_cure_agent/cca_workspace_2/Nukkit/src/main/java/cn/nukkit/Player.java:[4828,35] cannot find symbol
[ERROR]   symbol:   method getSpawnLocation()
[ERROR]   location: variable level of type cn.nukkit.level.Level
[ERROR] /workspaces/CodeCureAgent/code_cure_agent/cca_workspace_2/Nukkit/src/main/java/cn/nukkit/Player.java:[4843,33] cannot find symbol
[ERROR]   symbol:   method getTime()
[ERROR]   location: variable level of type cn.nukkit.level.Level
[ERROR] /workspaces/CodeCureAgent/code_cure_agent/cca_workspace_2/Nukkit/src/main/java/cn/nukkit/level/Level.java:[77,8] cn.nukkit.level.Level is not abstract and does not override abstract method getSeed() in cn.nukkit.level.ChunkManager
[ERROR] /workspaces/CodeCureAgent/code_cure_agent/cca_workspace_2/Nukkit/src/main/java/cn/nukkit/level/Level.java:[319,13] cannot find symbol
[ERROR]   symbol:   method setRainTime(int)
[ERROR]   location: class cn.nukkit.level.Level
[ERROR] /workspaces/CodeCureAgent/code_cure_agent/cca_workspace_2/Nukkit/src/main/java/cn/nukkit/level/Level.java:[325,13] cannot find symbol
[ERROR]   symbol:   method setThunderTime(int)
[ERROR]   location: class cn.nukkit.level.Level
[ERROR] /workspaces/CodeCureAgent/code_cure_agent/cca_workspace_2/Nukkit/src/main/java/cn/nukkit/level/Level.java:[417,82] cannot find symbol
[ERROR]   symbol: method getFolderName()
[ERROR] /workspaces/CodeCureAgent/code_cure_agent/cca_workspace_2/Nukkit/src/main/java/cn/nukkit/level/Level.java:[418,30] cannot find symbol
[ERROR]   symbol: method getSpawnLocation()
[ERROR] /workspaces/CodeCureAgent/code_cure_agent/cca_workspace_2/Nukkit/src/main/java/cn/nukkit/level/Level.java:[419,13] cannot find symbol
[ERROR]   symbol: method populateChunk(int,int,boolean)
[ERROR] /workspaces/CodeCureAgent/code_cure_agent/cca_workspace_2/Nukkit/src/main/java/cn/nukkit/level/Level.java:[572,13] no suitable method found for addParticleEffect(cn.nukkit.math.Vector3,cn.nukkit.level.ParticleEffect,int,int,cn.nukkit.Player[])
[ERROR]     method cn.nukkit.level.Level.addParticleEffect(cn.nukkit.math.Vector3,cn.nukkit.level.ParticleEffect,long,int,java.util.Collection<cn.nukkit.Player>) is not applicable
[ERROR]       (argument mismatch; cn.nukkit.Player[] cannot be converted to java.util.Collection<cn.nukkit.Player>)
[ERROR]     method cn.nukkit.level.Level.addParticleEffect(cn.nukkit.math.Vector3f,java.lang.String,long,int,cn.nukkit.Player...) is not applicable
[ERROR]       (argument mismatch; cn.nukkit.math.Vector3 cannot be converted to cn.nukkit.math.Vector3f)
[ERROR] /workspaces/CodeCureAgent/code_cure_agent/cca_workspace_2/Nukkit/src/main/java/cn/nukkit/level/Level.java:[576,13] no suitable method found for addParticleEffect(cn.nukkit.math.Vector3,cn.nukkit.level.ParticleEffect,long,int,cn.nukkit.Player[])
[ERROR]     method cn.nukkit.level.Level.addParticleEffect(cn.nukkit.math.Vector3,cn.nukkit.level.ParticleEffect,long,int,java.util.Collection<cn.nukkit.Player>) is not applicable
[ERROR]       (argument mismatch; cn.nukkit.Player[] cannot be converted to java.util.Collection<cn.nukkit.Player>)
[ERROR]     method cn.nukkit.level.Level.addParticleEffect(cn.nukkit.math.Vector3f,java.lang.String,long,int,cn.nukkit.Player...) is not applicable
[ERROR]       (argument mismatch; cn.nukkit.math.Vector3 cannot be converted to cn.nukkit.math.Vector3f)
[ERROR] /workspaces/CodeCureAgent/code_cure_agent/cca_workspace_2/Nukkit/src/main/java/cn/nukkit/level/Level.java:[580,13] no suitable method found for addParticleEffect(cn.nukkit.math.Vector3,cn.nukkit.level.ParticleEffect,long,int,cn.nukkit.Player[])
[ERROR]     method cn.nukkit.level.Level.addParticleEffect(cn.nukkit.math.Vector3,cn.nukkit.level.ParticleEffect,long,int,java.util.Collection<cn.nukkit.Player>) is not applicable
[ERROR]       (argument mismatch; cn.nukkit.Player[] cannot be converted to java.util.Collection<cn.nukkit.Player>)
[ERROR]     method cn.nukkit.level.Level.addParticleEffect(cn.nukkit.math.Vector3f,java.lang.String,long,int,cn.nukkit.Player...) is not applicable
[ERROR]       (argument mismatch; cn.nukkit.math.Vector3 cannot be converted to cn.nukkit.math.Vector3f)
[ERROR] /workspaces/CodeCureAgent/code_cure_agent/cca_workspace_2/Nukkit/src/main/java/cn/nukkit/level/Level.java:[584,13] no suitable method found for addParticleEffect(cn.nukkit.math.Vector3,cn.nukkit.level.ParticleEffect,long,int,cn.nukkit.Player[])
[ERROR]     method cn.nukkit.level.Level.addParticleEffect(cn.nukkit.math.Vector3,cn.nukkit.level.ParticleEffect,long,int,java.util.Collection<cn.nukkit.Player>) is not applicable
[ERROR]       (argument mismatch; no instance(s) of type variable(s) T exist so that T[] conforms to java.util.Collection<cn.nukkit.Player>)
[ERROR]     method cn.nukkit.level.Level.addParticleEffect(cn.nukkit.math.Vector3f,java.lang.String,long,int,cn.nukkit.Player...) is not applicable
[ERROR]       (argument mismatch; cn.nukkit.math.Vector3 cannot be converted to cn.nukkit.math.Vector3f)
[ERROR] /workspaces/CodeCureAgent/code_cure_agent/cca_workspace_2/Nukkit/src/main/java/cn/nukkit/level/Level.java:[627,40] cannot find symbol
[ERROR]   symbol: method getName()
[ERROR] /workspaces/CodeCureAgent/code_cure_agent/cca_workspace_2/Nukkit/src/main/java/cn/nukkit/level/Level.java:[630,50] cannot find symbol
[ERROR]   symbol: method getPlayers()
[ERROR] /workspaces/CodeCureAgent/code_cure_agent/cca_workspace_2/Nukkit/src/main/java/cn/nukkit/level/Level.java:[634,62] cannot find symbol
[ERROR]   symbol:   method getSafeSpawn()
[ERROR]   location: class cn.nukkit.level.Level
[ERROR] /workspaces/CodeCureAgent/code_cure_agent/cca_workspace_2/Nukkit/src/main/java/cn/nukkit/level/Level.java:[699,13] cannot find symbol
[ERROR]   symbol: method cancelUnloadChunkRequest(int)
[ERROR] /workspaces/CodeCureAgent/code_cure_agent/cca_workspace_2/Nukkit/src/main/java/cn/nukkit/level/Level.java:[702,17] cannot find symbol
[ERROR]   symbol: method loadChunk(int,int)
[ERROR] /workspaces/CodeCureAgent/code_cure_agent/cca_workspace_2/Nukkit/src/main/java/cn/nukkit/level/Level.java:[716,25] cannot find symbol
[ERROR]   symbol: method unloadChunkRequest(int,int,boolean)
[ERROR] /workspaces/CodeCureAgent/code_cure_agent/cca_workspace_2/Nukkit/src/main/java/cn/nukkit/level/Level.java:[768,26] cannot find symbol
[ERROR]   symbol: method setRaining(boolean)
[ERROR] /workspaces/CodeCureAgent/code_cure_agent/cca_workspace_2/Nukkit/src/main/java/cn/nukkit/level/Level.java:[770,25] cannot find symbol
[ERROR]   symbol:   method setRainTime(int)
[ERROR]   location: class cn.nukkit.level.Level
[ERROR] /workspaces/CodeCureAgent/code_cure_agent/cca_workspace_2/Nukkit/src/main/java/cn/nukkit/level/Level.java:[772,25] cannot find symbol
[ERROR]   symbol:   method setRainTime(int)
[ERROR]   location: class cn.nukkit.level.Level
[ERROR] /workspaces/CodeCureAgent/code_cure_agent/cca_workspace_2/Nukkit/src/main/java/cn/nukkit/level/Level.java:[779,26] cannot find symbol
[ERROR]   symbol: method setThundering(boolean)
[ERROR] /workspaces/CodeCureAgent/code_cure_agent/cca_workspace_2/Nukkit/src/main/java/cn/nukkit/level/Level.java:[781,25] cannot find symbol
[ERROR]   symbol:   method setThunderTime(int)
[ERROR]   location: class cn.nukkit.level.Level
[ERROR] /workspaces/CodeCureAgent/code_cure_agent/cca_workspace_2/Nukkit/src/main/java/cn/nukkit/level/Level.java:[783,25] cannot find symbol
[ERROR]   symbol:   method setThunderTime(int)
[ERROR]   location: class cn.nukkit.level.Level
[ERROR] /workspaces/CodeCureAgent/code_cure_agent/cca_workspace_2/Nukkit/src/main/java/cn/nukkit/level/Level.java:[788,21] cannot find symbol
[ERROR]   symbol: method isThundering()
[ERROR] /workspaces/CodeCureAgent/code_cure_agent/cca_workspace_2/Nukkit/src/main/java/cn/nukkit/level/Level.java:[789,57] cannot find symbol
[ERROR]   symbol:   method getChunks()
[ERROR]   location: class cn.nukkit.level.Level
[ERROR] /workspaces/CodeCureAgent/code_cure_agent/cca_workspace_2/Nukkit/src/main/java/cn/nukkit/level/Level.java:[798,71] cannot find symbol
[ERROR]   symbol:   method getChunks()
[ERROR]   location: class cn.nukkit.level.Level
[ERROR] /workspaces/CodeCureAgent/code_cure_agent/cca_workspace_2/Nukkit/src/main/java/cn/nukkit/level/Level.java:[809,13] cannot find symbol
[ERROR]   symbol: method unloadChunks()
[ERROR] /workspaces/CodeCureAgent/code_cure_agent/cca_workspace_2/Nukkit/src/main/java/cn/nukkit/level/Level.java:[814,35] cannot find symbol
[ERROR]   symbol: method getCurrentTick()
[ERROR] /workspaces/CodeCureAgent/code_cure_agent/cca_workspace_2/Nukkit/src/main/java/cn/nukkit/level/Level.java:[881,13] cannot find symbol
[ERROR]   symbol: method processChunkRequest()
[ERROR] /workspaces/CodeCureAgent/code_cure_agent/cca_workspace_2/Nukkit/src/main/java/cn/nukkit/level/Level.java:[912,13] cannot find symbol
[ERROR]   symbol:   method areNeighboringChunksLoaded(long)
[ERROR]   location: class cn.nukkit.level.Level
[ERROR] /workspaces/CodeCureAgent/code_cure_agent/cca_workspace_2/Nukkit/src/main/java/cn/nukkit/level/Level.java:[914,27] cannot find symbol
[ERROR]   symbol: method getUpdateLCG()
[ERROR] /workspaces/CodeCureAgent/code_cure_agent/cca_workspace_2/Nukkit/src/main/java/cn/nukkit/level/Level.java:[920,46] cannot find symbol
[ERROR]   symbol: method getBiomeId(int,int)
[ERROR] /workspaces/CodeCureAgent/code_cure_agent/cca_workspace_2/Nukkit/src/main/java/cn/nukkit/level/Level.java:[952,21] cannot find symbol
[ERROR]   symbol: method getHighestBlockAt(int,int)
[ERROR] /workspaces/CodeCureAgent/code_cure_agent/cca_workspace_2/Nukkit/src/main/java/cn/nukkit/level/Level.java:[956,34] cannot find symbol
[ERROR]   symbol: method getCollidingEntities(cn.nukkit.math.AxisAlignedBB)
[ERROR] -> [Help 1]
[ERROR] 
[ERROR] To see the full stack trace of the errors, re-run Maven with the -e switch.
[ERROR] Re-run Maven using the -X switch to enable full debug logging.
[ERROR] 
[ERROR] For more information about the errors and possible solutions, please read the following articles:
[ERROR] [Help 1] http://cwiki.apache.org/confluence/display/MAVEN/MojoFailureException
