[INFO] Scanning for projects...
[INFO] 
[INFO] ---------------------< com.jnape.palatable:lambda >---------------------
[INFO] Building Lambda 5.2.1-SNAPSHOT
[INFO] --------------------------------[ jar ]---------------------------------
[INFO] 
[INFO] --- maven-clean-plugin:2.5:clean (default-clean) @ lambda ---
[INFO] Deleting /workspaces/xxxx/code_cure_agent/cca_workspace/lambda/target
[INFO] 
[INFO] --- maven-enforcer-plugin:1.0:enforce (enforce-maven) @ lambda ---
[INFO] 
[INFO] --- maven-resources-plugin:2.6:resources (default-resources) @ lambda ---
[INFO] Using 'UTF-8' encoding to copy filtered resources.
[INFO] skip non existing resourceDirectory /workspaces/xxxx/code_cure_agent/cca_workspace/lambda/src/main/resources
[INFO] 
[INFO] --- maven-compiler-plugin:3.3:compile (default-compile) @ lambda ---
[INFO] Changes detected - recompiling the module!
[INFO] Compiling 315 source files to /workspaces/xxxx/code_cure_agent/cca_workspace/lambda/target/classes
[INFO] 
[INFO] --- maven-resources-plugin:2.6:testResources (default-testResources) @ lambda ---
[INFO] Using 'UTF-8' encoding to copy filtered resources.
[INFO] skip non existing resourceDirectory /workspaces/xxxx/code_cure_agent/cca_workspace/lambda/src/test/resources
[INFO] 
[INFO] --- maven-compiler-plugin:3.3:testCompile (default-testCompile) @ lambda ---
[INFO] Changes detected - recompiling the module!
[INFO] Compiling 324 source files to /workspaces/xxxx/code_cure_agent/cca_workspace/lambda/target/test-classes
[INFO] -------------------------------------------------------------
[ERROR] COMPILATION ERROR : 
[INFO] -------------------------------------------------------------
[ERROR] /workspaces/xxxx/code_cure_agent/cca_workspace/lambda/src/test/java/com/jnape/palatable/lambda/functions/Fn0Test.java:[29,32] invalid method reference
  cannot find symbol
    symbol:   method applyAsInt()
    location: interface com.jnape.palatable.lambda.functions.Fn0<java.lang.Integer>
[INFO] 1 error
[INFO] -------------------------------------------------------------
[INFO] ------------------------------------------------------------------------
[INFO] BUILD FAILURE
[INFO] ------------------------------------------------------------------------
[INFO] Total time:  23.906 s
[INFO] Finished at: 2025-08-20T22:11:46Z
[INFO] ------------------------------------------------------------------------
[ERROR] Failed to execute goal org.apache.maven.plugins:maven-compiler-plugin:3.3:testCompile (default-testCompile) on project lambda: Compilation failure
[ERROR] /workspaces/xxxx/code_cure_agent/cca_workspace/lambda/src/test/java/com/jnape/palatable/lambda/functions/Fn0Test.java:[29,32] invalid method reference
[ERROR]   cannot find symbol
[ERROR]     symbol:   method applyAsInt()
[ERROR]     location: interface com.jnape.palatable.lambda.functions.Fn0<java.lang.Integer>
[ERROR] -> [Help 1]
[ERROR] 
[ERROR] To see the full stack trace of the errors, re-run Maven with the -e switch.
[ERROR] Re-run Maven using the -X switch to enable full debug logging.
[ERROR] 
[ERROR] For more information about the errors and possible solutions, please read the following articles:
[ERROR] [Help 1] http://cwiki.apache.org/confluence/display/MAVEN/MojoFailureException
