[INFO] Scanning for projects...
[INFO] 
[INFO] ----------------------< org.apache.joshua:joshua >----------------------
[INFO] Building Apache Joshua Machine Translation Toolkit 6.3-SNAPSHOT
[INFO] --------------------------------[ jar ]---------------------------------
[INFO] 
[INFO] --- maven-clean-plugin:3.0.0:clean (default-clean) @ joshua ---
[INFO] 
[INFO] --- maven-remote-resources-plugin:1.5:process (process-resource-bundles) @ joshua ---
[INFO] 
[INFO] --- maven-resources-plugin:2.7:resources (default-resources) @ joshua ---
[INFO] Using 'UTF-8' encoding to copy filtered resources.
[INFO] Copying 1 resource
[INFO] Copying 3 resources
[INFO] 
[INFO] --- maven-compiler-plugin:3.5.1:compile (default-compile) @ joshua ---
[INFO] Changes detected - recompiling the module!
[INFO] Compiling 259 source files to /workspaces/CodeCureAgent/code_cure_agent/cca_workspace_2/joshua/target/classes
[INFO] /workspaces/CodeCureAgent/code_cure_agent/cca_workspace_2/joshua/src/main/java/org/apache/joshua/ui/tree_visualizer/DerivationViewerApplet.java: Some input files use or override a deprecated API.
[INFO] /workspaces/CodeCureAgent/code_cure_agent/cca_workspace_2/joshua/src/main/java/org/apache/joshua/ui/tree_visualizer/DerivationViewerApplet.java: Recompile with -Xlint:deprecation for details.
[INFO] /workspaces/CodeCureAgent/code_cure_agent/cca_workspace_2/joshua/src/main/java/org/apache/joshua/decoder/chart_parser/Chart.java: Some input files use unchecked or unsafe operations.
[INFO] /workspaces/CodeCureAgent/code_cure_agent/cca_workspace_2/joshua/src/main/java/org/apache/joshua/decoder/chart_parser/Chart.java: Recompile with -Xlint:unchecked for details.
[INFO] -------------------------------------------------------------
[ERROR] COMPILATION ERROR : 
[INFO] -------------------------------------------------------------
[ERROR] /workspaces/CodeCureAgent/code_cure_agent/cca_workspace_2/joshua/src/main/java/org/apache/joshua/mira/MIRA.java:[46,13] cannot find symbol
  symbol:   method run_MIRA()
  location: variable myMIRA of type org.apache.joshua.mira.MIRACore
[ERROR] /workspaces/CodeCureAgent/code_cure_agent/cca_workspace_2/joshua/src/main/java/org/apache/joshua/mira/MIRA.java:[47,13] cannot find symbol
  symbol:   method finish()
  location: variable myMIRA of type org.apache.joshua.mira.MIRACore
[ERROR] /workspaces/CodeCureAgent/code_cure_agent/cca_workspace_2/joshua/src/main/java/org/apache/joshua/mira/MIRACore.java:[271,5] method processArgsArray in class org.apache.joshua.mira.MIRACore cannot be applied to given types;
  required: java.lang.String[],boolean
  found: java.lang.String[]
  reason: actual and formal argument lists differ in length
[ERROR] /workspaces/CodeCureAgent/code_cure_agent/cca_workspace_2/joshua/src/main/java/org/apache/joshua/mira/MIRACore.java:[278,22] cannot find symbol
  symbol:   method cfgFileToArgsArray(java.lang.String)
  location: class org.apache.joshua.mira.MIRACore
[ERROR] /workspaces/CodeCureAgent/code_cure_agent/cca_workspace_2/joshua/src/main/java/org/apache/joshua/mira/MIRACore.java:[283,5] cannot find symbol
  symbol:   method println(java.lang.String,int)
  location: class org.apache.joshua.mira.MIRACore
[ERROR] /workspaces/CodeCureAgent/code_cure_agent/cca_workspace_2/joshua/src/main/java/org/apache/joshua/mira/MIRACore.java:[291,7] cannot find symbol
  symbol:   method println(java.lang.String,int)
  location: class org.apache.joshua.mira.MIRACore
[ERROR] /workspaces/CodeCureAgent/code_cure_agent/cca_workspace_2/joshua/src/main/java/org/apache/joshua/mira/MIRACore.java:[292,7] cannot find symbol
  symbol:   method println(java.lang.String,int)
  location: class org.apache.joshua.mira.MIRACore
[ERROR] /workspaces/CodeCureAgent/code_cure_agent/cca_workspace_2/joshua/src/main/java/org/apache/joshua/mira/MIRACore.java:[293,7] cannot find symbol
  symbol:   method println(java.lang.String,int)
  location: class org.apache.joshua.mira.MIRACore
[ERROR] /workspaces/CodeCureAgent/code_cure_agent/cca_workspace_2/joshua/src/main/java/org/apache/joshua/mira/MIRACore.java:[294,7] cannot find symbol
  symbol:   method println(java.lang.String,int)
  location: class org.apache.joshua.mira.MIRACore
[ERROR] /workspaces/CodeCureAgent/code_cure_agent/cca_workspace_2/joshua/src/main/java/org/apache/joshua/mira/MIRACore.java:[296,7] cannot find symbol
  symbol:   method println(java.lang.String,int)
  location: class org.apache.joshua.mira.MIRACore
[ERROR] /workspaces/CodeCureAgent/code_cure_agent/cca_workspace_2/joshua/src/main/java/org/apache/joshua/mira/MIRACore.java:[297,7] cannot find symbol
  symbol:   method println(java.lang.String,int)
  location: class org.apache.joshua.mira.MIRACore
[ERROR] /workspaces/CodeCureAgent/code_cure_agent/cca_workspace_2/joshua/src/main/java/org/apache/joshua/mira/MIRACore.java:[305,5] cannot find symbol
  symbol:   method processDocInfo()
  location: class org.apache.joshua.mira.MIRACore
[ERROR] /workspaces/CodeCureAgent/code_cure_agent/cca_workspace_2/joshua/src/main/java/org/apache/joshua/mira/MIRACore.java:[312,5] cannot find symbol
  symbol:   method set_docSubsetInfo(int[])
  location: class org.apache.joshua.mira.MIRACore
[ERROR] /workspaces/CodeCureAgent/code_cure_agent/cca_workspace_2/joshua/src/main/java/org/apache/joshua/mira/MIRACore.java:[356,5] cannot find symbol
  symbol:   method processParamFile()
  location: class org.apache.joshua.mira.MIRACore
[ERROR] /workspaces/CodeCureAgent/code_cure_agent/cca_workspace_2/joshua/src/main/java/org/apache/joshua/mira/MIRACore.java:[383,32] cannot find symbol
  symbol:   method normalize(java.lang.String,int)
  location: class org.apache.joshua.mira.MIRACore
[ERROR] /workspaces/CodeCureAgent/code_cure_agent/cca_workspace_2/joshua/src/main/java/org/apache/joshua/mira/MIRACore.java:[390,13] cannot find symbol
  symbol:   method fileExists(java.lang.String)
  location: class org.apache.joshua.mira.MIRACore
[ERROR] /workspaces/CodeCureAgent/code_cure_agent/cca_workspace_2/joshua/src/main/java/org/apache/joshua/mira/MIRACore.java:[424,7] cannot find symbol
  symbol:   method println(java.lang.String,int)
  location: class org.apache.joshua.mira.MIRACore
[ERROR] /workspaces/CodeCureAgent/code_cure_agent/cca_workspace_2/joshua/src/main/java/org/apache/joshua/mira/MIRACore.java:[425,7] cannot find symbol
  symbol:   method println(java.lang.String,int)
  location: class org.apache.joshua.mira.MIRACore
[ERROR] /workspaces/CodeCureAgent/code_cure_agent/cca_workspace_2/joshua/src/main/java/org/apache/joshua/mira/MIRACore.java:[426,7] cannot find symbol
  symbol:   method println(java.lang.String,int)
  location: class org.apache.joshua.mira.MIRACore
[ERROR] /workspaces/CodeCureAgent/code_cure_agent/cca_workspace_2/joshua/src/main/java/org/apache/joshua/mira/MIRACore.java:[433,7] cannot find symbol
  symbol:   method println(java.lang.String,int)
  location: class org.apache.joshua.mira.MIRACore
[ERROR] /workspaces/CodeCureAgent/code_cure_agent/cca_workspace_2/joshua/src/main/java/org/apache/joshua/mira/MIRACore.java:[434,7] cannot find symbol
  symbol:   method print(java.lang.String,int)
  location: class org.apache.joshua.mira.MIRACore
[ERROR] /workspaces/CodeCureAgent/code_cure_agent/cca_workspace_2/joshua/src/main/java/org/apache/joshua/mira/MIRACore.java:[437,9] cannot find symbol
  symbol:   method print(java.lang.String,int)
  location: class org.apache.joshua.mira.MIRACore
[ERROR] /workspaces/CodeCureAgent/code_cure_agent/cca_workspace_2/joshua/src/main/java/org/apache/joshua/mira/MIRACore.java:[438,7] cannot find symbol
  symbol:   method println(java.lang.String,int)
  location: class org.apache.joshua.mira.MIRACore
[ERROR] /workspaces/CodeCureAgent/code_cure_agent/cca_workspace_2/joshua/src/main/java/org/apache/joshua/mira/MIRACore.java:[439,7] cannot find symbol
  symbol:   method println(java.lang.String,int)
  location: class org.apache.joshua.mira.MIRACore
[ERROR] /workspaces/CodeCureAgent/code_cure_agent/cca_workspace_2/joshua/src/main/java/org/apache/joshua/mira/MIRACore.java:[442,7] cannot find symbol
  symbol:   method println(java.lang.String,int)
  location: class org.apache.joshua.mira.MIRACore
[ERROR] /workspaces/CodeCureAgent/code_cure_agent/cca_workspace_2/joshua/src/main/java/org/apache/joshua/mira/MIRACore.java:[445,9] cannot find symbol
  symbol:   method print(java.lang.String,int)
  location: class org.apache.joshua.mira.MIRACore
[ERROR] /workspaces/CodeCureAgent/code_cure_agent/cca_workspace_2/joshua/src/main/java/org/apache/joshua/mira/MIRACore.java:[448,11] cannot find symbol
  symbol:   method println(java.lang.String,int)
  location: class org.apache.joshua.mira.MIRACore
[ERROR] /workspaces/CodeCureAgent/code_cure_agent/cca_workspace_2/joshua/src/main/java/org/apache/joshua/mira/MIRACore.java:[450,11] cannot find symbol
  symbol:   method print(java.lang.String,int)
  location: class org.apache.joshua.mira.MIRACore
[ERROR] /workspaces/CodeCureAgent/code_cure_agent/cca_workspace_2/joshua/src/main/java/org/apache/joshua/mira/MIRACore.java:[451,11] cannot find symbol
  symbol:   method print(java.lang.String,int)
  location: class org.apache.joshua.mira.MIRACore
[ERROR] /workspaces/CodeCureAgent/code_cure_agent/cca_workspace_2/joshua/src/main/java/org/apache/joshua/mira/MIRACore.java:[452,11] cannot find symbol
  symbol:   method println(java.lang.String,int)
  location: class org.apache.joshua.mira.MIRACore
[ERROR] /workspaces/CodeCureAgent/code_cure_agent/cca_workspace_2/joshua/src/main/java/org/apache/joshua/mira/MIRACore.java:[456,7] cannot find symbol
  symbol:   method println(java.lang.String,int)
  location: class org.apache.joshua.mira.MIRACore
[ERROR] /workspaces/CodeCureAgent/code_cure_agent/cca_workspace_2/joshua/src/main/java/org/apache/joshua/mira/MIRACore.java:[457,7] cannot find symbol
  symbol:   method print(java.lang.String,int)
  location: class org.apache.joshua.mira.MIRACore
[ERROR] /workspaces/CodeCureAgent/code_cure_agent/cca_workspace_2/joshua/src/main/java/org/apache/joshua/mira/MIRACore.java:[459,9] cannot find symbol
  symbol:   method println(java.lang.String,int)
  location: class org.apache.joshua.mira.MIRACore
[ERROR] /workspaces/CodeCureAgent/code_cure_agent/cca_workspace_2/joshua/src/main/java/org/apache/joshua/mira/MIRACore.java:[461,9] cannot find symbol
  symbol:   method println(java.lang.String,int)
  location: class org.apache.joshua.mira.MIRACore
[ERROR] /workspaces/CodeCureAgent/code_cure_agent/cca_workspace_2/joshua/src/main/java/org/apache/joshua/mira/MIRACore.java:[466,9] cannot find symbol
  symbol:   method println(java.lang.String,int)
  location: class org.apache.joshua.mira.MIRACore
[ERROR] /workspaces/CodeCureAgent/code_cure_agent/cca_workspace_2/joshua/src/main/java/org/apache/joshua/mira/MIRACore.java:[469,9] cannot find symbol
  symbol:   method println(java.lang.String,int)
  location: class org.apache.joshua.mira.MIRACore
[ERROR] /workspaces/CodeCureAgent/code_cure_agent/cca_workspace_2/joshua/src/main/java/org/apache/joshua/mira/MIRACore.java:[472,9] cannot find symbol
  symbol:   method println(java.lang.String,int)
  location: class org.apache.joshua.mira.MIRACore
[ERROR] /workspaces/CodeCureAgent/code_cure_agent/cca_workspace_2/joshua/src/main/java/org/apache/joshua/mira/MIRACore.java:[476,7] cannot find symbol
  symbol:   method println(java.lang.String,int)
  location: class org.apache.joshua.mira.MIRACore
[ERROR] /workspaces/CodeCureAgent/code_cure_agent/cca_workspace_2/joshua/src/main/java/org/apache/joshua/mira/MIRACore.java:[478,7] cannot find symbol
  symbol:   method println(java.lang.String,int)
  location: class org.apache.joshua.mira.MIRACore
[ERROR] /workspaces/CodeCureAgent/code_cure_agent/cca_workspace_2/joshua/src/main/java/org/apache/joshua/mira/MIRACore.java:[479,7] cannot find symbol
  symbol:   method println(java.lang.String,int)
  location: class org.apache.joshua.mira.MIRACore
[ERROR] /workspaces/CodeCureAgent/code_cure_agent/cca_workspace_2/joshua/src/main/java/org/apache/joshua/mira/MIRACore.java:[483,7] cannot find symbol
  symbol:   method renameFile(java.lang.String,java.lang.String)
  location: class org.apache.joshua.mira.MIRACore
[ERROR] /workspaces/CodeCureAgent/code_cure_agent/cca_workspace_2/joshua/src/main/java/org/apache/joshua/mira/MIRACore.java:[488,7] cannot find symbol
  symbol:   method println(java.lang.String,int)
  location: class org.apache.joshua.mira.MIRACore
[ERROR] /workspaces/CodeCureAgent/code_cure_agent/cca_workspace_2/joshua/src/main/java/org/apache/joshua/mira/MIRACore.java:[490,7] cannot find symbol
  symbol:   method println(java.lang.String,int)
  location: class org.apache.joshua.mira.MIRACore
[ERROR] /workspaces/CodeCureAgent/code_cure_agent/cca_workspace_2/joshua/src/main/java/org/apache/joshua/mira/MIRACore.java:[491,7] cannot find symbol
  symbol:   method println(java.lang.String)
  location: class org.apache.joshua.mira.MIRACore
[ERROR] /workspaces/CodeCureAgent/code_cure_agent/cca_workspace_2/joshua/src/main/java/org/apache/joshua/mira/MIRACore.java:[900,9] cannot find symbol
  symbol:   method println(java.lang.String,int)
  location: class org.apache.joshua.mira.MIRACore
[ERROR] /workspaces/CodeCureAgent/code_cure_agent/cca_workspace_2/joshua/src/main/java/org/apache/joshua/mira/MIRACore.java:[907,21] cannot find symbol
  symbol:   method fullPath(java.lang.String,java.lang.String)
  location: class org.apache.joshua.mira.MIRACore
[ERROR] /workspaces/CodeCureAgent/code_cure_agent/cca_workspace_2/joshua/src/main/java/org/apache/joshua/mira/MIRACore.java:[908,28] cannot find symbol
  symbol:   method fullPath(java.lang.String,java.lang.String)
  location: class org.apache.joshua.mira.MIRACore
[ERROR] /workspaces/CodeCureAgent/code_cure_agent/cca_workspace_2/joshua/src/main/java/org/apache/joshua/mira/MIRACore.java:[909,24] cannot find symbol
  symbol:   method fullPath(java.lang.String,java.lang.String)
  location: class org.apache.joshua.mira.MIRACore
[ERROR] /workspaces/CodeCureAgent/code_cure_agent/cca_workspace_2/joshua/src/main/java/org/apache/joshua/mira/MIRACore.java:[910,31] cannot find symbol
  symbol:   method fullPath(java.lang.String,java.lang.String)
  location: class org.apache.joshua.mira.MIRACore
[ERROR] /workspaces/CodeCureAgent/code_cure_agent/cca_workspace_2/joshua/src/main/java/org/apache/joshua/mira/MIRACore.java:[913,26] cannot find symbol
  symbol:   method fullPath(java.lang.String,java.lang.String)
  location: class org.apache.joshua.mira.MIRACore
[ERROR] /workspaces/CodeCureAgent/code_cure_agent/cca_workspace_2/joshua/src/main/java/org/apache/joshua/mira/MIRACore.java:[916,27] cannot find symbol
  symbol:   method fullPath(java.lang.String,java.lang.String)
  location: class org.apache.joshua.mira.MIRACore
[ERROR] /workspaces/CodeCureAgent/code_cure_agent/cca_workspace_2/joshua/src/main/java/org/apache/joshua/mira/MIRACore.java:[919,31] cannot find symbol
  symbol:   method fullPath(java.lang.String,java.lang.String)
  location: class org.apache.joshua.mira.MIRACore
[ERROR] /workspaces/CodeCureAgent/code_cure_agent/cca_workspace_2/joshua/src/main/java/org/apache/joshua/mira/MIRACore.java:[922,34] cannot find symbol
  symbol:   method fullPath(java.lang.String,java.lang.String)
  location: class org.apache.joshua.mira.MIRACore
[ERROR] /workspaces/CodeCureAgent/code_cure_agent/cca_workspace_2/joshua/src/main/java/org/apache/joshua/mira/MIRACore.java:[925,30] cannot find symbol
  symbol:   method fullPath(java.lang.String,java.lang.String)
  location: class org.apache.joshua.mira.MIRACore
[ERROR] /workspaces/CodeCureAgent/code_cure_agent/cca_workspace_2/joshua/src/main/java/org/apache/joshua/mira/MIRACore.java:[939,5] cannot find symbol
  symbol:   method println(java.lang.String)
  location: class org.apache.joshua.mira.MIRACore
[ERROR] /workspaces/CodeCureAgent/code_cure_agent/cca_workspace_2/joshua/src/main/java/org/apache/joshua/mira/MIRACore.java:[941,5] cannot find symbol
  symbol:   method checkFile(java.lang.String)
  location: class org.apache.joshua.mira.MIRACore
[ERROR] /workspaces/CodeCureAgent/code_cure_agent/cca_workspace_2/joshua/src/main/java/org/apache/joshua/mira/MIRACore.java:[942,5] cannot find symbol
  symbol:   method checkFile(java.lang.String)
  location: class org.apache.joshua.mira.MIRACore
[ERROR] /workspaces/CodeCureAgent/code_cure_agent/cca_workspace_2/joshua/src/main/java/org/apache/joshua/mira/MIRACore.java:[944,29] cannot find symbol
  symbol:   method fileExists(java.lang.String)
  location: class org.apache.joshua.mira.MIRACore
[ERROR] /workspaces/CodeCureAgent/code_cure_agent/cca_workspace_2/joshua/src/main/java/org/apache/joshua/mira/MIRACore.java:[948,9] cannot find symbol
  symbol:   method println(java.lang.String,int)
  location: class org.apache.joshua.mira.MIRACore
[ERROR] /workspaces/CodeCureAgent/code_cure_agent/cca_workspace_2/joshua/src/main/java/org/apache/joshua/mira/MIRACore.java:[951,28] cannot find symbol
  symbol:   method fileExists(java.lang.String)
  location: class org.apache.joshua.mira.MIRACore
[ERROR] /workspaces/CodeCureAgent/code_cure_agent/cca_workspace_2/joshua/src/main/java/org/apache/joshua/mira/MIRACore.java:[955,9] cannot find symbol
  symbol:   method println(java.lang.String,int)
  location: class org.apache.joshua.mira.MIRACore
[ERROR] /workspaces/CodeCureAgent/code_cure_agent/cca_workspace_2/joshua/src/main/java/org/apache/joshua/mira/MIRACore.java:[970,13] cannot find symbol
  symbol:   method fileExists(java.lang.String)
  location: class org.apache.joshua.mira.MIRACore
[ERROR] /workspaces/CodeCureAgent/code_cure_agent/cca_workspace_2/joshua/src/main/java/org/apache/joshua/mira/MIRACore.java:[982,11] cannot find symbol
  symbol:   method println(java.lang.String,int)
  location: class org.apache.joshua.mira.MIRACore
[ERROR] /workspaces/CodeCureAgent/code_cure_agent/cca_workspace_2/joshua/src/main/java/org/apache/joshua/mira/MIRACore.java:[992,23] cannot find symbol
  symbol:   method createUnifiedRefFile(java.lang.String,int)
  location: class org.apache.joshua.mira.MIRACore
[ERROR] /workspaces/CodeCureAgent/code_cure_agent/cca_workspace_2/joshua/src/main/java/org/apache/joshua/mira/MIRACore.java:[995,7] cannot find symbol
  symbol:   method checkFile(java.lang.String)
  location: class org.apache.joshua.mira.MIRACore
[ERROR] /workspaces/CodeCureAgent/code_cure_agent/cca_workspace_2/joshua/src/main/java/org/apache/joshua/mira/MIRACore.java:[999,7] cannot find symbol
  symbol:   method println(java.lang.String,int)
  location: class org.apache.joshua.mira.MIRACore
[ERROR] /workspaces/CodeCureAgent/code_cure_agent/cca_workspace_2/joshua/src/main/java/org/apache/joshua/mira/MIRACore.java:[1000,7] cannot find symbol
  symbol:   method print(java.lang.String,int)
  location: class org.apache.joshua.mira.MIRACore
[ERROR] /workspaces/CodeCureAgent/code_cure_agent/cca_workspace_2/joshua/src/main/java/org/apache/joshua/mira/MIRACore.java:[1002,9] cannot find symbol
  symbol:   method print(java.lang.String,int)
  location: class org.apache.joshua.mira.MIRACore
[ERROR] /workspaces/CodeCureAgent/code_cure_agent/cca_workspace_2/joshua/src/main/java/org/apache/joshua/mira/MIRACore.java:[1004,7] cannot find symbol
  symbol:   method println(java.lang.String,int)
  location: class org.apache.joshua.mira.MIRACore
[ERROR] /workspaces/CodeCureAgent/code_cure_agent/cca_workspace_2/joshua/src/main/java/org/apache/joshua/mira/MIRACore.java:[1005,7] cannot find symbol
  symbol:   method println(java.lang.String,int)
  location: class org.apache.joshua.mira.MIRACore
[INFO] 70 errors 
[INFO] -------------------------------------------------------------
[INFO] ------------------------------------------------------------------------
[INFO] BUILD FAILURE
[INFO] ------------------------------------------------------------------------
[INFO] Total time:  4.707 s
[INFO] Finished at: 2026-01-30T09:54:43Z
[INFO] ------------------------------------------------------------------------
[ERROR] Failed to execute goal org.apache.maven.plugins:maven-compiler-plugin:3.5.1:compile (default-compile) on project joshua: Compilation failure: Compilation failure: 
[ERROR] /workspaces/CodeCureAgent/code_cure_agent/cca_workspace_2/joshua/src/main/java/org/apache/joshua/mira/MIRA.java:[46,13] cannot find symbol
[ERROR]   symbol:   method run_MIRA()
[ERROR]   location: variable myMIRA of type org.apache.joshua.mira.MIRACore
[ERROR] /workspaces/CodeCureAgent/code_cure_agent/cca_workspace_2/joshua/src/main/java/org/apache/joshua/mira/MIRA.java:[47,13] cannot find symbol
[ERROR]   symbol:   method finish()
[ERROR]   location: variable myMIRA of type org.apache.joshua.mira.MIRACore
[ERROR] /workspaces/CodeCureAgent/code_cure_agent/cca_workspace_2/joshua/src/main/java/org/apache/joshua/mira/MIRACore.java:[271,5] method processArgsArray in class org.apache.joshua.mira.MIRACore cannot be applied to given types;
[ERROR]   required: java.lang.String[],boolean
[ERROR]   found: java.lang.String[]
[ERROR]   reason: actual and formal argument lists differ in length
[ERROR] /workspaces/CodeCureAgent/code_cure_agent/cca_workspace_2/joshua/src/main/java/org/apache/joshua/mira/MIRACore.java:[278,22] cannot find symbol
[ERROR]   symbol:   method cfgFileToArgsArray(java.lang.String)
[ERROR]   location: class org.apache.joshua.mira.MIRACore
[ERROR] /workspaces/CodeCureAgent/code_cure_agent/cca_workspace_2/joshua/src/main/java/org/apache/joshua/mira/MIRACore.java:[283,5] cannot find symbol
[ERROR]   symbol:   method println(java.lang.String,int)
[ERROR]   location: class org.apache.joshua.mira.MIRACore
[ERROR] /workspaces/CodeCureAgent/code_cure_agent/cca_workspace_2/joshua/src/main/java/org/apache/joshua/mira/MIRACore.java:[291,7] cannot find symbol
[ERROR]   symbol:   method println(java.lang.String,int)
[ERROR]   location: class org.apache.joshua.mira.MIRACore
[ERROR] /workspaces/CodeCureAgent/code_cure_agent/cca_workspace_2/joshua/src/main/java/org/apache/joshua/mira/MIRACore.java:[292,7] cannot find symbol
[ERROR]   symbol:   method println(java.lang.String,int)
[ERROR]   location: class org.apache.joshua.mira.MIRACore
[ERROR] /workspaces/CodeCureAgent/code_cure_agent/cca_workspace_2/joshua/src/main/java/org/apache/joshua/mira/MIRACore.java:[293,7] cannot find symbol
[ERROR]   symbol:   method println(java.lang.String,int)
[ERROR]   location: class org.apache.joshua.mira.MIRACore
[ERROR] /workspaces/CodeCureAgent/code_cure_agent/cca_workspace_2/joshua/src/main/java/org/apache/joshua/mira/MIRACore.java:[294,7] cannot find symbol
[ERROR]   symbol:   method println(java.lang.String,int)
[ERROR]   location: class org.apache.joshua.mira.MIRACore
[ERROR] /workspaces/CodeCureAgent/code_cure_agent/cca_workspace_2/joshua/src/main/java/org/apache/joshua/mira/MIRACore.java:[296,7] cannot find symbol
[ERROR]   symbol:   method println(java.lang.String,int)
[ERROR]   location: class org.apache.joshua.mira.MIRACore
[ERROR] /workspaces/CodeCureAgent/code_cure_agent/cca_workspace_2/joshua/src/main/java/org/apache/joshua/mira/MIRACore.java:[297,7] cannot find symbol
[ERROR]   symbol:   method println(java.lang.String,int)
[ERROR]   location: class org.apache.joshua.mira.MIRACore
[ERROR] /workspaces/CodeCureAgent/code_cure_agent/cca_workspace_2/joshua/src/main/java/org/apache/joshua/mira/MIRACore.java:[305,5] cannot find symbol
[ERROR]   symbol:   method processDocInfo()
[ERROR]   location: class org.apache.joshua.mira.MIRACore
[ERROR] /workspaces/CodeCureAgent/code_cure_agent/cca_workspace_2/joshua/src/main/java/org/apache/joshua/mira/MIRACore.java:[312,5] cannot find symbol
[ERROR]   symbol:   method set_docSubsetInfo(int[])
[ERROR]   location: class org.apache.joshua.mira.MIRACore
[ERROR] /workspaces/CodeCureAgent/code_cure_agent/cca_workspace_2/joshua/src/main/java/org/apache/joshua/mira/MIRACore.java:[356,5] cannot find symbol
[ERROR]   symbol:   method processParamFile()
[ERROR]   location: class org.apache.joshua.mira.MIRACore
[ERROR] /workspaces/CodeCureAgent/code_cure_agent/cca_workspace_2/joshua/src/main/java/org/apache/joshua/mira/MIRACore.java:[383,32] cannot find symbol
[ERROR]   symbol:   method normalize(java.lang.String,int)
[ERROR]   location: class org.apache.joshua.mira.MIRACore
[ERROR] /workspaces/CodeCureAgent/code_cure_agent/cca_workspace_2/joshua/src/main/java/org/apache/joshua/mira/MIRACore.java:[390,13] cannot find symbol
[ERROR]   symbol:   method fileExists(java.lang.String)
[ERROR]   location: class org.apache.joshua.mira.MIRACore
[ERROR] /workspaces/CodeCureAgent/code_cure_agent/cca_workspace_2/joshua/src/main/java/org/apache/joshua/mira/MIRACore.java:[424,7] cannot find symbol
[ERROR]   symbol:   method println(java.lang.String,int)
[ERROR]   location: class org.apache.joshua.mira.MIRACore
[ERROR] /workspaces/CodeCureAgent/code_cure_agent/cca_workspace_2/joshua/src/main/java/org/apache/joshua/mira/MIRACore.java:[425,7] cannot find symbol
[ERROR]   symbol:   method println(java.lang.String,int)
[ERROR]   location: class org.apache.joshua.mira.MIRACore
[ERROR] /workspaces/CodeCureAgent/code_cure_agent/cca_workspace_2/joshua/src/main/java/org/apache/joshua/mira/MIRACore.java:[426,7] cannot find symbol
[ERROR]   symbol:   method println(java.lang.String,int)
[ERROR]   location: class org.apache.joshua.mira.MIRACore
[ERROR] /workspaces/CodeCureAgent/code_cure_agent/cca_workspace_2/joshua/src/main/java/org/apache/joshua/mira/MIRACore.java:[433,7] cannot find symbol
[ERROR]   symbol:   method println(java.lang.String,int)
[ERROR]   location: class org.apache.joshua.mira.MIRACore
[ERROR] /workspaces/CodeCureAgent/code_cure_agent/cca_workspace_2/joshua/src/main/java/org/apache/joshua/mira/MIRACore.java:[434,7] cannot find symbol
[ERROR]   symbol:   method print(java.lang.String,int)
[ERROR]   location: class org.apache.joshua.mira.MIRACore
[ERROR] /workspaces/CodeCureAgent/code_cure_agent/cca_workspace_2/joshua/src/main/java/org/apache/joshua/mira/MIRACore.java:[437,9] cannot find symbol
[ERROR]   symbol:   method print(java.lang.String,int)
[ERROR]   location: class org.apache.joshua.mira.MIRACore
[ERROR] /workspaces/CodeCureAgent/code_cure_agent/cca_workspace_2/joshua/src/main/java/org/apache/joshua/mira/MIRACore.java:[438,7] cannot find symbol
[ERROR]   symbol:   method println(java.lang.String,int)
[ERROR]   location: class org.apache.joshua.mira.MIRACore
[ERROR] /workspaces/CodeCureAgent/code_cure_agent/cca_workspace_2/joshua/src/main/java/org/apache/joshua/mira/MIRACore.java:[439,7] cannot find symbol
[ERROR]   symbol:   method println(java.lang.String,int)
[ERROR]   location: class org.apache.joshua.mira.MIRACore
[ERROR] /workspaces/CodeCureAgent/code_cure_agent/cca_workspace_2/joshua/src/main/java/org/apache/joshua/mira/MIRACore.java:[442,7] cannot find symbol
[ERROR]   symbol:   method println(java.lang.String,int)
[ERROR]   location: class org.apache.joshua.mira.MIRACore
[ERROR] /workspaces/CodeCureAgent/code_cure_agent/cca_workspace_2/joshua/src/main/java/org/apache/joshua/mira/MIRACore.java:[445,9] cannot find symbol
[ERROR]   symbol:   method print(java.lang.String,int)
[ERROR]   location: class org.apache.joshua.mira.MIRACore
[ERROR] /workspaces/CodeCureAgent/code_cure_agent/cca_workspace_2/joshua/src/main/java/org/apache/joshua/mira/MIRACore.java:[448,11] cannot find symbol
[ERROR]   symbol:   method println(java.lang.String,int)
[ERROR]   location: class org.apache.joshua.mira.MIRACore
[ERROR] /workspaces/CodeCureAgent/code_cure_agent/cca_workspace_2/joshua/src/main/java/org/apache/joshua/mira/MIRACore.java:[450,11] cannot find symbol
[ERROR]   symbol:   method print(java.lang.String,int)
[ERROR]   location: class org.apache.joshua.mira.MIRACore
[ERROR] /workspaces/CodeCureAgent/code_cure_agent/cca_workspace_2/joshua/src/main/java/org/apache/joshua/mira/MIRACore.java:[451,11] cannot find symbol
[ERROR]   symbol:   method print(java.lang.String,int)
[ERROR]   location: class org.apache.joshua.mira.MIRACore
[ERROR] /workspaces/CodeCureAgent/code_cure_agent/cca_workspace_2/joshua/src/main/java/org/apache/joshua/mira/MIRACore.java:[452,11] cannot find symbol
[ERROR]   symbol:   method println(java.lang.String,int)
[ERROR]   location: class org.apache.joshua.mira.MIRACore
[ERROR] /workspaces/CodeCureAgent/code_cure_agent/cca_workspace_2/joshua/src/main/java/org/apache/joshua/mira/MIRACore.java:[456,7] cannot find symbol
[ERROR]   symbol:   method println(java.lang.String,int)
[ERROR]   location: class org.apache.joshua.mira.MIRACore
[ERROR] /workspaces/CodeCureAgent/code_cure_agent/cca_workspace_2/joshua/src/main/java/org/apache/joshua/mira/MIRACore.java:[457,7] cannot find symbol
[ERROR]   symbol:   method print(java.lang.String,int)
[ERROR]   location: class org.apache.joshua.mira.MIRACore
[ERROR] /workspaces/CodeCureAgent/code_cure_agent/cca_workspace_2/joshua/src/main/java/org/apache/joshua/mira/MIRACore.java:[459,9] cannot find symbol
[ERROR]   symbol:   method println(java.lang.String,int)
[ERROR]   location: class org.apache.joshua.mira.MIRACore
[ERROR] /workspaces/CodeCureAgent/code_cure_agent/cca_workspace_2/joshua/src/main/java/org/apache/joshua/mira/MIRACore.java:[461,9] cannot find symbol
[ERROR]   symbol:   method println(java.lang.String,int)
[ERROR]   location: class org.apache.joshua.mira.MIRACore
[ERROR] /workspaces/CodeCureAgent/code_cure_agent/cca_workspace_2/joshua/src/main/java/org/apache/joshua/mira/MIRACore.java:[466,9] cannot find symbol
[ERROR]   symbol:   method println(java.lang.String,int)
[ERROR]   location: class org.apache.joshua.mira.MIRACore
[ERROR] /workspaces/CodeCureAgent/code_cure_agent/cca_workspace_2/joshua/src/main/java/org/apache/joshua/mira/MIRACore.java:[469,9] cannot find symbol
[ERROR]   symbol:   method println(java.lang.String,int)
[ERROR]   location: class org.apache.joshua.mira.MIRACore
[ERROR] /workspaces/CodeCureAgent/code_cure_agent/cca_workspace_2/joshua/src/main/java/org/apache/joshua/mira/MIRACore.java:[472,9] cannot find symbol
[ERROR]   symbol:   method println(java.lang.String,int)
[ERROR]   location: class org.apache.joshua.mira.MIRACore
[ERROR] /workspaces/CodeCureAgent/code_cure_agent/cca_workspace_2/joshua/src/main/java/org/apache/joshua/mira/MIRACore.java:[476,7] cannot find symbol
[ERROR]   symbol:   method println(java.lang.String,int)
[ERROR]   location: class org.apache.joshua.mira.MIRACore
[ERROR] /workspaces/CodeCureAgent/code_cure_agent/cca_workspace_2/joshua/src/main/java/org/apache/joshua/mira/MIRACore.java:[478,7] cannot find symbol
[ERROR]   symbol:   method println(java.lang.String,int)
[ERROR]   location: class org.apache.joshua.mira.MIRACore
[ERROR] /workspaces/CodeCureAgent/code_cure_agent/cca_workspace_2/joshua/src/main/java/org/apache/joshua/mira/MIRACore.java:[479,7] cannot find symbol
[ERROR]   symbol:   method println(java.lang.String,int)
[ERROR]   location: class org.apache.joshua.mira.MIRACore
[ERROR] /workspaces/CodeCureAgent/code_cure_agent/cca_workspace_2/joshua/src/main/java/org/apache/joshua/mira/MIRACore.java:[483,7] cannot find symbol
[ERROR]   symbol:   method renameFile(java.lang.String,java.lang.String)
[ERROR]   location: class org.apache.joshua.mira.MIRACore
[ERROR] /workspaces/CodeCureAgent/code_cure_agent/cca_workspace_2/joshua/src/main/java/org/apache/joshua/mira/MIRACore.java:[488,7] cannot find symbol
[ERROR]   symbol:   method println(java.lang.String,int)
[ERROR]   location: class org.apache.joshua.mira.MIRACore
[ERROR] /workspaces/CodeCureAgent/code_cure_agent/cca_workspace_2/joshua/src/main/java/org/apache/joshua/mira/MIRACore.java:[490,7] cannot find symbol
[ERROR]   symbol:   method println(java.lang.String,int)
[ERROR]   location: class org.apache.joshua.mira.MIRACore
[ERROR] /workspaces/CodeCureAgent/code_cure_agent/cca_workspace_2/joshua/src/main/java/org/apache/joshua/mira/MIRACore.java:[491,7] cannot find symbol
[ERROR]   symbol:   method println(java.lang.String)
[ERROR]   location: class org.apache.joshua.mira.MIRACore
[ERROR] /workspaces/CodeCureAgent/code_cure_agent/cca_workspace_2/joshua/src/main/java/org/apache/joshua/mira/MIRACore.java:[900,9] cannot find symbol
[ERROR]   symbol:   method println(java.lang.String,int)
[ERROR]   location: class org.apache.joshua.mira.MIRACore
[ERROR] /workspaces/CodeCureAgent/code_cure_agent/cca_workspace_2/joshua/src/main/java/org/apache/joshua/mira/MIRACore.java:[907,21] cannot find symbol
[ERROR]   symbol:   method fullPath(java.lang.String,java.lang.String)
[ERROR]   location: class org.apache.joshua.mira.MIRACore
[ERROR] /workspaces/CodeCureAgent/code_cure_agent/cca_workspace_2/joshua/src/main/java/org/apache/joshua/mira/MIRACore.java:[908,28] cannot find symbol
[ERROR]   symbol:   method fullPath(java.lang.String,java.lang.String)
[ERROR]   location: class org.apache.joshua.mira.MIRACore
[ERROR] /workspaces/CodeCureAgent/code_cure_agent/cca_workspace_2/joshua/src/main/java/org/apache/joshua/mira/MIRACore.java:[909,24] cannot find symbol
[ERROR]   symbol:   method fullPath(java.lang.String,java.lang.String)
[ERROR]   location: class org.apache.joshua.mira.MIRACore
[ERROR] /workspaces/CodeCureAgent/code_cure_agent/cca_workspace_2/joshua/src/main/java/org/apache/joshua/mira/MIRACore.java:[910,31] cannot find symbol
[ERROR]   symbol:   method fullPath(java.lang.String,java.lang.String)
[ERROR]   location: class org.apache.joshua.mira.MIRACore
[ERROR] /workspaces/CodeCureAgent/code_cure_agent/cca_workspace_2/joshua/src/main/java/org/apache/joshua/mira/MIRACore.java:[913,26] cannot find symbol
[ERROR]   symbol:   method fullPath(java.lang.String,java.lang.String)
[ERROR]   location: class org.apache.joshua.mira.MIRACore
[ERROR] /workspaces/CodeCureAgent/code_cure_agent/cca_workspace_2/joshua/src/main/java/org/apache/joshua/mira/MIRACore.java:[916,27] cannot find symbol
[ERROR]   symbol:   method fullPath(java.lang.String,java.lang.String)
[ERROR]   location: class org.apache.joshua.mira.MIRACore
[ERROR] /workspaces/CodeCureAgent/code_cure_agent/cca_workspace_2/joshua/src/main/java/org/apache/joshua/mira/MIRACore.java:[919,31] cannot find symbol
[ERROR]   symbol:   method fullPath(java.lang.String,java.lang.String)
[ERROR]   location: class org.apache.joshua.mira.MIRACore
[ERROR] /workspaces/CodeCureAgent/code_cure_agent/cca_workspace_2/joshua/src/main/java/org/apache/joshua/mira/MIRACore.java:[922,34] cannot find symbol
[ERROR]   symbol:   method fullPath(java.lang.String,java.lang.String)
[ERROR]   location: class org.apache.joshua.mira.MIRACore
[ERROR] /workspaces/CodeCureAgent/code_cure_agent/cca_workspace_2/joshua/src/main/java/org/apache/joshua/mira/MIRACore.java:[925,30] cannot find symbol
[ERROR]   symbol:   method fullPath(java.lang.String,java.lang.String)
[ERROR]   location: class org.apache.joshua.mira.MIRACore
[ERROR] /workspaces/CodeCureAgent/code_cure_agent/cca_workspace_2/joshua/src/main/java/org/apache/joshua/mira/MIRACore.java:[939,5] cannot find symbol
[ERROR]   symbol:   method println(java.lang.String)
[ERROR]   location: class org.apache.joshua.mira.MIRACore
[ERROR] /workspaces/CodeCureAgent/code_cure_agent/cca_workspace_2/joshua/src/main/java/org/apache/joshua/mira/MIRACore.java:[941,5] cannot find symbol
[ERROR]   symbol:   method checkFile(java.lang.String)
[ERROR]   location: class org.apache.joshua.mira.MIRACore
[ERROR] /workspaces/CodeCureAgent/code_cure_agent/cca_workspace_2/joshua/src/main/java/org/apache/joshua/mira/MIRACore.java:[942,5] cannot find symbol
[ERROR]   symbol:   method checkFile(java.lang.String)
[ERROR]   location: class org.apache.joshua.mira.MIRACore
[ERROR] /workspaces/CodeCureAgent/code_cure_agent/cca_workspace_2/joshua/src/main/java/org/apache/joshua/mira/MIRACore.java:[944,29] cannot find symbol
[ERROR]   symbol:   method fileExists(java.lang.String)
[ERROR]   location: class org.apache.joshua.mira.MIRACore
[ERROR] /workspaces/CodeCureAgent/code_cure_agent/cca_workspace_2/joshua/src/main/java/org/apache/joshua/mira/MIRACore.java:[948,9] cannot find symbol
[ERROR]   symbol:   method println(java.lang.String,int)
[ERROR]   location: class org.apache.joshua.mira.MIRACore
[ERROR] /workspaces/CodeCureAgent/code_cure_agent/cca_workspace_2/joshua/src/main/java/org/apache/joshua/mira/MIRACore.java:[951,28] cannot find symbol
[ERROR]   symbol:   method fileExists(java.lang.String)
[ERROR]   location: class org.apache.joshua.mira.MIRACore
[ERROR] /workspaces/CodeCureAgent/code_cure_agent/cca_workspace_2/joshua/src/main/java/org/apache/joshua/mira/MIRACore.java:[955,9] cannot find symbol
[ERROR]   symbol:   method println(java.lang.String,int)
[ERROR]   location: class org.apache.joshua.mira.MIRACore
[ERROR] /workspaces/CodeCureAgent/code_cure_agent/cca_workspace_2/joshua/src/main/java/org/apache/joshua/mira/MIRACore.java:[970,13] cannot find symbol
[ERROR]   symbol:   method fileExists(java.lang.String)
[ERROR]   location: class org.apache.joshua.mira.MIRACore
[ERROR] /workspaces/CodeCureAgent/code_cure_agent/cca_workspace_2/joshua/src/main/java/org/apache/joshua/mira/MIRACore.java:[982,11] cannot find symbol
[ERROR]   symbol:   method println(java.lang.String,int)
[ERROR]   location: class org.apache.joshua.mira.MIRACore
[ERROR] /workspaces/CodeCureAgent/code_cure_agent/cca_workspace_2/joshua/src/main/java/org/apache/joshua/mira/MIRACore.java:[992,23] cannot find symbol
[ERROR]   symbol:   method createUnifiedRefFile(java.lang.String,int)
[ERROR]   location: class org.apache.joshua.mira.MIRACore
[ERROR] /workspaces/CodeCureAgent/code_cure_agent/cca_workspace_2/joshua/src/main/java/org/apache/joshua/mira/MIRACore.java:[995,7] cannot find symbol
[ERROR]   symbol:   method checkFile(java.lang.String)
[ERROR]   location: class org.apache.joshua.mira.MIRACore
[ERROR] /workspaces/CodeCureAgent/code_cure_agent/cca_workspace_2/joshua/src/main/java/org/apache/joshua/mira/MIRACore.java:[999,7] cannot find symbol
[ERROR]   symbol:   method println(java.lang.String,int)
[ERROR]   location: class org.apache.joshua.mira.MIRACore
[ERROR] /workspaces/CodeCureAgent/code_cure_agent/cca_workspace_2/joshua/src/main/java/org/apache/joshua/mira/MIRACore.java:[1000,7] cannot find symbol
[ERROR]   symbol:   method print(java.lang.String,int)
[ERROR]   location: class org.apache.joshua.mira.MIRACore
[ERROR] /workspaces/CodeCureAgent/code_cure_agent/cca_workspace_2/joshua/src/main/java/org/apache/joshua/mira/MIRACore.java:[1002,9] cannot find symbol
[ERROR]   symbol:   method print(java.lang.String,int)
[ERROR]   location: class org.apache.joshua.mira.MIRACore
[ERROR] /workspaces/CodeCureAgent/code_cure_agent/cca_workspace_2/joshua/src/main/java/org/apache/joshua/mira/MIRACore.java:[1004,7] cannot find symbol
[ERROR]   symbol:   method println(java.lang.String,int)
[ERROR]   location: class org.apache.joshua.mira.MIRACore
[ERROR] /workspaces/CodeCureAgent/code_cure_agent/cca_workspace_2/joshua/src/main/java/org/apache/joshua/mira/MIRACore.java:[1005,7] cannot find symbol
[ERROR]   symbol:   method println(java.lang.String,int)
[ERROR]   location: class org.apache.joshua.mira.MIRACore
[ERROR] -> [Help 1]
[ERROR] 
[ERROR] To see the full stack trace of the errors, re-run Maven with the -e switch.
[ERROR] Re-run Maven using the -X switch to enable full debug logging.
[ERROR] 
[ERROR] For more information about the errors and possible solutions, please read the following articles:
[ERROR] [Help 1] http://cwiki.apache.org/confluence/display/MAVEN/MojoFailureException
