[INFO] Scanning for projects...
[INFO] Inspecting build with total of 1 modules...
[INFO] Installing Nexus Staging features:
[INFO]   ... total of 1 executions of maven-deploy-plugin replaced with nexus-staging-maven-plugin
[INFO] 
[INFO] ----------------< com.esri.geometry:esri-geometry-api >-----------------
[INFO] Building Esri Geometry API for Java 2.2.4
[INFO] --------------------------------[ jar ]---------------------------------
[INFO] 
[INFO] --- maven-clean-plugin:2.5:clean (default-clean) @ esri-geometry-api ---
[INFO] Deleting /workspaces/master-thesis-pascal-joos/code_cure_agent/cca_workspace/geometry-api-java/target
[INFO] 
[INFO] --- maven-resources-plugin:2.6:resources (default-resources) @ esri-geometry-api ---
[INFO] Using 'UTF-8' encoding to copy filtered resources.
[INFO] Copying 6 resources
[INFO] 
[INFO] --- maven-compiler-plugin:2.3.1:compile (default-compile) @ esri-geometry-api ---
[INFO] Compiling 262 source files to /workspaces/master-thesis-pascal-joos/code_cure_agent/cca_workspace/geometry-api-java/target/classes
[INFO] -------------------------------------------------------------
[WARNING] COMPILATION WARNING : 
[INFO] -------------------------------------------------------------
[WARNING] /workspaces/master-thesis-pascal-joos/code_cure_agent/cca_workspace/geometry-api-java/src/main/java/com/esri/core/geometry/SizeOf.java:[27,22] Unsafe is internal proprietary API and may be removed in a future release

[WARNING] /workspaces/master-thesis-pascal-joos/code_cure_agent/cca_workspace/geometry-api-java/src/main/java/com/esri/core/geometry/SizeOf.java:[28,22] Unsafe is internal proprietary API and may be removed in a future release

[WARNING] /workspaces/master-thesis-pascal-joos/code_cure_agent/cca_workspace/geometry-api-java/src/main/java/com/esri/core/geometry/SizeOf.java:[29,22] Unsafe is internal proprietary API and may be removed in a future release

[WARNING] /workspaces/master-thesis-pascal-joos/code_cure_agent/cca_workspace/geometry-api-java/src/main/java/com/esri/core/geometry/SizeOf.java:[30,22] Unsafe is internal proprietary API and may be removed in a future release

[WARNING] /workspaces/master-thesis-pascal-joos/code_cure_agent/cca_workspace/geometry-api-java/src/main/java/com/esri/core/geometry/SizeOf.java:[31,22] Unsafe is internal proprietary API and may be removed in a future release

[WARNING] /workspaces/master-thesis-pascal-joos/code_cure_agent/cca_workspace/geometry-api-java/src/main/java/com/esri/core/geometry/SizeOf.java:[32,22] Unsafe is internal proprietary API and may be removed in a future release

[WARNING] /workspaces/master-thesis-pascal-joos/code_cure_agent/cca_workspace/geometry-api-java/src/main/java/com/esri/core/geometry/SizeOf.java:[33,22] Unsafe is internal proprietary API and may be removed in a future release

[WARNING] /workspaces/master-thesis-pascal-joos/code_cure_agent/cca_workspace/geometry-api-java/src/main/java/com/esri/core/geometry/SizeOf.java:[34,22] Unsafe is internal proprietary API and may be removed in a future release

[WARNING] /workspaces/master-thesis-pascal-joos/code_cure_agent/cca_workspace/geometry-api-java/src/main/java/com/esri/core/geometry/SizeOf.java:[35,22] Unsafe is internal proprietary API and may be removed in a future release

[WARNING] /workspaces/master-thesis-pascal-joos/code_cure_agent/cca_workspace/geometry-api-java/src/main/java/com/esri/core/geometry/SizeOf.java:[36,22] Unsafe is internal proprietary API and may be removed in a future release

[WARNING] /workspaces/master-thesis-pascal-joos/code_cure_agent/cca_workspace/geometry-api-java/src/main/java/com/esri/core/geometry/SizeOf.java:[37,22] Unsafe is internal proprietary API and may be removed in a future release

[WARNING] /workspaces/master-thesis-pascal-joos/code_cure_agent/cca_workspace/geometry-api-java/src/main/java/com/esri/core/geometry/SizeOf.java:[38,22] Unsafe is internal proprietary API and may be removed in a future release

[WARNING] /workspaces/master-thesis-pascal-joos/code_cure_agent/cca_workspace/geometry-api-java/src/main/java/com/esri/core/geometry/SizeOf.java:[39,22] Unsafe is internal proprietary API and may be removed in a future release

[WARNING] /workspaces/master-thesis-pascal-joos/code_cure_agent/cca_workspace/geometry-api-java/src/main/java/com/esri/core/geometry/SizeOf.java:[40,22] Unsafe is internal proprietary API and may be removed in a future release

[WARNING] /workspaces/master-thesis-pascal-joos/code_cure_agent/cca_workspace/geometry-api-java/src/main/java/com/esri/core/geometry/SizeOf.java:[41,22] Unsafe is internal proprietary API and may be removed in a future release

[WARNING] /workspaces/master-thesis-pascal-joos/code_cure_agent/cca_workspace/geometry-api-java/src/main/java/com/esri/core/geometry/SizeOf.java:[42,22] Unsafe is internal proprietary API and may be removed in a future release

[INFO] 16 warnings 
[INFO] -------------------------------------------------------------
[INFO] -------------------------------------------------------------
[ERROR] COMPILATION ERROR : 
[INFO] -------------------------------------------------------------
[ERROR] /workspaces/master-thesis-pascal-joos/code_cure_agent/cca_workspace/geometry-api-java/src/main/java/com/esri/core/geometry/Bufferer.java:[547,28] error: cannot find symbol

[ERROR]  class Bufferer
/workspaces/master-thesis-pascal-joos/code_cure_agent/cca_workspace/geometry-api-java/src/main/java/com/esri/core/geometry/Bufferer.java:[549,26] error: cannot find symbol

[ERROR]  class Bufferer
/workspaces/master-thesis-pascal-joos/code_cure_agent/cca_workspace/geometry-api-java/src/main/java/com/esri/core/geometry/Bufferer.java:[551,3] error: cannot find symbol

[ERROR]  class Bufferer
/workspaces/master-thesis-pascal-joos/code_cure_agent/cca_workspace/geometry-api-java/src/main/java/com/esri/core/geometry/Bufferer.java:[556,10] error: cannot find symbol

[ERROR]  class Bufferer
/workspaces/master-thesis-pascal-joos/code_cure_agent/cca_workspace/geometry-api-java/src/main/java/com/esri/core/geometry/Bufferer.java:[557,28] error: cannot find symbol

[ERROR]  class Bufferer
/workspaces/master-thesis-pascal-joos/code_cure_agent/cca_workspace/geometry-api-java/src/main/java/com/esri/core/geometry/Bufferer.java:[557,40] error: cannot find symbol

[ERROR]  class Bufferer
/workspaces/master-thesis-pascal-joos/code_cure_agent/cca_workspace/geometry-api-java/src/main/java/com/esri/core/geometry/Bufferer.java:[561,88] error: cannot find symbol

[ERROR]  class Bufferer
/workspaces/master-thesis-pascal-joos/code_cure_agent/cca_workspace/geometry-api-java/src/main/java/com/esri/core/geometry/Bufferer.java:[561,118] error: cannot find symbol

[ERROR]  class Bufferer
/workspaces/master-thesis-pascal-joos/code_cure_agent/cca_workspace/geometry-api-java/src/main/java/com/esri/core/geometry/Bufferer.java:[562,99] error: cannot find symbol

[ERROR]  class Bufferer
/workspaces/master-thesis-pascal-joos/code_cure_agent/cca_workspace/geometry-api-java/src/main/java/com/esri/core/geometry/Bufferer.java:[564,91] error: cannot find symbol

[ERROR]  class Bufferer
/workspaces/master-thesis-pascal-joos/code_cure_agent/cca_workspace/geometry-api-java/src/main/java/com/esri/core/geometry/Bufferer.java:[565,85] error: cannot find symbol

[ERROR]  class Bufferer
/workspaces/master-thesis-pascal-joos/code_cure_agent/cca_workspace/geometry-api-java/src/main/java/com/esri/core/geometry/Bufferer.java:[565,105] error: cannot find symbol

[ERROR]  class Bufferer
/workspaces/master-thesis-pascal-joos/code_cure_agent/cca_workspace/geometry-api-java/src/main/java/com/esri/core/geometry/Bufferer.java:[571,6] error: cannot find symbol

[ERROR]  class Bufferer
/workspaces/master-thesis-pascal-joos/code_cure_agent/cca_workspace/geometry-api-java/src/main/java/com/esri/core/geometry/Bufferer.java:[572,10] error: cannot find symbol

[ERROR]  class Bufferer
/workspaces/master-thesis-pascal-joos/code_cure_agent/cca_workspace/geometry-api-java/src/main/java/com/esri/core/geometry/Bufferer.java:[578,2] error: cannot find symbol

[ERROR]  class Bufferer
/workspaces/master-thesis-pascal-joos/code_cure_agent/cca_workspace/geometry-api-java/src/main/java/com/esri/core/geometry/Bufferer.java:[578,32] error: cannot find symbol

[ERROR]  class Bufferer
/workspaces/master-thesis-pascal-joos/code_cure_agent/cca_workspace/geometry-api-java/src/main/java/com/esri/core/geometry/Bufferer.java:[579,4] error: cannot find symbol

[ERROR]  class Bufferer
/workspaces/master-thesis-pascal-joos/code_cure_agent/cca_workspace/geometry-api-java/src/main/java/com/esri/core/geometry/Bufferer.java:[580,5] error: cannot find symbol

[ERROR]  class Bufferer
/workspaces/master-thesis-pascal-joos/code_cure_agent/cca_workspace/geometry-api-java/src/main/java/com/esri/core/geometry/Bufferer.java:[581,10] error: cannot find symbol

[ERROR]  class Bufferer
/workspaces/master-thesis-pascal-joos/code_cure_agent/cca_workspace/geometry-api-java/src/main/java/com/esri/core/geometry/Bufferer.java:[584,6] error: cannot find symbol

[ERROR]  class Bufferer
/workspaces/master-thesis-pascal-joos/code_cure_agent/cca_workspace/geometry-api-java/src/main/java/com/esri/core/geometry/Bufferer.java:[585,29] error: cannot find symbol

[ERROR]  class Bufferer
/workspaces/master-thesis-pascal-joos/code_cure_agent/cca_workspace/geometry-api-java/src/main/java/com/esri/core/geometry/Bufferer.java:[585,28] error: illegal parenthesized expression

[ERROR] /workspaces/master-thesis-pascal-joos/code_cure_agent/cca_workspace/geometry-api-java/src/main/java/com/esri/core/geometry/Bufferer.java:[588,44] error: cannot find symbol

[ERROR]  class Bufferer
/workspaces/master-thesis-pascal-joos/code_cure_agent/cca_workspace/geometry-api-java/src/main/java/com/esri/core/geometry/Bufferer.java:[589,5] error: cannot find symbol

[ERROR]  class Bufferer
/workspaces/master-thesis-pascal-joos/code_cure_agent/cca_workspace/geometry-api-java/src/main/java/com/esri/core/geometry/Bufferer.java:[591,29] error: cannot find symbol

[ERROR]  class Bufferer
/workspaces/master-thesis-pascal-joos/code_cure_agent/cca_workspace/geometry-api-java/src/main/java/com/esri/core/geometry/Bufferer.java:[593,27] error: cannot find symbol

[ERROR]  class Bufferer
/workspaces/master-thesis-pascal-joos/code_cure_agent/cca_workspace/geometry-api-java/src/main/java/com/esri/core/geometry/Bufferer.java:[595,4] error: cannot find symbol

[ERROR]  class Bufferer
/workspaces/master-thesis-pascal-joos/code_cure_agent/cca_workspace/geometry-api-java/src/main/java/com/esri/core/geometry/Bufferer.java:[605,13] error: cannot find symbol

[ERROR]  class Bufferer
/workspaces/master-thesis-pascal-joos/code_cure_agent/cca_workspace/geometry-api-java/src/main/java/com/esri/core/geometry/Bufferer.java:[605,33] error: cannot find symbol

[ERROR]  class Bufferer
/workspaces/master-thesis-pascal-joos/code_cure_agent/cca_workspace/geometry-api-java/src/main/java/com/esri/core/geometry/Bufferer.java:[611,23] error: cannot find symbol

[ERROR]  class Bufferer
/workspaces/master-thesis-pascal-joos/code_cure_agent/cca_workspace/geometry-api-java/src/main/java/com/esri/core/geometry/Bufferer.java:[629,7] error: cannot find symbol

[ERROR]  class Bufferer
/workspaces/master-thesis-pascal-joos/code_cure_agent/cca_workspace/geometry-api-java/src/main/java/com/esri/core/geometry/Bufferer.java:[655,19] error: cannot find symbol

[ERROR]  class Bufferer
/workspaces/master-thesis-pascal-joos/code_cure_agent/cca_workspace/geometry-api-java/src/main/java/com/esri/core/geometry/Bufferer.java:[655,18] error: illegal parenthesized expression

[ERROR] /workspaces/master-thesis-pascal-joos/code_cure_agent/cca_workspace/geometry-api-java/src/main/java/com/esri/core/geometry/Bufferer.java:[656,8] error: cannot find symbol

[ERROR]  class Bufferer
/workspaces/master-thesis-pascal-joos/code_cure_agent/cca_workspace/geometry-api-java/src/main/java/com/esri/core/geometry/Bufferer.java:[658,29] error: cannot find symbol

[ERROR]  class Bufferer
/workspaces/master-thesis-pascal-joos/code_cure_agent/cca_workspace/geometry-api-java/src/main/java/com/esri/core/geometry/Bufferer.java:[670,28] error: cannot find symbol

[ERROR]  class Bufferer
/workspaces/master-thesis-pascal-joos/code_cure_agent/cca_workspace/geometry-api-java/src/main/java/com/esri/core/geometry/Bufferer.java:[670,47] error: cannot find symbol

[ERROR]  class Bufferer
/workspaces/master-thesis-pascal-joos/code_cure_agent/cca_workspace/geometry-api-java/src/main/java/com/esri/core/geometry/Bufferer.java:[671,30] error: cannot find symbol

[ERROR]  class Bufferer
/workspaces/master-thesis-pascal-joos/code_cure_agent/cca_workspace/geometry-api-java/src/main/java/com/esri/core/geometry/Bufferer.java:[671,49] error: cannot find symbol

[ERROR]  class Bufferer
/workspaces/master-thesis-pascal-joos/code_cure_agent/cca_workspace/geometry-api-java/src/main/java/com/esri/core/geometry/Bufferer.java:[682,23] error: cannot find symbol

[ERROR]  class Bufferer
/workspaces/master-thesis-pascal-joos/code_cure_agent/cca_workspace/geometry-api-java/src/main/java/com/esri/core/geometry/Bufferer.java:[686,18] error: cannot find symbol

[ERROR]  class Bufferer
/workspaces/master-thesis-pascal-joos/code_cure_agent/cca_workspace/geometry-api-java/src/main/java/com/esri/core/geometry/Bufferer.java:[686,34] error: cannot find symbol

[ERROR]  class Bufferer
/workspaces/master-thesis-pascal-joos/code_cure_agent/cca_workspace/geometry-api-java/src/main/java/com/esri/core/geometry/Bufferer.java:[699,28] error: cannot find symbol

[ERROR]  class Bufferer
/workspaces/master-thesis-pascal-joos/code_cure_agent/cca_workspace/geometry-api-java/src/main/java/com/esri/core/geometry/Bufferer.java:[699,47] error: cannot find symbol

[ERROR]  class Bufferer
/workspaces/master-thesis-pascal-joos/code_cure_agent/cca_workspace/geometry-api-java/src/main/java/com/esri/core/geometry/Bufferer.java:[700,30] error: cannot find symbol

[ERROR]  class Bufferer
/workspaces/master-thesis-pascal-joos/code_cure_agent/cca_workspace/geometry-api-java/src/main/java/com/esri/core/geometry/Bufferer.java:[700,49] error: cannot find symbol

[ERROR]  class Bufferer
/workspaces/master-thesis-pascal-joos/code_cure_agent/cca_workspace/geometry-api-java/src/main/java/com/esri/core/geometry/Bufferer.java:[711,23] error: cannot find symbol

[ERROR]  class Bufferer
/workspaces/master-thesis-pascal-joos/code_cure_agent/cca_workspace/geometry-api-java/src/main/java/com/esri/core/geometry/Bufferer.java:[725,18] error: cannot find symbol

[ERROR]  class Bufferer
/workspaces/master-thesis-pascal-joos/code_cure_agent/cca_workspace/geometry-api-java/src/main/java/com/esri/core/geometry/Bufferer.java:[725,34] error: cannot find symbol

[ERROR]  class Bufferer
/workspaces/master-thesis-pascal-joos/code_cure_agent/cca_workspace/geometry-api-java/src/main/java/com/esri/core/geometry/Bufferer.java:[748,23] error: cannot find symbol

[ERROR]  class Bufferer
/workspaces/master-thesis-pascal-joos/code_cure_agent/cca_workspace/geometry-api-java/src/main/java/com/esri/core/geometry/Bufferer.java:[775,6] error: cannot find symbol

[ERROR]  class Bufferer
/workspaces/master-thesis-pascal-joos/code_cure_agent/cca_workspace/geometry-api-java/src/main/java/com/esri/core/geometry/Bufferer.java:[793,20] error: cannot find symbol

[ERROR]  class Bufferer
/workspaces/master-thesis-pascal-joos/code_cure_agent/cca_workspace/geometry-api-java/src/main/java/com/esri/core/geometry/Bufferer.java:[793,36] error: cannot find symbol

[ERROR]  class Bufferer
/workspaces/master-thesis-pascal-joos/code_cure_agent/cca_workspace/geometry-api-java/src/main/java/com/esri/core/geometry/Bufferer.java:[812,31] error: cannot find symbol

[ERROR]  class Bufferer
/workspaces/master-thesis-pascal-joos/code_cure_agent/cca_workspace/geometry-api-java/src/main/java/com/esri/core/geometry/Bufferer.java:[812,30] error: illegal parenthesized expression

[ERROR] /workspaces/master-thesis-pascal-joos/code_cure_agent/cca_workspace/geometry-api-java/src/main/java/com/esri/core/geometry/Bufferer.java:[816,10] error: cannot find symbol

[ERROR]  class Bufferer
/workspaces/master-thesis-pascal-joos/code_cure_agent/cca_workspace/geometry-api-java/src/main/java/com/esri/core/geometry/Bufferer.java:[823,10] error: cannot find symbol

[ERROR]  class Bufferer
/workspaces/master-thesis-pascal-joos/code_cure_agent/cca_workspace/geometry-api-java/src/main/java/com/esri/core/geometry/Bufferer.java:[825,18] error: cannot find symbol

[ERROR]  class Bufferer
/workspaces/master-thesis-pascal-joos/code_cure_agent/cca_workspace/geometry-api-java/src/main/java/com/esri/core/geometry/Bufferer.java:[825,17] error: illegal parenthesized expression

[ERROR] /workspaces/master-thesis-pascal-joos/code_cure_agent/cca_workspace/geometry-api-java/src/main/java/com/esri/core/geometry/Bufferer.java:[825,31] error: cannot find symbol

[ERROR]  class Bufferer
/workspaces/master-thesis-pascal-joos/code_cure_agent/cca_workspace/geometry-api-java/src/main/java/com/esri/core/geometry/Bufferer.java:[825,43] error: cannot find symbol

[ERROR]  class Bufferer
/workspaces/master-thesis-pascal-joos/code_cure_agent/cca_workspace/geometry-api-java/src/main/java/com/esri/core/geometry/Bufferer.java:[826,4] error: cannot find symbol

[ERROR]  class Bufferer
/workspaces/master-thesis-pascal-joos/code_cure_agent/cca_workspace/geometry-api-java/src/main/java/com/esri/core/geometry/Bufferer.java:[826,20] error: cannot find symbol

[ERROR]  class Bufferer
/workspaces/master-thesis-pascal-joos/code_cure_agent/cca_workspace/geometry-api-java/src/main/java/com/esri/core/geometry/Bufferer.java:[827,4] error: cannot find symbol

[ERROR]  class Bufferer
/workspaces/master-thesis-pascal-joos/code_cure_agent/cca_workspace/geometry-api-java/src/main/java/com/esri/core/geometry/Bufferer.java:[830,4] error: cannot find symbol

[ERROR]  class Bufferer
/workspaces/master-thesis-pascal-joos/code_cure_agent/cca_workspace/geometry-api-java/src/main/java/com/esri/core/geometry/Bufferer.java:[830,24] error: cannot find symbol

[ERROR]  class Bufferer
/workspaces/master-thesis-pascal-joos/code_cure_agent/cca_workspace/geometry-api-java/src/main/java/com/esri/core/geometry/Bufferer.java:[835,32] error: cannot find symbol

[ERROR]  class Bufferer
/workspaces/master-thesis-pascal-joos/code_cure_agent/cca_workspace/geometry-api-java/src/main/java/com/esri/core/geometry/Bufferer.java:[836,6] error: cannot find symbol

[ERROR]  class Bufferer
/workspaces/master-thesis-pascal-joos/code_cure_agent/cca_workspace/geometry-api-java/src/main/java/com/esri/core/geometry/Bufferer.java:[837,7] error: cannot find symbol

[ERROR]  class Bufferer
/workspaces/master-thesis-pascal-joos/code_cure_agent/cca_workspace/geometry-api-java/src/main/java/com/esri/core/geometry/Bufferer.java:[838,36] error: cannot find symbol

[ERROR]  class Bufferer
/workspaces/master-thesis-pascal-joos/code_cure_agent/cca_workspace/geometry-api-java/src/main/java/com/esri/core/geometry/Bufferer.java:[838,35] error: illegal parenthesized expression

[ERROR] /workspaces/master-thesis-pascal-joos/code_cure_agent/cca_workspace/geometry-api-java/src/main/java/com/esri/core/geometry/Bufferer.java:[841,4] error: cannot find symbol

[ERROR]  class Bufferer
/workspaces/master-thesis-pascal-joos/code_cure_agent/cca_workspace/geometry-api-java/src/main/java/com/esri/core/geometry/Bufferer.java:[842,16] error: cannot find symbol

[ERROR]  class Bufferer
/workspaces/master-thesis-pascal-joos/code_cure_agent/cca_workspace/geometry-api-java/src/main/java/com/esri/core/geometry/Bufferer.java:[842,28] error: cannot find symbol

[ERROR]  class Bufferer
/workspaces/master-thesis-pascal-joos/code_cure_agent/cca_workspace/geometry-api-java/src/main/java/com/esri/core/geometry/Bufferer.java:[850,34] error: cannot find symbol

[ERROR]  class Bufferer
/workspaces/master-thesis-pascal-joos/code_cure_agent/cca_workspace/geometry-api-java/src/main/java/com/esri/core/geometry/Bufferer.java:[850,33] error: illegal parenthesized expression

[ERROR] /workspaces/master-thesis-pascal-joos/code_cure_agent/cca_workspace/geometry-api-java/src/main/java/com/esri/core/geometry/Bufferer.java:[851,2] error: cannot find symbol

[ERROR]  class Bufferer
/workspaces/master-thesis-pascal-joos/code_cure_agent/cca_workspace/geometry-api-java/src/main/java/com/esri/core/geometry/Bufferer.java:[882,13] error: cannot find symbol

[ERROR]  class Bufferer
/workspaces/master-thesis-pascal-joos/code_cure_agent/cca_workspace/geometry-api-java/src/main/java/com/esri/core/geometry/Bufferer.java:[899,13] error: cannot find symbol

[ERROR]  class Bufferer
/workspaces/master-thesis-pascal-joos/code_cure_agent/cca_workspace/geometry-api-java/src/main/java/com/esri/core/geometry/Bufferer.java:[910,10] error: cannot find symbol

[ERROR]  class Bufferer
/workspaces/master-thesis-pascal-joos/code_cure_agent/cca_workspace/geometry-api-java/src/main/java/com/esri/core/geometry/Bufferer.java:[919,43] error: cannot find symbol

[ERROR]  class Bufferer
/workspaces/master-thesis-pascal-joos/code_cure_agent/cca_workspace/geometry-api-java/src/main/java/com/esri/core/geometry/Bufferer.java:[963,2] error: cannot find symbol

[ERROR]  class Bufferer
/workspaces/master-thesis-pascal-joos/code_cure_agent/cca_workspace/geometry-api-java/src/main/java/com/esri/core/geometry/Bufferer.java:[964,6] error: cannot find symbol

[ERROR]  class Bufferer
/workspaces/master-thesis-pascal-joos/code_cure_agent/cca_workspace/geometry-api-java/src/main/java/com/esri/core/geometry/Bufferer.java:[965,8] error: cannot find symbol

[ERROR]  class Bufferer
/workspaces/master-thesis-pascal-joos/code_cure_agent/cca_workspace/geometry-api-java/src/main/java/com/esri/core/geometry/Bufferer.java:[966,10] error: cannot find symbol

[ERROR]  class Bufferer
/workspaces/master-thesis-pascal-joos/code_cure_agent/cca_workspace/geometry-api-java/src/main/java/com/esri/core/geometry/Bufferer.java:[972,33] error: cannot find symbol

[ERROR]  class Bufferer
/workspaces/master-thesis-pascal-joos/code_cure_agent/cca_workspace/geometry-api-java/src/main/java/com/esri/core/geometry/Bufferer.java:[972,47] error: cannot find symbol

[ERROR]  class Bufferer
/workspaces/master-thesis-pascal-joos/code_cure_agent/cca_workspace/geometry-api-java/src/main/java/com/esri/core/geometry/Bufferer.java:[975,6] error: cannot find symbol

[ERROR]  class Bufferer
/workspaces/master-thesis-pascal-joos/code_cure_agent/cca_workspace/geometry-api-java/src/main/java/com/esri/core/geometry/Bufferer.java:[983,6] error: cannot find symbol

[ERROR]  class Bufferer
/workspaces/master-thesis-pascal-joos/code_cure_agent/cca_workspace/geometry-api-java/src/main/java/com/esri/core/geometry/Bufferer.java:[984,10] error: cannot find symbol

[ERROR]  class Bufferer
/workspaces/master-thesis-pascal-joos/code_cure_agent/cca_workspace/geometry-api-java/src/main/java/com/esri/core/geometry/Bufferer.java:[986,13] error: cannot find symbol

[ERROR]  class Bufferer
/workspaces/master-thesis-pascal-joos/code_cure_agent/cca_workspace/geometry-api-java/src/main/java/com/esri/core/geometry/Bufferer.java:[986,39] error: cannot find symbol

[ERROR]  class Bufferer
/workspaces/master-thesis-pascal-joos/code_cure_agent/cca_workspace/geometry-api-java/src/main/java/com/esri/core/geometry/Bufferer.java:[996,15] error: cannot find symbol

[ERROR]  class Bufferer
/workspaces/master-thesis-pascal-joos/code_cure_agent/cca_workspace/geometry-api-java/src/main/java/com/esri/core/geometry/Bufferer.java:[997,7] error: cannot find symbol

[ERROR]  class Bufferer
/workspaces/master-thesis-pascal-joos/code_cure_agent/cca_workspace/geometry-api-java/src/main/java/com/esri/core/geometry/Bufferer.java:[1008,12] error: cannot find symbol

[ERROR]  class Bufferer
/workspaces/master-thesis-pascal-joos/code_cure_agent/cca_workspace/geometry-api-java/src/main/java/com/esri/core/geometry/Bufferer.java:[1011,12] error: cannot find symbol

[ERROR]  class Bufferer
/workspaces/master-thesis-pascal-joos/code_cure_agent/cca_workspace/geometry-api-java/src/main/java/com/esri/core/geometry/Bufferer.java:[1013,36] error: cannot find symbol

[ERROR]  class Bufferer
/workspaces/master-thesis-pascal-joos/code_cure_agent/cca_workspace/geometry-api-java/src/main/java/com/esri/core/geometry/Bufferer.java:[1015,26] error: cannot find symbol

[ERROR]  class Bufferer
/workspaces/master-thesis-pascal-joos/code_cure_agent/cca_workspace/geometry-api-java/src/main/java/com/esri/core/geometry/Bufferer.java:[1017,25] error: cannot find symbol

[ERROR]  class Bufferer
/workspaces/master-thesis-pascal-joos/code_cure_agent/cca_workspace/geometry-api-java/src/main/java/com/esri/core/geometry/Bufferer.java:[1020,32] error: cannot find symbol

[INFO] 100 errors 
[INFO] -------------------------------------------------------------
[INFO] ------------------------------------------------------------------------
[INFO] BUILD FAILURE
[INFO] ------------------------------------------------------------------------
[INFO] Total time:  3.486 s
[INFO] Finished at: 2025-08-30T01:00:50Z
[INFO] ------------------------------------------------------------------------
[ERROR] Failed to execute goal org.apache.maven.plugins:maven-compiler-plugin:2.3.1:compile (default-compile) on project esri-geometry-api: Compilation failure: Compilation failure: 
[ERROR] /workspaces/master-thesis-pascal-joos/code_cure_agent/cca_workspace/geometry-api-java/src/main/java/com/esri/core/geometry/Bufferer.java:[547,28] error: cannot find symbol
[ERROR] 
[ERROR]  class Bufferer
[ERROR] /workspaces/master-thesis-pascal-joos/code_cure_agent/cca_workspace/geometry-api-java/src/main/java/com/esri/core/geometry/Bufferer.java:[549,26] error: cannot find symbol
[ERROR] 
[ERROR]  class Bufferer
[ERROR] /workspaces/master-thesis-pascal-joos/code_cure_agent/cca_workspace/geometry-api-java/src/main/java/com/esri/core/geometry/Bufferer.java:[551,3] error: cannot find symbol
[ERROR] 
[ERROR]  class Bufferer
[ERROR] /workspaces/master-thesis-pascal-joos/code_cure_agent/cca_workspace/geometry-api-java/src/main/java/com/esri/core/geometry/Bufferer.java:[556,10] error: cannot find symbol
[ERROR] 
[ERROR]  class Bufferer
[ERROR] /workspaces/master-thesis-pascal-joos/code_cure_agent/cca_workspace/geometry-api-java/src/main/java/com/esri/core/geometry/Bufferer.java:[557,28] error: cannot find symbol
[ERROR] 
[ERROR]  class Bufferer
[ERROR] /workspaces/master-thesis-pascal-joos/code_cure_agent/cca_workspace/geometry-api-java/src/main/java/com/esri/core/geometry/Bufferer.java:[557,40] error: cannot find symbol
[ERROR] 
[ERROR]  class Bufferer
[ERROR] /workspaces/master-thesis-pascal-joos/code_cure_agent/cca_workspace/geometry-api-java/src/main/java/com/esri/core/geometry/Bufferer.java:[561,88] error: cannot find symbol
[ERROR] 
[ERROR]  class Bufferer
[ERROR] /workspaces/master-thesis-pascal-joos/code_cure_agent/cca_workspace/geometry-api-java/src/main/java/com/esri/core/geometry/Bufferer.java:[561,118] error: cannot find symbol
[ERROR] 
[ERROR]  class Bufferer
[ERROR] /workspaces/master-thesis-pascal-joos/code_cure_agent/cca_workspace/geometry-api-java/src/main/java/com/esri/core/geometry/Bufferer.java:[562,99] error: cannot find symbol
[ERROR] 
[ERROR]  class Bufferer
[ERROR] /workspaces/master-thesis-pascal-joos/code_cure_agent/cca_workspace/geometry-api-java/src/main/java/com/esri/core/geometry/Bufferer.java:[564,91] error: cannot find symbol
[ERROR] 
[ERROR]  class Bufferer
[ERROR] /workspaces/master-thesis-pascal-joos/code_cure_agent/cca_workspace/geometry-api-java/src/main/java/com/esri/core/geometry/Bufferer.java:[565,85] error: cannot find symbol
[ERROR] 
[ERROR]  class Bufferer
[ERROR] /workspaces/master-thesis-pascal-joos/code_cure_agent/cca_workspace/geometry-api-java/src/main/java/com/esri/core/geometry/Bufferer.java:[565,105] error: cannot find symbol
[ERROR] 
[ERROR]  class Bufferer
[ERROR] /workspaces/master-thesis-pascal-joos/code_cure_agent/cca_workspace/geometry-api-java/src/main/java/com/esri/core/geometry/Bufferer.java:[571,6] error: cannot find symbol
[ERROR] 
[ERROR]  class Bufferer
[ERROR] /workspaces/master-thesis-pascal-joos/code_cure_agent/cca_workspace/geometry-api-java/src/main/java/com/esri/core/geometry/Bufferer.java:[572,10] error: cannot find symbol
[ERROR] 
[ERROR]  class Bufferer
[ERROR] /workspaces/master-thesis-pascal-joos/code_cure_agent/cca_workspace/geometry-api-java/src/main/java/com/esri/core/geometry/Bufferer.java:[578,2] error: cannot find symbol
[ERROR] 
[ERROR]  class Bufferer
[ERROR] /workspaces/master-thesis-pascal-joos/code_cure_agent/cca_workspace/geometry-api-java/src/main/java/com/esri/core/geometry/Bufferer.java:[578,32] error: cannot find symbol
[ERROR] 
[ERROR]  class Bufferer
[ERROR] /workspaces/master-thesis-pascal-joos/code_cure_agent/cca_workspace/geometry-api-java/src/main/java/com/esri/core/geometry/Bufferer.java:[579,4] error: cannot find symbol
[ERROR] 
[ERROR]  class Bufferer
[ERROR] /workspaces/master-thesis-pascal-joos/code_cure_agent/cca_workspace/geometry-api-java/src/main/java/com/esri/core/geometry/Bufferer.java:[580,5] error: cannot find symbol
[ERROR] 
[ERROR]  class Bufferer
[ERROR] /workspaces/master-thesis-pascal-joos/code_cure_agent/cca_workspace/geometry-api-java/src/main/java/com/esri/core/geometry/Bufferer.java:[581,10] error: cannot find symbol
[ERROR] 
[ERROR]  class Bufferer
[ERROR] /workspaces/master-thesis-pascal-joos/code_cure_agent/cca_workspace/geometry-api-java/src/main/java/com/esri/core/geometry/Bufferer.java:[584,6] error: cannot find symbol
[ERROR] 
[ERROR]  class Bufferer
[ERROR] /workspaces/master-thesis-pascal-joos/code_cure_agent/cca_workspace/geometry-api-java/src/main/java/com/esri/core/geometry/Bufferer.java:[585,29] error: cannot find symbol
[ERROR] 
[ERROR]  class Bufferer
[ERROR] /workspaces/master-thesis-pascal-joos/code_cure_agent/cca_workspace/geometry-api-java/src/main/java/com/esri/core/geometry/Bufferer.java:[585,28] error: illegal parenthesized expression
[ERROR] 
[ERROR] /workspaces/master-thesis-pascal-joos/code_cure_agent/cca_workspace/geometry-api-java/src/main/java/com/esri/core/geometry/Bufferer.java:[588,44] error: cannot find symbol
[ERROR] 
[ERROR]  class Bufferer
[ERROR] /workspaces/master-thesis-pascal-joos/code_cure_agent/cca_workspace/geometry-api-java/src/main/java/com/esri/core/geometry/Bufferer.java:[589,5] error: cannot find symbol
[ERROR] 
[ERROR]  class Bufferer
[ERROR] /workspaces/master-thesis-pascal-joos/code_cure_agent/cca_workspace/geometry-api-java/src/main/java/com/esri/core/geometry/Bufferer.java:[591,29] error: cannot find symbol
[ERROR] 
[ERROR]  class Bufferer
[ERROR] /workspaces/master-thesis-pascal-joos/code_cure_agent/cca_workspace/geometry-api-java/src/main/java/com/esri/core/geometry/Bufferer.java:[593,27] error: cannot find symbol
[ERROR] 
[ERROR]  class Bufferer
[ERROR] /workspaces/master-thesis-pascal-joos/code_cure_agent/cca_workspace/geometry-api-java/src/main/java/com/esri/core/geometry/Bufferer.java:[595,4] error: cannot find symbol
[ERROR] 
[ERROR]  class Bufferer
[ERROR] /workspaces/master-thesis-pascal-joos/code_cure_agent/cca_workspace/geometry-api-java/src/main/java/com/esri/core/geometry/Bufferer.java:[605,13] error: cannot find symbol
[ERROR] 
[ERROR]  class Bufferer
[ERROR] /workspaces/master-thesis-pascal-joos/code_cure_agent/cca_workspace/geometry-api-java/src/main/java/com/esri/core/geometry/Bufferer.java:[605,33] error: cannot find symbol
[ERROR] 
[ERROR]  class Bufferer
[ERROR] /workspaces/master-thesis-pascal-joos/code_cure_agent/cca_workspace/geometry-api-java/src/main/java/com/esri/core/geometry/Bufferer.java:[611,23] error: cannot find symbol
[ERROR] 
[ERROR]  class Bufferer
[ERROR] /workspaces/master-thesis-pascal-joos/code_cure_agent/cca_workspace/geometry-api-java/src/main/java/com/esri/core/geometry/Bufferer.java:[629,7] error: cannot find symbol
[ERROR] 
[ERROR]  class Bufferer
[ERROR] /workspaces/master-thesis-pascal-joos/code_cure_agent/cca_workspace/geometry-api-java/src/main/java/com/esri/core/geometry/Bufferer.java:[655,19] error: cannot find symbol
[ERROR] 
[ERROR]  class Bufferer
[ERROR] /workspaces/master-thesis-pascal-joos/code_cure_agent/cca_workspace/geometry-api-java/src/main/java/com/esri/core/geometry/Bufferer.java:[655,18] error: illegal parenthesized expression
[ERROR] 
[ERROR] /workspaces/master-thesis-pascal-joos/code_cure_agent/cca_workspace/geometry-api-java/src/main/java/com/esri/core/geometry/Bufferer.java:[656,8] error: cannot find symbol
[ERROR] 
[ERROR]  class Bufferer
[ERROR] /workspaces/master-thesis-pascal-joos/code_cure_agent/cca_workspace/geometry-api-java/src/main/java/com/esri/core/geometry/Bufferer.java:[658,29] error: cannot find symbol
[ERROR] 
[ERROR]  class Bufferer
[ERROR] /workspaces/master-thesis-pascal-joos/code_cure_agent/cca_workspace/geometry-api-java/src/main/java/com/esri/core/geometry/Bufferer.java:[670,28] error: cannot find symbol
[ERROR] 
[ERROR]  class Bufferer
[ERROR] /workspaces/master-thesis-pascal-joos/code_cure_agent/cca_workspace/geometry-api-java/src/main/java/com/esri/core/geometry/Bufferer.java:[670,47] error: cannot find symbol
[ERROR] 
[ERROR]  class Bufferer
[ERROR] /workspaces/master-thesis-pascal-joos/code_cure_agent/cca_workspace/geometry-api-java/src/main/java/com/esri/core/geometry/Bufferer.java:[671,30] error: cannot find symbol
[ERROR] 
[ERROR]  class Bufferer
[ERROR] /workspaces/master-thesis-pascal-joos/code_cure_agent/cca_workspace/geometry-api-java/src/main/java/com/esri/core/geometry/Bufferer.java:[671,49] error: cannot find symbol
[ERROR] 
[ERROR]  class Bufferer
[ERROR] /workspaces/master-thesis-pascal-joos/code_cure_agent/cca_workspace/geometry-api-java/src/main/java/com/esri/core/geometry/Bufferer.java:[682,23] error: cannot find symbol
[ERROR] 
[ERROR]  class Bufferer
[ERROR] /workspaces/master-thesis-pascal-joos/code_cure_agent/cca_workspace/geometry-api-java/src/main/java/com/esri/core/geometry/Bufferer.java:[686,18] error: cannot find symbol
[ERROR] 
[ERROR]  class Bufferer
[ERROR] /workspaces/master-thesis-pascal-joos/code_cure_agent/cca_workspace/geometry-api-java/src/main/java/com/esri/core/geometry/Bufferer.java:[686,34] error: cannot find symbol
[ERROR] 
[ERROR]  class Bufferer
[ERROR] /workspaces/master-thesis-pascal-joos/code_cure_agent/cca_workspace/geometry-api-java/src/main/java/com/esri/core/geometry/Bufferer.java:[699,28] error: cannot find symbol
[ERROR] 
[ERROR]  class Bufferer
[ERROR] /workspaces/master-thesis-pascal-joos/code_cure_agent/cca_workspace/geometry-api-java/src/main/java/com/esri/core/geometry/Bufferer.java:[699,47] error: cannot find symbol
[ERROR] 
[ERROR]  class Bufferer
[ERROR] /workspaces/master-thesis-pascal-joos/code_cure_agent/cca_workspace/geometry-api-java/src/main/java/com/esri/core/geometry/Bufferer.java:[700,30] error: cannot find symbol
[ERROR] 
[ERROR]  class Bufferer
[ERROR] /workspaces/master-thesis-pascal-joos/code_cure_agent/cca_workspace/geometry-api-java/src/main/java/com/esri/core/geometry/Bufferer.java:[700,49] error: cannot find symbol
[ERROR] 
[ERROR]  class Bufferer
[ERROR] /workspaces/master-thesis-pascal-joos/code_cure_agent/cca_workspace/geometry-api-java/src/main/java/com/esri/core/geometry/Bufferer.java:[711,23] error: cannot find symbol
[ERROR] 
[ERROR]  class Bufferer
[ERROR] /workspaces/master-thesis-pascal-joos/code_cure_agent/cca_workspace/geometry-api-java/src/main/java/com/esri/core/geometry/Bufferer.java:[725,18] error: cannot find symbol
[ERROR] 
[ERROR]  class Bufferer
[ERROR] /workspaces/master-thesis-pascal-joos/code_cure_agent/cca_workspace/geometry-api-java/src/main/java/com/esri/core/geometry/Bufferer.java:[725,34] error: cannot find symbol
[ERROR] 
[ERROR]  class Bufferer
[ERROR] /workspaces/master-thesis-pascal-joos/code_cure_agent/cca_workspace/geometry-api-java/src/main/java/com/esri/core/geometry/Bufferer.java:[748,23] error: cannot find symbol
[ERROR] 
[ERROR]  class Bufferer
[ERROR] /workspaces/master-thesis-pascal-joos/code_cure_agent/cca_workspace/geometry-api-java/src/main/java/com/esri/core/geometry/Bufferer.java:[775,6] error: cannot find symbol
[ERROR] 
[ERROR]  class Bufferer
[ERROR] /workspaces/master-thesis-pascal-joos/code_cure_agent/cca_workspace/geometry-api-java/src/main/java/com/esri/core/geometry/Bufferer.java:[793,20] error: cannot find symbol
[ERROR] 
[ERROR]  class Bufferer
[ERROR] /workspaces/master-thesis-pascal-joos/code_cure_agent/cca_workspace/geometry-api-java/src/main/java/com/esri/core/geometry/Bufferer.java:[793,36] error: cannot find symbol
[ERROR] 
[ERROR]  class Bufferer
[ERROR] /workspaces/master-thesis-pascal-joos/code_cure_agent/cca_workspace/geometry-api-java/src/main/java/com/esri/core/geometry/Bufferer.java:[812,31] error: cannot find symbol
[ERROR] 
[ERROR]  class Bufferer
[ERROR] /workspaces/master-thesis-pascal-joos/code_cure_agent/cca_workspace/geometry-api-java/src/main/java/com/esri/core/geometry/Bufferer.java:[812,30] error: illegal parenthesized expression
[ERROR] 
[ERROR] /workspaces/master-thesis-pascal-joos/code_cure_agent/cca_workspace/geometry-api-java/src/main/java/com/esri/core/geometry/Bufferer.java:[816,10] error: cannot find symbol
[ERROR] 
[ERROR]  class Bufferer
[ERROR] /workspaces/master-thesis-pascal-joos/code_cure_agent/cca_workspace/geometry-api-java/src/main/java/com/esri/core/geometry/Bufferer.java:[823,10] error: cannot find symbol
[ERROR] 
[ERROR]  class Bufferer
[ERROR] /workspaces/master-thesis-pascal-joos/code_cure_agent/cca_workspace/geometry-api-java/src/main/java/com/esri/core/geometry/Bufferer.java:[825,18] error: cannot find symbol
[ERROR] 
[ERROR]  class Bufferer
[ERROR] /workspaces/master-thesis-pascal-joos/code_cure_agent/cca_workspace/geometry-api-java/src/main/java/com/esri/core/geometry/Bufferer.java:[825,17] error: illegal parenthesized expression
[ERROR] 
[ERROR] /workspaces/master-thesis-pascal-joos/code_cure_agent/cca_workspace/geometry-api-java/src/main/java/com/esri/core/geometry/Bufferer.java:[825,31] error: cannot find symbol
[ERROR] 
[ERROR]  class Bufferer
[ERROR] /workspaces/master-thesis-pascal-joos/code_cure_agent/cca_workspace/geometry-api-java/src/main/java/com/esri/core/geometry/Bufferer.java:[825,43] error: cannot find symbol
[ERROR] 
[ERROR]  class Bufferer
[ERROR] /workspaces/master-thesis-pascal-joos/code_cure_agent/cca_workspace/geometry-api-java/src/main/java/com/esri/core/geometry/Bufferer.java:[826,4] error: cannot find symbol
[ERROR] 
[ERROR]  class Bufferer
[ERROR] /workspaces/master-thesis-pascal-joos/code_cure_agent/cca_workspace/geometry-api-java/src/main/java/com/esri/core/geometry/Bufferer.java:[826,20] error: cannot find symbol
[ERROR] 
[ERROR]  class Bufferer
[ERROR] /workspaces/master-thesis-pascal-joos/code_cure_agent/cca_workspace/geometry-api-java/src/main/java/com/esri/core/geometry/Bufferer.java:[827,4] error: cannot find symbol
[ERROR] 
[ERROR]  class Bufferer
[ERROR] /workspaces/master-thesis-pascal-joos/code_cure_agent/cca_workspace/geometry-api-java/src/main/java/com/esri/core/geometry/Bufferer.java:[830,4] error: cannot find symbol
[ERROR] 
[ERROR]  class Bufferer
[ERROR] /workspaces/master-thesis-pascal-joos/code_cure_agent/cca_workspace/geometry-api-java/src/main/java/com/esri/core/geometry/Bufferer.java:[830,24] error: cannot find symbol
[ERROR] 
[ERROR]  class Bufferer
[ERROR] /workspaces/master-thesis-pascal-joos/code_cure_agent/cca_workspace/geometry-api-java/src/main/java/com/esri/core/geometry/Bufferer.java:[835,32] error: cannot find symbol
[ERROR] 
[ERROR]  class Bufferer
[ERROR] /workspaces/master-thesis-pascal-joos/code_cure_agent/cca_workspace/geometry-api-java/src/main/java/com/esri/core/geometry/Bufferer.java:[836,6] error: cannot find symbol
[ERROR] 
[ERROR]  class Bufferer
[ERROR] /workspaces/master-thesis-pascal-joos/code_cure_agent/cca_workspace/geometry-api-java/src/main/java/com/esri/core/geometry/Bufferer.java:[837,7] error: cannot find symbol
[ERROR] 
[ERROR]  class Bufferer
[ERROR] /workspaces/master-thesis-pascal-joos/code_cure_agent/cca_workspace/geometry-api-java/src/main/java/com/esri/core/geometry/Bufferer.java:[838,36] error: cannot find symbol
[ERROR] 
[ERROR]  class Bufferer
[ERROR] /workspaces/master-thesis-pascal-joos/code_cure_agent/cca_workspace/geometry-api-java/src/main/java/com/esri/core/geometry/Bufferer.java:[838,35] error: illegal parenthesized expression
[ERROR] 
[ERROR] /workspaces/master-thesis-pascal-joos/code_cure_agent/cca_workspace/geometry-api-java/src/main/java/com/esri/core/geometry/Bufferer.java:[841,4] error: cannot find symbol
[ERROR] 
[ERROR]  class Bufferer
[ERROR] /workspaces/master-thesis-pascal-joos/code_cure_agent/cca_workspace/geometry-api-java/src/main/java/com/esri/core/geometry/Bufferer.java:[842,16] error: cannot find symbol
[ERROR] 
[ERROR]  class Bufferer
[ERROR] /workspaces/master-thesis-pascal-joos/code_cure_agent/cca_workspace/geometry-api-java/src/main/java/com/esri/core/geometry/Bufferer.java:[842,28] error: cannot find symbol
[ERROR] 
[ERROR]  class Bufferer
[ERROR] /workspaces/master-thesis-pascal-joos/code_cure_agent/cca_workspace/geometry-api-java/src/main/java/com/esri/core/geometry/Bufferer.java:[850,34] error: cannot find symbol
[ERROR] 
[ERROR]  class Bufferer
[ERROR] /workspaces/master-thesis-pascal-joos/code_cure_agent/cca_workspace/geometry-api-java/src/main/java/com/esri/core/geometry/Bufferer.java:[850,33] error: illegal parenthesized expression
[ERROR] 
[ERROR] /workspaces/master-thesis-pascal-joos/code_cure_agent/cca_workspace/geometry-api-java/src/main/java/com/esri/core/geometry/Bufferer.java:[851,2] error: cannot find symbol
[ERROR] 
[ERROR]  class Bufferer
[ERROR] /workspaces/master-thesis-pascal-joos/code_cure_agent/cca_workspace/geometry-api-java/src/main/java/com/esri/core/geometry/Bufferer.java:[882,13] error: cannot find symbol
[ERROR] 
[ERROR]  class Bufferer
[ERROR] /workspaces/master-thesis-pascal-joos/code_cure_agent/cca_workspace/geometry-api-java/src/main/java/com/esri/core/geometry/Bufferer.java:[899,13] error: cannot find symbol
[ERROR] 
[ERROR]  class Bufferer
[ERROR] /workspaces/master-thesis-pascal-joos/code_cure_agent/cca_workspace/geometry-api-java/src/main/java/com/esri/core/geometry/Bufferer.java:[910,10] error: cannot find symbol
[ERROR] 
[ERROR]  class Bufferer
[ERROR] /workspaces/master-thesis-pascal-joos/code_cure_agent/cca_workspace/geometry-api-java/src/main/java/com/esri/core/geometry/Bufferer.java:[919,43] error: cannot find symbol
[ERROR] 
[ERROR]  class Bufferer
[ERROR] /workspaces/master-thesis-pascal-joos/code_cure_agent/cca_workspace/geometry-api-java/src/main/java/com/esri/core/geometry/Bufferer.java:[963,2] error: cannot find symbol
[ERROR] 
[ERROR]  class Bufferer
[ERROR] /workspaces/master-thesis-pascal-joos/code_cure_agent/cca_workspace/geometry-api-java/src/main/java/com/esri/core/geometry/Bufferer.java:[964,6] error: cannot find symbol
[ERROR] 
[ERROR]  class Bufferer
[ERROR] /workspaces/master-thesis-pascal-joos/code_cure_agent/cca_workspace/geometry-api-java/src/main/java/com/esri/core/geometry/Bufferer.java:[965,8] error: cannot find symbol
[ERROR] 
[ERROR]  class Bufferer
[ERROR] /workspaces/master-thesis-pascal-joos/code_cure_agent/cca_workspace/geometry-api-java/src/main/java/com/esri/core/geometry/Bufferer.java:[966,10] error: cannot find symbol
[ERROR] 
[ERROR]  class Bufferer
[ERROR] /workspaces/master-thesis-pascal-joos/code_cure_agent/cca_workspace/geometry-api-java/src/main/java/com/esri/core/geometry/Bufferer.java:[972,33] error: cannot find symbol
[ERROR] 
[ERROR]  class Bufferer
[ERROR] /workspaces/master-thesis-pascal-joos/code_cure_agent/cca_workspace/geometry-api-java/src/main/java/com/esri/core/geometry/Bufferer.java:[972,47] error: cannot find symbol
[ERROR] 
[ERROR]  class Bufferer
[ERROR] /workspaces/master-thesis-pascal-joos/code_cure_agent/cca_workspace/geometry-api-java/src/main/java/com/esri/core/geometry/Bufferer.java:[975,6] error: cannot find symbol
[ERROR] 
[ERROR]  class Bufferer
[ERROR] /workspaces/master-thesis-pascal-joos/code_cure_agent/cca_workspace/geometry-api-java/src/main/java/com/esri/core/geometry/Bufferer.java:[983,6] error: cannot find symbol
[ERROR] 
[ERROR]  class Bufferer
[ERROR] /workspaces/master-thesis-pascal-joos/code_cure_agent/cca_workspace/geometry-api-java/src/main/java/com/esri/core/geometry/Bufferer.java:[984,10] error: cannot find symbol
[ERROR] 
[ERROR]  class Bufferer
[ERROR] /workspaces/master-thesis-pascal-joos/code_cure_agent/cca_workspace/geometry-api-java/src/main/java/com/esri/core/geometry/Bufferer.java:[986,13] error: cannot find symbol
[ERROR] 
[ERROR]  class Bufferer
[ERROR] /workspaces/master-thesis-pascal-joos/code_cure_agent/cca_workspace/geometry-api-java/src/main/java/com/esri/core/geometry/Bufferer.java:[986,39] error: cannot find symbol
[ERROR] 
[ERROR]  class Bufferer
[ERROR] /workspaces/master-thesis-pascal-joos/code_cure_agent/cca_workspace/geometry-api-java/src/main/java/com/esri/core/geometry/Bufferer.java:[996,15] error: cannot find symbol
[ERROR] 
[ERROR]  class Bufferer
[ERROR] /workspaces/master-thesis-pascal-joos/code_cure_agent/cca_workspace/geometry-api-java/src/main/java/com/esri/core/geometry/Bufferer.java:[997,7] error: cannot find symbol
[ERROR] 
[ERROR]  class Bufferer
[ERROR] /workspaces/master-thesis-pascal-joos/code_cure_agent/cca_workspace/geometry-api-java/src/main/java/com/esri/core/geometry/Bufferer.java:[1008,12] error: cannot find symbol
[ERROR] 
[ERROR]  class Bufferer
[ERROR] /workspaces/master-thesis-pascal-joos/code_cure_agent/cca_workspace/geometry-api-java/src/main/java/com/esri/core/geometry/Bufferer.java:[1011,12] error: cannot find symbol
[ERROR] 
[ERROR]  class Bufferer
[ERROR] /workspaces/master-thesis-pascal-joos/code_cure_agent/cca_workspace/geometry-api-java/src/main/java/com/esri/core/geometry/Bufferer.java:[1013,36] error: cannot find symbol
[ERROR] 
[ERROR]  class Bufferer
[ERROR] /workspaces/master-thesis-pascal-joos/code_cure_agent/cca_workspace/geometry-api-java/src/main/java/com/esri/core/geometry/Bufferer.java:[1015,26] error: cannot find symbol
[ERROR] 
[ERROR]  class Bufferer
[ERROR] /workspaces/master-thesis-pascal-joos/code_cure_agent/cca_workspace/geometry-api-java/src/main/java/com/esri/core/geometry/Bufferer.java:[1017,25] error: cannot find symbol
[ERROR] 
[ERROR]  class Bufferer
[ERROR] /workspaces/master-thesis-pascal-joos/code_cure_agent/cca_workspace/geometry-api-java/src/main/java/com/esri/core/geometry/Bufferer.java:[1020,32] error: cannot find symbol
[ERROR] -> [Help 1]
[ERROR] 
[ERROR] To see the full stack trace of the errors, re-run Maven with the -e switch.
[ERROR] Re-run Maven using the -X switch to enable full debug logging.
[ERROR] 
[ERROR] For more information about the errors and possible solutions, please read the following articles:
[ERROR] [Help 1] http://cwiki.apache.org/confluence/display/MAVEN/MojoFailureException
