[INFO] Scanning for projects...
[INFO] Inspecting build with total of 1 modules...
[INFO] Installing Nexus Staging features:
[INFO]   ... total of 1 executions of maven-deploy-plugin replaced with nexus-staging-maven-plugin
[INFO] 
[INFO] ----------------------< org.opentripplanner:otp >-----------------------
[INFO] Building OpenTripPlanner 2.1.0-SNAPSHOT
[INFO] --------------------------------[ jar ]---------------------------------
[INFO] 
[INFO] --- maven-clean-plugin:2.5:clean (default-clean) @ otp ---
[INFO] 
[INFO] --- git-commit-id-plugin:4.0.0:revision (default) @ otp ---
[INFO] 
[INFO] --- build-helper-maven-plugin:3.0.0:add-source (build-helper-generate-sources) @ otp ---
[INFO] Source directory: /workspaces/master-thesis-pascal-joos/code_cure_agent/cca_workspace/OpenTripPlanner/src/main/java added.
[INFO] Source directory: /workspaces/master-thesis-pascal-joos/code_cure_agent/cca_workspace/OpenTripPlanner/src/ext/java added.
[INFO] 
[INFO] --- maven-resources-plugin:2.6:resources (default-resources) @ otp ---
[INFO] Using 'UTF-8' encoding to copy filtered resources.
[INFO] Copying 24 resources
[INFO] Copying 1 resource
[INFO] Copying 287 resources to client
[INFO] 
[INFO] --- maven-compiler-plugin:3.8.1:compile (default-compile) @ otp ---
[INFO] Changes detected - recompiling the module!
[INFO] Compiling 1243 source files to /workspaces/master-thesis-pascal-joos/code_cure_agent/cca_workspace/OpenTripPlanner/target/classes
[INFO] /workspaces/master-thesis-pascal-joos/code_cure_agent/cca_workspace/OpenTripPlanner/src/main/java/org/opentripplanner/routing/RoutingService.java: Some input files use or override a deprecated API.
[INFO] /workspaces/master-thesis-pascal-joos/code_cure_agent/cca_workspace/OpenTripPlanner/src/main/java/org/opentripplanner/routing/RoutingService.java: Recompile with -Xlint:deprecation for details.
[INFO] /workspaces/master-thesis-pascal-joos/code_cure_agent/cca_workspace/OpenTripPlanner/src/main/java/org/opentripplanner/routing/graph/Graph.java: Some input files use unchecked or unsafe operations.
[INFO] /workspaces/master-thesis-pascal-joos/code_cure_agent/cca_workspace/OpenTripPlanner/src/main/java/org/opentripplanner/routing/graph/Graph.java: Recompile with -Xlint:unchecked for details.
[INFO] -------------------------------------------------------------
[ERROR] COMPILATION ERROR : 
[INFO] -------------------------------------------------------------
[ERROR] /workspaces/master-thesis-pascal-joos/code_cure_agent/cca_workspace/OpenTripPlanner/src/ext/java/org/opentripplanner/ext/legacygraphqlapi/generated/LegacyGraphQLTypes.java:[698,15] cannot find symbol
  symbol: variable transportModes
[ERROR] /workspaces/master-thesis-pascal-joos/code_cure_agent/cca_workspace/OpenTripPlanner/src/ext/java/org/opentripplanner/ext/legacygraphqlapi/generated/LegacyGraphQLTypes.java:[703,64] cannot find symbol
  symbol: variable ids
[ERROR] /workspaces/master-thesis-pascal-joos/code_cure_agent/cca_workspace/OpenTripPlanner/src/ext/java/org/opentripplanner/ext/legacygraphqlapi/generated/LegacyGraphQLTypes.java:[704,66] cannot find symbol
  symbol: variable feeds
[ERROR] /workspaces/master-thesis-pascal-joos/code_cure_agent/cca_workspace/OpenTripPlanner/src/ext/java/org/opentripplanner/ext/legacygraphqlapi/generated/LegacyGraphQLTypes.java:[705,55] cannot find symbol
  symbol: variable name
[ERROR] /workspaces/master-thesis-pascal-joos/code_cure_agent/cca_workspace/OpenTripPlanner/src/ext/java/org/opentripplanner/ext/legacygraphqlapi/generated/LegacyGraphQLTypes.java:[706,86] cannot find symbol
  symbol: variable transportModes
[ERROR] /workspaces/master-thesis-pascal-joos/code_cure_agent/cca_workspace/OpenTripPlanner/src/ext/java/org/opentripplanner/ext/legacygraphqlapi/generated/LegacyGraphQLTypes.java:[1027,72] cannot find symbol
  symbol: variable _waitAtBeginningFactor
[ERROR] /workspaces/master-thesis-pascal-joos/code_cure_agent/cca_workspace/OpenTripPlanner/src/ext/java/org/opentripplanner/ext/legacygraphqlapi/generated/LegacyGraphQLTypes.java:[1028,60] cannot find symbol
  symbol: variable _walkSpeed
[ERROR] /workspaces/master-thesis-pascal-joos/code_cure_agent/cca_workspace/OpenTripPlanner/src/ext/java/org/opentripplanner/ext/legacygraphqlapi/generated/LegacyGraphQLTypes.java:[1029,60] cannot find symbol
  symbol: variable _bikeSpeed
[ERROR] /workspaces/master-thesis-pascal-joos/code_cure_agent/cca_workspace/OpenTripPlanner/src/ext/java/org/opentripplanner/ext/legacygraphqlapi/generated/LegacyGraphQLTypes.java:[1030,66] cannot find symbol
  symbol: variable _bikeSwitchTime
[ERROR] /workspaces/master-thesis-pascal-joos/code_cure_agent/cca_workspace/OpenTripPlanner/src/ext/java/org/opentripplanner/ext/legacygraphqlapi/generated/LegacyGraphQLTypes.java:[1031,66] cannot find symbol
  symbol: variable _bikeSwitchCost
[ERROR] /workspaces/master-thesis-pascal-joos/code_cure_agent/cca_workspace/OpenTripPlanner/src/ext/java/org/opentripplanner/ext/legacygraphqlapi/generated/LegacyGraphQLTypes.java:[1032,78] cannot find symbol
  symbol: variable _optimize
[ERROR] /workspaces/master-thesis-pascal-joos/code_cure_agent/cca_workspace/OpenTripPlanner/src/ext/java/org/opentripplanner/ext/legacygraphqlapi/generated/LegacyGraphQLTypes.java:[1033,84] cannot find symbol
  symbol: variable _triangle
[ERROR] /workspaces/master-thesis-pascal-joos/code_cure_agent/cca_workspace/OpenTripPlanner/src/ext/java/org/opentripplanner/ext/legacygraphqlapi/generated/LegacyGraphQLTypes.java:[1034,60] cannot find symbol
  symbol: variable _arriveBy
[ERROR] /workspaces/master-thesis-pascal-joos/code_cure_agent/cca_workspace/OpenTripPlanner/src/ext/java/org/opentripplanner/ext/legacygraphqlapi/generated/LegacyGraphQLTypes.java:[1035,107] cannot find symbol
  symbol: variable _intermediatePlaces
[ERROR] /workspaces/master-thesis-pascal-joos/code_cure_agent/cca_workspace/OpenTripPlanner/src/ext/java/org/opentripplanner/ext/legacygraphqlapi/generated/LegacyGraphQLTypes.java:[1036,86] cannot find symbol
  symbol: variable _preferred
[ERROR] /workspaces/master-thesis-pascal-joos/code_cure_agent/cca_workspace/OpenTripPlanner/src/ext/java/org/opentripplanner/ext/legacygraphqlapi/generated/LegacyGraphQLTypes.java:[1037,90] cannot find symbol
  symbol: variable _unpreferred
[ERROR] /workspaces/master-thesis-pascal-joos/code_cure_agent/cca_workspace/OpenTripPlanner/src/ext/java/org/opentripplanner/ext/legacygraphqlapi/generated/LegacyGraphQLTypes.java:[1038,65] cannot find symbol
  symbol: variable _walkBoardCost
[ERROR] /workspaces/master-thesis-pascal-joos/code_cure_agent/cca_workspace/OpenTripPlanner/src/ext/java/org/opentripplanner/ext/legacygraphqlapi/generated/LegacyGraphQLTypes.java:[1039,65] cannot find symbol
  symbol: variable _bikeBoardCost
[ERROR] /workspaces/master-thesis-pascal-joos/code_cure_agent/cca_workspace/OpenTripPlanner/src/ext/java/org/opentripplanner/ext/legacygraphqlapi/generated/LegacyGraphQLTypes.java:[1040,80] cannot find symbol
  symbol: variable _banned
[ERROR] /workspaces/master-thesis-pascal-joos/code_cure_agent/cca_workspace/OpenTripPlanner/src/ext/java/org/opentripplanner/ext/legacygraphqlapi/generated/LegacyGraphQLTypes.java:[1041,67] cannot find symbol
  symbol: variable _transferPenalty
[ERROR] /workspaces/master-thesis-pascal-joos/code_cure_agent/cca_workspace/OpenTripPlanner/src/ext/java/org/opentripplanner/ext/legacygraphqlapi/generated/LegacyGraphQLTypes.java:[1042,57] cannot find symbol
  symbol: variable _batch
[ERROR] /workspaces/master-thesis-pascal-joos/code_cure_agent/cca_workspace/OpenTripPlanner/src/ext/java/org/opentripplanner/ext/legacygraphqlapi/generated/LegacyGraphQLTypes.java:[1043,100] cannot find symbol
  symbol: variable _transportModes
[ERROR] /workspaces/master-thesis-pascal-joos/code_cure_agent/cca_workspace/OpenTripPlanner/src/ext/java/org/opentripplanner/ext/legacygraphqlapi/generated/LegacyGraphQLTypes.java:[1044,88] cannot find symbol
  symbol: variable _modeWeight
[ERROR] /workspaces/master-thesis-pascal-joos/code_cure_agent/cca_workspace/OpenTripPlanner/src/ext/java/org/opentripplanner/ext/legacygraphqlapi/generated/LegacyGraphQLTypes.java:[1045,67] cannot find symbol
  symbol: variable _allowBikeRental
[ERROR] /workspaces/master-thesis-pascal-joos/code_cure_agent/cca_workspace/OpenTripPlanner/src/ext/java/org/opentripplanner/ext/legacygraphqlapi/generated/LegacyGraphQLTypes.java:[1046,62] cannot find symbol
  symbol: variable _boardSlack
[ERROR] /workspaces/master-thesis-pascal-joos/code_cure_agent/cca_workspace/OpenTripPlanner/src/ext/java/org/opentripplanner/ext/legacygraphqlapi/generated/LegacyGraphQLTypes.java:[1047,63] cannot find symbol
  symbol: variable _alightSlack
[ERROR] /workspaces/master-thesis-pascal-joos/code_cure_agent/cca_workspace/OpenTripPlanner/src/ext/java/org/opentripplanner/ext/legacygraphqlapi/generated/LegacyGraphQLTypes.java:[1048,67] cannot find symbol
  symbol: variable _minTransferTime
[ERROR] /workspaces/master-thesis-pascal-joos/code_cure_agent/cca_workspace/OpenTripPlanner/src/ext/java/org/opentripplanner/ext/legacygraphqlapi/generated/LegacyGraphQLTypes.java:[1049,79] cannot find symbol
  symbol: variable _nonpreferredTransferPenalty
[ERROR] /workspaces/master-thesis-pascal-joos/code_cure_agent/cca_workspace/OpenTripPlanner/src/ext/java/org/opentripplanner/ext/legacygraphqlapi/generated/LegacyGraphQLTypes.java:[1050,64] cannot find symbol
  symbol: variable _maxTransfers
[ERROR] /workspaces/master-thesis-pascal-joos/code_cure_agent/cca_workspace/OpenTripPlanner/src/ext/java/org/opentripplanner/ext/legacygraphqlapi/generated/LegacyGraphQLTypes.java:[1051,69] cannot find symbol
  symbol: variable _startTransitStopId
[ERROR] /workspaces/master-thesis-pascal-joos/code_cure_agent/cca_workspace/OpenTripPlanner/src/ext/java/org/opentripplanner/ext/legacygraphqlapi/generated/LegacyGraphQLTypes.java:[1052,69] cannot find symbol
  symbol: variable _startTransitTripId
[ERROR] /workspaces/master-thesis-pascal-joos/code_cure_agent/cca_workspace/OpenTripPlanner/src/ext/java/org/opentripplanner/ext/legacygraphqlapi/generated/LegacyGraphQLTypes.java:[1053,65] cannot find symbol
  symbol: variable _claimInitialWait
[ERROR] /workspaces/master-thesis-pascal-joos/code_cure_agent/cca_workspace/OpenTripPlanner/src/ext/java/org/opentripplanner/ext/legacygraphqlapi/generated/LegacyGraphQLTypes.java:[1054,75] cannot find symbol
  symbol: variable _reverseOptimizeOnTheFly
[ERROR] /workspaces/master-thesis-pascal-joos/code_cure_agent/cca_workspace/OpenTripPlanner/src/ext/java/org/opentripplanner/ext/legacygraphqlapi/generated/LegacyGraphQLTypes.java:[1055,64] cannot find symbol
  symbol: variable _omitCanceled
[ERROR] /workspaces/master-thesis-pascal-joos/code_cure_agent/cca_workspace/OpenTripPlanner/src/ext/java/org/opentripplanner/ext/legacygraphqlapi/generated/LegacyGraphQLTypes.java:[1056,73] cannot find symbol
  symbol: variable _ignoreRealtimeUpdates
[ERROR] /workspaces/master-thesis-pascal-joos/code_cure_agent/cca_workspace/OpenTripPlanner/src/ext/java/org/opentripplanner/ext/legacygraphqlapi/generated/LegacyGraphQLTypes.java:[1057,83] cannot find symbol
  symbol: variable _disableRemainingWeightHeuristic
[ERROR] /workspaces/master-thesis-pascal-joos/code_cure_agent/cca_workspace/OpenTripPlanner/src/ext/java/org/opentripplanner/ext/legacygraphqlapi/generated/LegacyGraphQLTypes.java:[1058,57] cannot find symbol
  symbol: variable _locale
[ERROR] /workspaces/master-thesis-pascal-joos/code_cure_agent/cca_workspace/OpenTripPlanner/src/ext/java/org/opentripplanner/ext/legacygraphqlapi/generated/LegacyGraphQLTypes.java:[1059,79] cannot find symbol
  symbol: variable _allowedTicketTypes
[ERROR] /workspaces/master-thesis-pascal-joos/code_cure_agent/cca_workspace/OpenTripPlanner/src/ext/java/org/opentripplanner/ext/legacygraphqlapi/generated/LegacyGraphQLTypes.java:[1060,77] cannot find symbol
  symbol: variable _heuristicStepsPerMainStep
[ERROR] /workspaces/master-thesis-pascal-joos/code_cure_agent/cca_workspace/OpenTripPlanner/src/ext/java/org/opentripplanner/ext/legacygraphqlapi/generated/LegacyGraphQLTypes.java:[1061,79] cannot find symbol
  symbol: variable _compactLegsByReversedSearch
[ERROR] /workspaces/master-thesis-pascal-joos/code_cure_agent/cca_workspace/OpenTripPlanner/src/ext/java/org/opentripplanner/ext/legacygraphqlapi/generated/LegacyGraphQLTypes.java:[1062,86] cannot find symbol
  symbol: variable _allowedBikeRentalNetworks
[INFO] 41 errors 
[INFO] -------------------------------------------------------------
[INFO] ------------------------------------------------------------------------
[INFO] BUILD FAILURE
[INFO] ------------------------------------------------------------------------
[INFO] Total time:  15.651 s
[INFO] Finished at: 2025-08-30T03:43:42Z
[INFO] ------------------------------------------------------------------------
[ERROR] Failed to execute goal org.apache.maven.plugins:maven-compiler-plugin:3.8.1:compile (default-compile) on project otp: Compilation failure: Compilation failure: 
[ERROR] /workspaces/master-thesis-pascal-joos/code_cure_agent/cca_workspace/OpenTripPlanner/src/ext/java/org/opentripplanner/ext/legacygraphqlapi/generated/LegacyGraphQLTypes.java:[698,15] cannot find symbol
[ERROR]   symbol: variable transportModes
[ERROR] /workspaces/master-thesis-pascal-joos/code_cure_agent/cca_workspace/OpenTripPlanner/src/ext/java/org/opentripplanner/ext/legacygraphqlapi/generated/LegacyGraphQLTypes.java:[703,64] cannot find symbol
[ERROR]   symbol: variable ids
[ERROR] /workspaces/master-thesis-pascal-joos/code_cure_agent/cca_workspace/OpenTripPlanner/src/ext/java/org/opentripplanner/ext/legacygraphqlapi/generated/LegacyGraphQLTypes.java:[704,66] cannot find symbol
[ERROR]   symbol: variable feeds
[ERROR] /workspaces/master-thesis-pascal-joos/code_cure_agent/cca_workspace/OpenTripPlanner/src/ext/java/org/opentripplanner/ext/legacygraphqlapi/generated/LegacyGraphQLTypes.java:[705,55] cannot find symbol
[ERROR]   symbol: variable name
[ERROR] /workspaces/master-thesis-pascal-joos/code_cure_agent/cca_workspace/OpenTripPlanner/src/ext/java/org/opentripplanner/ext/legacygraphqlapi/generated/LegacyGraphQLTypes.java:[706,86] cannot find symbol
[ERROR]   symbol: variable transportModes
[ERROR] /workspaces/master-thesis-pascal-joos/code_cure_agent/cca_workspace/OpenTripPlanner/src/ext/java/org/opentripplanner/ext/legacygraphqlapi/generated/LegacyGraphQLTypes.java:[1027,72] cannot find symbol
[ERROR]   symbol: variable _waitAtBeginningFactor
[ERROR] /workspaces/master-thesis-pascal-joos/code_cure_agent/cca_workspace/OpenTripPlanner/src/ext/java/org/opentripplanner/ext/legacygraphqlapi/generated/LegacyGraphQLTypes.java:[1028,60] cannot find symbol
[ERROR]   symbol: variable _walkSpeed
[ERROR] /workspaces/master-thesis-pascal-joos/code_cure_agent/cca_workspace/OpenTripPlanner/src/ext/java/org/opentripplanner/ext/legacygraphqlapi/generated/LegacyGraphQLTypes.java:[1029,60] cannot find symbol
[ERROR]   symbol: variable _bikeSpeed
[ERROR] /workspaces/master-thesis-pascal-joos/code_cure_agent/cca_workspace/OpenTripPlanner/src/ext/java/org/opentripplanner/ext/legacygraphqlapi/generated/LegacyGraphQLTypes.java:[1030,66] cannot find symbol
[ERROR]   symbol: variable _bikeSwitchTime
[ERROR] /workspaces/master-thesis-pascal-joos/code_cure_agent/cca_workspace/OpenTripPlanner/src/ext/java/org/opentripplanner/ext/legacygraphqlapi/generated/LegacyGraphQLTypes.java:[1031,66] cannot find symbol
[ERROR]   symbol: variable _bikeSwitchCost
[ERROR] /workspaces/master-thesis-pascal-joos/code_cure_agent/cca_workspace/OpenTripPlanner/src/ext/java/org/opentripplanner/ext/legacygraphqlapi/generated/LegacyGraphQLTypes.java:[1032,78] cannot find symbol
[ERROR]   symbol: variable _optimize
[ERROR] /workspaces/master-thesis-pascal-joos/code_cure_agent/cca_workspace/OpenTripPlanner/src/ext/java/org/opentripplanner/ext/legacygraphqlapi/generated/LegacyGraphQLTypes.java:[1033,84] cannot find symbol
[ERROR]   symbol: variable _triangle
[ERROR] /workspaces/master-thesis-pascal-joos/code_cure_agent/cca_workspace/OpenTripPlanner/src/ext/java/org/opentripplanner/ext/legacygraphqlapi/generated/LegacyGraphQLTypes.java:[1034,60] cannot find symbol
[ERROR]   symbol: variable _arriveBy
[ERROR] /workspaces/master-thesis-pascal-joos/code_cure_agent/cca_workspace/OpenTripPlanner/src/ext/java/org/opentripplanner/ext/legacygraphqlapi/generated/LegacyGraphQLTypes.java:[1035,107] cannot find symbol
[ERROR]   symbol: variable _intermediatePlaces
[ERROR] /workspaces/master-thesis-pascal-joos/code_cure_agent/cca_workspace/OpenTripPlanner/src/ext/java/org/opentripplanner/ext/legacygraphqlapi/generated/LegacyGraphQLTypes.java:[1036,86] cannot find symbol
[ERROR]   symbol: variable _preferred
[ERROR] /workspaces/master-thesis-pascal-joos/code_cure_agent/cca_workspace/OpenTripPlanner/src/ext/java/org/opentripplanner/ext/legacygraphqlapi/generated/LegacyGraphQLTypes.java:[1037,90] cannot find symbol
[ERROR]   symbol: variable _unpreferred
[ERROR] /workspaces/master-thesis-pascal-joos/code_cure_agent/cca_workspace/OpenTripPlanner/src/ext/java/org/opentripplanner/ext/legacygraphqlapi/generated/LegacyGraphQLTypes.java:[1038,65] cannot find symbol
[ERROR]   symbol: variable _walkBoardCost
[ERROR] /workspaces/master-thesis-pascal-joos/code_cure_agent/cca_workspace/OpenTripPlanner/src/ext/java/org/opentripplanner/ext/legacygraphqlapi/generated/LegacyGraphQLTypes.java:[1039,65] cannot find symbol
[ERROR]   symbol: variable _bikeBoardCost
[ERROR] /workspaces/master-thesis-pascal-joos/code_cure_agent/cca_workspace/OpenTripPlanner/src/ext/java/org/opentripplanner/ext/legacygraphqlapi/generated/LegacyGraphQLTypes.java:[1040,80] cannot find symbol
[ERROR]   symbol: variable _banned
[ERROR] /workspaces/master-thesis-pascal-joos/code_cure_agent/cca_workspace/OpenTripPlanner/src/ext/java/org/opentripplanner/ext/legacygraphqlapi/generated/LegacyGraphQLTypes.java:[1041,67] cannot find symbol
[ERROR]   symbol: variable _transferPenalty
[ERROR] /workspaces/master-thesis-pascal-joos/code_cure_agent/cca_workspace/OpenTripPlanner/src/ext/java/org/opentripplanner/ext/legacygraphqlapi/generated/LegacyGraphQLTypes.java:[1042,57] cannot find symbol
[ERROR]   symbol: variable _batch
[ERROR] /workspaces/master-thesis-pascal-joos/code_cure_agent/cca_workspace/OpenTripPlanner/src/ext/java/org/opentripplanner/ext/legacygraphqlapi/generated/LegacyGraphQLTypes.java:[1043,100] cannot find symbol
[ERROR]   symbol: variable _transportModes
[ERROR] /workspaces/master-thesis-pascal-joos/code_cure_agent/cca_workspace/OpenTripPlanner/src/ext/java/org/opentripplanner/ext/legacygraphqlapi/generated/LegacyGraphQLTypes.java:[1044,88] cannot find symbol
[ERROR]   symbol: variable _modeWeight
[ERROR] /workspaces/master-thesis-pascal-joos/code_cure_agent/cca_workspace/OpenTripPlanner/src/ext/java/org/opentripplanner/ext/legacygraphqlapi/generated/LegacyGraphQLTypes.java:[1045,67] cannot find symbol
[ERROR]   symbol: variable _allowBikeRental
[ERROR] /workspaces/master-thesis-pascal-joos/code_cure_agent/cca_workspace/OpenTripPlanner/src/ext/java/org/opentripplanner/ext/legacygraphqlapi/generated/LegacyGraphQLTypes.java:[1046,62] cannot find symbol
[ERROR]   symbol: variable _boardSlack
[ERROR] /workspaces/master-thesis-pascal-joos/code_cure_agent/cca_workspace/OpenTripPlanner/src/ext/java/org/opentripplanner/ext/legacygraphqlapi/generated/LegacyGraphQLTypes.java:[1047,63] cannot find symbol
[ERROR]   symbol: variable _alightSlack
[ERROR] /workspaces/master-thesis-pascal-joos/code_cure_agent/cca_workspace/OpenTripPlanner/src/ext/java/org/opentripplanner/ext/legacygraphqlapi/generated/LegacyGraphQLTypes.java:[1048,67] cannot find symbol
[ERROR]   symbol: variable _minTransferTime
[ERROR] /workspaces/master-thesis-pascal-joos/code_cure_agent/cca_workspace/OpenTripPlanner/src/ext/java/org/opentripplanner/ext/legacygraphqlapi/generated/LegacyGraphQLTypes.java:[1049,79] cannot find symbol
[ERROR]   symbol: variable _nonpreferredTransferPenalty
[ERROR] /workspaces/master-thesis-pascal-joos/code_cure_agent/cca_workspace/OpenTripPlanner/src/ext/java/org/opentripplanner/ext/legacygraphqlapi/generated/LegacyGraphQLTypes.java:[1050,64] cannot find symbol
[ERROR]   symbol: variable _maxTransfers
[ERROR] /workspaces/master-thesis-pascal-joos/code_cure_agent/cca_workspace/OpenTripPlanner/src/ext/java/org/opentripplanner/ext/legacygraphqlapi/generated/LegacyGraphQLTypes.java:[1051,69] cannot find symbol
[ERROR]   symbol: variable _startTransitStopId
[ERROR] /workspaces/master-thesis-pascal-joos/code_cure_agent/cca_workspace/OpenTripPlanner/src/ext/java/org/opentripplanner/ext/legacygraphqlapi/generated/LegacyGraphQLTypes.java:[1052,69] cannot find symbol
[ERROR]   symbol: variable _startTransitTripId
[ERROR] /workspaces/master-thesis-pascal-joos/code_cure_agent/cca_workspace/OpenTripPlanner/src/ext/java/org/opentripplanner/ext/legacygraphqlapi/generated/LegacyGraphQLTypes.java:[1053,65] cannot find symbol
[ERROR]   symbol: variable _claimInitialWait
[ERROR] /workspaces/master-thesis-pascal-joos/code_cure_agent/cca_workspace/OpenTripPlanner/src/ext/java/org/opentripplanner/ext/legacygraphqlapi/generated/LegacyGraphQLTypes.java:[1054,75] cannot find symbol
[ERROR]   symbol: variable _reverseOptimizeOnTheFly
[ERROR] /workspaces/master-thesis-pascal-joos/code_cure_agent/cca_workspace/OpenTripPlanner/src/ext/java/org/opentripplanner/ext/legacygraphqlapi/generated/LegacyGraphQLTypes.java:[1055,64] cannot find symbol
[ERROR]   symbol: variable _omitCanceled
[ERROR] /workspaces/master-thesis-pascal-joos/code_cure_agent/cca_workspace/OpenTripPlanner/src/ext/java/org/opentripplanner/ext/legacygraphqlapi/generated/LegacyGraphQLTypes.java:[1056,73] cannot find symbol
[ERROR]   symbol: variable _ignoreRealtimeUpdates
[ERROR] /workspaces/master-thesis-pascal-joos/code_cure_agent/cca_workspace/OpenTripPlanner/src/ext/java/org/opentripplanner/ext/legacygraphqlapi/generated/LegacyGraphQLTypes.java:[1057,83] cannot find symbol
[ERROR]   symbol: variable _disableRemainingWeightHeuristic
[ERROR] /workspaces/master-thesis-pascal-joos/code_cure_agent/cca_workspace/OpenTripPlanner/src/ext/java/org/opentripplanner/ext/legacygraphqlapi/generated/LegacyGraphQLTypes.java:[1058,57] cannot find symbol
[ERROR]   symbol: variable _locale
[ERROR] /workspaces/master-thesis-pascal-joos/code_cure_agent/cca_workspace/OpenTripPlanner/src/ext/java/org/opentripplanner/ext/legacygraphqlapi/generated/LegacyGraphQLTypes.java:[1059,79] cannot find symbol
[ERROR]   symbol: variable _allowedTicketTypes
[ERROR] /workspaces/master-thesis-pascal-joos/code_cure_agent/cca_workspace/OpenTripPlanner/src/ext/java/org/opentripplanner/ext/legacygraphqlapi/generated/LegacyGraphQLTypes.java:[1060,77] cannot find symbol
[ERROR]   symbol: variable _heuristicStepsPerMainStep
[ERROR] /workspaces/master-thesis-pascal-joos/code_cure_agent/cca_workspace/OpenTripPlanner/src/ext/java/org/opentripplanner/ext/legacygraphqlapi/generated/LegacyGraphQLTypes.java:[1061,79] cannot find symbol
[ERROR]   symbol: variable _compactLegsByReversedSearch
[ERROR] /workspaces/master-thesis-pascal-joos/code_cure_agent/cca_workspace/OpenTripPlanner/src/ext/java/org/opentripplanner/ext/legacygraphqlapi/generated/LegacyGraphQLTypes.java:[1062,86] cannot find symbol
[ERROR]   symbol: variable _allowedBikeRentalNetworks
[ERROR] -> [Help 1]
[ERROR] 
[ERROR] To see the full stack trace of the errors, re-run Maven with the -e switch.
[ERROR] Re-run Maven using the -X switch to enable full debug logging.
[ERROR] 
[ERROR] For more information about the errors and possible solutions, please read the following articles:
[ERROR] [Help 1] http://cwiki.apache.org/confluence/display/MAVEN/MojoFailureException
