[INFO] Scanning for projects...
[INFO] Inspecting build with total of 8 modules...
[INFO] Installing Nexus Staging features:
[INFO]   ... total of 8 executions of maven-deploy-plugin replaced with nexus-staging-maven-plugin
[INFO] ------------------------------------------------------------------------
[INFO] Reactor Build Order:
[INFO] 
[INFO] org.uma.jmetal:jmetal                                              [pom]
[INFO] org.uma.jmetal:jmetal-core                                         [jar]
[INFO] org.uma.jmetal:jmetal-problem                                      [jar]
[INFO] org.uma.jmetal:jmetal-algorithm                                    [jar]
[INFO] org.uma.jmetal:jmetal-lab                                          [jar]
[INFO] org.uma.jmetal:jmetal-example                                      [jar]
[INFO] org.uma.jmetal:jmetal-experimental                                 [jar]
[INFO] org.uma.jmetal:jmetal-parallel                                     [jar]
[INFO] 
[INFO] -----------------------< org.uma.jmetal:jmetal >------------------------
[INFO] Building org.uma.jmetal:jmetal 5.11-SNAPSHOT                       [1/8]
[INFO] --------------------------------[ pom ]---------------------------------
[INFO] 
[INFO] --- maven-clean-plugin:2.5:clean (default-clean) @ jmetal ---
[INFO] 
[INFO] --- jacoco-maven-plugin:0.8.5:prepare-agent (default) @ jmetal ---
[INFO] argLine set to -javaagent:/home/vscode/.m2/repository/org/jacoco/org.jacoco.agent/0.8.5/org.jacoco.agent-0.8.5-runtime.jar=destfile=/workspaces/xxxx/code_cure_agent/cca_workspace/jMetal/target/jacoco.exec
[INFO] 
[INFO] --- jacoco-maven-plugin:0.8.5:report (report) @ jmetal ---
[INFO] Skipping JaCoCo execution due to missing execution data file.
[INFO] 
[INFO] --- maven-source-plugin:2.2.1:jar-no-fork (attach-sources) @ jmetal ---
[INFO] 
[INFO] --- maven-site-plugin:3.7.1:attach-descriptor (attach-descriptor) @ jmetal ---
[INFO] No site descriptor found: nothing to attach.
[INFO] 
[INFO] ---------------------< org.uma.jmetal:jmetal-core >---------------------
[INFO] Building org.uma.jmetal:jmetal-core 5.11-SNAPSHOT                  [2/8]
[INFO] --------------------------------[ jar ]---------------------------------
[INFO] 
[INFO] --- maven-clean-plugin:2.5:clean (default-clean) @ jmetal-core ---
[INFO] Deleting /workspaces/xxxx/code_cure_agent/cca_workspace/jMetal/jmetal-core/target
[INFO] 
[INFO] --- jacoco-maven-plugin:0.8.5:prepare-agent (default) @ jmetal-core ---
[INFO] argLine set to -javaagent:/home/vscode/.m2/repository/org/jacoco/org.jacoco.agent/0.8.5/org.jacoco.agent-0.8.5-runtime.jar=destfile=/workspaces/xxxx/code_cure_agent/cca_workspace/jMetal/jmetal-core/target/jacoco.exec
[INFO] 
[INFO] --- maven-resources-plugin:2.6:resources (default-resources) @ jmetal-core ---
[INFO] Using 'UTF-8' encoding to copy filtered resources.
[INFO] Copying 90 resources
[INFO] 
[INFO] --- maven-compiler-plugin:3.8.0:compile (default-compile) @ jmetal-core ---
[INFO] Changes detected - recompiling the module!
[INFO] Compiling 299 source files to /workspaces/xxxx/code_cure_agent/cca_workspace/jMetal/jmetal-core/target/classes
[INFO] /workspaces/xxxx/code_cure_agent/cca_workspace/jMetal/jmetal-core/src/main/java/org/uma/jmetal/util/solutionattribute/impl/GenericSolutionAttribute.java: Some input files use or override a deprecated API.
[INFO] /workspaces/xxxx/code_cure_agent/cca_workspace/jMetal/jmetal-core/src/main/java/org/uma/jmetal/util/solutionattribute/impl/GenericSolutionAttribute.java: Recompile with -Xlint:deprecation for details.
[INFO] /workspaces/xxxx/code_cure_agent/cca_workspace/jMetal/jmetal-core/src/main/java/org/uma/jmetal/util/observer/impl/ExternalArchiveObserver.java: Some input files use unchecked or unsafe operations.
[INFO] /workspaces/xxxx/code_cure_agent/cca_workspace/jMetal/jmetal-core/src/main/java/org/uma/jmetal/util/observer/impl/ExternalArchiveObserver.java: Recompile with -Xlint:unchecked for details.
[INFO] 
[INFO] --- maven-resources-plugin:2.6:testResources (default-testResources) @ jmetal-core ---
[INFO] Using 'UTF-8' encoding to copy filtered resources.
[INFO] Copying 7 resources
[INFO] 
[INFO] --- maven-compiler-plugin:3.8.0:testCompile (default-testCompile) @ jmetal-core ---
[INFO] Changes detected - recompiling the module!
[INFO] Compiling 101 source files to /workspaces/xxxx/code_cure_agent/cca_workspace/jMetal/jmetal-core/target/test-classes
[INFO] /workspaces/xxxx/code_cure_agent/cca_workspace/jMetal/jmetal-core/src/test/java/org/uma/jmetal/util/comparator/RankingComparatorTest.java: Some input files use or override a deprecated API.
[INFO] /workspaces/xxxx/code_cure_agent/cca_workspace/jMetal/jmetal-core/src/test/java/org/uma/jmetal/util/comparator/RankingComparatorTest.java: Recompile with -Xlint:deprecation for details.
[INFO] /workspaces/xxxx/code_cure_agent/cca_workspace/jMetal/jmetal-core/src/test/java/org/uma/jmetal/operator/selection/BinaryTournamentSelectionTest.java: /workspaces/xxxx/code_cure_agent/cca_workspace/jMetal/jmetal-core/src/test/java/org/uma/jmetal/operator/selection/BinaryTournamentSelectionTest.java uses unchecked or unsafe operations.
[INFO] /workspaces/xxxx/code_cure_agent/cca_workspace/jMetal/jmetal-core/src/test/java/org/uma/jmetal/operator/selection/BinaryTournamentSelectionTest.java: Recompile with -Xlint:unchecked for details.
[INFO] 
[INFO] --- maven-surefire-plugin:2.12.4:test (default-test) @ jmetal-core ---
[INFO] Tests are skipped.
[INFO] 
[INFO] --- jacoco-maven-plugin:0.8.5:report (report) @ jmetal-core ---
[INFO] Skipping JaCoCo execution due to missing execution data file.
[INFO] 
[INFO] --- maven-jar-plugin:2.4:jar (default-jar) @ jmetal-core ---
[INFO] Building jar: /workspaces/xxxx/code_cure_agent/cca_workspace/jMetal/jmetal-core/target/jmetal-core-5.11-SNAPSHOT.jar
[INFO] 
[INFO] --- maven-assembly-plugin:2.4:single (make-assembly) @ jmetal-core ---
[INFO] Building jar: /workspaces/xxxx/code_cure_agent/cca_workspace/jMetal/jmetal-core/target/jmetal-core-5.11-SNAPSHOT-jar-with-dependencies.jar
[INFO] 
[INFO] --- maven-source-plugin:2.2.1:jar-no-fork (attach-sources) @ jmetal-core ---
[INFO] Building jar: /workspaces/xxxx/code_cure_agent/cca_workspace/jMetal/jmetal-core/target/jmetal-core-5.11-SNAPSHOT-sources.jar
[INFO] 
[INFO] --- maven-site-plugin:3.7.1:attach-descriptor (attach-descriptor) @ jmetal-core ---
[INFO] Skipping because packaging 'jar' is not pom.
[INFO] 
[INFO] -------------------< org.uma.jmetal:jmetal-problem >--------------------
[INFO] Building org.uma.jmetal:jmetal-problem 5.11-SNAPSHOT               [3/8]
[INFO] --------------------------------[ jar ]---------------------------------
[INFO] 
[INFO] --- maven-clean-plugin:2.5:clean (default-clean) @ jmetal-problem ---
[INFO] Deleting /workspaces/xxxx/code_cure_agent/cca_workspace/jMetal/jmetal-problem/target
[INFO] 
[INFO] --- jacoco-maven-plugin:0.8.5:prepare-agent (default) @ jmetal-problem ---
[INFO] argLine set to -javaagent:/home/vscode/.m2/repository/org/jacoco/org.jacoco.agent/0.8.5/org.jacoco.agent-0.8.5-runtime.jar=destfile=/workspaces/xxxx/code_cure_agent/cca_workspace/jMetal/jmetal-problem/target/jacoco.exec
[INFO] 
[INFO] --- maven-resources-plugin:2.6:resources (default-resources) @ jmetal-problem ---
[INFO] Using 'UTF-8' encoding to copy filtered resources.
[INFO] Copying 113 resources
[INFO] 
[INFO] --- maven-compiler-plugin:3.8.0:compile (default-compile) @ jmetal-problem ---
[INFO] Changes detected - recompiling the module!
[INFO] Compiling 190 source files to /workspaces/xxxx/code_cure_agent/cca_workspace/jMetal/jmetal-problem/target/classes
[INFO] -------------------------------------------------------------
[ERROR] COMPILATION ERROR : 
[INFO] -------------------------------------------------------------
[ERROR] /workspaces/xxxx/code_cure_agent/cca_workspace/jMetal/jmetal-problem/src/main/java/org/uma/jmetal/problem/multiobjective/ebes/Ebes.java:[508,31] cannot find symbol
  symbol:   variable numberOfLibertyDegree_
  location: class org.uma.jmetal.problem.multiobjective.ebes.Ebes
[ERROR] /workspaces/xxxx/code_cure_agent/cca_workspace/jMetal/jmetal-problem/src/main/java/org/uma/jmetal/problem/multiobjective/ebes/Ebes.java:[508,55] cannot find symbol
  symbol:   variable numberOfLibertyDegree_
  location: class org.uma.jmetal.problem.multiobjective.ebes.Ebes
[ERROR] /workspaces/xxxx/code_cure_agent/cca_workspace/jMetal/jmetal-problem/src/main/java/org/uma/jmetal/problem/multiobjective/ebes/Ebes.java:[509,31] cannot find symbol
  symbol:   variable numberOfLibertyDegree_
  location: class org.uma.jmetal.problem.multiobjective.ebes.Ebes
[ERROR] /workspaces/xxxx/code_cure_agent/cca_workspace/jMetal/jmetal-problem/src/main/java/org/uma/jmetal/problem/multiobjective/ebes/Ebes.java:[509,55] cannot find symbol
  symbol:   variable numberOfLibertyDegree_
  location: class org.uma.jmetal.problem.multiobjective.ebes.Ebes
[ERROR] /workspaces/xxxx/code_cure_agent/cca_workspace/jMetal/jmetal-problem/src/main/java/org/uma/jmetal/problem/multiobjective/ebes/Ebes.java:[510,32] cannot find symbol
  symbol:   variable numberOfLibertyDegree_
  location: class org.uma.jmetal.problem.multiobjective.ebes.Ebes
[ERROR] /workspaces/xxxx/code_cure_agent/cca_workspace/jMetal/jmetal-problem/src/main/java/org/uma/jmetal/problem/multiobjective/ebes/Ebes.java:[510,56] cannot find symbol
  symbol:   variable numberOfLibertyDegree_
  location: class org.uma.jmetal.problem.multiobjective.ebes.Ebes
[ERROR] /workspaces/xxxx/code_cure_agent/cca_workspace/jMetal/jmetal-problem/src/main/java/org/uma/jmetal/problem/multiobjective/ebes/Ebes.java:[511,32] cannot find symbol
  symbol:   variable numberOfLibertyDegree_
  location: class org.uma.jmetal.problem.multiobjective.ebes.Ebes
[ERROR] /workspaces/xxxx/code_cure_agent/cca_workspace/jMetal/jmetal-problem/src/main/java/org/uma/jmetal/problem/multiobjective/ebes/Ebes.java:[511,56] cannot find symbol
  symbol:   variable numberOfLibertyDegree_
  location: class org.uma.jmetal.problem.multiobjective.ebes.Ebes
[ERROR] /workspaces/xxxx/code_cure_agent/cca_workspace/jMetal/jmetal-problem/src/main/java/org/uma/jmetal/problem/multiobjective/ebes/Ebes.java:[512,32] cannot find symbol
  symbol:   variable numberOfLibertyDegree_
  location: class org.uma.jmetal.problem.multiobjective.ebes.Ebes
[ERROR] /workspaces/xxxx/code_cure_agent/cca_workspace/jMetal/jmetal-problem/src/main/java/org/uma/jmetal/problem/multiobjective/ebes/Ebes.java:[512,56] cannot find symbol
  symbol:   variable numberOfLibertyDegree_
  location: class org.uma.jmetal.problem.multiobjective.ebes.Ebes
[ERROR] /workspaces/xxxx/code_cure_agent/cca_workspace/jMetal/jmetal-problem/src/main/java/org/uma/jmetal/problem/multiobjective/ebes/Ebes.java:[513,32] cannot find symbol
  symbol:   variable numberOfLibertyDegree_
  location: class org.uma.jmetal.problem.multiobjective.ebes.Ebes
[ERROR] /workspaces/xxxx/code_cure_agent/cca_workspace/jMetal/jmetal-problem/src/main/java/org/uma/jmetal/problem/multiobjective/ebes/Ebes.java:[513,56] cannot find symbol
  symbol:   variable numberOfLibertyDegree_
  location: class org.uma.jmetal.problem.multiobjective.ebes.Ebes
[ERROR] /workspaces/xxxx/code_cure_agent/cca_workspace/jMetal/jmetal-problem/src/main/java/org/uma/jmetal/problem/multiobjective/ebes/Ebes.java:[514,31] cannot find symbol
  symbol:   variable numberOfLibertyDegree_
  location: class org.uma.jmetal.problem.multiobjective.ebes.Ebes
[ERROR] /workspaces/xxxx/code_cure_agent/cca_workspace/jMetal/jmetal-problem/src/main/java/org/uma/jmetal/problem/multiobjective/ebes/Ebes.java:[514,55] cannot find symbol
  symbol:   variable numberOfLibertyDegree_
  location: class org.uma.jmetal.problem.multiobjective.ebes.Ebes
[ERROR] /workspaces/xxxx/code_cure_agent/cca_workspace/jMetal/jmetal-problem/src/main/java/org/uma/jmetal/problem/multiobjective/ebes/Ebes.java:[515,31] cannot find symbol
  symbol:   variable numberOfLibertyDegree_
  location: class org.uma.jmetal.problem.multiobjective.ebes.Ebes
[ERROR] /workspaces/xxxx/code_cure_agent/cca_workspace/jMetal/jmetal-problem/src/main/java/org/uma/jmetal/problem/multiobjective/ebes/Ebes.java:[515,55] cannot find symbol
  symbol:   variable numberOfLibertyDegree_
  location: class org.uma.jmetal.problem.multiobjective.ebes.Ebes
[ERROR] /workspaces/xxxx/code_cure_agent/cca_workspace/jMetal/jmetal-problem/src/main/java/org/uma/jmetal/problem/multiobjective/ebes/Ebes.java:[516,32] cannot find symbol
  symbol:   variable numberOfLibertyDegree_
  location: class org.uma.jmetal.problem.multiobjective.ebes.Ebes
[ERROR] /workspaces/xxxx/code_cure_agent/cca_workspace/jMetal/jmetal-problem/src/main/java/org/uma/jmetal/problem/multiobjective/ebes/Ebes.java:[516,56] cannot find symbol
  symbol:   variable numberOfLibertyDegree_
  location: class org.uma.jmetal.problem.multiobjective.ebes.Ebes
[ERROR] /workspaces/xxxx/code_cure_agent/cca_workspace/jMetal/jmetal-problem/src/main/java/org/uma/jmetal/problem/multiobjective/ebes/Ebes.java:[517,32] cannot find symbol
  symbol:   variable numberOfLibertyDegree_
  location: class org.uma.jmetal.problem.multiobjective.ebes.Ebes
[ERROR] /workspaces/xxxx/code_cure_agent/cca_workspace/jMetal/jmetal-problem/src/main/java/org/uma/jmetal/problem/multiobjective/ebes/Ebes.java:[517,56] cannot find symbol
  symbol:   variable numberOfLibertyDegree_
  location: class org.uma.jmetal.problem.multiobjective.ebes.Ebes
[ERROR] /workspaces/xxxx/code_cure_agent/cca_workspace/jMetal/jmetal-problem/src/main/java/org/uma/jmetal/problem/multiobjective/ebes/Ebes.java:[518,32] cannot find symbol
  symbol:   variable numberOfLibertyDegree_
  location: class org.uma.jmetal.problem.multiobjective.ebes.Ebes
[ERROR] /workspaces/xxxx/code_cure_agent/cca_workspace/jMetal/jmetal-problem/src/main/java/org/uma/jmetal/problem/multiobjective/ebes/Ebes.java:[518,56] cannot find symbol
  symbol:   variable numberOfLibertyDegree_
  location: class org.uma.jmetal.problem.multiobjective.ebes.Ebes
[ERROR] /workspaces/xxxx/code_cure_agent/cca_workspace/jMetal/jmetal-problem/src/main/java/org/uma/jmetal/problem/multiobjective/ebes/Ebes.java:[519,32] cannot find symbol
  symbol:   variable numberOfLibertyDegree_
  location: class org.uma.jmetal.problem.multiobjective.ebes.Ebes
[ERROR] /workspaces/xxxx/code_cure_agent/cca_workspace/jMetal/jmetal-problem/src/main/java/org/uma/jmetal/problem/multiobjective/ebes/Ebes.java:[519,56] cannot find symbol
  symbol:   variable numberOfLibertyDegree_
  location: class org.uma.jmetal.problem.multiobjective.ebes.Ebes
[ERROR] /workspaces/xxxx/code_cure_agent/cca_workspace/jMetal/jmetal-problem/src/main/java/org/uma/jmetal/problem/multiobjective/ebes/Ebes.java:[520,33] cannot find symbol
  symbol:   variable numberOfLibertyDegree_
  location: class org.uma.jmetal.problem.multiobjective.ebes.Ebes
[ERROR] /workspaces/xxxx/code_cure_agent/cca_workspace/jMetal/jmetal-problem/src/main/java/org/uma/jmetal/problem/multiobjective/ebes/Ebes.java:[520,57] cannot find symbol
  symbol:   variable numberOfLibertyDegree_
  location: class org.uma.jmetal.problem.multiobjective.ebes.Ebes
[ERROR] /workspaces/xxxx/code_cure_agent/cca_workspace/jMetal/jmetal-problem/src/main/java/org/uma/jmetal/problem/multiobjective/ebes/Ebes.java:[521,33] cannot find symbol
  symbol:   variable numberOfLibertyDegree_
  location: class org.uma.jmetal.problem.multiobjective.ebes.Ebes
[ERROR] /workspaces/xxxx/code_cure_agent/cca_workspace/jMetal/jmetal-problem/src/main/java/org/uma/jmetal/problem/multiobjective/ebes/Ebes.java:[521,57] cannot find symbol
  symbol:   variable numberOfLibertyDegree_
  location: class org.uma.jmetal.problem.multiobjective.ebes.Ebes
[ERROR] /workspaces/xxxx/code_cure_agent/cca_workspace/jMetal/jmetal-problem/src/main/java/org/uma/jmetal/problem/multiobjective/ebes/Ebes.java:[523,34] cannot find symbol
  symbol:   variable numberOfLibertyDegree_
  location: class org.uma.jmetal.problem.multiobjective.ebes.Ebes
[ERROR] /workspaces/xxxx/code_cure_agent/cca_workspace/jMetal/jmetal-problem/src/main/java/org/uma/jmetal/problem/multiobjective/ebes/Ebes.java:[523,58] cannot find symbol
  symbol:   variable numberOfLibertyDegree_
  location: class org.uma.jmetal.problem.multiobjective.ebes.Ebes
[ERROR] /workspaces/xxxx/code_cure_agent/cca_workspace/jMetal/jmetal-problem/src/main/java/org/uma/jmetal/problem/multiobjective/ebes/Ebes.java:[524,34] cannot find symbol
  symbol:   variable numberOfLibertyDegree_
  location: class org.uma.jmetal.problem.multiobjective.ebes.Ebes
[ERROR] /workspaces/xxxx/code_cure_agent/cca_workspace/jMetal/jmetal-problem/src/main/java/org/uma/jmetal/problem/multiobjective/ebes/Ebes.java:[524,58] cannot find symbol
  symbol:   variable numberOfLibertyDegree_
  location: class org.uma.jmetal.problem.multiobjective.ebes.Ebes
[ERROR] /workspaces/xxxx/code_cure_agent/cca_workspace/jMetal/jmetal-problem/src/main/java/org/uma/jmetal/problem/multiobjective/ebes/Ebes.java:[525,34] cannot find symbol
  symbol:   variable numberOfLibertyDegree_
  location: class org.uma.jmetal.problem.multiobjective.ebes.Ebes
[ERROR] /workspaces/xxxx/code_cure_agent/cca_workspace/jMetal/jmetal-problem/src/main/java/org/uma/jmetal/problem/multiobjective/ebes/Ebes.java:[525,58] cannot find symbol
  symbol:   variable numberOfLibertyDegree_
  location: class org.uma.jmetal.problem.multiobjective.ebes.Ebes
[ERROR] /workspaces/xxxx/code_cure_agent/cca_workspace/jMetal/jmetal-problem/src/main/java/org/uma/jmetal/problem/multiobjective/ebes/Ebes.java:[526,34] cannot find symbol
  symbol:   variable numberOfLibertyDegree_
  location: class org.uma.jmetal.problem.multiobjective.ebes.Ebes
[ERROR] /workspaces/xxxx/code_cure_agent/cca_workspace/jMetal/jmetal-problem/src/main/java/org/uma/jmetal/problem/multiobjective/ebes/Ebes.java:[526,58] cannot find symbol
  symbol:   variable numberOfLibertyDegree_
  location: class org.uma.jmetal.problem.multiobjective.ebes.Ebes
[ERROR] /workspaces/xxxx/code_cure_agent/cca_workspace/jMetal/jmetal-problem/src/main/java/org/uma/jmetal/problem/multiobjective/ebes/Ebes.java:[674,5] cannot find symbol
  symbol:   variable numberOfEval_
  location: class org.uma.jmetal.problem.multiobjective.ebes.Ebes
[ERROR] /workspaces/xxxx/code_cure_agent/cca_workspace/jMetal/jmetal-problem/src/main/java/org/uma/jmetal/problem/multiobjective/ebes/Ebes.java:[698,28] cannot find symbol
  symbol:   variable numberOfConstraintsGeometric_
  location: class org.uma.jmetal.problem.multiobjective.ebes.Ebes
[ERROR] /workspaces/xxxx/code_cure_agent/cca_workspace/jMetal/jmetal-problem/src/main/java/org/uma/jmetal/problem/multiobjective/ebes/Ebes.java:[701,29] cannot find symbol
  symbol:   variable numberOfGroupElements_
  location: class org.uma.jmetal.problem.multiobjective.ebes.Ebes
[ERROR] /workspaces/xxxx/code_cure_agent/cca_workspace/jMetal/jmetal-problem/src/main/java/org/uma/jmetal/problem/multiobjective/ebes/Ebes.java:[704,29] cannot find symbol
  symbol:   variable numberOfConstraintsNodes_
  location: class org.uma.jmetal.problem.multiobjective.ebes.Ebes
[ERROR] /workspaces/xxxx/code_cure_agent/cca_workspace/jMetal/jmetal-problem/src/main/java/org/uma/jmetal/problem/multiobjective/ebes/Ebes.java:[714,47] cannot find symbol
  symbol:   variable numberOfElements_
  location: class org.uma.jmetal.problem.multiobjective.ebes.Ebes
[ERROR] /workspaces/xxxx/code_cure_agent/cca_workspace/jMetal/jmetal-problem/src/main/java/org/uma/jmetal/problem/multiobjective/ebes/Ebes.java:[715,49] cannot find symbol
  symbol:   variable numberOfGroupElements_
  location: class org.uma.jmetal.problem.multiobjective.ebes.Ebes
[ERROR] /workspaces/xxxx/code_cure_agent/cca_workspace/jMetal/jmetal-problem/src/main/java/org/uma/jmetal/problem/multiobjective/ebes/Ebes.java:[724,68] cannot find symbol
  symbol:   variable numberOfConstraintsGeometric_
  location: class org.uma.jmetal.problem.multiobjective.ebes.Ebes
[ERROR] /workspaces/xxxx/code_cure_agent/cca_workspace/jMetal/jmetal-problem/src/main/java/org/uma/jmetal/problem/multiobjective/ebes/Ebes.java:[725,66] cannot find symbol
  symbol:   variable numberOfGroupElements_
  location: class org.uma.jmetal.problem.multiobjective.ebes.Ebes
[ERROR] /workspaces/xxxx/code_cure_agent/cca_workspace/jMetal/jmetal-problem/src/main/java/org/uma/jmetal/problem/multiobjective/ebes/Ebes.java:[726,69] cannot find symbol
  symbol:   variable numberOfConstraintsNodes_
  location: class org.uma.jmetal.problem.multiobjective.ebes.Ebes
[ERROR] /workspaces/xxxx/code_cure_agent/cca_workspace/jMetal/jmetal-problem/src/main/java/org/uma/jmetal/problem/multiobjective/ebes/Ebes.java:[728,67] cannot find symbol
  symbol:   variable numberOfGroupsToCheckGeometry_
  location: class org.uma.jmetal.problem.multiobjective.ebes.Ebes
[ERROR] /workspaces/xxxx/code_cure_agent/cca_workspace/jMetal/jmetal-problem/src/main/java/org/uma/jmetal/problem/multiobjective/ebes/Ebes.java:[739,27] cannot find symbol
  symbol:   variable numberOfGroupElements_
  location: class org.uma.jmetal.problem.multiobjective.ebes.Ebes
[ERROR] /workspaces/xxxx/code_cure_agent/cca_workspace/jMetal/jmetal-problem/src/main/java/org/uma/jmetal/problem/multiobjective/ebes/Ebes.java:[740,14] cannot find symbol
  symbol:   variable Groups_
  location: class org.uma.jmetal.problem.multiobjective.ebes.Ebes
[ERROR] /workspaces/xxxx/code_cure_agent/cca_workspace/jMetal/jmetal-problem/src/main/java/org/uma/jmetal/problem/multiobjective/ebes/Ebes.java:[742,11] cannot find symbol
  symbol:   variable Groups_
  location: class org.uma.jmetal.problem.multiobjective.ebes.Ebes
[ERROR] /workspaces/xxxx/code_cure_agent/cca_workspace/jMetal/jmetal-problem/src/main/java/org/uma/jmetal/problem/multiobjective/ebes/Ebes.java:[743,32] cannot find symbol
  symbol:   variable Groups_
  location: class org.uma.jmetal.problem.multiobjective.ebes.Ebes
[ERROR] /workspaces/xxxx/code_cure_agent/cca_workspace/jMetal/jmetal-problem/src/main/java/org/uma/jmetal/problem/multiobjective/ebes/Ebes.java:[744,32] cannot find symbol
  symbol:   variable Groups_
  location: class org.uma.jmetal.problem.multiobjective.ebes.Ebes
[ERROR] /workspaces/xxxx/code_cure_agent/cca_workspace/jMetal/jmetal-problem/src/main/java/org/uma/jmetal/problem/multiobjective/ebes/Ebes.java:[745,18] cannot find symbol
  symbol:   variable Groups_
  location: class org.uma.jmetal.problem.multiobjective.ebes.Ebes
[ERROR] /workspaces/xxxx/code_cure_agent/cca_workspace/jMetal/jmetal-problem/src/main/java/org/uma/jmetal/problem/multiobjective/ebes/Ebes.java:[746,32] cannot find symbol
  symbol:   variable Groups_
  location: class org.uma.jmetal.problem.multiobjective.ebes.Ebes
[ERROR] /workspaces/xxxx/code_cure_agent/cca_workspace/jMetal/jmetal-problem/src/main/java/org/uma/jmetal/problem/multiobjective/ebes/Ebes.java:[747,32] cannot find symbol
  symbol:   variable Groups_
  location: class org.uma.jmetal.problem.multiobjective.ebes.Ebes
[ERROR] /workspaces/xxxx/code_cure_agent/cca_workspace/jMetal/jmetal-problem/src/main/java/org/uma/jmetal/problem/multiobjective/ebes/Ebes.java:[748,32] cannot find symbol
  symbol:   variable Groups_
  location: class org.uma.jmetal.problem.multiobjective.ebes.Ebes
[ERROR] /workspaces/xxxx/code_cure_agent/cca_workspace/jMetal/jmetal-problem/src/main/java/org/uma/jmetal/problem/multiobjective/ebes/Ebes.java:[749,32] cannot find symbol
  symbol:   variable Groups_
  location: class org.uma.jmetal.problem.multiobjective.ebes.Ebes
[ERROR] /workspaces/xxxx/code_cure_agent/cca_workspace/jMetal/jmetal-problem/src/main/java/org/uma/jmetal/problem/multiobjective/ebes/Ebes.java:[750,18] cannot find symbol
  symbol:   variable Groups_
  location: class org.uma.jmetal.problem.multiobjective.ebes.Ebes
[ERROR] /workspaces/xxxx/code_cure_agent/cca_workspace/jMetal/jmetal-problem/src/main/java/org/uma/jmetal/problem/multiobjective/ebes/Ebes.java:[751,32] cannot find symbol
  symbol:   variable Groups_
  location: class org.uma.jmetal.problem.multiobjective.ebes.Ebes
[ERROR] /workspaces/xxxx/code_cure_agent/cca_workspace/jMetal/jmetal-problem/src/main/java/org/uma/jmetal/problem/multiobjective/ebes/Ebes.java:[752,32] cannot find symbol
  symbol:   variable Groups_
  location: class org.uma.jmetal.problem.multiobjective.ebes.Ebes
[ERROR] /workspaces/xxxx/code_cure_agent/cca_workspace/jMetal/jmetal-problem/src/main/java/org/uma/jmetal/problem/multiobjective/ebes/Ebes.java:[753,32] cannot find symbol
  symbol:   variable Groups_
  location: class org.uma.jmetal.problem.multiobjective.ebes.Ebes
[ERROR] /workspaces/xxxx/code_cure_agent/cca_workspace/jMetal/jmetal-problem/src/main/java/org/uma/jmetal/problem/multiobjective/ebes/Ebes.java:[754,32] cannot find symbol
  symbol:   variable Groups_
  location: class org.uma.jmetal.problem.multiobjective.ebes.Ebes
[ERROR] /workspaces/xxxx/code_cure_agent/cca_workspace/jMetal/jmetal-problem/src/main/java/org/uma/jmetal/problem/multiobjective/ebes/Ebes.java:[755,18] cannot find symbol
  symbol:   variable Groups_
  location: class org.uma.jmetal.problem.multiobjective.ebes.Ebes
[ERROR] /workspaces/xxxx/code_cure_agent/cca_workspace/jMetal/jmetal-problem/src/main/java/org/uma/jmetal/problem/multiobjective/ebes/Ebes.java:[756,32] cannot find symbol
  symbol:   variable Groups_
  location: class org.uma.jmetal.problem.multiobjective.ebes.Ebes
[ERROR] /workspaces/xxxx/code_cure_agent/cca_workspace/jMetal/jmetal-problem/src/main/java/org/uma/jmetal/problem/multiobjective/ebes/Ebes.java:[757,32] cannot find symbol
  symbol:   variable Groups_
  location: class org.uma.jmetal.problem.multiobjective.ebes.Ebes
[ERROR] /workspaces/xxxx/code_cure_agent/cca_workspace/jMetal/jmetal-problem/src/main/java/org/uma/jmetal/problem/multiobjective/ebes/Ebes.java:[759,13] cannot find symbol
  symbol:   variable Groups_
  location: class org.uma.jmetal.problem.multiobjective.ebes.Ebes
[ERROR] /workspaces/xxxx/code_cure_agent/cca_workspace/jMetal/jmetal-problem/src/main/java/org/uma/jmetal/problem/multiobjective/ebes/Ebes.java:[761,13] cannot find symbol
  symbol:   variable Groups_
  location: class org.uma.jmetal.problem.multiobjective.ebes.Ebes
[ERROR] /workspaces/xxxx/code_cure_agent/cca_workspace/jMetal/jmetal-problem/src/main/java/org/uma/jmetal/problem/multiobjective/ebes/Ebes.java:[762,32] cannot find symbol
  symbol:   variable Groups_
  location: class org.uma.jmetal.problem.multiobjective.ebes.Ebes
[ERROR] /workspaces/xxxx/code_cure_agent/cca_workspace/jMetal/jmetal-problem/src/main/java/org/uma/jmetal/problem/multiobjective/ebes/Ebes.java:[763,32] cannot find symbol
  symbol:   variable Groups_
  location: class org.uma.jmetal.problem.multiobjective.ebes.Ebes
[ERROR] /workspaces/xxxx/code_cure_agent/cca_workspace/jMetal/jmetal-problem/src/main/java/org/uma/jmetal/problem/multiobjective/ebes/Ebes.java:[765,13] cannot find symbol
  symbol:   variable Groups_
  location: class org.uma.jmetal.problem.multiobjective.ebes.Ebes
[ERROR] /workspaces/xxxx/code_cure_agent/cca_workspace/jMetal/jmetal-problem/src/main/java/org/uma/jmetal/problem/multiobjective/ebes/Ebes.java:[767,13] cannot find symbol
  symbol:   variable Groups_
  location: class org.uma.jmetal.problem.multiobjective.ebes.Ebes
[ERROR] /workspaces/xxxx/code_cure_agent/cca_workspace/jMetal/jmetal-problem/src/main/java/org/uma/jmetal/problem/multiobjective/ebes/Ebes.java:[768,18] cannot find symbol
  symbol:   variable Groups_
  location: class org.uma.jmetal.problem.multiobjective.ebes.Ebes
[ERROR] /workspaces/xxxx/code_cure_agent/cca_workspace/jMetal/jmetal-problem/src/main/java/org/uma/jmetal/problem/multiobjective/ebes/Ebes.java:[769,32] cannot find symbol
  symbol:   variable Groups_
  location: class org.uma.jmetal.problem.multiobjective.ebes.Ebes
[ERROR] /workspaces/xxxx/code_cure_agent/cca_workspace/jMetal/jmetal-problem/src/main/java/org/uma/jmetal/problem/multiobjective/ebes/Ebes.java:[770,32] cannot find symbol
  symbol:   variable Groups_
  location: class org.uma.jmetal.problem.multiobjective.ebes.Ebes
[ERROR] /workspaces/xxxx/code_cure_agent/cca_workspace/jMetal/jmetal-problem/src/main/java/org/uma/jmetal/problem/multiobjective/ebes/Ebes.java:[772,13] cannot find symbol
  symbol:   variable Groups_
  location: class org.uma.jmetal.problem.multiobjective.ebes.Ebes
[ERROR] /workspaces/xxxx/code_cure_agent/cca_workspace/jMetal/jmetal-problem/src/main/java/org/uma/jmetal/problem/multiobjective/ebes/Ebes.java:[774,13] cannot find symbol
  symbol:   variable Groups_
  location: class org.uma.jmetal.problem.multiobjective.ebes.Ebes
[ERROR] /workspaces/xxxx/code_cure_agent/cca_workspace/jMetal/jmetal-problem/src/main/java/org/uma/jmetal/problem/multiobjective/ebes/Ebes.java:[775,32] cannot find symbol
  symbol:   variable Groups_
  location: class org.uma.jmetal.problem.multiobjective.ebes.Ebes
[ERROR] /workspaces/xxxx/code_cure_agent/cca_workspace/jMetal/jmetal-problem/src/main/java/org/uma/jmetal/problem/multiobjective/ebes/Ebes.java:[776,32] cannot find symbol
  symbol:   variable Groups_
  location: class org.uma.jmetal.problem.multiobjective.ebes.Ebes
[ERROR] /workspaces/xxxx/code_cure_agent/cca_workspace/jMetal/jmetal-problem/src/main/java/org/uma/jmetal/problem/multiobjective/ebes/Ebes.java:[778,13] cannot find symbol
  symbol:   variable Groups_
  location: class org.uma.jmetal.problem.multiobjective.ebes.Ebes
[ERROR] /workspaces/xxxx/code_cure_agent/cca_workspace/jMetal/jmetal-problem/src/main/java/org/uma/jmetal/problem/multiobjective/ebes/Ebes.java:[780,13] cannot find symbol
  symbol:   variable Groups_
  location: class org.uma.jmetal.problem.multiobjective.ebes.Ebes
[ERROR] /workspaces/xxxx/code_cure_agent/cca_workspace/jMetal/jmetal-problem/src/main/java/org/uma/jmetal/problem/multiobjective/ebes/Ebes.java:[781,18] cannot find symbol
  symbol:   variable Groups_
  location: class org.uma.jmetal.problem.multiobjective.ebes.Ebes
[ERROR] /workspaces/xxxx/code_cure_agent/cca_workspace/jMetal/jmetal-problem/src/main/java/org/uma/jmetal/problem/multiobjective/ebes/Ebes.java:[782,32] cannot find symbol
  symbol:   variable Groups_
  location: class org.uma.jmetal.problem.multiobjective.ebes.Ebes
[ERROR] /workspaces/xxxx/code_cure_agent/cca_workspace/jMetal/jmetal-problem/src/main/java/org/uma/jmetal/problem/multiobjective/ebes/Ebes.java:[783,32] cannot find symbol
  symbol:   variable Groups_
  location: class org.uma.jmetal.problem.multiobjective.ebes.Ebes
[ERROR] /workspaces/xxxx/code_cure_agent/cca_workspace/jMetal/jmetal-problem/src/main/java/org/uma/jmetal/problem/multiobjective/ebes/Ebes.java:[785,13] cannot find symbol
  symbol:   variable Groups_
  location: class org.uma.jmetal.problem.multiobjective.ebes.Ebes
[ERROR] /workspaces/xxxx/code_cure_agent/cca_workspace/jMetal/jmetal-problem/src/main/java/org/uma/jmetal/problem/multiobjective/ebes/Ebes.java:[787,13] cannot find symbol
  symbol:   variable Groups_
  location: class org.uma.jmetal.problem.multiobjective.ebes.Ebes
[ERROR] /workspaces/xxxx/code_cure_agent/cca_workspace/jMetal/jmetal-problem/src/main/java/org/uma/jmetal/problem/multiobjective/ebes/Ebes.java:[788,32] cannot find symbol
  symbol:   variable Groups_
  location: class org.uma.jmetal.problem.multiobjective.ebes.Ebes
[ERROR] /workspaces/xxxx/code_cure_agent/cca_workspace/jMetal/jmetal-problem/src/main/java/org/uma/jmetal/problem/multiobjective/ebes/Ebes.java:[789,32] cannot find symbol
  symbol:   variable Groups_
  location: class org.uma.jmetal.problem.multiobjective.ebes.Ebes
[ERROR] /workspaces/xxxx/code_cure_agent/cca_workspace/jMetal/jmetal-problem/src/main/java/org/uma/jmetal/problem/multiobjective/ebes/Ebes.java:[791,13] cannot find symbol
  symbol:   variable Groups_
  location: class org.uma.jmetal.problem.multiobjective.ebes.Ebes
[ERROR] /workspaces/xxxx/code_cure_agent/cca_workspace/jMetal/jmetal-problem/src/main/java/org/uma/jmetal/problem/multiobjective/ebes/Ebes.java:[792,32] cannot find symbol
  symbol:   variable Groups_
  location: class org.uma.jmetal.problem.multiobjective.ebes.Ebes
[ERROR] /workspaces/xxxx/code_cure_agent/cca_workspace/jMetal/jmetal-problem/src/main/java/org/uma/jmetal/problem/multiobjective/ebes/Ebes.java:[793,18] cannot find symbol
  symbol:   variable Groups_
  location: class org.uma.jmetal.problem.multiobjective.ebes.Ebes
[ERROR] /workspaces/xxxx/code_cure_agent/cca_workspace/jMetal/jmetal-problem/src/main/java/org/uma/jmetal/problem/multiobjective/ebes/Ebes.java:[794,32] cannot find symbol
  symbol:   variable Groups_
  location: class org.uma.jmetal.problem.multiobjective.ebes.Ebes
[ERROR] /workspaces/xxxx/code_cure_agent/cca_workspace/jMetal/jmetal-problem/src/main/java/org/uma/jmetal/problem/multiobjective/ebes/Ebes.java:[795,32] cannot find symbol
  symbol:   variable Groups_
  location: class org.uma.jmetal.problem.multiobjective.ebes.Ebes
[ERROR] /workspaces/xxxx/code_cure_agent/cca_workspace/jMetal/jmetal-problem/src/main/java/org/uma/jmetal/problem/multiobjective/ebes/Ebes.java:[797,13] cannot find symbol
  symbol:   variable Groups_
  location: class org.uma.jmetal.problem.multiobjective.ebes.Ebes
[ERROR] /workspaces/xxxx/code_cure_agent/cca_workspace/jMetal/jmetal-problem/src/main/java/org/uma/jmetal/problem/multiobjective/ebes/Ebes.java:[799,13] cannot find symbol
  symbol:   variable Groups_
  location: class org.uma.jmetal.problem.multiobjective.ebes.Ebes
[ERROR] /workspaces/xxxx/code_cure_agent/cca_workspace/jMetal/jmetal-problem/src/main/java/org/uma/jmetal/problem/multiobjective/ebes/Ebes.java:[800,32] cannot find symbol
  symbol:   variable Groups_
  location: class org.uma.jmetal.problem.multiobjective.ebes.Ebes
[ERROR] /workspaces/xxxx/code_cure_agent/cca_workspace/jMetal/jmetal-problem/src/main/java/org/uma/jmetal/problem/multiobjective/ebes/Ebes.java:[801,32] cannot find symbol
  symbol:   variable Groups_
  location: class org.uma.jmetal.problem.multiobjective.ebes.Ebes
[ERROR] /workspaces/xxxx/code_cure_agent/cca_workspace/jMetal/jmetal-problem/src/main/java/org/uma/jmetal/problem/multiobjective/ebes/Ebes.java:[803,13] cannot find symbol
  symbol:   variable Groups_
  location: class org.uma.jmetal.problem.multiobjective.ebes.Ebes
[ERROR] /workspaces/xxxx/code_cure_agent/cca_workspace/jMetal/jmetal-problem/src/main/java/org/uma/jmetal/problem/multiobjective/ebes/Ebes.java:[805,13] cannot find symbol
  symbol:   variable Groups_
  location: class org.uma.jmetal.problem.multiobjective.ebes.Ebes
[ERROR] /workspaces/xxxx/code_cure_agent/cca_workspace/jMetal/jmetal-problem/src/main/java/org/uma/jmetal/problem/multiobjective/ebes/Ebes.java:[806,18] cannot find symbol
  symbol:   variable Groups_
  location: class org.uma.jmetal.problem.multiobjective.ebes.Ebes
[ERROR] /workspaces/xxxx/code_cure_agent/cca_workspace/jMetal/jmetal-problem/src/main/java/org/uma/jmetal/problem/multiobjective/ebes/Ebes.java:[807,32] cannot find symbol
  symbol:   variable Groups_
  location: class org.uma.jmetal.problem.multiobjective.ebes.Ebes
[ERROR] /workspaces/xxxx/code_cure_agent/cca_workspace/jMetal/jmetal-problem/src/main/java/org/uma/jmetal/problem/multiobjective/ebes/Ebes.java:[808,32] cannot find symbol
  symbol:   variable Groups_
  location: class org.uma.jmetal.problem.multiobjective.ebes.Ebes
[INFO] 100 errors 
[INFO] -------------------------------------------------------------
[INFO] ------------------------------------------------------------------------
[INFO] Reactor Summary for org.uma.jmetal:jmetal 5.11-SNAPSHOT:
[INFO] 
[INFO] org.uma.jmetal:jmetal .............................. SUCCESS [  0.985 s]
[INFO] org.uma.jmetal:jmetal-core ......................... SUCCESS [ 12.147 s]
[INFO] org.uma.jmetal:jmetal-problem ...................... FAILURE [  0.830 s]
[INFO] org.uma.jmetal:jmetal-algorithm .................... SKIPPED
[INFO] org.uma.jmetal:jmetal-lab .......................... SKIPPED
[INFO] org.uma.jmetal:jmetal-example ...................... SKIPPED
[INFO] org.uma.jmetal:jmetal-experimental ................. SKIPPED
[INFO] org.uma.jmetal:jmetal-parallel ..................... SKIPPED
[INFO] ------------------------------------------------------------------------
[INFO] BUILD FAILURE
[INFO] ------------------------------------------------------------------------
[INFO] Total time:  14.460 s
[INFO] Finished at: 2025-08-30T19:13:46Z
[INFO] ------------------------------------------------------------------------
[ERROR] Failed to execute goal org.apache.maven.plugins:maven-compiler-plugin:3.8.0:compile (default-compile) on project jmetal-problem: Compilation failure: Compilation failure: 
[ERROR] /workspaces/xxxx/code_cure_agent/cca_workspace/jMetal/jmetal-problem/src/main/java/org/uma/jmetal/problem/multiobjective/ebes/Ebes.java:[508,31] cannot find symbol
[ERROR]   symbol:   variable numberOfLibertyDegree_
[ERROR]   location: class org.uma.jmetal.problem.multiobjective.ebes.Ebes
[ERROR] /workspaces/xxxx/code_cure_agent/cca_workspace/jMetal/jmetal-problem/src/main/java/org/uma/jmetal/problem/multiobjective/ebes/Ebes.java:[508,55] cannot find symbol
[ERROR]   symbol:   variable numberOfLibertyDegree_
[ERROR]   location: class org.uma.jmetal.problem.multiobjective.ebes.Ebes
[ERROR] /workspaces/xxxx/code_cure_agent/cca_workspace/jMetal/jmetal-problem/src/main/java/org/uma/jmetal/problem/multiobjective/ebes/Ebes.java:[509,31] cannot find symbol
[ERROR]   symbol:   variable numberOfLibertyDegree_
[ERROR]   location: class org.uma.jmetal.problem.multiobjective.ebes.Ebes
[ERROR] /workspaces/xxxx/code_cure_agent/cca_workspace/jMetal/jmetal-problem/src/main/java/org/uma/jmetal/problem/multiobjective/ebes/Ebes.java:[509,55] cannot find symbol
[ERROR]   symbol:   variable numberOfLibertyDegree_
[ERROR]   location: class org.uma.jmetal.problem.multiobjective.ebes.Ebes
[ERROR] /workspaces/xxxx/code_cure_agent/cca_workspace/jMetal/jmetal-problem/src/main/java/org/uma/jmetal/problem/multiobjective/ebes/Ebes.java:[510,32] cannot find symbol
[ERROR]   symbol:   variable numberOfLibertyDegree_
[ERROR]   location: class org.uma.jmetal.problem.multiobjective.ebes.Ebes
[ERROR] /workspaces/xxxx/code_cure_agent/cca_workspace/jMetal/jmetal-problem/src/main/java/org/uma/jmetal/problem/multiobjective/ebes/Ebes.java:[510,56] cannot find symbol
[ERROR]   symbol:   variable numberOfLibertyDegree_
[ERROR]   location: class org.uma.jmetal.problem.multiobjective.ebes.Ebes
[ERROR] /workspaces/xxxx/code_cure_agent/cca_workspace/jMetal/jmetal-problem/src/main/java/org/uma/jmetal/problem/multiobjective/ebes/Ebes.java:[511,32] cannot find symbol
[ERROR]   symbol:   variable numberOfLibertyDegree_
[ERROR]   location: class org.uma.jmetal.problem.multiobjective.ebes.Ebes
[ERROR] /workspaces/xxxx/code_cure_agent/cca_workspace/jMetal/jmetal-problem/src/main/java/org/uma/jmetal/problem/multiobjective/ebes/Ebes.java:[511,56] cannot find symbol
[ERROR]   symbol:   variable numberOfLibertyDegree_
[ERROR]   location: class org.uma.jmetal.problem.multiobjective.ebes.Ebes
[ERROR] /workspaces/xxxx/code_cure_agent/cca_workspace/jMetal/jmetal-problem/src/main/java/org/uma/jmetal/problem/multiobjective/ebes/Ebes.java:[512,32] cannot find symbol
[ERROR]   symbol:   variable numberOfLibertyDegree_
[ERROR]   location: class org.uma.jmetal.problem.multiobjective.ebes.Ebes
[ERROR] /workspaces/xxxx/code_cure_agent/cca_workspace/jMetal/jmetal-problem/src/main/java/org/uma/jmetal/problem/multiobjective/ebes/Ebes.java:[512,56] cannot find symbol
[ERROR]   symbol:   variable numberOfLibertyDegree_
[ERROR]   location: class org.uma.jmetal.problem.multiobjective.ebes.Ebes
[ERROR] /workspaces/xxxx/code_cure_agent/cca_workspace/jMetal/jmetal-problem/src/main/java/org/uma/jmetal/problem/multiobjective/ebes/Ebes.java:[513,32] cannot find symbol
[ERROR]   symbol:   variable numberOfLibertyDegree_
[ERROR]   location: class org.uma.jmetal.problem.multiobjective.ebes.Ebes
[ERROR] /workspaces/xxxx/code_cure_agent/cca_workspace/jMetal/jmetal-problem/src/main/java/org/uma/jmetal/problem/multiobjective/ebes/Ebes.java:[513,56] cannot find symbol
[ERROR]   symbol:   variable numberOfLibertyDegree_
[ERROR]   location: class org.uma.jmetal.problem.multiobjective.ebes.Ebes
[ERROR] /workspaces/xxxx/code_cure_agent/cca_workspace/jMetal/jmetal-problem/src/main/java/org/uma/jmetal/problem/multiobjective/ebes/Ebes.java:[514,31] cannot find symbol
[ERROR]   symbol:   variable numberOfLibertyDegree_
[ERROR]   location: class org.uma.jmetal.problem.multiobjective.ebes.Ebes
[ERROR] /workspaces/xxxx/code_cure_agent/cca_workspace/jMetal/jmetal-problem/src/main/java/org/uma/jmetal/problem/multiobjective/ebes/Ebes.java:[514,55] cannot find symbol
[ERROR]   symbol:   variable numberOfLibertyDegree_
[ERROR]   location: class org.uma.jmetal.problem.multiobjective.ebes.Ebes
[ERROR] /workspaces/xxxx/code_cure_agent/cca_workspace/jMetal/jmetal-problem/src/main/java/org/uma/jmetal/problem/multiobjective/ebes/Ebes.java:[515,31] cannot find symbol
[ERROR]   symbol:   variable numberOfLibertyDegree_
[ERROR]   location: class org.uma.jmetal.problem.multiobjective.ebes.Ebes
[ERROR] /workspaces/xxxx/code_cure_agent/cca_workspace/jMetal/jmetal-problem/src/main/java/org/uma/jmetal/problem/multiobjective/ebes/Ebes.java:[515,55] cannot find symbol
[ERROR]   symbol:   variable numberOfLibertyDegree_
[ERROR]   location: class org.uma.jmetal.problem.multiobjective.ebes.Ebes
[ERROR] /workspaces/xxxx/code_cure_agent/cca_workspace/jMetal/jmetal-problem/src/main/java/org/uma/jmetal/problem/multiobjective/ebes/Ebes.java:[516,32] cannot find symbol
[ERROR]   symbol:   variable numberOfLibertyDegree_
[ERROR]   location: class org.uma.jmetal.problem.multiobjective.ebes.Ebes
[ERROR] /workspaces/xxxx/code_cure_agent/cca_workspace/jMetal/jmetal-problem/src/main/java/org/uma/jmetal/problem/multiobjective/ebes/Ebes.java:[516,56] cannot find symbol
[ERROR]   symbol:   variable numberOfLibertyDegree_
[ERROR]   location: class org.uma.jmetal.problem.multiobjective.ebes.Ebes
[ERROR] /workspaces/xxxx/code_cure_agent/cca_workspace/jMetal/jmetal-problem/src/main/java/org/uma/jmetal/problem/multiobjective/ebes/Ebes.java:[517,32] cannot find symbol
[ERROR]   symbol:   variable numberOfLibertyDegree_
[ERROR]   location: class org.uma.jmetal.problem.multiobjective.ebes.Ebes
[ERROR] /workspaces/xxxx/code_cure_agent/cca_workspace/jMetal/jmetal-problem/src/main/java/org/uma/jmetal/problem/multiobjective/ebes/Ebes.java:[517,56] cannot find symbol
[ERROR]   symbol:   variable numberOfLibertyDegree_
[ERROR]   location: class org.uma.jmetal.problem.multiobjective.ebes.Ebes
[ERROR] /workspaces/xxxx/code_cure_agent/cca_workspace/jMetal/jmetal-problem/src/main/java/org/uma/jmetal/problem/multiobjective/ebes/Ebes.java:[518,32] cannot find symbol
[ERROR]   symbol:   variable numberOfLibertyDegree_
[ERROR]   location: class org.uma.jmetal.problem.multiobjective.ebes.Ebes
[ERROR] /workspaces/xxxx/code_cure_agent/cca_workspace/jMetal/jmetal-problem/src/main/java/org/uma/jmetal/problem/multiobjective/ebes/Ebes.java:[518,56] cannot find symbol
[ERROR]   symbol:   variable numberOfLibertyDegree_
[ERROR]   location: class org.uma.jmetal.problem.multiobjective.ebes.Ebes
[ERROR] /workspaces/xxxx/code_cure_agent/cca_workspace/jMetal/jmetal-problem/src/main/java/org/uma/jmetal/problem/multiobjective/ebes/Ebes.java:[519,32] cannot find symbol
[ERROR]   symbol:   variable numberOfLibertyDegree_
[ERROR]   location: class org.uma.jmetal.problem.multiobjective.ebes.Ebes
[ERROR] /workspaces/xxxx/code_cure_agent/cca_workspace/jMetal/jmetal-problem/src/main/java/org/uma/jmetal/problem/multiobjective/ebes/Ebes.java:[519,56] cannot find symbol
[ERROR]   symbol:   variable numberOfLibertyDegree_
[ERROR]   location: class org.uma.jmetal.problem.multiobjective.ebes.Ebes
[ERROR] /workspaces/xxxx/code_cure_agent/cca_workspace/jMetal/jmetal-problem/src/main/java/org/uma/jmetal/problem/multiobjective/ebes/Ebes.java:[520,33] cannot find symbol
[ERROR]   symbol:   variable numberOfLibertyDegree_
[ERROR]   location: class org.uma.jmetal.problem.multiobjective.ebes.Ebes
[ERROR] /workspaces/xxxx/code_cure_agent/cca_workspace/jMetal/jmetal-problem/src/main/java/org/uma/jmetal/problem/multiobjective/ebes/Ebes.java:[520,57] cannot find symbol
[ERROR]   symbol:   variable numberOfLibertyDegree_
[ERROR]   location: class org.uma.jmetal.problem.multiobjective.ebes.Ebes
[ERROR] /workspaces/xxxx/code_cure_agent/cca_workspace/jMetal/jmetal-problem/src/main/java/org/uma/jmetal/problem/multiobjective/ebes/Ebes.java:[521,33] cannot find symbol
[ERROR]   symbol:   variable numberOfLibertyDegree_
[ERROR]   location: class org.uma.jmetal.problem.multiobjective.ebes.Ebes
[ERROR] /workspaces/xxxx/code_cure_agent/cca_workspace/jMetal/jmetal-problem/src/main/java/org/uma/jmetal/problem/multiobjective/ebes/Ebes.java:[521,57] cannot find symbol
[ERROR]   symbol:   variable numberOfLibertyDegree_
[ERROR]   location: class org.uma.jmetal.problem.multiobjective.ebes.Ebes
[ERROR] /workspaces/xxxx/code_cure_agent/cca_workspace/jMetal/jmetal-problem/src/main/java/org/uma/jmetal/problem/multiobjective/ebes/Ebes.java:[523,34] cannot find symbol
[ERROR]   symbol:   variable numberOfLibertyDegree_
[ERROR]   location: class org.uma.jmetal.problem.multiobjective.ebes.Ebes
[ERROR] /workspaces/xxxx/code_cure_agent/cca_workspace/jMetal/jmetal-problem/src/main/java/org/uma/jmetal/problem/multiobjective/ebes/Ebes.java:[523,58] cannot find symbol
[ERROR]   symbol:   variable numberOfLibertyDegree_
[ERROR]   location: class org.uma.jmetal.problem.multiobjective.ebes.Ebes
[ERROR] /workspaces/xxxx/code_cure_agent/cca_workspace/jMetal/jmetal-problem/src/main/java/org/uma/jmetal/problem/multiobjective/ebes/Ebes.java:[524,34] cannot find symbol
[ERROR]   symbol:   variable numberOfLibertyDegree_
[ERROR]   location: class org.uma.jmetal.problem.multiobjective.ebes.Ebes
[ERROR] /workspaces/xxxx/code_cure_agent/cca_workspace/jMetal/jmetal-problem/src/main/java/org/uma/jmetal/problem/multiobjective/ebes/Ebes.java:[524,58] cannot find symbol
[ERROR]   symbol:   variable numberOfLibertyDegree_
[ERROR]   location: class org.uma.jmetal.problem.multiobjective.ebes.Ebes
[ERROR] /workspaces/xxxx/code_cure_agent/cca_workspace/jMetal/jmetal-problem/src/main/java/org/uma/jmetal/problem/multiobjective/ebes/Ebes.java:[525,34] cannot find symbol
[ERROR]   symbol:   variable numberOfLibertyDegree_
[ERROR]   location: class org.uma.jmetal.problem.multiobjective.ebes.Ebes
[ERROR] /workspaces/xxxx/code_cure_agent/cca_workspace/jMetal/jmetal-problem/src/main/java/org/uma/jmetal/problem/multiobjective/ebes/Ebes.java:[525,58] cannot find symbol
[ERROR]   symbol:   variable numberOfLibertyDegree_
[ERROR]   location: class org.uma.jmetal.problem.multiobjective.ebes.Ebes
[ERROR] /workspaces/xxxx/code_cure_agent/cca_workspace/jMetal/jmetal-problem/src/main/java/org/uma/jmetal/problem/multiobjective/ebes/Ebes.java:[526,34] cannot find symbol
[ERROR]   symbol:   variable numberOfLibertyDegree_
[ERROR]   location: class org.uma.jmetal.problem.multiobjective.ebes.Ebes
[ERROR] /workspaces/xxxx/code_cure_agent/cca_workspace/jMetal/jmetal-problem/src/main/java/org/uma/jmetal/problem/multiobjective/ebes/Ebes.java:[526,58] cannot find symbol
[ERROR]   symbol:   variable numberOfLibertyDegree_
[ERROR]   location: class org.uma.jmetal.problem.multiobjective.ebes.Ebes
[ERROR] /workspaces/xxxx/code_cure_agent/cca_workspace/jMetal/jmetal-problem/src/main/java/org/uma/jmetal/problem/multiobjective/ebes/Ebes.java:[674,5] cannot find symbol
[ERROR]   symbol:   variable numberOfEval_
[ERROR]   location: class org.uma.jmetal.problem.multiobjective.ebes.Ebes
[ERROR] /workspaces/xxxx/code_cure_agent/cca_workspace/jMetal/jmetal-problem/src/main/java/org/uma/jmetal/problem/multiobjective/ebes/Ebes.java:[698,28] cannot find symbol
[ERROR]   symbol:   variable numberOfConstraintsGeometric_
[ERROR]   location: class org.uma.jmetal.problem.multiobjective.ebes.Ebes
[ERROR] /workspaces/xxxx/code_cure_agent/cca_workspace/jMetal/jmetal-problem/src/main/java/org/uma/jmetal/problem/multiobjective/ebes/Ebes.java:[701,29] cannot find symbol
[ERROR]   symbol:   variable numberOfGroupElements_
[ERROR]   location: class org.uma.jmetal.problem.multiobjective.ebes.Ebes
[ERROR] /workspaces/xxxx/code_cure_agent/cca_workspace/jMetal/jmetal-problem/src/main/java/org/uma/jmetal/problem/multiobjective/ebes/Ebes.java:[704,29] cannot find symbol
[ERROR]   symbol:   variable numberOfConstraintsNodes_
[ERROR]   location: class org.uma.jmetal.problem.multiobjective.ebes.Ebes
[ERROR] /workspaces/xxxx/code_cure_agent/cca_workspace/jMetal/jmetal-problem/src/main/java/org/uma/jmetal/problem/multiobjective/ebes/Ebes.java:[714,47] cannot find symbol
[ERROR]   symbol:   variable numberOfElements_
[ERROR]   location: class org.uma.jmetal.problem.multiobjective.ebes.Ebes
[ERROR] /workspaces/xxxx/code_cure_agent/cca_workspace/jMetal/jmetal-problem/src/main/java/org/uma/jmetal/problem/multiobjective/ebes/Ebes.java:[715,49] cannot find symbol
[ERROR]   symbol:   variable numberOfGroupElements_
[ERROR]   location: class org.uma.jmetal.problem.multiobjective.ebes.Ebes
[ERROR] /workspaces/xxxx/code_cure_agent/cca_workspace/jMetal/jmetal-problem/src/main/java/org/uma/jmetal/problem/multiobjective/ebes/Ebes.java:[724,68] cannot find symbol
[ERROR]   symbol:   variable numberOfConstraintsGeometric_
[ERROR]   location: class org.uma.jmetal.problem.multiobjective.ebes.Ebes
[ERROR] /workspaces/xxxx/code_cure_agent/cca_workspace/jMetal/jmetal-problem/src/main/java/org/uma/jmetal/problem/multiobjective/ebes/Ebes.java:[725,66] cannot find symbol
[ERROR]   symbol:   variable numberOfGroupElements_
[ERROR]   location: class org.uma.jmetal.problem.multiobjective.ebes.Ebes
[ERROR] /workspaces/xxxx/code_cure_agent/cca_workspace/jMetal/jmetal-problem/src/main/java/org/uma/jmetal/problem/multiobjective/ebes/Ebes.java:[726,69] cannot find symbol
[ERROR]   symbol:   variable numberOfConstraintsNodes_
[ERROR]   location: class org.uma.jmetal.problem.multiobjective.ebes.Ebes
[ERROR] /workspaces/xxxx/code_cure_agent/cca_workspace/jMetal/jmetal-problem/src/main/java/org/uma/jmetal/problem/multiobjective/ebes/Ebes.java:[728,67] cannot find symbol
[ERROR]   symbol:   variable numberOfGroupsToCheckGeometry_
[ERROR]   location: class org.uma.jmetal.problem.multiobjective.ebes.Ebes
[ERROR] /workspaces/xxxx/code_cure_agent/cca_workspace/jMetal/jmetal-problem/src/main/java/org/uma/jmetal/problem/multiobjective/ebes/Ebes.java:[739,27] cannot find symbol
[ERROR]   symbol:   variable numberOfGroupElements_
[ERROR]   location: class org.uma.jmetal.problem.multiobjective.ebes.Ebes
[ERROR] /workspaces/xxxx/code_cure_agent/cca_workspace/jMetal/jmetal-problem/src/main/java/org/uma/jmetal/problem/multiobjective/ebes/Ebes.java:[740,14] cannot find symbol
[ERROR]   symbol:   variable Groups_
[ERROR]   location: class org.uma.jmetal.problem.multiobjective.ebes.Ebes
[ERROR] /workspaces/xxxx/code_cure_agent/cca_workspace/jMetal/jmetal-problem/src/main/java/org/uma/jmetal/problem/multiobjective/ebes/Ebes.java:[742,11] cannot find symbol
[ERROR]   symbol:   variable Groups_
[ERROR]   location: class org.uma.jmetal.problem.multiobjective.ebes.Ebes
[ERROR] /workspaces/xxxx/code_cure_agent/cca_workspace/jMetal/jmetal-problem/src/main/java/org/uma/jmetal/problem/multiobjective/ebes/Ebes.java:[743,32] cannot find symbol
[ERROR]   symbol:   variable Groups_
[ERROR]   location: class org.uma.jmetal.problem.multiobjective.ebes.Ebes
[ERROR] /workspaces/xxxx/code_cure_agent/cca_workspace/jMetal/jmetal-problem/src/main/java/org/uma/jmetal/problem/multiobjective/ebes/Ebes.java:[744,32] cannot find symbol
[ERROR]   symbol:   variable Groups_
[ERROR]   location: class org.uma.jmetal.problem.multiobjective.ebes.Ebes
[ERROR] /workspaces/xxxx/code_cure_agent/cca_workspace/jMetal/jmetal-problem/src/main/java/org/uma/jmetal/problem/multiobjective/ebes/Ebes.java:[745,18] cannot find symbol
[ERROR]   symbol:   variable Groups_
[ERROR]   location: class org.uma.jmetal.problem.multiobjective.ebes.Ebes
[ERROR] /workspaces/xxxx/code_cure_agent/cca_workspace/jMetal/jmetal-problem/src/main/java/org/uma/jmetal/problem/multiobjective/ebes/Ebes.java:[746,32] cannot find symbol
[ERROR]   symbol:   variable Groups_
[ERROR]   location: class org.uma.jmetal.problem.multiobjective.ebes.Ebes
[ERROR] /workspaces/xxxx/code_cure_agent/cca_workspace/jMetal/jmetal-problem/src/main/java/org/uma/jmetal/problem/multiobjective/ebes/Ebes.java:[747,32] cannot find symbol
[ERROR]   symbol:   variable Groups_
[ERROR]   location: class org.uma.jmetal.problem.multiobjective.ebes.Ebes
[ERROR] /workspaces/xxxx/code_cure_agent/cca_workspace/jMetal/jmetal-problem/src/main/java/org/uma/jmetal/problem/multiobjective/ebes/Ebes.java:[748,32] cannot find symbol
[ERROR]   symbol:   variable Groups_
[ERROR]   location: class org.uma.jmetal.problem.multiobjective.ebes.Ebes
[ERROR] /workspaces/xxxx/code_cure_agent/cca_workspace/jMetal/jmetal-problem/src/main/java/org/uma/jmetal/problem/multiobjective/ebes/Ebes.java:[749,32] cannot find symbol
[ERROR]   symbol:   variable Groups_
[ERROR]   location: class org.uma.jmetal.problem.multiobjective.ebes.Ebes
[ERROR] /workspaces/xxxx/code_cure_agent/cca_workspace/jMetal/jmetal-problem/src/main/java/org/uma/jmetal/problem/multiobjective/ebes/Ebes.java:[750,18] cannot find symbol
[ERROR]   symbol:   variable Groups_
[ERROR]   location: class org.uma.jmetal.problem.multiobjective.ebes.Ebes
[ERROR] /workspaces/xxxx/code_cure_agent/cca_workspace/jMetal/jmetal-problem/src/main/java/org/uma/jmetal/problem/multiobjective/ebes/Ebes.java:[751,32] cannot find symbol
[ERROR]   symbol:   variable Groups_
[ERROR]   location: class org.uma.jmetal.problem.multiobjective.ebes.Ebes
[ERROR] /workspaces/xxxx/code_cure_agent/cca_workspace/jMetal/jmetal-problem/src/main/java/org/uma/jmetal/problem/multiobjective/ebes/Ebes.java:[752,32] cannot find symbol
[ERROR]   symbol:   variable Groups_
[ERROR]   location: class org.uma.jmetal.problem.multiobjective.ebes.Ebes
[ERROR] /workspaces/xxxx/code_cure_agent/cca_workspace/jMetal/jmetal-problem/src/main/java/org/uma/jmetal/problem/multiobjective/ebes/Ebes.java:[753,32] cannot find symbol
[ERROR]   symbol:   variable Groups_
[ERROR]   location: class org.uma.jmetal.problem.multiobjective.ebes.Ebes
[ERROR] /workspaces/xxxx/code_cure_agent/cca_workspace/jMetal/jmetal-problem/src/main/java/org/uma/jmetal/problem/multiobjective/ebes/Ebes.java:[754,32] cannot find symbol
[ERROR]   symbol:   variable Groups_
[ERROR]   location: class org.uma.jmetal.problem.multiobjective.ebes.Ebes
[ERROR] /workspaces/xxxx/code_cure_agent/cca_workspace/jMetal/jmetal-problem/src/main/java/org/uma/jmetal/problem/multiobjective/ebes/Ebes.java:[755,18] cannot find symbol
[ERROR]   symbol:   variable Groups_
[ERROR]   location: class org.uma.jmetal.problem.multiobjective.ebes.Ebes
[ERROR] /workspaces/xxxx/code_cure_agent/cca_workspace/jMetal/jmetal-problem/src/main/java/org/uma/jmetal/problem/multiobjective/ebes/Ebes.java:[756,32] cannot find symbol
[ERROR]   symbol:   variable Groups_
[ERROR]   location: class org.uma.jmetal.problem.multiobjective.ebes.Ebes
[ERROR] /workspaces/xxxx/code_cure_agent/cca_workspace/jMetal/jmetal-problem/src/main/java/org/uma/jmetal/problem/multiobjective/ebes/Ebes.java:[757,32] cannot find symbol
[ERROR]   symbol:   variable Groups_
[ERROR]   location: class org.uma.jmetal.problem.multiobjective.ebes.Ebes
[ERROR] /workspaces/xxxx/code_cure_agent/cca_workspace/jMetal/jmetal-problem/src/main/java/org/uma/jmetal/problem/multiobjective/ebes/Ebes.java:[759,13] cannot find symbol
[ERROR]   symbol:   variable Groups_
[ERROR]   location: class org.uma.jmetal.problem.multiobjective.ebes.Ebes
[ERROR] /workspaces/xxxx/code_cure_agent/cca_workspace/jMetal/jmetal-problem/src/main/java/org/uma/jmetal/problem/multiobjective/ebes/Ebes.java:[761,13] cannot find symbol
[ERROR]   symbol:   variable Groups_
[ERROR]   location: class org.uma.jmetal.problem.multiobjective.ebes.Ebes
[ERROR] /workspaces/xxxx/code_cure_agent/cca_workspace/jMetal/jmetal-problem/src/main/java/org/uma/jmetal/problem/multiobjective/ebes/Ebes.java:[762,32] cannot find symbol
[ERROR]   symbol:   variable Groups_
[ERROR]   location: class org.uma.jmetal.problem.multiobjective.ebes.Ebes
[ERROR] /workspaces/xxxx/code_cure_agent/cca_workspace/jMetal/jmetal-problem/src/main/java/org/uma/jmetal/problem/multiobjective/ebes/Ebes.java:[763,32] cannot find symbol
[ERROR]   symbol:   variable Groups_
[ERROR]   location: class org.uma.jmetal.problem.multiobjective.ebes.Ebes
[ERROR] /workspaces/xxxx/code_cure_agent/cca_workspace/jMetal/jmetal-problem/src/main/java/org/uma/jmetal/problem/multiobjective/ebes/Ebes.java:[765,13] cannot find symbol
[ERROR]   symbol:   variable Groups_
[ERROR]   location: class org.uma.jmetal.problem.multiobjective.ebes.Ebes
[ERROR] /workspaces/xxxx/code_cure_agent/cca_workspace/jMetal/jmetal-problem/src/main/java/org/uma/jmetal/problem/multiobjective/ebes/Ebes.java:[767,13] cannot find symbol
[ERROR]   symbol:   variable Groups_
[ERROR]   location: class org.uma.jmetal.problem.multiobjective.ebes.Ebes
[ERROR] /workspaces/xxxx/code_cure_agent/cca_workspace/jMetal/jmetal-problem/src/main/java/org/uma/jmetal/problem/multiobjective/ebes/Ebes.java:[768,18] cannot find symbol
[ERROR]   symbol:   variable Groups_
[ERROR]   location: class org.uma.jmetal.problem.multiobjective.ebes.Ebes
[ERROR] /workspaces/xxxx/code_cure_agent/cca_workspace/jMetal/jmetal-problem/src/main/java/org/uma/jmetal/problem/multiobjective/ebes/Ebes.java:[769,32] cannot find symbol
[ERROR]   symbol:   variable Groups_
[ERROR]   location: class org.uma.jmetal.problem.multiobjective.ebes.Ebes
[ERROR] /workspaces/xxxx/code_cure_agent/cca_workspace/jMetal/jmetal-problem/src/main/java/org/uma/jmetal/problem/multiobjective/ebes/Ebes.java:[770,32] cannot find symbol
[ERROR]   symbol:   variable Groups_
[ERROR]   location: class org.uma.jmetal.problem.multiobjective.ebes.Ebes
[ERROR] /workspaces/xxxx/code_cure_agent/cca_workspace/jMetal/jmetal-problem/src/main/java/org/uma/jmetal/problem/multiobjective/ebes/Ebes.java:[772,13] cannot find symbol
[ERROR]   symbol:   variable Groups_
[ERROR]   location: class org.uma.jmetal.problem.multiobjective.ebes.Ebes
[ERROR] /workspaces/xxxx/code_cure_agent/cca_workspace/jMetal/jmetal-problem/src/main/java/org/uma/jmetal/problem/multiobjective/ebes/Ebes.java:[774,13] cannot find symbol
[ERROR]   symbol:   variable Groups_
[ERROR]   location: class org.uma.jmetal.problem.multiobjective.ebes.Ebes
[ERROR] /workspaces/xxxx/code_cure_agent/cca_workspace/jMetal/jmetal-problem/src/main/java/org/uma/jmetal/problem/multiobjective/ebes/Ebes.java:[775,32] cannot find symbol
[ERROR]   symbol:   variable Groups_
[ERROR]   location: class org.uma.jmetal.problem.multiobjective.ebes.Ebes
[ERROR] /workspaces/xxxx/code_cure_agent/cca_workspace/jMetal/jmetal-problem/src/main/java/org/uma/jmetal/problem/multiobjective/ebes/Ebes.java:[776,32] cannot find symbol
[ERROR]   symbol:   variable Groups_
[ERROR]   location: class org.uma.jmetal.problem.multiobjective.ebes.Ebes
[ERROR] /workspaces/xxxx/code_cure_agent/cca_workspace/jMetal/jmetal-problem/src/main/java/org/uma/jmetal/problem/multiobjective/ebes/Ebes.java:[778,13] cannot find symbol
[ERROR]   symbol:   variable Groups_
[ERROR]   location: class org.uma.jmetal.problem.multiobjective.ebes.Ebes
[ERROR] /workspaces/xxxx/code_cure_agent/cca_workspace/jMetal/jmetal-problem/src/main/java/org/uma/jmetal/problem/multiobjective/ebes/Ebes.java:[780,13] cannot find symbol
[ERROR]   symbol:   variable Groups_
[ERROR]   location: class org.uma.jmetal.problem.multiobjective.ebes.Ebes
[ERROR] /workspaces/xxxx/code_cure_agent/cca_workspace/jMetal/jmetal-problem/src/main/java/org/uma/jmetal/problem/multiobjective/ebes/Ebes.java:[781,18] cannot find symbol
[ERROR]   symbol:   variable Groups_
[ERROR]   location: class org.uma.jmetal.problem.multiobjective.ebes.Ebes
[ERROR] /workspaces/xxxx/code_cure_agent/cca_workspace/jMetal/jmetal-problem/src/main/java/org/uma/jmetal/problem/multiobjective/ebes/Ebes.java:[782,32] cannot find symbol
[ERROR]   symbol:   variable Groups_
[ERROR]   location: class org.uma.jmetal.problem.multiobjective.ebes.Ebes
[ERROR] /workspaces/xxxx/code_cure_agent/cca_workspace/jMetal/jmetal-problem/src/main/java/org/uma/jmetal/problem/multiobjective/ebes/Ebes.java:[783,32] cannot find symbol
[ERROR]   symbol:   variable Groups_
[ERROR]   location: class org.uma.jmetal.problem.multiobjective.ebes.Ebes
[ERROR] /workspaces/xxxx/code_cure_agent/cca_workspace/jMetal/jmetal-problem/src/main/java/org/uma/jmetal/problem/multiobjective/ebes/Ebes.java:[785,13] cannot find symbol
[ERROR]   symbol:   variable Groups_
[ERROR]   location: class org.uma.jmetal.problem.multiobjective.ebes.Ebes
[ERROR] /workspaces/xxxx/code_cure_agent/cca_workspace/jMetal/jmetal-problem/src/main/java/org/uma/jmetal/problem/multiobjective/ebes/Ebes.java:[787,13] cannot find symbol
[ERROR]   symbol:   variable Groups_
[ERROR]   location: class org.uma.jmetal.problem.multiobjective.ebes.Ebes
[ERROR] /workspaces/xxxx/code_cure_agent/cca_workspace/jMetal/jmetal-problem/src/main/java/org/uma/jmetal/problem/multiobjective/ebes/Ebes.java:[788,32] cannot find symbol
[ERROR]   symbol:   variable Groups_
[ERROR]   location: class org.uma.jmetal.problem.multiobjective.ebes.Ebes
[ERROR] /workspaces/xxxx/code_cure_agent/cca_workspace/jMetal/jmetal-problem/src/main/java/org/uma/jmetal/problem/multiobjective/ebes/Ebes.java:[789,32] cannot find symbol
[ERROR]   symbol:   variable Groups_
[ERROR]   location: class org.uma.jmetal.problem.multiobjective.ebes.Ebes
[ERROR] /workspaces/xxxx/code_cure_agent/cca_workspace/jMetal/jmetal-problem/src/main/java/org/uma/jmetal/problem/multiobjective/ebes/Ebes.java:[791,13] cannot find symbol
[ERROR]   symbol:   variable Groups_
[ERROR]   location: class org.uma.jmetal.problem.multiobjective.ebes.Ebes
[ERROR] /workspaces/xxxx/code_cure_agent/cca_workspace/jMetal/jmetal-problem/src/main/java/org/uma/jmetal/problem/multiobjective/ebes/Ebes.java:[792,32] cannot find symbol
[ERROR]   symbol:   variable Groups_
[ERROR]   location: class org.uma.jmetal.problem.multiobjective.ebes.Ebes
[ERROR] /workspaces/xxxx/code_cure_agent/cca_workspace/jMetal/jmetal-problem/src/main/java/org/uma/jmetal/problem/multiobjective/ebes/Ebes.java:[793,18] cannot find symbol
[ERROR]   symbol:   variable Groups_
[ERROR]   location: class org.uma.jmetal.problem.multiobjective.ebes.Ebes
[ERROR] /workspaces/xxxx/code_cure_agent/cca_workspace/jMetal/jmetal-problem/src/main/java/org/uma/jmetal/problem/multiobjective/ebes/Ebes.java:[794,32] cannot find symbol
[ERROR]   symbol:   variable Groups_
[ERROR]   location: class org.uma.jmetal.problem.multiobjective.ebes.Ebes
[ERROR] /workspaces/xxxx/code_cure_agent/cca_workspace/jMetal/jmetal-problem/src/main/java/org/uma/jmetal/problem/multiobjective/ebes/Ebes.java:[795,32] cannot find symbol
[ERROR]   symbol:   variable Groups_
[ERROR]   location: class org.uma.jmetal.problem.multiobjective.ebes.Ebes
[ERROR] /workspaces/xxxx/code_cure_agent/cca_workspace/jMetal/jmetal-problem/src/main/java/org/uma/jmetal/problem/multiobjective/ebes/Ebes.java:[797,13] cannot find symbol
[ERROR]   symbol:   variable Groups_
[ERROR]   location: class org.uma.jmetal.problem.multiobjective.ebes.Ebes
[ERROR] /workspaces/xxxx/code_cure_agent/cca_workspace/jMetal/jmetal-problem/src/main/java/org/uma/jmetal/problem/multiobjective/ebes/Ebes.java:[799,13] cannot find symbol
[ERROR]   symbol:   variable Groups_
[ERROR]   location: class org.uma.jmetal.problem.multiobjective.ebes.Ebes
[ERROR] /workspaces/xxxx/code_cure_agent/cca_workspace/jMetal/jmetal-problem/src/main/java/org/uma/jmetal/problem/multiobjective/ebes/Ebes.java:[800,32] cannot find symbol
[ERROR]   symbol:   variable Groups_
[ERROR]   location: class org.uma.jmetal.problem.multiobjective.ebes.Ebes
[ERROR] /workspaces/xxxx/code_cure_agent/cca_workspace/jMetal/jmetal-problem/src/main/java/org/uma/jmetal/problem/multiobjective/ebes/Ebes.java:[801,32] cannot find symbol
[ERROR]   symbol:   variable Groups_
[ERROR]   location: class org.uma.jmetal.problem.multiobjective.ebes.Ebes
[ERROR] /workspaces/xxxx/code_cure_agent/cca_workspace/jMetal/jmetal-problem/src/main/java/org/uma/jmetal/problem/multiobjective/ebes/Ebes.java:[803,13] cannot find symbol
[ERROR]   symbol:   variable Groups_
[ERROR]   location: class org.uma.jmetal.problem.multiobjective.ebes.Ebes
[ERROR] /workspaces/xxxx/code_cure_agent/cca_workspace/jMetal/jmetal-problem/src/main/java/org/uma/jmetal/problem/multiobjective/ebes/Ebes.java:[805,13] cannot find symbol
[ERROR]   symbol:   variable Groups_
[ERROR]   location: class org.uma.jmetal.problem.multiobjective.ebes.Ebes
[ERROR] /workspaces/xxxx/code_cure_agent/cca_workspace/jMetal/jmetal-problem/src/main/java/org/uma/jmetal/problem/multiobjective/ebes/Ebes.java:[806,18] cannot find symbol
[ERROR]   symbol:   variable Groups_
[ERROR]   location: class org.uma.jmetal.problem.multiobjective.ebes.Ebes
[ERROR] /workspaces/xxxx/code_cure_agent/cca_workspace/jMetal/jmetal-problem/src/main/java/org/uma/jmetal/problem/multiobjective/ebes/Ebes.java:[807,32] cannot find symbol
[ERROR]   symbol:   variable Groups_
[ERROR]   location: class org.uma.jmetal.problem.multiobjective.ebes.Ebes
[ERROR] /workspaces/xxxx/code_cure_agent/cca_workspace/jMetal/jmetal-problem/src/main/java/org/uma/jmetal/problem/multiobjective/ebes/Ebes.java:[808,32] cannot find symbol
[ERROR]   symbol:   variable Groups_
[ERROR]   location: class org.uma.jmetal.problem.multiobjective.ebes.Ebes
[ERROR] -> [Help 1]
[ERROR] 
[ERROR] To see the full stack trace of the errors, re-run Maven with the -e switch.
[ERROR] Re-run Maven using the -X switch to enable full debug logging.
[ERROR] 
[ERROR] For more information about the errors and possible solutions, please read the following articles:
[ERROR] [Help 1] http://cwiki.apache.org/confluence/display/MAVEN/MojoFailureException
[ERROR] 
[ERROR] After correcting the problems, you can resume the build with the command
[ERROR]   mvn <args> -rf :jmetal-problem
