[INFO] Scanning for projects...
[INFO] Inspecting build with total of 8 modules...
[INFO] Installing Nexus Staging features:
[INFO]   ... total of 8 executions of maven-deploy-plugin replaced with nexus-staging-maven-plugin
[INFO] ------------------------------------------------------------------------
[INFO] Reactor Build Order:
[INFO] 
[INFO] org.uma.jmetal:jmetal                                              [pom]
[INFO] org.uma.jmetal:jmetal-core                                         [jar]
[INFO] org.uma.jmetal:jmetal-problem                                      [jar]
[INFO] org.uma.jmetal:jmetal-algorithm                                    [jar]
[INFO] org.uma.jmetal:jmetal-lab                                          [jar]
[INFO] org.uma.jmetal:jmetal-example                                      [jar]
[INFO] org.uma.jmetal:jmetal-experimental                                 [jar]
[INFO] org.uma.jmetal:jmetal-parallel                                     [jar]
[INFO] 
[INFO] -----------------------< org.uma.jmetal:jmetal >------------------------
[INFO] Building org.uma.jmetal:jmetal 5.11-SNAPSHOT                       [1/8]
[INFO] --------------------------------[ pom ]---------------------------------
[INFO] 
[INFO] --- maven-clean-plugin:2.5:clean (default-clean) @ jmetal ---
[INFO] 
[INFO] --- jacoco-maven-plugin:0.8.5:prepare-agent (default) @ jmetal ---
[INFO] argLine set to -javaagent:/home/vscode/.m2/repository/org/jacoco/org.jacoco.agent/0.8.5/org.jacoco.agent-0.8.5-runtime.jar=destfile=/workspaces/master-thesis-pascal-joos/code_cure_agent/cca_workspace/jMetal/target/jacoco.exec
[INFO] 
[INFO] --- jacoco-maven-plugin:0.8.5:report (report) @ jmetal ---
[INFO] Skipping JaCoCo execution due to missing execution data file.
[INFO] 
[INFO] --- maven-source-plugin:2.2.1:jar-no-fork (attach-sources) @ jmetal ---
[INFO] 
[INFO] --- maven-site-plugin:3.7.1:attach-descriptor (attach-descriptor) @ jmetal ---
[INFO] No site descriptor found: nothing to attach.
[INFO] 
[INFO] ---------------------< org.uma.jmetal:jmetal-core >---------------------
[INFO] Building org.uma.jmetal:jmetal-core 5.11-SNAPSHOT                  [2/8]
[INFO] --------------------------------[ jar ]---------------------------------
[INFO] 
[INFO] --- maven-clean-plugin:2.5:clean (default-clean) @ jmetal-core ---
[INFO] 
[INFO] --- jacoco-maven-plugin:0.8.5:prepare-agent (default) @ jmetal-core ---
[INFO] argLine set to -javaagent:/home/vscode/.m2/repository/org/jacoco/org.jacoco.agent/0.8.5/org.jacoco.agent-0.8.5-runtime.jar=destfile=/workspaces/master-thesis-pascal-joos/code_cure_agent/cca_workspace/jMetal/jmetal-core/target/jacoco.exec
[INFO] 
[INFO] --- maven-resources-plugin:2.6:resources (default-resources) @ jmetal-core ---
[INFO] Using 'UTF-8' encoding to copy filtered resources.
[INFO] Copying 90 resources
[INFO] 
[INFO] --- maven-compiler-plugin:3.8.0:compile (default-compile) @ jmetal-core ---
[INFO] Changes detected - recompiling the module!
[INFO] Compiling 299 source files to /workspaces/master-thesis-pascal-joos/code_cure_agent/cca_workspace/jMetal/jmetal-core/target/classes
[INFO] /workspaces/master-thesis-pascal-joos/code_cure_agent/cca_workspace/jMetal/jmetal-core/src/main/java/org/uma/jmetal/util/solutionattribute/impl/GenericSolutionAttribute.java: Some input files use or override a deprecated API.
[INFO] /workspaces/master-thesis-pascal-joos/code_cure_agent/cca_workspace/jMetal/jmetal-core/src/main/java/org/uma/jmetal/util/solutionattribute/impl/GenericSolutionAttribute.java: Recompile with -Xlint:deprecation for details.
[INFO] /workspaces/master-thesis-pascal-joos/code_cure_agent/cca_workspace/jMetal/jmetal-core/src/main/java/org/uma/jmetal/util/observer/impl/ExternalArchiveObserver.java: Some input files use unchecked or unsafe operations.
[INFO] /workspaces/master-thesis-pascal-joos/code_cure_agent/cca_workspace/jMetal/jmetal-core/src/main/java/org/uma/jmetal/util/observer/impl/ExternalArchiveObserver.java: Recompile with -Xlint:unchecked for details.
[INFO] 
[INFO] --- maven-resources-plugin:2.6:testResources (default-testResources) @ jmetal-core ---
[INFO] Using 'UTF-8' encoding to copy filtered resources.
[INFO] Copying 7 resources
[INFO] 
[INFO] --- maven-compiler-plugin:3.8.0:testCompile (default-testCompile) @ jmetal-core ---
[INFO] Changes detected - recompiling the module!
[INFO] Compiling 101 source files to /workspaces/master-thesis-pascal-joos/code_cure_agent/cca_workspace/jMetal/jmetal-core/target/test-classes
[INFO] /workspaces/master-thesis-pascal-joos/code_cure_agent/cca_workspace/jMetal/jmetal-core/src/test/java/org/uma/jmetal/util/comparator/RankingComparatorTest.java: Some input files use or override a deprecated API.
[INFO] /workspaces/master-thesis-pascal-joos/code_cure_agent/cca_workspace/jMetal/jmetal-core/src/test/java/org/uma/jmetal/util/comparator/RankingComparatorTest.java: Recompile with -Xlint:deprecation for details.
[INFO] /workspaces/master-thesis-pascal-joos/code_cure_agent/cca_workspace/jMetal/jmetal-core/src/test/java/org/uma/jmetal/operator/selection/BinaryTournamentSelectionTest.java: /workspaces/master-thesis-pascal-joos/code_cure_agent/cca_workspace/jMetal/jmetal-core/src/test/java/org/uma/jmetal/operator/selection/BinaryTournamentSelectionTest.java uses unchecked or unsafe operations.
[INFO] /workspaces/master-thesis-pascal-joos/code_cure_agent/cca_workspace/jMetal/jmetal-core/src/test/java/org/uma/jmetal/operator/selection/BinaryTournamentSelectionTest.java: Recompile with -Xlint:unchecked for details.
[INFO] 
[INFO] --- maven-surefire-plugin:2.12.4:test (default-test) @ jmetal-core ---
[INFO] Tests are skipped.
[INFO] 
[INFO] --- jacoco-maven-plugin:0.8.5:report (report) @ jmetal-core ---
[INFO] Skipping JaCoCo execution due to missing execution data file.
[INFO] 
[INFO] --- maven-jar-plugin:2.4:jar (default-jar) @ jmetal-core ---
[INFO] Building jar: /workspaces/master-thesis-pascal-joos/code_cure_agent/cca_workspace/jMetal/jmetal-core/target/jmetal-core-5.11-SNAPSHOT.jar
[INFO] 
[INFO] --- maven-assembly-plugin:2.4:single (make-assembly) @ jmetal-core ---
[INFO] Building jar: /workspaces/master-thesis-pascal-joos/code_cure_agent/cca_workspace/jMetal/jmetal-core/target/jmetal-core-5.11-SNAPSHOT-jar-with-dependencies.jar
[INFO] 
[INFO] --- maven-source-plugin:2.2.1:jar-no-fork (attach-sources) @ jmetal-core ---
[INFO] Building jar: /workspaces/master-thesis-pascal-joos/code_cure_agent/cca_workspace/jMetal/jmetal-core/target/jmetal-core-5.11-SNAPSHOT-sources.jar
[INFO] 
[INFO] --- maven-site-plugin:3.7.1:attach-descriptor (attach-descriptor) @ jmetal-core ---
[INFO] Skipping because packaging 'jar' is not pom.
[INFO] 
[INFO] -------------------< org.uma.jmetal:jmetal-problem >--------------------
[INFO] Building org.uma.jmetal:jmetal-problem 5.11-SNAPSHOT               [3/8]
[INFO] --------------------------------[ jar ]---------------------------------
[INFO] 
[INFO] --- maven-clean-plugin:2.5:clean (default-clean) @ jmetal-problem ---
[INFO] 
[INFO] --- jacoco-maven-plugin:0.8.5:prepare-agent (default) @ jmetal-problem ---
[INFO] argLine set to -javaagent:/home/vscode/.m2/repository/org/jacoco/org.jacoco.agent/0.8.5/org.jacoco.agent-0.8.5-runtime.jar=destfile=/workspaces/master-thesis-pascal-joos/code_cure_agent/cca_workspace/jMetal/jmetal-problem/target/jacoco.exec
[INFO] 
[INFO] --- maven-resources-plugin:2.6:resources (default-resources) @ jmetal-problem ---
[INFO] Using 'UTF-8' encoding to copy filtered resources.
[INFO] Copying 113 resources
[INFO] 
[INFO] --- maven-compiler-plugin:3.8.0:compile (default-compile) @ jmetal-problem ---
[INFO] Changes detected - recompiling the module!
[INFO] Compiling 190 source files to /workspaces/master-thesis-pascal-joos/code_cure_agent/cca_workspace/jMetal/jmetal-problem/target/classes
[INFO] -------------------------------------------------------------
[ERROR] COMPILATION ERROR : 
[INFO] -------------------------------------------------------------
[ERROR] /workspaces/master-thesis-pascal-joos/code_cure_agent/cca_workspace/jMetal/jmetal-problem/src/main/java/org/uma/jmetal/problem/multiobjective/ebes/Ebes.java:[505,3] class, interface, or enum expected
[ERROR] /workspaces/master-thesis-pascal-joos/code_cure_agent/cca_workspace/jMetal/jmetal-problem/src/main/java/org/uma/jmetal/problem/multiobjective/ebes/Ebes.java:[506,3] class, interface, or enum expected
[ERROR] /workspaces/master-thesis-pascal-joos/code_cure_agent/cca_workspace/jMetal/jmetal-problem/src/main/java/org/uma/jmetal/problem/multiobjective/ebes/Ebes.java:[507,3] class, interface, or enum expected
[ERROR] /workspaces/master-thesis-pascal-joos/code_cure_agent/cca_workspace/jMetal/jmetal-problem/src/main/java/org/uma/jmetal/problem/multiobjective/ebes/Ebes.java:[508,3] class, interface, or enum expected
[ERROR] /workspaces/master-thesis-pascal-joos/code_cure_agent/cca_workspace/jMetal/jmetal-problem/src/main/java/org/uma/jmetal/problem/multiobjective/ebes/Ebes.java:[509,3] class, interface, or enum expected
[ERROR] /workspaces/master-thesis-pascal-joos/code_cure_agent/cca_workspace/jMetal/jmetal-problem/src/main/java/org/uma/jmetal/problem/multiobjective/ebes/Ebes.java:[510,3] class, interface, or enum expected
[ERROR] /workspaces/master-thesis-pascal-joos/code_cure_agent/cca_workspace/jMetal/jmetal-problem/src/main/java/org/uma/jmetal/problem/multiobjective/ebes/Ebes.java:[511,3] class, interface, or enum expected
[ERROR] /workspaces/master-thesis-pascal-joos/code_cure_agent/cca_workspace/jMetal/jmetal-problem/src/main/java/org/uma/jmetal/problem/multiobjective/ebes/Ebes.java:[512,3] class, interface, or enum expected
[ERROR] /workspaces/master-thesis-pascal-joos/code_cure_agent/cca_workspace/jMetal/jmetal-problem/src/main/java/org/uma/jmetal/problem/multiobjective/ebes/Ebes.java:[513,3] class, interface, or enum expected
[ERROR] /workspaces/master-thesis-pascal-joos/code_cure_agent/cca_workspace/jMetal/jmetal-problem/src/main/java/org/uma/jmetal/problem/multiobjective/ebes/Ebes.java:[514,3] class, interface, or enum expected
[ERROR] /workspaces/master-thesis-pascal-joos/code_cure_agent/cca_workspace/jMetal/jmetal-problem/src/main/java/org/uma/jmetal/problem/multiobjective/ebes/Ebes.java:[515,3] class, interface, or enum expected
[ERROR] /workspaces/master-thesis-pascal-joos/code_cure_agent/cca_workspace/jMetal/jmetal-problem/src/main/java/org/uma/jmetal/problem/multiobjective/ebes/Ebes.java:[516,3] class, interface, or enum expected
[ERROR] /workspaces/master-thesis-pascal-joos/code_cure_agent/cca_workspace/jMetal/jmetal-problem/src/main/java/org/uma/jmetal/problem/multiobjective/ebes/Ebes.java:[517,3] class, interface, or enum expected
[ERROR] /workspaces/master-thesis-pascal-joos/code_cure_agent/cca_workspace/jMetal/jmetal-problem/src/main/java/org/uma/jmetal/problem/multiobjective/ebes/Ebes.java:[518,3] class, interface, or enum expected
[ERROR] /workspaces/master-thesis-pascal-joos/code_cure_agent/cca_workspace/jMetal/jmetal-problem/src/main/java/org/uma/jmetal/problem/multiobjective/ebes/Ebes.java:[520,3] class, interface, or enum expected
[ERROR] /workspaces/master-thesis-pascal-joos/code_cure_agent/cca_workspace/jMetal/jmetal-problem/src/main/java/org/uma/jmetal/problem/multiobjective/ebes/Ebes.java:[521,3] class, interface, or enum expected
[ERROR] /workspaces/master-thesis-pascal-joos/code_cure_agent/cca_workspace/jMetal/jmetal-problem/src/main/java/org/uma/jmetal/problem/multiobjective/ebes/Ebes.java:[522,3] class, interface, or enum expected
[ERROR] /workspaces/master-thesis-pascal-joos/code_cure_agent/cca_workspace/jMetal/jmetal-problem/src/main/java/org/uma/jmetal/problem/multiobjective/ebes/Ebes.java:[523,3] class, interface, or enum expected
[ERROR] /workspaces/master-thesis-pascal-joos/code_cure_agent/cca_workspace/jMetal/jmetal-problem/src/main/java/org/uma/jmetal/problem/multiobjective/ebes/Ebes.java:[526,3] class, interface, or enum expected
[ERROR] /workspaces/master-thesis-pascal-joos/code_cure_agent/cca_workspace/jMetal/jmetal-problem/src/main/java/org/uma/jmetal/problem/multiobjective/ebes/Ebes.java:[527,3] class, interface, or enum expected
[ERROR] /workspaces/master-thesis-pascal-joos/code_cure_agent/cca_workspace/jMetal/jmetal-problem/src/main/java/org/uma/jmetal/problem/multiobjective/ebes/Ebes.java:[528,3] class, interface, or enum expected
[ERROR] /workspaces/master-thesis-pascal-joos/code_cure_agent/cca_workspace/jMetal/jmetal-problem/src/main/java/org/uma/jmetal/problem/multiobjective/ebes/Ebes.java:[529,3] class, interface, or enum expected
[ERROR] /workspaces/master-thesis-pascal-joos/code_cure_agent/cca_workspace/jMetal/jmetal-problem/src/main/java/org/uma/jmetal/problem/multiobjective/ebes/Ebes.java:[530,3] class, interface, or enum expected
[ERROR] /workspaces/master-thesis-pascal-joos/code_cure_agent/cca_workspace/jMetal/jmetal-problem/src/main/java/org/uma/jmetal/problem/multiobjective/ebes/Ebes.java:[531,3] class, interface, or enum expected
[ERROR] /workspaces/master-thesis-pascal-joos/code_cure_agent/cca_workspace/jMetal/jmetal-problem/src/main/java/org/uma/jmetal/problem/multiobjective/ebes/Ebes.java:[532,3] class, interface, or enum expected
[ERROR] /workspaces/master-thesis-pascal-joos/code_cure_agent/cca_workspace/jMetal/jmetal-problem/src/main/java/org/uma/jmetal/problem/multiobjective/ebes/Ebes.java:[533,3] class, interface, or enum expected
[ERROR] /workspaces/master-thesis-pascal-joos/code_cure_agent/cca_workspace/jMetal/jmetal-problem/src/main/java/org/uma/jmetal/problem/multiobjective/ebes/Ebes.java:[534,3] class, interface, or enum expected
[ERROR] /workspaces/master-thesis-pascal-joos/code_cure_agent/cca_workspace/jMetal/jmetal-problem/src/main/java/org/uma/jmetal/problem/multiobjective/ebes/Ebes.java:[535,3] class, interface, or enum expected
[ERROR] /workspaces/master-thesis-pascal-joos/code_cure_agent/cca_workspace/jMetal/jmetal-problem/src/main/java/org/uma/jmetal/problem/multiobjective/ebes/Ebes.java:[536,3] class, interface, or enum expected
[ERROR] /workspaces/master-thesis-pascal-joos/code_cure_agent/cca_workspace/jMetal/jmetal-problem/src/main/java/org/uma/jmetal/problem/multiobjective/ebes/Ebes.java:[537,3] class, interface, or enum expected
[ERROR] /workspaces/master-thesis-pascal-joos/code_cure_agent/cca_workspace/jMetal/jmetal-problem/src/main/java/org/uma/jmetal/problem/multiobjective/ebes/Ebes.java:[538,3] class, interface, or enum expected
[ERROR] /workspaces/master-thesis-pascal-joos/code_cure_agent/cca_workspace/jMetal/jmetal-problem/src/main/java/org/uma/jmetal/problem/multiobjective/ebes/Ebes.java:[539,3] class, interface, or enum expected
[ERROR] /workspaces/master-thesis-pascal-joos/code_cure_agent/cca_workspace/jMetal/jmetal-problem/src/main/java/org/uma/jmetal/problem/multiobjective/ebes/Ebes.java:[540,3] class, interface, or enum expected
[ERROR] /workspaces/master-thesis-pascal-joos/code_cure_agent/cca_workspace/jMetal/jmetal-problem/src/main/java/org/uma/jmetal/problem/multiobjective/ebes/Ebes.java:[541,3] class, interface, or enum expected
[ERROR] /workspaces/master-thesis-pascal-joos/code_cure_agent/cca_workspace/jMetal/jmetal-problem/src/main/java/org/uma/jmetal/problem/multiobjective/ebes/Ebes.java:[542,3] class, interface, or enum expected
[ERROR] /workspaces/master-thesis-pascal-joos/code_cure_agent/cca_workspace/jMetal/jmetal-problem/src/main/java/org/uma/jmetal/problem/multiobjective/ebes/Ebes.java:[543,3] class, interface, or enum expected
[ERROR] /workspaces/master-thesis-pascal-joos/code_cure_agent/cca_workspace/jMetal/jmetal-problem/src/main/java/org/uma/jmetal/problem/multiobjective/ebes/Ebes.java:[544,3] class, interface, or enum expected
[ERROR] /workspaces/master-thesis-pascal-joos/code_cure_agent/cca_workspace/jMetal/jmetal-problem/src/main/java/org/uma/jmetal/problem/multiobjective/ebes/Ebes.java:[545,3] class, interface, or enum expected
[ERROR] /workspaces/master-thesis-pascal-joos/code_cure_agent/cca_workspace/jMetal/jmetal-problem/src/main/java/org/uma/jmetal/problem/multiobjective/ebes/Ebes.java:[546,3] class, interface, or enum expected
[ERROR] /workspaces/master-thesis-pascal-joos/code_cure_agent/cca_workspace/jMetal/jmetal-problem/src/main/java/org/uma/jmetal/problem/multiobjective/ebes/Ebes.java:[547,3] class, interface, or enum expected
[ERROR] /workspaces/master-thesis-pascal-joos/code_cure_agent/cca_workspace/jMetal/jmetal-problem/src/main/java/org/uma/jmetal/problem/multiobjective/ebes/Ebes.java:[548,3] class, interface, or enum expected
[ERROR] /workspaces/master-thesis-pascal-joos/code_cure_agent/cca_workspace/jMetal/jmetal-problem/src/main/java/org/uma/jmetal/problem/multiobjective/ebes/Ebes.java:[549,3] class, interface, or enum expected
[ERROR] /workspaces/master-thesis-pascal-joos/code_cure_agent/cca_workspace/jMetal/jmetal-problem/src/main/java/org/uma/jmetal/problem/multiobjective/ebes/Ebes.java:[550,3] class, interface, or enum expected
[ERROR] /workspaces/master-thesis-pascal-joos/code_cure_agent/cca_workspace/jMetal/jmetal-problem/src/main/java/org/uma/jmetal/problem/multiobjective/ebes/Ebes.java:[551,3] class, interface, or enum expected
[ERROR] /workspaces/master-thesis-pascal-joos/code_cure_agent/cca_workspace/jMetal/jmetal-problem/src/main/java/org/uma/jmetal/problem/multiobjective/ebes/Ebes.java:[552,3] class, interface, or enum expected
[ERROR] /workspaces/master-thesis-pascal-joos/code_cure_agent/cca_workspace/jMetal/jmetal-problem/src/main/java/org/uma/jmetal/problem/multiobjective/ebes/Ebes.java:[553,3] class, interface, or enum expected
[ERROR] /workspaces/master-thesis-pascal-joos/code_cure_agent/cca_workspace/jMetal/jmetal-problem/src/main/java/org/uma/jmetal/problem/multiobjective/ebes/Ebes.java:[554,3] class, interface, or enum expected
[ERROR] /workspaces/master-thesis-pascal-joos/code_cure_agent/cca_workspace/jMetal/jmetal-problem/src/main/java/org/uma/jmetal/problem/multiobjective/ebes/Ebes.java:[555,3] class, interface, or enum expected
[ERROR] /workspaces/master-thesis-pascal-joos/code_cure_agent/cca_workspace/jMetal/jmetal-problem/src/main/java/org/uma/jmetal/problem/multiobjective/ebes/Ebes.java:[556,3] class, interface, or enum expected
[ERROR] /workspaces/master-thesis-pascal-joos/code_cure_agent/cca_workspace/jMetal/jmetal-problem/src/main/java/org/uma/jmetal/problem/multiobjective/ebes/Ebes.java:[557,3] class, interface, or enum expected
[ERROR] /workspaces/master-thesis-pascal-joos/code_cure_agent/cca_workspace/jMetal/jmetal-problem/src/main/java/org/uma/jmetal/problem/multiobjective/ebes/Ebes.java:[558,3] class, interface, or enum expected
[ERROR] /workspaces/master-thesis-pascal-joos/code_cure_agent/cca_workspace/jMetal/jmetal-problem/src/main/java/org/uma/jmetal/problem/multiobjective/ebes/Ebes.java:[559,3] class, interface, or enum expected
[ERROR] /workspaces/master-thesis-pascal-joos/code_cure_agent/cca_workspace/jMetal/jmetal-problem/src/main/java/org/uma/jmetal/problem/multiobjective/ebes/Ebes.java:[560,3] class, interface, or enum expected
[ERROR] /workspaces/master-thesis-pascal-joos/code_cure_agent/cca_workspace/jMetal/jmetal-problem/src/main/java/org/uma/jmetal/problem/multiobjective/ebes/Ebes.java:[561,3] class, interface, or enum expected
[ERROR] /workspaces/master-thesis-pascal-joos/code_cure_agent/cca_workspace/jMetal/jmetal-problem/src/main/java/org/uma/jmetal/problem/multiobjective/ebes/Ebes.java:[562,3] class, interface, or enum expected
[ERROR] /workspaces/master-thesis-pascal-joos/code_cure_agent/cca_workspace/jMetal/jmetal-problem/src/main/java/org/uma/jmetal/problem/multiobjective/ebes/Ebes.java:[563,3] class, interface, or enum expected
[ERROR] /workspaces/master-thesis-pascal-joos/code_cure_agent/cca_workspace/jMetal/jmetal-problem/src/main/java/org/uma/jmetal/problem/multiobjective/ebes/Ebes.java:[564,3] class, interface, or enum expected
[ERROR] /workspaces/master-thesis-pascal-joos/code_cure_agent/cca_workspace/jMetal/jmetal-problem/src/main/java/org/uma/jmetal/problem/multiobjective/ebes/Ebes.java:[565,3] class, interface, or enum expected
[ERROR] /workspaces/master-thesis-pascal-joos/code_cure_agent/cca_workspace/jMetal/jmetal-problem/src/main/java/org/uma/jmetal/problem/multiobjective/ebes/Ebes.java:[566,3] class, interface, or enum expected
[ERROR] /workspaces/master-thesis-pascal-joos/code_cure_agent/cca_workspace/jMetal/jmetal-problem/src/main/java/org/uma/jmetal/problem/multiobjective/ebes/Ebes.java:[567,3] class, interface, or enum expected
[ERROR] /workspaces/master-thesis-pascal-joos/code_cure_agent/cca_workspace/jMetal/jmetal-problem/src/main/java/org/uma/jmetal/problem/multiobjective/ebes/Ebes.java:[568,3] class, interface, or enum expected
[ERROR] /workspaces/master-thesis-pascal-joos/code_cure_agent/cca_workspace/jMetal/jmetal-problem/src/main/java/org/uma/jmetal/problem/multiobjective/ebes/Ebes.java:[569,3] class, interface, or enum expected
[ERROR] /workspaces/master-thesis-pascal-joos/code_cure_agent/cca_workspace/jMetal/jmetal-problem/src/main/java/org/uma/jmetal/problem/multiobjective/ebes/Ebes.java:[570,3] class, interface, or enum expected
[ERROR] /workspaces/master-thesis-pascal-joos/code_cure_agent/cca_workspace/jMetal/jmetal-problem/src/main/java/org/uma/jmetal/problem/multiobjective/ebes/Ebes.java:[571,3] class, interface, or enum expected
[ERROR] /workspaces/master-thesis-pascal-joos/code_cure_agent/cca_workspace/jMetal/jmetal-problem/src/main/java/org/uma/jmetal/problem/multiobjective/ebes/Ebes.java:[573,3] class, interface, or enum expected
[ERROR] /workspaces/master-thesis-pascal-joos/code_cure_agent/cca_workspace/jMetal/jmetal-problem/src/main/java/org/uma/jmetal/problem/multiobjective/ebes/Ebes.java:[576,3] class, interface, or enum expected
[ERROR] /workspaces/master-thesis-pascal-joos/code_cure_agent/cca_workspace/jMetal/jmetal-problem/src/main/java/org/uma/jmetal/problem/multiobjective/ebes/Ebes.java:[577,3] class, interface, or enum expected
[ERROR] /workspaces/master-thesis-pascal-joos/code_cure_agent/cca_workspace/jMetal/jmetal-problem/src/main/java/org/uma/jmetal/problem/multiobjective/ebes/Ebes.java:[578,3] class, interface, or enum expected
[ERROR] /workspaces/master-thesis-pascal-joos/code_cure_agent/cca_workspace/jMetal/jmetal-problem/src/main/java/org/uma/jmetal/problem/multiobjective/ebes/Ebes.java:[579,3] class, interface, or enum expected
[ERROR] /workspaces/master-thesis-pascal-joos/code_cure_agent/cca_workspace/jMetal/jmetal-problem/src/main/java/org/uma/jmetal/problem/multiobjective/ebes/Ebes.java:[580,3] class, interface, or enum expected
[ERROR] /workspaces/master-thesis-pascal-joos/code_cure_agent/cca_workspace/jMetal/jmetal-problem/src/main/java/org/uma/jmetal/problem/multiobjective/ebes/Ebes.java:[581,3] class, interface, or enum expected
[ERROR] /workspaces/master-thesis-pascal-joos/code_cure_agent/cca_workspace/jMetal/jmetal-problem/src/main/java/org/uma/jmetal/problem/multiobjective/ebes/Ebes.java:[582,3] class, interface, or enum expected
[ERROR] /workspaces/master-thesis-pascal-joos/code_cure_agent/cca_workspace/jMetal/jmetal-problem/src/main/java/org/uma/jmetal/problem/multiobjective/ebes/Ebes.java:[583,3] class, interface, or enum expected
[ERROR] /workspaces/master-thesis-pascal-joos/code_cure_agent/cca_workspace/jMetal/jmetal-problem/src/main/java/org/uma/jmetal/problem/multiobjective/ebes/Ebes.java:[584,3] class, interface, or enum expected
[ERROR] /workspaces/master-thesis-pascal-joos/code_cure_agent/cca_workspace/jMetal/jmetal-problem/src/main/java/org/uma/jmetal/problem/multiobjective/ebes/Ebes.java:[588,3] class, interface, or enum expected
[ERROR] /workspaces/master-thesis-pascal-joos/code_cure_agent/cca_workspace/jMetal/jmetal-problem/src/main/java/org/uma/jmetal/problem/multiobjective/ebes/Ebes.java:[589,3] class, interface, or enum expected
[ERROR] /workspaces/master-thesis-pascal-joos/code_cure_agent/cca_workspace/jMetal/jmetal-problem/src/main/java/org/uma/jmetal/problem/multiobjective/ebes/Ebes.java:[590,3] class, interface, or enum expected
[ERROR] /workspaces/master-thesis-pascal-joos/code_cure_agent/cca_workspace/jMetal/jmetal-problem/src/main/java/org/uma/jmetal/problem/multiobjective/ebes/Ebes.java:[591,3] class, interface, or enum expected
[ERROR] /workspaces/master-thesis-pascal-joos/code_cure_agent/cca_workspace/jMetal/jmetal-problem/src/main/java/org/uma/jmetal/problem/multiobjective/ebes/Ebes.java:[592,3] class, interface, or enum expected
[ERROR] /workspaces/master-thesis-pascal-joos/code_cure_agent/cca_workspace/jMetal/jmetal-problem/src/main/java/org/uma/jmetal/problem/multiobjective/ebes/Ebes.java:[593,3] class, interface, or enum expected
[ERROR] /workspaces/master-thesis-pascal-joos/code_cure_agent/cca_workspace/jMetal/jmetal-problem/src/main/java/org/uma/jmetal/problem/multiobjective/ebes/Ebes.java:[596,23] class, interface, or enum expected
[ERROR] /workspaces/master-thesis-pascal-joos/code_cure_agent/cca_workspace/jMetal/jmetal-problem/src/main/java/org/uma/jmetal/problem/multiobjective/ebes/Ebes.java:[597,23] class, interface, or enum expected
[ERROR] /workspaces/master-thesis-pascal-joos/code_cure_agent/cca_workspace/jMetal/jmetal-problem/src/main/java/org/uma/jmetal/problem/multiobjective/ebes/Ebes.java:[599,23] class, interface, or enum expected
[ERROR] /workspaces/master-thesis-pascal-joos/code_cure_agent/cca_workspace/jMetal/jmetal-problem/src/main/java/org/uma/jmetal/problem/multiobjective/ebes/Ebes.java:[600,23] class, interface, or enum expected
[ERROR] /workspaces/master-thesis-pascal-joos/code_cure_agent/cca_workspace/jMetal/jmetal-problem/src/main/java/org/uma/jmetal/problem/multiobjective/ebes/Ebes.java:[601,23] class, interface, or enum expected
[ERROR] /workspaces/master-thesis-pascal-joos/code_cure_agent/cca_workspace/jMetal/jmetal-problem/src/main/java/org/uma/jmetal/problem/multiobjective/ebes/Ebes.java:[602,23] class, interface, or enum expected
[ERROR] /workspaces/master-thesis-pascal-joos/code_cure_agent/cca_workspace/jMetal/jmetal-problem/src/main/java/org/uma/jmetal/problem/multiobjective/ebes/Ebes.java:[603,23] class, interface, or enum expected
[ERROR] /workspaces/master-thesis-pascal-joos/code_cure_agent/cca_workspace/jMetal/jmetal-problem/src/main/java/org/uma/jmetal/problem/multiobjective/ebes/Ebes.java:[604,23] class, interface, or enum expected
[ERROR] /workspaces/master-thesis-pascal-joos/code_cure_agent/cca_workspace/jMetal/jmetal-problem/src/main/java/org/uma/jmetal/problem/multiobjective/ebes/Ebes.java:[605,23] class, interface, or enum expected
[ERROR] /workspaces/master-thesis-pascal-joos/code_cure_agent/cca_workspace/jMetal/jmetal-problem/src/main/java/org/uma/jmetal/problem/multiobjective/ebes/Ebes.java:[606,23] class, interface, or enum expected
[ERROR] /workspaces/master-thesis-pascal-joos/code_cure_agent/cca_workspace/jMetal/jmetal-problem/src/main/java/org/uma/jmetal/problem/multiobjective/ebes/Ebes.java:[607,23] class, interface, or enum expected
[ERROR] /workspaces/master-thesis-pascal-joos/code_cure_agent/cca_workspace/jMetal/jmetal-problem/src/main/java/org/uma/jmetal/problem/multiobjective/ebes/Ebes.java:[608,23] class, interface, or enum expected
[ERROR] /workspaces/master-thesis-pascal-joos/code_cure_agent/cca_workspace/jMetal/jmetal-problem/src/main/java/org/uma/jmetal/problem/multiobjective/ebes/Ebes.java:[610,3] class, interface, or enum expected
[ERROR] /workspaces/master-thesis-pascal-joos/code_cure_agent/cca_workspace/jMetal/jmetal-problem/src/main/java/org/uma/jmetal/problem/multiobjective/ebes/Ebes.java:[611,3] class, interface, or enum expected
[ERROR] /workspaces/master-thesis-pascal-joos/code_cure_agent/cca_workspace/jMetal/jmetal-problem/src/main/java/org/uma/jmetal/problem/multiobjective/ebes/Ebes.java:[612,3] class, interface, or enum expected
[ERROR] /workspaces/master-thesis-pascal-joos/code_cure_agent/cca_workspace/jMetal/jmetal-problem/src/main/java/org/uma/jmetal/problem/multiobjective/ebes/Ebes.java:[613,3] class, interface, or enum expected
[ERROR] /workspaces/master-thesis-pascal-joos/code_cure_agent/cca_workspace/jMetal/jmetal-problem/src/main/java/org/uma/jmetal/problem/multiobjective/ebes/Ebes.java:[617,3] class, interface, or enum expected
[ERROR] /workspaces/master-thesis-pascal-joos/code_cure_agent/cca_workspace/jMetal/jmetal-problem/src/main/java/org/uma/jmetal/problem/multiobjective/ebes/Ebes.java:[618,3] class, interface, or enum expected
[ERROR] /workspaces/master-thesis-pascal-joos/code_cure_agent/cca_workspace/jMetal/jmetal-problem/src/main/java/org/uma/jmetal/problem/multiobjective/ebes/Ebes.java:[619,3] class, interface, or enum expected
[ERROR] /workspaces/master-thesis-pascal-joos/code_cure_agent/cca_workspace/jMetal/jmetal-problem/src/main/java/org/uma/jmetal/problem/multiobjective/ebes/Ebes.java:[620,3] class, interface, or enum expected
[INFO] 100 errors 
[INFO] -------------------------------------------------------------
[INFO] ------------------------------------------------------------------------
[INFO] Reactor Summary for org.uma.jmetal:jmetal 5.11-SNAPSHOT:
[INFO] 
[INFO] org.uma.jmetal:jmetal .............................. SUCCESS [  1.001 s]
[INFO] org.uma.jmetal:jmetal-core ......................... SUCCESS [ 11.995 s]
[INFO] org.uma.jmetal:jmetal-problem ...................... FAILURE [  0.246 s]
[INFO] org.uma.jmetal:jmetal-algorithm .................... SKIPPED
[INFO] org.uma.jmetal:jmetal-lab .......................... SKIPPED
[INFO] org.uma.jmetal:jmetal-example ...................... SKIPPED
[INFO] org.uma.jmetal:jmetal-experimental ................. SKIPPED
[INFO] org.uma.jmetal:jmetal-parallel ..................... SKIPPED
[INFO] ------------------------------------------------------------------------
[INFO] BUILD FAILURE
[INFO] ------------------------------------------------------------------------
[INFO] Total time:  13.730 s
[INFO] Finished at: 2025-08-30T19:10:53Z
[INFO] ------------------------------------------------------------------------
[ERROR] Failed to execute goal org.apache.maven.plugins:maven-compiler-plugin:3.8.0:compile (default-compile) on project jmetal-problem: Compilation failure: Compilation failure: 
[ERROR] /workspaces/master-thesis-pascal-joos/code_cure_agent/cca_workspace/jMetal/jmetal-problem/src/main/java/org/uma/jmetal/problem/multiobjective/ebes/Ebes.java:[505,3] class, interface, or enum expected
[ERROR] /workspaces/master-thesis-pascal-joos/code_cure_agent/cca_workspace/jMetal/jmetal-problem/src/main/java/org/uma/jmetal/problem/multiobjective/ebes/Ebes.java:[506,3] class, interface, or enum expected
[ERROR] /workspaces/master-thesis-pascal-joos/code_cure_agent/cca_workspace/jMetal/jmetal-problem/src/main/java/org/uma/jmetal/problem/multiobjective/ebes/Ebes.java:[507,3] class, interface, or enum expected
[ERROR] /workspaces/master-thesis-pascal-joos/code_cure_agent/cca_workspace/jMetal/jmetal-problem/src/main/java/org/uma/jmetal/problem/multiobjective/ebes/Ebes.java:[508,3] class, interface, or enum expected
[ERROR] /workspaces/master-thesis-pascal-joos/code_cure_agent/cca_workspace/jMetal/jmetal-problem/src/main/java/org/uma/jmetal/problem/multiobjective/ebes/Ebes.java:[509,3] class, interface, or enum expected
[ERROR] /workspaces/master-thesis-pascal-joos/code_cure_agent/cca_workspace/jMetal/jmetal-problem/src/main/java/org/uma/jmetal/problem/multiobjective/ebes/Ebes.java:[510,3] class, interface, or enum expected
[ERROR] /workspaces/master-thesis-pascal-joos/code_cure_agent/cca_workspace/jMetal/jmetal-problem/src/main/java/org/uma/jmetal/problem/multiobjective/ebes/Ebes.java:[511,3] class, interface, or enum expected
[ERROR] /workspaces/master-thesis-pascal-joos/code_cure_agent/cca_workspace/jMetal/jmetal-problem/src/main/java/org/uma/jmetal/problem/multiobjective/ebes/Ebes.java:[512,3] class, interface, or enum expected
[ERROR] /workspaces/master-thesis-pascal-joos/code_cure_agent/cca_workspace/jMetal/jmetal-problem/src/main/java/org/uma/jmetal/problem/multiobjective/ebes/Ebes.java:[513,3] class, interface, or enum expected
[ERROR] /workspaces/master-thesis-pascal-joos/code_cure_agent/cca_workspace/jMetal/jmetal-problem/src/main/java/org/uma/jmetal/problem/multiobjective/ebes/Ebes.java:[514,3] class, interface, or enum expected
[ERROR] /workspaces/master-thesis-pascal-joos/code_cure_agent/cca_workspace/jMetal/jmetal-problem/src/main/java/org/uma/jmetal/problem/multiobjective/ebes/Ebes.java:[515,3] class, interface, or enum expected
[ERROR] /workspaces/master-thesis-pascal-joos/code_cure_agent/cca_workspace/jMetal/jmetal-problem/src/main/java/org/uma/jmetal/problem/multiobjective/ebes/Ebes.java:[516,3] class, interface, or enum expected
[ERROR] /workspaces/master-thesis-pascal-joos/code_cure_agent/cca_workspace/jMetal/jmetal-problem/src/main/java/org/uma/jmetal/problem/multiobjective/ebes/Ebes.java:[517,3] class, interface, or enum expected
[ERROR] /workspaces/master-thesis-pascal-joos/code_cure_agent/cca_workspace/jMetal/jmetal-problem/src/main/java/org/uma/jmetal/problem/multiobjective/ebes/Ebes.java:[518,3] class, interface, or enum expected
[ERROR] /workspaces/master-thesis-pascal-joos/code_cure_agent/cca_workspace/jMetal/jmetal-problem/src/main/java/org/uma/jmetal/problem/multiobjective/ebes/Ebes.java:[520,3] class, interface, or enum expected
[ERROR] /workspaces/master-thesis-pascal-joos/code_cure_agent/cca_workspace/jMetal/jmetal-problem/src/main/java/org/uma/jmetal/problem/multiobjective/ebes/Ebes.java:[521,3] class, interface, or enum expected
[ERROR] /workspaces/master-thesis-pascal-joos/code_cure_agent/cca_workspace/jMetal/jmetal-problem/src/main/java/org/uma/jmetal/problem/multiobjective/ebes/Ebes.java:[522,3] class, interface, or enum expected
[ERROR] /workspaces/master-thesis-pascal-joos/code_cure_agent/cca_workspace/jMetal/jmetal-problem/src/main/java/org/uma/jmetal/problem/multiobjective/ebes/Ebes.java:[523,3] class, interface, or enum expected
[ERROR] /workspaces/master-thesis-pascal-joos/code_cure_agent/cca_workspace/jMetal/jmetal-problem/src/main/java/org/uma/jmetal/problem/multiobjective/ebes/Ebes.java:[526,3] class, interface, or enum expected
[ERROR] /workspaces/master-thesis-pascal-joos/code_cure_agent/cca_workspace/jMetal/jmetal-problem/src/main/java/org/uma/jmetal/problem/multiobjective/ebes/Ebes.java:[527,3] class, interface, or enum expected
[ERROR] /workspaces/master-thesis-pascal-joos/code_cure_agent/cca_workspace/jMetal/jmetal-problem/src/main/java/org/uma/jmetal/problem/multiobjective/ebes/Ebes.java:[528,3] class, interface, or enum expected
[ERROR] /workspaces/master-thesis-pascal-joos/code_cure_agent/cca_workspace/jMetal/jmetal-problem/src/main/java/org/uma/jmetal/problem/multiobjective/ebes/Ebes.java:[529,3] class, interface, or enum expected
[ERROR] /workspaces/master-thesis-pascal-joos/code_cure_agent/cca_workspace/jMetal/jmetal-problem/src/main/java/org/uma/jmetal/problem/multiobjective/ebes/Ebes.java:[530,3] class, interface, or enum expected
[ERROR] /workspaces/master-thesis-pascal-joos/code_cure_agent/cca_workspace/jMetal/jmetal-problem/src/main/java/org/uma/jmetal/problem/multiobjective/ebes/Ebes.java:[531,3] class, interface, or enum expected
[ERROR] /workspaces/master-thesis-pascal-joos/code_cure_agent/cca_workspace/jMetal/jmetal-problem/src/main/java/org/uma/jmetal/problem/multiobjective/ebes/Ebes.java:[532,3] class, interface, or enum expected
[ERROR] /workspaces/master-thesis-pascal-joos/code_cure_agent/cca_workspace/jMetal/jmetal-problem/src/main/java/org/uma/jmetal/problem/multiobjective/ebes/Ebes.java:[533,3] class, interface, or enum expected
[ERROR] /workspaces/master-thesis-pascal-joos/code_cure_agent/cca_workspace/jMetal/jmetal-problem/src/main/java/org/uma/jmetal/problem/multiobjective/ebes/Ebes.java:[534,3] class, interface, or enum expected
[ERROR] /workspaces/master-thesis-pascal-joos/code_cure_agent/cca_workspace/jMetal/jmetal-problem/src/main/java/org/uma/jmetal/problem/multiobjective/ebes/Ebes.java:[535,3] class, interface, or enum expected
[ERROR] /workspaces/master-thesis-pascal-joos/code_cure_agent/cca_workspace/jMetal/jmetal-problem/src/main/java/org/uma/jmetal/problem/multiobjective/ebes/Ebes.java:[536,3] class, interface, or enum expected
[ERROR] /workspaces/master-thesis-pascal-joos/code_cure_agent/cca_workspace/jMetal/jmetal-problem/src/main/java/org/uma/jmetal/problem/multiobjective/ebes/Ebes.java:[537,3] class, interface, or enum expected
[ERROR] /workspaces/master-thesis-pascal-joos/code_cure_agent/cca_workspace/jMetal/jmetal-problem/src/main/java/org/uma/jmetal/problem/multiobjective/ebes/Ebes.java:[538,3] class, interface, or enum expected
[ERROR] /workspaces/master-thesis-pascal-joos/code_cure_agent/cca_workspace/jMetal/jmetal-problem/src/main/java/org/uma/jmetal/problem/multiobjective/ebes/Ebes.java:[539,3] class, interface, or enum expected
[ERROR] /workspaces/master-thesis-pascal-joos/code_cure_agent/cca_workspace/jMetal/jmetal-problem/src/main/java/org/uma/jmetal/problem/multiobjective/ebes/Ebes.java:[540,3] class, interface, or enum expected
[ERROR] /workspaces/master-thesis-pascal-joos/code_cure_agent/cca_workspace/jMetal/jmetal-problem/src/main/java/org/uma/jmetal/problem/multiobjective/ebes/Ebes.java:[541,3] class, interface, or enum expected
[ERROR] /workspaces/master-thesis-pascal-joos/code_cure_agent/cca_workspace/jMetal/jmetal-problem/src/main/java/org/uma/jmetal/problem/multiobjective/ebes/Ebes.java:[542,3] class, interface, or enum expected
[ERROR] /workspaces/master-thesis-pascal-joos/code_cure_agent/cca_workspace/jMetal/jmetal-problem/src/main/java/org/uma/jmetal/problem/multiobjective/ebes/Ebes.java:[543,3] class, interface, or enum expected
[ERROR] /workspaces/master-thesis-pascal-joos/code_cure_agent/cca_workspace/jMetal/jmetal-problem/src/main/java/org/uma/jmetal/problem/multiobjective/ebes/Ebes.java:[544,3] class, interface, or enum expected
[ERROR] /workspaces/master-thesis-pascal-joos/code_cure_agent/cca_workspace/jMetal/jmetal-problem/src/main/java/org/uma/jmetal/problem/multiobjective/ebes/Ebes.java:[545,3] class, interface, or enum expected
[ERROR] /workspaces/master-thesis-pascal-joos/code_cure_agent/cca_workspace/jMetal/jmetal-problem/src/main/java/org/uma/jmetal/problem/multiobjective/ebes/Ebes.java:[546,3] class, interface, or enum expected
[ERROR] /workspaces/master-thesis-pascal-joos/code_cure_agent/cca_workspace/jMetal/jmetal-problem/src/main/java/org/uma/jmetal/problem/multiobjective/ebes/Ebes.java:[547,3] class, interface, or enum expected
[ERROR] /workspaces/master-thesis-pascal-joos/code_cure_agent/cca_workspace/jMetal/jmetal-problem/src/main/java/org/uma/jmetal/problem/multiobjective/ebes/Ebes.java:[548,3] class, interface, or enum expected
[ERROR] /workspaces/master-thesis-pascal-joos/code_cure_agent/cca_workspace/jMetal/jmetal-problem/src/main/java/org/uma/jmetal/problem/multiobjective/ebes/Ebes.java:[549,3] class, interface, or enum expected
[ERROR] /workspaces/master-thesis-pascal-joos/code_cure_agent/cca_workspace/jMetal/jmetal-problem/src/main/java/org/uma/jmetal/problem/multiobjective/ebes/Ebes.java:[550,3] class, interface, or enum expected
[ERROR] /workspaces/master-thesis-pascal-joos/code_cure_agent/cca_workspace/jMetal/jmetal-problem/src/main/java/org/uma/jmetal/problem/multiobjective/ebes/Ebes.java:[551,3] class, interface, or enum expected
[ERROR] /workspaces/master-thesis-pascal-joos/code_cure_agent/cca_workspace/jMetal/jmetal-problem/src/main/java/org/uma/jmetal/problem/multiobjective/ebes/Ebes.java:[552,3] class, interface, or enum expected
[ERROR] /workspaces/master-thesis-pascal-joos/code_cure_agent/cca_workspace/jMetal/jmetal-problem/src/main/java/org/uma/jmetal/problem/multiobjective/ebes/Ebes.java:[553,3] class, interface, or enum expected
[ERROR] /workspaces/master-thesis-pascal-joos/code_cure_agent/cca_workspace/jMetal/jmetal-problem/src/main/java/org/uma/jmetal/problem/multiobjective/ebes/Ebes.java:[554,3] class, interface, or enum expected
[ERROR] /workspaces/master-thesis-pascal-joos/code_cure_agent/cca_workspace/jMetal/jmetal-problem/src/main/java/org/uma/jmetal/problem/multiobjective/ebes/Ebes.java:[555,3] class, interface, or enum expected
[ERROR] /workspaces/master-thesis-pascal-joos/code_cure_agent/cca_workspace/jMetal/jmetal-problem/src/main/java/org/uma/jmetal/problem/multiobjective/ebes/Ebes.java:[556,3] class, interface, or enum expected
[ERROR] /workspaces/master-thesis-pascal-joos/code_cure_agent/cca_workspace/jMetal/jmetal-problem/src/main/java/org/uma/jmetal/problem/multiobjective/ebes/Ebes.java:[557,3] class, interface, or enum expected
[ERROR] /workspaces/master-thesis-pascal-joos/code_cure_agent/cca_workspace/jMetal/jmetal-problem/src/main/java/org/uma/jmetal/problem/multiobjective/ebes/Ebes.java:[558,3] class, interface, or enum expected
[ERROR] /workspaces/master-thesis-pascal-joos/code_cure_agent/cca_workspace/jMetal/jmetal-problem/src/main/java/org/uma/jmetal/problem/multiobjective/ebes/Ebes.java:[559,3] class, interface, or enum expected
[ERROR] /workspaces/master-thesis-pascal-joos/code_cure_agent/cca_workspace/jMetal/jmetal-problem/src/main/java/org/uma/jmetal/problem/multiobjective/ebes/Ebes.java:[560,3] class, interface, or enum expected
[ERROR] /workspaces/master-thesis-pascal-joos/code_cure_agent/cca_workspace/jMetal/jmetal-problem/src/main/java/org/uma/jmetal/problem/multiobjective/ebes/Ebes.java:[561,3] class, interface, or enum expected
[ERROR] /workspaces/master-thesis-pascal-joos/code_cure_agent/cca_workspace/jMetal/jmetal-problem/src/main/java/org/uma/jmetal/problem/multiobjective/ebes/Ebes.java:[562,3] class, interface, or enum expected
[ERROR] /workspaces/master-thesis-pascal-joos/code_cure_agent/cca_workspace/jMetal/jmetal-problem/src/main/java/org/uma/jmetal/problem/multiobjective/ebes/Ebes.java:[563,3] class, interface, or enum expected
[ERROR] /workspaces/master-thesis-pascal-joos/code_cure_agent/cca_workspace/jMetal/jmetal-problem/src/main/java/org/uma/jmetal/problem/multiobjective/ebes/Ebes.java:[564,3] class, interface, or enum expected
[ERROR] /workspaces/master-thesis-pascal-joos/code_cure_agent/cca_workspace/jMetal/jmetal-problem/src/main/java/org/uma/jmetal/problem/multiobjective/ebes/Ebes.java:[565,3] class, interface, or enum expected
[ERROR] /workspaces/master-thesis-pascal-joos/code_cure_agent/cca_workspace/jMetal/jmetal-problem/src/main/java/org/uma/jmetal/problem/multiobjective/ebes/Ebes.java:[566,3] class, interface, or enum expected
[ERROR] /workspaces/master-thesis-pascal-joos/code_cure_agent/cca_workspace/jMetal/jmetal-problem/src/main/java/org/uma/jmetal/problem/multiobjective/ebes/Ebes.java:[567,3] class, interface, or enum expected
[ERROR] /workspaces/master-thesis-pascal-joos/code_cure_agent/cca_workspace/jMetal/jmetal-problem/src/main/java/org/uma/jmetal/problem/multiobjective/ebes/Ebes.java:[568,3] class, interface, or enum expected
[ERROR] /workspaces/master-thesis-pascal-joos/code_cure_agent/cca_workspace/jMetal/jmetal-problem/src/main/java/org/uma/jmetal/problem/multiobjective/ebes/Ebes.java:[569,3] class, interface, or enum expected
[ERROR] /workspaces/master-thesis-pascal-joos/code_cure_agent/cca_workspace/jMetal/jmetal-problem/src/main/java/org/uma/jmetal/problem/multiobjective/ebes/Ebes.java:[570,3] class, interface, or enum expected
[ERROR] /workspaces/master-thesis-pascal-joos/code_cure_agent/cca_workspace/jMetal/jmetal-problem/src/main/java/org/uma/jmetal/problem/multiobjective/ebes/Ebes.java:[571,3] class, interface, or enum expected
[ERROR] /workspaces/master-thesis-pascal-joos/code_cure_agent/cca_workspace/jMetal/jmetal-problem/src/main/java/org/uma/jmetal/problem/multiobjective/ebes/Ebes.java:[573,3] class, interface, or enum expected
[ERROR] /workspaces/master-thesis-pascal-joos/code_cure_agent/cca_workspace/jMetal/jmetal-problem/src/main/java/org/uma/jmetal/problem/multiobjective/ebes/Ebes.java:[576,3] class, interface, or enum expected
[ERROR] /workspaces/master-thesis-pascal-joos/code_cure_agent/cca_workspace/jMetal/jmetal-problem/src/main/java/org/uma/jmetal/problem/multiobjective/ebes/Ebes.java:[577,3] class, interface, or enum expected
[ERROR] /workspaces/master-thesis-pascal-joos/code_cure_agent/cca_workspace/jMetal/jmetal-problem/src/main/java/org/uma/jmetal/problem/multiobjective/ebes/Ebes.java:[578,3] class, interface, or enum expected
[ERROR] /workspaces/master-thesis-pascal-joos/code_cure_agent/cca_workspace/jMetal/jmetal-problem/src/main/java/org/uma/jmetal/problem/multiobjective/ebes/Ebes.java:[579,3] class, interface, or enum expected
[ERROR] /workspaces/master-thesis-pascal-joos/code_cure_agent/cca_workspace/jMetal/jmetal-problem/src/main/java/org/uma/jmetal/problem/multiobjective/ebes/Ebes.java:[580,3] class, interface, or enum expected
[ERROR] /workspaces/master-thesis-pascal-joos/code_cure_agent/cca_workspace/jMetal/jmetal-problem/src/main/java/org/uma/jmetal/problem/multiobjective/ebes/Ebes.java:[581,3] class, interface, or enum expected
[ERROR] /workspaces/master-thesis-pascal-joos/code_cure_agent/cca_workspace/jMetal/jmetal-problem/src/main/java/org/uma/jmetal/problem/multiobjective/ebes/Ebes.java:[582,3] class, interface, or enum expected
[ERROR] /workspaces/master-thesis-pascal-joos/code_cure_agent/cca_workspace/jMetal/jmetal-problem/src/main/java/org/uma/jmetal/problem/multiobjective/ebes/Ebes.java:[583,3] class, interface, or enum expected
[ERROR] /workspaces/master-thesis-pascal-joos/code_cure_agent/cca_workspace/jMetal/jmetal-problem/src/main/java/org/uma/jmetal/problem/multiobjective/ebes/Ebes.java:[584,3] class, interface, or enum expected
[ERROR] /workspaces/master-thesis-pascal-joos/code_cure_agent/cca_workspace/jMetal/jmetal-problem/src/main/java/org/uma/jmetal/problem/multiobjective/ebes/Ebes.java:[588,3] class, interface, or enum expected
[ERROR] /workspaces/master-thesis-pascal-joos/code_cure_agent/cca_workspace/jMetal/jmetal-problem/src/main/java/org/uma/jmetal/problem/multiobjective/ebes/Ebes.java:[589,3] class, interface, or enum expected
[ERROR] /workspaces/master-thesis-pascal-joos/code_cure_agent/cca_workspace/jMetal/jmetal-problem/src/main/java/org/uma/jmetal/problem/multiobjective/ebes/Ebes.java:[590,3] class, interface, or enum expected
[ERROR] /workspaces/master-thesis-pascal-joos/code_cure_agent/cca_workspace/jMetal/jmetal-problem/src/main/java/org/uma/jmetal/problem/multiobjective/ebes/Ebes.java:[591,3] class, interface, or enum expected
[ERROR] /workspaces/master-thesis-pascal-joos/code_cure_agent/cca_workspace/jMetal/jmetal-problem/src/main/java/org/uma/jmetal/problem/multiobjective/ebes/Ebes.java:[592,3] class, interface, or enum expected
[ERROR] /workspaces/master-thesis-pascal-joos/code_cure_agent/cca_workspace/jMetal/jmetal-problem/src/main/java/org/uma/jmetal/problem/multiobjective/ebes/Ebes.java:[593,3] class, interface, or enum expected
[ERROR] /workspaces/master-thesis-pascal-joos/code_cure_agent/cca_workspace/jMetal/jmetal-problem/src/main/java/org/uma/jmetal/problem/multiobjective/ebes/Ebes.java:[596,23] class, interface, or enum expected
[ERROR] /workspaces/master-thesis-pascal-joos/code_cure_agent/cca_workspace/jMetal/jmetal-problem/src/main/java/org/uma/jmetal/problem/multiobjective/ebes/Ebes.java:[597,23] class, interface, or enum expected
[ERROR] /workspaces/master-thesis-pascal-joos/code_cure_agent/cca_workspace/jMetal/jmetal-problem/src/main/java/org/uma/jmetal/problem/multiobjective/ebes/Ebes.java:[599,23] class, interface, or enum expected
[ERROR] /workspaces/master-thesis-pascal-joos/code_cure_agent/cca_workspace/jMetal/jmetal-problem/src/main/java/org/uma/jmetal/problem/multiobjective/ebes/Ebes.java:[600,23] class, interface, or enum expected
[ERROR] /workspaces/master-thesis-pascal-joos/code_cure_agent/cca_workspace/jMetal/jmetal-problem/src/main/java/org/uma/jmetal/problem/multiobjective/ebes/Ebes.java:[601,23] class, interface, or enum expected
[ERROR] /workspaces/master-thesis-pascal-joos/code_cure_agent/cca_workspace/jMetal/jmetal-problem/src/main/java/org/uma/jmetal/problem/multiobjective/ebes/Ebes.java:[602,23] class, interface, or enum expected
[ERROR] /workspaces/master-thesis-pascal-joos/code_cure_agent/cca_workspace/jMetal/jmetal-problem/src/main/java/org/uma/jmetal/problem/multiobjective/ebes/Ebes.java:[603,23] class, interface, or enum expected
[ERROR] /workspaces/master-thesis-pascal-joos/code_cure_agent/cca_workspace/jMetal/jmetal-problem/src/main/java/org/uma/jmetal/problem/multiobjective/ebes/Ebes.java:[604,23] class, interface, or enum expected
[ERROR] /workspaces/master-thesis-pascal-joos/code_cure_agent/cca_workspace/jMetal/jmetal-problem/src/main/java/org/uma/jmetal/problem/multiobjective/ebes/Ebes.java:[605,23] class, interface, or enum expected
[ERROR] /workspaces/master-thesis-pascal-joos/code_cure_agent/cca_workspace/jMetal/jmetal-problem/src/main/java/org/uma/jmetal/problem/multiobjective/ebes/Ebes.java:[606,23] class, interface, or enum expected
[ERROR] /workspaces/master-thesis-pascal-joos/code_cure_agent/cca_workspace/jMetal/jmetal-problem/src/main/java/org/uma/jmetal/problem/multiobjective/ebes/Ebes.java:[607,23] class, interface, or enum expected
[ERROR] /workspaces/master-thesis-pascal-joos/code_cure_agent/cca_workspace/jMetal/jmetal-problem/src/main/java/org/uma/jmetal/problem/multiobjective/ebes/Ebes.java:[608,23] class, interface, or enum expected
[ERROR] /workspaces/master-thesis-pascal-joos/code_cure_agent/cca_workspace/jMetal/jmetal-problem/src/main/java/org/uma/jmetal/problem/multiobjective/ebes/Ebes.java:[610,3] class, interface, or enum expected
[ERROR] /workspaces/master-thesis-pascal-joos/code_cure_agent/cca_workspace/jMetal/jmetal-problem/src/main/java/org/uma/jmetal/problem/multiobjective/ebes/Ebes.java:[611,3] class, interface, or enum expected
[ERROR] /workspaces/master-thesis-pascal-joos/code_cure_agent/cca_workspace/jMetal/jmetal-problem/src/main/java/org/uma/jmetal/problem/multiobjective/ebes/Ebes.java:[612,3] class, interface, or enum expected
[ERROR] /workspaces/master-thesis-pascal-joos/code_cure_agent/cca_workspace/jMetal/jmetal-problem/src/main/java/org/uma/jmetal/problem/multiobjective/ebes/Ebes.java:[613,3] class, interface, or enum expected
[ERROR] /workspaces/master-thesis-pascal-joos/code_cure_agent/cca_workspace/jMetal/jmetal-problem/src/main/java/org/uma/jmetal/problem/multiobjective/ebes/Ebes.java:[617,3] class, interface, or enum expected
[ERROR] /workspaces/master-thesis-pascal-joos/code_cure_agent/cca_workspace/jMetal/jmetal-problem/src/main/java/org/uma/jmetal/problem/multiobjective/ebes/Ebes.java:[618,3] class, interface, or enum expected
[ERROR] /workspaces/master-thesis-pascal-joos/code_cure_agent/cca_workspace/jMetal/jmetal-problem/src/main/java/org/uma/jmetal/problem/multiobjective/ebes/Ebes.java:[619,3] class, interface, or enum expected
[ERROR] /workspaces/master-thesis-pascal-joos/code_cure_agent/cca_workspace/jMetal/jmetal-problem/src/main/java/org/uma/jmetal/problem/multiobjective/ebes/Ebes.java:[620,3] class, interface, or enum expected
[ERROR] -> [Help 1]
[ERROR] 
[ERROR] To see the full stack trace of the errors, re-run Maven with the -e switch.
[ERROR] Re-run Maven using the -X switch to enable full debug logging.
[ERROR] 
[ERROR] For more information about the errors and possible solutions, please read the following articles:
[ERROR] [Help 1] http://cwiki.apache.org/confluence/display/MAVEN/MojoFailureException
[ERROR] 
[ERROR] After correcting the problems, you can resume the build with the command
[ERROR]   mvn <args> -rf :jmetal-problem
