[INFO] Scanning for projects...
[INFO] 
[INFO] ----------------------< org.apache.joshua:joshua >----------------------
[INFO] Building Apache Joshua Machine Translation Toolkit 6.3-SNAPSHOT
[INFO] --------------------------------[ jar ]---------------------------------
[INFO] 
[INFO] --- maven-clean-plugin:3.0.0:clean (default-clean) @ joshua ---
[INFO] 
[INFO] --- maven-remote-resources-plugin:1.5:process (process-resource-bundles) @ joshua ---
[INFO] 
[INFO] --- maven-resources-plugin:2.7:resources (default-resources) @ joshua ---
[INFO] Using 'UTF-8' encoding to copy filtered resources.
[INFO] Copying 1 resource
[INFO] Copying 3 resources
[INFO] 
[INFO] --- maven-compiler-plugin:3.5.1:compile (default-compile) @ joshua ---
[INFO] Changes detected - recompiling the module!
[INFO] Compiling 259 source files to /workspaces/master-thesis-pascal-joos/code_cure_agent/cca_workspace/joshua/target/classes
[INFO] /workspaces/master-thesis-pascal-joos/code_cure_agent/cca_workspace/joshua/src/main/java/org/apache/joshua/ui/tree_visualizer/DerivationViewerApplet.java: Some input files use or override a deprecated API.
[INFO] /workspaces/master-thesis-pascal-joos/code_cure_agent/cca_workspace/joshua/src/main/java/org/apache/joshua/ui/tree_visualizer/DerivationViewerApplet.java: Recompile with -Xlint:deprecation for details.
[INFO] /workspaces/master-thesis-pascal-joos/code_cure_agent/cca_workspace/joshua/src/main/java/org/apache/joshua/decoder/chart_parser/Chart.java: Some input files use unchecked or unsafe operations.
[INFO] /workspaces/master-thesis-pascal-joos/code_cure_agent/cca_workspace/joshua/src/main/java/org/apache/joshua/decoder/chart_parser/Chart.java: Recompile with -Xlint:unchecked for details.
[INFO] -------------------------------------------------------------
[ERROR] COMPILATION ERROR : 
[INFO] -------------------------------------------------------------
[ERROR] /workspaces/master-thesis-pascal-joos/code_cure_agent/cca_workspace/joshua/src/main/java/org/apache/joshua/decoder/JoshuaConfiguration.java:[310,5] cannot find symbol
  symbol:   variable filter_grammar
  location: class org.apache.joshua.decoder.JoshuaConfiguration
[ERROR] /workspaces/master-thesis-pascal-joos/code_cure_agent/cca_workspace/joshua/src/main/java/org/apache/joshua/decoder/JoshuaConfiguration.java:[311,5] cannot find symbol
  symbol:   variable pop_limit
  location: class org.apache.joshua.decoder.JoshuaConfiguration
[ERROR] /workspaces/master-thesis-pascal-joos/code_cure_agent/cca_workspace/joshua/src/main/java/org/apache/joshua/decoder/JoshuaConfiguration.java:[313,5] cannot find symbol
  symbol:   variable use_unique_nbest
  location: class org.apache.joshua.decoder.JoshuaConfiguration
[ERROR] /workspaces/master-thesis-pascal-joos/code_cure_agent/cca_workspace/joshua/src/main/java/org/apache/joshua/decoder/JoshuaConfiguration.java:[314,5] cannot find symbol
  symbol:   variable include_align_index
  location: class org.apache.joshua.decoder.JoshuaConfiguration
[ERROR] /workspaces/master-thesis-pascal-joos/code_cure_agent/cca_workspace/joshua/src/main/java/org/apache/joshua/decoder/JoshuaConfiguration.java:[317,5] cannot find symbol
  symbol:   variable num_parallel_decoders
  location: class org.apache.joshua.decoder.JoshuaConfiguration
[ERROR] /workspaces/master-thesis-pascal-joos/code_cure_agent/cca_workspace/joshua/src/main/java/org/apache/joshua/decoder/JoshuaConfiguration.java:[318,5] cannot find symbol
  symbol:   variable mark_oovs
  location: class org.apache.joshua.decoder.JoshuaConfiguration
[ERROR] /workspaces/master-thesis-pascal-joos/code_cure_agent/cca_workspace/joshua/src/main/java/org/apache/joshua/decoder/JoshuaConfiguration.java:[323,5] cannot find symbol
  symbol:   variable server_port
  location: class org.apache.joshua.decoder.JoshuaConfiguration
[ERROR] /workspaces/master-thesis-pascal-joos/code_cure_agent/cca_workspace/joshua/src/main/java/org/apache/joshua/decoder/JoshuaConfiguration.java:[325,5] cannot find symbol
  symbol:   variable reordering_limit
  location: class org.apache.joshua.decoder.JoshuaConfiguration
[ERROR] /workspaces/master-thesis-pascal-joos/code_cure_agent/cca_workspace/joshua/src/main/java/org/apache/joshua/decoder/JoshuaConfiguration.java:[326,5] cannot find symbol
  symbol:   variable num_translation_options
  location: class org.apache.joshua.decoder.JoshuaConfiguration
[ERROR] /workspaces/master-thesis-pascal-joos/code_cure_agent/cca_workspace/joshua/src/main/java/org/apache/joshua/decoder/JoshuaConfiguration.java:[516,13] cannot find symbol
  symbol:   variable lattice_decoding
  location: class org.apache.joshua.decoder.JoshuaConfiguration
[ERROR] /workspaces/master-thesis-pascal-joos/code_cure_agent/cca_workspace/joshua/src/main/java/org/apache/joshua/decoder/JoshuaConfiguration.java:[519,13] cannot find symbol
  symbol:   variable segment_oovs
  location: class org.apache.joshua.decoder.JoshuaConfiguration
[ERROR] /workspaces/master-thesis-pascal-joos/code_cure_agent/cca_workspace/joshua/src/main/java/org/apache/joshua/decoder/JoshuaConfiguration.java:[520,13] cannot find symbol
  symbol:   variable lattice_decoding
  location: class org.apache.joshua.decoder.JoshuaConfiguration
[ERROR] /workspaces/master-thesis-pascal-joos/code_cure_agent/cca_workspace/joshua/src/main/java/org/apache/joshua/decoder/JoshuaConfiguration.java:[523,13] cannot find symbol
  symbol:   variable default_non_terminal
  location: class org.apache.joshua.decoder.JoshuaConfiguration
[ERROR] /workspaces/master-thesis-pascal-joos/code_cure_agent/cca_workspace/joshua/src/main/java/org/apache/joshua/decoder/JoshuaConfiguration.java:[524,51] cannot find symbol
  symbol:   variable default_non_terminal
  location: class org.apache.joshua.decoder.JoshuaConfiguration
[ERROR] /workspaces/master-thesis-pascal-joos/code_cure_agent/cca_workspace/joshua/src/main/java/org/apache/joshua/decoder/JoshuaConfiguration.java:[527,13] cannot find symbol
  symbol:   variable goal_symbol
  location: class org.apache.joshua.decoder.JoshuaConfiguration
[ERROR] /workspaces/master-thesis-pascal-joos/code_cure_agent/cca_workspace/joshua/src/main/java/org/apache/joshua/decoder/JoshuaConfiguration.java:[528,41] cannot find symbol
  symbol:   variable goal_symbol
  location: class org.apache.joshua.decoder.JoshuaConfiguration
[ERROR] /workspaces/master-thesis-pascal-joos/code_cure_agent/cca_workspace/joshua/src/main/java/org/apache/joshua/decoder/JoshuaConfiguration.java:[531,13] cannot find symbol
  symbol:   variable weights_file
  location: class org.apache.joshua.decoder.JoshuaConfiguration
[ERROR] /workspaces/master-thesis-pascal-joos/code_cure_agent/cca_workspace/joshua/src/main/java/org/apache/joshua/decoder/JoshuaConfiguration.java:[534,13] cannot find symbol
  symbol:   variable constrain_parse
  location: class org.apache.joshua.decoder.JoshuaConfiguration
[ERROR] /workspaces/master-thesis-pascal-joos/code_cure_agent/cca_workspace/joshua/src/main/java/org/apache/joshua/decoder/JoshuaConfiguration.java:[537,13] cannot find symbol
  symbol:   variable true_oovs_only
  location: class org.apache.joshua.decoder.JoshuaConfiguration
[ERROR] /workspaces/master-thesis-pascal-joos/code_cure_agent/cca_workspace/joshua/src/main/java/org/apache/joshua/decoder/JoshuaConfiguration.java:[540,13] cannot find symbol
  symbol:   variable filter_grammar
  location: class org.apache.joshua.decoder.JoshuaConfiguration
[ERROR] /workspaces/master-thesis-pascal-joos/code_cure_agent/cca_workspace/joshua/src/main/java/org/apache/joshua/decoder/JoshuaConfiguration.java:[543,13] cannot find symbol
  symbol:   variable amortized_sorting
  location: class org.apache.joshua.decoder.JoshuaConfiguration
[ERROR] /workspaces/master-thesis-pascal-joos/code_cure_agent/cca_workspace/joshua/src/main/java/org/apache/joshua/decoder/JoshuaConfiguration.java:[546,13] cannot find symbol
  symbol:   variable use_pos_labels
  location: class org.apache.joshua.decoder.JoshuaConfiguration
[ERROR] /workspaces/master-thesis-pascal-joos/code_cure_agent/cca_workspace/joshua/src/main/java/org/apache/joshua/decoder/JoshuaConfiguration.java:[549,13] cannot find symbol
  symbol:   variable use_unique_nbest
  location: class org.apache.joshua.decoder.JoshuaConfiguration
[ERROR] /workspaces/master-thesis-pascal-joos/code_cure_agent/cca_workspace/joshua/src/main/java/org/apache/joshua/decoder/JoshuaConfiguration.java:[550,47] cannot find symbol
  symbol:   variable use_unique_nbest
  location: class org.apache.joshua.decoder.JoshuaConfiguration
[ERROR] /workspaces/master-thesis-pascal-joos/code_cure_agent/cca_workspace/joshua/src/main/java/org/apache/joshua/decoder/JoshuaConfiguration.java:[557,13] cannot find symbol
  symbol:   variable include_align_index
  location: class org.apache.joshua.decoder.JoshuaConfiguration
[ERROR] /workspaces/master-thesis-pascal-joos/code_cure_agent/cca_workspace/joshua/src/main/java/org/apache/joshua/decoder/JoshuaConfiguration.java:[558,50] cannot find symbol
  symbol:   variable include_align_index
  location: class org.apache.joshua.decoder.JoshuaConfiguration
[ERROR] /workspaces/master-thesis-pascal-joos/code_cure_agent/cca_workspace/joshua/src/main/java/org/apache/joshua/decoder/JoshuaConfiguration.java:[566,13] cannot find symbol
  symbol:   variable num_parallel_decoders
  location: class org.apache.joshua.decoder.JoshuaConfiguration
[ERROR] /workspaces/master-thesis-pascal-joos/code_cure_agent/cca_workspace/joshua/src/main/java/org/apache/joshua/decoder/JoshuaConfiguration.java:[567,17] cannot find symbol
  symbol:   variable num_parallel_decoders
  location: class org.apache.joshua.decoder.JoshuaConfiguration
[ERROR] /workspaces/master-thesis-pascal-joos/code_cure_agent/cca_workspace/joshua/src/main/java/org/apache/joshua/decoder/JoshuaConfiguration.java:[571,52] cannot find symbol
  symbol:   variable num_parallel_decoders
  location: class org.apache.joshua.decoder.JoshuaConfiguration
[ERROR] /workspaces/master-thesis-pascal-joos/code_cure_agent/cca_workspace/joshua/src/main/java/org/apache/joshua/decoder/JoshuaConfiguration.java:[574,13] cannot find symbol
  symbol:   variable mark_oovs
  location: class org.apache.joshua.decoder.JoshuaConfiguration
[ERROR] /workspaces/master-thesis-pascal-joos/code_cure_agent/cca_workspace/joshua/src/main/java/org/apache/joshua/decoder/JoshuaConfiguration.java:[575,40] cannot find symbol
  symbol:   variable mark_oovs
  location: class org.apache.joshua.decoder.JoshuaConfiguration
[ERROR] /workspaces/master-thesis-pascal-joos/code_cure_agent/cca_workspace/joshua/src/main/java/org/apache/joshua/decoder/JoshuaConfiguration.java:[578,13] cannot find symbol
  symbol:   variable pop_limit
  location: class org.apache.joshua.decoder.JoshuaConfiguration
[ERROR] /workspaces/master-thesis-pascal-joos/code_cure_agent/cca_workspace/joshua/src/main/java/org/apache/joshua/decoder/JoshuaConfiguration.java:[579,39] cannot find symbol
  symbol:   variable pop_limit
  location: class org.apache.joshua.decoder.JoshuaConfiguration
[ERROR] /workspaces/master-thesis-pascal-joos/code_cure_agent/cca_workspace/joshua/src/main/java/org/apache/joshua/decoder/JoshuaConfiguration.java:[584,15] cannot find symbol
  symbol:   variable input_type
  location: class org.apache.joshua.decoder.JoshuaConfiguration
[ERROR] /workspaces/master-thesis-pascal-joos/code_cure_agent/cca_workspace/joshua/src/main/java/org/apache/joshua/decoder/JoshuaConfiguration.java:[587,15] cannot find symbol
  symbol:   variable input_type
  location: class org.apache.joshua.decoder.JoshuaConfiguration
[ERROR] /workspaces/master-thesis-pascal-joos/code_cure_agent/cca_workspace/joshua/src/main/java/org/apache/joshua/decoder/JoshuaConfiguration.java:[593,44] cannot find symbol
  symbol:   variable input_type
  location: class org.apache.joshua.decoder.JoshuaConfiguration
[ERROR] /workspaces/master-thesis-pascal-joos/code_cure_agent/cca_workspace/joshua/src/main/java/org/apache/joshua/decoder/JoshuaConfiguration.java:[597,15] cannot find symbol
  symbol:   variable server_type
  location: class org.apache.joshua.decoder.JoshuaConfiguration
[ERROR] /workspaces/master-thesis-pascal-joos/code_cure_agent/cca_workspace/joshua/src/main/java/org/apache/joshua/decoder/JoshuaConfiguration.java:[599,15] cannot find symbol
  symbol:   variable server_type
  location: class org.apache.joshua.decoder.JoshuaConfiguration
[ERROR] /workspaces/master-thesis-pascal-joos/code_cure_agent/cca_workspace/joshua/src/main/java/org/apache/joshua/decoder/JoshuaConfiguration.java:[601,45] cannot find symbol
  symbol:   variable server_type
  location: class org.apache.joshua.decoder.JoshuaConfiguration
[ERROR] /workspaces/master-thesis-pascal-joos/code_cure_agent/cca_workspace/joshua/src/main/java/org/apache/joshua/decoder/JoshuaConfiguration.java:[604,13] cannot find symbol
  symbol:   variable server_port
  location: class org.apache.joshua.decoder.JoshuaConfiguration
[ERROR] /workspaces/master-thesis-pascal-joos/code_cure_agent/cca_workspace/joshua/src/main/java/org/apache/joshua/decoder/JoshuaConfiguration.java:[605,45] cannot find symbol
  symbol:   variable server_port
  location: class org.apache.joshua.decoder.JoshuaConfiguration
[ERROR] /workspaces/master-thesis-pascal-joos/code_cure_agent/cca_workspace/joshua/src/main/java/org/apache/joshua/decoder/JoshuaConfiguration.java:[632,13] cannot find symbol
  symbol:   variable fuzzy_matching
  location: class org.apache.joshua.decoder.JoshuaConfiguration
[ERROR] /workspaces/master-thesis-pascal-joos/code_cure_agent/cca_workspace/joshua/src/main/java/org/apache/joshua/decoder/JoshuaConfiguration.java:[633,45] cannot find symbol
  symbol:   variable fuzzy_matching
  location: class org.apache.joshua.decoder.JoshuaConfiguration
[ERROR] /workspaces/master-thesis-pascal-joos/code_cure_agent/cca_workspace/joshua/src/main/java/org/apache/joshua/decoder/JoshuaConfiguration.java:[641,13] cannot find symbol
  symbol:   variable search_algorithm
  location: class org.apache.joshua.decoder.JoshuaConfiguration
[ERROR] /workspaces/master-thesis-pascal-joos/code_cure_agent/cca_workspace/joshua/src/main/java/org/apache/joshua/decoder/JoshuaConfiguration.java:[643,18] cannot find symbol
  symbol:   variable search_algorithm
  location: class org.apache.joshua.decoder.JoshuaConfiguration
[ERROR] /workspaces/master-thesis-pascal-joos/code_cure_agent/cca_workspace/joshua/src/main/java/org/apache/joshua/decoder/JoshuaConfiguration.java:[643,53] cannot find symbol
  symbol:   variable search_algorithm
  location: class org.apache.joshua.decoder.JoshuaConfiguration
[ERROR] /workspaces/master-thesis-pascal-joos/code_cure_agent/cca_workspace/joshua/src/main/java/org/apache/joshua/decoder/JoshuaConfiguration.java:[649,17] cannot find symbol
  symbol:   variable search_algorithm
  location: class org.apache.joshua.decoder.JoshuaConfiguration
[ERROR] /workspaces/master-thesis-pascal-joos/code_cure_agent/cca_workspace/joshua/src/main/java/org/apache/joshua/decoder/JoshuaConfiguration.java:[649,51] cannot find symbol
  symbol:   variable include_align_index
  location: class org.apache.joshua.decoder.JoshuaConfiguration
[ERROR] /workspaces/master-thesis-pascal-joos/code_cure_agent/cca_workspace/joshua/src/main/java/org/apache/joshua/decoder/JoshuaConfiguration.java:[655,13] cannot find symbol
  symbol:   variable reordering_limit
  location: class org.apache.joshua.decoder.JoshuaConfiguration
[ERROR] /workspaces/master-thesis-pascal-joos/code_cure_agent/cca_workspace/joshua/src/main/java/org/apache/joshua/decoder/JoshuaConfiguration.java:[658,13] cannot find symbol
  symbol:   variable num_translation_options
  location: class org.apache.joshua.decoder.JoshuaConfiguration
[ERROR] /workspaces/master-thesis-pascal-joos/code_cure_agent/cca_workspace/joshua/src/main/java/org/apache/joshua/decoder/JoshuaConfiguration.java:[661,13] cannot find symbol
  symbol:   variable use_dot_chart
  location: class org.apache.joshua.decoder.JoshuaConfiguration
[ERROR] /workspaces/master-thesis-pascal-joos/code_cure_agent/cca_workspace/joshua/src/main/java/org/apache/joshua/decoder/JoshuaConfiguration.java:[667,13] cannot find symbol
  symbol:   variable show_weights_and_quit
  location: class org.apache.joshua.decoder.JoshuaConfiguration
[ERROR] /workspaces/master-thesis-pascal-joos/code_cure_agent/cca_workspace/joshua/src/main/java/org/apache/joshua/decoder/JoshuaConfiguration.java:[672,13] cannot find symbol
  symbol:   variable n_best_file
  location: class org.apache.joshua.decoder.JoshuaConfiguration
[ERROR] /workspaces/master-thesis-pascal-joos/code_cure_agent/cca_workspace/joshua/src/main/java/org/apache/joshua/decoder/JoshuaConfiguration.java:[678,13] cannot find symbol
  symbol:   variable input_file
  location: class org.apache.joshua.decoder.JoshuaConfiguration
[ERROR] /workspaces/master-thesis-pascal-joos/code_cure_agent/cca_workspace/joshua/src/main/java/org/apache/joshua/decoder/JoshuaConfiguration.java:[684,13] cannot find symbol
  symbol:   variable weight_overwrite
  location: class org.apache.joshua.decoder.JoshuaConfiguration
[ERROR] /workspaces/master-thesis-pascal-joos/code_cure_agent/cca_workspace/joshua/src/main/java/org/apache/joshua/decoder/JoshuaConfiguration.java:[688,13] cannot find symbol
  symbol:   variable source_annotations
  location: class org.apache.joshua.decoder.JoshuaConfiguration
[ERROR] /workspaces/master-thesis-pascal-joos/code_cure_agent/cca_workspace/joshua/src/main/java/org/apache/joshua/decoder/JoshuaConfiguration.java:[697,13] cannot find symbol
  symbol:   variable project_case
  location: class org.apache.joshua.decoder.JoshuaConfiguration
[ERROR] /workspaces/master-thesis-pascal-joos/code_cure_agent/cca_workspace/joshua/src/main/java/org/apache/joshua/decoder/segment_file/Sentence.java:[130,31] cannot find symbol
  symbol:   variable lattice_decoding
  location: variable joshuaConfiguration of type org.apache.joshua.decoder.JoshuaConfiguration
[ERROR] /workspaces/master-thesis-pascal-joos/code_cure_agent/cca_workspace/joshua/src/main/java/org/apache/joshua/decoder/segment_file/Sentence.java:[425,17] cannot find symbol
  symbol:   variable lattice_decoding
  location: variable config of type org.apache.joshua.decoder.JoshuaConfiguration
[ERROR] /workspaces/master-thesis-pascal-joos/code_cure_agent/cca_workspace/joshua/src/main/java/org/apache/joshua/decoder/segment_file/Sentence.java:[426,19] cannot find symbol
  symbol:   variable search_algorithm
  location: variable config of type org.apache.joshua.decoder.JoshuaConfiguration
[ERROR] /workspaces/master-thesis-pascal-joos/code_cure_agent/cca_workspace/joshua/src/main/java/org/apache/joshua/decoder/ff/tm/packed/PackedGrammar.java:[862,74] cannot find symbol
  symbol:   variable default_non_terminal
  location: variable joshuaConfiguration of type org.apache.joshua.decoder.JoshuaConfiguration
[ERROR] /workspaces/master-thesis-pascal-joos/code_cure_agent/cca_workspace/joshua/src/main/java/org/apache/joshua/decoder/ff/tm/packed/PackedGrammar.java:[1063,19] cannot find symbol
  symbol:   variable search_algorithm
  location: variable config of type org.apache.joshua.decoder.JoshuaConfiguration
[ERROR] /workspaces/master-thesis-pascal-joos/code_cure_agent/cca_workspace/joshua/src/main/java/org/apache/joshua/decoder/hypergraph/KBestExtractor.java:[138,50] cannot find symbol
  symbol:   variable use_unique_nbest
  location: variable joshuaConfiguration of type org.apache.joshua.decoder.JoshuaConfiguration
[ERROR] /workspaces/master-thesis-pascal-joos/code_cure_agent/cca_workspace/joshua/src/main/java/org/apache/joshua/decoder/hypergraph/KBestExtractor.java:[282,28] cannot find symbol
  symbol:   variable project_case
  location: variable joshuaConfiguration of type org.apache.joshua.decoder.JoshuaConfiguration
[ERROR] /workspaces/master-thesis-pascal-joos/code_cure_agent/cca_workspace/joshua/src/main/java/org/apache/joshua/decoder/hypergraph/KBestExtractor.java:[282,8] illegal parenthesized expression
[ERROR] /workspaces/master-thesis-pascal-joos/code_cure_agent/cca_workspace/joshua/src/main/java/org/apache/joshua/decoder/Translation.java:[76,28] cannot find symbol
  symbol:   variable use_structured_output
  location: variable joshuaConfiguration of type org.apache.joshua.decoder.JoshuaConfiguration
[ERROR] /workspaces/master-thesis-pascal-joos/code_cure_agent/cca_workspace/joshua/src/main/java/org/apache/joshua/decoder/Translation.java:[76,8] illegal parenthesized expression
[ERROR] /workspaces/master-thesis-pascal-joos/code_cure_agent/cca_workspace/joshua/src/main/java/org/apache/joshua/decoder/StructuredTranslation.java:[132,15] cannot find symbol
  symbol:   variable project_case
  location: variable config of type org.apache.joshua.decoder.JoshuaConfiguration
[ERROR] /workspaces/master-thesis-pascal-joos/code_cure_agent/cca_workspace/joshua/src/main/java/org/apache/joshua/decoder/StructuredTranslation.java:[132,8] illegal parenthesized expression
[ERROR] /workspaces/master-thesis-pascal-joos/code_cure_agent/cca_workspace/joshua/src/main/java/org/apache/joshua/decoder/chart_parser/Chart.java:[143,20] cannot find symbol
  symbol:   variable true_oovs_only
  location: variable config of type org.apache.joshua.decoder.JoshuaConfiguration
[ERROR] /workspaces/master-thesis-pascal-joos/code_cure_agent/cca_workspace/joshua/src/main/java/org/apache/joshua/decoder/chart_parser/Chart.java:[239,23] cannot find symbol
  symbol:   variable num_translation_options
  location: variable config of type org.apache.joshua.decoder.JoshuaConfiguration
[ERROR] /workspaces/master-thesis-pascal-joos/code_cure_agent/cca_workspace/joshua/src/main/java/org/apache/joshua/decoder/chart_parser/Chart.java:[240,50] cannot find symbol
  symbol:   variable num_translation_options
  location: variable config of type org.apache.joshua.decoder.JoshuaConfiguration
[ERROR] /workspaces/master-thesis-pascal-joos/code_cure_agent/cca_workspace/joshua/src/main/java/org/apache/joshua/decoder/chart_parser/Chart.java:[307,26] cannot find symbol
  symbol:   variable pop_limit
  location: variable config of type org.apache.joshua.decoder.JoshuaConfiguration
[ERROR] /workspaces/master-thesis-pascal-joos/code_cure_agent/cca_workspace/joshua/src/main/java/org/apache/joshua/decoder/chart_parser/Chart.java:[344,55] cannot find symbol
  symbol:   variable num_translation_options
  location: variable config of type org.apache.joshua.decoder.JoshuaConfiguration
[ERROR] /workspaces/master-thesis-pascal-joos/code_cure_agent/cca_workspace/joshua/src/main/java/org/apache/joshua/decoder/chart_parser/Chart.java:[344,108] cannot find symbol
  symbol:   variable num_translation_options
  location: variable config of type org.apache.joshua.decoder.JoshuaConfiguration
[ERROR] /workspaces/master-thesis-pascal-joos/code_cure_agent/cca_workspace/joshua/src/main/java/org/apache/joshua/decoder/Decoder.java:[192,85] cannot find symbol
  symbol:   variable num_parallel_decoders
  location: variable joshuaConfiguration of type org.apache.joshua.decoder.JoshuaConfiguration
[ERROR] /workspaces/master-thesis-pascal-joos/code_cure_agent/cca_workspace/joshua/src/main/java/org/apache/joshua/decoder/Decoder.java:[347,43] cannot find symbol
  symbol:   variable weights_file
  location: variable joshuaConfiguration of type org.apache.joshua.decoder.JoshuaConfiguration
[ERROR] /workspaces/master-thesis-pascal-joos/code_cure_agent/cca_workspace/joshua/src/main/java/org/apache/joshua/decoder/Decoder.java:[351,53] cannot find symbol
  symbol:   variable weight_overwrite
  location: variable joshuaConfiguration of type org.apache.joshua.decoder.JoshuaConfiguration
[ERROR] /workspaces/master-thesis-pascal-joos/code_cure_agent/cca_workspace/joshua/src/main/java/org/apache/joshua/decoder/Decoder.java:[352,46] cannot find symbol
  symbol:   variable weight_overwrite
  location: variable joshuaConfiguration of type org.apache.joshua.decoder.JoshuaConfiguration
[ERROR] /workspaces/master-thesis-pascal-joos/code_cure_agent/cca_workspace/joshua/src/main/java/org/apache/joshua/decoder/Decoder.java:[397,30] cannot find symbol
  symbol:   variable show_weights_and_quit
  location: variable joshuaConfiguration of type org.apache.joshua.decoder.JoshuaConfiguration
[ERROR] /workspaces/master-thesis-pascal-joos/code_cure_agent/cca_workspace/joshua/src/main/java/org/apache/joshua/decoder/Decoder.java:[397,10] illegal parenthesized expression
[ERROR] /workspaces/master-thesis-pascal-joos/code_cure_agent/cca_workspace/joshua/src/main/java/org/apache/joshua/decoder/Decoder.java:[409,30] cannot find symbol
  symbol:   variable amortized_sorting
  location: variable joshuaConfiguration of type org.apache.joshua.decoder.JoshuaConfiguration
[ERROR] /workspaces/master-thesis-pascal-joos/code_cure_agent/cca_workspace/joshua/src/main/java/org/apache/joshua/decoder/Decoder.java:[409,10] illegal parenthesized expression
[ERROR] /workspaces/master-thesis-pascal-joos/code_cure_agent/cca_workspace/joshua/src/main/java/org/apache/joshua/decoder/Decoder.java:[457,28] cannot find symbol
  symbol:   variable search_algorithm
  location: variable joshuaConfiguration of type org.apache.joshua.decoder.JoshuaConfiguration
[ERROR] /workspaces/master-thesis-pascal-joos/code_cure_agent/cca_workspace/joshua/src/main/java/org/apache/joshua/decoder/Decoder.java:[484,34] cannot find symbol
  symbol:   variable default_non_terminal
  location: variable joshuaConfiguration of type org.apache.joshua.decoder.JoshuaConfiguration
[ERROR] /workspaces/master-thesis-pascal-joos/code_cure_agent/cca_workspace/joshua/src/main/java/org/apache/joshua/decoder/Decoder.java:[501,28] cannot find symbol
  symbol:   variable search_algorithm
  location: variable joshuaConfiguration of type org.apache.joshua.decoder.JoshuaConfiguration
[ERROR] /workspaces/master-thesis-pascal-joos/code_cure_agent/cca_workspace/joshua/src/main/java/org/apache/joshua/decoder/Decoder.java:[509,28] cannot find symbol
  symbol:   variable lattice_decoding
  location: variable joshuaConfiguration of type org.apache.joshua.decoder.JoshuaConfiguration
[ERROR] /workspaces/master-thesis-pascal-joos/code_cure_agent/cca_workspace/joshua/src/main/java/org/apache/joshua/decoder/Decoder.java:[509,8] illegal parenthesized expression
[ERROR] /workspaces/master-thesis-pascal-joos/code_cure_agent/cca_workspace/joshua/src/main/java/org/apache/joshua/decoder/Decoder.java:[514,71] cannot find symbol
  symbol:   variable goal_symbol
  location: variable joshuaConfiguration of type org.apache.joshua.decoder.JoshuaConfiguration
[ERROR] /workspaces/master-thesis-pascal-joos/code_cure_agent/cca_workspace/joshua/src/main/java/org/apache/joshua/decoder/Decoder.java:[515,74] cannot find symbol
  symbol:   variable default_non_terminal
  location: variable joshuaConfiguration of type org.apache.joshua.decoder.JoshuaConfiguration
[ERROR] /workspaces/master-thesis-pascal-joos/code_cure_agent/cca_workspace/joshua/src/main/java/org/apache/joshua/decoder/io/TranslationRequestStream.java:[63,28] cannot find symbol
  symbol:   variable input_type
  location: variable joshuaConfiguration of type org.apache.joshua.decoder.JoshuaConfiguration
[ERROR] /workspaces/master-thesis-pascal-joos/code_cure_agent/cca_workspace/joshua/src/main/java/org/apache/joshua/server/TcpServer.java:[51,71] cannot find symbol
  symbol:   variable server_port
  location: variable joshuaConfiguration of type org.apache.joshua.decoder.JoshuaConfiguration
[ERROR] /workspaces/master-thesis-pascal-joos/code_cure_agent/cca_workspace/joshua/src/main/java/org/apache/joshua/server/TcpServer.java:[62,30] cannot find symbol
  symbol:   variable server_port
  location: variable joshuaConfiguration of type org.apache.joshua.decoder.JoshuaConfiguration
[ERROR] /workspaces/master-thesis-pascal-joos/code_cure_agent/cca_workspace/joshua/src/main/java/org/apache/joshua/decoder/ff/tm/hash_based/MemoryBasedBatchGrammar.java:[240,52] cannot find symbol
  symbol:   variable mark_oovs
  location: variable joshuaConfiguration of type org.apache.joshua.decoder.JoshuaConfiguration
[ERROR] /workspaces/master-thesis-pascal-joos/code_cure_agent/cca_workspace/joshua/src/main/java/org/apache/joshua/decoder/ff/tm/hash_based/MemoryBasedBatchGrammar.java:[255,56] cannot find symbol
  symbol:   variable default_non_terminal
  location: variable joshuaConfiguration of type org.apache.joshua.decoder.JoshuaConfiguration
[ERROR] /workspaces/master-thesis-pascal-joos/code_cure_agent/cca_workspace/joshua/src/main/java/org/apache/joshua/decoder/ff/tm/hash_based/MemoryBasedBatchGrammar.java:[312,69] cannot find symbol
  symbol:   variable goal_symbol
  location: variable joshuaConfiguration of type org.apache.joshua.decoder.JoshuaConfiguration
[ERROR] /workspaces/master-thesis-pascal-joos/code_cure_agent/cca_workspace/joshua/src/main/java/org/apache/joshua/decoder/ff/tm/hash_based/MemoryBasedBatchGrammar.java:[313,72] cannot find symbol
  symbol:   variable default_non_terminal
  location: variable joshuaConfiguration of type org.apache.joshua.decoder.JoshuaConfiguration
[ERROR] /workspaces/master-thesis-pascal-joos/code_cure_agent/cca_workspace/joshua/src/main/java/org/apache/joshua/decoder/ff/tm/CreateGlueGrammar.java:[50,79] cannot find symbol
  symbol:   variable goal_symbol
  location: class org.apache.joshua.decoder.JoshuaConfiguration
[ERROR] /workspaces/master-thesis-pascal-joos/code_cure_agent/cca_workspace/joshua/src/main/java/org/apache/joshua/decoder/ff/WordPenalty.java:[48,19] cannot find symbol
  symbol:   variable search_algorithm
  location: variable config of type org.apache.joshua.decoder.JoshuaConfiguration
[ERROR] /workspaces/master-thesis-pascal-joos/code_cure_agent/cca_workspace/joshua/src/main/java/org/apache/joshua/decoder/ff/lm/LanguageModelFF.java:[168,25] cannot find symbol
  symbol:   variable default_non_terminal
  location: variable config of type org.apache.joshua.decoder.JoshuaConfiguration
[INFO] 100 errors 
[INFO] -------------------------------------------------------------
[INFO] ------------------------------------------------------------------------
[INFO] BUILD FAILURE
[INFO] ------------------------------------------------------------------------
[INFO] Total time:  4.226 s
[INFO] Finished at: 2025-08-31T03:33:27Z
[INFO] ------------------------------------------------------------------------
[ERROR] Failed to execute goal org.apache.maven.plugins:maven-compiler-plugin:3.5.1:compile (default-compile) on project joshua: Compilation failure: Compilation failure: 
[ERROR] /workspaces/master-thesis-pascal-joos/code_cure_agent/cca_workspace/joshua/src/main/java/org/apache/joshua/decoder/JoshuaConfiguration.java:[310,5] cannot find symbol
[ERROR]   symbol:   variable filter_grammar
[ERROR]   location: class org.apache.joshua.decoder.JoshuaConfiguration
[ERROR] /workspaces/master-thesis-pascal-joos/code_cure_agent/cca_workspace/joshua/src/main/java/org/apache/joshua/decoder/JoshuaConfiguration.java:[311,5] cannot find symbol
[ERROR]   symbol:   variable pop_limit
[ERROR]   location: class org.apache.joshua.decoder.JoshuaConfiguration
[ERROR] /workspaces/master-thesis-pascal-joos/code_cure_agent/cca_workspace/joshua/src/main/java/org/apache/joshua/decoder/JoshuaConfiguration.java:[313,5] cannot find symbol
[ERROR]   symbol:   variable use_unique_nbest
[ERROR]   location: class org.apache.joshua.decoder.JoshuaConfiguration
[ERROR] /workspaces/master-thesis-pascal-joos/code_cure_agent/cca_workspace/joshua/src/main/java/org/apache/joshua/decoder/JoshuaConfiguration.java:[314,5] cannot find symbol
[ERROR]   symbol:   variable include_align_index
[ERROR]   location: class org.apache.joshua.decoder.JoshuaConfiguration
[ERROR] /workspaces/master-thesis-pascal-joos/code_cure_agent/cca_workspace/joshua/src/main/java/org/apache/joshua/decoder/JoshuaConfiguration.java:[317,5] cannot find symbol
[ERROR]   symbol:   variable num_parallel_decoders
[ERROR]   location: class org.apache.joshua.decoder.JoshuaConfiguration
[ERROR] /workspaces/master-thesis-pascal-joos/code_cure_agent/cca_workspace/joshua/src/main/java/org/apache/joshua/decoder/JoshuaConfiguration.java:[318,5] cannot find symbol
[ERROR]   symbol:   variable mark_oovs
[ERROR]   location: class org.apache.joshua.decoder.JoshuaConfiguration
[ERROR] /workspaces/master-thesis-pascal-joos/code_cure_agent/cca_workspace/joshua/src/main/java/org/apache/joshua/decoder/JoshuaConfiguration.java:[323,5] cannot find symbol
[ERROR]   symbol:   variable server_port
[ERROR]   location: class org.apache.joshua.decoder.JoshuaConfiguration
[ERROR] /workspaces/master-thesis-pascal-joos/code_cure_agent/cca_workspace/joshua/src/main/java/org/apache/joshua/decoder/JoshuaConfiguration.java:[325,5] cannot find symbol
[ERROR]   symbol:   variable reordering_limit
[ERROR]   location: class org.apache.joshua.decoder.JoshuaConfiguration
[ERROR] /workspaces/master-thesis-pascal-joos/code_cure_agent/cca_workspace/joshua/src/main/java/org/apache/joshua/decoder/JoshuaConfiguration.java:[326,5] cannot find symbol
[ERROR]   symbol:   variable num_translation_options
[ERROR]   location: class org.apache.joshua.decoder.JoshuaConfiguration
[ERROR] /workspaces/master-thesis-pascal-joos/code_cure_agent/cca_workspace/joshua/src/main/java/org/apache/joshua/decoder/JoshuaConfiguration.java:[516,13] cannot find symbol
[ERROR]   symbol:   variable lattice_decoding
[ERROR]   location: class org.apache.joshua.decoder.JoshuaConfiguration
[ERROR] /workspaces/master-thesis-pascal-joos/code_cure_agent/cca_workspace/joshua/src/main/java/org/apache/joshua/decoder/JoshuaConfiguration.java:[519,13] cannot find symbol
[ERROR]   symbol:   variable segment_oovs
[ERROR]   location: class org.apache.joshua.decoder.JoshuaConfiguration
[ERROR] /workspaces/master-thesis-pascal-joos/code_cure_agent/cca_workspace/joshua/src/main/java/org/apache/joshua/decoder/JoshuaConfiguration.java:[520,13] cannot find symbol
[ERROR]   symbol:   variable lattice_decoding
[ERROR]   location: class org.apache.joshua.decoder.JoshuaConfiguration
[ERROR] /workspaces/master-thesis-pascal-joos/code_cure_agent/cca_workspace/joshua/src/main/java/org/apache/joshua/decoder/JoshuaConfiguration.java:[523,13] cannot find symbol
[ERROR]   symbol:   variable default_non_terminal
[ERROR]   location: class org.apache.joshua.decoder.JoshuaConfiguration
[ERROR] /workspaces/master-thesis-pascal-joos/code_cure_agent/cca_workspace/joshua/src/main/java/org/apache/joshua/decoder/JoshuaConfiguration.java:[524,51] cannot find symbol
[ERROR]   symbol:   variable default_non_terminal
[ERROR]   location: class org.apache.joshua.decoder.JoshuaConfiguration
[ERROR] /workspaces/master-thesis-pascal-joos/code_cure_agent/cca_workspace/joshua/src/main/java/org/apache/joshua/decoder/JoshuaConfiguration.java:[527,13] cannot find symbol
[ERROR]   symbol:   variable goal_symbol
[ERROR]   location: class org.apache.joshua.decoder.JoshuaConfiguration
[ERROR] /workspaces/master-thesis-pascal-joos/code_cure_agent/cca_workspace/joshua/src/main/java/org/apache/joshua/decoder/JoshuaConfiguration.java:[528,41] cannot find symbol
[ERROR]   symbol:   variable goal_symbol
[ERROR]   location: class org.apache.joshua.decoder.JoshuaConfiguration
[ERROR] /workspaces/master-thesis-pascal-joos/code_cure_agent/cca_workspace/joshua/src/main/java/org/apache/joshua/decoder/JoshuaConfiguration.java:[531,13] cannot find symbol
[ERROR]   symbol:   variable weights_file
[ERROR]   location: class org.apache.joshua.decoder.JoshuaConfiguration
[ERROR] /workspaces/master-thesis-pascal-joos/code_cure_agent/cca_workspace/joshua/src/main/java/org/apache/joshua/decoder/JoshuaConfiguration.java:[534,13] cannot find symbol
[ERROR]   symbol:   variable constrain_parse
[ERROR]   location: class org.apache.joshua.decoder.JoshuaConfiguration
[ERROR] /workspaces/master-thesis-pascal-joos/code_cure_agent/cca_workspace/joshua/src/main/java/org/apache/joshua/decoder/JoshuaConfiguration.java:[537,13] cannot find symbol
[ERROR]   symbol:   variable true_oovs_only
[ERROR]   location: class org.apache.joshua.decoder.JoshuaConfiguration
[ERROR] /workspaces/master-thesis-pascal-joos/code_cure_agent/cca_workspace/joshua/src/main/java/org/apache/joshua/decoder/JoshuaConfiguration.java:[540,13] cannot find symbol
[ERROR]   symbol:   variable filter_grammar
[ERROR]   location: class org.apache.joshua.decoder.JoshuaConfiguration
[ERROR] /workspaces/master-thesis-pascal-joos/code_cure_agent/cca_workspace/joshua/src/main/java/org/apache/joshua/decoder/JoshuaConfiguration.java:[543,13] cannot find symbol
[ERROR]   symbol:   variable amortized_sorting
[ERROR]   location: class org.apache.joshua.decoder.JoshuaConfiguration
[ERROR] /workspaces/master-thesis-pascal-joos/code_cure_agent/cca_workspace/joshua/src/main/java/org/apache/joshua/decoder/JoshuaConfiguration.java:[546,13] cannot find symbol
[ERROR]   symbol:   variable use_pos_labels
[ERROR]   location: class org.apache.joshua.decoder.JoshuaConfiguration
[ERROR] /workspaces/master-thesis-pascal-joos/code_cure_agent/cca_workspace/joshua/src/main/java/org/apache/joshua/decoder/JoshuaConfiguration.java:[549,13] cannot find symbol
[ERROR]   symbol:   variable use_unique_nbest
[ERROR]   location: class org.apache.joshua.decoder.JoshuaConfiguration
[ERROR] /workspaces/master-thesis-pascal-joos/code_cure_agent/cca_workspace/joshua/src/main/java/org/apache/joshua/decoder/JoshuaConfiguration.java:[550,47] cannot find symbol
[ERROR]   symbol:   variable use_unique_nbest
[ERROR]   location: class org.apache.joshua.decoder.JoshuaConfiguration
[ERROR] /workspaces/master-thesis-pascal-joos/code_cure_agent/cca_workspace/joshua/src/main/java/org/apache/joshua/decoder/JoshuaConfiguration.java:[557,13] cannot find symbol
[ERROR]   symbol:   variable include_align_index
[ERROR]   location: class org.apache.joshua.decoder.JoshuaConfiguration
[ERROR] /workspaces/master-thesis-pascal-joos/code_cure_agent/cca_workspace/joshua/src/main/java/org/apache/joshua/decoder/JoshuaConfiguration.java:[558,50] cannot find symbol
[ERROR]   symbol:   variable include_align_index
[ERROR]   location: class org.apache.joshua.decoder.JoshuaConfiguration
[ERROR] /workspaces/master-thesis-pascal-joos/code_cure_agent/cca_workspace/joshua/src/main/java/org/apache/joshua/decoder/JoshuaConfiguration.java:[566,13] cannot find symbol
[ERROR]   symbol:   variable num_parallel_decoders
[ERROR]   location: class org.apache.joshua.decoder.JoshuaConfiguration
[ERROR] /workspaces/master-thesis-pascal-joos/code_cure_agent/cca_workspace/joshua/src/main/java/org/apache/joshua/decoder/JoshuaConfiguration.java:[567,17] cannot find symbol
[ERROR]   symbol:   variable num_parallel_decoders
[ERROR]   location: class org.apache.joshua.decoder.JoshuaConfiguration
[ERROR] /workspaces/master-thesis-pascal-joos/code_cure_agent/cca_workspace/joshua/src/main/java/org/apache/joshua/decoder/JoshuaConfiguration.java:[571,52] cannot find symbol
[ERROR]   symbol:   variable num_parallel_decoders
[ERROR]   location: class org.apache.joshua.decoder.JoshuaConfiguration
[ERROR] /workspaces/master-thesis-pascal-joos/code_cure_agent/cca_workspace/joshua/src/main/java/org/apache/joshua/decoder/JoshuaConfiguration.java:[574,13] cannot find symbol
[ERROR]   symbol:   variable mark_oovs
[ERROR]   location: class org.apache.joshua.decoder.JoshuaConfiguration
[ERROR] /workspaces/master-thesis-pascal-joos/code_cure_agent/cca_workspace/joshua/src/main/java/org/apache/joshua/decoder/JoshuaConfiguration.java:[575,40] cannot find symbol
[ERROR]   symbol:   variable mark_oovs
[ERROR]   location: class org.apache.joshua.decoder.JoshuaConfiguration
[ERROR] /workspaces/master-thesis-pascal-joos/code_cure_agent/cca_workspace/joshua/src/main/java/org/apache/joshua/decoder/JoshuaConfiguration.java:[578,13] cannot find symbol
[ERROR]   symbol:   variable pop_limit
[ERROR]   location: class org.apache.joshua.decoder.JoshuaConfiguration
[ERROR] /workspaces/master-thesis-pascal-joos/code_cure_agent/cca_workspace/joshua/src/main/java/org/apache/joshua/decoder/JoshuaConfiguration.java:[579,39] cannot find symbol
[ERROR]   symbol:   variable pop_limit
[ERROR]   location: class org.apache.joshua.decoder.JoshuaConfiguration
[ERROR] /workspaces/master-thesis-pascal-joos/code_cure_agent/cca_workspace/joshua/src/main/java/org/apache/joshua/decoder/JoshuaConfiguration.java:[584,15] cannot find symbol
[ERROR]   symbol:   variable input_type
[ERROR]   location: class org.apache.joshua.decoder.JoshuaConfiguration
[ERROR] /workspaces/master-thesis-pascal-joos/code_cure_agent/cca_workspace/joshua/src/main/java/org/apache/joshua/decoder/JoshuaConfiguration.java:[587,15] cannot find symbol
[ERROR]   symbol:   variable input_type
[ERROR]   location: class org.apache.joshua.decoder.JoshuaConfiguration
[ERROR] /workspaces/master-thesis-pascal-joos/code_cure_agent/cca_workspace/joshua/src/main/java/org/apache/joshua/decoder/JoshuaConfiguration.java:[593,44] cannot find symbol
[ERROR]   symbol:   variable input_type
[ERROR]   location: class org.apache.joshua.decoder.JoshuaConfiguration
[ERROR] /workspaces/master-thesis-pascal-joos/code_cure_agent/cca_workspace/joshua/src/main/java/org/apache/joshua/decoder/JoshuaConfiguration.java:[597,15] cannot find symbol
[ERROR]   symbol:   variable server_type
[ERROR]   location: class org.apache.joshua.decoder.JoshuaConfiguration
[ERROR] /workspaces/master-thesis-pascal-joos/code_cure_agent/cca_workspace/joshua/src/main/java/org/apache/joshua/decoder/JoshuaConfiguration.java:[599,15] cannot find symbol
[ERROR]   symbol:   variable server_type
[ERROR]   location: class org.apache.joshua.decoder.JoshuaConfiguration
[ERROR] /workspaces/master-thesis-pascal-joos/code_cure_agent/cca_workspace/joshua/src/main/java/org/apache/joshua/decoder/JoshuaConfiguration.java:[601,45] cannot find symbol
[ERROR]   symbol:   variable server_type
[ERROR]   location: class org.apache.joshua.decoder.JoshuaConfiguration
[ERROR] /workspaces/master-thesis-pascal-joos/code_cure_agent/cca_workspace/joshua/src/main/java/org/apache/joshua/decoder/JoshuaConfiguration.java:[604,13] cannot find symbol
[ERROR]   symbol:   variable server_port
[ERROR]   location: class org.apache.joshua.decoder.JoshuaConfiguration
[ERROR] /workspaces/master-thesis-pascal-joos/code_cure_agent/cca_workspace/joshua/src/main/java/org/apache/joshua/decoder/JoshuaConfiguration.java:[605,45] cannot find symbol
[ERROR]   symbol:   variable server_port
[ERROR]   location: class org.apache.joshua.decoder.JoshuaConfiguration
[ERROR] /workspaces/master-thesis-pascal-joos/code_cure_agent/cca_workspace/joshua/src/main/java/org/apache/joshua/decoder/JoshuaConfiguration.java:[632,13] cannot find symbol
[ERROR]   symbol:   variable fuzzy_matching
[ERROR]   location: class org.apache.joshua.decoder.JoshuaConfiguration
[ERROR] /workspaces/master-thesis-pascal-joos/code_cure_agent/cca_workspace/joshua/src/main/java/org/apache/joshua/decoder/JoshuaConfiguration.java:[633,45] cannot find symbol
[ERROR]   symbol:   variable fuzzy_matching
[ERROR]   location: class org.apache.joshua.decoder.JoshuaConfiguration
[ERROR] /workspaces/master-thesis-pascal-joos/code_cure_agent/cca_workspace/joshua/src/main/java/org/apache/joshua/decoder/JoshuaConfiguration.java:[641,13] cannot find symbol
[ERROR]   symbol:   variable search_algorithm
[ERROR]   location: class org.apache.joshua.decoder.JoshuaConfiguration
[ERROR] /workspaces/master-thesis-pascal-joos/code_cure_agent/cca_workspace/joshua/src/main/java/org/apache/joshua/decoder/JoshuaConfiguration.java:[643,18] cannot find symbol
[ERROR]   symbol:   variable search_algorithm
[ERROR]   location: class org.apache.joshua.decoder.JoshuaConfiguration
[ERROR] /workspaces/master-thesis-pascal-joos/code_cure_agent/cca_workspace/joshua/src/main/java/org/apache/joshua/decoder/JoshuaConfiguration.java:[643,53] cannot find symbol
[ERROR]   symbol:   variable search_algorithm
[ERROR]   location: class org.apache.joshua.decoder.JoshuaConfiguration
[ERROR] /workspaces/master-thesis-pascal-joos/code_cure_agent/cca_workspace/joshua/src/main/java/org/apache/joshua/decoder/JoshuaConfiguration.java:[649,17] cannot find symbol
[ERROR]   symbol:   variable search_algorithm
[ERROR]   location: class org.apache.joshua.decoder.JoshuaConfiguration
[ERROR] /workspaces/master-thesis-pascal-joos/code_cure_agent/cca_workspace/joshua/src/main/java/org/apache/joshua/decoder/JoshuaConfiguration.java:[649,51] cannot find symbol
[ERROR]   symbol:   variable include_align_index
[ERROR]   location: class org.apache.joshua.decoder.JoshuaConfiguration
[ERROR] /workspaces/master-thesis-pascal-joos/code_cure_agent/cca_workspace/joshua/src/main/java/org/apache/joshua/decoder/JoshuaConfiguration.java:[655,13] cannot find symbol
[ERROR]   symbol:   variable reordering_limit
[ERROR]   location: class org.apache.joshua.decoder.JoshuaConfiguration
[ERROR] /workspaces/master-thesis-pascal-joos/code_cure_agent/cca_workspace/joshua/src/main/java/org/apache/joshua/decoder/JoshuaConfiguration.java:[658,13] cannot find symbol
[ERROR]   symbol:   variable num_translation_options
[ERROR]   location: class org.apache.joshua.decoder.JoshuaConfiguration
[ERROR] /workspaces/master-thesis-pascal-joos/code_cure_agent/cca_workspace/joshua/src/main/java/org/apache/joshua/decoder/JoshuaConfiguration.java:[661,13] cannot find symbol
[ERROR]   symbol:   variable use_dot_chart
[ERROR]   location: class org.apache.joshua.decoder.JoshuaConfiguration
[ERROR] /workspaces/master-thesis-pascal-joos/code_cure_agent/cca_workspace/joshua/src/main/java/org/apache/joshua/decoder/JoshuaConfiguration.java:[667,13] cannot find symbol
[ERROR]   symbol:   variable show_weights_and_quit
[ERROR]   location: class org.apache.joshua.decoder.JoshuaConfiguration
[ERROR] /workspaces/master-thesis-pascal-joos/code_cure_agent/cca_workspace/joshua/src/main/java/org/apache/joshua/decoder/JoshuaConfiguration.java:[672,13] cannot find symbol
[ERROR]   symbol:   variable n_best_file
[ERROR]   location: class org.apache.joshua.decoder.JoshuaConfiguration
[ERROR] /workspaces/master-thesis-pascal-joos/code_cure_agent/cca_workspace/joshua/src/main/java/org/apache/joshua/decoder/JoshuaConfiguration.java:[678,13] cannot find symbol
[ERROR]   symbol:   variable input_file
[ERROR]   location: class org.apache.joshua.decoder.JoshuaConfiguration
[ERROR] /workspaces/master-thesis-pascal-joos/code_cure_agent/cca_workspace/joshua/src/main/java/org/apache/joshua/decoder/JoshuaConfiguration.java:[684,13] cannot find symbol
[ERROR]   symbol:   variable weight_overwrite
[ERROR]   location: class org.apache.joshua.decoder.JoshuaConfiguration
[ERROR] /workspaces/master-thesis-pascal-joos/code_cure_agent/cca_workspace/joshua/src/main/java/org/apache/joshua/decoder/JoshuaConfiguration.java:[688,13] cannot find symbol
[ERROR]   symbol:   variable source_annotations
[ERROR]   location: class org.apache.joshua.decoder.JoshuaConfiguration
[ERROR] /workspaces/master-thesis-pascal-joos/code_cure_agent/cca_workspace/joshua/src/main/java/org/apache/joshua/decoder/JoshuaConfiguration.java:[697,13] cannot find symbol
[ERROR]   symbol:   variable project_case
[ERROR]   location: class org.apache.joshua.decoder.JoshuaConfiguration
[ERROR] /workspaces/master-thesis-pascal-joos/code_cure_agent/cca_workspace/joshua/src/main/java/org/apache/joshua/decoder/segment_file/Sentence.java:[130,31] cannot find symbol
[ERROR]   symbol:   variable lattice_decoding
[ERROR]   location: variable joshuaConfiguration of type org.apache.joshua.decoder.JoshuaConfiguration
[ERROR] /workspaces/master-thesis-pascal-joos/code_cure_agent/cca_workspace/joshua/src/main/java/org/apache/joshua/decoder/segment_file/Sentence.java:[425,17] cannot find symbol
[ERROR]   symbol:   variable lattice_decoding
[ERROR]   location: variable config of type org.apache.joshua.decoder.JoshuaConfiguration
[ERROR] /workspaces/master-thesis-pascal-joos/code_cure_agent/cca_workspace/joshua/src/main/java/org/apache/joshua/decoder/segment_file/Sentence.java:[426,19] cannot find symbol
[ERROR]   symbol:   variable search_algorithm
[ERROR]   location: variable config of type org.apache.joshua.decoder.JoshuaConfiguration
[ERROR] /workspaces/master-thesis-pascal-joos/code_cure_agent/cca_workspace/joshua/src/main/java/org/apache/joshua/decoder/ff/tm/packed/PackedGrammar.java:[862,74] cannot find symbol
[ERROR]   symbol:   variable default_non_terminal
[ERROR]   location: variable joshuaConfiguration of type org.apache.joshua.decoder.JoshuaConfiguration
[ERROR] /workspaces/master-thesis-pascal-joos/code_cure_agent/cca_workspace/joshua/src/main/java/org/apache/joshua/decoder/ff/tm/packed/PackedGrammar.java:[1063,19] cannot find symbol
[ERROR]   symbol:   variable search_algorithm
[ERROR]   location: variable config of type org.apache.joshua.decoder.JoshuaConfiguration
[ERROR] /workspaces/master-thesis-pascal-joos/code_cure_agent/cca_workspace/joshua/src/main/java/org/apache/joshua/decoder/hypergraph/KBestExtractor.java:[138,50] cannot find symbol
[ERROR]   symbol:   variable use_unique_nbest
[ERROR]   location: variable joshuaConfiguration of type org.apache.joshua.decoder.JoshuaConfiguration
[ERROR] /workspaces/master-thesis-pascal-joos/code_cure_agent/cca_workspace/joshua/src/main/java/org/apache/joshua/decoder/hypergraph/KBestExtractor.java:[282,28] cannot find symbol
[ERROR]   symbol:   variable project_case
[ERROR]   location: variable joshuaConfiguration of type org.apache.joshua.decoder.JoshuaConfiguration
[ERROR] /workspaces/master-thesis-pascal-joos/code_cure_agent/cca_workspace/joshua/src/main/java/org/apache/joshua/decoder/hypergraph/KBestExtractor.java:[282,8] illegal parenthesized expression
[ERROR] /workspaces/master-thesis-pascal-joos/code_cure_agent/cca_workspace/joshua/src/main/java/org/apache/joshua/decoder/Translation.java:[76,28] cannot find symbol
[ERROR]   symbol:   variable use_structured_output
[ERROR]   location: variable joshuaConfiguration of type org.apache.joshua.decoder.JoshuaConfiguration
[ERROR] /workspaces/master-thesis-pascal-joos/code_cure_agent/cca_workspace/joshua/src/main/java/org/apache/joshua/decoder/Translation.java:[76,8] illegal parenthesized expression
[ERROR] /workspaces/master-thesis-pascal-joos/code_cure_agent/cca_workspace/joshua/src/main/java/org/apache/joshua/decoder/StructuredTranslation.java:[132,15] cannot find symbol
[ERROR]   symbol:   variable project_case
[ERROR]   location: variable config of type org.apache.joshua.decoder.JoshuaConfiguration
[ERROR] /workspaces/master-thesis-pascal-joos/code_cure_agent/cca_workspace/joshua/src/main/java/org/apache/joshua/decoder/StructuredTranslation.java:[132,8] illegal parenthesized expression
[ERROR] /workspaces/master-thesis-pascal-joos/code_cure_agent/cca_workspace/joshua/src/main/java/org/apache/joshua/decoder/chart_parser/Chart.java:[143,20] cannot find symbol
[ERROR]   symbol:   variable true_oovs_only
[ERROR]   location: variable config of type org.apache.joshua.decoder.JoshuaConfiguration
[ERROR] /workspaces/master-thesis-pascal-joos/code_cure_agent/cca_workspace/joshua/src/main/java/org/apache/joshua/decoder/chart_parser/Chart.java:[239,23] cannot find symbol
[ERROR]   symbol:   variable num_translation_options
[ERROR]   location: variable config of type org.apache.joshua.decoder.JoshuaConfiguration
[ERROR] /workspaces/master-thesis-pascal-joos/code_cure_agent/cca_workspace/joshua/src/main/java/org/apache/joshua/decoder/chart_parser/Chart.java:[240,50] cannot find symbol
[ERROR]   symbol:   variable num_translation_options
[ERROR]   location: variable config of type org.apache.joshua.decoder.JoshuaConfiguration
[ERROR] /workspaces/master-thesis-pascal-joos/code_cure_agent/cca_workspace/joshua/src/main/java/org/apache/joshua/decoder/chart_parser/Chart.java:[307,26] cannot find symbol
[ERROR]   symbol:   variable pop_limit
[ERROR]   location: variable config of type org.apache.joshua.decoder.JoshuaConfiguration
[ERROR] /workspaces/master-thesis-pascal-joos/code_cure_agent/cca_workspace/joshua/src/main/java/org/apache/joshua/decoder/chart_parser/Chart.java:[344,55] cannot find symbol
[ERROR]   symbol:   variable num_translation_options
[ERROR]   location: variable config of type org.apache.joshua.decoder.JoshuaConfiguration
[ERROR] /workspaces/master-thesis-pascal-joos/code_cure_agent/cca_workspace/joshua/src/main/java/org/apache/joshua/decoder/chart_parser/Chart.java:[344,108] cannot find symbol
[ERROR]   symbol:   variable num_translation_options
[ERROR]   location: variable config of type org.apache.joshua.decoder.JoshuaConfiguration
[ERROR] /workspaces/master-thesis-pascal-joos/code_cure_agent/cca_workspace/joshua/src/main/java/org/apache/joshua/decoder/Decoder.java:[192,85] cannot find symbol
[ERROR]   symbol:   variable num_parallel_decoders
[ERROR]   location: variable joshuaConfiguration of type org.apache.joshua.decoder.JoshuaConfiguration
[ERROR] /workspaces/master-thesis-pascal-joos/code_cure_agent/cca_workspace/joshua/src/main/java/org/apache/joshua/decoder/Decoder.java:[347,43] cannot find symbol
[ERROR]   symbol:   variable weights_file
[ERROR]   location: variable joshuaConfiguration of type org.apache.joshua.decoder.JoshuaConfiguration
[ERROR] /workspaces/master-thesis-pascal-joos/code_cure_agent/cca_workspace/joshua/src/main/java/org/apache/joshua/decoder/Decoder.java:[351,53] cannot find symbol
[ERROR]   symbol:   variable weight_overwrite
[ERROR]   location: variable joshuaConfiguration of type org.apache.joshua.decoder.JoshuaConfiguration
[ERROR] /workspaces/master-thesis-pascal-joos/code_cure_agent/cca_workspace/joshua/src/main/java/org/apache/joshua/decoder/Decoder.java:[352,46] cannot find symbol
[ERROR]   symbol:   variable weight_overwrite
[ERROR]   location: variable joshuaConfiguration of type org.apache.joshua.decoder.JoshuaConfiguration
[ERROR] /workspaces/master-thesis-pascal-joos/code_cure_agent/cca_workspace/joshua/src/main/java/org/apache/joshua/decoder/Decoder.java:[397,30] cannot find symbol
[ERROR]   symbol:   variable show_weights_and_quit
[ERROR]   location: variable joshuaConfiguration of type org.apache.joshua.decoder.JoshuaConfiguration
[ERROR] /workspaces/master-thesis-pascal-joos/code_cure_agent/cca_workspace/joshua/src/main/java/org/apache/joshua/decoder/Decoder.java:[397,10] illegal parenthesized expression
[ERROR] /workspaces/master-thesis-pascal-joos/code_cure_agent/cca_workspace/joshua/src/main/java/org/apache/joshua/decoder/Decoder.java:[409,30] cannot find symbol
[ERROR]   symbol:   variable amortized_sorting
[ERROR]   location: variable joshuaConfiguration of type org.apache.joshua.decoder.JoshuaConfiguration
[ERROR] /workspaces/master-thesis-pascal-joos/code_cure_agent/cca_workspace/joshua/src/main/java/org/apache/joshua/decoder/Decoder.java:[409,10] illegal parenthesized expression
[ERROR] /workspaces/master-thesis-pascal-joos/code_cure_agent/cca_workspace/joshua/src/main/java/org/apache/joshua/decoder/Decoder.java:[457,28] cannot find symbol
[ERROR]   symbol:   variable search_algorithm
[ERROR]   location: variable joshuaConfiguration of type org.apache.joshua.decoder.JoshuaConfiguration
[ERROR] /workspaces/master-thesis-pascal-joos/code_cure_agent/cca_workspace/joshua/src/main/java/org/apache/joshua/decoder/Decoder.java:[484,34] cannot find symbol
[ERROR]   symbol:   variable default_non_terminal
[ERROR]   location: variable joshuaConfiguration of type org.apache.joshua.decoder.JoshuaConfiguration
[ERROR] /workspaces/master-thesis-pascal-joos/code_cure_agent/cca_workspace/joshua/src/main/java/org/apache/joshua/decoder/Decoder.java:[501,28] cannot find symbol
[ERROR]   symbol:   variable search_algorithm
[ERROR]   location: variable joshuaConfiguration of type org.apache.joshua.decoder.JoshuaConfiguration
[ERROR] /workspaces/master-thesis-pascal-joos/code_cure_agent/cca_workspace/joshua/src/main/java/org/apache/joshua/decoder/Decoder.java:[509,28] cannot find symbol
[ERROR]   symbol:   variable lattice_decoding
[ERROR]   location: variable joshuaConfiguration of type org.apache.joshua.decoder.JoshuaConfiguration
[ERROR] /workspaces/master-thesis-pascal-joos/code_cure_agent/cca_workspace/joshua/src/main/java/org/apache/joshua/decoder/Decoder.java:[509,8] illegal parenthesized expression
[ERROR] /workspaces/master-thesis-pascal-joos/code_cure_agent/cca_workspace/joshua/src/main/java/org/apache/joshua/decoder/Decoder.java:[514,71] cannot find symbol
[ERROR]   symbol:   variable goal_symbol
[ERROR]   location: variable joshuaConfiguration of type org.apache.joshua.decoder.JoshuaConfiguration
[ERROR] /workspaces/master-thesis-pascal-joos/code_cure_agent/cca_workspace/joshua/src/main/java/org/apache/joshua/decoder/Decoder.java:[515,74] cannot find symbol
[ERROR]   symbol:   variable default_non_terminal
[ERROR]   location: variable joshuaConfiguration of type org.apache.joshua.decoder.JoshuaConfiguration
[ERROR] /workspaces/master-thesis-pascal-joos/code_cure_agent/cca_workspace/joshua/src/main/java/org/apache/joshua/decoder/io/TranslationRequestStream.java:[63,28] cannot find symbol
[ERROR]   symbol:   variable input_type
[ERROR]   location: variable joshuaConfiguration of type org.apache.joshua.decoder.JoshuaConfiguration
[ERROR] /workspaces/master-thesis-pascal-joos/code_cure_agent/cca_workspace/joshua/src/main/java/org/apache/joshua/server/TcpServer.java:[51,71] cannot find symbol
[ERROR]   symbol:   variable server_port
[ERROR]   location: variable joshuaConfiguration of type org.apache.joshua.decoder.JoshuaConfiguration
[ERROR] /workspaces/master-thesis-pascal-joos/code_cure_agent/cca_workspace/joshua/src/main/java/org/apache/joshua/server/TcpServer.java:[62,30] cannot find symbol
[ERROR]   symbol:   variable server_port
[ERROR]   location: variable joshuaConfiguration of type org.apache.joshua.decoder.JoshuaConfiguration
[ERROR] /workspaces/master-thesis-pascal-joos/code_cure_agent/cca_workspace/joshua/src/main/java/org/apache/joshua/decoder/ff/tm/hash_based/MemoryBasedBatchGrammar.java:[240,52] cannot find symbol
[ERROR]   symbol:   variable mark_oovs
[ERROR]   location: variable joshuaConfiguration of type org.apache.joshua.decoder.JoshuaConfiguration
[ERROR] /workspaces/master-thesis-pascal-joos/code_cure_agent/cca_workspace/joshua/src/main/java/org/apache/joshua/decoder/ff/tm/hash_based/MemoryBasedBatchGrammar.java:[255,56] cannot find symbol
[ERROR]   symbol:   variable default_non_terminal
[ERROR]   location: variable joshuaConfiguration of type org.apache.joshua.decoder.JoshuaConfiguration
[ERROR] /workspaces/master-thesis-pascal-joos/code_cure_agent/cca_workspace/joshua/src/main/java/org/apache/joshua/decoder/ff/tm/hash_based/MemoryBasedBatchGrammar.java:[312,69] cannot find symbol
[ERROR]   symbol:   variable goal_symbol
[ERROR]   location: variable joshuaConfiguration of type org.apache.joshua.decoder.JoshuaConfiguration
[ERROR] /workspaces/master-thesis-pascal-joos/code_cure_agent/cca_workspace/joshua/src/main/java/org/apache/joshua/decoder/ff/tm/hash_based/MemoryBasedBatchGrammar.java:[313,72] cannot find symbol
[ERROR]   symbol:   variable default_non_terminal
[ERROR]   location: variable joshuaConfiguration of type org.apache.joshua.decoder.JoshuaConfiguration
[ERROR] /workspaces/master-thesis-pascal-joos/code_cure_agent/cca_workspace/joshua/src/main/java/org/apache/joshua/decoder/ff/tm/CreateGlueGrammar.java:[50,79] cannot find symbol
[ERROR]   symbol:   variable goal_symbol
[ERROR]   location: class org.apache.joshua.decoder.JoshuaConfiguration
[ERROR] /workspaces/master-thesis-pascal-joos/code_cure_agent/cca_workspace/joshua/src/main/java/org/apache/joshua/decoder/ff/WordPenalty.java:[48,19] cannot find symbol
[ERROR]   symbol:   variable search_algorithm
[ERROR]   location: variable config of type org.apache.joshua.decoder.JoshuaConfiguration
[ERROR] /workspaces/master-thesis-pascal-joos/code_cure_agent/cca_workspace/joshua/src/main/java/org/apache/joshua/decoder/ff/lm/LanguageModelFF.java:[168,25] cannot find symbol
[ERROR]   symbol:   variable default_non_terminal
[ERROR]   location: variable config of type org.apache.joshua.decoder.JoshuaConfiguration
[ERROR] -> [Help 1]
[ERROR] 
[ERROR] To see the full stack trace of the errors, re-run Maven with the -e switch.
[ERROR] Re-run Maven using the -X switch to enable full debug logging.
[ERROR] 
[ERROR] For more information about the errors and possible solutions, please read the following articles:
[ERROR] [Help 1] http://cwiki.apache.org/confluence/display/MAVEN/MojoFailureException
