[INFO] Scanning for projects...
[WARNING] The project org.w3c:epubcheck:jar:4.2.5-SNAPSHOT uses prerequisites which is only intended for maven-plugin projects but not for non maven-plugin projects. For such purposes you should use the maven-enforcer-plugin. See https://maven.apache.org/enforcer/enforcer-rules/requireMavenVersion.html
[INFO] 
[INFO] -------------------------< org.w3c:epubcheck >--------------------------
[INFO] Building EPUBCheck :: Validation Tool for EPUB 4.2.5-SNAPSHOT
[INFO] --------------------------------[ jar ]---------------------------------
[INFO] 
[INFO] --- maven-clean-plugin:2.5:clean (default-clean) @ epubcheck ---
[INFO] 
[INFO] --- maven-enforcer-plugin:1.0:enforce (enforce-maven) @ epubcheck ---
[INFO] 
[INFO] --- license-maven-plugin:1.14:add-third-party (thirdparty-licenses) @ epubcheck ---
[WARNING] There is 1 dependencies with no license :
[WARNING]  - isorelax--isorelax--20030108
[WARNING] There is 1 dependencies with no license :
[WARNING]  - isorelax--isorelax--20030108
[INFO] Writing third-party file to /workspaces/CodeCureAgent/code_cure_agent/cca_workspace_4/epubcheck/target/generated-sources/license/THIRD-PARTY.txt
[INFO] 
[INFO] --- maven-resources-plugin:2.6:resources (default-resources) @ epubcheck ---
[INFO] Using 'UTF-8' encoding to copy filtered resources.
[INFO] Copying 5 resources to /workspaces/CodeCureAgent/code_cure_agent/cca_workspace_4/epubcheck/target
[INFO] Copying 333 resources
[INFO] Copying 1 resource
[INFO] Copying 1 resource
[INFO] 
[INFO] --- xml-maven-plugin:1.0.1:transform (default) @ epubcheck ---
[INFO] Transforming file: /workspaces/CodeCureAgent/code_cure_agent/cca_workspace_4/epubcheck/src/main/resources/com/adobe/epubcheck/schema/30/epub-nav-30.sch
[INFO] Transforming file: /workspaces/CodeCureAgent/code_cure_agent/cca_workspace_4/epubcheck/src/main/resources/com/adobe/epubcheck/schema/30/media-overlay-30.sch
[INFO] Transforming file: /workspaces/CodeCureAgent/code_cure_agent/cca_workspace_4/epubcheck/src/main/resources/com/adobe/epubcheck/schema/30/package-30.sch
[INFO] Transforming file: /workspaces/CodeCureAgent/code_cure_agent/cca_workspace_4/epubcheck/src/main/resources/com/adobe/epubcheck/schema/30/collection-manifest-30.sch
[INFO] Transforming file: /workspaces/CodeCureAgent/code_cure_agent/cca_workspace_4/epubcheck/src/main/resources/com/adobe/epubcheck/schema/30/collection-do-30.sch
[INFO] Transforming file: /workspaces/CodeCureAgent/code_cure_agent/cca_workspace_4/epubcheck/src/main/resources/com/adobe/epubcheck/schema/30/epub-svg-30.sch
[INFO] Transforming file: /workspaces/CodeCureAgent/code_cure_agent/cca_workspace_4/epubcheck/src/main/resources/com/adobe/epubcheck/schema/30/epub-xhtml-30.sch
[INFO] Transforming file: /workspaces/CodeCureAgent/code_cure_agent/cca_workspace_4/epubcheck/src/main/resources/com/adobe/epubcheck/schema/30/ocf-metadata-30.sch
[INFO] Transforming file: /workspaces/CodeCureAgent/code_cure_agent/cca_workspace_4/epubcheck/src/main/resources/com/adobe/epubcheck/schema/30/ocf-encryption-30.sch
[INFO] Transformed 9 file(s).
[INFO] Transforming file: /workspaces/CodeCureAgent/code_cure_agent/cca_workspace_4/epubcheck/target/generated-resources/intermediate-schema/epub-nav-30.sch
[INFO] Transforming file: /workspaces/CodeCureAgent/code_cure_agent/cca_workspace_4/epubcheck/target/generated-resources/intermediate-schema/media-overlay-30.sch
[INFO] Transforming file: /workspaces/CodeCureAgent/code_cure_agent/cca_workspace_4/epubcheck/target/generated-resources/intermediate-schema/package-30.sch
[INFO] Transforming file: /workspaces/CodeCureAgent/code_cure_agent/cca_workspace_4/epubcheck/target/generated-resources/intermediate-schema/collection-manifest-30.sch
[INFO] Transforming file: /workspaces/CodeCureAgent/code_cure_agent/cca_workspace_4/epubcheck/target/generated-resources/intermediate-schema/collection-do-30.sch
[INFO] Transforming file: /workspaces/CodeCureAgent/code_cure_agent/cca_workspace_4/epubcheck/target/generated-resources/intermediate-schema/epub-svg-30.sch
[INFO] Transforming file: /workspaces/CodeCureAgent/code_cure_agent/cca_workspace_4/epubcheck/target/generated-resources/intermediate-schema/epub-xhtml-30.sch
[INFO] Transforming file: /workspaces/CodeCureAgent/code_cure_agent/cca_workspace_4/epubcheck/target/generated-resources/intermediate-schema/ocf-metadata-30.sch
[INFO] Transforming file: /workspaces/CodeCureAgent/code_cure_agent/cca_workspace_4/epubcheck/target/generated-resources/intermediate-schema/ocf-encryption-30.sch
[INFO] Transformed 9 file(s).
[INFO] 
[INFO] --- maven-compiler-plugin:3.7.0:compile (default-compile) @ epubcheck ---
[INFO] Changes detected - recompiling the module!
[INFO] Compiling 221 source files to /workspaces/CodeCureAgent/code_cure_agent/cca_workspace_4/epubcheck/target/classes
[INFO] -------------------------------------------------------------
[ERROR] COMPILATION ERROR : 
[INFO] -------------------------------------------------------------
[ERROR] /workspaces/CodeCureAgent/code_cure_agent/cca_workspace_4/epubcheck/src/main/java/com/adobe/epubcheck/xml/XMLParser.java:[606,6] illegal start of expression
[ERROR] /workspaces/CodeCureAgent/code_cure_agent/cca_workspace_4/epubcheck/src/main/java/com/adobe/epubcheck/xml/XMLParser.java:[606,1] not a statement
[ERROR] /workspaces/CodeCureAgent/code_cure_agent/cca_workspace_4/epubcheck/src/main/java/com/adobe/epubcheck/xml/XMLParser.java:[607,6] illegal start of expression
[ERROR] /workspaces/CodeCureAgent/code_cure_agent/cca_workspace_4/epubcheck/src/main/java/com/adobe/epubcheck/xml/XMLParser.java:[607,1] not a statement
[ERROR] /workspaces/CodeCureAgent/code_cure_agent/cca_workspace_4/epubcheck/src/main/java/com/adobe/epubcheck/xml/XMLParser.java:[608,8] illegal start of expression
[ERROR] /workspaces/CodeCureAgent/code_cure_agent/cca_workspace_4/epubcheck/src/main/java/com/adobe/epubcheck/xml/XMLParser.java:[608,1] not a statement
[ERROR] /workspaces/CodeCureAgent/code_cure_agent/cca_workspace_4/epubcheck/src/main/java/com/adobe/epubcheck/xml/XMLParser.java:[609,8] illegal start of expression
[ERROR] /workspaces/CodeCureAgent/code_cure_agent/cca_workspace_4/epubcheck/src/main/java/com/adobe/epubcheck/xml/XMLParser.java:[609,1] not a statement
[ERROR] /workspaces/CodeCureAgent/code_cure_agent/cca_workspace_4/epubcheck/src/main/java/com/adobe/epubcheck/xml/XMLParser.java:[610,1] not a statement
[ERROR] /workspaces/CodeCureAgent/code_cure_agent/cca_workspace_4/epubcheck/src/main/java/com/adobe/epubcheck/xml/XMLParser.java:[611,8] illegal start of expression
[ERROR] /workspaces/CodeCureAgent/code_cure_agent/cca_workspace_4/epubcheck/src/main/java/com/adobe/epubcheck/xml/XMLParser.java:[611,1] not a statement
[ERROR] /workspaces/CodeCureAgent/code_cure_agent/cca_workspace_4/epubcheck/src/main/java/com/adobe/epubcheck/xml/XMLParser.java:[612,6] illegal start of expression
[ERROR] /workspaces/CodeCureAgent/code_cure_agent/cca_workspace_4/epubcheck/src/main/java/com/adobe/epubcheck/xml/XMLParser.java:[612,1] not a statement
[ERROR] /workspaces/CodeCureAgent/code_cure_agent/cca_workspace_4/epubcheck/src/main/java/com/adobe/epubcheck/xml/XMLParser.java:[613,6] illegal start of expression
[ERROR] /workspaces/CodeCureAgent/code_cure_agent/cca_workspace_4/epubcheck/src/main/java/com/adobe/epubcheck/xml/XMLParser.java:[613,1] not a statement
[ERROR] /workspaces/CodeCureAgent/code_cure_agent/cca_workspace_4/epubcheck/src/main/java/com/adobe/epubcheck/xml/XMLParser.java:[614,6] illegal start of expression
[ERROR] /workspaces/CodeCureAgent/code_cure_agent/cca_workspace_4/epubcheck/src/main/java/com/adobe/epubcheck/xml/XMLParser.java:[614,1] not a statement
[ERROR] /workspaces/CodeCureAgent/code_cure_agent/cca_workspace_4/epubcheck/src/main/java/com/adobe/epubcheck/xml/XMLParser.java:[615,8] illegal start of expression
[ERROR] /workspaces/CodeCureAgent/code_cure_agent/cca_workspace_4/epubcheck/src/main/java/com/adobe/epubcheck/xml/XMLParser.java:[615,1] not a statement
[ERROR] /workspaces/CodeCureAgent/code_cure_agent/cca_workspace_4/epubcheck/src/main/java/com/adobe/epubcheck/xml/XMLParser.java:[616,8] illegal start of expression
[ERROR] /workspaces/CodeCureAgent/code_cure_agent/cca_workspace_4/epubcheck/src/main/java/com/adobe/epubcheck/xml/XMLParser.java:[616,1] not a statement
[ERROR] /workspaces/CodeCureAgent/code_cure_agent/cca_workspace_4/epubcheck/src/main/java/com/adobe/epubcheck/xml/XMLParser.java:[617,1] not a statement
[ERROR] /workspaces/CodeCureAgent/code_cure_agent/cca_workspace_4/epubcheck/src/main/java/com/adobe/epubcheck/xml/XMLParser.java:[618,8] illegal start of expression
[ERROR] /workspaces/CodeCureAgent/code_cure_agent/cca_workspace_4/epubcheck/src/main/java/com/adobe/epubcheck/xml/XMLParser.java:[618,1] not a statement
[ERROR] /workspaces/CodeCureAgent/code_cure_agent/cca_workspace_4/epubcheck/src/main/java/com/adobe/epubcheck/xml/XMLParser.java:[619,6] illegal start of expression
[ERROR] /workspaces/CodeCureAgent/code_cure_agent/cca_workspace_4/epubcheck/src/main/java/com/adobe/epubcheck/xml/XMLParser.java:[619,1] not a statement
[ERROR] /workspaces/CodeCureAgent/code_cure_agent/cca_workspace_4/epubcheck/src/main/java/com/adobe/epubcheck/xml/XMLParser.java:[625,6] illegal start of expression
[ERROR] /workspaces/CodeCureAgent/code_cure_agent/cca_workspace_4/epubcheck/src/main/java/com/adobe/epubcheck/xml/XMLParser.java:[625,1] not a statement
[ERROR] /workspaces/CodeCureAgent/code_cure_agent/cca_workspace_4/epubcheck/src/main/java/com/adobe/epubcheck/xml/XMLParser.java:[626,6] illegal start of expression
[ERROR] /workspaces/CodeCureAgent/code_cure_agent/cca_workspace_4/epubcheck/src/main/java/com/adobe/epubcheck/xml/XMLParser.java:[626,1] not a statement
[ERROR] /workspaces/CodeCureAgent/code_cure_agent/cca_workspace_4/epubcheck/src/main/java/com/adobe/epubcheck/xml/XMLParser.java:[627,8] illegal start of expression
[ERROR] /workspaces/CodeCureAgent/code_cure_agent/cca_workspace_4/epubcheck/src/main/java/com/adobe/epubcheck/xml/XMLParser.java:[627,1] not a statement
[ERROR] /workspaces/CodeCureAgent/code_cure_agent/cca_workspace_4/epubcheck/src/main/java/com/adobe/epubcheck/xml/XMLParser.java:[628,8] illegal start of expression
[ERROR] /workspaces/CodeCureAgent/code_cure_agent/cca_workspace_4/epubcheck/src/main/java/com/adobe/epubcheck/xml/XMLParser.java:[628,1] not a statement
[ERROR] /workspaces/CodeCureAgent/code_cure_agent/cca_workspace_4/epubcheck/src/main/java/com/adobe/epubcheck/xml/XMLParser.java:[629,1] not a statement
[ERROR] /workspaces/CodeCureAgent/code_cure_agent/cca_workspace_4/epubcheck/src/main/java/com/adobe/epubcheck/xml/XMLParser.java:[630,8] illegal start of expression
[ERROR] /workspaces/CodeCureAgent/code_cure_agent/cca_workspace_4/epubcheck/src/main/java/com/adobe/epubcheck/xml/XMLParser.java:[630,1] not a statement
[ERROR] /workspaces/CodeCureAgent/code_cure_agent/cca_workspace_4/epubcheck/src/main/java/com/adobe/epubcheck/xml/XMLParser.java:[631,6] illegal start of expression
[ERROR] /workspaces/CodeCureAgent/code_cure_agent/cca_workspace_4/epubcheck/src/main/java/com/adobe/epubcheck/xml/XMLParser.java:[631,1] not a statement
[ERROR] /workspaces/CodeCureAgent/code_cure_agent/cca_workspace_4/epubcheck/src/main/java/com/adobe/epubcheck/xml/XMLParser.java:[632,6] illegal start of expression
[ERROR] /workspaces/CodeCureAgent/code_cure_agent/cca_workspace_4/epubcheck/src/main/java/com/adobe/epubcheck/xml/XMLParser.java:[632,1] not a statement
[ERROR] /workspaces/CodeCureAgent/code_cure_agent/cca_workspace_4/epubcheck/src/main/java/com/adobe/epubcheck/xml/XMLParser.java:[633,6] illegal start of expression
[ERROR] /workspaces/CodeCureAgent/code_cure_agent/cca_workspace_4/epubcheck/src/main/java/com/adobe/epubcheck/xml/XMLParser.java:[633,1] not a statement
[ERROR] /workspaces/CodeCureAgent/code_cure_agent/cca_workspace_4/epubcheck/src/main/java/com/adobe/epubcheck/xml/XMLParser.java:[634,8] illegal start of expression
[ERROR] /workspaces/CodeCureAgent/code_cure_agent/cca_workspace_4/epubcheck/src/main/java/com/adobe/epubcheck/xml/XMLParser.java:[634,1] not a statement
[ERROR] /workspaces/CodeCureAgent/code_cure_agent/cca_workspace_4/epubcheck/src/main/java/com/adobe/epubcheck/xml/XMLParser.java:[635,8] illegal start of expression
[ERROR] /workspaces/CodeCureAgent/code_cure_agent/cca_workspace_4/epubcheck/src/main/java/com/adobe/epubcheck/xml/XMLParser.java:[635,1] not a statement
[ERROR] /workspaces/CodeCureAgent/code_cure_agent/cca_workspace_4/epubcheck/src/main/java/com/adobe/epubcheck/xml/XMLParser.java:[636,1] not a statement
[ERROR] /workspaces/CodeCureAgent/code_cure_agent/cca_workspace_4/epubcheck/src/main/java/com/adobe/epubcheck/xml/XMLParser.java:[637,8] illegal start of expression
[ERROR] /workspaces/CodeCureAgent/code_cure_agent/cca_workspace_4/epubcheck/src/main/java/com/adobe/epubcheck/xml/XMLParser.java:[637,1] not a statement
[ERROR] /workspaces/CodeCureAgent/code_cure_agent/cca_workspace_4/epubcheck/src/main/java/com/adobe/epubcheck/xml/XMLParser.java:[638,6] illegal start of expression
[ERROR] /workspaces/CodeCureAgent/code_cure_agent/cca_workspace_4/epubcheck/src/main/java/com/adobe/epubcheck/xml/XMLParser.java:[638,1] not a statement
[ERROR] /workspaces/CodeCureAgent/code_cure_agent/cca_workspace_4/epubcheck/src/main/java/com/adobe/epubcheck/xml/XMLParser.java:[644,6] illegal start of expression
[ERROR] /workspaces/CodeCureAgent/code_cure_agent/cca_workspace_4/epubcheck/src/main/java/com/adobe/epubcheck/xml/XMLParser.java:[644,1] not a statement
[ERROR] /workspaces/CodeCureAgent/code_cure_agent/cca_workspace_4/epubcheck/src/main/java/com/adobe/epubcheck/xml/XMLParser.java:[645,6] illegal start of expression
[ERROR] /workspaces/CodeCureAgent/code_cure_agent/cca_workspace_4/epubcheck/src/main/java/com/adobe/epubcheck/xml/XMLParser.java:[645,1] not a statement
[ERROR] /workspaces/CodeCureAgent/code_cure_agent/cca_workspace_4/epubcheck/src/main/java/com/adobe/epubcheck/xml/XMLParser.java:[646,8] illegal start of expression
[ERROR] /workspaces/CodeCureAgent/code_cure_agent/cca_workspace_4/epubcheck/src/main/java/com/adobe/epubcheck/xml/XMLParser.java:[646,1] not a statement
[ERROR] /workspaces/CodeCureAgent/code_cure_agent/cca_workspace_4/epubcheck/src/main/java/com/adobe/epubcheck/xml/XMLParser.java:[647,8] illegal start of expression
[ERROR] /workspaces/CodeCureAgent/code_cure_agent/cca_workspace_4/epubcheck/src/main/java/com/adobe/epubcheck/xml/XMLParser.java:[647,1] not a statement
[ERROR] /workspaces/CodeCureAgent/code_cure_agent/cca_workspace_4/epubcheck/src/main/java/com/adobe/epubcheck/xml/XMLParser.java:[648,1] not a statement
[ERROR] /workspaces/CodeCureAgent/code_cure_agent/cca_workspace_4/epubcheck/src/main/java/com/adobe/epubcheck/xml/XMLParser.java:[649,8] illegal start of expression
[ERROR] /workspaces/CodeCureAgent/code_cure_agent/cca_workspace_4/epubcheck/src/main/java/com/adobe/epubcheck/xml/XMLParser.java:[649,1] not a statement
[ERROR] /workspaces/CodeCureAgent/code_cure_agent/cca_workspace_4/epubcheck/src/main/java/com/adobe/epubcheck/xml/XMLParser.java:[650,6] illegal start of expression
[ERROR] /workspaces/CodeCureAgent/code_cure_agent/cca_workspace_4/epubcheck/src/main/java/com/adobe/epubcheck/xml/XMLParser.java:[650,1] not a statement
[ERROR] /workspaces/CodeCureAgent/code_cure_agent/cca_workspace_4/epubcheck/src/main/java/com/adobe/epubcheck/xml/XMLParser.java:[651,6] illegal start of expression
[ERROR] /workspaces/CodeCureAgent/code_cure_agent/cca_workspace_4/epubcheck/src/main/java/com/adobe/epubcheck/xml/XMLParser.java:[651,1] not a statement
[ERROR] /workspaces/CodeCureAgent/code_cure_agent/cca_workspace_4/epubcheck/src/main/java/com/adobe/epubcheck/xml/XMLParser.java:[652,6] illegal start of expression
[ERROR] /workspaces/CodeCureAgent/code_cure_agent/cca_workspace_4/epubcheck/src/main/java/com/adobe/epubcheck/xml/XMLParser.java:[652,1] not a statement
[ERROR] /workspaces/CodeCureAgent/code_cure_agent/cca_workspace_4/epubcheck/src/main/java/com/adobe/epubcheck/xml/XMLParser.java:[653,8] illegal start of expression
[ERROR] /workspaces/CodeCureAgent/code_cure_agent/cca_workspace_4/epubcheck/src/main/java/com/adobe/epubcheck/xml/XMLParser.java:[653,1] not a statement
[ERROR] /workspaces/CodeCureAgent/code_cure_agent/cca_workspace_4/epubcheck/src/main/java/com/adobe/epubcheck/xml/XMLParser.java:[654,8] illegal start of expression
[ERROR] /workspaces/CodeCureAgent/code_cure_agent/cca_workspace_4/epubcheck/src/main/java/com/adobe/epubcheck/xml/XMLParser.java:[654,1] not a statement
[ERROR] /workspaces/CodeCureAgent/code_cure_agent/cca_workspace_4/epubcheck/src/main/java/com/adobe/epubcheck/xml/XMLParser.java:[655,1] not a statement
[ERROR] /workspaces/CodeCureAgent/code_cure_agent/cca_workspace_4/epubcheck/src/main/java/com/adobe/epubcheck/xml/XMLParser.java:[656,8] illegal start of expression
[ERROR] /workspaces/CodeCureAgent/code_cure_agent/cca_workspace_4/epubcheck/src/main/java/com/adobe/epubcheck/xml/XMLParser.java:[656,1] not a statement
[ERROR] /workspaces/CodeCureAgent/code_cure_agent/cca_workspace_4/epubcheck/src/main/java/com/adobe/epubcheck/xml/XMLParser.java:[657,6] illegal start of expression
[ERROR] /workspaces/CodeCureAgent/code_cure_agent/cca_workspace_4/epubcheck/src/main/java/com/adobe/epubcheck/xml/XMLParser.java:[657,1] not a statement
[ERROR] /workspaces/CodeCureAgent/code_cure_agent/cca_workspace_4/epubcheck/src/main/java/com/adobe/epubcheck/xml/XMLParser.java:[663,6] illegal start of expression
[ERROR] /workspaces/CodeCureAgent/code_cure_agent/cca_workspace_4/epubcheck/src/main/java/com/adobe/epubcheck/xml/XMLParser.java:[663,1] not a statement
[ERROR] /workspaces/CodeCureAgent/code_cure_agent/cca_workspace_4/epubcheck/src/main/java/com/adobe/epubcheck/xml/XMLParser.java:[664,6] illegal start of expression
[ERROR] /workspaces/CodeCureAgent/code_cure_agent/cca_workspace_4/epubcheck/src/main/java/com/adobe/epubcheck/xml/XMLParser.java:[664,1] not a statement
[ERROR] /workspaces/CodeCureAgent/code_cure_agent/cca_workspace_4/epubcheck/src/main/java/com/adobe/epubcheck/xml/XMLParser.java:[665,8] illegal start of expression
[ERROR] /workspaces/CodeCureAgent/code_cure_agent/cca_workspace_4/epubcheck/src/main/java/com/adobe/epubcheck/xml/XMLParser.java:[665,1] not a statement
[ERROR] /workspaces/CodeCureAgent/code_cure_agent/cca_workspace_4/epubcheck/src/main/java/com/adobe/epubcheck/xml/XMLParser.java:[666,8] illegal start of expression
[ERROR] /workspaces/CodeCureAgent/code_cure_agent/cca_workspace_4/epubcheck/src/main/java/com/adobe/epubcheck/xml/XMLParser.java:[666,1] not a statement
[ERROR] /workspaces/CodeCureAgent/code_cure_agent/cca_workspace_4/epubcheck/src/main/java/com/adobe/epubcheck/xml/XMLParser.java:[667,1] not a statement
[ERROR] /workspaces/CodeCureAgent/code_cure_agent/cca_workspace_4/epubcheck/src/main/java/com/adobe/epubcheck/xml/XMLParser.java:[668,8] illegal start of expression
[ERROR] /workspaces/CodeCureAgent/code_cure_agent/cca_workspace_4/epubcheck/src/main/java/com/adobe/epubcheck/xml/XMLParser.java:[668,1] not a statement
[ERROR] /workspaces/CodeCureAgent/code_cure_agent/cca_workspace_4/epubcheck/src/main/java/com/adobe/epubcheck/xml/XMLParser.java:[669,6] illegal start of expression
[ERROR] /workspaces/CodeCureAgent/code_cure_agent/cca_workspace_4/epubcheck/src/main/java/com/adobe/epubcheck/xml/XMLParser.java:[669,1] not a statement
[ERROR] /workspaces/CodeCureAgent/code_cure_agent/cca_workspace_4/epubcheck/src/main/java/com/adobe/epubcheck/xml/XMLParser.java:[670,6] illegal start of expression
[ERROR] /workspaces/CodeCureAgent/code_cure_agent/cca_workspace_4/epubcheck/src/main/java/com/adobe/epubcheck/xml/XMLParser.java:[670,1] not a statement
[ERROR] /workspaces/CodeCureAgent/code_cure_agent/cca_workspace_4/epubcheck/src/main/java/com/adobe/epubcheck/xml/XMLParser.java:[671,6] illegal start of expression
[ERROR] /workspaces/CodeCureAgent/code_cure_agent/cca_workspace_4/epubcheck/src/main/java/com/adobe/epubcheck/xml/XMLParser.java:[671,1] not a statement
[ERROR] /workspaces/CodeCureAgent/code_cure_agent/cca_workspace_4/epubcheck/src/main/java/com/adobe/epubcheck/xml/XMLParser.java:[672,8] illegal start of expression
[ERROR] /workspaces/CodeCureAgent/code_cure_agent/cca_workspace_4/epubcheck/src/main/java/com/adobe/epubcheck/xml/XMLParser.java:[672,1] not a statement
[ERROR] /workspaces/CodeCureAgent/code_cure_agent/cca_workspace_4/epubcheck/src/main/java/com/adobe/epubcheck/xml/XMLParser.java:[673,8] illegal start of expression
[ERROR] /workspaces/CodeCureAgent/code_cure_agent/cca_workspace_4/epubcheck/src/main/java/com/adobe/epubcheck/xml/XMLParser.java:[673,1] not a statement
[ERROR] /workspaces/CodeCureAgent/code_cure_agent/cca_workspace_4/epubcheck/src/main/java/com/adobe/epubcheck/xml/XMLParser.java:[674,1] not a statement
[INFO] 100 errors 
[INFO] -------------------------------------------------------------
[INFO] ------------------------------------------------------------------------
[INFO] BUILD FAILURE
[INFO] ------------------------------------------------------------------------
[INFO] Total time:  4.108 s
[INFO] Finished at: 2026-01-30T11:05:13Z
[INFO] ------------------------------------------------------------------------
[ERROR] Failed to execute goal org.apache.maven.plugins:maven-compiler-plugin:3.7.0:compile (default-compile) on project epubcheck: Compilation failure: Compilation failure: 
[ERROR] /workspaces/CodeCureAgent/code_cure_agent/cca_workspace_4/epubcheck/src/main/java/com/adobe/epubcheck/xml/XMLParser.java:[606,6] illegal start of expression
[ERROR] /workspaces/CodeCureAgent/code_cure_agent/cca_workspace_4/epubcheck/src/main/java/com/adobe/epubcheck/xml/XMLParser.java:[606,1] not a statement
[ERROR] /workspaces/CodeCureAgent/code_cure_agent/cca_workspace_4/epubcheck/src/main/java/com/adobe/epubcheck/xml/XMLParser.java:[607,6] illegal start of expression
[ERROR] /workspaces/CodeCureAgent/code_cure_agent/cca_workspace_4/epubcheck/src/main/java/com/adobe/epubcheck/xml/XMLParser.java:[607,1] not a statement
[ERROR] /workspaces/CodeCureAgent/code_cure_agent/cca_workspace_4/epubcheck/src/main/java/com/adobe/epubcheck/xml/XMLParser.java:[608,8] illegal start of expression
[ERROR] /workspaces/CodeCureAgent/code_cure_agent/cca_workspace_4/epubcheck/src/main/java/com/adobe/epubcheck/xml/XMLParser.java:[608,1] not a statement
[ERROR] /workspaces/CodeCureAgent/code_cure_agent/cca_workspace_4/epubcheck/src/main/java/com/adobe/epubcheck/xml/XMLParser.java:[609,8] illegal start of expression
[ERROR] /workspaces/CodeCureAgent/code_cure_agent/cca_workspace_4/epubcheck/src/main/java/com/adobe/epubcheck/xml/XMLParser.java:[609,1] not a statement
[ERROR] /workspaces/CodeCureAgent/code_cure_agent/cca_workspace_4/epubcheck/src/main/java/com/adobe/epubcheck/xml/XMLParser.java:[610,1] not a statement
[ERROR] /workspaces/CodeCureAgent/code_cure_agent/cca_workspace_4/epubcheck/src/main/java/com/adobe/epubcheck/xml/XMLParser.java:[611,8] illegal start of expression
[ERROR] /workspaces/CodeCureAgent/code_cure_agent/cca_workspace_4/epubcheck/src/main/java/com/adobe/epubcheck/xml/XMLParser.java:[611,1] not a statement
[ERROR] /workspaces/CodeCureAgent/code_cure_agent/cca_workspace_4/epubcheck/src/main/java/com/adobe/epubcheck/xml/XMLParser.java:[612,6] illegal start of expression
[ERROR] /workspaces/CodeCureAgent/code_cure_agent/cca_workspace_4/epubcheck/src/main/java/com/adobe/epubcheck/xml/XMLParser.java:[612,1] not a statement
[ERROR] /workspaces/CodeCureAgent/code_cure_agent/cca_workspace_4/epubcheck/src/main/java/com/adobe/epubcheck/xml/XMLParser.java:[613,6] illegal start of expression
[ERROR] /workspaces/CodeCureAgent/code_cure_agent/cca_workspace_4/epubcheck/src/main/java/com/adobe/epubcheck/xml/XMLParser.java:[613,1] not a statement
[ERROR] /workspaces/CodeCureAgent/code_cure_agent/cca_workspace_4/epubcheck/src/main/java/com/adobe/epubcheck/xml/XMLParser.java:[614,6] illegal start of expression
[ERROR] /workspaces/CodeCureAgent/code_cure_agent/cca_workspace_4/epubcheck/src/main/java/com/adobe/epubcheck/xml/XMLParser.java:[614,1] not a statement
[ERROR] /workspaces/CodeCureAgent/code_cure_agent/cca_workspace_4/epubcheck/src/main/java/com/adobe/epubcheck/xml/XMLParser.java:[615,8] illegal start of expression
[ERROR] /workspaces/CodeCureAgent/code_cure_agent/cca_workspace_4/epubcheck/src/main/java/com/adobe/epubcheck/xml/XMLParser.java:[615,1] not a statement
[ERROR] /workspaces/CodeCureAgent/code_cure_agent/cca_workspace_4/epubcheck/src/main/java/com/adobe/epubcheck/xml/XMLParser.java:[616,8] illegal start of expression
[ERROR] /workspaces/CodeCureAgent/code_cure_agent/cca_workspace_4/epubcheck/src/main/java/com/adobe/epubcheck/xml/XMLParser.java:[616,1] not a statement
[ERROR] /workspaces/CodeCureAgent/code_cure_agent/cca_workspace_4/epubcheck/src/main/java/com/adobe/epubcheck/xml/XMLParser.java:[617,1] not a statement
[ERROR] /workspaces/CodeCureAgent/code_cure_agent/cca_workspace_4/epubcheck/src/main/java/com/adobe/epubcheck/xml/XMLParser.java:[618,8] illegal start of expression
[ERROR] /workspaces/CodeCureAgent/code_cure_agent/cca_workspace_4/epubcheck/src/main/java/com/adobe/epubcheck/xml/XMLParser.java:[618,1] not a statement
[ERROR] /workspaces/CodeCureAgent/code_cure_agent/cca_workspace_4/epubcheck/src/main/java/com/adobe/epubcheck/xml/XMLParser.java:[619,6] illegal start of expression
[ERROR] /workspaces/CodeCureAgent/code_cure_agent/cca_workspace_4/epubcheck/src/main/java/com/adobe/epubcheck/xml/XMLParser.java:[619,1] not a statement
[ERROR] /workspaces/CodeCureAgent/code_cure_agent/cca_workspace_4/epubcheck/src/main/java/com/adobe/epubcheck/xml/XMLParser.java:[625,6] illegal start of expression
[ERROR] /workspaces/CodeCureAgent/code_cure_agent/cca_workspace_4/epubcheck/src/main/java/com/adobe/epubcheck/xml/XMLParser.java:[625,1] not a statement
[ERROR] /workspaces/CodeCureAgent/code_cure_agent/cca_workspace_4/epubcheck/src/main/java/com/adobe/epubcheck/xml/XMLParser.java:[626,6] illegal start of expression
[ERROR] /workspaces/CodeCureAgent/code_cure_agent/cca_workspace_4/epubcheck/src/main/java/com/adobe/epubcheck/xml/XMLParser.java:[626,1] not a statement
[ERROR] /workspaces/CodeCureAgent/code_cure_agent/cca_workspace_4/epubcheck/src/main/java/com/adobe/epubcheck/xml/XMLParser.java:[627,8] illegal start of expression
[ERROR] /workspaces/CodeCureAgent/code_cure_agent/cca_workspace_4/epubcheck/src/main/java/com/adobe/epubcheck/xml/XMLParser.java:[627,1] not a statement
[ERROR] /workspaces/CodeCureAgent/code_cure_agent/cca_workspace_4/epubcheck/src/main/java/com/adobe/epubcheck/xml/XMLParser.java:[628,8] illegal start of expression
[ERROR] /workspaces/CodeCureAgent/code_cure_agent/cca_workspace_4/epubcheck/src/main/java/com/adobe/epubcheck/xml/XMLParser.java:[628,1] not a statement
[ERROR] /workspaces/CodeCureAgent/code_cure_agent/cca_workspace_4/epubcheck/src/main/java/com/adobe/epubcheck/xml/XMLParser.java:[629,1] not a statement
[ERROR] /workspaces/CodeCureAgent/code_cure_agent/cca_workspace_4/epubcheck/src/main/java/com/adobe/epubcheck/xml/XMLParser.java:[630,8] illegal start of expression
[ERROR] /workspaces/CodeCureAgent/code_cure_agent/cca_workspace_4/epubcheck/src/main/java/com/adobe/epubcheck/xml/XMLParser.java:[630,1] not a statement
[ERROR] /workspaces/CodeCureAgent/code_cure_agent/cca_workspace_4/epubcheck/src/main/java/com/adobe/epubcheck/xml/XMLParser.java:[631,6] illegal start of expression
[ERROR] /workspaces/CodeCureAgent/code_cure_agent/cca_workspace_4/epubcheck/src/main/java/com/adobe/epubcheck/xml/XMLParser.java:[631,1] not a statement
[ERROR] /workspaces/CodeCureAgent/code_cure_agent/cca_workspace_4/epubcheck/src/main/java/com/adobe/epubcheck/xml/XMLParser.java:[632,6] illegal start of expression
[ERROR] /workspaces/CodeCureAgent/code_cure_agent/cca_workspace_4/epubcheck/src/main/java/com/adobe/epubcheck/xml/XMLParser.java:[632,1] not a statement
[ERROR] /workspaces/CodeCureAgent/code_cure_agent/cca_workspace_4/epubcheck/src/main/java/com/adobe/epubcheck/xml/XMLParser.java:[633,6] illegal start of expression
[ERROR] /workspaces/CodeCureAgent/code_cure_agent/cca_workspace_4/epubcheck/src/main/java/com/adobe/epubcheck/xml/XMLParser.java:[633,1] not a statement
[ERROR] /workspaces/CodeCureAgent/code_cure_agent/cca_workspace_4/epubcheck/src/main/java/com/adobe/epubcheck/xml/XMLParser.java:[634,8] illegal start of expression
[ERROR] /workspaces/CodeCureAgent/code_cure_agent/cca_workspace_4/epubcheck/src/main/java/com/adobe/epubcheck/xml/XMLParser.java:[634,1] not a statement
[ERROR] /workspaces/CodeCureAgent/code_cure_agent/cca_workspace_4/epubcheck/src/main/java/com/adobe/epubcheck/xml/XMLParser.java:[635,8] illegal start of expression
[ERROR] /workspaces/CodeCureAgent/code_cure_agent/cca_workspace_4/epubcheck/src/main/java/com/adobe/epubcheck/xml/XMLParser.java:[635,1] not a statement
[ERROR] /workspaces/CodeCureAgent/code_cure_agent/cca_workspace_4/epubcheck/src/main/java/com/adobe/epubcheck/xml/XMLParser.java:[636,1] not a statement
[ERROR] /workspaces/CodeCureAgent/code_cure_agent/cca_workspace_4/epubcheck/src/main/java/com/adobe/epubcheck/xml/XMLParser.java:[637,8] illegal start of expression
[ERROR] /workspaces/CodeCureAgent/code_cure_agent/cca_workspace_4/epubcheck/src/main/java/com/adobe/epubcheck/xml/XMLParser.java:[637,1] not a statement
[ERROR] /workspaces/CodeCureAgent/code_cure_agent/cca_workspace_4/epubcheck/src/main/java/com/adobe/epubcheck/xml/XMLParser.java:[638,6] illegal start of expression
[ERROR] /workspaces/CodeCureAgent/code_cure_agent/cca_workspace_4/epubcheck/src/main/java/com/adobe/epubcheck/xml/XMLParser.java:[638,1] not a statement
[ERROR] /workspaces/CodeCureAgent/code_cure_agent/cca_workspace_4/epubcheck/src/main/java/com/adobe/epubcheck/xml/XMLParser.java:[644,6] illegal start of expression
[ERROR] /workspaces/CodeCureAgent/code_cure_agent/cca_workspace_4/epubcheck/src/main/java/com/adobe/epubcheck/xml/XMLParser.java:[644,1] not a statement
[ERROR] /workspaces/CodeCureAgent/code_cure_agent/cca_workspace_4/epubcheck/src/main/java/com/adobe/epubcheck/xml/XMLParser.java:[645,6] illegal start of expression
[ERROR] /workspaces/CodeCureAgent/code_cure_agent/cca_workspace_4/epubcheck/src/main/java/com/adobe/epubcheck/xml/XMLParser.java:[645,1] not a statement
[ERROR] /workspaces/CodeCureAgent/code_cure_agent/cca_workspace_4/epubcheck/src/main/java/com/adobe/epubcheck/xml/XMLParser.java:[646,8] illegal start of expression
[ERROR] /workspaces/CodeCureAgent/code_cure_agent/cca_workspace_4/epubcheck/src/main/java/com/adobe/epubcheck/xml/XMLParser.java:[646,1] not a statement
[ERROR] /workspaces/CodeCureAgent/code_cure_agent/cca_workspace_4/epubcheck/src/main/java/com/adobe/epubcheck/xml/XMLParser.java:[647,8] illegal start of expression
[ERROR] /workspaces/CodeCureAgent/code_cure_agent/cca_workspace_4/epubcheck/src/main/java/com/adobe/epubcheck/xml/XMLParser.java:[647,1] not a statement
[ERROR] /workspaces/CodeCureAgent/code_cure_agent/cca_workspace_4/epubcheck/src/main/java/com/adobe/epubcheck/xml/XMLParser.java:[648,1] not a statement
[ERROR] /workspaces/CodeCureAgent/code_cure_agent/cca_workspace_4/epubcheck/src/main/java/com/adobe/epubcheck/xml/XMLParser.java:[649,8] illegal start of expression
[ERROR] /workspaces/CodeCureAgent/code_cure_agent/cca_workspace_4/epubcheck/src/main/java/com/adobe/epubcheck/xml/XMLParser.java:[649,1] not a statement
[ERROR] /workspaces/CodeCureAgent/code_cure_agent/cca_workspace_4/epubcheck/src/main/java/com/adobe/epubcheck/xml/XMLParser.java:[650,6] illegal start of expression
[ERROR] /workspaces/CodeCureAgent/code_cure_agent/cca_workspace_4/epubcheck/src/main/java/com/adobe/epubcheck/xml/XMLParser.java:[650,1] not a statement
[ERROR] /workspaces/CodeCureAgent/code_cure_agent/cca_workspace_4/epubcheck/src/main/java/com/adobe/epubcheck/xml/XMLParser.java:[651,6] illegal start of expression
[ERROR] /workspaces/CodeCureAgent/code_cure_agent/cca_workspace_4/epubcheck/src/main/java/com/adobe/epubcheck/xml/XMLParser.java:[651,1] not a statement
[ERROR] /workspaces/CodeCureAgent/code_cure_agent/cca_workspace_4/epubcheck/src/main/java/com/adobe/epubcheck/xml/XMLParser.java:[652,6] illegal start of expression
[ERROR] /workspaces/CodeCureAgent/code_cure_agent/cca_workspace_4/epubcheck/src/main/java/com/adobe/epubcheck/xml/XMLParser.java:[652,1] not a statement
[ERROR] /workspaces/CodeCureAgent/code_cure_agent/cca_workspace_4/epubcheck/src/main/java/com/adobe/epubcheck/xml/XMLParser.java:[653,8] illegal start of expression
[ERROR] /workspaces/CodeCureAgent/code_cure_agent/cca_workspace_4/epubcheck/src/main/java/com/adobe/epubcheck/xml/XMLParser.java:[653,1] not a statement
[ERROR] /workspaces/CodeCureAgent/code_cure_agent/cca_workspace_4/epubcheck/src/main/java/com/adobe/epubcheck/xml/XMLParser.java:[654,8] illegal start of expression
[ERROR] /workspaces/CodeCureAgent/code_cure_agent/cca_workspace_4/epubcheck/src/main/java/com/adobe/epubcheck/xml/XMLParser.java:[654,1] not a statement
[ERROR] /workspaces/CodeCureAgent/code_cure_agent/cca_workspace_4/epubcheck/src/main/java/com/adobe/epubcheck/xml/XMLParser.java:[655,1] not a statement
[ERROR] /workspaces/CodeCureAgent/code_cure_agent/cca_workspace_4/epubcheck/src/main/java/com/adobe/epubcheck/xml/XMLParser.java:[656,8] illegal start of expression
[ERROR] /workspaces/CodeCureAgent/code_cure_agent/cca_workspace_4/epubcheck/src/main/java/com/adobe/epubcheck/xml/XMLParser.java:[656,1] not a statement
[ERROR] /workspaces/CodeCureAgent/code_cure_agent/cca_workspace_4/epubcheck/src/main/java/com/adobe/epubcheck/xml/XMLParser.java:[657,6] illegal start of expression
[ERROR] /workspaces/CodeCureAgent/code_cure_agent/cca_workspace_4/epubcheck/src/main/java/com/adobe/epubcheck/xml/XMLParser.java:[657,1] not a statement
[ERROR] /workspaces/CodeCureAgent/code_cure_agent/cca_workspace_4/epubcheck/src/main/java/com/adobe/epubcheck/xml/XMLParser.java:[663,6] illegal start of expression
[ERROR] /workspaces/CodeCureAgent/code_cure_agent/cca_workspace_4/epubcheck/src/main/java/com/adobe/epubcheck/xml/XMLParser.java:[663,1] not a statement
[ERROR] /workspaces/CodeCureAgent/code_cure_agent/cca_workspace_4/epubcheck/src/main/java/com/adobe/epubcheck/xml/XMLParser.java:[664,6] illegal start of expression
[ERROR] /workspaces/CodeCureAgent/code_cure_agent/cca_workspace_4/epubcheck/src/main/java/com/adobe/epubcheck/xml/XMLParser.java:[664,1] not a statement
[ERROR] /workspaces/CodeCureAgent/code_cure_agent/cca_workspace_4/epubcheck/src/main/java/com/adobe/epubcheck/xml/XMLParser.java:[665,8] illegal start of expression
[ERROR] /workspaces/CodeCureAgent/code_cure_agent/cca_workspace_4/epubcheck/src/main/java/com/adobe/epubcheck/xml/XMLParser.java:[665,1] not a statement
[ERROR] /workspaces/CodeCureAgent/code_cure_agent/cca_workspace_4/epubcheck/src/main/java/com/adobe/epubcheck/xml/XMLParser.java:[666,8] illegal start of expression
[ERROR] /workspaces/CodeCureAgent/code_cure_agent/cca_workspace_4/epubcheck/src/main/java/com/adobe/epubcheck/xml/XMLParser.java:[666,1] not a statement
[ERROR] /workspaces/CodeCureAgent/code_cure_agent/cca_workspace_4/epubcheck/src/main/java/com/adobe/epubcheck/xml/XMLParser.java:[667,1] not a statement
[ERROR] /workspaces/CodeCureAgent/code_cure_agent/cca_workspace_4/epubcheck/src/main/java/com/adobe/epubcheck/xml/XMLParser.java:[668,8] illegal start of expression
[ERROR] /workspaces/CodeCureAgent/code_cure_agent/cca_workspace_4/epubcheck/src/main/java/com/adobe/epubcheck/xml/XMLParser.java:[668,1] not a statement
[ERROR] /workspaces/CodeCureAgent/code_cure_agent/cca_workspace_4/epubcheck/src/main/java/com/adobe/epubcheck/xml/XMLParser.java:[669,6] illegal start of expression
[ERROR] /workspaces/CodeCureAgent/code_cure_agent/cca_workspace_4/epubcheck/src/main/java/com/adobe/epubcheck/xml/XMLParser.java:[669,1] not a statement
[ERROR] /workspaces/CodeCureAgent/code_cure_agent/cca_workspace_4/epubcheck/src/main/java/com/adobe/epubcheck/xml/XMLParser.java:[670,6] illegal start of expression
[ERROR] /workspaces/CodeCureAgent/code_cure_agent/cca_workspace_4/epubcheck/src/main/java/com/adobe/epubcheck/xml/XMLParser.java:[670,1] not a statement
[ERROR] /workspaces/CodeCureAgent/code_cure_agent/cca_workspace_4/epubcheck/src/main/java/com/adobe/epubcheck/xml/XMLParser.java:[671,6] illegal start of expression
[ERROR] /workspaces/CodeCureAgent/code_cure_agent/cca_workspace_4/epubcheck/src/main/java/com/adobe/epubcheck/xml/XMLParser.java:[671,1] not a statement
[ERROR] /workspaces/CodeCureAgent/code_cure_agent/cca_workspace_4/epubcheck/src/main/java/com/adobe/epubcheck/xml/XMLParser.java:[672,8] illegal start of expression
[ERROR] /workspaces/CodeCureAgent/code_cure_agent/cca_workspace_4/epubcheck/src/main/java/com/adobe/epubcheck/xml/XMLParser.java:[672,1] not a statement
[ERROR] /workspaces/CodeCureAgent/code_cure_agent/cca_workspace_4/epubcheck/src/main/java/com/adobe/epubcheck/xml/XMLParser.java:[673,8] illegal start of expression
[ERROR] /workspaces/CodeCureAgent/code_cure_agent/cca_workspace_4/epubcheck/src/main/java/com/adobe/epubcheck/xml/XMLParser.java:[673,1] not a statement
[ERROR] /workspaces/CodeCureAgent/code_cure_agent/cca_workspace_4/epubcheck/src/main/java/com/adobe/epubcheck/xml/XMLParser.java:[674,1] not a statement
[ERROR] -> [Help 1]
[ERROR] 
[ERROR] To see the full stack trace of the errors, re-run Maven with the -e switch.
[ERROR] Re-run Maven using the -X switch to enable full debug logging.
[ERROR] 
[ERROR] For more information about the errors and possible solutions, please read the following articles:
[ERROR] [Help 1] http://cwiki.apache.org/confluence/display/MAVEN/MojoFailureException
