[INFO] Scanning for projects...
[INFO] Inspecting build with total of 1 modules...
[INFO] Installing Nexus Staging features:
[INFO]   ... total of 1 executions of maven-deploy-plugin replaced with nexus-staging-maven-plugin
[INFO] 
[INFO] ----------------------< org.opentripplanner:otp >-----------------------
[INFO] Building OpenTripPlanner 2.1.0-SNAPSHOT
[INFO] --------------------------------[ jar ]---------------------------------
[INFO] 
[INFO] --- maven-clean-plugin:2.5:clean (default-clean) @ otp ---
[INFO] 
[INFO] --- git-commit-id-plugin:4.0.0:revision (default) @ otp ---
[INFO] 
[INFO] --- build-helper-maven-plugin:3.0.0:add-source (build-helper-generate-sources) @ otp ---
[INFO] Source directory: /workspaces/CodeCureAgent/code_cure_agent/cca_workspace_2/OpenTripPlanner/src/main/java added.
[INFO] Source directory: /workspaces/CodeCureAgent/code_cure_agent/cca_workspace_2/OpenTripPlanner/src/ext/java added.
[INFO] 
[INFO] --- maven-resources-plugin:2.6:resources (default-resources) @ otp ---
[INFO] Using 'UTF-8' encoding to copy filtered resources.
[INFO] Copying 24 resources
[INFO] Copying 1 resource
[INFO] Copying 287 resources to client
[INFO] 
[INFO] --- maven-compiler-plugin:3.8.1:compile (default-compile) @ otp ---
[INFO] Changes detected - recompiling the module!
[INFO] Compiling 1243 source files to /workspaces/CodeCureAgent/code_cure_agent/cca_workspace_2/OpenTripPlanner/target/classes
[INFO] /workspaces/CodeCureAgent/code_cure_agent/cca_workspace_2/OpenTripPlanner/src/main/java/org/opentripplanner/routing/graphfinder/StreetGraphFinder.java: Some input files use or override a deprecated API.
[INFO] /workspaces/CodeCureAgent/code_cure_agent/cca_workspace_2/OpenTripPlanner/src/main/java/org/opentripplanner/routing/graphfinder/StreetGraphFinder.java: Recompile with -Xlint:deprecation for details.
[INFO] /workspaces/CodeCureAgent/code_cure_agent/cca_workspace_2/OpenTripPlanner/src/main/java/org/opentripplanner/routing/graph/Graph.java: Some input files use unchecked or unsafe operations.
[INFO] /workspaces/CodeCureAgent/code_cure_agent/cca_workspace_2/OpenTripPlanner/src/main/java/org/opentripplanner/routing/graph/Graph.java: Recompile with -Xlint:unchecked for details.
[INFO] -------------------------------------------------------------
[ERROR] COMPILATION ERROR : 
[INFO] -------------------------------------------------------------
[ERROR] /workspaces/CodeCureAgent/code_cure_agent/cca_workspace_2/OpenTripPlanner/src/ext/java/org/opentripplanner/ext/legacygraphqlapi/datafetchers/LegacyGraphQLStoptimeImpl.java:[15,93] cannot find symbol
  symbol:   variable stopId
  location: class org.opentripplanner.model.TripTimeShort
[ERROR] /workspaces/CodeCureAgent/code_cure_agent/cca_workspace_2/OpenTripPlanner/src/ext/java/org/opentripplanner/ext/legacygraphqlapi/datafetchers/LegacyGraphQLStoptimeImpl.java:[20,49] cannot find symbol
  symbol:   variable scheduledArrival
  location: class org.opentripplanner.model.TripTimeShort
[ERROR] /workspaces/CodeCureAgent/code_cure_agent/cca_workspace_2/OpenTripPlanner/src/ext/java/org/opentripplanner/ext/legacygraphqlapi/datafetchers/LegacyGraphQLStoptimeImpl.java:[25,49] cannot find symbol
  symbol:   variable realtimeArrival
  location: class org.opentripplanner.model.TripTimeShort
[ERROR] /workspaces/CodeCureAgent/code_cure_agent/cca_workspace_2/OpenTripPlanner/src/ext/java/org/opentripplanner/ext/legacygraphqlapi/datafetchers/LegacyGraphQLStoptimeImpl.java:[30,49] cannot find symbol
  symbol:   variable arrivalDelay
  location: class org.opentripplanner.model.TripTimeShort
[ERROR] /workspaces/CodeCureAgent/code_cure_agent/cca_workspace_2/OpenTripPlanner/src/ext/java/org/opentripplanner/ext/legacygraphqlapi/datafetchers/LegacyGraphQLStoptimeImpl.java:[35,49] cannot find symbol
  symbol:   variable scheduledDeparture
  location: class org.opentripplanner.model.TripTimeShort
[ERROR] /workspaces/CodeCureAgent/code_cure_agent/cca_workspace_2/OpenTripPlanner/src/ext/java/org/opentripplanner/ext/legacygraphqlapi/datafetchers/LegacyGraphQLStoptimeImpl.java:[40,49] cannot find symbol
  symbol:   variable realtimeDeparture
  location: class org.opentripplanner.model.TripTimeShort
[ERROR] /workspaces/CodeCureAgent/code_cure_agent/cca_workspace_2/OpenTripPlanner/src/ext/java/org/opentripplanner/ext/legacygraphqlapi/datafetchers/LegacyGraphQLStoptimeImpl.java:[45,49] cannot find symbol
  symbol:   variable departureDelay
  location: class org.opentripplanner.model.TripTimeShort
[ERROR] /workspaces/CodeCureAgent/code_cure_agent/cca_workspace_2/OpenTripPlanner/src/ext/java/org/opentripplanner/ext/legacygraphqlapi/datafetchers/LegacyGraphQLStoptimeImpl.java:[50,49] cannot find symbol
  symbol:   variable timepoint
  location: class org.opentripplanner.model.TripTimeShort
[ERROR] /workspaces/CodeCureAgent/code_cure_agent/cca_workspace_2/OpenTripPlanner/src/ext/java/org/opentripplanner/ext/legacygraphqlapi/datafetchers/LegacyGraphQLStoptimeImpl.java:[55,49] cannot find symbol
  symbol:   variable realtime
  location: class org.opentripplanner.model.TripTimeShort
[ERROR] /workspaces/CodeCureAgent/code_cure_agent/cca_workspace_2/OpenTripPlanner/src/ext/java/org/opentripplanner/ext/legacygraphqlapi/datafetchers/LegacyGraphQLStoptimeImpl.java:[60,49] cannot find symbol
  symbol:   variable realtimeState
  location: class org.opentripplanner.model.TripTimeShort
[ERROR] /workspaces/CodeCureAgent/code_cure_agent/cca_workspace_2/OpenTripPlanner/src/ext/java/org/opentripplanner/ext/legacygraphqlapi/datafetchers/LegacyGraphQLStoptimeImpl.java:[66,37] cannot find symbol
  symbol:   variable pickupType
  location: class org.opentripplanner.model.TripTimeShort
[ERROR] /workspaces/CodeCureAgent/code_cure_agent/cca_workspace_2/OpenTripPlanner/src/ext/java/org/opentripplanner/ext/legacygraphqlapi/datafetchers/LegacyGraphQLStoptimeImpl.java:[66,14] illegal parenthesized expression
[ERROR] /workspaces/CodeCureAgent/code_cure_agent/cca_workspace_2/OpenTripPlanner/src/ext/java/org/opentripplanner/ext/legacygraphqlapi/datafetchers/LegacyGraphQLStoptimeImpl.java:[79,37] cannot find symbol
  symbol:   variable dropoffType
  location: class org.opentripplanner.model.TripTimeShort
[ERROR] /workspaces/CodeCureAgent/code_cure_agent/cca_workspace_2/OpenTripPlanner/src/ext/java/org/opentripplanner/ext/legacygraphqlapi/datafetchers/LegacyGraphQLStoptimeImpl.java:[79,14] illegal parenthesized expression
[ERROR] /workspaces/CodeCureAgent/code_cure_agent/cca_workspace_2/OpenTripPlanner/src/ext/java/org/opentripplanner/ext/legacygraphqlapi/datafetchers/LegacyGraphQLStoptimeImpl.java:[91,49] serviceDay has private access in org.opentripplanner.model.TripTimeShort
[ERROR] /workspaces/CodeCureAgent/code_cure_agent/cca_workspace_2/OpenTripPlanner/src/ext/java/org/opentripplanner/ext/legacygraphqlapi/datafetchers/LegacyGraphQLStoptimeImpl.java:[96,99] cannot find symbol
  symbol:   variable tripId
  location: class org.opentripplanner.model.TripTimeShort
[ERROR] /workspaces/CodeCureAgent/code_cure_agent/cca_workspace_2/OpenTripPlanner/src/ext/java/org/opentripplanner/ext/legacygraphqlapi/datafetchers/LegacyGraphQLStoptimeImpl.java:[101,49] cannot find symbol
  symbol:   variable headsign
  location: class org.opentripplanner.model.TripTimeShort
[ERROR] /workspaces/CodeCureAgent/code_cure_agent/cca_workspace_2/OpenTripPlanner/src/ext/java/org/opentripplanner/ext/legacygraphqlapi/datafetchers/LegacyGraphQLStopImpl.java:[342,46] serviceDay has private access in org.opentripplanner.model.TripTimeShort
[ERROR] /workspaces/CodeCureAgent/code_cure_agent/cca_workspace_2/OpenTripPlanner/src/ext/java/org/opentripplanner/ext/legacygraphqlapi/datafetchers/LegacyGraphQLStopImpl.java:[342,61] cannot find symbol
  symbol:   variable realtimeDeparture
  location: variable t of type org.opentripplanner.model.TripTimeShort
[ERROR] /workspaces/CodeCureAgent/code_cure_agent/cca_workspace_2/OpenTripPlanner/src/ext/java/org/opentripplanner/ext/transmodelapi/model/timetable/TimetabledPassingTimeType.java:[39,16] cannot find symbol
  symbol:   variable stopId
  location: class org.opentripplanner.model.TripTimeShort
[ERROR] /workspaces/CodeCureAgent/code_cure_agent/cca_workspace_2/OpenTripPlanner/src/ext/java/org/opentripplanner/ext/transmodelapi/model/timetable/TimetabledPassingTimeType.java:[47,82] cannot find symbol
  symbol:   variable scheduledArrival
  location: class org.opentripplanner.model.TripTimeShort
[ERROR] /workspaces/CodeCureAgent/code_cure_agent/cca_workspace_2/OpenTripPlanner/src/ext/java/org/opentripplanner/ext/transmodelapi/model/timetable/TimetabledPassingTimeType.java:[54,82] cannot find symbol
  symbol:   variable scheduledDeparture
  location: class org.opentripplanner.model.TripTimeShort
[ERROR] /workspaces/CodeCureAgent/code_cure_agent/cca_workspace_2/OpenTripPlanner/src/ext/java/org/opentripplanner/ext/transmodelapi/model/timetable/TimetabledPassingTimeType.java:[62,82] cannot find symbol
  symbol:   variable timepoint
  location: class org.opentripplanner.model.TripTimeShort
[ERROR] /workspaces/CodeCureAgent/code_cure_agent/cca_workspace_2/OpenTripPlanner/src/ext/java/org/opentripplanner/ext/transmodelapi/model/timetable/TimetabledPassingTimeType.java:[75,74] stopIndex has private access in org.opentripplanner.model.TripTimeShort
[ERROR] /workspaces/CodeCureAgent/code_cure_agent/cca_workspace_2/OpenTripPlanner/src/ext/java/org/opentripplanner/ext/transmodelapi/model/timetable/TimetabledPassingTimeType.java:[74,69] cannot find symbol
  symbol:   variable tripId
  location: class org.opentripplanner.model.TripTimeShort
[ERROR] /workspaces/CodeCureAgent/code_cure_agent/cca_workspace_2/OpenTripPlanner/src/ext/java/org/opentripplanner/ext/transmodelapi/model/timetable/TimetabledPassingTimeType.java:[89,75] stopIndex has private access in org.opentripplanner.model.TripTimeShort
[ERROR] /workspaces/CodeCureAgent/code_cure_agent/cca_workspace_2/OpenTripPlanner/src/ext/java/org/opentripplanner/ext/transmodelapi/model/timetable/TimetabledPassingTimeType.java:[88,69] cannot find symbol
  symbol:   variable tripId
  location: class org.opentripplanner.model.TripTimeShort
[ERROR] /workspaces/CodeCureAgent/code_cure_agent/cca_workspace_2/OpenTripPlanner/src/ext/java/org/opentripplanner/ext/transmodelapi/model/timetable/TimetabledPassingTimeType.java:[104,75] stopIndex has private access in org.opentripplanner.model.TripTimeShort
[ERROR] /workspaces/CodeCureAgent/code_cure_agent/cca_workspace_2/OpenTripPlanner/src/ext/java/org/opentripplanner/ext/transmodelapi/model/timetable/TimetabledPassingTimeType.java:[103,69] cannot find symbol
  symbol:   variable tripId
  location: class org.opentripplanner.model.TripTimeShort
[ERROR] /workspaces/CodeCureAgent/code_cure_agent/cca_workspace_2/OpenTripPlanner/src/ext/java/org/opentripplanner/ext/transmodelapi/model/timetable/TimetabledPassingTimeType.java:[115,65] cannot find symbol
  symbol:   variable tripId
  location: class org.opentripplanner.model.TripTimeShort
[ERROR] /workspaces/CodeCureAgent/code_cure_agent/cca_workspace_2/OpenTripPlanner/src/ext/java/org/opentripplanner/ext/transmodelapi/model/timetable/TimetabledPassingTimeType.java:[122,82] cannot find symbol
  symbol:   variable headsign
  location: class org.opentripplanner.model.TripTimeShort
[ERROR] /workspaces/CodeCureAgent/code_cure_agent/cca_workspace_2/OpenTripPlanner/src/ext/java/org/opentripplanner/ext/transmodelapi/model/plan/JourneyWhiteListed.java:[73,58] cannot find symbol
  symbol:   variable tripId
  location: variable tts of type org.opentripplanner.model.TripTimeShort
[ERROR] /workspaces/CodeCureAgent/code_cure_agent/cca_workspace_2/OpenTripPlanner/src/ext/java/org/opentripplanner/ext/transmodelapi/model/stop/StopPlaceType.java:[390,52] cannot find symbol
  symbol:   variable tripId
  location: variable t of type org.opentripplanner.model.TripTimeShort
[ERROR] /workspaces/CodeCureAgent/code_cure_agent/cca_workspace_2/OpenTripPlanner/src/ext/java/org/opentripplanner/ext/transmodelapi/model/stop/StopPlaceType.java:[391,28] cannot find symbol
  symbol:   variable headsign
  location: variable t of type org.opentripplanner.model.TripTimeShort
[ERROR] /workspaces/CodeCureAgent/code_cure_agent/cca_workspace_2/OpenTripPlanner/src/ext/java/org/opentripplanner/ext/transmodelapi/model/stop/StopPlaceType.java:[391,73] cannot find symbol
  symbol:   variable headsign
  location: variable t of type org.opentripplanner.model.TripTimeShort
[ERROR] /workspaces/CodeCureAgent/code_cure_agent/cca_workspace_2/OpenTripPlanner/src/ext/java/org/opentripplanner/ext/transmodelapi/model/siri/et/EstimatedCallType.java:[52,76] cannot find symbol
  symbol:   variable stopId
  location: class org.opentripplanner.model.TripTimeShort
[ERROR] /workspaces/CodeCureAgent/code_cure_agent/cca_workspace_2/OpenTripPlanner/src/ext/java/org/opentripplanner/ext/transmodelapi/model/siri/et/EstimatedCallType.java:[60,100] serviceDay has private access in org.opentripplanner.model.TripTimeShort
[ERROR] /workspaces/CodeCureAgent/code_cure_agent/cca_workspace_2/OpenTripPlanner/src/ext/java/org/opentripplanner/ext/transmodelapi/model/siri/et/EstimatedCallType.java:[61,108] cannot find symbol
  symbol:   variable scheduledArrival
  location: class org.opentripplanner.model.TripTimeShort
[ERROR] /workspaces/CodeCureAgent/code_cure_agent/cca_workspace_2/OpenTripPlanner/src/ext/java/org/opentripplanner/ext/transmodelapi/model/siri/et/EstimatedCallType.java:[70,68] serviceDay has private access in org.opentripplanner.model.TripTimeShort
[ERROR] /workspaces/CodeCureAgent/code_cure_agent/cca_workspace_2/OpenTripPlanner/src/ext/java/org/opentripplanner/ext/transmodelapi/model/siri/et/EstimatedCallType.java:[71,76] cannot find symbol
  symbol:   variable realtimeArrival
  location: variable tripTimeShort of type org.opentripplanner.model.TripTimeShort
[ERROR] /workspaces/CodeCureAgent/code_cure_agent/cca_workspace_2/OpenTripPlanner/src/ext/java/org/opentripplanner/ext/transmodelapi/model/siri/et/EstimatedCallType.java:[86,100] serviceDay has private access in org.opentripplanner.model.TripTimeShort
[ERROR] /workspaces/CodeCureAgent/code_cure_agent/cca_workspace_2/OpenTripPlanner/src/ext/java/org/opentripplanner/ext/transmodelapi/model/siri/et/EstimatedCallType.java:[87,108] cannot find symbol
  symbol:   variable scheduledDeparture
  location: class org.opentripplanner.model.TripTimeShort
[ERROR] /workspaces/CodeCureAgent/code_cure_agent/cca_workspace_2/OpenTripPlanner/src/ext/java/org/opentripplanner/ext/transmodelapi/model/siri/et/EstimatedCallType.java:[96,68] serviceDay has private access in org.opentripplanner.model.TripTimeShort
[ERROR] /workspaces/CodeCureAgent/code_cure_agent/cca_workspace_2/OpenTripPlanner/src/ext/java/org/opentripplanner/ext/transmodelapi/model/siri/et/EstimatedCallType.java:[97,76] cannot find symbol
  symbol:   variable realtimeDeparture
  location: variable tripTimeShort of type org.opentripplanner.model.TripTimeShort
[ERROR] /workspaces/CodeCureAgent/code_cure_agent/cca_workspace_2/OpenTripPlanner/src/ext/java/org/opentripplanner/ext/transmodelapi/model/siri/et/EstimatedCallType.java:[111,90] cannot find symbol
  symbol:   variable timepoint
  location: class org.opentripplanner.model.TripTimeShort
[ERROR] /workspaces/CodeCureAgent/code_cure_agent/cca_workspace_2/OpenTripPlanner/src/ext/java/org/opentripplanner/ext/transmodelapi/model/siri/et/EstimatedCallType.java:[117,90] cannot find symbol
  symbol:   variable realtime
  location: class org.opentripplanner.model.TripTimeShort
[ERROR] /workspaces/CodeCureAgent/code_cure_agent/cca_workspace_2/OpenTripPlanner/src/ext/java/org/opentripplanner/ext/transmodelapi/model/siri/et/EstimatedCallType.java:[128,90] cannot find symbol
  symbol:   variable realtimeState
  location: class org.opentripplanner.model.TripTimeShort
[ERROR] /workspaces/CodeCureAgent/code_cure_agent/cca_workspace_2/OpenTripPlanner/src/ext/java/org/opentripplanner/ext/transmodelapi/model/siri/et/EstimatedCallType.java:[135,66] cannot find symbol
  symbol:   variable pickupType
  location: class org.opentripplanner.model.TripTimeShort
[ERROR] /workspaces/CodeCureAgent/code_cure_agent/cca_workspace_2/OpenTripPlanner/src/ext/java/org/opentripplanner/ext/transmodelapi/model/siri/et/EstimatedCallType.java:[137,73] cannot find symbol
  symbol:   variable pickupType
  location: class org.opentripplanner.model.TripTimeShort
[ERROR] /workspaces/CodeCureAgent/code_cure_agent/cca_workspace_2/OpenTripPlanner/src/ext/java/org/opentripplanner/ext/transmodelapi/model/siri/et/EstimatedCallType.java:[141,80] stopIndex has private access in org.opentripplanner.model.TripTimeShort
[ERROR] /workspaces/CodeCureAgent/code_cure_agent/cca_workspace_2/OpenTripPlanner/src/ext/java/org/opentripplanner/ext/transmodelapi/model/siri/et/EstimatedCallType.java:[140,129] cannot find symbol
  symbol:   variable tripId
  location: class org.opentripplanner.model.TripTimeShort
[ERROR] /workspaces/CodeCureAgent/code_cure_agent/cca_workspace_2/OpenTripPlanner/src/ext/java/org/opentripplanner/ext/transmodelapi/model/siri/et/EstimatedCallType.java:[149,66] cannot find symbol
  symbol:   variable dropoffType
  location: class org.opentripplanner.model.TripTimeShort
[ERROR] /workspaces/CodeCureAgent/code_cure_agent/cca_workspace_2/OpenTripPlanner/src/ext/java/org/opentripplanner/ext/transmodelapi/model/siri/et/EstimatedCallType.java:[151,73] cannot find symbol
  symbol:   variable dropoffType
  location: class org.opentripplanner.model.TripTimeShort
[ERROR] /workspaces/CodeCureAgent/code_cure_agent/cca_workspace_2/OpenTripPlanner/src/ext/java/org/opentripplanner/ext/transmodelapi/model/siri/et/EstimatedCallType.java:[155,81] stopIndex has private access in org.opentripplanner.model.TripTimeShort
[ERROR] /workspaces/CodeCureAgent/code_cure_agent/cca_workspace_2/OpenTripPlanner/src/ext/java/org/opentripplanner/ext/transmodelapi/model/siri/et/EstimatedCallType.java:[154,129] cannot find symbol
  symbol:   variable tripId
  location: class org.opentripplanner.model.TripTimeShort
[ERROR] /workspaces/CodeCureAgent/code_cure_agent/cca_workspace_2/OpenTripPlanner/src/ext/java/org/opentripplanner/ext/transmodelapi/model/siri/et/EstimatedCallType.java:[166,87] stopIndex has private access in org.opentripplanner.model.TripTimeShort
[ERROR] /workspaces/CodeCureAgent/code_cure_agent/cca_workspace_2/OpenTripPlanner/src/ext/java/org/opentripplanner/ext/transmodelapi/model/siri/et/EstimatedCallType.java:[165,135] cannot find symbol
  symbol:   variable tripId
  location: class org.opentripplanner.model.TripTimeShort
[ERROR] /workspaces/CodeCureAgent/code_cure_agent/cca_workspace_2/OpenTripPlanner/src/ext/java/org/opentripplanner/ext/transmodelapi/model/siri/et/EstimatedCallType.java:[179,90] serviceDay has private access in org.opentripplanner.model.TripTimeShort
[ERROR] /workspaces/CodeCureAgent/code_cure_agent/cca_workspace_2/OpenTripPlanner/src/ext/java/org/opentripplanner/ext/transmodelapi/model/siri/et/EstimatedCallType.java:[186,77] cannot find symbol
  symbol:   variable tripId
  location: class org.opentripplanner.model.TripTimeShort
[ERROR] /workspaces/CodeCureAgent/code_cure_agent/cca_workspace_2/OpenTripPlanner/src/ext/java/org/opentripplanner/ext/transmodelapi/model/siri/et/EstimatedCallType.java:[192,90] cannot find symbol
  symbol:   variable headsign
  location: class org.opentripplanner.model.TripTimeShort
[ERROR] /workspaces/CodeCureAgent/code_cure_agent/cca_workspace_2/OpenTripPlanner/src/ext/java/org/opentripplanner/ext/transmodelapi/model/siri/et/EstimatedCallType.java:[237,40] cannot find symbol
  symbol:   variable tripId
  location: variable tripTimeShort of type org.opentripplanner.model.TripTimeShort
[ERROR] /workspaces/CodeCureAgent/code_cure_agent/cca_workspace_2/OpenTripPlanner/src/ext/java/org/opentripplanner/ext/transmodelapi/model/siri/et/EstimatedCallType.java:[241,40] cannot find symbol
  symbol:   variable stopId
  location: variable tripTimeShort of type org.opentripplanner.model.TripTimeShort
[ERROR] /workspaces/CodeCureAgent/code_cure_agent/cca_workspace_2/OpenTripPlanner/src/ext/java/org/opentripplanner/ext/transmodelapi/model/siri/et/EstimatedCallType.java:[268,49] serviceDay has private access in org.opentripplanner.model.TripTimeShort
[ERROR] /workspaces/CodeCureAgent/code_cure_agent/cca_workspace_2/OpenTripPlanner/src/ext/java/org/opentripplanner/ext/transmodelapi/model/siri/et/EstimatedCallType.java:[268,34] bad operand types for binary operator '*'
  first type:  int
  second type: org.opentripplanner.routing.core.ServiceDay
[ERROR] /workspaces/CodeCureAgent/code_cure_agent/cca_workspace_2/OpenTripPlanner/src/ext/java/org/opentripplanner/ext/transmodelapi/model/siri/et/EstimatedCallType.java:[269,46] cannot find symbol
  symbol:   variable realtimeArrival
  location: variable tripTimeShort of type org.opentripplanner.model.TripTimeShort
[ERROR] /workspaces/CodeCureAgent/code_cure_agent/cca_workspace_2/OpenTripPlanner/src/ext/java/org/opentripplanner/ext/transmodelapi/model/siri/et/EstimatedCallType.java:[270,48] cannot find symbol
  symbol:   variable realtimeDeparture
  location: variable tripTimeShort of type org.opentripplanner.model.TripTimeShort
[ERROR] /workspaces/CodeCureAgent/code_cure_agent/cca_workspace_2/OpenTripPlanner/src/ext/java/org/opentripplanner/ext/transmodelapi/model/TripTimeShortHelper.java:[38,66] cannot find symbol
  symbol:   variable realtimeDeparture
  location: variable tripTime of type org.opentripplanner.model.TripTimeShort
[ERROR] /workspaces/CodeCureAgent/code_cure_agent/cca_workspace_2/OpenTripPlanner/src/ext/java/org/opentripplanner/ext/transmodelapi/model/TripTimeShortHelper.java:[38,158] cannot find symbol
  symbol:   variable stopId
  location: variable tripTime of type org.opentripplanner.model.TripTimeShort
[ERROR] /workspaces/CodeCureAgent/code_cure_agent/cca_workspace_2/OpenTripPlanner/src/ext/java/org/opentripplanner/ext/transmodelapi/model/TripTimeShortHelper.java:[40,62] cannot find symbol
  symbol:   variable scheduledDeparture
  location: variable tripTime of type org.opentripplanner.model.TripTimeShort
[ERROR] /workspaces/CodeCureAgent/code_cure_agent/cca_workspace_2/OpenTripPlanner/src/ext/java/org/opentripplanner/ext/transmodelapi/model/TripTimeShortHelper.java:[40,155] cannot find symbol
  symbol:   variable stopId
  location: variable tripTime of type org.opentripplanner.model.TripTimeShort
[ERROR] /workspaces/CodeCureAgent/code_cure_agent/cca_workspace_2/OpenTripPlanner/src/ext/java/org/opentripplanner/ext/transmodelapi/model/TripTimeShortHelper.java:[64,66] cannot find symbol
  symbol:   variable realtimeArrival
  location: variable tripTime of type org.opentripplanner.model.TripTimeShort
[ERROR] /workspaces/CodeCureAgent/code_cure_agent/cca_workspace_2/OpenTripPlanner/src/ext/java/org/opentripplanner/ext/transmodelapi/model/TripTimeShortHelper.java:[64,152] cannot find symbol
  symbol:   variable stopId
  location: variable tripTime of type org.opentripplanner.model.TripTimeShort
[ERROR] /workspaces/CodeCureAgent/code_cure_agent/cca_workspace_2/OpenTripPlanner/src/ext/java/org/opentripplanner/ext/transmodelapi/model/TripTimeShortHelper.java:[66,62] cannot find symbol
  symbol:   variable scheduledArrival
  location: variable tripTime of type org.opentripplanner.model.TripTimeShort
[ERROR] /workspaces/CodeCureAgent/code_cure_agent/cca_workspace_2/OpenTripPlanner/src/ext/java/org/opentripplanner/ext/transmodelapi/model/TripTimeShortHelper.java:[66,149] cannot find symbol
  symbol:   variable stopId
  location: variable tripTime of type org.opentripplanner.model.TripTimeShort
[ERROR] /workspaces/CodeCureAgent/code_cure_agent/cca_workspace_2/OpenTripPlanner/src/ext/java/org/opentripplanner/ext/transmodelapi/model/TripTimeShortHelper.java:[96,56] cannot find symbol
  symbol:   variable realtimeDeparture
  location: variable tripTime of type org.opentripplanner.model.TripTimeShort
[ERROR] /workspaces/CodeCureAgent/code_cure_agent/cca_workspace_2/OpenTripPlanner/src/ext/java/org/opentripplanner/ext/transmodelapi/model/TripTimeShortHelper.java:[96,85] cannot find symbol
  symbol:   variable scheduledDeparture
  location: variable tripTime of type org.opentripplanner.model.TripTimeShort
[ERROR] /workspaces/CodeCureAgent/code_cure_agent/cca_workspace_2/OpenTripPlanner/src/ext/java/org/opentripplanner/ext/transmodelapi/model/TripTimeShortHelper.java:[100,74] cannot find symbol
  symbol:   variable stopId
  location: variable tripTime of type org.opentripplanner.model.TripTimeShort
[ERROR] /workspaces/CodeCureAgent/code_cure_agent/cca_workspace_2/OpenTripPlanner/src/ext/java/org/opentripplanner/ext/transmodelapi/model/TripTimeShortHelper.java:[104,55] cannot find symbol
  symbol:   variable realtimeArrival
  location: variable tripTime of type org.opentripplanner.model.TripTimeShort
[ERROR] /workspaces/CodeCureAgent/code_cure_agent/cca_workspace_2/OpenTripPlanner/src/ext/java/org/opentripplanner/ext/transmodelapi/model/TripTimeShortHelper.java:[104,82] cannot find symbol
  symbol:   variable scheduledArrival
  location: variable tripTime of type org.opentripplanner.model.TripTimeShort
[ERROR] /workspaces/CodeCureAgent/code_cure_agent/cca_workspace_2/OpenTripPlanner/src/ext/java/org/opentripplanner/ext/transmodelapi/model/TripTimeShortHelper.java:[105,98] cannot find symbol
  symbol:   variable stopId
  location: variable tripTime of type org.opentripplanner.model.TripTimeShort
[ERROR] /workspaces/CodeCureAgent/code_cure_agent/cca_workspace_2/OpenTripPlanner/src/main/java/org/opentripplanner/api/mapping/TripTimeMapper.java:[24,68] cannot find symbol
  symbol:   variable stopId
  location: variable domain of type org.opentripplanner.model.TripTimeShort
[ERROR] /workspaces/CodeCureAgent/code_cure_agent/cca_workspace_2/OpenTripPlanner/src/main/java/org/opentripplanner/api/mapping/TripTimeMapper.java:[25,40] stopIndex has private access in org.opentripplanner.model.TripTimeShort
[ERROR] /workspaces/CodeCureAgent/code_cure_agent/cca_workspace_2/OpenTripPlanner/src/main/java/org/opentripplanner/api/mapping/TripTimeMapper.java:[26,40] cannot find symbol
  symbol:   variable stopCount
  location: variable domain of type org.opentripplanner.model.TripTimeShort
[ERROR] /workspaces/CodeCureAgent/code_cure_agent/cca_workspace_2/OpenTripPlanner/src/main/java/org/opentripplanner/api/mapping/TripTimeMapper.java:[27,40] cannot find symbol
  symbol:   variable scheduledArrival
  location: variable domain of type org.opentripplanner.model.TripTimeShort
[ERROR] /workspaces/CodeCureAgent/code_cure_agent/cca_workspace_2/OpenTripPlanner/src/main/java/org/opentripplanner/api/mapping/TripTimeMapper.java:[28,40] cannot find symbol
  symbol:   variable scheduledDeparture
  location: variable domain of type org.opentripplanner.model.TripTimeShort
[ERROR] /workspaces/CodeCureAgent/code_cure_agent/cca_workspace_2/OpenTripPlanner/src/main/java/org/opentripplanner/api/mapping/TripTimeMapper.java:[29,40] cannot find symbol
  symbol:   variable realtimeArrival
  location: variable domain of type org.opentripplanner.model.TripTimeShort
[ERROR] /workspaces/CodeCureAgent/code_cure_agent/cca_workspace_2/OpenTripPlanner/src/main/java/org/opentripplanner/api/mapping/TripTimeMapper.java:[30,40] cannot find symbol
  symbol:   variable realtimeDeparture
  location: variable domain of type org.opentripplanner.model.TripTimeShort
[ERROR] /workspaces/CodeCureAgent/code_cure_agent/cca_workspace_2/OpenTripPlanner/src/main/java/org/opentripplanner/api/mapping/TripTimeMapper.java:[31,40] cannot find symbol
  symbol:   variable arrivalDelay
  location: variable domain of type org.opentripplanner.model.TripTimeShort
[ERROR] /workspaces/CodeCureAgent/code_cure_agent/cca_workspace_2/OpenTripPlanner/src/main/java/org/opentripplanner/api/mapping/TripTimeMapper.java:[32,40] cannot find symbol
  symbol:   variable departureDelay
  location: variable domain of type org.opentripplanner.model.TripTimeShort
[ERROR] /workspaces/CodeCureAgent/code_cure_agent/cca_workspace_2/OpenTripPlanner/src/main/java/org/opentripplanner/api/mapping/TripTimeMapper.java:[33,40] cannot find symbol
  symbol:   variable timepoint
  location: variable domain of type org.opentripplanner.model.TripTimeShort
[ERROR] /workspaces/CodeCureAgent/code_cure_agent/cca_workspace_2/OpenTripPlanner/src/main/java/org/opentripplanner/api/mapping/TripTimeMapper.java:[34,40] cannot find symbol
  symbol:   variable realtime
  location: variable domain of type org.opentripplanner.model.TripTimeShort
[ERROR] /workspaces/CodeCureAgent/code_cure_agent/cca_workspace_2/OpenTripPlanner/src/main/java/org/opentripplanner/api/mapping/TripTimeMapper.java:[35,71] cannot find symbol
  symbol:   variable realtimeState
  location: variable domain of type org.opentripplanner.model.TripTimeShort
[ERROR] /workspaces/CodeCureAgent/code_cure_agent/cca_workspace_2/OpenTripPlanner/src/main/java/org/opentripplanner/api/mapping/TripTimeMapper.java:[36,40] cannot find symbol
  symbol:   variable blockId
  location: variable domain of type org.opentripplanner.model.TripTimeShort
[ERROR] /workspaces/CodeCureAgent/code_cure_agent/cca_workspace_2/OpenTripPlanner/src/main/java/org/opentripplanner/api/mapping/TripTimeMapper.java:[37,40] cannot find symbol
  symbol:   variable headsign
  location: variable domain of type org.opentripplanner.model.TripTimeShort
[ERROR] /workspaces/CodeCureAgent/code_cure_agent/cca_workspace_2/OpenTripPlanner/src/main/java/org/opentripplanner/routing/StopTimesHelper.java:[198,71] serviceDay has private access in org.opentripplanner.model.TripTimeShort
[ERROR] /workspaces/CodeCureAgent/code_cure_agent/cca_workspace_2/OpenTripPlanner/src/main/java/org/opentripplanner/routing/StopTimesHelper.java:[198,88] cannot find symbol
  symbol:   variable realtimeDeparture
  location: variable tts of type org.opentripplanner.model.TripTimeShort
[INFO] 96 errors 
[INFO] -------------------------------------------------------------
[INFO] ------------------------------------------------------------------------
[INFO] BUILD FAILURE
[INFO] ------------------------------------------------------------------------
[INFO] Total time:  17.638 s
[INFO] Finished at: 2026-01-29T16:37:23Z
[INFO] ------------------------------------------------------------------------
[ERROR] Failed to execute goal org.apache.maven.plugins:maven-compiler-plugin:3.8.1:compile (default-compile) on project otp: Compilation failure: Compilation failure: 
[ERROR] /workspaces/CodeCureAgent/code_cure_agent/cca_workspace_2/OpenTripPlanner/src/ext/java/org/opentripplanner/ext/legacygraphqlapi/datafetchers/LegacyGraphQLStoptimeImpl.java:[15,93] cannot find symbol
[ERROR]   symbol:   variable stopId
[ERROR]   location: class org.opentripplanner.model.TripTimeShort
[ERROR] /workspaces/CodeCureAgent/code_cure_agent/cca_workspace_2/OpenTripPlanner/src/ext/java/org/opentripplanner/ext/legacygraphqlapi/datafetchers/LegacyGraphQLStoptimeImpl.java:[20,49] cannot find symbol
[ERROR]   symbol:   variable scheduledArrival
[ERROR]   location: class org.opentripplanner.model.TripTimeShort
[ERROR] /workspaces/CodeCureAgent/code_cure_agent/cca_workspace_2/OpenTripPlanner/src/ext/java/org/opentripplanner/ext/legacygraphqlapi/datafetchers/LegacyGraphQLStoptimeImpl.java:[25,49] cannot find symbol
[ERROR]   symbol:   variable realtimeArrival
[ERROR]   location: class org.opentripplanner.model.TripTimeShort
[ERROR] /workspaces/CodeCureAgent/code_cure_agent/cca_workspace_2/OpenTripPlanner/src/ext/java/org/opentripplanner/ext/legacygraphqlapi/datafetchers/LegacyGraphQLStoptimeImpl.java:[30,49] cannot find symbol
[ERROR]   symbol:   variable arrivalDelay
[ERROR]   location: class org.opentripplanner.model.TripTimeShort
[ERROR] /workspaces/CodeCureAgent/code_cure_agent/cca_workspace_2/OpenTripPlanner/src/ext/java/org/opentripplanner/ext/legacygraphqlapi/datafetchers/LegacyGraphQLStoptimeImpl.java:[35,49] cannot find symbol
[ERROR]   symbol:   variable scheduledDeparture
[ERROR]   location: class org.opentripplanner.model.TripTimeShort
[ERROR] /workspaces/CodeCureAgent/code_cure_agent/cca_workspace_2/OpenTripPlanner/src/ext/java/org/opentripplanner/ext/legacygraphqlapi/datafetchers/LegacyGraphQLStoptimeImpl.java:[40,49] cannot find symbol
[ERROR]   symbol:   variable realtimeDeparture
[ERROR]   location: class org.opentripplanner.model.TripTimeShort
[ERROR] /workspaces/CodeCureAgent/code_cure_agent/cca_workspace_2/OpenTripPlanner/src/ext/java/org/opentripplanner/ext/legacygraphqlapi/datafetchers/LegacyGraphQLStoptimeImpl.java:[45,49] cannot find symbol
[ERROR]   symbol:   variable departureDelay
[ERROR]   location: class org.opentripplanner.model.TripTimeShort
[ERROR] /workspaces/CodeCureAgent/code_cure_agent/cca_workspace_2/OpenTripPlanner/src/ext/java/org/opentripplanner/ext/legacygraphqlapi/datafetchers/LegacyGraphQLStoptimeImpl.java:[50,49] cannot find symbol
[ERROR]   symbol:   variable timepoint
[ERROR]   location: class org.opentripplanner.model.TripTimeShort
[ERROR] /workspaces/CodeCureAgent/code_cure_agent/cca_workspace_2/OpenTripPlanner/src/ext/java/org/opentripplanner/ext/legacygraphqlapi/datafetchers/LegacyGraphQLStoptimeImpl.java:[55,49] cannot find symbol
[ERROR]   symbol:   variable realtime
[ERROR]   location: class org.opentripplanner.model.TripTimeShort
[ERROR] /workspaces/CodeCureAgent/code_cure_agent/cca_workspace_2/OpenTripPlanner/src/ext/java/org/opentripplanner/ext/legacygraphqlapi/datafetchers/LegacyGraphQLStoptimeImpl.java:[60,49] cannot find symbol
[ERROR]   symbol:   variable realtimeState
[ERROR]   location: class org.opentripplanner.model.TripTimeShort
[ERROR] /workspaces/CodeCureAgent/code_cure_agent/cca_workspace_2/OpenTripPlanner/src/ext/java/org/opentripplanner/ext/legacygraphqlapi/datafetchers/LegacyGraphQLStoptimeImpl.java:[66,37] cannot find symbol
[ERROR]   symbol:   variable pickupType
[ERROR]   location: class org.opentripplanner.model.TripTimeShort
[ERROR] /workspaces/CodeCureAgent/code_cure_agent/cca_workspace_2/OpenTripPlanner/src/ext/java/org/opentripplanner/ext/legacygraphqlapi/datafetchers/LegacyGraphQLStoptimeImpl.java:[66,14] illegal parenthesized expression
[ERROR] /workspaces/CodeCureAgent/code_cure_agent/cca_workspace_2/OpenTripPlanner/src/ext/java/org/opentripplanner/ext/legacygraphqlapi/datafetchers/LegacyGraphQLStoptimeImpl.java:[79,37] cannot find symbol
[ERROR]   symbol:   variable dropoffType
[ERROR]   location: class org.opentripplanner.model.TripTimeShort
[ERROR] /workspaces/CodeCureAgent/code_cure_agent/cca_workspace_2/OpenTripPlanner/src/ext/java/org/opentripplanner/ext/legacygraphqlapi/datafetchers/LegacyGraphQLStoptimeImpl.java:[79,14] illegal parenthesized expression
[ERROR] /workspaces/CodeCureAgent/code_cure_agent/cca_workspace_2/OpenTripPlanner/src/ext/java/org/opentripplanner/ext/legacygraphqlapi/datafetchers/LegacyGraphQLStoptimeImpl.java:[91,49] serviceDay has private access in org.opentripplanner.model.TripTimeShort
[ERROR] /workspaces/CodeCureAgent/code_cure_agent/cca_workspace_2/OpenTripPlanner/src/ext/java/org/opentripplanner/ext/legacygraphqlapi/datafetchers/LegacyGraphQLStoptimeImpl.java:[96,99] cannot find symbol
[ERROR]   symbol:   variable tripId
[ERROR]   location: class org.opentripplanner.model.TripTimeShort
[ERROR] /workspaces/CodeCureAgent/code_cure_agent/cca_workspace_2/OpenTripPlanner/src/ext/java/org/opentripplanner/ext/legacygraphqlapi/datafetchers/LegacyGraphQLStoptimeImpl.java:[101,49] cannot find symbol
[ERROR]   symbol:   variable headsign
[ERROR]   location: class org.opentripplanner.model.TripTimeShort
[ERROR] /workspaces/CodeCureAgent/code_cure_agent/cca_workspace_2/OpenTripPlanner/src/ext/java/org/opentripplanner/ext/legacygraphqlapi/datafetchers/LegacyGraphQLStopImpl.java:[342,46] serviceDay has private access in org.opentripplanner.model.TripTimeShort
[ERROR] /workspaces/CodeCureAgent/code_cure_agent/cca_workspace_2/OpenTripPlanner/src/ext/java/org/opentripplanner/ext/legacygraphqlapi/datafetchers/LegacyGraphQLStopImpl.java:[342,61] cannot find symbol
[ERROR]   symbol:   variable realtimeDeparture
[ERROR]   location: variable t of type org.opentripplanner.model.TripTimeShort
[ERROR] /workspaces/CodeCureAgent/code_cure_agent/cca_workspace_2/OpenTripPlanner/src/ext/java/org/opentripplanner/ext/transmodelapi/model/timetable/TimetabledPassingTimeType.java:[39,16] cannot find symbol
[ERROR]   symbol:   variable stopId
[ERROR]   location: class org.opentripplanner.model.TripTimeShort
[ERROR] /workspaces/CodeCureAgent/code_cure_agent/cca_workspace_2/OpenTripPlanner/src/ext/java/org/opentripplanner/ext/transmodelapi/model/timetable/TimetabledPassingTimeType.java:[47,82] cannot find symbol
[ERROR]   symbol:   variable scheduledArrival
[ERROR]   location: class org.opentripplanner.model.TripTimeShort
[ERROR] /workspaces/CodeCureAgent/code_cure_agent/cca_workspace_2/OpenTripPlanner/src/ext/java/org/opentripplanner/ext/transmodelapi/model/timetable/TimetabledPassingTimeType.java:[54,82] cannot find symbol
[ERROR]   symbol:   variable scheduledDeparture
[ERROR]   location: class org.opentripplanner.model.TripTimeShort
[ERROR] /workspaces/CodeCureAgent/code_cure_agent/cca_workspace_2/OpenTripPlanner/src/ext/java/org/opentripplanner/ext/transmodelapi/model/timetable/TimetabledPassingTimeType.java:[62,82] cannot find symbol
[ERROR]   symbol:   variable timepoint
[ERROR]   location: class org.opentripplanner.model.TripTimeShort
[ERROR] /workspaces/CodeCureAgent/code_cure_agent/cca_workspace_2/OpenTripPlanner/src/ext/java/org/opentripplanner/ext/transmodelapi/model/timetable/TimetabledPassingTimeType.java:[75,74] stopIndex has private access in org.opentripplanner.model.TripTimeShort
[ERROR] /workspaces/CodeCureAgent/code_cure_agent/cca_workspace_2/OpenTripPlanner/src/ext/java/org/opentripplanner/ext/transmodelapi/model/timetable/TimetabledPassingTimeType.java:[74,69] cannot find symbol
[ERROR]   symbol:   variable tripId
[ERROR]   location: class org.opentripplanner.model.TripTimeShort
[ERROR] /workspaces/CodeCureAgent/code_cure_agent/cca_workspace_2/OpenTripPlanner/src/ext/java/org/opentripplanner/ext/transmodelapi/model/timetable/TimetabledPassingTimeType.java:[89,75] stopIndex has private access in org.opentripplanner.model.TripTimeShort
[ERROR] /workspaces/CodeCureAgent/code_cure_agent/cca_workspace_2/OpenTripPlanner/src/ext/java/org/opentripplanner/ext/transmodelapi/model/timetable/TimetabledPassingTimeType.java:[88,69] cannot find symbol
[ERROR]   symbol:   variable tripId
[ERROR]   location: class org.opentripplanner.model.TripTimeShort
[ERROR] /workspaces/CodeCureAgent/code_cure_agent/cca_workspace_2/OpenTripPlanner/src/ext/java/org/opentripplanner/ext/transmodelapi/model/timetable/TimetabledPassingTimeType.java:[104,75] stopIndex has private access in org.opentripplanner.model.TripTimeShort
[ERROR] /workspaces/CodeCureAgent/code_cure_agent/cca_workspace_2/OpenTripPlanner/src/ext/java/org/opentripplanner/ext/transmodelapi/model/timetable/TimetabledPassingTimeType.java:[103,69] cannot find symbol
[ERROR]   symbol:   variable tripId
[ERROR]   location: class org.opentripplanner.model.TripTimeShort
[ERROR] /workspaces/CodeCureAgent/code_cure_agent/cca_workspace_2/OpenTripPlanner/src/ext/java/org/opentripplanner/ext/transmodelapi/model/timetable/TimetabledPassingTimeType.java:[115,65] cannot find symbol
[ERROR]   symbol:   variable tripId
[ERROR]   location: class org.opentripplanner.model.TripTimeShort
[ERROR] /workspaces/CodeCureAgent/code_cure_agent/cca_workspace_2/OpenTripPlanner/src/ext/java/org/opentripplanner/ext/transmodelapi/model/timetable/TimetabledPassingTimeType.java:[122,82] cannot find symbol
[ERROR]   symbol:   variable headsign
[ERROR]   location: class org.opentripplanner.model.TripTimeShort
[ERROR] /workspaces/CodeCureAgent/code_cure_agent/cca_workspace_2/OpenTripPlanner/src/ext/java/org/opentripplanner/ext/transmodelapi/model/plan/JourneyWhiteListed.java:[73,58] cannot find symbol
[ERROR]   symbol:   variable tripId
[ERROR]   location: variable tts of type org.opentripplanner.model.TripTimeShort
[ERROR] /workspaces/CodeCureAgent/code_cure_agent/cca_workspace_2/OpenTripPlanner/src/ext/java/org/opentripplanner/ext/transmodelapi/model/stop/StopPlaceType.java:[390,52] cannot find symbol
[ERROR]   symbol:   variable tripId
[ERROR]   location: variable t of type org.opentripplanner.model.TripTimeShort
[ERROR] /workspaces/CodeCureAgent/code_cure_agent/cca_workspace_2/OpenTripPlanner/src/ext/java/org/opentripplanner/ext/transmodelapi/model/stop/StopPlaceType.java:[391,28] cannot find symbol
[ERROR]   symbol:   variable headsign
[ERROR]   location: variable t of type org.opentripplanner.model.TripTimeShort
[ERROR] /workspaces/CodeCureAgent/code_cure_agent/cca_workspace_2/OpenTripPlanner/src/ext/java/org/opentripplanner/ext/transmodelapi/model/stop/StopPlaceType.java:[391,73] cannot find symbol
[ERROR]   symbol:   variable headsign
[ERROR]   location: variable t of type org.opentripplanner.model.TripTimeShort
[ERROR] /workspaces/CodeCureAgent/code_cure_agent/cca_workspace_2/OpenTripPlanner/src/ext/java/org/opentripplanner/ext/transmodelapi/model/siri/et/EstimatedCallType.java:[52,76] cannot find symbol
[ERROR]   symbol:   variable stopId
[ERROR]   location: class org.opentripplanner.model.TripTimeShort
[ERROR] /workspaces/CodeCureAgent/code_cure_agent/cca_workspace_2/OpenTripPlanner/src/ext/java/org/opentripplanner/ext/transmodelapi/model/siri/et/EstimatedCallType.java:[60,100] serviceDay has private access in org.opentripplanner.model.TripTimeShort
[ERROR] /workspaces/CodeCureAgent/code_cure_agent/cca_workspace_2/OpenTripPlanner/src/ext/java/org/opentripplanner/ext/transmodelapi/model/siri/et/EstimatedCallType.java:[61,108] cannot find symbol
[ERROR]   symbol:   variable scheduledArrival
[ERROR]   location: class org.opentripplanner.model.TripTimeShort
[ERROR] /workspaces/CodeCureAgent/code_cure_agent/cca_workspace_2/OpenTripPlanner/src/ext/java/org/opentripplanner/ext/transmodelapi/model/siri/et/EstimatedCallType.java:[70,68] serviceDay has private access in org.opentripplanner.model.TripTimeShort
[ERROR] /workspaces/CodeCureAgent/code_cure_agent/cca_workspace_2/OpenTripPlanner/src/ext/java/org/opentripplanner/ext/transmodelapi/model/siri/et/EstimatedCallType.java:[71,76] cannot find symbol
[ERROR]   symbol:   variable realtimeArrival
[ERROR]   location: variable tripTimeShort of type org.opentripplanner.model.TripTimeShort
[ERROR] /workspaces/CodeCureAgent/code_cure_agent/cca_workspace_2/OpenTripPlanner/src/ext/java/org/opentripplanner/ext/transmodelapi/model/siri/et/EstimatedCallType.java:[86,100] serviceDay has private access in org.opentripplanner.model.TripTimeShort
[ERROR] /workspaces/CodeCureAgent/code_cure_agent/cca_workspace_2/OpenTripPlanner/src/ext/java/org/opentripplanner/ext/transmodelapi/model/siri/et/EstimatedCallType.java:[87,108] cannot find symbol
[ERROR]   symbol:   variable scheduledDeparture
[ERROR]   location: class org.opentripplanner.model.TripTimeShort
[ERROR] /workspaces/CodeCureAgent/code_cure_agent/cca_workspace_2/OpenTripPlanner/src/ext/java/org/opentripplanner/ext/transmodelapi/model/siri/et/EstimatedCallType.java:[96,68] serviceDay has private access in org.opentripplanner.model.TripTimeShort
[ERROR] /workspaces/CodeCureAgent/code_cure_agent/cca_workspace_2/OpenTripPlanner/src/ext/java/org/opentripplanner/ext/transmodelapi/model/siri/et/EstimatedCallType.java:[97,76] cannot find symbol
[ERROR]   symbol:   variable realtimeDeparture
[ERROR]   location: variable tripTimeShort of type org.opentripplanner.model.TripTimeShort
[ERROR] /workspaces/CodeCureAgent/code_cure_agent/cca_workspace_2/OpenTripPlanner/src/ext/java/org/opentripplanner/ext/transmodelapi/model/siri/et/EstimatedCallType.java:[111,90] cannot find symbol
[ERROR]   symbol:   variable timepoint
[ERROR]   location: class org.opentripplanner.model.TripTimeShort
[ERROR] /workspaces/CodeCureAgent/code_cure_agent/cca_workspace_2/OpenTripPlanner/src/ext/java/org/opentripplanner/ext/transmodelapi/model/siri/et/EstimatedCallType.java:[117,90] cannot find symbol
[ERROR]   symbol:   variable realtime
[ERROR]   location: class org.opentripplanner.model.TripTimeShort
[ERROR] /workspaces/CodeCureAgent/code_cure_agent/cca_workspace_2/OpenTripPlanner/src/ext/java/org/opentripplanner/ext/transmodelapi/model/siri/et/EstimatedCallType.java:[128,90] cannot find symbol
[ERROR]   symbol:   variable realtimeState
[ERROR]   location: class org.opentripplanner.model.TripTimeShort
[ERROR] /workspaces/CodeCureAgent/code_cure_agent/cca_workspace_2/OpenTripPlanner/src/ext/java/org/opentripplanner/ext/transmodelapi/model/siri/et/EstimatedCallType.java:[135,66] cannot find symbol
[ERROR]   symbol:   variable pickupType
[ERROR]   location: class org.opentripplanner.model.TripTimeShort
[ERROR] /workspaces/CodeCureAgent/code_cure_agent/cca_workspace_2/OpenTripPlanner/src/ext/java/org/opentripplanner/ext/transmodelapi/model/siri/et/EstimatedCallType.java:[137,73] cannot find symbol
[ERROR]   symbol:   variable pickupType
[ERROR]   location: class org.opentripplanner.model.TripTimeShort
[ERROR] /workspaces/CodeCureAgent/code_cure_agent/cca_workspace_2/OpenTripPlanner/src/ext/java/org/opentripplanner/ext/transmodelapi/model/siri/et/EstimatedCallType.java:[141,80] stopIndex has private access in org.opentripplanner.model.TripTimeShort
[ERROR] /workspaces/CodeCureAgent/code_cure_agent/cca_workspace_2/OpenTripPlanner/src/ext/java/org/opentripplanner/ext/transmodelapi/model/siri/et/EstimatedCallType.java:[140,129] cannot find symbol
[ERROR]   symbol:   variable tripId
[ERROR]   location: class org.opentripplanner.model.TripTimeShort
[ERROR] /workspaces/CodeCureAgent/code_cure_agent/cca_workspace_2/OpenTripPlanner/src/ext/java/org/opentripplanner/ext/transmodelapi/model/siri/et/EstimatedCallType.java:[149,66] cannot find symbol
[ERROR]   symbol:   variable dropoffType
[ERROR]   location: class org.opentripplanner.model.TripTimeShort
[ERROR] /workspaces/CodeCureAgent/code_cure_agent/cca_workspace_2/OpenTripPlanner/src/ext/java/org/opentripplanner/ext/transmodelapi/model/siri/et/EstimatedCallType.java:[151,73] cannot find symbol
[ERROR]   symbol:   variable dropoffType
[ERROR]   location: class org.opentripplanner.model.TripTimeShort
[ERROR] /workspaces/CodeCureAgent/code_cure_agent/cca_workspace_2/OpenTripPlanner/src/ext/java/org/opentripplanner/ext/transmodelapi/model/siri/et/EstimatedCallType.java:[155,81] stopIndex has private access in org.opentripplanner.model.TripTimeShort
[ERROR] /workspaces/CodeCureAgent/code_cure_agent/cca_workspace_2/OpenTripPlanner/src/ext/java/org/opentripplanner/ext/transmodelapi/model/siri/et/EstimatedCallType.java:[154,129] cannot find symbol
[ERROR]   symbol:   variable tripId
[ERROR]   location: class org.opentripplanner.model.TripTimeShort
[ERROR] /workspaces/CodeCureAgent/code_cure_agent/cca_workspace_2/OpenTripPlanner/src/ext/java/org/opentripplanner/ext/transmodelapi/model/siri/et/EstimatedCallType.java:[166,87] stopIndex has private access in org.opentripplanner.model.TripTimeShort
[ERROR] /workspaces/CodeCureAgent/code_cure_agent/cca_workspace_2/OpenTripPlanner/src/ext/java/org/opentripplanner/ext/transmodelapi/model/siri/et/EstimatedCallType.java:[165,135] cannot find symbol
[ERROR]   symbol:   variable tripId
[ERROR]   location: class org.opentripplanner.model.TripTimeShort
[ERROR] /workspaces/CodeCureAgent/code_cure_agent/cca_workspace_2/OpenTripPlanner/src/ext/java/org/opentripplanner/ext/transmodelapi/model/siri/et/EstimatedCallType.java:[179,90] serviceDay has private access in org.opentripplanner.model.TripTimeShort
[ERROR] /workspaces/CodeCureAgent/code_cure_agent/cca_workspace_2/OpenTripPlanner/src/ext/java/org/opentripplanner/ext/transmodelapi/model/siri/et/EstimatedCallType.java:[186,77] cannot find symbol
[ERROR]   symbol:   variable tripId
[ERROR]   location: class org.opentripplanner.model.TripTimeShort
[ERROR] /workspaces/CodeCureAgent/code_cure_agent/cca_workspace_2/OpenTripPlanner/src/ext/java/org/opentripplanner/ext/transmodelapi/model/siri/et/EstimatedCallType.java:[192,90] cannot find symbol
[ERROR]   symbol:   variable headsign
[ERROR]   location: class org.opentripplanner.model.TripTimeShort
[ERROR] /workspaces/CodeCureAgent/code_cure_agent/cca_workspace_2/OpenTripPlanner/src/ext/java/org/opentripplanner/ext/transmodelapi/model/siri/et/EstimatedCallType.java:[237,40] cannot find symbol
[ERROR]   symbol:   variable tripId
[ERROR]   location: variable tripTimeShort of type org.opentripplanner.model.TripTimeShort
[ERROR] /workspaces/CodeCureAgent/code_cure_agent/cca_workspace_2/OpenTripPlanner/src/ext/java/org/opentripplanner/ext/transmodelapi/model/siri/et/EstimatedCallType.java:[241,40] cannot find symbol
[ERROR]   symbol:   variable stopId
[ERROR]   location: variable tripTimeShort of type org.opentripplanner.model.TripTimeShort
[ERROR] /workspaces/CodeCureAgent/code_cure_agent/cca_workspace_2/OpenTripPlanner/src/ext/java/org/opentripplanner/ext/transmodelapi/model/siri/et/EstimatedCallType.java:[268,49] serviceDay has private access in org.opentripplanner.model.TripTimeShort
[ERROR] /workspaces/CodeCureAgent/code_cure_agent/cca_workspace_2/OpenTripPlanner/src/ext/java/org/opentripplanner/ext/transmodelapi/model/siri/et/EstimatedCallType.java:[268,34] bad operand types for binary operator '*'
[ERROR]   first type:  int
[ERROR]   second type: org.opentripplanner.routing.core.ServiceDay
[ERROR] /workspaces/CodeCureAgent/code_cure_agent/cca_workspace_2/OpenTripPlanner/src/ext/java/org/opentripplanner/ext/transmodelapi/model/siri/et/EstimatedCallType.java:[269,46] cannot find symbol
[ERROR]   symbol:   variable realtimeArrival
[ERROR]   location: variable tripTimeShort of type org.opentripplanner.model.TripTimeShort
[ERROR] /workspaces/CodeCureAgent/code_cure_agent/cca_workspace_2/OpenTripPlanner/src/ext/java/org/opentripplanner/ext/transmodelapi/model/siri/et/EstimatedCallType.java:[270,48] cannot find symbol
[ERROR]   symbol:   variable realtimeDeparture
[ERROR]   location: variable tripTimeShort of type org.opentripplanner.model.TripTimeShort
[ERROR] /workspaces/CodeCureAgent/code_cure_agent/cca_workspace_2/OpenTripPlanner/src/ext/java/org/opentripplanner/ext/transmodelapi/model/TripTimeShortHelper.java:[38,66] cannot find symbol
[ERROR]   symbol:   variable realtimeDeparture
[ERROR]   location: variable tripTime of type org.opentripplanner.model.TripTimeShort
[ERROR] /workspaces/CodeCureAgent/code_cure_agent/cca_workspace_2/OpenTripPlanner/src/ext/java/org/opentripplanner/ext/transmodelapi/model/TripTimeShortHelper.java:[38,158] cannot find symbol
[ERROR]   symbol:   variable stopId
[ERROR]   location: variable tripTime of type org.opentripplanner.model.TripTimeShort
[ERROR] /workspaces/CodeCureAgent/code_cure_agent/cca_workspace_2/OpenTripPlanner/src/ext/java/org/opentripplanner/ext/transmodelapi/model/TripTimeShortHelper.java:[40,62] cannot find symbol
[ERROR]   symbol:   variable scheduledDeparture
[ERROR]   location: variable tripTime of type org.opentripplanner.model.TripTimeShort
[ERROR] /workspaces/CodeCureAgent/code_cure_agent/cca_workspace_2/OpenTripPlanner/src/ext/java/org/opentripplanner/ext/transmodelapi/model/TripTimeShortHelper.java:[40,155] cannot find symbol
[ERROR]   symbol:   variable stopId
[ERROR]   location: variable tripTime of type org.opentripplanner.model.TripTimeShort
[ERROR] /workspaces/CodeCureAgent/code_cure_agent/cca_workspace_2/OpenTripPlanner/src/ext/java/org/opentripplanner/ext/transmodelapi/model/TripTimeShortHelper.java:[64,66] cannot find symbol
[ERROR]   symbol:   variable realtimeArrival
[ERROR]   location: variable tripTime of type org.opentripplanner.model.TripTimeShort
[ERROR] /workspaces/CodeCureAgent/code_cure_agent/cca_workspace_2/OpenTripPlanner/src/ext/java/org/opentripplanner/ext/transmodelapi/model/TripTimeShortHelper.java:[64,152] cannot find symbol
[ERROR]   symbol:   variable stopId
[ERROR]   location: variable tripTime of type org.opentripplanner.model.TripTimeShort
[ERROR] /workspaces/CodeCureAgent/code_cure_agent/cca_workspace_2/OpenTripPlanner/src/ext/java/org/opentripplanner/ext/transmodelapi/model/TripTimeShortHelper.java:[66,62] cannot find symbol
[ERROR]   symbol:   variable scheduledArrival
[ERROR]   location: variable tripTime of type org.opentripplanner.model.TripTimeShort
[ERROR] /workspaces/CodeCureAgent/code_cure_agent/cca_workspace_2/OpenTripPlanner/src/ext/java/org/opentripplanner/ext/transmodelapi/model/TripTimeShortHelper.java:[66,149] cannot find symbol
[ERROR]   symbol:   variable stopId
[ERROR]   location: variable tripTime of type org.opentripplanner.model.TripTimeShort
[ERROR] /workspaces/CodeCureAgent/code_cure_agent/cca_workspace_2/OpenTripPlanner/src/ext/java/org/opentripplanner/ext/transmodelapi/model/TripTimeShortHelper.java:[96,56] cannot find symbol
[ERROR]   symbol:   variable realtimeDeparture
[ERROR]   location: variable tripTime of type org.opentripplanner.model.TripTimeShort
[ERROR] /workspaces/CodeCureAgent/code_cure_agent/cca_workspace_2/OpenTripPlanner/src/ext/java/org/opentripplanner/ext/transmodelapi/model/TripTimeShortHelper.java:[96,85] cannot find symbol
[ERROR]   symbol:   variable scheduledDeparture
[ERROR]   location: variable tripTime of type org.opentripplanner.model.TripTimeShort
[ERROR] /workspaces/CodeCureAgent/code_cure_agent/cca_workspace_2/OpenTripPlanner/src/ext/java/org/opentripplanner/ext/transmodelapi/model/TripTimeShortHelper.java:[100,74] cannot find symbol
[ERROR]   symbol:   variable stopId
[ERROR]   location: variable tripTime of type org.opentripplanner.model.TripTimeShort
[ERROR] /workspaces/CodeCureAgent/code_cure_agent/cca_workspace_2/OpenTripPlanner/src/ext/java/org/opentripplanner/ext/transmodelapi/model/TripTimeShortHelper.java:[104,55] cannot find symbol
[ERROR]   symbol:   variable realtimeArrival
[ERROR]   location: variable tripTime of type org.opentripplanner.model.TripTimeShort
[ERROR] /workspaces/CodeCureAgent/code_cure_agent/cca_workspace_2/OpenTripPlanner/src/ext/java/org/opentripplanner/ext/transmodelapi/model/TripTimeShortHelper.java:[104,82] cannot find symbol
[ERROR]   symbol:   variable scheduledArrival
[ERROR]   location: variable tripTime of type org.opentripplanner.model.TripTimeShort
[ERROR] /workspaces/CodeCureAgent/code_cure_agent/cca_workspace_2/OpenTripPlanner/src/ext/java/org/opentripplanner/ext/transmodelapi/model/TripTimeShortHelper.java:[105,98] cannot find symbol
[ERROR]   symbol:   variable stopId
[ERROR]   location: variable tripTime of type org.opentripplanner.model.TripTimeShort
[ERROR] /workspaces/CodeCureAgent/code_cure_agent/cca_workspace_2/OpenTripPlanner/src/main/java/org/opentripplanner/api/mapping/TripTimeMapper.java:[24,68] cannot find symbol
[ERROR]   symbol:   variable stopId
[ERROR]   location: variable domain of type org.opentripplanner.model.TripTimeShort
[ERROR] /workspaces/CodeCureAgent/code_cure_agent/cca_workspace_2/OpenTripPlanner/src/main/java/org/opentripplanner/api/mapping/TripTimeMapper.java:[25,40] stopIndex has private access in org.opentripplanner.model.TripTimeShort
[ERROR] /workspaces/CodeCureAgent/code_cure_agent/cca_workspace_2/OpenTripPlanner/src/main/java/org/opentripplanner/api/mapping/TripTimeMapper.java:[26,40] cannot find symbol
[ERROR]   symbol:   variable stopCount
[ERROR]   location: variable domain of type org.opentripplanner.model.TripTimeShort
[ERROR] /workspaces/CodeCureAgent/code_cure_agent/cca_workspace_2/OpenTripPlanner/src/main/java/org/opentripplanner/api/mapping/TripTimeMapper.java:[27,40] cannot find symbol
[ERROR]   symbol:   variable scheduledArrival
[ERROR]   location: variable domain of type org.opentripplanner.model.TripTimeShort
[ERROR] /workspaces/CodeCureAgent/code_cure_agent/cca_workspace_2/OpenTripPlanner/src/main/java/org/opentripplanner/api/mapping/TripTimeMapper.java:[28,40] cannot find symbol
[ERROR]   symbol:   variable scheduledDeparture
[ERROR]   location: variable domain of type org.opentripplanner.model.TripTimeShort
[ERROR] /workspaces/CodeCureAgent/code_cure_agent/cca_workspace_2/OpenTripPlanner/src/main/java/org/opentripplanner/api/mapping/TripTimeMapper.java:[29,40] cannot find symbol
[ERROR]   symbol:   variable realtimeArrival
[ERROR]   location: variable domain of type org.opentripplanner.model.TripTimeShort
[ERROR] /workspaces/CodeCureAgent/code_cure_agent/cca_workspace_2/OpenTripPlanner/src/main/java/org/opentripplanner/api/mapping/TripTimeMapper.java:[30,40] cannot find symbol
[ERROR]   symbol:   variable realtimeDeparture
[ERROR]   location: variable domain of type org.opentripplanner.model.TripTimeShort
[ERROR] /workspaces/CodeCureAgent/code_cure_agent/cca_workspace_2/OpenTripPlanner/src/main/java/org/opentripplanner/api/mapping/TripTimeMapper.java:[31,40] cannot find symbol
[ERROR]   symbol:   variable arrivalDelay
[ERROR]   location: variable domain of type org.opentripplanner.model.TripTimeShort
[ERROR] /workspaces/CodeCureAgent/code_cure_agent/cca_workspace_2/OpenTripPlanner/src/main/java/org/opentripplanner/api/mapping/TripTimeMapper.java:[32,40] cannot find symbol
[ERROR]   symbol:   variable departureDelay
[ERROR]   location: variable domain of type org.opentripplanner.model.TripTimeShort
[ERROR] /workspaces/CodeCureAgent/code_cure_agent/cca_workspace_2/OpenTripPlanner/src/main/java/org/opentripplanner/api/mapping/TripTimeMapper.java:[33,40] cannot find symbol
[ERROR]   symbol:   variable timepoint
[ERROR]   location: variable domain of type org.opentripplanner.model.TripTimeShort
[ERROR] /workspaces/CodeCureAgent/code_cure_agent/cca_workspace_2/OpenTripPlanner/src/main/java/org/opentripplanner/api/mapping/TripTimeMapper.java:[34,40] cannot find symbol
[ERROR]   symbol:   variable realtime
[ERROR]   location: variable domain of type org.opentripplanner.model.TripTimeShort
[ERROR] /workspaces/CodeCureAgent/code_cure_agent/cca_workspace_2/OpenTripPlanner/src/main/java/org/opentripplanner/api/mapping/TripTimeMapper.java:[35,71] cannot find symbol
[ERROR]   symbol:   variable realtimeState
[ERROR]   location: variable domain of type org.opentripplanner.model.TripTimeShort
[ERROR] /workspaces/CodeCureAgent/code_cure_agent/cca_workspace_2/OpenTripPlanner/src/main/java/org/opentripplanner/api/mapping/TripTimeMapper.java:[36,40] cannot find symbol
[ERROR]   symbol:   variable blockId
[ERROR]   location: variable domain of type org.opentripplanner.model.TripTimeShort
[ERROR] /workspaces/CodeCureAgent/code_cure_agent/cca_workspace_2/OpenTripPlanner/src/main/java/org/opentripplanner/api/mapping/TripTimeMapper.java:[37,40] cannot find symbol
[ERROR]   symbol:   variable headsign
[ERROR]   location: variable domain of type org.opentripplanner.model.TripTimeShort
[ERROR] /workspaces/CodeCureAgent/code_cure_agent/cca_workspace_2/OpenTripPlanner/src/main/java/org/opentripplanner/routing/StopTimesHelper.java:[198,71] serviceDay has private access in org.opentripplanner.model.TripTimeShort
[ERROR] /workspaces/CodeCureAgent/code_cure_agent/cca_workspace_2/OpenTripPlanner/src/main/java/org/opentripplanner/routing/StopTimesHelper.java:[198,88] cannot find symbol
[ERROR]   symbol:   variable realtimeDeparture
[ERROR]   location: variable tts of type org.opentripplanner.model.TripTimeShort
[ERROR] -> [Help 1]
[ERROR] 
[ERROR] To see the full stack trace of the errors, re-run Maven with the -e switch.
[ERROR] Re-run Maven using the -X switch to enable full debug logging.
[ERROR] 
[ERROR] For more information about the errors and possible solutions, please read the following articles:
[ERROR] [Help 1] http://cwiki.apache.org/confluence/display/MAVEN/MojoFailureException
