[INFO] Scanning for projects...
[WARNING] 
[WARNING] Some problems were encountered while building the effective model for org.locationtech.jts.io:jts-io-common:jar:1.18.0-SNAPSHOT
[WARNING] 'build.plugins.plugin.version' for org.apache.maven.plugins:maven-jar-plugin is missing. @ line 15, column 21
[WARNING] 
[WARNING] It is highly recommended to fix these problems because they threaten the stability of your build.
[WARNING] 
[WARNING] For this reason, future Maven versions might no longer support building such malformed projects.
[WARNING] 
[INFO] ------------------------------------------------------------------------
[INFO] Reactor Build Order:
[INFO] 
[INFO] JTS Topology Suite                                                 [pom]
[INFO] org.locationtech.jts:jts-modules                                   [pom]
[INFO] org.locationtech.jts:jts-core                                   [bundle]
[INFO] org.locationtech.jts:jts-io                                        [pom]
[INFO] org.locationtech.jts.io:jts-io-common                              [jar]
[INFO] org.locationtech.jts:jts-example                                   [jar]
[INFO] org.locationtech.jts:jts-tests                                     [jar]
[INFO] org.locationtech.jts:jts-app                                       [jar]
[INFO] org.locationtech.jts:jts-lab                                       [jar]
[INFO] 
[INFO] ----------------------< org.locationtech.jts:jts >----------------------
[INFO] Building JTS Topology Suite 1.18.0-SNAPSHOT                        [1/9]
[INFO] --------------------------------[ pom ]---------------------------------
[INFO] 
[INFO] --- maven-clean-plugin:2.5:clean (default-clean) @ jts ---
[INFO] 
[INFO] --- maven-javadoc-plugin:3.0.0-M1:jar (attach-javadocs) @ jts ---
[INFO] Not executing Javadoc as the project is not a Java classpath-capable package
[INFO] 
[INFO] --- maven-source-plugin:2.2.1:jar-no-fork (attach-sources) @ jts ---
[INFO] 
[INFO] ------------------< org.locationtech.jts:jts-modules >------------------
[INFO] Building org.locationtech.jts:jts-modules 1.18.0-SNAPSHOT          [2/9]
[INFO] --------------------------------[ pom ]---------------------------------
[INFO] 
[INFO] --- maven-clean-plugin:2.5:clean (default-clean) @ jts-modules ---
[INFO] 
[INFO] --- maven-javadoc-plugin:3.0.0-M1:jar (attach-javadocs) @ jts-modules ---
[INFO] Not executing Javadoc as the project is not a Java classpath-capable package
[INFO] 
[INFO] --- maven-source-plugin:2.2.1:jar-no-fork (attach-sources) @ jts-modules ---
[INFO] 
[INFO] -------------------< org.locationtech.jts:jts-core >--------------------
[INFO] Building org.locationtech.jts:jts-core 1.18.0-SNAPSHOT             [3/9]
[INFO] -------------------------------[ bundle ]-------------------------------
[INFO] 
[INFO] --- maven-clean-plugin:2.5:clean (default-clean) @ jts-core ---
[INFO] 
[INFO] --- maven-resources-plugin:3.3.1:resources (default-resources) @ jts-core ---
[INFO] skip non existing resourceDirectory /workspaces/xxxx/code_cure_agent/cca_workspace/jts/modules/core/src/main/resources
[INFO] 
[INFO] --- maven-compiler-plugin:3.14.0:compile (default-compile) @ jts-core ---
[INFO] Recompiling the module because of changed source code.
[INFO] Compiling 479 source files with javac [debug target 1.8] to target/classes
[WARNING] bootstrap class path not set in conjunction with -source 8
[INFO] /workspaces/xxxx/code_cure_agent/cca_workspace/jts/modules/core/src/main/java/org/locationtech/jts/operation/distance3d/AxisPlaneCoordinateSequence.java: /workspaces/xxxx/code_cure_agent/cca_workspace/jts/modules/core/src/main/java/org/locationtech/jts/operation/distance3d/AxisPlaneCoordinateSequence.java uses or overrides a deprecated API.
[INFO] /workspaces/xxxx/code_cure_agent/cca_workspace/jts/modules/core/src/main/java/org/locationtech/jts/operation/distance3d/AxisPlaneCoordinateSequence.java: Recompile with -Xlint:deprecation for details.
[INFO] /workspaces/xxxx/code_cure_agent/cca_workspace/jts/modules/core/src/main/java/org/locationtech/jts/geom/Geometry.java: Some input files use unchecked or unsafe operations.
[INFO] /workspaces/xxxx/code_cure_agent/cca_workspace/jts/modules/core/src/main/java/org/locationtech/jts/geom/Geometry.java: Recompile with -Xlint:unchecked for details.
[INFO] 
[INFO] --- maven-resources-plugin:3.3.1:testResources (default-testResources) @ jts-core ---
[INFO] Copying 11 resources from src/test/resources to target/test-classes
[INFO] 
[INFO] --- maven-compiler-plugin:3.14.0:testCompile (default-testCompile) @ jts-core ---
[INFO] Recompiling the module because of changed dependency.
[INFO] Compiling 302 source files with javac [debug target 1.8] to target/test-classes
[INFO] /workspaces/xxxx/code_cure_agent/cca_workspace/jts/modules/core/src/test/java/org/locationtech/jts/geom/GeometryCopyTest.java: Some input files use or override a deprecated API.
[INFO] /workspaces/xxxx/code_cure_agent/cca_workspace/jts/modules/core/src/test/java/org/locationtech/jts/geom/GeometryCopyTest.java: Recompile with -Xlint:deprecation for details.
[INFO] /workspaces/xxxx/code_cure_agent/cca_workspace/jts/modules/core/src/test/java/test/jts/GeometryTestCase.java: Some input files use unchecked or unsafe operations.
[INFO] /workspaces/xxxx/code_cure_agent/cca_workspace/jts/modules/core/src/test/java/test/jts/GeometryTestCase.java: Recompile with -Xlint:unchecked for details.
[INFO] -------------------------------------------------------------
[WARNING] COMPILATION WARNING : 
[INFO] -------------------------------------------------------------
[WARNING] bootstrap class path not set in conjunction with -source 8
[INFO] 1 warning
[INFO] -------------------------------------------------------------
[INFO] -------------------------------------------------------------
[ERROR] COMPILATION ERROR : 
[INFO] -------------------------------------------------------------
[ERROR] /workspaces/xxxx/code_cure_agent/cca_workspace/jts/modules/core/src/test/java/org/locationtech/jts/geom/GeometryCopyTest.java:[17,38] cannot find symbol
  symbol:   variable WKT_POINT
  location: class test.jts.GeometryTestData
[ERROR] /workspaces/xxxx/code_cure_agent/cca_workspace/jts/modules/core/src/test/java/org/locationtech/jts/geom/GeometryCopyTest.java:[18,38] cannot find symbol
  symbol:   variable WKT_LINESTRING
  location: class test.jts.GeometryTestData
[ERROR] /workspaces/xxxx/code_cure_agent/cca_workspace/jts/modules/core/src/test/java/org/locationtech/jts/geom/GeometryCopyTest.java:[19,38] cannot find symbol
  symbol:   variable WKT_LINEARRING
  location: class test.jts.GeometryTestData
[ERROR] /workspaces/xxxx/code_cure_agent/cca_workspace/jts/modules/core/src/test/java/org/locationtech/jts/geom/GeometryCopyTest.java:[20,38] cannot find symbol
  symbol:   variable WKT_POLY
  location: class test.jts.GeometryTestData
[ERROR] /workspaces/xxxx/code_cure_agent/cca_workspace/jts/modules/core/src/test/java/org/locationtech/jts/geom/GeometryCopyTest.java:[21,38] cannot find symbol
  symbol:   variable WKT_MULTIPOINT
  location: class test.jts.GeometryTestData
[ERROR] /workspaces/xxxx/code_cure_agent/cca_workspace/jts/modules/core/src/test/java/org/locationtech/jts/geom/GeometryCopyTest.java:[22,38] cannot find symbol
  symbol:   variable WKT_MULTILINESTRING
  location: class test.jts.GeometryTestData
[ERROR] /workspaces/xxxx/code_cure_agent/cca_workspace/jts/modules/core/src/test/java/org/locationtech/jts/geom/GeometryCopyTest.java:[23,38] cannot find symbol
  symbol:   variable WKT_MULTIPOLYGON
  location: class test.jts.GeometryTestData
[ERROR] /workspaces/xxxx/code_cure_agent/cca_workspace/jts/modules/core/src/test/java/org/locationtech/jts/geom/GeometryCopyTest.java:[24,38] cannot find symbol
  symbol:   variable WKT_GC
  location: class test.jts.GeometryTestData
[ERROR] /workspaces/xxxx/code_cure_agent/cca_workspace/jts/modules/core/src/test/java/org/locationtech/jts/geom/GeometryReverseTest.java:[17,39] cannot find symbol
  symbol:   variable WKT_ALL
  location: class test.jts.GeometryTestData
[INFO] 9 errors 
[INFO] -------------------------------------------------------------
[INFO] ------------------------------------------------------------------------
[INFO] Reactor Summary for JTS Topology Suite 1.18.0-SNAPSHOT:
[INFO] 
[INFO] JTS Topology Suite ................................. SUCCESS [  0.670 s]
[INFO] org.locationtech.jts:jts-modules ................... SUCCESS [  0.012 s]
[INFO] org.locationtech.jts:jts-core ...................... FAILURE [  4.883 s]
[INFO] org.locationtech.jts:jts-io ........................ SKIPPED
[INFO] org.locationtech.jts.io:jts-io-common .............. SKIPPED
[INFO] org.locationtech.jts:jts-example ................... SKIPPED
[INFO] org.locationtech.jts:jts-tests ..................... SKIPPED
[INFO] org.locationtech.jts:jts-app ....................... SKIPPED
[INFO] org.locationtech.jts:jts-lab ....................... SKIPPED
[INFO] ------------------------------------------------------------------------
[INFO] BUILD FAILURE
[INFO] ------------------------------------------------------------------------
[INFO] Total time:  6.231 s
[INFO] Finished at: 2025-08-30T02:14:28Z
[INFO] ------------------------------------------------------------------------
[ERROR] Failed to execute goal org.apache.maven.plugins:maven-compiler-plugin:3.14.0:testCompile (default-testCompile) on project jts-core: Compilation failure: Compilation failure: 
[ERROR] /workspaces/xxxx/code_cure_agent/cca_workspace/jts/modules/core/src/test/java/org/locationtech/jts/geom/GeometryCopyTest.java:[17,38] cannot find symbol
[ERROR]   symbol:   variable WKT_POINT
[ERROR]   location: class test.jts.GeometryTestData
[ERROR] /workspaces/xxxx/code_cure_agent/cca_workspace/jts/modules/core/src/test/java/org/locationtech/jts/geom/GeometryCopyTest.java:[18,38] cannot find symbol
[ERROR]   symbol:   variable WKT_LINESTRING
[ERROR]   location: class test.jts.GeometryTestData
[ERROR] /workspaces/xxxx/code_cure_agent/cca_workspace/jts/modules/core/src/test/java/org/locationtech/jts/geom/GeometryCopyTest.java:[19,38] cannot find symbol
[ERROR]   symbol:   variable WKT_LINEARRING
[ERROR]   location: class test.jts.GeometryTestData
[ERROR] /workspaces/xxxx/code_cure_agent/cca_workspace/jts/modules/core/src/test/java/org/locationtech/jts/geom/GeometryCopyTest.java:[20,38] cannot find symbol
[ERROR]   symbol:   variable WKT_POLY
[ERROR]   location: class test.jts.GeometryTestData
[ERROR] /workspaces/xxxx/code_cure_agent/cca_workspace/jts/modules/core/src/test/java/org/locationtech/jts/geom/GeometryCopyTest.java:[21,38] cannot find symbol
[ERROR]   symbol:   variable WKT_MULTIPOINT
[ERROR]   location: class test.jts.GeometryTestData
[ERROR] /workspaces/xxxx/code_cure_agent/cca_workspace/jts/modules/core/src/test/java/org/locationtech/jts/geom/GeometryCopyTest.java:[22,38] cannot find symbol
[ERROR]   symbol:   variable WKT_MULTILINESTRING
[ERROR]   location: class test.jts.GeometryTestData
[ERROR] /workspaces/xxxx/code_cure_agent/cca_workspace/jts/modules/core/src/test/java/org/locationtech/jts/geom/GeometryCopyTest.java:[23,38] cannot find symbol
[ERROR]   symbol:   variable WKT_MULTIPOLYGON
[ERROR]   location: class test.jts.GeometryTestData
[ERROR] /workspaces/xxxx/code_cure_agent/cca_workspace/jts/modules/core/src/test/java/org/locationtech/jts/geom/GeometryCopyTest.java:[24,38] cannot find symbol
[ERROR]   symbol:   variable WKT_GC
[ERROR]   location: class test.jts.GeometryTestData
[ERROR] /workspaces/xxxx/code_cure_agent/cca_workspace/jts/modules/core/src/test/java/org/locationtech/jts/geom/GeometryReverseTest.java:[17,39] cannot find symbol
[ERROR]   symbol:   variable WKT_ALL
[ERROR]   location: class test.jts.GeometryTestData
[ERROR] -> [Help 1]
[ERROR] 
[ERROR] To see the full stack trace of the errors, re-run Maven with the -e switch.
[ERROR] Re-run Maven using the -X switch to enable full debug logging.
[ERROR] 
[ERROR] For more information about the errors and possible solutions, please read the following articles:
[ERROR] [Help 1] http://cwiki.apache.org/confluence/display/MAVEN/MojoFailureException
[ERROR] 
[ERROR] After correcting the problems, you can resume the build with the command
[ERROR]   mvn <args> -rf :jts-core
