[INFO] Scanning for projects...
[INFO] 
[INFO] ----------------------< com.github.wmixvideo:nfe >----------------------
[INFO] Building nfe 3.0.27-SNAPSHOT
[INFO] --------------------------------[ jar ]---------------------------------
[INFO] 
[INFO] --- maven-clean-plugin:2.5:clean (default-clean) @ nfe ---
[INFO] Deleting /workspaces/xxxx/code_cure_agent/cca_workspace/nfe/target
[INFO] 
[INFO] --- jacoco-maven-plugin:0.8.6:prepare-agent (prepare-agent) @ nfe ---
[INFO] argLine set to -javaagent:/home/vscode/.m2/repository/org/jacoco/org.jacoco.agent/0.8.6/org.jacoco.agent-0.8.6-runtime.jar=destfile=/workspaces/xxxx/code_cure_agent/cca_workspace/nfe/target/jacoco.exec,excludes=**/webservices/**/*
[INFO] 
[INFO] --- maven-resources-plugin:2.6:resources (default-resources) @ nfe ---
[INFO] Using 'UTF-8' encoding to copy filtered resources.
[INFO] Copying 444 resources
[INFO] Copying 0 resource
[INFO] 
[INFO] --- maven-compiler-plugin:3.8.1:compile (default-compile) @ nfe ---
[INFO] Changes detected - recompiling the module!
[INFO] Compiling 1032 source files to /workspaces/xxxx/code_cure_agent/cca_workspace/nfe/target/classes
[INFO] -------------------------------------------------------------
[ERROR] COMPILATION ERROR : 
[INFO] -------------------------------------------------------------
[ERROR] /workspaces/xxxx/code_cure_agent/cca_workspace/nfe/src/main/java/com/fincatto/documentofiscal/nfe/webservices/distribuicao/NFeDistribuicaoDFeSoapStub.java:[332,17] class, interface, or enum expected
[ERROR] /workspaces/xxxx/code_cure_agent/cca_workspace/nfe/src/main/java/com/fincatto/documentofiscal/nfe/webservices/distribuicao/NFeDistribuicaoDFeSoapStub.java:[334,21] class, interface, or enum expected
[ERROR] /workspaces/xxxx/code_cure_agent/cca_workspace/nfe/src/main/java/com/fincatto/documentofiscal/nfe/webservices/distribuicao/NFeDistribuicaoDFeSoapStub.java:[335,21] class, interface, or enum expected
[ERROR] /workspaces/xxxx/code_cure_agent/cca_workspace/nfe/src/main/java/com/fincatto/documentofiscal/nfe/webservices/distribuicao/NFeDistribuicaoDFeSoapStub.java:[336,17] class, interface, or enum expected
[ERROR] /workspaces/xxxx/code_cure_agent/cca_workspace/nfe/src/main/java/com/fincatto/documentofiscal/nfe/webservices/distribuicao/NFeDistribuicaoDFeSoapStub.java:[339,17] class, interface, or enum expected
[ERROR] /workspaces/xxxx/code_cure_agent/cca_workspace/nfe/src/main/java/com/fincatto/documentofiscal/nfe/webservices/distribuicao/NFeDistribuicaoDFeSoapStub.java:[341,17] class, interface, or enum expected
[ERROR] /workspaces/xxxx/code_cure_agent/cca_workspace/nfe/src/main/java/com/fincatto/documentofiscal/nfe/webservices/distribuicao/NFeDistribuicaoDFeSoapStub.java:[344,13] class, interface, or enum expected
[ERROR] /workspaces/xxxx/code_cure_agent/cca_workspace/nfe/src/main/java/com/fincatto/documentofiscal/nfe/webservices/distribuicao/NFeDistribuicaoDFeSoapStub.java:[347,40] class, interface, or enum expected
[ERROR] /workspaces/xxxx/code_cure_agent/cca_workspace/nfe/src/main/java/com/fincatto/documentofiscal/nfe/webservices/distribuicao/NFeDistribuicaoDFeSoapStub.java:[347,82] class, interface, or enum expected
[ERROR] /workspaces/xxxx/code_cure_agent/cca_workspace/nfe/src/main/java/com/fincatto/documentofiscal/nfe/webservices/distribuicao/NFeDistribuicaoDFeSoapStub.java:[351,23] class, interface, or enum expected
[ERROR] /workspaces/xxxx/code_cure_agent/cca_workspace/nfe/src/main/java/com/fincatto/documentofiscal/nfe/webservices/distribuicao/NFeDistribuicaoDFeSoapStub.java:[352,17] class, interface, or enum expected
[ERROR] /workspaces/xxxx/code_cure_agent/cca_workspace/nfe/src/main/java/com/fincatto/documentofiscal/nfe/webservices/distribuicao/NFeDistribuicaoDFeSoapStub.java:[353,17] class, interface, or enum expected
[ERROR] /workspaces/xxxx/code_cure_agent/cca_workspace/nfe/src/main/java/com/fincatto/documentofiscal/nfe/webservices/distribuicao/NFeDistribuicaoDFeSoapStub.java:[354,17] class, interface, or enum expected
[ERROR] /workspaces/xxxx/code_cure_agent/cca_workspace/nfe/src/main/java/com/fincatto/documentofiscal/nfe/webservices/distribuicao/NFeDistribuicaoDFeSoapStub.java:[354,33] class, interface, or enum expected
[ERROR] /workspaces/xxxx/code_cure_agent/cca_workspace/nfe/src/main/java/com/fincatto/documentofiscal/nfe/webservices/distribuicao/NFeDistribuicaoDFeSoapStub.java:[354,52] class, interface, or enum expected
[ERROR] /workspaces/xxxx/code_cure_agent/cca_workspace/nfe/src/main/java/com/fincatto/documentofiscal/nfe/webservices/distribuicao/NFeDistribuicaoDFeSoapStub.java:[357,21] class, interface, or enum expected
[ERROR] /workspaces/xxxx/code_cure_agent/cca_workspace/nfe/src/main/java/com/fincatto/documentofiscal/nfe/webservices/distribuicao/NFeDistribuicaoDFeSoapStub.java:[359,21] class, interface, or enum expected
[ERROR] /workspaces/xxxx/code_cure_agent/cca_workspace/nfe/src/main/java/com/fincatto/documentofiscal/nfe/webservices/distribuicao/NFeDistribuicaoDFeSoapStub.java:[361,25] class, interface, or enum expected
[ERROR] /workspaces/xxxx/code_cure_agent/cca_workspace/nfe/src/main/java/com/fincatto/documentofiscal/nfe/webservices/distribuicao/NFeDistribuicaoDFeSoapStub.java:[363,29] class, interface, or enum expected
[ERROR] /workspaces/xxxx/code_cure_agent/cca_workspace/nfe/src/main/java/com/fincatto/documentofiscal/nfe/webservices/distribuicao/NFeDistribuicaoDFeSoapStub.java:[364,29] class, interface, or enum expected
[ERROR] /workspaces/xxxx/code_cure_agent/cca_workspace/nfe/src/main/java/com/fincatto/documentofiscal/nfe/webservices/distribuicao/NFeDistribuicaoDFeSoapStub.java:[365,25] class, interface, or enum expected
[ERROR] /workspaces/xxxx/code_cure_agent/cca_workspace/nfe/src/main/java/com/fincatto/documentofiscal/nfe/webservices/distribuicao/NFeDistribuicaoDFeSoapStub.java:[368,25] class, interface, or enum expected
[ERROR] /workspaces/xxxx/code_cure_agent/cca_workspace/nfe/src/main/java/com/fincatto/documentofiscal/nfe/webservices/distribuicao/NFeDistribuicaoDFeSoapStub.java:[370,25] class, interface, or enum expected
[ERROR] /workspaces/xxxx/code_cure_agent/cca_workspace/nfe/src/main/java/com/fincatto/documentofiscal/nfe/webservices/distribuicao/NFeDistribuicaoDFeSoapStub.java:[373,21] class, interface, or enum expected
[ERROR] /workspaces/xxxx/code_cure_agent/cca_workspace/nfe/src/main/java/com/fincatto/documentofiscal/nfe/webservices/distribuicao/NFeDistribuicaoDFeSoapStub.java:[376,13] class, interface, or enum expected
[ERROR] /workspaces/xxxx/code_cure_agent/cca_workspace/nfe/src/main/java/com/fincatto/documentofiscal/nfe/webservices/distribuicao/NFeDistribuicaoDFeSoapStub.java:[382,55] class, interface, or enum expected
[ERROR] /workspaces/xxxx/code_cure_agent/cca_workspace/nfe/src/main/java/com/fincatto/documentofiscal/nfe/webservices/distribuicao/NFeDistribuicaoDFeSoapStub.java:[382,105] class, interface, or enum expected
[ERROR] /workspaces/xxxx/code_cure_agent/cca_workspace/nfe/src/main/java/com/fincatto/documentofiscal/nfe/webservices/distribuicao/NFeDistribuicaoDFeSoapStub.java:[384,13] class, interface, or enum expected
[ERROR] /workspaces/xxxx/code_cure_agent/cca_workspace/nfe/src/main/java/com/fincatto/documentofiscal/nfe/webservices/distribuicao/NFeDistribuicaoDFeSoapStub.java:[386,17] class, interface, or enum expected
[ERROR] /workspaces/xxxx/code_cure_agent/cca_workspace/nfe/src/main/java/com/fincatto/documentofiscal/nfe/webservices/distribuicao/NFeDistribuicaoDFeSoapStub.java:[388,17] class, interface, or enum expected
[ERROR] /workspaces/xxxx/code_cure_agent/cca_workspace/nfe/src/main/java/com/fincatto/documentofiscal/nfe/webservices/distribuicao/NFeDistribuicaoDFeSoapStub.java:[390,17] class, interface, or enum expected
[ERROR] /workspaces/xxxx/code_cure_agent/cca_workspace/nfe/src/main/java/com/fincatto/documentofiscal/nfe/webservices/distribuicao/NFeDistribuicaoDFeSoapStub.java:[391,13] class, interface, or enum expected
[ERROR] /workspaces/xxxx/code_cure_agent/cca_workspace/nfe/src/main/java/com/fincatto/documentofiscal/nfe/webservices/distribuicao/NFeDistribuicaoDFeSoapStub.java:[393,9] class, interface, or enum expected
[ERROR] /workspaces/xxxx/code_cure_agent/cca_workspace/nfe/src/main/java/com/fincatto/documentofiscal/nfe/webservices/distribuicao/NFeDistribuicaoDFeSoapStub.java:[399,16] class, interface, or enum expected
[ERROR] /workspaces/xxxx/code_cure_agent/cca_workspace/nfe/src/main/java/com/fincatto/documentofiscal/nfe/webservices/distribuicao/NFeDistribuicaoDFeSoapStub.java:[399,69] class, interface, or enum expected
[ERROR] /workspaces/xxxx/code_cure_agent/cca_workspace/nfe/src/main/java/com/fincatto/documentofiscal/nfe/webservices/distribuicao/NFeDistribuicaoDFeSoapStub.java:[400,19] class, interface, or enum expected
[ERROR] /workspaces/xxxx/code_cure_agent/cca_workspace/nfe/src/main/java/com/fincatto/documentofiscal/nfe/webservices/distribuicao/NFeDistribuicaoDFeSoapStub.java:[401,19] class, interface, or enum expected
[ERROR] /workspaces/xxxx/code_cure_agent/cca_workspace/nfe/src/main/java/com/fincatto/documentofiscal/nfe/webservices/distribuicao/NFeDistribuicaoDFeSoapStub.java:[402,13] class, interface, or enum expected
[ERROR] /workspaces/xxxx/code_cure_agent/cca_workspace/nfe/src/main/java/com/fincatto/documentofiscal/nfe/webservices/distribuicao/NFeDistribuicaoDFeSoapStub.java:[404,17] class, interface, or enum expected
[ERROR] /workspaces/xxxx/code_cure_agent/cca_workspace/nfe/src/main/java/com/fincatto/documentofiscal/nfe/webservices/distribuicao/NFeDistribuicaoDFeSoapStub.java:[406,17] class, interface, or enum expected
[ERROR] /workspaces/xxxx/code_cure_agent/cca_workspace/nfe/src/main/java/com/fincatto/documentofiscal/nfe/webservices/distribuicao/NFeDistribuicaoDFeSoapStub.java:[408,13] class, interface, or enum expected
[ERROR] /workspaces/xxxx/code_cure_agent/cca_workspace/nfe/src/main/java/com/fincatto/documentofiscal/nfe/webservices/distribuicao/NFeDistribuicaoDFeSoapStub.java:[410,9] class, interface, or enum expected
[ERROR] /workspaces/xxxx/code_cure_agent/cca_workspace/nfe/src/main/java/com/fincatto/documentofiscal/nfe/webservices/distribuicao/NFeDistribuicaoDFeSoapStub.java:[464,5] class, interface, or enum expected
[ERROR] /workspaces/xxxx/code_cure_agent/cca_workspace/nfe/src/main/java/com/fincatto/documentofiscal/nfe/webservices/distribuicao/NFeDistribuicaoDFeSoapStub.java:[1447,13] class, interface, or enum expected
[ERROR] /workspaces/xxxx/code_cure_agent/cca_workspace/nfe/src/main/java/com/fincatto/documentofiscal/nfe/webservices/distribuicao/NFeDistribuicaoDFeSoapStub.java:[1447,54] class, interface, or enum expected
[ERROR] /workspaces/xxxx/code_cure_agent/cca_workspace/nfe/src/main/java/com/fincatto/documentofiscal/nfe/webservices/distribuicao/NFeDistribuicaoDFeSoapStub.java:[1447,87] class, interface, or enum expected
[ERROR] /workspaces/xxxx/code_cure_agent/cca_workspace/nfe/src/main/java/com/fincatto/documentofiscal/nfe/webservices/distribuicao/NFeDistribuicaoDFeSoapStub.java:[1453,5] class, interface, or enum expected
[ERROR] /workspaces/xxxx/code_cure_agent/cca_workspace/nfe/src/main/java/com/fincatto/documentofiscal/nfe/webservices/distribuicao/NFeDistribuicaoDFeSoapStub.java:[1455,54] class, interface, or enum expected
[ERROR] /workspaces/xxxx/code_cure_agent/cca_workspace/nfe/src/main/java/com/fincatto/documentofiscal/nfe/webservices/distribuicao/NFeDistribuicaoDFeSoapStub.java:[1455,95] class, interface, or enum expected
[ERROR] /workspaces/xxxx/code_cure_agent/cca_workspace/nfe/src/main/java/com/fincatto/documentofiscal/nfe/webservices/distribuicao/NFeDistribuicaoDFeSoapStub.java:[1461,5] class, interface, or enum expected
[ERROR] /workspaces/xxxx/code_cure_agent/cca_workspace/nfe/src/main/java/com/fincatto/documentofiscal/nfe/webservices/distribuicao/NFeDistribuicaoDFeSoapStub.java:[1463,65] class, interface, or enum expected
[ERROR] /workspaces/xxxx/code_cure_agent/cca_workspace/nfe/src/main/java/com/fincatto/documentofiscal/nfe/webservices/distribuicao/NFeDistribuicaoDFeSoapStub.java:[1463,114] class, interface, or enum expected
[ERROR] /workspaces/xxxx/code_cure_agent/cca_workspace/nfe/src/main/java/com/fincatto/documentofiscal/nfe/webservices/distribuicao/NFeDistribuicaoDFeSoapStub.java:[1463,147] class, interface, or enum expected
[ERROR] /workspaces/xxxx/code_cure_agent/cca_workspace/nfe/src/main/java/com/fincatto/documentofiscal/nfe/webservices/distribuicao/NFeDistribuicaoDFeSoapStub.java:[1465,15] class, interface, or enum expected
[ERROR] /workspaces/xxxx/code_cure_agent/cca_workspace/nfe/src/main/java/com/fincatto/documentofiscal/nfe/webservices/distribuicao/NFeDistribuicaoDFeSoapStub.java:[1466,9] class, interface, or enum expected
[ERROR] /workspaces/xxxx/code_cure_agent/cca_workspace/nfe/src/main/java/com/fincatto/documentofiscal/nfe/webservices/distribuicao/NFeDistribuicaoDFeSoapStub.java:[1467,9] class, interface, or enum expected
[ERROR] /workspaces/xxxx/code_cure_agent/cca_workspace/nfe/src/main/java/com/fincatto/documentofiscal/nfe/webservices/distribuicao/NFeDistribuicaoDFeSoapStub.java:[1471,5] class, interface, or enum expected
[ERROR] /workspaces/xxxx/code_cure_agent/cca_workspace/nfe/src/main/java/com/fincatto/documentofiscal/nfe/webservices/distribuicao/NFeDistribuicaoDFeSoapStub.java:[1478,65] class, interface, or enum expected
[ERROR] /workspaces/xxxx/code_cure_agent/cca_workspace/nfe/src/main/java/com/fincatto/documentofiscal/nfe/webservices/distribuicao/NFeDistribuicaoDFeSoapStub.java:[1480,5] class, interface, or enum expected
[ERROR] /workspaces/xxxx/code_cure_agent/cca_workspace/nfe/src/main/java/com/fincatto/documentofiscal/nfe/webservices/distribuicao/NFeDistribuicaoDFeSoapStub.java:[1482,43] class, interface, or enum expected
[ERROR] /workspaces/xxxx/code_cure_agent/cca_workspace/nfe/src/main/java/com/fincatto/documentofiscal/nfe/webservices/distribuicao/NFeDistribuicaoDFeSoapStub.java:[1482,86] class, interface, or enum expected
[ERROR] /workspaces/xxxx/code_cure_agent/cca_workspace/nfe/src/main/java/com/fincatto/documentofiscal/nfe/webservices/distribuicao/NFeDistribuicaoDFeSoapStub.java:[1482,114] class, interface, or enum expected
[ERROR] /workspaces/xxxx/code_cure_agent/cca_workspace/nfe/src/main/java/com/fincatto/documentofiscal/nfe/webservices/distribuicao/NFeDistribuicaoDFeSoapStub.java:[1484,42] <identifier> expected
[ERROR] /workspaces/xxxx/code_cure_agent/cca_workspace/nfe/src/main/java/com/fincatto/documentofiscal/nfe/webservices/distribuicao/NFeDistribuicaoDFeSoapStub.java:[1485,17] illegal start of type
[ERROR] /workspaces/xxxx/code_cure_agent/cca_workspace/nfe/src/main/java/com/fincatto/documentofiscal/nfe/webservices/distribuicao/NFeDistribuicaoDFeSoapStub.java:[1485,57] <identifier> expected
[ERROR] /workspaces/xxxx/code_cure_agent/cca_workspace/nfe/src/main/java/com/fincatto/documentofiscal/nfe/webservices/distribuicao/NFeDistribuicaoDFeSoapStub.java:[1485,96] <identifier> expected
[ERROR] /workspaces/xxxx/code_cure_agent/cca_workspace/nfe/src/main/java/com/fincatto/documentofiscal/nfe/webservices/distribuicao/NFeDistribuicaoDFeSoapStub.java:[1487,13] class, interface, or enum expected
[ERROR] /workspaces/xxxx/code_cure_agent/cca_workspace/nfe/src/main/java/com/fincatto/documentofiscal/nfe/webservices/distribuicao/NFeDistribuicaoDFeSoapStub.java:[1487,50] <identifier> expected
[ERROR] /workspaces/xxxx/code_cure_agent/cca_workspace/nfe/src/main/java/com/fincatto/documentofiscal/nfe/webservices/distribuicao/NFeDistribuicaoDFeSoapStub.java:[1488,17] illegal start of type
[ERROR] /workspaces/xxxx/code_cure_agent/cca_workspace/nfe/src/main/java/com/fincatto/documentofiscal/nfe/webservices/distribuicao/NFeDistribuicaoDFeSoapStub.java:[1488,65] <identifier> expected
[ERROR] /workspaces/xxxx/code_cure_agent/cca_workspace/nfe/src/main/java/com/fincatto/documentofiscal/nfe/webservices/distribuicao/NFeDistribuicaoDFeSoapStub.java:[1488,104] <identifier> expected
[ERROR] /workspaces/xxxx/code_cure_agent/cca_workspace/nfe/src/main/java/com/fincatto/documentofiscal/nfe/webservices/distribuicao/NFeDistribuicaoDFeSoapStub.java:[1490,9] class, interface, or enum expected
[ERROR] /workspaces/xxxx/code_cure_agent/cca_workspace/nfe/src/main/java/com/fincatto/documentofiscal/nfe/webservices/distribuicao/NFeDistribuicaoDFeSoapStub.java:[1490,24] class, interface, or enum expected
[ERROR] /workspaces/xxxx/code_cure_agent/cca_workspace/nfe/src/main/java/com/fincatto/documentofiscal/nfe/webservices/distribuicao/NFeDistribuicaoDFeSoapStub.java:[1492,9] class, interface, or enum expected
[ERROR] /workspaces/xxxx/code_cure_agent/cca_workspace/nfe/src/main/java/com/fincatto/documentofiscal/nfe/webservices/distribuicao/NFeDistribuicaoDFeSoapStub.java:[1494,5] class, interface, or enum expected
[INFO] 75 errors 
[INFO] -------------------------------------------------------------
[INFO] ------------------------------------------------------------------------
[INFO] BUILD FAILURE
[INFO] ------------------------------------------------------------------------
[INFO] Total time:  2.302 s
[INFO] Finished at: 2025-08-30T18:34:27Z
[INFO] ------------------------------------------------------------------------
[ERROR] Failed to execute goal org.apache.maven.plugins:maven-compiler-plugin:3.8.1:compile (default-compile) on project nfe: Compilation failure: Compilation failure: 
[ERROR] /workspaces/xxxx/code_cure_agent/cca_workspace/nfe/src/main/java/com/fincatto/documentofiscal/nfe/webservices/distribuicao/NFeDistribuicaoDFeSoapStub.java:[332,17] class, interface, or enum expected
[ERROR] /workspaces/xxxx/code_cure_agent/cca_workspace/nfe/src/main/java/com/fincatto/documentofiscal/nfe/webservices/distribuicao/NFeDistribuicaoDFeSoapStub.java:[334,21] class, interface, or enum expected
[ERROR] /workspaces/xxxx/code_cure_agent/cca_workspace/nfe/src/main/java/com/fincatto/documentofiscal/nfe/webservices/distribuicao/NFeDistribuicaoDFeSoapStub.java:[335,21] class, interface, or enum expected
[ERROR] /workspaces/xxxx/code_cure_agent/cca_workspace/nfe/src/main/java/com/fincatto/documentofiscal/nfe/webservices/distribuicao/NFeDistribuicaoDFeSoapStub.java:[336,17] class, interface, or enum expected
[ERROR] /workspaces/xxxx/code_cure_agent/cca_workspace/nfe/src/main/java/com/fincatto/documentofiscal/nfe/webservices/distribuicao/NFeDistribuicaoDFeSoapStub.java:[339,17] class, interface, or enum expected
[ERROR] /workspaces/xxxx/code_cure_agent/cca_workspace/nfe/src/main/java/com/fincatto/documentofiscal/nfe/webservices/distribuicao/NFeDistribuicaoDFeSoapStub.java:[341,17] class, interface, or enum expected
[ERROR] /workspaces/xxxx/code_cure_agent/cca_workspace/nfe/src/main/java/com/fincatto/documentofiscal/nfe/webservices/distribuicao/NFeDistribuicaoDFeSoapStub.java:[344,13] class, interface, or enum expected
[ERROR] /workspaces/xxxx/code_cure_agent/cca_workspace/nfe/src/main/java/com/fincatto/documentofiscal/nfe/webservices/distribuicao/NFeDistribuicaoDFeSoapStub.java:[347,40] class, interface, or enum expected
[ERROR] /workspaces/xxxx/code_cure_agent/cca_workspace/nfe/src/main/java/com/fincatto/documentofiscal/nfe/webservices/distribuicao/NFeDistribuicaoDFeSoapStub.java:[347,82] class, interface, or enum expected
[ERROR] /workspaces/xxxx/code_cure_agent/cca_workspace/nfe/src/main/java/com/fincatto/documentofiscal/nfe/webservices/distribuicao/NFeDistribuicaoDFeSoapStub.java:[351,23] class, interface, or enum expected
[ERROR] /workspaces/xxxx/code_cure_agent/cca_workspace/nfe/src/main/java/com/fincatto/documentofiscal/nfe/webservices/distribuicao/NFeDistribuicaoDFeSoapStub.java:[352,17] class, interface, or enum expected
[ERROR] /workspaces/xxxx/code_cure_agent/cca_workspace/nfe/src/main/java/com/fincatto/documentofiscal/nfe/webservices/distribuicao/NFeDistribuicaoDFeSoapStub.java:[353,17] class, interface, or enum expected
[ERROR] /workspaces/xxxx/code_cure_agent/cca_workspace/nfe/src/main/java/com/fincatto/documentofiscal/nfe/webservices/distribuicao/NFeDistribuicaoDFeSoapStub.java:[354,17] class, interface, or enum expected
[ERROR] /workspaces/xxxx/code_cure_agent/cca_workspace/nfe/src/main/java/com/fincatto/documentofiscal/nfe/webservices/distribuicao/NFeDistribuicaoDFeSoapStub.java:[354,33] class, interface, or enum expected
[ERROR] /workspaces/xxxx/code_cure_agent/cca_workspace/nfe/src/main/java/com/fincatto/documentofiscal/nfe/webservices/distribuicao/NFeDistribuicaoDFeSoapStub.java:[354,52] class, interface, or enum expected
[ERROR] /workspaces/xxxx/code_cure_agent/cca_workspace/nfe/src/main/java/com/fincatto/documentofiscal/nfe/webservices/distribuicao/NFeDistribuicaoDFeSoapStub.java:[357,21] class, interface, or enum expected
[ERROR] /workspaces/xxxx/code_cure_agent/cca_workspace/nfe/src/main/java/com/fincatto/documentofiscal/nfe/webservices/distribuicao/NFeDistribuicaoDFeSoapStub.java:[359,21] class, interface, or enum expected
[ERROR] /workspaces/xxxx/code_cure_agent/cca_workspace/nfe/src/main/java/com/fincatto/documentofiscal/nfe/webservices/distribuicao/NFeDistribuicaoDFeSoapStub.java:[361,25] class, interface, or enum expected
[ERROR] /workspaces/xxxx/code_cure_agent/cca_workspace/nfe/src/main/java/com/fincatto/documentofiscal/nfe/webservices/distribuicao/NFeDistribuicaoDFeSoapStub.java:[363,29] class, interface, or enum expected
[ERROR] /workspaces/xxxx/code_cure_agent/cca_workspace/nfe/src/main/java/com/fincatto/documentofiscal/nfe/webservices/distribuicao/NFeDistribuicaoDFeSoapStub.java:[364,29] class, interface, or enum expected
[ERROR] /workspaces/xxxx/code_cure_agent/cca_workspace/nfe/src/main/java/com/fincatto/documentofiscal/nfe/webservices/distribuicao/NFeDistribuicaoDFeSoapStub.java:[365,25] class, interface, or enum expected
[ERROR] /workspaces/xxxx/code_cure_agent/cca_workspace/nfe/src/main/java/com/fincatto/documentofiscal/nfe/webservices/distribuicao/NFeDistribuicaoDFeSoapStub.java:[368,25] class, interface, or enum expected
[ERROR] /workspaces/xxxx/code_cure_agent/cca_workspace/nfe/src/main/java/com/fincatto/documentofiscal/nfe/webservices/distribuicao/NFeDistribuicaoDFeSoapStub.java:[370,25] class, interface, or enum expected
[ERROR] /workspaces/xxxx/code_cure_agent/cca_workspace/nfe/src/main/java/com/fincatto/documentofiscal/nfe/webservices/distribuicao/NFeDistribuicaoDFeSoapStub.java:[373,21] class, interface, or enum expected
[ERROR] /workspaces/xxxx/code_cure_agent/cca_workspace/nfe/src/main/java/com/fincatto/documentofiscal/nfe/webservices/distribuicao/NFeDistribuicaoDFeSoapStub.java:[376,13] class, interface, or enum expected
[ERROR] /workspaces/xxxx/code_cure_agent/cca_workspace/nfe/src/main/java/com/fincatto/documentofiscal/nfe/webservices/distribuicao/NFeDistribuicaoDFeSoapStub.java:[382,55] class, interface, or enum expected
[ERROR] /workspaces/xxxx/code_cure_agent/cca_workspace/nfe/src/main/java/com/fincatto/documentofiscal/nfe/webservices/distribuicao/NFeDistribuicaoDFeSoapStub.java:[382,105] class, interface, or enum expected
[ERROR] /workspaces/xxxx/code_cure_agent/cca_workspace/nfe/src/main/java/com/fincatto/documentofiscal/nfe/webservices/distribuicao/NFeDistribuicaoDFeSoapStub.java:[384,13] class, interface, or enum expected
[ERROR] /workspaces/xxxx/code_cure_agent/cca_workspace/nfe/src/main/java/com/fincatto/documentofiscal/nfe/webservices/distribuicao/NFeDistribuicaoDFeSoapStub.java:[386,17] class, interface, or enum expected
[ERROR] /workspaces/xxxx/code_cure_agent/cca_workspace/nfe/src/main/java/com/fincatto/documentofiscal/nfe/webservices/distribuicao/NFeDistribuicaoDFeSoapStub.java:[388,17] class, interface, or enum expected
[ERROR] /workspaces/xxxx/code_cure_agent/cca_workspace/nfe/src/main/java/com/fincatto/documentofiscal/nfe/webservices/distribuicao/NFeDistribuicaoDFeSoapStub.java:[390,17] class, interface, or enum expected
[ERROR] /workspaces/xxxx/code_cure_agent/cca_workspace/nfe/src/main/java/com/fincatto/documentofiscal/nfe/webservices/distribuicao/NFeDistribuicaoDFeSoapStub.java:[391,13] class, interface, or enum expected
[ERROR] /workspaces/xxxx/code_cure_agent/cca_workspace/nfe/src/main/java/com/fincatto/documentofiscal/nfe/webservices/distribuicao/NFeDistribuicaoDFeSoapStub.java:[393,9] class, interface, or enum expected
[ERROR] /workspaces/xxxx/code_cure_agent/cca_workspace/nfe/src/main/java/com/fincatto/documentofiscal/nfe/webservices/distribuicao/NFeDistribuicaoDFeSoapStub.java:[399,16] class, interface, or enum expected
[ERROR] /workspaces/xxxx/code_cure_agent/cca_workspace/nfe/src/main/java/com/fincatto/documentofiscal/nfe/webservices/distribuicao/NFeDistribuicaoDFeSoapStub.java:[399,69] class, interface, or enum expected
[ERROR] /workspaces/xxxx/code_cure_agent/cca_workspace/nfe/src/main/java/com/fincatto/documentofiscal/nfe/webservices/distribuicao/NFeDistribuicaoDFeSoapStub.java:[400,19] class, interface, or enum expected
[ERROR] /workspaces/xxxx/code_cure_agent/cca_workspace/nfe/src/main/java/com/fincatto/documentofiscal/nfe/webservices/distribuicao/NFeDistribuicaoDFeSoapStub.java:[401,19] class, interface, or enum expected
[ERROR] /workspaces/xxxx/code_cure_agent/cca_workspace/nfe/src/main/java/com/fincatto/documentofiscal/nfe/webservices/distribuicao/NFeDistribuicaoDFeSoapStub.java:[402,13] class, interface, or enum expected
[ERROR] /workspaces/xxxx/code_cure_agent/cca_workspace/nfe/src/main/java/com/fincatto/documentofiscal/nfe/webservices/distribuicao/NFeDistribuicaoDFeSoapStub.java:[404,17] class, interface, or enum expected
[ERROR] /workspaces/xxxx/code_cure_agent/cca_workspace/nfe/src/main/java/com/fincatto/documentofiscal/nfe/webservices/distribuicao/NFeDistribuicaoDFeSoapStub.java:[406,17] class, interface, or enum expected
[ERROR] /workspaces/xxxx/code_cure_agent/cca_workspace/nfe/src/main/java/com/fincatto/documentofiscal/nfe/webservices/distribuicao/NFeDistribuicaoDFeSoapStub.java:[408,13] class, interface, or enum expected
[ERROR] /workspaces/xxxx/code_cure_agent/cca_workspace/nfe/src/main/java/com/fincatto/documentofiscal/nfe/webservices/distribuicao/NFeDistribuicaoDFeSoapStub.java:[410,9] class, interface, or enum expected
[ERROR] /workspaces/xxxx/code_cure_agent/cca_workspace/nfe/src/main/java/com/fincatto/documentofiscal/nfe/webservices/distribuicao/NFeDistribuicaoDFeSoapStub.java:[464,5] class, interface, or enum expected
[ERROR] /workspaces/xxxx/code_cure_agent/cca_workspace/nfe/src/main/java/com/fincatto/documentofiscal/nfe/webservices/distribuicao/NFeDistribuicaoDFeSoapStub.java:[1447,13] class, interface, or enum expected
[ERROR] /workspaces/xxxx/code_cure_agent/cca_workspace/nfe/src/main/java/com/fincatto/documentofiscal/nfe/webservices/distribuicao/NFeDistribuicaoDFeSoapStub.java:[1447,54] class, interface, or enum expected
[ERROR] /workspaces/xxxx/code_cure_agent/cca_workspace/nfe/src/main/java/com/fincatto/documentofiscal/nfe/webservices/distribuicao/NFeDistribuicaoDFeSoapStub.java:[1447,87] class, interface, or enum expected
[ERROR] /workspaces/xxxx/code_cure_agent/cca_workspace/nfe/src/main/java/com/fincatto/documentofiscal/nfe/webservices/distribuicao/NFeDistribuicaoDFeSoapStub.java:[1453,5] class, interface, or enum expected
[ERROR] /workspaces/xxxx/code_cure_agent/cca_workspace/nfe/src/main/java/com/fincatto/documentofiscal/nfe/webservices/distribuicao/NFeDistribuicaoDFeSoapStub.java:[1455,54] class, interface, or enum expected
[ERROR] /workspaces/xxxx/code_cure_agent/cca_workspace/nfe/src/main/java/com/fincatto/documentofiscal/nfe/webservices/distribuicao/NFeDistribuicaoDFeSoapStub.java:[1455,95] class, interface, or enum expected
[ERROR] /workspaces/xxxx/code_cure_agent/cca_workspace/nfe/src/main/java/com/fincatto/documentofiscal/nfe/webservices/distribuicao/NFeDistribuicaoDFeSoapStub.java:[1461,5] class, interface, or enum expected
[ERROR] /workspaces/xxxx/code_cure_agent/cca_workspace/nfe/src/main/java/com/fincatto/documentofiscal/nfe/webservices/distribuicao/NFeDistribuicaoDFeSoapStub.java:[1463,65] class, interface, or enum expected
[ERROR] /workspaces/xxxx/code_cure_agent/cca_workspace/nfe/src/main/java/com/fincatto/documentofiscal/nfe/webservices/distribuicao/NFeDistribuicaoDFeSoapStub.java:[1463,114] class, interface, or enum expected
[ERROR] /workspaces/xxxx/code_cure_agent/cca_workspace/nfe/src/main/java/com/fincatto/documentofiscal/nfe/webservices/distribuicao/NFeDistribuicaoDFeSoapStub.java:[1463,147] class, interface, or enum expected
[ERROR] /workspaces/xxxx/code_cure_agent/cca_workspace/nfe/src/main/java/com/fincatto/documentofiscal/nfe/webservices/distribuicao/NFeDistribuicaoDFeSoapStub.java:[1465,15] class, interface, or enum expected
[ERROR] /workspaces/xxxx/code_cure_agent/cca_workspace/nfe/src/main/java/com/fincatto/documentofiscal/nfe/webservices/distribuicao/NFeDistribuicaoDFeSoapStub.java:[1466,9] class, interface, or enum expected
[ERROR] /workspaces/xxxx/code_cure_agent/cca_workspace/nfe/src/main/java/com/fincatto/documentofiscal/nfe/webservices/distribuicao/NFeDistribuicaoDFeSoapStub.java:[1467,9] class, interface, or enum expected
[ERROR] /workspaces/xxxx/code_cure_agent/cca_workspace/nfe/src/main/java/com/fincatto/documentofiscal/nfe/webservices/distribuicao/NFeDistribuicaoDFeSoapStub.java:[1471,5] class, interface, or enum expected
[ERROR] /workspaces/xxxx/code_cure_agent/cca_workspace/nfe/src/main/java/com/fincatto/documentofiscal/nfe/webservices/distribuicao/NFeDistribuicaoDFeSoapStub.java:[1478,65] class, interface, or enum expected
[ERROR] /workspaces/xxxx/code_cure_agent/cca_workspace/nfe/src/main/java/com/fincatto/documentofiscal/nfe/webservices/distribuicao/NFeDistribuicaoDFeSoapStub.java:[1480,5] class, interface, or enum expected
[ERROR] /workspaces/xxxx/code_cure_agent/cca_workspace/nfe/src/main/java/com/fincatto/documentofiscal/nfe/webservices/distribuicao/NFeDistribuicaoDFeSoapStub.java:[1482,43] class, interface, or enum expected
[ERROR] /workspaces/xxxx/code_cure_agent/cca_workspace/nfe/src/main/java/com/fincatto/documentofiscal/nfe/webservices/distribuicao/NFeDistribuicaoDFeSoapStub.java:[1482,86] class, interface, or enum expected
[ERROR] /workspaces/xxxx/code_cure_agent/cca_workspace/nfe/src/main/java/com/fincatto/documentofiscal/nfe/webservices/distribuicao/NFeDistribuicaoDFeSoapStub.java:[1482,114] class, interface, or enum expected
[ERROR] /workspaces/xxxx/code_cure_agent/cca_workspace/nfe/src/main/java/com/fincatto/documentofiscal/nfe/webservices/distribuicao/NFeDistribuicaoDFeSoapStub.java:[1484,42] <identifier> expected
[ERROR] /workspaces/xxxx/code_cure_agent/cca_workspace/nfe/src/main/java/com/fincatto/documentofiscal/nfe/webservices/distribuicao/NFeDistribuicaoDFeSoapStub.java:[1485,17] illegal start of type
[ERROR] /workspaces/xxxx/code_cure_agent/cca_workspace/nfe/src/main/java/com/fincatto/documentofiscal/nfe/webservices/distribuicao/NFeDistribuicaoDFeSoapStub.java:[1485,57] <identifier> expected
[ERROR] /workspaces/xxxx/code_cure_agent/cca_workspace/nfe/src/main/java/com/fincatto/documentofiscal/nfe/webservices/distribuicao/NFeDistribuicaoDFeSoapStub.java:[1485,96] <identifier> expected
[ERROR] /workspaces/xxxx/code_cure_agent/cca_workspace/nfe/src/main/java/com/fincatto/documentofiscal/nfe/webservices/distribuicao/NFeDistribuicaoDFeSoapStub.java:[1487,13] class, interface, or enum expected
[ERROR] /workspaces/xxxx/code_cure_agent/cca_workspace/nfe/src/main/java/com/fincatto/documentofiscal/nfe/webservices/distribuicao/NFeDistribuicaoDFeSoapStub.java:[1487,50] <identifier> expected
[ERROR] /workspaces/xxxx/code_cure_agent/cca_workspace/nfe/src/main/java/com/fincatto/documentofiscal/nfe/webservices/distribuicao/NFeDistribuicaoDFeSoapStub.java:[1488,17] illegal start of type
[ERROR] /workspaces/xxxx/code_cure_agent/cca_workspace/nfe/src/main/java/com/fincatto/documentofiscal/nfe/webservices/distribuicao/NFeDistribuicaoDFeSoapStub.java:[1488,65] <identifier> expected
[ERROR] /workspaces/xxxx/code_cure_agent/cca_workspace/nfe/src/main/java/com/fincatto/documentofiscal/nfe/webservices/distribuicao/NFeDistribuicaoDFeSoapStub.java:[1488,104] <identifier> expected
[ERROR] /workspaces/xxxx/code_cure_agent/cca_workspace/nfe/src/main/java/com/fincatto/documentofiscal/nfe/webservices/distribuicao/NFeDistribuicaoDFeSoapStub.java:[1490,9] class, interface, or enum expected
[ERROR] /workspaces/xxxx/code_cure_agent/cca_workspace/nfe/src/main/java/com/fincatto/documentofiscal/nfe/webservices/distribuicao/NFeDistribuicaoDFeSoapStub.java:[1490,24] class, interface, or enum expected
[ERROR] /workspaces/xxxx/code_cure_agent/cca_workspace/nfe/src/main/java/com/fincatto/documentofiscal/nfe/webservices/distribuicao/NFeDistribuicaoDFeSoapStub.java:[1492,9] class, interface, or enum expected
[ERROR] /workspaces/xxxx/code_cure_agent/cca_workspace/nfe/src/main/java/com/fincatto/documentofiscal/nfe/webservices/distribuicao/NFeDistribuicaoDFeSoapStub.java:[1494,5] class, interface, or enum expected
[ERROR] -> [Help 1]
[ERROR] 
[ERROR] To see the full stack trace of the errors, re-run Maven with the -e switch.
[ERROR] Re-run Maven using the -X switch to enable full debug logging.
[ERROR] 
[ERROR] For more information about the errors and possible solutions, please read the following articles:
[ERROR] [Help 1] http://cwiki.apache.org/confluence/display/MAVEN/MojoFailureException
