[INFO] Scanning for projects...
[INFO] ------------------------------------------------------------------------
[INFO] Reactor Build Order:
[INFO] 
[INFO] Openhtmltopdf                                                      [pom]
[INFO] Openhtmltopdf Core Renderer                                        [jar]
[INFO] Openhtmltopdf PDF Rendering (Apache PDF-BOX 2)                     [jar]
[INFO] Openhtmltopdf slf4j Support                                        [jar]
[INFO] Openhtmltopdf RTL Support                                          [jar]
[INFO] Openhtmltopdf SVG Support                                          [jar]
[INFO] Openhtmltopdf MathML Support                                       [jar]
[INFO] Openhtmltopdf Image Rendering (Java2D)                             [jar]
[INFO] Openhtmltopdf PDF Rendering (Apache PDF-BOX 2)                     [jar]
[INFO] Openhtmltopdf Latex Math Support                                   [jar]
[INFO] Openhtmltopdf Examples                                             [jar]
[INFO] Openhtmltopdf PDF/A Testing                                        [jar]
[INFO] Openhtmltopdf Templates                                            [jar]
[INFO] 
[INFO] ---------------< com.openhtmltopdf:openhtmltopdf-parent >---------------
[INFO] Building Openhtmltopdf 1.0.5-SNAPSHOT                             [1/13]
[INFO] --------------------------------[ pom ]---------------------------------
[INFO] 
[INFO] --- maven-clean-plugin:2.5:clean (default-clean) @ openhtmltopdf-parent ---
[INFO] 
[INFO] >>> maven-source-plugin:3.0.1:jar (attach-sources) > generate-sources @ openhtmltopdf-parent >>>
[INFO] 
[INFO] <<< maven-source-plugin:3.0.1:jar (attach-sources) < generate-sources @ openhtmltopdf-parent <<<
[INFO] 
[INFO] 
[INFO] --- maven-source-plugin:3.0.1:jar (attach-sources) @ openhtmltopdf-parent ---
[INFO] 
[INFO] --- maven-javadoc-plugin:3.0.1:jar (attach-javadocs) @ openhtmltopdf-parent ---
[INFO] Not executing Javadoc as the project is not a Java classpath-capable package
[INFO] 
[INFO] ----------------< com.openhtmltopdf:openhtmltopdf-core >----------------
[INFO] Building Openhtmltopdf Core Renderer 1.0.5-SNAPSHOT               [2/13]
[INFO] --------------------------------[ jar ]---------------------------------
[INFO] 
[INFO] --- maven-clean-plugin:2.5:clean (default-clean) @ openhtmltopdf-core ---
[INFO] 
[INFO] --- maven-resources-plugin:2.6:resources (default-resources) @ openhtmltopdf-core ---
[INFO] Using 'UTF-8' encoding to copy filtered resources.
[INFO] Copying 5 resources
[INFO] Copying 4 resources to META-INF
[INFO] 
[INFO] --- maven-compiler-plugin:3.3:compile (default-compile) @ openhtmltopdf-core ---
[INFO] Changes detected - recompiling the module!
[INFO] Compiling 267 source files to /workspaces/xxxx/code_cure_agent/cca_workspace/openhtmltopdf/openhtmltopdf-core/target/classes
[INFO] -------------------------------------------------------------
[ERROR] COMPILATION ERROR : 
[INFO] -------------------------------------------------------------
[ERROR] /workspaces/xxxx/code_cure_agent/cca_workspace/openhtmltopdf/openhtmltopdf-core/src/main/java/com/openhtmltopdf/render/BorderPainter.java:[377,17] class, interface, or enum expected
[ERROR] /workspaces/xxxx/code_cure_agent/cca_workspace/openhtmltopdf/openhtmltopdf-core/src/main/java/com/openhtmltopdf/render/BorderPainter.java:[379,13] class, interface, or enum expected
[ERROR] /workspaces/xxxx/code_cure_agent/cca_workspace/openhtmltopdf/openhtmltopdf-core/src/main/java/com/openhtmltopdf/render/BorderPainter.java:[385,13] class, interface, or enum expected
[ERROR] /workspaces/xxxx/code_cure_agent/cca_workspace/openhtmltopdf/openhtmltopdf-core/src/main/java/com/openhtmltopdf/render/BorderPainter.java:[396,9] class, interface, or enum expected
[ERROR] /workspaces/xxxx/code_cure_agent/cca_workspace/openhtmltopdf/openhtmltopdf-core/src/main/java/com/openhtmltopdf/render/BorderPainter.java:[397,5] class, interface, or enum expected
[ERROR] /workspaces/xxxx/code_cure_agent/cca_workspace/openhtmltopdf/openhtmltopdf-core/src/main/java/com/openhtmltopdf/render/BorderPainter.java:[403,19] class, interface, or enum expected
[ERROR] /workspaces/xxxx/code_cure_agent/cca_workspace/openhtmltopdf/openhtmltopdf-core/src/main/java/com/openhtmltopdf/render/BorderPainter.java:[403,43] class, interface, or enum expected
[ERROR] /workspaces/xxxx/code_cure_agent/cca_workspace/openhtmltopdf/openhtmltopdf-core/src/main/java/com/openhtmltopdf/render/BorderPainter.java:[404,19] class, interface, or enum expected
[ERROR] /workspaces/xxxx/code_cure_agent/cca_workspace/openhtmltopdf/openhtmltopdf-core/src/main/java/com/openhtmltopdf/render/BorderPainter.java:[404,50] class, interface, or enum expected
[ERROR] /workspaces/xxxx/code_cure_agent/cca_workspace/openhtmltopdf/openhtmltopdf-core/src/main/java/com/openhtmltopdf/render/BorderPainter.java:[405,19] class, interface, or enum expected
[ERROR] /workspaces/xxxx/code_cure_agent/cca_workspace/openhtmltopdf/openhtmltopdf-core/src/main/java/com/openhtmltopdf/render/BorderPainter.java:[405,36] class, interface, or enum expected
[ERROR] /workspaces/xxxx/code_cure_agent/cca_workspace/openhtmltopdf/openhtmltopdf-core/src/main/java/com/openhtmltopdf/render/BorderPainter.java:[408,9] class, interface, or enum expected
[ERROR] /workspaces/xxxx/code_cure_agent/cca_workspace/openhtmltopdf/openhtmltopdf-core/src/main/java/com/openhtmltopdf/render/BorderPainter.java:[409,9] class, interface, or enum expected
[ERROR] /workspaces/xxxx/code_cure_agent/cca_workspace/openhtmltopdf/openhtmltopdf-core/src/main/java/com/openhtmltopdf/render/BorderPainter.java:[411,9] class, interface, or enum expected
[ERROR] /workspaces/xxxx/code_cure_agent/cca_workspace/openhtmltopdf/openhtmltopdf-core/src/main/java/com/openhtmltopdf/render/BorderPainter.java:[412,9] class, interface, or enum expected
[ERROR] /workspaces/xxxx/code_cure_agent/cca_workspace/openhtmltopdf/openhtmltopdf-core/src/main/java/com/openhtmltopdf/render/BorderPainter.java:[414,13] class, interface, or enum expected
[ERROR] /workspaces/xxxx/code_cure_agent/cca_workspace/openhtmltopdf/openhtmltopdf-core/src/main/java/com/openhtmltopdf/render/BorderPainter.java:[417,14] class, interface, or enum expected
[ERROR] /workspaces/xxxx/code_cure_agent/cca_workspace/openhtmltopdf/openhtmltopdf-core/src/main/java/com/openhtmltopdf/render/BorderPainter.java:[419,9] class, interface, or enum expected
[ERROR] /workspaces/xxxx/code_cure_agent/cca_workspace/openhtmltopdf/openhtmltopdf-core/src/main/java/com/openhtmltopdf/render/BorderPainter.java:[421,9] class, interface, or enum expected
[ERROR] /workspaces/xxxx/code_cure_agent/cca_workspace/openhtmltopdf/openhtmltopdf-core/src/main/java/com/openhtmltopdf/render/BorderPainter.java:[425,13] class, interface, or enum expected
[ERROR] /workspaces/xxxx/code_cure_agent/cca_workspace/openhtmltopdf/openhtmltopdf-core/src/main/java/com/openhtmltopdf/render/BorderPainter.java:[426,13] class, interface, or enum expected
[ERROR] /workspaces/xxxx/code_cure_agent/cca_workspace/openhtmltopdf/openhtmltopdf-core/src/main/java/com/openhtmltopdf/render/BorderPainter.java:[428,9] class, interface, or enum expected
[ERROR] /workspaces/xxxx/code_cure_agent/cca_workspace/openhtmltopdf/openhtmltopdf-core/src/main/java/com/openhtmltopdf/render/BorderPainter.java:[430,13] class, interface, or enum expected
[ERROR] /workspaces/xxxx/code_cure_agent/cca_workspace/openhtmltopdf/openhtmltopdf-core/src/main/java/com/openhtmltopdf/render/BorderPainter.java:[431,13] class, interface, or enum expected
[ERROR] /workspaces/xxxx/code_cure_agent/cca_workspace/openhtmltopdf/openhtmltopdf-core/src/main/java/com/openhtmltopdf/render/BorderPainter.java:[433,9] class, interface, or enum expected
[ERROR] /workspaces/xxxx/code_cure_agent/cca_workspace/openhtmltopdf/openhtmltopdf-core/src/main/java/com/openhtmltopdf/render/BorderPainter.java:[435,13] class, interface, or enum expected
[ERROR] /workspaces/xxxx/code_cure_agent/cca_workspace/openhtmltopdf/openhtmltopdf-core/src/main/java/com/openhtmltopdf/render/BorderPainter.java:[436,13] class, interface, or enum expected
[ERROR] /workspaces/xxxx/code_cure_agent/cca_workspace/openhtmltopdf/openhtmltopdf-core/src/main/java/com/openhtmltopdf/render/BorderPainter.java:[438,9] class, interface, or enum expected
[ERROR] /workspaces/xxxx/code_cure_agent/cca_workspace/openhtmltopdf/openhtmltopdf-core/src/main/java/com/openhtmltopdf/render/BorderPainter.java:[440,13] class, interface, or enum expected
[ERROR] /workspaces/xxxx/code_cure_agent/cca_workspace/openhtmltopdf/openhtmltopdf-core/src/main/java/com/openhtmltopdf/render/BorderPainter.java:[441,13] class, interface, or enum expected
[ERROR] /workspaces/xxxx/code_cure_agent/cca_workspace/openhtmltopdf/openhtmltopdf-core/src/main/java/com/openhtmltopdf/render/BorderPainter.java:[443,9] class, interface, or enum expected
[ERROR] /workspaces/xxxx/code_cure_agent/cca_workspace/openhtmltopdf/openhtmltopdf-core/src/main/java/com/openhtmltopdf/render/BorderPainter.java:[447,9] class, interface, or enum expected
[ERROR] /workspaces/xxxx/code_cure_agent/cca_workspace/openhtmltopdf/openhtmltopdf-core/src/main/java/com/openhtmltopdf/render/BorderPainter.java:[449,9] class, interface, or enum expected
[ERROR] /workspaces/xxxx/code_cure_agent/cca_workspace/openhtmltopdf/openhtmltopdf-core/src/main/java/com/openhtmltopdf/render/BorderPainter.java:[452,5] class, interface, or enum expected
[ERROR] /workspaces/xxxx/code_cure_agent/cca_workspace/openhtmltopdf/openhtmltopdf-core/src/main/java/com/openhtmltopdf/render/BorderPainter.java:[455,19] class, interface, or enum expected
[ERROR] /workspaces/xxxx/code_cure_agent/cca_workspace/openhtmltopdf/openhtmltopdf-core/src/main/java/com/openhtmltopdf/render/BorderPainter.java:[455,43] class, interface, or enum expected
[ERROR] /workspaces/xxxx/code_cure_agent/cca_workspace/openhtmltopdf/openhtmltopdf-core/src/main/java/com/openhtmltopdf/render/BorderPainter.java:[456,19] class, interface, or enum expected
[ERROR] /workspaces/xxxx/code_cure_agent/cca_workspace/openhtmltopdf/openhtmltopdf-core/src/main/java/com/openhtmltopdf/render/BorderPainter.java:[456,49] class, interface, or enum expected
[ERROR] /workspaces/xxxx/code_cure_agent/cca_workspace/openhtmltopdf/openhtmltopdf-core/src/main/java/com/openhtmltopdf/render/BorderPainter.java:[457,19] class, interface, or enum expected
[ERROR] /workspaces/xxxx/code_cure_agent/cca_workspace/openhtmltopdf/openhtmltopdf-core/src/main/java/com/openhtmltopdf/render/BorderPainter.java:[457,39] class, interface, or enum expected
[ERROR] /workspaces/xxxx/code_cure_agent/cca_workspace/openhtmltopdf/openhtmltopdf-core/src/main/java/com/openhtmltopdf/render/BorderPainter.java:[458,19] class, interface, or enum expected
[ERROR] /workspaces/xxxx/code_cure_agent/cca_workspace/openhtmltopdf/openhtmltopdf-core/src/main/java/com/openhtmltopdf/render/BorderPainter.java:[461,9] class, interface, or enum expected
[ERROR] /workspaces/xxxx/code_cure_agent/cca_workspace/openhtmltopdf/openhtmltopdf-core/src/main/java/com/openhtmltopdf/render/BorderPainter.java:[463,9] class, interface, or enum expected
[ERROR] /workspaces/xxxx/code_cure_agent/cca_workspace/openhtmltopdf/openhtmltopdf-core/src/main/java/com/openhtmltopdf/render/BorderPainter.java:[465,9] class, interface, or enum expected
[ERROR] /workspaces/xxxx/code_cure_agent/cca_workspace/openhtmltopdf/openhtmltopdf-core/src/main/java/com/openhtmltopdf/render/BorderPainter.java:[467,9] class, interface, or enum expected
[ERROR] /workspaces/xxxx/code_cure_agent/cca_workspace/openhtmltopdf/openhtmltopdf-core/src/main/java/com/openhtmltopdf/render/BorderPainter.java:[471,19] class, interface, or enum expected
[ERROR] /workspaces/xxxx/code_cure_agent/cca_workspace/openhtmltopdf/openhtmltopdf-core/src/main/java/com/openhtmltopdf/render/BorderPainter.java:[471,43] class, interface, or enum expected
[ERROR] /workspaces/xxxx/code_cure_agent/cca_workspace/openhtmltopdf/openhtmltopdf-core/src/main/java/com/openhtmltopdf/render/BorderPainter.java:[472,19] class, interface, or enum expected
[ERROR] /workspaces/xxxx/code_cure_agent/cca_workspace/openhtmltopdf/openhtmltopdf-core/src/main/java/com/openhtmltopdf/render/BorderPainter.java:[472,39] class, interface, or enum expected
[ERROR] /workspaces/xxxx/code_cure_agent/cca_workspace/openhtmltopdf/openhtmltopdf-core/src/main/java/com/openhtmltopdf/render/BorderPainter.java:[472,58] class, interface, or enum expected
[ERROR] /workspaces/xxxx/code_cure_agent/cca_workspace/openhtmltopdf/openhtmltopdf-core/src/main/java/com/openhtmltopdf/render/BorderPainter.java:[478,13] class, interface, or enum expected
[ERROR] /workspaces/xxxx/code_cure_agent/cca_workspace/openhtmltopdf/openhtmltopdf-core/src/main/java/com/openhtmltopdf/render/BorderPainter.java:[480,17] class, interface, or enum expected
[ERROR] /workspaces/xxxx/code_cure_agent/cca_workspace/openhtmltopdf/openhtmltopdf-core/src/main/java/com/openhtmltopdf/render/BorderPainter.java:[481,13] class, interface, or enum expected
[ERROR] /workspaces/xxxx/code_cure_agent/cca_workspace/openhtmltopdf/openhtmltopdf-core/src/main/java/com/openhtmltopdf/render/BorderPainter.java:[484,17] class, interface, or enum expected
[ERROR] /workspaces/xxxx/code_cure_agent/cca_workspace/openhtmltopdf/openhtmltopdf-core/src/main/java/com/openhtmltopdf/render/BorderPainter.java:[485,13] class, interface, or enum expected
[ERROR] /workspaces/xxxx/code_cure_agent/cca_workspace/openhtmltopdf/openhtmltopdf-core/src/main/java/com/openhtmltopdf/render/BorderPainter.java:[488,13] class, interface, or enum expected
[ERROR] /workspaces/xxxx/code_cure_agent/cca_workspace/openhtmltopdf/openhtmltopdf-core/src/main/java/com/openhtmltopdf/render/BorderPainter.java:[490,17] class, interface, or enum expected
[ERROR] /workspaces/xxxx/code_cure_agent/cca_workspace/openhtmltopdf/openhtmltopdf-core/src/main/java/com/openhtmltopdf/render/BorderPainter.java:[491,13] class, interface, or enum expected
[ERROR] /workspaces/xxxx/code_cure_agent/cca_workspace/openhtmltopdf/openhtmltopdf-core/src/main/java/com/openhtmltopdf/render/BorderPainter.java:[494,17] class, interface, or enum expected
[ERROR] /workspaces/xxxx/code_cure_agent/cca_workspace/openhtmltopdf/openhtmltopdf-core/src/main/java/com/openhtmltopdf/render/BorderPainter.java:[495,13] class, interface, or enum expected
[ERROR] /workspaces/xxxx/code_cure_agent/cca_workspace/openhtmltopdf/openhtmltopdf-core/src/main/java/com/openhtmltopdf/render/BorderPainter.java:[498,13] class, interface, or enum expected
[ERROR] /workspaces/xxxx/code_cure_agent/cca_workspace/openhtmltopdf/openhtmltopdf-core/src/main/java/com/openhtmltopdf/render/BorderPainter.java:[500,17] class, interface, or enum expected
[ERROR] /workspaces/xxxx/code_cure_agent/cca_workspace/openhtmltopdf/openhtmltopdf-core/src/main/java/com/openhtmltopdf/render/BorderPainter.java:[501,13] class, interface, or enum expected
[ERROR] /workspaces/xxxx/code_cure_agent/cca_workspace/openhtmltopdf/openhtmltopdf-core/src/main/java/com/openhtmltopdf/render/BorderPainter.java:[504,17] class, interface, or enum expected
[ERROR] /workspaces/xxxx/code_cure_agent/cca_workspace/openhtmltopdf/openhtmltopdf-core/src/main/java/com/openhtmltopdf/render/BorderPainter.java:[505,13] class, interface, or enum expected
[ERROR] /workspaces/xxxx/code_cure_agent/cca_workspace/openhtmltopdf/openhtmltopdf-core/src/main/java/com/openhtmltopdf/render/BorderPainter.java:[508,13] class, interface, or enum expected
[ERROR] /workspaces/xxxx/code_cure_agent/cca_workspace/openhtmltopdf/openhtmltopdf-core/src/main/java/com/openhtmltopdf/render/BorderPainter.java:[510,17] class, interface, or enum expected
[ERROR] /workspaces/xxxx/code_cure_agent/cca_workspace/openhtmltopdf/openhtmltopdf-core/src/main/java/com/openhtmltopdf/render/BorderPainter.java:[511,13] class, interface, or enum expected
[ERROR] /workspaces/xxxx/code_cure_agent/cca_workspace/openhtmltopdf/openhtmltopdf-core/src/main/java/com/openhtmltopdf/render/BorderPainter.java:[514,17] class, interface, or enum expected
[ERROR] /workspaces/xxxx/code_cure_agent/cca_workspace/openhtmltopdf/openhtmltopdf-core/src/main/java/com/openhtmltopdf/render/BorderPainter.java:[515,13] class, interface, or enum expected
[INFO] 70 errors 
[INFO] -------------------------------------------------------------
[INFO] ------------------------------------------------------------------------
[INFO] Reactor Summary for Openhtmltopdf 1.0.5-SNAPSHOT:
[INFO] 
[INFO] Openhtmltopdf ...................................... SUCCESS [  0.881 s]
[INFO] Openhtmltopdf Core Renderer ........................ FAILURE [  0.994 s]
[INFO] Openhtmltopdf PDF Rendering (Apache PDF-BOX 2) ..... SKIPPED
[INFO] Openhtmltopdf slf4j Support ........................ SKIPPED
[INFO] Openhtmltopdf RTL Support .......................... SKIPPED
[INFO] Openhtmltopdf SVG Support .......................... SKIPPED
[INFO] Openhtmltopdf MathML Support ....................... SKIPPED
[INFO] Openhtmltopdf Image Rendering (Java2D) ............. SKIPPED
[INFO] Openhtmltopdf PDF Rendering (Apache PDF-BOX 2) ..... SKIPPED
[INFO] Openhtmltopdf Latex Math Support ................... SKIPPED
[INFO] Openhtmltopdf Examples ............................. SKIPPED
[INFO] Openhtmltopdf PDF/A Testing ........................ SKIPPED
[INFO] Openhtmltopdf Templates ............................ SKIPPED
[INFO] ------------------------------------------------------------------------
[INFO] BUILD FAILURE
[INFO] ------------------------------------------------------------------------
[INFO] Total time:  2.015 s
[INFO] Finished at: 2025-08-20T18:47:19Z
[INFO] ------------------------------------------------------------------------
[ERROR] Failed to execute goal org.apache.maven.plugins:maven-compiler-plugin:3.3:compile (default-compile) on project openhtmltopdf-core: Compilation failure: Compilation failure: 
[ERROR] /workspaces/xxxx/code_cure_agent/cca_workspace/openhtmltopdf/openhtmltopdf-core/src/main/java/com/openhtmltopdf/render/BorderPainter.java:[377,17] class, interface, or enum expected
[ERROR] /workspaces/xxxx/code_cure_agent/cca_workspace/openhtmltopdf/openhtmltopdf-core/src/main/java/com/openhtmltopdf/render/BorderPainter.java:[379,13] class, interface, or enum expected
[ERROR] /workspaces/xxxx/code_cure_agent/cca_workspace/openhtmltopdf/openhtmltopdf-core/src/main/java/com/openhtmltopdf/render/BorderPainter.java:[385,13] class, interface, or enum expected
[ERROR] /workspaces/xxxx/code_cure_agent/cca_workspace/openhtmltopdf/openhtmltopdf-core/src/main/java/com/openhtmltopdf/render/BorderPainter.java:[396,9] class, interface, or enum expected
[ERROR] /workspaces/xxxx/code_cure_agent/cca_workspace/openhtmltopdf/openhtmltopdf-core/src/main/java/com/openhtmltopdf/render/BorderPainter.java:[397,5] class, interface, or enum expected
[ERROR] /workspaces/xxxx/code_cure_agent/cca_workspace/openhtmltopdf/openhtmltopdf-core/src/main/java/com/openhtmltopdf/render/BorderPainter.java:[403,19] class, interface, or enum expected
[ERROR] /workspaces/xxxx/code_cure_agent/cca_workspace/openhtmltopdf/openhtmltopdf-core/src/main/java/com/openhtmltopdf/render/BorderPainter.java:[403,43] class, interface, or enum expected
[ERROR] /workspaces/xxxx/code_cure_agent/cca_workspace/openhtmltopdf/openhtmltopdf-core/src/main/java/com/openhtmltopdf/render/BorderPainter.java:[404,19] class, interface, or enum expected
[ERROR] /workspaces/xxxx/code_cure_agent/cca_workspace/openhtmltopdf/openhtmltopdf-core/src/main/java/com/openhtmltopdf/render/BorderPainter.java:[404,50] class, interface, or enum expected
[ERROR] /workspaces/xxxx/code_cure_agent/cca_workspace/openhtmltopdf/openhtmltopdf-core/src/main/java/com/openhtmltopdf/render/BorderPainter.java:[405,19] class, interface, or enum expected
[ERROR] /workspaces/xxxx/code_cure_agent/cca_workspace/openhtmltopdf/openhtmltopdf-core/src/main/java/com/openhtmltopdf/render/BorderPainter.java:[405,36] class, interface, or enum expected
[ERROR] /workspaces/xxxx/code_cure_agent/cca_workspace/openhtmltopdf/openhtmltopdf-core/src/main/java/com/openhtmltopdf/render/BorderPainter.java:[408,9] class, interface, or enum expected
[ERROR] /workspaces/xxxx/code_cure_agent/cca_workspace/openhtmltopdf/openhtmltopdf-core/src/main/java/com/openhtmltopdf/render/BorderPainter.java:[409,9] class, interface, or enum expected
[ERROR] /workspaces/xxxx/code_cure_agent/cca_workspace/openhtmltopdf/openhtmltopdf-core/src/main/java/com/openhtmltopdf/render/BorderPainter.java:[411,9] class, interface, or enum expected
[ERROR] /workspaces/xxxx/code_cure_agent/cca_workspace/openhtmltopdf/openhtmltopdf-core/src/main/java/com/openhtmltopdf/render/BorderPainter.java:[412,9] class, interface, or enum expected
[ERROR] /workspaces/xxxx/code_cure_agent/cca_workspace/openhtmltopdf/openhtmltopdf-core/src/main/java/com/openhtmltopdf/render/BorderPainter.java:[414,13] class, interface, or enum expected
[ERROR] /workspaces/xxxx/code_cure_agent/cca_workspace/openhtmltopdf/openhtmltopdf-core/src/main/java/com/openhtmltopdf/render/BorderPainter.java:[417,14] class, interface, or enum expected
[ERROR] /workspaces/xxxx/code_cure_agent/cca_workspace/openhtmltopdf/openhtmltopdf-core/src/main/java/com/openhtmltopdf/render/BorderPainter.java:[419,9] class, interface, or enum expected
[ERROR] /workspaces/xxxx/code_cure_agent/cca_workspace/openhtmltopdf/openhtmltopdf-core/src/main/java/com/openhtmltopdf/render/BorderPainter.java:[421,9] class, interface, or enum expected
[ERROR] /workspaces/xxxx/code_cure_agent/cca_workspace/openhtmltopdf/openhtmltopdf-core/src/main/java/com/openhtmltopdf/render/BorderPainter.java:[425,13] class, interface, or enum expected
[ERROR] /workspaces/xxxx/code_cure_agent/cca_workspace/openhtmltopdf/openhtmltopdf-core/src/main/java/com/openhtmltopdf/render/BorderPainter.java:[426,13] class, interface, or enum expected
[ERROR] /workspaces/xxxx/code_cure_agent/cca_workspace/openhtmltopdf/openhtmltopdf-core/src/main/java/com/openhtmltopdf/render/BorderPainter.java:[428,9] class, interface, or enum expected
[ERROR] /workspaces/xxxx/code_cure_agent/cca_workspace/openhtmltopdf/openhtmltopdf-core/src/main/java/com/openhtmltopdf/render/BorderPainter.java:[430,13] class, interface, or enum expected
[ERROR] /workspaces/xxxx/code_cure_agent/cca_workspace/openhtmltopdf/openhtmltopdf-core/src/main/java/com/openhtmltopdf/render/BorderPainter.java:[431,13] class, interface, or enum expected
[ERROR] /workspaces/xxxx/code_cure_agent/cca_workspace/openhtmltopdf/openhtmltopdf-core/src/main/java/com/openhtmltopdf/render/BorderPainter.java:[433,9] class, interface, or enum expected
[ERROR] /workspaces/xxxx/code_cure_agent/cca_workspace/openhtmltopdf/openhtmltopdf-core/src/main/java/com/openhtmltopdf/render/BorderPainter.java:[435,13] class, interface, or enum expected
[ERROR] /workspaces/xxxx/code_cure_agent/cca_workspace/openhtmltopdf/openhtmltopdf-core/src/main/java/com/openhtmltopdf/render/BorderPainter.java:[436,13] class, interface, or enum expected
[ERROR] /workspaces/xxxx/code_cure_agent/cca_workspace/openhtmltopdf/openhtmltopdf-core/src/main/java/com/openhtmltopdf/render/BorderPainter.java:[438,9] class, interface, or enum expected
[ERROR] /workspaces/xxxx/code_cure_agent/cca_workspace/openhtmltopdf/openhtmltopdf-core/src/main/java/com/openhtmltopdf/render/BorderPainter.java:[440,13] class, interface, or enum expected
[ERROR] /workspaces/xxxx/code_cure_agent/cca_workspace/openhtmltopdf/openhtmltopdf-core/src/main/java/com/openhtmltopdf/render/BorderPainter.java:[441,13] class, interface, or enum expected
[ERROR] /workspaces/xxxx/code_cure_agent/cca_workspace/openhtmltopdf/openhtmltopdf-core/src/main/java/com/openhtmltopdf/render/BorderPainter.java:[443,9] class, interface, or enum expected
[ERROR] /workspaces/xxxx/code_cure_agent/cca_workspace/openhtmltopdf/openhtmltopdf-core/src/main/java/com/openhtmltopdf/render/BorderPainter.java:[447,9] class, interface, or enum expected
[ERROR] /workspaces/xxxx/code_cure_agent/cca_workspace/openhtmltopdf/openhtmltopdf-core/src/main/java/com/openhtmltopdf/render/BorderPainter.java:[449,9] class, interface, or enum expected
[ERROR] /workspaces/xxxx/code_cure_agent/cca_workspace/openhtmltopdf/openhtmltopdf-core/src/main/java/com/openhtmltopdf/render/BorderPainter.java:[452,5] class, interface, or enum expected
[ERROR] /workspaces/xxxx/code_cure_agent/cca_workspace/openhtmltopdf/openhtmltopdf-core/src/main/java/com/openhtmltopdf/render/BorderPainter.java:[455,19] class, interface, or enum expected
[ERROR] /workspaces/xxxx/code_cure_agent/cca_workspace/openhtmltopdf/openhtmltopdf-core/src/main/java/com/openhtmltopdf/render/BorderPainter.java:[455,43] class, interface, or enum expected
[ERROR] /workspaces/xxxx/code_cure_agent/cca_workspace/openhtmltopdf/openhtmltopdf-core/src/main/java/com/openhtmltopdf/render/BorderPainter.java:[456,19] class, interface, or enum expected
[ERROR] /workspaces/xxxx/code_cure_agent/cca_workspace/openhtmltopdf/openhtmltopdf-core/src/main/java/com/openhtmltopdf/render/BorderPainter.java:[456,49] class, interface, or enum expected
[ERROR] /workspaces/xxxx/code_cure_agent/cca_workspace/openhtmltopdf/openhtmltopdf-core/src/main/java/com/openhtmltopdf/render/BorderPainter.java:[457,19] class, interface, or enum expected
[ERROR] /workspaces/xxxx/code_cure_agent/cca_workspace/openhtmltopdf/openhtmltopdf-core/src/main/java/com/openhtmltopdf/render/BorderPainter.java:[457,39] class, interface, or enum expected
[ERROR] /workspaces/xxxx/code_cure_agent/cca_workspace/openhtmltopdf/openhtmltopdf-core/src/main/java/com/openhtmltopdf/render/BorderPainter.java:[458,19] class, interface, or enum expected
[ERROR] /workspaces/xxxx/code_cure_agent/cca_workspace/openhtmltopdf/openhtmltopdf-core/src/main/java/com/openhtmltopdf/render/BorderPainter.java:[461,9] class, interface, or enum expected
[ERROR] /workspaces/xxxx/code_cure_agent/cca_workspace/openhtmltopdf/openhtmltopdf-core/src/main/java/com/openhtmltopdf/render/BorderPainter.java:[463,9] class, interface, or enum expected
[ERROR] /workspaces/xxxx/code_cure_agent/cca_workspace/openhtmltopdf/openhtmltopdf-core/src/main/java/com/openhtmltopdf/render/BorderPainter.java:[465,9] class, interface, or enum expected
[ERROR] /workspaces/xxxx/code_cure_agent/cca_workspace/openhtmltopdf/openhtmltopdf-core/src/main/java/com/openhtmltopdf/render/BorderPainter.java:[467,9] class, interface, or enum expected
[ERROR] /workspaces/xxxx/code_cure_agent/cca_workspace/openhtmltopdf/openhtmltopdf-core/src/main/java/com/openhtmltopdf/render/BorderPainter.java:[471,19] class, interface, or enum expected
[ERROR] /workspaces/xxxx/code_cure_agent/cca_workspace/openhtmltopdf/openhtmltopdf-core/src/main/java/com/openhtmltopdf/render/BorderPainter.java:[471,43] class, interface, or enum expected
[ERROR] /workspaces/xxxx/code_cure_agent/cca_workspace/openhtmltopdf/openhtmltopdf-core/src/main/java/com/openhtmltopdf/render/BorderPainter.java:[472,19] class, interface, or enum expected
[ERROR] /workspaces/xxxx/code_cure_agent/cca_workspace/openhtmltopdf/openhtmltopdf-core/src/main/java/com/openhtmltopdf/render/BorderPainter.java:[472,39] class, interface, or enum expected
[ERROR] /workspaces/xxxx/code_cure_agent/cca_workspace/openhtmltopdf/openhtmltopdf-core/src/main/java/com/openhtmltopdf/render/BorderPainter.java:[472,58] class, interface, or enum expected
[ERROR] /workspaces/xxxx/code_cure_agent/cca_workspace/openhtmltopdf/openhtmltopdf-core/src/main/java/com/openhtmltopdf/render/BorderPainter.java:[478,13] class, interface, or enum expected
[ERROR] /workspaces/xxxx/code_cure_agent/cca_workspace/openhtmltopdf/openhtmltopdf-core/src/main/java/com/openhtmltopdf/render/BorderPainter.java:[480,17] class, interface, or enum expected
[ERROR] /workspaces/xxxx/code_cure_agent/cca_workspace/openhtmltopdf/openhtmltopdf-core/src/main/java/com/openhtmltopdf/render/BorderPainter.java:[481,13] class, interface, or enum expected
[ERROR] /workspaces/xxxx/code_cure_agent/cca_workspace/openhtmltopdf/openhtmltopdf-core/src/main/java/com/openhtmltopdf/render/BorderPainter.java:[484,17] class, interface, or enum expected
[ERROR] /workspaces/xxxx/code_cure_agent/cca_workspace/openhtmltopdf/openhtmltopdf-core/src/main/java/com/openhtmltopdf/render/BorderPainter.java:[485,13] class, interface, or enum expected
[ERROR] /workspaces/xxxx/code_cure_agent/cca_workspace/openhtmltopdf/openhtmltopdf-core/src/main/java/com/openhtmltopdf/render/BorderPainter.java:[488,13] class, interface, or enum expected
[ERROR] /workspaces/xxxx/code_cure_agent/cca_workspace/openhtmltopdf/openhtmltopdf-core/src/main/java/com/openhtmltopdf/render/BorderPainter.java:[490,17] class, interface, or enum expected
[ERROR] /workspaces/xxxx/code_cure_agent/cca_workspace/openhtmltopdf/openhtmltopdf-core/src/main/java/com/openhtmltopdf/render/BorderPainter.java:[491,13] class, interface, or enum expected
[ERROR] /workspaces/xxxx/code_cure_agent/cca_workspace/openhtmltopdf/openhtmltopdf-core/src/main/java/com/openhtmltopdf/render/BorderPainter.java:[494,17] class, interface, or enum expected
[ERROR] /workspaces/xxxx/code_cure_agent/cca_workspace/openhtmltopdf/openhtmltopdf-core/src/main/java/com/openhtmltopdf/render/BorderPainter.java:[495,13] class, interface, or enum expected
[ERROR] /workspaces/xxxx/code_cure_agent/cca_workspace/openhtmltopdf/openhtmltopdf-core/src/main/java/com/openhtmltopdf/render/BorderPainter.java:[498,13] class, interface, or enum expected
[ERROR] /workspaces/xxxx/code_cure_agent/cca_workspace/openhtmltopdf/openhtmltopdf-core/src/main/java/com/openhtmltopdf/render/BorderPainter.java:[500,17] class, interface, or enum expected
[ERROR] /workspaces/xxxx/code_cure_agent/cca_workspace/openhtmltopdf/openhtmltopdf-core/src/main/java/com/openhtmltopdf/render/BorderPainter.java:[501,13] class, interface, or enum expected
[ERROR] /workspaces/xxxx/code_cure_agent/cca_workspace/openhtmltopdf/openhtmltopdf-core/src/main/java/com/openhtmltopdf/render/BorderPainter.java:[504,17] class, interface, or enum expected
[ERROR] /workspaces/xxxx/code_cure_agent/cca_workspace/openhtmltopdf/openhtmltopdf-core/src/main/java/com/openhtmltopdf/render/BorderPainter.java:[505,13] class, interface, or enum expected
[ERROR] /workspaces/xxxx/code_cure_agent/cca_workspace/openhtmltopdf/openhtmltopdf-core/src/main/java/com/openhtmltopdf/render/BorderPainter.java:[508,13] class, interface, or enum expected
[ERROR] /workspaces/xxxx/code_cure_agent/cca_workspace/openhtmltopdf/openhtmltopdf-core/src/main/java/com/openhtmltopdf/render/BorderPainter.java:[510,17] class, interface, or enum expected
[ERROR] /workspaces/xxxx/code_cure_agent/cca_workspace/openhtmltopdf/openhtmltopdf-core/src/main/java/com/openhtmltopdf/render/BorderPainter.java:[511,13] class, interface, or enum expected
[ERROR] /workspaces/xxxx/code_cure_agent/cca_workspace/openhtmltopdf/openhtmltopdf-core/src/main/java/com/openhtmltopdf/render/BorderPainter.java:[514,17] class, interface, or enum expected
[ERROR] /workspaces/xxxx/code_cure_agent/cca_workspace/openhtmltopdf/openhtmltopdf-core/src/main/java/com/openhtmltopdf/render/BorderPainter.java:[515,13] class, interface, or enum expected
[ERROR] -> [Help 1]
[ERROR] 
[ERROR] To see the full stack trace of the errors, re-run Maven with the -e switch.
[ERROR] Re-run Maven using the -X switch to enable full debug logging.
[ERROR] 
[ERROR] For more information about the errors and possible solutions, please read the following articles:
[ERROR] [Help 1] http://cwiki.apache.org/confluence/display/MAVEN/MojoFailureException
[ERROR] 
[ERROR] After correcting the problems, you can resume the build with the command
[ERROR]   mvn <args> -rf :openhtmltopdf-core
