[INFO] Scanning for projects...
[INFO] ------------------------------------------------------------------------
[INFO] Reactor Build Order:
[INFO] 
[INFO] protostuff                                                         [pom]
[INFO] protostuff :: api                                                  [jar]
[INFO] protostuff :: core                                                 [jar]
[INFO] protostuff :: collectionschema                                     [jar]
[INFO] protostuff :: runtime                                              [jar]
[INFO] protostuff :: runtime-md                                           [jar]
[INFO] protostuff :: runtime-registry                                     [jar]
[INFO] protostuff :: runtime-view                                         [jar]
[INFO] protostuff :: json                                                 [jar]
[INFO] protostuff :: msgpack                                              [jar]
[INFO] protostuff :: xml                                                  [jar]
[INFO] protostuff :: yaml                                                 [jar]
[INFO] protostuff :: kvp                                                  [jar]
[INFO] protostuff :: parser                                               [jar]
[INFO] protostuff :: compiler                                             [jar]
[INFO] protostuff :: maven-plugin                                [maven-plugin]
[INFO] protostuff :: uberjar                                              [jar]
[INFO] protostuff :: it                                                   [jar]
[INFO] protostuff :: bom                                                  [pom]
[INFO] protostuff :: benchmarks                                           [jar]
[INFO] 
[INFO] ----------------------< io.protostuff:protostuff >----------------------
[INFO] Building protostuff 1.8.0-SNAPSHOT                                [1/20]
[INFO] --------------------------------[ pom ]---------------------------------
[INFO] 
[INFO] --- maven-clean-plugin:2.5:clean (default-clean) @ protostuff ---
[INFO] 
[INFO] --- maven-enforcer-plugin:1.3.1:enforce (enforce-versions) @ protostuff ---
[INFO] 
[INFO] >>> maven-source-plugin:2.4:jar (attach-sources) > generate-sources @ protostuff >>>
[INFO] 
[INFO] --- maven-enforcer-plugin:1.3.1:enforce (enforce-versions) @ protostuff ---
[INFO] 
[INFO] <<< maven-source-plugin:2.4:jar (attach-sources) < generate-sources @ protostuff <<<
[INFO] 
[INFO] 
[INFO] --- maven-source-plugin:2.4:jar (attach-sources) @ protostuff ---
[INFO] 
[INFO] --- maven-javadoc-plugin:2.10.1:jar (attach-javadocs) @ protostuff ---
[INFO] Not executing Javadoc as the project is not a Java classpath-capable package
[INFO] 
[INFO] --------------------< io.protostuff:protostuff-api >--------------------
[INFO] Building protostuff :: api 1.8.0-SNAPSHOT                         [2/20]
[INFO] --------------------------------[ jar ]---------------------------------
[INFO] 
[INFO] --- maven-clean-plugin:2.5:clean (default-clean) @ protostuff-api ---
[INFO] Deleting /workspaces/xxxx/code_cure_agent/cca_workspace/protostuff/protostuff-api/target
[INFO] 
[INFO] --- maven-enforcer-plugin:1.3.1:enforce (enforce-versions) @ protostuff-api ---
[INFO] 
[INFO] --- maven-resources-plugin:2.6:resources (default-resources) @ protostuff-api ---
[INFO] Using 'UTF-8' encoding to copy filtered resources.
[INFO] skip non existing resourceDirectory /workspaces/xxxx/code_cure_agent/cca_workspace/protostuff/protostuff-api/src/main/resources
[INFO] 
[INFO] --- maven-compiler-plugin:3.1:compile (default-compile) @ protostuff-api ---
[INFO] Changes detected - recompiling the module!
[INFO] Compiling 33 source files to /workspaces/xxxx/code_cure_agent/cca_workspace/protostuff/protostuff-api/target/classes
[INFO] -------------------------------------------------------------
[ERROR] COMPILATION ERROR : 
[INFO] -------------------------------------------------------------
[ERROR] /workspaces/xxxx/code_cure_agent/cca_workspace/protostuff/protostuff-api/src/main/java/io/protostuff/StringSerializer.java:[437,24] ']' expected
[ERROR] /workspaces/xxxx/code_cure_agent/cca_workspace/protostuff/protostuff-api/src/main/java/io/protostuff/StringSerializer.java:[437,30] ';' expected
[ERROR] /workspaces/xxxx/code_cure_agent/cca_workspace/protostuff/protostuff-api/src/main/java/io/protostuff/StringSerializer.java:[437,41] <identifier> expected
[ERROR] /workspaces/xxxx/code_cure_agent/cca_workspace/protostuff/protostuff-api/src/main/java/io/protostuff/StringSerializer.java:[437,54] <identifier> expected
[ERROR] /workspaces/xxxx/code_cure_agent/cca_workspace/protostuff/protostuff-api/src/main/java/io/protostuff/StringSerializer.java:[439,9] class, interface, or enum expected
[ERROR] /workspaces/xxxx/code_cure_agent/cca_workspace/protostuff/protostuff-api/src/main/java/io/protostuff/StringSerializer.java:[445,41] class, interface, or enum expected
[ERROR] /workspaces/xxxx/code_cure_agent/cca_workspace/protostuff/protostuff-api/src/main/java/io/protostuff/StringSerializer.java:[445,72] class, interface, or enum expected
[ERROR] /workspaces/xxxx/code_cure_agent/cca_workspace/protostuff/protostuff-api/src/main/java/io/protostuff/StringSerializer.java:[446,19] class, interface, or enum expected
[ERROR] /workspaces/xxxx/code_cure_agent/cca_workspace/protostuff/protostuff-api/src/main/java/io/protostuff/StringSerializer.java:[446,47] class, interface, or enum expected
[ERROR] /workspaces/xxxx/code_cure_agent/cca_workspace/protostuff/protostuff-api/src/main/java/io/protostuff/StringSerializer.java:[448,15] class, interface, or enum expected
[ERROR] /workspaces/xxxx/code_cure_agent/cca_workspace/protostuff/protostuff-api/src/main/java/io/protostuff/StringSerializer.java:[449,9] class, interface, or enum expected
[ERROR] /workspaces/xxxx/code_cure_agent/cca_workspace/protostuff/protostuff-api/src/main/java/io/protostuff/StringSerializer.java:[449,78] class, interface, or enum expected
[ERROR] /workspaces/xxxx/code_cure_agent/cca_workspace/protostuff/protostuff-api/src/main/java/io/protostuff/StringSerializer.java:[454,13] class, interface, or enum expected
[ERROR] /workspaces/xxxx/code_cure_agent/cca_workspace/protostuff/protostuff-api/src/main/java/io/protostuff/StringSerializer.java:[457,17] class, interface, or enum expected
[ERROR] /workspaces/xxxx/code_cure_agent/cca_workspace/protostuff/protostuff-api/src/main/java/io/protostuff/StringSerializer.java:[458,17] class, interface, or enum expected
[ERROR] /workspaces/xxxx/code_cure_agent/cca_workspace/protostuff/protostuff-api/src/main/java/io/protostuff/StringSerializer.java:[459,13] class, interface, or enum expected
[ERROR] /workspaces/xxxx/code_cure_agent/cca_workspace/protostuff/protostuff-api/src/main/java/io/protostuff/StringSerializer.java:[466,21] class, interface, or enum expected
[ERROR] /workspaces/xxxx/code_cure_agent/cca_workspace/protostuff/protostuff-api/src/main/java/io/protostuff/StringSerializer.java:[467,21] class, interface, or enum expected
[ERROR] /workspaces/xxxx/code_cure_agent/cca_workspace/protostuff/protostuff-api/src/main/java/io/protostuff/StringSerializer.java:[468,17] class, interface, or enum expected
[ERROR] /workspaces/xxxx/code_cure_agent/cca_workspace/protostuff/protostuff-api/src/main/java/io/protostuff/StringSerializer.java:[471,17] class, interface, or enum expected
[ERROR] /workspaces/xxxx/code_cure_agent/cca_workspace/protostuff/protostuff-api/src/main/java/io/protostuff/StringSerializer.java:[472,13] class, interface, or enum expected
[ERROR] /workspaces/xxxx/code_cure_agent/cca_workspace/protostuff/protostuff-api/src/main/java/io/protostuff/StringSerializer.java:[477,17] class, interface, or enum expected
[ERROR] /workspaces/xxxx/code_cure_agent/cca_workspace/protostuff/protostuff-api/src/main/java/io/protostuff/StringSerializer.java:[480,21] class, interface, or enum expected
[ERROR] /workspaces/xxxx/code_cure_agent/cca_workspace/protostuff/protostuff-api/src/main/java/io/protostuff/StringSerializer.java:[481,21] class, interface, or enum expected
[ERROR] /workspaces/xxxx/code_cure_agent/cca_workspace/protostuff/protostuff-api/src/main/java/io/protostuff/StringSerializer.java:[482,17] class, interface, or enum expected
[ERROR] /workspaces/xxxx/code_cure_agent/cca_workspace/protostuff/protostuff-api/src/main/java/io/protostuff/StringSerializer.java:[485,17] class, interface, or enum expected
[ERROR] /workspaces/xxxx/code_cure_agent/cca_workspace/protostuff/protostuff-api/src/main/java/io/protostuff/StringSerializer.java:[486,17] class, interface, or enum expected
[ERROR] /workspaces/xxxx/code_cure_agent/cca_workspace/protostuff/protostuff-api/src/main/java/io/protostuff/StringSerializer.java:[487,17] class, interface, or enum expected
[ERROR] /workspaces/xxxx/code_cure_agent/cca_workspace/protostuff/protostuff-api/src/main/java/io/protostuff/StringSerializer.java:[488,17] class, interface, or enum expected
[ERROR] /workspaces/xxxx/code_cure_agent/cca_workspace/protostuff/protostuff-api/src/main/java/io/protostuff/StringSerializer.java:[490,17] class, interface, or enum expected
[ERROR] /workspaces/xxxx/code_cure_agent/cca_workspace/protostuff/protostuff-api/src/main/java/io/protostuff/StringSerializer.java:[491,13] class, interface, or enum expected
[ERROR] /workspaces/xxxx/code_cure_agent/cca_workspace/protostuff/protostuff-api/src/main/java/io/protostuff/StringSerializer.java:[495,17] class, interface, or enum expected
[ERROR] /workspaces/xxxx/code_cure_agent/cca_workspace/protostuff/protostuff-api/src/main/java/io/protostuff/StringSerializer.java:[498,21] class, interface, or enum expected
[ERROR] /workspaces/xxxx/code_cure_agent/cca_workspace/protostuff/protostuff-api/src/main/java/io/protostuff/StringSerializer.java:[499,21] class, interface, or enum expected
[ERROR] /workspaces/xxxx/code_cure_agent/cca_workspace/protostuff/protostuff-api/src/main/java/io/protostuff/StringSerializer.java:[500,17] class, interface, or enum expected
[ERROR] /workspaces/xxxx/code_cure_agent/cca_workspace/protostuff/protostuff-api/src/main/java/io/protostuff/StringSerializer.java:[503,17] class, interface, or enum expected
[ERROR] /workspaces/xxxx/code_cure_agent/cca_workspace/protostuff/protostuff-api/src/main/java/io/protostuff/StringSerializer.java:[504,17] class, interface, or enum expected
[ERROR] /workspaces/xxxx/code_cure_agent/cca_workspace/protostuff/protostuff-api/src/main/java/io/protostuff/StringSerializer.java:[505,13] class, interface, or enum expected
[ERROR] /workspaces/xxxx/code_cure_agent/cca_workspace/protostuff/protostuff-api/src/main/java/io/protostuff/StringSerializer.java:[512,19] class, interface, or enum expected
[ERROR] /workspaces/xxxx/code_cure_agent/cca_workspace/protostuff/protostuff-api/src/main/java/io/protostuff/StringSerializer.java:[512,48] class, interface, or enum expected
[ERROR] /workspaces/xxxx/code_cure_agent/cca_workspace/protostuff/protostuff-api/src/main/java/io/protostuff/StringSerializer.java:[512,72] class, interface, or enum expected
[ERROR] /workspaces/xxxx/code_cure_agent/cca_workspace/protostuff/protostuff-api/src/main/java/io/protostuff/StringSerializer.java:[513,19] class, interface, or enum expected
[ERROR] /workspaces/xxxx/code_cure_agent/cca_workspace/protostuff/protostuff-api/src/main/java/io/protostuff/StringSerializer.java:[515,15] class, interface, or enum expected
[ERROR] /workspaces/xxxx/code_cure_agent/cca_workspace/protostuff/protostuff-api/src/main/java/io/protostuff/StringSerializer.java:[516,9] class, interface, or enum expected
[ERROR] /workspaces/xxxx/code_cure_agent/cca_workspace/protostuff/protostuff-api/src/main/java/io/protostuff/StringSerializer.java:[519,9] class, interface, or enum expected
[ERROR] /workspaces/xxxx/code_cure_agent/cca_workspace/protostuff/protostuff-api/src/main/java/io/protostuff/StringSerializer.java:[521,5] class, interface, or enum expected
[ERROR] /workspaces/xxxx/code_cure_agent/cca_workspace/protostuff/protostuff-api/src/main/java/io/protostuff/StringSerializer.java:[528,19] class, interface, or enum expected
[ERROR] /workspaces/xxxx/code_cure_agent/cca_workspace/protostuff/protostuff-api/src/main/java/io/protostuff/StringSerializer.java:[528,49] class, interface, or enum expected
[ERROR] /workspaces/xxxx/code_cure_agent/cca_workspace/protostuff/protostuff-api/src/main/java/io/protostuff/StringSerializer.java:[528,73] class, interface, or enum expected
[ERROR] /workspaces/xxxx/code_cure_agent/cca_workspace/protostuff/protostuff-api/src/main/java/io/protostuff/StringSerializer.java:[531,15] class, interface, or enum expected
[ERROR] /workspaces/xxxx/code_cure_agent/cca_workspace/protostuff/protostuff-api/src/main/java/io/protostuff/StringSerializer.java:[532,9] class, interface, or enum expected
[ERROR] /workspaces/xxxx/code_cure_agent/cca_workspace/protostuff/protostuff-api/src/main/java/io/protostuff/StringSerializer.java:[535,9] class, interface, or enum expected
[ERROR] /workspaces/xxxx/code_cure_agent/cca_workspace/protostuff/protostuff-api/src/main/java/io/protostuff/StringSerializer.java:[536,9] class, interface, or enum expected
[ERROR] /workspaces/xxxx/code_cure_agent/cca_workspace/protostuff/protostuff-api/src/main/java/io/protostuff/StringSerializer.java:[539,9] class, interface, or enum expected
[ERROR] /workspaces/xxxx/code_cure_agent/cca_workspace/protostuff/protostuff-api/src/main/java/io/protostuff/StringSerializer.java:[541,9] class, interface, or enum expected
[ERROR] /workspaces/xxxx/code_cure_agent/cca_workspace/protostuff/protostuff-api/src/main/java/io/protostuff/StringSerializer.java:[544,29] class, interface, or enum expected
[ERROR] /workspaces/xxxx/code_cure_agent/cca_workspace/protostuff/protostuff-api/src/main/java/io/protostuff/StringSerializer.java:[544,38] class, interface, or enum expected
[ERROR] /workspaces/xxxx/code_cure_agent/cca_workspace/protostuff/protostuff-api/src/main/java/io/protostuff/StringSerializer.java:[551,21] class, interface, or enum expected
[ERROR] /workspaces/xxxx/code_cure_agent/cca_workspace/protostuff/protostuff-api/src/main/java/io/protostuff/StringSerializer.java:[552,21] class, interface, or enum expected
[ERROR] /workspaces/xxxx/code_cure_agent/cca_workspace/protostuff/protostuff-api/src/main/java/io/protostuff/StringSerializer.java:[553,21] class, interface, or enum expected
[ERROR] /workspaces/xxxx/code_cure_agent/cca_workspace/protostuff/protostuff-api/src/main/java/io/protostuff/StringSerializer.java:[555,21] class, interface, or enum expected
[ERROR] /workspaces/xxxx/code_cure_agent/cca_workspace/protostuff/protostuff-api/src/main/java/io/protostuff/StringSerializer.java:[556,17] class, interface, or enum expected
[ERROR] /workspaces/xxxx/code_cure_agent/cca_workspace/protostuff/protostuff-api/src/main/java/io/protostuff/StringSerializer.java:[558,13] class, interface, or enum expected
[ERROR] /workspaces/xxxx/code_cure_agent/cca_workspace/protostuff/protostuff-api/src/main/java/io/protostuff/StringSerializer.java:[563,29] class, interface, or enum expected
[ERROR] /workspaces/xxxx/code_cure_agent/cca_workspace/protostuff/protostuff-api/src/main/java/io/protostuff/StringSerializer.java:[563,38] class, interface, or enum expected
[ERROR] /workspaces/xxxx/code_cure_agent/cca_workspace/protostuff/protostuff-api/src/main/java/io/protostuff/StringSerializer.java:[565,9] class, interface, or enum expected
[ERROR] /workspaces/xxxx/code_cure_agent/cca_workspace/protostuff/protostuff-api/src/main/java/io/protostuff/StringSerializer.java:[569,9] class, interface, or enum expected
[ERROR] /workspaces/xxxx/code_cure_agent/cca_workspace/protostuff/protostuff-api/src/main/java/io/protostuff/StringSerializer.java:[570,5] class, interface, or enum expected
[ERROR] /workspaces/xxxx/code_cure_agent/cca_workspace/protostuff/protostuff-api/src/main/java/io/protostuff/StringSerializer.java:[572,42] class, interface, or enum expected
[ERROR] /workspaces/xxxx/code_cure_agent/cca_workspace/protostuff/protostuff-api/src/main/java/io/protostuff/StringSerializer.java:[572,59] class, interface, or enum expected
[ERROR] /workspaces/xxxx/code_cure_agent/cca_workspace/protostuff/protostuff-api/src/main/java/io/protostuff/StringSerializer.java:[573,19] class, interface, or enum expected
[ERROR] /workspaces/xxxx/code_cure_agent/cca_workspace/protostuff/protostuff-api/src/main/java/io/protostuff/StringSerializer.java:[578,13] class, interface, or enum expected
[ERROR] /workspaces/xxxx/code_cure_agent/cca_workspace/protostuff/protostuff-api/src/main/java/io/protostuff/StringSerializer.java:[579,9] class, interface, or enum expected
[ERROR] /workspaces/xxxx/code_cure_agent/cca_workspace/protostuff/protostuff-api/src/main/java/io/protostuff/StringSerializer.java:[583,13] class, interface, or enum expected
[ERROR] /workspaces/xxxx/code_cure_agent/cca_workspace/protostuff/protostuff-api/src/main/java/io/protostuff/StringSerializer.java:[584,9] class, interface, or enum expected
[ERROR] /workspaces/xxxx/code_cure_agent/cca_workspace/protostuff/protostuff-api/src/main/java/io/protostuff/StringSerializer.java:[591,19] class, interface, or enum expected
[ERROR] /workspaces/xxxx/code_cure_agent/cca_workspace/protostuff/protostuff-api/src/main/java/io/protostuff/StringSerializer.java:[591,62] class, interface, or enum expected
[ERROR] /workspaces/xxxx/code_cure_agent/cca_workspace/protostuff/protostuff-api/src/main/java/io/protostuff/StringSerializer.java:[592,19] class, interface, or enum expected
[ERROR] /workspaces/xxxx/code_cure_agent/cca_workspace/protostuff/protostuff-api/src/main/java/io/protostuff/StringSerializer.java:[595,5] class, interface, or enum expected
[ERROR] /workspaces/xxxx/code_cure_agent/cca_workspace/protostuff/protostuff-api/src/main/java/io/protostuff/StringSerializer.java:[600,19] class, interface, or enum expected
[ERROR] /workspaces/xxxx/code_cure_agent/cca_workspace/protostuff/protostuff-api/src/main/java/io/protostuff/StringSerializer.java:[600,62] class, interface, or enum expected
[ERROR] /workspaces/xxxx/code_cure_agent/cca_workspace/protostuff/protostuff-api/src/main/java/io/protostuff/StringSerializer.java:[601,19] class, interface, or enum expected
[ERROR] /workspaces/xxxx/code_cure_agent/cca_workspace/protostuff/protostuff-api/src/main/java/io/protostuff/StringSerializer.java:[601,47] class, interface, or enum expected
[ERROR] /workspaces/xxxx/code_cure_agent/cca_workspace/protostuff/protostuff-api/src/main/java/io/protostuff/StringSerializer.java:[603,15] class, interface, or enum expected
[ERROR] /workspaces/xxxx/code_cure_agent/cca_workspace/protostuff/protostuff-api/src/main/java/io/protostuff/StringSerializer.java:[605,9] class, interface, or enum expected
[ERROR] /workspaces/xxxx/code_cure_agent/cca_workspace/protostuff/protostuff-api/src/main/java/io/protostuff/StringSerializer.java:[612,13] class, interface, or enum expected
[ERROR] /workspaces/xxxx/code_cure_agent/cca_workspace/protostuff/protostuff-api/src/main/java/io/protostuff/StringSerializer.java:[614,13] class, interface, or enum expected
[ERROR] /workspaces/xxxx/code_cure_agent/cca_workspace/protostuff/protostuff-api/src/main/java/io/protostuff/StringSerializer.java:[618,17] class, interface, or enum expected
[ERROR] /workspaces/xxxx/code_cure_agent/cca_workspace/protostuff/protostuff-api/src/main/java/io/protostuff/StringSerializer.java:[619,17] class, interface, or enum expected
[ERROR] /workspaces/xxxx/code_cure_agent/cca_workspace/protostuff/protostuff-api/src/main/java/io/protostuff/StringSerializer.java:[620,13] class, interface, or enum expected
[ERROR] /workspaces/xxxx/code_cure_agent/cca_workspace/protostuff/protostuff-api/src/main/java/io/protostuff/StringSerializer.java:[623,19] class, interface, or enum expected
[ERROR] /workspaces/xxxx/code_cure_agent/cca_workspace/protostuff/protostuff-api/src/main/java/io/protostuff/StringSerializer.java:[625,13] class, interface, or enum expected
[ERROR] /workspaces/xxxx/code_cure_agent/cca_workspace/protostuff/protostuff-api/src/main/java/io/protostuff/StringSerializer.java:[628,13] class, interface, or enum expected
[ERROR] /workspaces/xxxx/code_cure_agent/cca_workspace/protostuff/protostuff-api/src/main/java/io/protostuff/StringSerializer.java:[630,13] class, interface, or enum expected
[ERROR] /workspaces/xxxx/code_cure_agent/cca_workspace/protostuff/protostuff-api/src/main/java/io/protostuff/StringSerializer.java:[631,9] class, interface, or enum expected
[ERROR] /workspaces/xxxx/code_cure_agent/cca_workspace/protostuff/protostuff-api/src/main/java/io/protostuff/StringSerializer.java:[636,13] class, interface, or enum expected
[ERROR] /workspaces/xxxx/code_cure_agent/cca_workspace/protostuff/protostuff-api/src/main/java/io/protostuff/StringSerializer.java:[638,13] class, interface, or enum expected
[ERROR] /workspaces/xxxx/code_cure_agent/cca_workspace/protostuff/protostuff-api/src/main/java/io/protostuff/StringSerializer.java:[639,13] class, interface, or enum expected
[ERROR] /workspaces/xxxx/code_cure_agent/cca_workspace/protostuff/protostuff-api/src/main/java/io/protostuff/StringSerializer.java:[640,9] class, interface, or enum expected
[ERROR] /workspaces/xxxx/code_cure_agent/cca_workspace/protostuff/protostuff-api/src/main/java/io/protostuff/StringSerializer.java:[648,19] class, interface, or enum expected
[INFO] 100 errors 
[INFO] -------------------------------------------------------------
[INFO] ------------------------------------------------------------------------
[INFO] Reactor Summary for protostuff 1.8.0-SNAPSHOT:
[INFO] 
[INFO] protostuff ......................................... SUCCESS [  0.583 s]
[INFO] protostuff :: api .................................. FAILURE [  0.542 s]
[INFO] protostuff :: core ................................. SKIPPED
[INFO] protostuff :: collectionschema ..................... SKIPPED
[INFO] protostuff :: runtime .............................. SKIPPED
[INFO] protostuff :: runtime-md ........................... SKIPPED
[INFO] protostuff :: runtime-registry ..................... SKIPPED
[INFO] protostuff :: runtime-view ......................... SKIPPED
[INFO] protostuff :: json ................................. SKIPPED
[INFO] protostuff :: msgpack .............................. SKIPPED
[INFO] protostuff :: xml .................................. SKIPPED
[INFO] protostuff :: yaml ................................. SKIPPED
[INFO] protostuff :: kvp .................................. SKIPPED
[INFO] protostuff :: parser ............................... SKIPPED
[INFO] protostuff :: compiler ............................. SKIPPED
[INFO] protostuff :: maven-plugin ......................... SKIPPED
[INFO] protostuff :: uberjar .............................. SKIPPED
[INFO] protostuff :: it ................................... SKIPPED
[INFO] protostuff :: bom .................................. SKIPPED
[INFO] protostuff :: benchmarks ........................... SKIPPED
[INFO] ------------------------------------------------------------------------
[INFO] BUILD FAILURE
[INFO] ------------------------------------------------------------------------
[INFO] Total time:  1.751 s
[INFO] Finished at: 2025-08-30T13:28:22Z
[INFO] ------------------------------------------------------------------------
[ERROR] Failed to execute goal org.apache.maven.plugins:maven-compiler-plugin:3.1:compile (default-compile) on project protostuff-api: Compilation failure: Compilation failure: 
[ERROR] /workspaces/xxxx/code_cure_agent/cca_workspace/protostuff/protostuff-api/src/main/java/io/protostuff/StringSerializer.java:[437,24] ']' expected
[ERROR] /workspaces/xxxx/code_cure_agent/cca_workspace/protostuff/protostuff-api/src/main/java/io/protostuff/StringSerializer.java:[437,30] ';' expected
[ERROR] /workspaces/xxxx/code_cure_agent/cca_workspace/protostuff/protostuff-api/src/main/java/io/protostuff/StringSerializer.java:[437,41] <identifier> expected
[ERROR] /workspaces/xxxx/code_cure_agent/cca_workspace/protostuff/protostuff-api/src/main/java/io/protostuff/StringSerializer.java:[437,54] <identifier> expected
[ERROR] /workspaces/xxxx/code_cure_agent/cca_workspace/protostuff/protostuff-api/src/main/java/io/protostuff/StringSerializer.java:[439,9] class, interface, or enum expected
[ERROR] /workspaces/xxxx/code_cure_agent/cca_workspace/protostuff/protostuff-api/src/main/java/io/protostuff/StringSerializer.java:[445,41] class, interface, or enum expected
[ERROR] /workspaces/xxxx/code_cure_agent/cca_workspace/protostuff/protostuff-api/src/main/java/io/protostuff/StringSerializer.java:[445,72] class, interface, or enum expected
[ERROR] /workspaces/xxxx/code_cure_agent/cca_workspace/protostuff/protostuff-api/src/main/java/io/protostuff/StringSerializer.java:[446,19] class, interface, or enum expected
[ERROR] /workspaces/xxxx/code_cure_agent/cca_workspace/protostuff/protostuff-api/src/main/java/io/protostuff/StringSerializer.java:[446,47] class, interface, or enum expected
[ERROR] /workspaces/xxxx/code_cure_agent/cca_workspace/protostuff/protostuff-api/src/main/java/io/protostuff/StringSerializer.java:[448,15] class, interface, or enum expected
[ERROR] /workspaces/xxxx/code_cure_agent/cca_workspace/protostuff/protostuff-api/src/main/java/io/protostuff/StringSerializer.java:[449,9] class, interface, or enum expected
[ERROR] /workspaces/xxxx/code_cure_agent/cca_workspace/protostuff/protostuff-api/src/main/java/io/protostuff/StringSerializer.java:[449,78] class, interface, or enum expected
[ERROR] /workspaces/xxxx/code_cure_agent/cca_workspace/protostuff/protostuff-api/src/main/java/io/protostuff/StringSerializer.java:[454,13] class, interface, or enum expected
[ERROR] /workspaces/xxxx/code_cure_agent/cca_workspace/protostuff/protostuff-api/src/main/java/io/protostuff/StringSerializer.java:[457,17] class, interface, or enum expected
[ERROR] /workspaces/xxxx/code_cure_agent/cca_workspace/protostuff/protostuff-api/src/main/java/io/protostuff/StringSerializer.java:[458,17] class, interface, or enum expected
[ERROR] /workspaces/xxxx/code_cure_agent/cca_workspace/protostuff/protostuff-api/src/main/java/io/protostuff/StringSerializer.java:[459,13] class, interface, or enum expected
[ERROR] /workspaces/xxxx/code_cure_agent/cca_workspace/protostuff/protostuff-api/src/main/java/io/protostuff/StringSerializer.java:[466,21] class, interface, or enum expected
[ERROR] /workspaces/xxxx/code_cure_agent/cca_workspace/protostuff/protostuff-api/src/main/java/io/protostuff/StringSerializer.java:[467,21] class, interface, or enum expected
[ERROR] /workspaces/xxxx/code_cure_agent/cca_workspace/protostuff/protostuff-api/src/main/java/io/protostuff/StringSerializer.java:[468,17] class, interface, or enum expected
[ERROR] /workspaces/xxxx/code_cure_agent/cca_workspace/protostuff/protostuff-api/src/main/java/io/protostuff/StringSerializer.java:[471,17] class, interface, or enum expected
[ERROR] /workspaces/xxxx/code_cure_agent/cca_workspace/protostuff/protostuff-api/src/main/java/io/protostuff/StringSerializer.java:[472,13] class, interface, or enum expected
[ERROR] /workspaces/xxxx/code_cure_agent/cca_workspace/protostuff/protostuff-api/src/main/java/io/protostuff/StringSerializer.java:[477,17] class, interface, or enum expected
[ERROR] /workspaces/xxxx/code_cure_agent/cca_workspace/protostuff/protostuff-api/src/main/java/io/protostuff/StringSerializer.java:[480,21] class, interface, or enum expected
[ERROR] /workspaces/xxxx/code_cure_agent/cca_workspace/protostuff/protostuff-api/src/main/java/io/protostuff/StringSerializer.java:[481,21] class, interface, or enum expected
[ERROR] /workspaces/xxxx/code_cure_agent/cca_workspace/protostuff/protostuff-api/src/main/java/io/protostuff/StringSerializer.java:[482,17] class, interface, or enum expected
[ERROR] /workspaces/xxxx/code_cure_agent/cca_workspace/protostuff/protostuff-api/src/main/java/io/protostuff/StringSerializer.java:[485,17] class, interface, or enum expected
[ERROR] /workspaces/xxxx/code_cure_agent/cca_workspace/protostuff/protostuff-api/src/main/java/io/protostuff/StringSerializer.java:[486,17] class, interface, or enum expected
[ERROR] /workspaces/xxxx/code_cure_agent/cca_workspace/protostuff/protostuff-api/src/main/java/io/protostuff/StringSerializer.java:[487,17] class, interface, or enum expected
[ERROR] /workspaces/xxxx/code_cure_agent/cca_workspace/protostuff/protostuff-api/src/main/java/io/protostuff/StringSerializer.java:[488,17] class, interface, or enum expected
[ERROR] /workspaces/xxxx/code_cure_agent/cca_workspace/protostuff/protostuff-api/src/main/java/io/protostuff/StringSerializer.java:[490,17] class, interface, or enum expected
[ERROR] /workspaces/xxxx/code_cure_agent/cca_workspace/protostuff/protostuff-api/src/main/java/io/protostuff/StringSerializer.java:[491,13] class, interface, or enum expected
[ERROR] /workspaces/xxxx/code_cure_agent/cca_workspace/protostuff/protostuff-api/src/main/java/io/protostuff/StringSerializer.java:[495,17] class, interface, or enum expected
[ERROR] /workspaces/xxxx/code_cure_agent/cca_workspace/protostuff/protostuff-api/src/main/java/io/protostuff/StringSerializer.java:[498,21] class, interface, or enum expected
[ERROR] /workspaces/xxxx/code_cure_agent/cca_workspace/protostuff/protostuff-api/src/main/java/io/protostuff/StringSerializer.java:[499,21] class, interface, or enum expected
[ERROR] /workspaces/xxxx/code_cure_agent/cca_workspace/protostuff/protostuff-api/src/main/java/io/protostuff/StringSerializer.java:[500,17] class, interface, or enum expected
[ERROR] /workspaces/xxxx/code_cure_agent/cca_workspace/protostuff/protostuff-api/src/main/java/io/protostuff/StringSerializer.java:[503,17] class, interface, or enum expected
[ERROR] /workspaces/xxxx/code_cure_agent/cca_workspace/protostuff/protostuff-api/src/main/java/io/protostuff/StringSerializer.java:[504,17] class, interface, or enum expected
[ERROR] /workspaces/xxxx/code_cure_agent/cca_workspace/protostuff/protostuff-api/src/main/java/io/protostuff/StringSerializer.java:[505,13] class, interface, or enum expected
[ERROR] /workspaces/xxxx/code_cure_agent/cca_workspace/protostuff/protostuff-api/src/main/java/io/protostuff/StringSerializer.java:[512,19] class, interface, or enum expected
[ERROR] /workspaces/xxxx/code_cure_agent/cca_workspace/protostuff/protostuff-api/src/main/java/io/protostuff/StringSerializer.java:[512,48] class, interface, or enum expected
[ERROR] /workspaces/xxxx/code_cure_agent/cca_workspace/protostuff/protostuff-api/src/main/java/io/protostuff/StringSerializer.java:[512,72] class, interface, or enum expected
[ERROR] /workspaces/xxxx/code_cure_agent/cca_workspace/protostuff/protostuff-api/src/main/java/io/protostuff/StringSerializer.java:[513,19] class, interface, or enum expected
[ERROR] /workspaces/xxxx/code_cure_agent/cca_workspace/protostuff/protostuff-api/src/main/java/io/protostuff/StringSerializer.java:[515,15] class, interface, or enum expected
[ERROR] /workspaces/xxxx/code_cure_agent/cca_workspace/protostuff/protostuff-api/src/main/java/io/protostuff/StringSerializer.java:[516,9] class, interface, or enum expected
[ERROR] /workspaces/xxxx/code_cure_agent/cca_workspace/protostuff/protostuff-api/src/main/java/io/protostuff/StringSerializer.java:[519,9] class, interface, or enum expected
[ERROR] /workspaces/xxxx/code_cure_agent/cca_workspace/protostuff/protostuff-api/src/main/java/io/protostuff/StringSerializer.java:[521,5] class, interface, or enum expected
[ERROR] /workspaces/xxxx/code_cure_agent/cca_workspace/protostuff/protostuff-api/src/main/java/io/protostuff/StringSerializer.java:[528,19] class, interface, or enum expected
[ERROR] /workspaces/xxxx/code_cure_agent/cca_workspace/protostuff/protostuff-api/src/main/java/io/protostuff/StringSerializer.java:[528,49] class, interface, or enum expected
[ERROR] /workspaces/xxxx/code_cure_agent/cca_workspace/protostuff/protostuff-api/src/main/java/io/protostuff/StringSerializer.java:[528,73] class, interface, or enum expected
[ERROR] /workspaces/xxxx/code_cure_agent/cca_workspace/protostuff/protostuff-api/src/main/java/io/protostuff/StringSerializer.java:[531,15] class, interface, or enum expected
[ERROR] /workspaces/xxxx/code_cure_agent/cca_workspace/protostuff/protostuff-api/src/main/java/io/protostuff/StringSerializer.java:[532,9] class, interface, or enum expected
[ERROR] /workspaces/xxxx/code_cure_agent/cca_workspace/protostuff/protostuff-api/src/main/java/io/protostuff/StringSerializer.java:[535,9] class, interface, or enum expected
[ERROR] /workspaces/xxxx/code_cure_agent/cca_workspace/protostuff/protostuff-api/src/main/java/io/protostuff/StringSerializer.java:[536,9] class, interface, or enum expected
[ERROR] /workspaces/xxxx/code_cure_agent/cca_workspace/protostuff/protostuff-api/src/main/java/io/protostuff/StringSerializer.java:[539,9] class, interface, or enum expected
[ERROR] /workspaces/xxxx/code_cure_agent/cca_workspace/protostuff/protostuff-api/src/main/java/io/protostuff/StringSerializer.java:[541,9] class, interface, or enum expected
[ERROR] /workspaces/xxxx/code_cure_agent/cca_workspace/protostuff/protostuff-api/src/main/java/io/protostuff/StringSerializer.java:[544,29] class, interface, or enum expected
[ERROR] /workspaces/xxxx/code_cure_agent/cca_workspace/protostuff/protostuff-api/src/main/java/io/protostuff/StringSerializer.java:[544,38] class, interface, or enum expected
[ERROR] /workspaces/xxxx/code_cure_agent/cca_workspace/protostuff/protostuff-api/src/main/java/io/protostuff/StringSerializer.java:[551,21] class, interface, or enum expected
[ERROR] /workspaces/xxxx/code_cure_agent/cca_workspace/protostuff/protostuff-api/src/main/java/io/protostuff/StringSerializer.java:[552,21] class, interface, or enum expected
[ERROR] /workspaces/xxxx/code_cure_agent/cca_workspace/protostuff/protostuff-api/src/main/java/io/protostuff/StringSerializer.java:[553,21] class, interface, or enum expected
[ERROR] /workspaces/xxxx/code_cure_agent/cca_workspace/protostuff/protostuff-api/src/main/java/io/protostuff/StringSerializer.java:[555,21] class, interface, or enum expected
[ERROR] /workspaces/xxxx/code_cure_agent/cca_workspace/protostuff/protostuff-api/src/main/java/io/protostuff/StringSerializer.java:[556,17] class, interface, or enum expected
[ERROR] /workspaces/xxxx/code_cure_agent/cca_workspace/protostuff/protostuff-api/src/main/java/io/protostuff/StringSerializer.java:[558,13] class, interface, or enum expected
[ERROR] /workspaces/xxxx/code_cure_agent/cca_workspace/protostuff/protostuff-api/src/main/java/io/protostuff/StringSerializer.java:[563,29] class, interface, or enum expected
[ERROR] /workspaces/xxxx/code_cure_agent/cca_workspace/protostuff/protostuff-api/src/main/java/io/protostuff/StringSerializer.java:[563,38] class, interface, or enum expected
[ERROR] /workspaces/xxxx/code_cure_agent/cca_workspace/protostuff/protostuff-api/src/main/java/io/protostuff/StringSerializer.java:[565,9] class, interface, or enum expected
[ERROR] /workspaces/xxxx/code_cure_agent/cca_workspace/protostuff/protostuff-api/src/main/java/io/protostuff/StringSerializer.java:[569,9] class, interface, or enum expected
[ERROR] /workspaces/xxxx/code_cure_agent/cca_workspace/protostuff/protostuff-api/src/main/java/io/protostuff/StringSerializer.java:[570,5] class, interface, or enum expected
[ERROR] /workspaces/xxxx/code_cure_agent/cca_workspace/protostuff/protostuff-api/src/main/java/io/protostuff/StringSerializer.java:[572,42] class, interface, or enum expected
[ERROR] /workspaces/xxxx/code_cure_agent/cca_workspace/protostuff/protostuff-api/src/main/java/io/protostuff/StringSerializer.java:[572,59] class, interface, or enum expected
[ERROR] /workspaces/xxxx/code_cure_agent/cca_workspace/protostuff/protostuff-api/src/main/java/io/protostuff/StringSerializer.java:[573,19] class, interface, or enum expected
[ERROR] /workspaces/xxxx/code_cure_agent/cca_workspace/protostuff/protostuff-api/src/main/java/io/protostuff/StringSerializer.java:[578,13] class, interface, or enum expected
[ERROR] /workspaces/xxxx/code_cure_agent/cca_workspace/protostuff/protostuff-api/src/main/java/io/protostuff/StringSerializer.java:[579,9] class, interface, or enum expected
[ERROR] /workspaces/xxxx/code_cure_agent/cca_workspace/protostuff/protostuff-api/src/main/java/io/protostuff/StringSerializer.java:[583,13] class, interface, or enum expected
[ERROR] /workspaces/xxxx/code_cure_agent/cca_workspace/protostuff/protostuff-api/src/main/java/io/protostuff/StringSerializer.java:[584,9] class, interface, or enum expected
[ERROR] /workspaces/xxxx/code_cure_agent/cca_workspace/protostuff/protostuff-api/src/main/java/io/protostuff/StringSerializer.java:[591,19] class, interface, or enum expected
[ERROR] /workspaces/xxxx/code_cure_agent/cca_workspace/protostuff/protostuff-api/src/main/java/io/protostuff/StringSerializer.java:[591,62] class, interface, or enum expected
[ERROR] /workspaces/xxxx/code_cure_agent/cca_workspace/protostuff/protostuff-api/src/main/java/io/protostuff/StringSerializer.java:[592,19] class, interface, or enum expected
[ERROR] /workspaces/xxxx/code_cure_agent/cca_workspace/protostuff/protostuff-api/src/main/java/io/protostuff/StringSerializer.java:[595,5] class, interface, or enum expected
[ERROR] /workspaces/xxxx/code_cure_agent/cca_workspace/protostuff/protostuff-api/src/main/java/io/protostuff/StringSerializer.java:[600,19] class, interface, or enum expected
[ERROR] /workspaces/xxxx/code_cure_agent/cca_workspace/protostuff/protostuff-api/src/main/java/io/protostuff/StringSerializer.java:[600,62] class, interface, or enum expected
[ERROR] /workspaces/xxxx/code_cure_agent/cca_workspace/protostuff/protostuff-api/src/main/java/io/protostuff/StringSerializer.java:[601,19] class, interface, or enum expected
[ERROR] /workspaces/xxxx/code_cure_agent/cca_workspace/protostuff/protostuff-api/src/main/java/io/protostuff/StringSerializer.java:[601,47] class, interface, or enum expected
[ERROR] /workspaces/xxxx/code_cure_agent/cca_workspace/protostuff/protostuff-api/src/main/java/io/protostuff/StringSerializer.java:[603,15] class, interface, or enum expected
[ERROR] /workspaces/xxxx/code_cure_agent/cca_workspace/protostuff/protostuff-api/src/main/java/io/protostuff/StringSerializer.java:[605,9] class, interface, or enum expected
[ERROR] /workspaces/xxxx/code_cure_agent/cca_workspace/protostuff/protostuff-api/src/main/java/io/protostuff/StringSerializer.java:[612,13] class, interface, or enum expected
[ERROR] /workspaces/xxxx/code_cure_agent/cca_workspace/protostuff/protostuff-api/src/main/java/io/protostuff/StringSerializer.java:[614,13] class, interface, or enum expected
[ERROR] /workspaces/xxxx/code_cure_agent/cca_workspace/protostuff/protostuff-api/src/main/java/io/protostuff/StringSerializer.java:[618,17] class, interface, or enum expected
[ERROR] /workspaces/xxxx/code_cure_agent/cca_workspace/protostuff/protostuff-api/src/main/java/io/protostuff/StringSerializer.java:[619,17] class, interface, or enum expected
[ERROR] /workspaces/xxxx/code_cure_agent/cca_workspace/protostuff/protostuff-api/src/main/java/io/protostuff/StringSerializer.java:[620,13] class, interface, or enum expected
[ERROR] /workspaces/xxxx/code_cure_agent/cca_workspace/protostuff/protostuff-api/src/main/java/io/protostuff/StringSerializer.java:[623,19] class, interface, or enum expected
[ERROR] /workspaces/xxxx/code_cure_agent/cca_workspace/protostuff/protostuff-api/src/main/java/io/protostuff/StringSerializer.java:[625,13] class, interface, or enum expected
[ERROR] /workspaces/xxxx/code_cure_agent/cca_workspace/protostuff/protostuff-api/src/main/java/io/protostuff/StringSerializer.java:[628,13] class, interface, or enum expected
[ERROR] /workspaces/xxxx/code_cure_agent/cca_workspace/protostuff/protostuff-api/src/main/java/io/protostuff/StringSerializer.java:[630,13] class, interface, or enum expected
[ERROR] /workspaces/xxxx/code_cure_agent/cca_workspace/protostuff/protostuff-api/src/main/java/io/protostuff/StringSerializer.java:[631,9] class, interface, or enum expected
[ERROR] /workspaces/xxxx/code_cure_agent/cca_workspace/protostuff/protostuff-api/src/main/java/io/protostuff/StringSerializer.java:[636,13] class, interface, or enum expected
[ERROR] /workspaces/xxxx/code_cure_agent/cca_workspace/protostuff/protostuff-api/src/main/java/io/protostuff/StringSerializer.java:[638,13] class, interface, or enum expected
[ERROR] /workspaces/xxxx/code_cure_agent/cca_workspace/protostuff/protostuff-api/src/main/java/io/protostuff/StringSerializer.java:[639,13] class, interface, or enum expected
[ERROR] /workspaces/xxxx/code_cure_agent/cca_workspace/protostuff/protostuff-api/src/main/java/io/protostuff/StringSerializer.java:[640,9] class, interface, or enum expected
[ERROR] /workspaces/xxxx/code_cure_agent/cca_workspace/protostuff/protostuff-api/src/main/java/io/protostuff/StringSerializer.java:[648,19] class, interface, or enum expected
[ERROR] -> [Help 1]
[ERROR] 
[ERROR] To see the full stack trace of the errors, re-run Maven with the -e switch.
[ERROR] Re-run Maven using the -X switch to enable full debug logging.
[ERROR] 
[ERROR] For more information about the errors and possible solutions, please read the following articles:
[ERROR] [Help 1] http://cwiki.apache.org/confluence/display/MAVEN/MojoFailureException
[ERROR] 
[ERROR] After correcting the problems, you can resume the build with the command
[ERROR]   mvn <args> -rf :protostuff-api
