[INFO] Scanning for projects...
[INFO] 
[INFO] ---------------------< com.jnape.palatable:lambda >---------------------
[INFO] Building Lambda 5.2.1-SNAPSHOT
[INFO] --------------------------------[ jar ]---------------------------------
[INFO] 
[INFO] --- maven-clean-plugin:2.5:clean (default-clean) @ lambda ---
[INFO] Deleting /workspaces/xxxx/code_cure_agent/cca_workspace/lambda/target
[INFO] 
[INFO] --- maven-enforcer-plugin:1.0:enforce (enforce-maven) @ lambda ---
[INFO] 
[INFO] --- maven-resources-plugin:2.6:resources (default-resources) @ lambda ---
[INFO] Using 'UTF-8' encoding to copy filtered resources.
[INFO] skip non existing resourceDirectory /workspaces/xxxx/code_cure_agent/cca_workspace/lambda/src/main/resources
[INFO] 
[INFO] --- maven-compiler-plugin:3.3:compile (default-compile) @ lambda ---
[INFO] Changes detected - recompiling the module!
[INFO] Compiling 315 source files to /workspaces/xxxx/code_cure_agent/cca_workspace/lambda/target/classes
[INFO] -------------------------------------------------------------
[ERROR] COMPILATION ERROR : 
[INFO] -------------------------------------------------------------
[ERROR] /workspaces/xxxx/code_cure_agent/cca_workspace/lambda/src/main/java/com/jnape/palatable/lambda/adt/hmap/HMap.java:[337,16] no suitable method found for hMap(com.jnape.palatable.lambda.adt.hmap.TypeSafeKey<capture#1 of ?,V1>,V1,com.jnape.palatable.lambda.adt.hmap.TypeSafeKey<capture#2 of ?,V2>,V2,com.jnape.palatable.lambda.adt.hmap.TypeSafeKey<capture#3 of ?,V3>,V3,com.jnape.palatable.lambda.adt.hmap.TypeSafeKey<capture#4 of ?,V4>,V4,com.jnape.palatable.lambda.adt.hmap.TypeSafeKey<capture#5 of ?,V5>,V5)
    method com.jnape.palatable.lambda.adt.hmap.HMap.<V1,V2>hMap(com.jnape.palatable.lambda.adt.hmap.TypeSafeKey<?,V1>,V1,com.jnape.palatable.lambda.adt.hmap.TypeSafeKey<?,V2>,V2) is not applicable
      (cannot infer type-variable(s) V1,V2
        (actual and formal argument lists differ in length))
    method com.jnape.palatable.lambda.adt.hmap.HMap.<V1,V2,V3>hMap(com.jnape.palatable.lambda.adt.hmap.TypeSafeKey<?,V1>,V1,com.jnape.palatable.lambda.adt.hmap.TypeSafeKey<?,V2>,V2,com.jnape.palatable.lambda.adt.hmap.TypeSafeKey<?,V3>,V3) is not applicable
      (cannot infer type-variable(s) V1,V2,V3
        (actual and formal argument lists differ in length))
    method com.jnape.palatable.lambda.adt.hmap.HMap.<V1,V2,V3,V4>hMap(com.jnape.palatable.lambda.adt.hmap.TypeSafeKey<?,V1>,V1,com.jnape.palatable.lambda.adt.hmap.TypeSafeKey<?,V2>,V2,com.jnape.palatable.lambda.adt.hmap.TypeSafeKey<?,V3>,V3,com.jnape.palatable.lambda.adt.hmap.TypeSafeKey<?,V4>,V4) is not applicable
      (cannot infer type-variable(s) V1,V2,V3,V4
        (actual and formal argument lists differ in length))
    method com.jnape.palatable.lambda.adt.hmap.HMap.<V1,V2,V3,V4,V5>hMap(com.jnape.palatable.lambda.adt.hmap.HMap.KeyValuePair<V1>,com.jnape.palatable.lambda.adt.hmap.HMap.KeyValuePair<V2>,com.jnape.palatable.lambda.adt.hmap.HMap.KeyValuePair<V3>,com.jnape.palatable.lambda.adt.hmap.HMap.KeyValuePair<V4>,com.jnape.palatable.lambda.adt.hmap.HMap.KeyValuePair<V5>) is not applicable
      (cannot infer type-variable(s) V1,V2,V3,V4,V5
        (actual and formal argument lists differ in length))
    method com.jnape.palatable.lambda.adt.hmap.HMap.<V1,V2,V3,V4,V5,V6>hMap(com.jnape.palatable.lambda.adt.hmap.HMap.KeyValuePair<V1>,com.jnape.palatable.lambda.adt.hmap.HMap.KeyValuePair<V2>,com.jnape.palatable.lambda.adt.hmap.HMap.KeyValuePair<V3>,com.jnape.palatable.lambda.adt.hmap.HMap.KeyValuePair<V4>,com.jnape.palatable.lambda.adt.hmap.HMap.KeyValuePair<V5>,com.jnape.palatable.lambda.adt.hmap.HMap.KeyValuePair<V6>) is not applicable
      (cannot infer type-variable(s) V1,V2,V3,V4,V5,V6
        (actual and formal argument lists differ in length))
    method com.jnape.palatable.lambda.adt.hmap.HMap.<V1,V2,V3,V4,V5,V6,V7>hMap(com.jnape.palatable.lambda.adt.hmap.HMap.KeyValuePair<V1>,com.jnape.palatable.lambda.adt.hmap.HMap.KeyValuePair<V2>,com.jnape.palatable.lambda.adt.hmap.HMap.KeyValuePair<V3>,com.jnape.palatable.lambda.adt.hmap.HMap.KeyValuePair<V4>,com.jnape.palatable.lambda.adt.hmap.HMap.KeyValuePair<V5>,com.jnape.palatable.lambda.adt.hmap.HMap.KeyValuePair<V6>,com.jnape.palatable.lambda.adt.hmap.HMap.KeyValuePair<V7>) is not applicable
      (cannot infer type-variable(s) V1,V2,V3,V4,V5,V6,V7
        (actual and formal argument lists differ in length))
    method com.jnape.palatable.lambda.adt.hmap.HMap.<V1,V2,V3,V4,V5,V6,V7,V8>hMap(com.jnape.palatable.lambda.adt.hmap.HMap.KeyValuePair<V1>,com.jnape.palatable.lambda.adt.hmap.HMap.KeyValuePair<V2>,com.jnape.palatable.lambda.adt.hmap.HMap.KeyValuePair<V3>,com.jnape.palatable.lambda.adt.hmap.HMap.KeyValuePair<V4>,com.jnape.palatable.lambda.adt.hmap.HMap.KeyValuePair<V5>,com.jnape.palatable.lambda.adt.hmap.HMap.KeyValuePair<V6>,com.jnape.palatable.lambda.adt.hmap.HMap.KeyValuePair<V7>,com.jnape.palatable.lambda.adt.hmap.HMap.KeyValuePair<V8>) is not applicable
      (cannot infer type-variable(s) V1,V2,V3,V4,V5,V6,V7,V8
        (actual and formal argument lists differ in length))
[ERROR] /workspaces/xxxx/code_cure_agent/cca_workspace/lambda/src/main/java/com/jnape/palatable/lambda/adt/hmap/HMap.java:[378,16] no suitable method found for hMap(com.jnape.palatable.lambda.adt.hmap.TypeSafeKey<capture#6 of ?,V1>,V1,com.jnape.palatable.lambda.adt.hmap.TypeSafeKey<capture#7 of ?,V2>,V2,com.jnape.palatable.lambda.adt.hmap.TypeSafeKey<capture#8 of ?,V3>,V3,com.jnape.palatable.lambda.adt.hmap.TypeSafeKey<capture#9 of ?,V4>,V4,com.jnape.palatable.lambda.adt.hmap.TypeSafeKey<capture#10 of ?,V5>,V5,com.jnape.palatable.lambda.adt.hmap.TypeSafeKey<capture#11 of ?,V6>,V6)
    method com.jnape.palatable.lambda.adt.hmap.HMap.<V1,V2>hMap(com.jnape.palatable.lambda.adt.hmap.TypeSafeKey<?,V1>,V1,com.jnape.palatable.lambda.adt.hmap.TypeSafeKey<?,V2>,V2) is not applicable
      (cannot infer type-variable(s) V1,V2
        (actual and formal argument lists differ in length))
    method com.jnape.palatable.lambda.adt.hmap.HMap.<V1,V2,V3>hMap(com.jnape.palatable.lambda.adt.hmap.TypeSafeKey<?,V1>,V1,com.jnape.palatable.lambda.adt.hmap.TypeSafeKey<?,V2>,V2,com.jnape.palatable.lambda.adt.hmap.TypeSafeKey<?,V3>,V3) is not applicable
      (cannot infer type-variable(s) V1,V2,V3
        (actual and formal argument lists differ in length))
    method com.jnape.palatable.lambda.adt.hmap.HMap.<V1,V2,V3,V4>hMap(com.jnape.palatable.lambda.adt.hmap.TypeSafeKey<?,V1>,V1,com.jnape.palatable.lambda.adt.hmap.TypeSafeKey<?,V2>,V2,com.jnape.palatable.lambda.adt.hmap.TypeSafeKey<?,V3>,V3,com.jnape.palatable.lambda.adt.hmap.TypeSafeKey<?,V4>,V4) is not applicable
      (cannot infer type-variable(s) V1,V2,V3,V4
        (actual and formal argument lists differ in length))
    method com.jnape.palatable.lambda.adt.hmap.HMap.<V1,V2,V3,V4,V5>hMap(com.jnape.palatable.lambda.adt.hmap.HMap.KeyValuePair<V1>,com.jnape.palatable.lambda.adt.hmap.HMap.KeyValuePair<V2>,com.jnape.palatable.lambda.adt.hmap.HMap.KeyValuePair<V3>,com.jnape.palatable.lambda.adt.hmap.HMap.KeyValuePair<V4>,com.jnape.palatable.lambda.adt.hmap.HMap.KeyValuePair<V5>) is not applicable
      (cannot infer type-variable(s) V1,V2,V3,V4,V5
        (actual and formal argument lists differ in length))
    method com.jnape.palatable.lambda.adt.hmap.HMap.<V1,V2,V3,V4,V5,V6>hMap(com.jnape.palatable.lambda.adt.hmap.HMap.KeyValuePair<V1>,com.jnape.palatable.lambda.adt.hmap.HMap.KeyValuePair<V2>,com.jnape.palatable.lambda.adt.hmap.HMap.KeyValuePair<V3>,com.jnape.palatable.lambda.adt.hmap.HMap.KeyValuePair<V4>,com.jnape.palatable.lambda.adt.hmap.HMap.KeyValuePair<V5>,com.jnape.palatable.lambda.adt.hmap.HMap.KeyValuePair<V6>) is not applicable
      (cannot infer type-variable(s) V1,V2,V3,V4,V5,V6
        (actual and formal argument lists differ in length))
    method com.jnape.palatable.lambda.adt.hmap.HMap.<V1,V2,V3,V4,V5,V6,V7>hMap(com.jnape.palatable.lambda.adt.hmap.HMap.KeyValuePair<V1>,com.jnape.palatable.lambda.adt.hmap.HMap.KeyValuePair<V2>,com.jnape.palatable.lambda.adt.hmap.HMap.KeyValuePair<V3>,com.jnape.palatable.lambda.adt.hmap.HMap.KeyValuePair<V4>,com.jnape.palatable.lambda.adt.hmap.HMap.KeyValuePair<V5>,com.jnape.palatable.lambda.adt.hmap.HMap.KeyValuePair<V6>,com.jnape.palatable.lambda.adt.hmap.HMap.KeyValuePair<V7>) is not applicable
      (cannot infer type-variable(s) V1,V2,V3,V4,V5,V6,V7
        (actual and formal argument lists differ in length))
    method com.jnape.palatable.lambda.adt.hmap.HMap.<V1,V2,V3,V4,V5,V6,V7,V8>hMap(com.jnape.palatable.lambda.adt.hmap.HMap.KeyValuePair<V1>,com.jnape.palatable.lambda.adt.hmap.HMap.KeyValuePair<V2>,com.jnape.palatable.lambda.adt.hmap.HMap.KeyValuePair<V3>,com.jnape.palatable.lambda.adt.hmap.HMap.KeyValuePair<V4>,com.jnape.palatable.lambda.adt.hmap.HMap.KeyValuePair<V5>,com.jnape.palatable.lambda.adt.hmap.HMap.KeyValuePair<V6>,com.jnape.palatable.lambda.adt.hmap.HMap.KeyValuePair<V7>,com.jnape.palatable.lambda.adt.hmap.HMap.KeyValuePair<V8>) is not applicable
      (cannot infer type-variable(s) V1,V2,V3,V4,V5,V6,V7,V8
        (actual and formal argument lists differ in length))
[ERROR] /workspaces/xxxx/code_cure_agent/cca_workspace/lambda/src/main/java/com/jnape/palatable/lambda/adt/hmap/HMap.java:[424,16] no suitable method found for hMap(com.jnape.palatable.lambda.adt.hmap.TypeSafeKey<capture#12 of ?,V1>,V1,com.jnape.palatable.lambda.adt.hmap.TypeSafeKey<capture#13 of ?,V2>,V2,com.jnape.palatable.lambda.adt.hmap.TypeSafeKey<capture#14 of ?,V3>,V3,com.jnape.palatable.lambda.adt.hmap.TypeSafeKey<capture#15 of ?,V4>,V4,com.jnape.palatable.lambda.adt.hmap.TypeSafeKey<capture#16 of ?,V5>,V5,com.jnape.palatable.lambda.adt.hmap.TypeSafeKey<capture#17 of ?,V6>,V6,com.jnape.palatable.lambda.adt.hmap.TypeSafeKey<capture#18 of ?,V7>,V7)
    method com.jnape.palatable.lambda.adt.hmap.HMap.<V1,V2>hMap(com.jnape.palatable.lambda.adt.hmap.TypeSafeKey<?,V1>,V1,com.jnape.palatable.lambda.adt.hmap.TypeSafeKey<?,V2>,V2) is not applicable
      (cannot infer type-variable(s) V1,V2
        (actual and formal argument lists differ in length))
    method com.jnape.palatable.lambda.adt.hmap.HMap.<V1,V2,V3>hMap(com.jnape.palatable.lambda.adt.hmap.TypeSafeKey<?,V1>,V1,com.jnape.palatable.lambda.adt.hmap.TypeSafeKey<?,V2>,V2,com.jnape.palatable.lambda.adt.hmap.TypeSafeKey<?,V3>,V3) is not applicable
      (cannot infer type-variable(s) V1,V2,V3
        (actual and formal argument lists differ in length))
    method com.jnape.palatable.lambda.adt.hmap.HMap.<V1,V2,V3,V4>hMap(com.jnape.palatable.lambda.adt.hmap.TypeSafeKey<?,V1>,V1,com.jnape.palatable.lambda.adt.hmap.TypeSafeKey<?,V2>,V2,com.jnape.palatable.lambda.adt.hmap.TypeSafeKey<?,V3>,V3,com.jnape.palatable.lambda.adt.hmap.TypeSafeKey<?,V4>,V4) is not applicable
      (cannot infer type-variable(s) V1,V2,V3,V4
        (actual and formal argument lists differ in length))
    method com.jnape.palatable.lambda.adt.hmap.HMap.<V1,V2,V3,V4,V5>hMap(com.jnape.palatable.lambda.adt.hmap.HMap.KeyValuePair<V1>,com.jnape.palatable.lambda.adt.hmap.HMap.KeyValuePair<V2>,com.jnape.palatable.lambda.adt.hmap.HMap.KeyValuePair<V3>,com.jnape.palatable.lambda.adt.hmap.HMap.KeyValuePair<V4>,com.jnape.palatable.lambda.adt.hmap.HMap.KeyValuePair<V5>) is not applicable
      (cannot infer type-variable(s) V1,V2,V3,V4,V5
        (actual and formal argument lists differ in length))
    method com.jnape.palatable.lambda.adt.hmap.HMap.<V1,V2,V3,V4,V5,V6>hMap(com.jnape.palatable.lambda.adt.hmap.HMap.KeyValuePair<V1>,com.jnape.palatable.lambda.adt.hmap.HMap.KeyValuePair<V2>,com.jnape.palatable.lambda.adt.hmap.HMap.KeyValuePair<V3>,com.jnape.palatable.lambda.adt.hmap.HMap.KeyValuePair<V4>,com.jnape.palatable.lambda.adt.hmap.HMap.KeyValuePair<V5>,com.jnape.palatable.lambda.adt.hmap.HMap.KeyValuePair<V6>) is not applicable
      (cannot infer type-variable(s) V1,V2,V3,V4,V5,V6
        (actual and formal argument lists differ in length))
    method com.jnape.palatable.lambda.adt.hmap.HMap.<V1,V2,V3,V4,V5,V6,V7>hMap(com.jnape.palatable.lambda.adt.hmap.HMap.KeyValuePair<V1>,com.jnape.palatable.lambda.adt.hmap.HMap.KeyValuePair<V2>,com.jnape.palatable.lambda.adt.hmap.HMap.KeyValuePair<V3>,com.jnape.palatable.lambda.adt.hmap.HMap.KeyValuePair<V4>,com.jnape.palatable.lambda.adt.hmap.HMap.KeyValuePair<V5>,com.jnape.palatable.lambda.adt.hmap.HMap.KeyValuePair<V6>,com.jnape.palatable.lambda.adt.hmap.HMap.KeyValuePair<V7>) is not applicable
      (cannot infer type-variable(s) V1,V2,V3,V4,V5,V6,V7
        (actual and formal argument lists differ in length))
    method com.jnape.palatable.lambda.adt.hmap.HMap.<V1,V2,V3,V4,V5,V6,V7,V8>hMap(com.jnape.palatable.lambda.adt.hmap.HMap.KeyValuePair<V1>,com.jnape.palatable.lambda.adt.hmap.HMap.KeyValuePair<V2>,com.jnape.palatable.lambda.adt.hmap.HMap.KeyValuePair<V3>,com.jnape.palatable.lambda.adt.hmap.HMap.KeyValuePair<V4>,com.jnape.palatable.lambda.adt.hmap.HMap.KeyValuePair<V5>,com.jnape.palatable.lambda.adt.hmap.HMap.KeyValuePair<V6>,com.jnape.palatable.lambda.adt.hmap.HMap.KeyValuePair<V7>,com.jnape.palatable.lambda.adt.hmap.HMap.KeyValuePair<V8>) is not applicable
      (cannot infer type-variable(s) V1,V2,V3,V4,V5,V6,V7,V8
        (actual and formal argument lists differ in length))
[INFO] 3 errors 
[INFO] -------------------------------------------------------------
[INFO] ------------------------------------------------------------------------
[INFO] BUILD FAILURE
[INFO] ------------------------------------------------------------------------
[INFO] Total time:  12.259 s
[INFO] Finished at: 2025-08-30T18:46:07Z
[INFO] ------------------------------------------------------------------------
[ERROR] Failed to execute goal org.apache.maven.plugins:maven-compiler-plugin:3.3:compile (default-compile) on project lambda: Compilation failure: Compilation failure: 
[ERROR] /workspaces/xxxx/code_cure_agent/cca_workspace/lambda/src/main/java/com/jnape/palatable/lambda/adt/hmap/HMap.java:[337,16] no suitable method found for hMap(com.jnape.palatable.lambda.adt.hmap.TypeSafeKey<capture#1 of ?,V1>,V1,com.jnape.palatable.lambda.adt.hmap.TypeSafeKey<capture#2 of ?,V2>,V2,com.jnape.palatable.lambda.adt.hmap.TypeSafeKey<capture#3 of ?,V3>,V3,com.jnape.palatable.lambda.adt.hmap.TypeSafeKey<capture#4 of ?,V4>,V4,com.jnape.palatable.lambda.adt.hmap.TypeSafeKey<capture#5 of ?,V5>,V5)
[ERROR]     method com.jnape.palatable.lambda.adt.hmap.HMap.<V1,V2>hMap(com.jnape.palatable.lambda.adt.hmap.TypeSafeKey<?,V1>,V1,com.jnape.palatable.lambda.adt.hmap.TypeSafeKey<?,V2>,V2) is not applicable
[ERROR]       (cannot infer type-variable(s) V1,V2
[ERROR]         (actual and formal argument lists differ in length))
[ERROR]     method com.jnape.palatable.lambda.adt.hmap.HMap.<V1,V2,V3>hMap(com.jnape.palatable.lambda.adt.hmap.TypeSafeKey<?,V1>,V1,com.jnape.palatable.lambda.adt.hmap.TypeSafeKey<?,V2>,V2,com.jnape.palatable.lambda.adt.hmap.TypeSafeKey<?,V3>,V3) is not applicable
[ERROR]       (cannot infer type-variable(s) V1,V2,V3
[ERROR]         (actual and formal argument lists differ in length))
[ERROR]     method com.jnape.palatable.lambda.adt.hmap.HMap.<V1,V2,V3,V4>hMap(com.jnape.palatable.lambda.adt.hmap.TypeSafeKey<?,V1>,V1,com.jnape.palatable.lambda.adt.hmap.TypeSafeKey<?,V2>,V2,com.jnape.palatable.lambda.adt.hmap.TypeSafeKey<?,V3>,V3,com.jnape.palatable.lambda.adt.hmap.TypeSafeKey<?,V4>,V4) is not applicable
[ERROR]       (cannot infer type-variable(s) V1,V2,V3,V4
[ERROR]         (actual and formal argument lists differ in length))
[ERROR]     method com.jnape.palatable.lambda.adt.hmap.HMap.<V1,V2,V3,V4,V5>hMap(com.jnape.palatable.lambda.adt.hmap.HMap.KeyValuePair<V1>,com.jnape.palatable.lambda.adt.hmap.HMap.KeyValuePair<V2>,com.jnape.palatable.lambda.adt.hmap.HMap.KeyValuePair<V3>,com.jnape.palatable.lambda.adt.hmap.HMap.KeyValuePair<V4>,com.jnape.palatable.lambda.adt.hmap.HMap.KeyValuePair<V5>) is not applicable
[ERROR]       (cannot infer type-variable(s) V1,V2,V3,V4,V5
[ERROR]         (actual and formal argument lists differ in length))
[ERROR]     method com.jnape.palatable.lambda.adt.hmap.HMap.<V1,V2,V3,V4,V5,V6>hMap(com.jnape.palatable.lambda.adt.hmap.HMap.KeyValuePair<V1>,com.jnape.palatable.lambda.adt.hmap.HMap.KeyValuePair<V2>,com.jnape.palatable.lambda.adt.hmap.HMap.KeyValuePair<V3>,com.jnape.palatable.lambda.adt.hmap.HMap.KeyValuePair<V4>,com.jnape.palatable.lambda.adt.hmap.HMap.KeyValuePair<V5>,com.jnape.palatable.lambda.adt.hmap.HMap.KeyValuePair<V6>) is not applicable
[ERROR]       (cannot infer type-variable(s) V1,V2,V3,V4,V5,V6
[ERROR]         (actual and formal argument lists differ in length))
[ERROR]     method com.jnape.palatable.lambda.adt.hmap.HMap.<V1,V2,V3,V4,V5,V6,V7>hMap(com.jnape.palatable.lambda.adt.hmap.HMap.KeyValuePair<V1>,com.jnape.palatable.lambda.adt.hmap.HMap.KeyValuePair<V2>,com.jnape.palatable.lambda.adt.hmap.HMap.KeyValuePair<V3>,com.jnape.palatable.lambda.adt.hmap.HMap.KeyValuePair<V4>,com.jnape.palatable.lambda.adt.hmap.HMap.KeyValuePair<V5>,com.jnape.palatable.lambda.adt.hmap.HMap.KeyValuePair<V6>,com.jnape.palatable.lambda.adt.hmap.HMap.KeyValuePair<V7>) is not applicable
[ERROR]       (cannot infer type-variable(s) V1,V2,V3,V4,V5,V6,V7
[ERROR]         (actual and formal argument lists differ in length))
[ERROR]     method com.jnape.palatable.lambda.adt.hmap.HMap.<V1,V2,V3,V4,V5,V6,V7,V8>hMap(com.jnape.palatable.lambda.adt.hmap.HMap.KeyValuePair<V1>,com.jnape.palatable.lambda.adt.hmap.HMap.KeyValuePair<V2>,com.jnape.palatable.lambda.adt.hmap.HMap.KeyValuePair<V3>,com.jnape.palatable.lambda.adt.hmap.HMap.KeyValuePair<V4>,com.jnape.palatable.lambda.adt.hmap.HMap.KeyValuePair<V5>,com.jnape.palatable.lambda.adt.hmap.HMap.KeyValuePair<V6>,com.jnape.palatable.lambda.adt.hmap.HMap.KeyValuePair<V7>,com.jnape.palatable.lambda.adt.hmap.HMap.KeyValuePair<V8>) is not applicable
[ERROR]       (cannot infer type-variable(s) V1,V2,V3,V4,V5,V6,V7,V8
[ERROR]         (actual and formal argument lists differ in length))
[ERROR] /workspaces/xxxx/code_cure_agent/cca_workspace/lambda/src/main/java/com/jnape/palatable/lambda/adt/hmap/HMap.java:[378,16] no suitable method found for hMap(com.jnape.palatable.lambda.adt.hmap.TypeSafeKey<capture#6 of ?,V1>,V1,com.jnape.palatable.lambda.adt.hmap.TypeSafeKey<capture#7 of ?,V2>,V2,com.jnape.palatable.lambda.adt.hmap.TypeSafeKey<capture#8 of ?,V3>,V3,com.jnape.palatable.lambda.adt.hmap.TypeSafeKey<capture#9 of ?,V4>,V4,com.jnape.palatable.lambda.adt.hmap.TypeSafeKey<capture#10 of ?,V5>,V5,com.jnape.palatable.lambda.adt.hmap.TypeSafeKey<capture#11 of ?,V6>,V6)
[ERROR]     method com.jnape.palatable.lambda.adt.hmap.HMap.<V1,V2>hMap(com.jnape.palatable.lambda.adt.hmap.TypeSafeKey<?,V1>,V1,com.jnape.palatable.lambda.adt.hmap.TypeSafeKey<?,V2>,V2) is not applicable
[ERROR]       (cannot infer type-variable(s) V1,V2
[ERROR]         (actual and formal argument lists differ in length))
[ERROR]     method com.jnape.palatable.lambda.adt.hmap.HMap.<V1,V2,V3>hMap(com.jnape.palatable.lambda.adt.hmap.TypeSafeKey<?,V1>,V1,com.jnape.palatable.lambda.adt.hmap.TypeSafeKey<?,V2>,V2,com.jnape.palatable.lambda.adt.hmap.TypeSafeKey<?,V3>,V3) is not applicable
[ERROR]       (cannot infer type-variable(s) V1,V2,V3
[ERROR]         (actual and formal argument lists differ in length))
[ERROR]     method com.jnape.palatable.lambda.adt.hmap.HMap.<V1,V2,V3,V4>hMap(com.jnape.palatable.lambda.adt.hmap.TypeSafeKey<?,V1>,V1,com.jnape.palatable.lambda.adt.hmap.TypeSafeKey<?,V2>,V2,com.jnape.palatable.lambda.adt.hmap.TypeSafeKey<?,V3>,V3,com.jnape.palatable.lambda.adt.hmap.TypeSafeKey<?,V4>,V4) is not applicable
[ERROR]       (cannot infer type-variable(s) V1,V2,V3,V4
[ERROR]         (actual and formal argument lists differ in length))
[ERROR]     method com.jnape.palatable.lambda.adt.hmap.HMap.<V1,V2,V3,V4,V5>hMap(com.jnape.palatable.lambda.adt.hmap.HMap.KeyValuePair<V1>,com.jnape.palatable.lambda.adt.hmap.HMap.KeyValuePair<V2>,com.jnape.palatable.lambda.adt.hmap.HMap.KeyValuePair<V3>,com.jnape.palatable.lambda.adt.hmap.HMap.KeyValuePair<V4>,com.jnape.palatable.lambda.adt.hmap.HMap.KeyValuePair<V5>) is not applicable
[ERROR]       (cannot infer type-variable(s) V1,V2,V3,V4,V5
[ERROR]         (actual and formal argument lists differ in length))
[ERROR]     method com.jnape.palatable.lambda.adt.hmap.HMap.<V1,V2,V3,V4,V5,V6>hMap(com.jnape.palatable.lambda.adt.hmap.HMap.KeyValuePair<V1>,com.jnape.palatable.lambda.adt.hmap.HMap.KeyValuePair<V2>,com.jnape.palatable.lambda.adt.hmap.HMap.KeyValuePair<V3>,com.jnape.palatable.lambda.adt.hmap.HMap.KeyValuePair<V4>,com.jnape.palatable.lambda.adt.hmap.HMap.KeyValuePair<V5>,com.jnape.palatable.lambda.adt.hmap.HMap.KeyValuePair<V6>) is not applicable
[ERROR]       (cannot infer type-variable(s) V1,V2,V3,V4,V5,V6
[ERROR]         (actual and formal argument lists differ in length))
[ERROR]     method com.jnape.palatable.lambda.adt.hmap.HMap.<V1,V2,V3,V4,V5,V6,V7>hMap(com.jnape.palatable.lambda.adt.hmap.HMap.KeyValuePair<V1>,com.jnape.palatable.lambda.adt.hmap.HMap.KeyValuePair<V2>,com.jnape.palatable.lambda.adt.hmap.HMap.KeyValuePair<V3>,com.jnape.palatable.lambda.adt.hmap.HMap.KeyValuePair<V4>,com.jnape.palatable.lambda.adt.hmap.HMap.KeyValuePair<V5>,com.jnape.palatable.lambda.adt.hmap.HMap.KeyValuePair<V6>,com.jnape.palatable.lambda.adt.hmap.HMap.KeyValuePair<V7>) is not applicable
[ERROR]       (cannot infer type-variable(s) V1,V2,V3,V4,V5,V6,V7
[ERROR]         (actual and formal argument lists differ in length))
[ERROR]     method com.jnape.palatable.lambda.adt.hmap.HMap.<V1,V2,V3,V4,V5,V6,V7,V8>hMap(com.jnape.palatable.lambda.adt.hmap.HMap.KeyValuePair<V1>,com.jnape.palatable.lambda.adt.hmap.HMap.KeyValuePair<V2>,com.jnape.palatable.lambda.adt.hmap.HMap.KeyValuePair<V3>,com.jnape.palatable.lambda.adt.hmap.HMap.KeyValuePair<V4>,com.jnape.palatable.lambda.adt.hmap.HMap.KeyValuePair<V5>,com.jnape.palatable.lambda.adt.hmap.HMap.KeyValuePair<V6>,com.jnape.palatable.lambda.adt.hmap.HMap.KeyValuePair<V7>,com.jnape.palatable.lambda.adt.hmap.HMap.KeyValuePair<V8>) is not applicable
[ERROR]       (cannot infer type-variable(s) V1,V2,V3,V4,V5,V6,V7,V8
[ERROR]         (actual and formal argument lists differ in length))
[ERROR] /workspaces/xxxx/code_cure_agent/cca_workspace/lambda/src/main/java/com/jnape/palatable/lambda/adt/hmap/HMap.java:[424,16] no suitable method found for hMap(com.jnape.palatable.lambda.adt.hmap.TypeSafeKey<capture#12 of ?,V1>,V1,com.jnape.palatable.lambda.adt.hmap.TypeSafeKey<capture#13 of ?,V2>,V2,com.jnape.palatable.lambda.adt.hmap.TypeSafeKey<capture#14 of ?,V3>,V3,com.jnape.palatable.lambda.adt.hmap.TypeSafeKey<capture#15 of ?,V4>,V4,com.jnape.palatable.lambda.adt.hmap.TypeSafeKey<capture#16 of ?,V5>,V5,com.jnape.palatable.lambda.adt.hmap.TypeSafeKey<capture#17 of ?,V6>,V6,com.jnape.palatable.lambda.adt.hmap.TypeSafeKey<capture#18 of ?,V7>,V7)
[ERROR]     method com.jnape.palatable.lambda.adt.hmap.HMap.<V1,V2>hMap(com.jnape.palatable.lambda.adt.hmap.TypeSafeKey<?,V1>,V1,com.jnape.palatable.lambda.adt.hmap.TypeSafeKey<?,V2>,V2) is not applicable
[ERROR]       (cannot infer type-variable(s) V1,V2
[ERROR]         (actual and formal argument lists differ in length))
[ERROR]     method com.jnape.palatable.lambda.adt.hmap.HMap.<V1,V2,V3>hMap(com.jnape.palatable.lambda.adt.hmap.TypeSafeKey<?,V1>,V1,com.jnape.palatable.lambda.adt.hmap.TypeSafeKey<?,V2>,V2,com.jnape.palatable.lambda.adt.hmap.TypeSafeKey<?,V3>,V3) is not applicable
[ERROR]       (cannot infer type-variable(s) V1,V2,V3
[ERROR]         (actual and formal argument lists differ in length))
[ERROR]     method com.jnape.palatable.lambda.adt.hmap.HMap.<V1,V2,V3,V4>hMap(com.jnape.palatable.lambda.adt.hmap.TypeSafeKey<?,V1>,V1,com.jnape.palatable.lambda.adt.hmap.TypeSafeKey<?,V2>,V2,com.jnape.palatable.lambda.adt.hmap.TypeSafeKey<?,V3>,V3,com.jnape.palatable.lambda.adt.hmap.TypeSafeKey<?,V4>,V4) is not applicable
[ERROR]       (cannot infer type-variable(s) V1,V2,V3,V4
[ERROR]         (actual and formal argument lists differ in length))
[ERROR]     method com.jnape.palatable.lambda.adt.hmap.HMap.<V1,V2,V3,V4,V5>hMap(com.jnape.palatable.lambda.adt.hmap.HMap.KeyValuePair<V1>,com.jnape.palatable.lambda.adt.hmap.HMap.KeyValuePair<V2>,com.jnape.palatable.lambda.adt.hmap.HMap.KeyValuePair<V3>,com.jnape.palatable.lambda.adt.hmap.HMap.KeyValuePair<V4>,com.jnape.palatable.lambda.adt.hmap.HMap.KeyValuePair<V5>) is not applicable
[ERROR]       (cannot infer type-variable(s) V1,V2,V3,V4,V5
[ERROR]         (actual and formal argument lists differ in length))
[ERROR]     method com.jnape.palatable.lambda.adt.hmap.HMap.<V1,V2,V3,V4,V5,V6>hMap(com.jnape.palatable.lambda.adt.hmap.HMap.KeyValuePair<V1>,com.jnape.palatable.lambda.adt.hmap.HMap.KeyValuePair<V2>,com.jnape.palatable.lambda.adt.hmap.HMap.KeyValuePair<V3>,com.jnape.palatable.lambda.adt.hmap.HMap.KeyValuePair<V4>,com.jnape.palatable.lambda.adt.hmap.HMap.KeyValuePair<V5>,com.jnape.palatable.lambda.adt.hmap.HMap.KeyValuePair<V6>) is not applicable
[ERROR]       (cannot infer type-variable(s) V1,V2,V3,V4,V5,V6
[ERROR]         (actual and formal argument lists differ in length))
[ERROR]     method com.jnape.palatable.lambda.adt.hmap.HMap.<V1,V2,V3,V4,V5,V6,V7>hMap(com.jnape.palatable.lambda.adt.hmap.HMap.KeyValuePair<V1>,com.jnape.palatable.lambda.adt.hmap.HMap.KeyValuePair<V2>,com.jnape.palatable.lambda.adt.hmap.HMap.KeyValuePair<V3>,com.jnape.palatable.lambda.adt.hmap.HMap.KeyValuePair<V4>,com.jnape.palatable.lambda.adt.hmap.HMap.KeyValuePair<V5>,com.jnape.palatable.lambda.adt.hmap.HMap.KeyValuePair<V6>,com.jnape.palatable.lambda.adt.hmap.HMap.KeyValuePair<V7>) is not applicable
[ERROR]       (cannot infer type-variable(s) V1,V2,V3,V4,V5,V6,V7
[ERROR]         (actual and formal argument lists differ in length))
[ERROR]     method com.jnape.palatable.lambda.adt.hmap.HMap.<V1,V2,V3,V4,V5,V6,V7,V8>hMap(com.jnape.palatable.lambda.adt.hmap.HMap.KeyValuePair<V1>,com.jnape.palatable.lambda.adt.hmap.HMap.KeyValuePair<V2>,com.jnape.palatable.lambda.adt.hmap.HMap.KeyValuePair<V3>,com.jnape.palatable.lambda.adt.hmap.HMap.KeyValuePair<V4>,com.jnape.palatable.lambda.adt.hmap.HMap.KeyValuePair<V5>,com.jnape.palatable.lambda.adt.hmap.HMap.KeyValuePair<V6>,com.jnape.palatable.lambda.adt.hmap.HMap.KeyValuePair<V7>,com.jnape.palatable.lambda.adt.hmap.HMap.KeyValuePair<V8>) is not applicable
[ERROR]       (cannot infer type-variable(s) V1,V2,V3,V4,V5,V6,V7,V8
[ERROR]         (actual and formal argument lists differ in length))
[ERROR] -> [Help 1]
[ERROR] 
[ERROR] To see the full stack trace of the errors, re-run Maven with the -e switch.
[ERROR] Re-run Maven using the -X switch to enable full debug logging.
[ERROR] 
[ERROR] For more information about the errors and possible solutions, please read the following articles:
[ERROR] [Help 1] http://cwiki.apache.org/confluence/display/MAVEN/MojoFailureException
