[INFO] Scanning for projects...
[INFO] 
[INFO] ---------------------< com.jnape.palatable:lambda >---------------------
[INFO] Building Lambda 5.2.1-SNAPSHOT
[INFO] --------------------------------[ jar ]---------------------------------
[INFO] 
[INFO] --- maven-clean-plugin:2.5:clean (default-clean) @ lambda ---
[INFO] Deleting /workspaces/xxxx/code_cure_agent/cca_workspace/lambda/target
[INFO] 
[INFO] --- maven-enforcer-plugin:1.0:enforce (enforce-maven) @ lambda ---
[INFO] 
[INFO] --- maven-resources-plugin:2.6:resources (default-resources) @ lambda ---
[INFO] Using 'UTF-8' encoding to copy filtered resources.
[INFO] skip non existing resourceDirectory /workspaces/xxxx/code_cure_agent/cca_workspace/lambda/src/main/resources
[INFO] 
[INFO] --- maven-compiler-plugin:3.3:compile (default-compile) @ lambda ---
[INFO] Changes detected - recompiling the module!
[INFO] Compiling 315 source files to /workspaces/xxxx/code_cure_agent/cca_workspace/lambda/target/classes
[INFO] 
[INFO] --- maven-resources-plugin:2.6:testResources (default-testResources) @ lambda ---
[INFO] Using 'UTF-8' encoding to copy filtered resources.
[INFO] skip non existing resourceDirectory /workspaces/xxxx/code_cure_agent/cca_workspace/lambda/src/test/resources
[INFO] 
[INFO] --- maven-compiler-plugin:3.3:testCompile (default-testCompile) @ lambda ---
[INFO] Changes detected - recompiling the module!
[INFO] Compiling 324 source files to /workspaces/xxxx/code_cure_agent/cca_workspace/lambda/target/test-classes
[INFO] -------------------------------------------------------------
[ERROR] COMPILATION ERROR : 
[INFO] -------------------------------------------------------------
[ERROR] /workspaces/xxxx/code_cure_agent/cca_workspace/lambda/src/test/java/com/jnape/palatable/lambda/adt/hmap/HMapTest.java:[235,22] no suitable method found for hMap(com.jnape.palatable.lambda.adt.hmap.TypeSafeKey.Simple<java.lang.String>,java.lang.String,com.jnape.palatable.lambda.adt.hmap.TypeSafeKey.Simple<java.lang.Integer>,int,com.jnape.palatable.lambda.adt.hmap.TypeSafeKey.Simple<java.lang.Float>,float,com.jnape.palatable.lambda.adt.hmap.TypeSafeKey.Simple<java.lang.Byte>,byte)
    method com.jnape.palatable.lambda.adt.hmap.HMap.<V1,V2,V3,V4,V5,V6,V7,V8>hMap(com.jnape.palatable.lambda.adt.hmap.TypeSafeKey<?,V1>,V1,com.jnape.palatable.lambda.adt.hmap.TypeSafeKey<?,V2>,V2,com.jnape.palatable.lambda.adt.hmap.TypeSafeKey<?,V3>,V3,com.jnape.palatable.lambda.adt.hmap.HMap.Association<V4>,com.jnape.palatable.lambda.adt.hmap.HMap.Association<V5>,com.jnape.palatable.lambda.adt.hmap.HMap.Association<V6>,com.jnape.palatable.lambda.adt.hmap.HMap.Association<V7>,com.jnape.palatable.lambda.adt.hmap.HMap.Association<V8>) is not applicable
      (cannot infer type-variable(s) V1,V2,V3,V4,V5,V6,V7,V8
        (actual and formal argument lists differ in length))
    method com.jnape.palatable.lambda.adt.hmap.HMap.<V1,V2,V3,V4,V5,V6,V7>hMap(com.jnape.palatable.lambda.adt.hmap.TypeSafeKey<?,V1>,V1,com.jnape.palatable.lambda.adt.hmap.TypeSafeKey<?,V2>,V2,com.jnape.palatable.lambda.adt.hmap.TypeSafeKey<?,V3>,V3,com.jnape.palatable.lambda.adt.hmap.HMap.Association<V4>,com.jnape.palatable.lambda.adt.hmap.HMap.Association<V5>,com.jnape.palatable.lambda.adt.hmap.HMap.Association<V6>,com.jnape.palatable.lambda.adt.hmap.HMap.Association<V7>) is not applicable
      (cannot infer type-variable(s) V1,V2,V3,V4,V5,V6,V7
        (actual and formal argument lists differ in length))
    method com.jnape.palatable.lambda.adt.hmap.HMap.<V1,V2,V3,V4,V5,V6>hMap(com.jnape.palatable.lambda.adt.hmap.TypeSafeKey<?,V1>,V1,com.jnape.palatable.lambda.adt.hmap.TypeSafeKey<?,V2>,V2,com.jnape.palatable.lambda.adt.hmap.TypeSafeKey<?,V3>,V3,com.jnape.palatable.lambda.adt.hmap.HMap.Association<V4>,com.jnape.palatable.lambda.adt.hmap.HMap.Association<V5>,com.jnape.palatable.lambda.adt.hmap.HMap.Association<V6>) is not applicable
      (cannot infer type-variable(s) V1,V2,V3,V4,V5,V6
        (actual and formal argument lists differ in length))
    method com.jnape.palatable.lambda.adt.hmap.HMap.<V1,V2,V3,V4,V5>hMap(com.jnape.palatable.lambda.adt.hmap.TypeSafeKey<?,V1>,V1,com.jnape.palatable.lambda.adt.hmap.TypeSafeKey<?,V2>,V2,com.jnape.palatable.lambda.adt.hmap.TypeSafeKey<?,V3>,V3,com.jnape.palatable.lambda.adt.hmap.HMap.Association<V4>,com.jnape.palatable.lambda.adt.hmap.HMap.Association<V5>) is not applicable
      (cannot infer type-variable(s) V1,V2,V3,V4,V5
        (argument mismatch; com.jnape.palatable.lambda.adt.hmap.TypeSafeKey.Simple<java.lang.Byte> cannot be converted to com.jnape.palatable.lambda.adt.hmap.HMap.Association<V4>))
    method com.jnape.palatable.lambda.adt.hmap.HMap.<V1,V2,V3,V4>hMap(com.jnape.palatable.lambda.adt.hmap.TypeSafeKey<?,V1>,V1,com.jnape.palatable.lambda.adt.hmap.TypeSafeKey<?,V2>,V2,com.jnape.palatable.lambda.adt.hmap.TypeSafeKey<?,V3>,V3,com.jnape.palatable.lambda.adt.hmap.HMap.Association<V4>) is not applicable
      (cannot infer type-variable(s) V1,V2,V3,V4
        (actual and formal argument lists differ in length))
    method com.jnape.palatable.lambda.adt.hmap.HMap.<V1,V2,V3>hMap(com.jnape.palatable.lambda.adt.hmap.TypeSafeKey<?,V1>,V1,com.jnape.palatable.lambda.adt.hmap.TypeSafeKey<?,V2>,V2,com.jnape.palatable.lambda.adt.hmap.TypeSafeKey<?,V3>,V3) is not applicable
      (cannot infer type-variable(s) V1,V2,V3
        (actual and formal argument lists differ in length))
    method com.jnape.palatable.lambda.adt.hmap.HMap.<V1,V2>hMap(com.jnape.palatable.lambda.adt.hmap.TypeSafeKey<?,V1>,V1,com.jnape.palatable.lambda.adt.hmap.TypeSafeKey<?,V2>,V2) is not applicable
      (cannot infer type-variable(s) V1,V2
        (actual and formal argument lists differ in length))
[ERROR] /workspaces/xxxx/code_cure_agent/cca_workspace/lambda/src/test/java/com/jnape/palatable/lambda/adt/hmap/HMapTest.java:[241,22] no suitable method found for hMap(com.jnape.palatable.lambda.adt.hmap.TypeSafeKey.Simple<java.lang.String>,java.lang.String,com.jnape.palatable.lambda.adt.hmap.TypeSafeKey.Simple<java.lang.Integer>,int,com.jnape.palatable.lambda.adt.hmap.TypeSafeKey.Simple<java.lang.Float>,float,com.jnape.palatable.lambda.adt.hmap.TypeSafeKey.Simple<java.lang.Byte>,byte,com.jnape.palatable.lambda.adt.hmap.TypeSafeKey.Simple<java.lang.Short>,short)
    method com.jnape.palatable.lambda.adt.hmap.HMap.<V1,V2,V3,V4,V5,V6,V7,V8>hMap(com.jnape.palatable.lambda.adt.hmap.TypeSafeKey<?,V1>,V1,com.jnape.palatable.lambda.adt.hmap.TypeSafeKey<?,V2>,V2,com.jnape.palatable.lambda.adt.hmap.TypeSafeKey<?,V3>,V3,com.jnape.palatable.lambda.adt.hmap.HMap.Association<V4>,com.jnape.palatable.lambda.adt.hmap.HMap.Association<V5>,com.jnape.palatable.lambda.adt.hmap.HMap.Association<V6>,com.jnape.palatable.lambda.adt.hmap.HMap.Association<V7>,com.jnape.palatable.lambda.adt.hmap.HMap.Association<V8>) is not applicable
      (cannot infer type-variable(s) V1,V2,V3,V4,V5,V6,V7,V8
        (actual and formal argument lists differ in length))
    method com.jnape.palatable.lambda.adt.hmap.HMap.<V1,V2,V3,V4,V5,V6,V7>hMap(com.jnape.palatable.lambda.adt.hmap.TypeSafeKey<?,V1>,V1,com.jnape.palatable.lambda.adt.hmap.TypeSafeKey<?,V2>,V2,com.jnape.palatable.lambda.adt.hmap.TypeSafeKey<?,V3>,V3,com.jnape.palatable.lambda.adt.hmap.HMap.Association<V4>,com.jnape.palatable.lambda.adt.hmap.HMap.Association<V5>,com.jnape.palatable.lambda.adt.hmap.HMap.Association<V6>,com.jnape.palatable.lambda.adt.hmap.HMap.Association<V7>) is not applicable
      (cannot infer type-variable(s) V1,V2,V3,V4,V5,V6,V7
        (argument mismatch; com.jnape.palatable.lambda.adt.hmap.TypeSafeKey.Simple<java.lang.Byte> cannot be converted to com.jnape.palatable.lambda.adt.hmap.HMap.Association<V4>))
    method com.jnape.palatable.lambda.adt.hmap.HMap.<V1,V2,V3,V4,V5,V6>hMap(com.jnape.palatable.lambda.adt.hmap.TypeSafeKey<?,V1>,V1,com.jnape.palatable.lambda.adt.hmap.TypeSafeKey<?,V2>,V2,com.jnape.palatable.lambda.adt.hmap.TypeSafeKey<?,V3>,V3,com.jnape.palatable.lambda.adt.hmap.HMap.Association<V4>,com.jnape.palatable.lambda.adt.hmap.HMap.Association<V5>,com.jnape.palatable.lambda.adt.hmap.HMap.Association<V6>) is not applicable
      (cannot infer type-variable(s) V1,V2,V3,V4,V5,V6
        (actual and formal argument lists differ in length))
    method com.jnape.palatable.lambda.adt.hmap.HMap.<V1,V2,V3,V4,V5>hMap(com.jnape.palatable.lambda.adt.hmap.TypeSafeKey<?,V1>,V1,com.jnape.palatable.lambda.adt.hmap.TypeSafeKey<?,V2>,V2,com.jnape.palatable.lambda.adt.hmap.TypeSafeKey<?,V3>,V3,com.jnape.palatable.lambda.adt.hmap.HMap.Association<V4>,com.jnape.palatable.lambda.adt.hmap.HMap.Association<V5>) is not applicable
      (cannot infer type-variable(s) V1,V2,V3,V4,V5
        (actual and formal argument lists differ in length))
    method com.jnape.palatable.lambda.adt.hmap.HMap.<V1,V2,V3,V4>hMap(com.jnape.palatable.lambda.adt.hmap.TypeSafeKey<?,V1>,V1,com.jnape.palatable.lambda.adt.hmap.TypeSafeKey<?,V2>,V2,com.jnape.palatable.lambda.adt.hmap.TypeSafeKey<?,V3>,V3,com.jnape.palatable.lambda.adt.hmap.HMap.Association<V4>) is not applicable
      (cannot infer type-variable(s) V1,V2,V3,V4
        (actual and formal argument lists differ in length))
    method com.jnape.palatable.lambda.adt.hmap.HMap.<V1,V2,V3>hMap(com.jnape.palatable.lambda.adt.hmap.TypeSafeKey<?,V1>,V1,com.jnape.palatable.lambda.adt.hmap.TypeSafeKey<?,V2>,V2,com.jnape.palatable.lambda.adt.hmap.TypeSafeKey<?,V3>,V3) is not applicable
      (cannot infer type-variable(s) V1,V2,V3
        (actual and formal argument lists differ in length))
    method com.jnape.palatable.lambda.adt.hmap.HMap.<V1,V2>hMap(com.jnape.palatable.lambda.adt.hmap.TypeSafeKey<?,V1>,V1,com.jnape.palatable.lambda.adt.hmap.TypeSafeKey<?,V2>,V2) is not applicable
      (cannot infer type-variable(s) V1,V2
        (actual and formal argument lists differ in length))
[ERROR] /workspaces/xxxx/code_cure_agent/cca_workspace/lambda/src/test/java/com/jnape/palatable/lambda/adt/hmap/HMapTest.java:[248,22] no suitable method found for hMap(com.jnape.palatable.lambda.adt.hmap.TypeSafeKey.Simple<java.lang.String>,java.lang.String,com.jnape.palatable.lambda.adt.hmap.TypeSafeKey.Simple<java.lang.Integer>,int,com.jnape.palatable.lambda.adt.hmap.TypeSafeKey.Simple<java.lang.Float>,float,com.jnape.palatable.lambda.adt.hmap.TypeSafeKey.Simple<java.lang.Byte>,byte,com.jnape.palatable.lambda.adt.hmap.TypeSafeKey.Simple<java.lang.Short>,short,com.jnape.palatable.lambda.adt.hmap.TypeSafeKey.Simple<java.lang.Long>,long)
    method com.jnape.palatable.lambda.adt.hmap.HMap.<V1,V2,V3,V4,V5,V6,V7,V8>hMap(com.jnape.palatable.lambda.adt.hmap.TypeSafeKey<?,V1>,V1,com.jnape.palatable.lambda.adt.hmap.TypeSafeKey<?,V2>,V2,com.jnape.palatable.lambda.adt.hmap.TypeSafeKey<?,V3>,V3,com.jnape.palatable.lambda.adt.hmap.HMap.Association<V4>,com.jnape.palatable.lambda.adt.hmap.HMap.Association<V5>,com.jnape.palatable.lambda.adt.hmap.HMap.Association<V6>,com.jnape.palatable.lambda.adt.hmap.HMap.Association<V7>,com.jnape.palatable.lambda.adt.hmap.HMap.Association<V8>) is not applicable
      (cannot infer type-variable(s) V1,V2,V3,V4,V5,V6,V7,V8
        (actual and formal argument lists differ in length))
    method com.jnape.palatable.lambda.adt.hmap.HMap.<V1,V2,V3,V4,V5,V6,V7>hMap(com.jnape.palatable.lambda.adt.hmap.TypeSafeKey<?,V1>,V1,com.jnape.palatable.lambda.adt.hmap.TypeSafeKey<?,V2>,V2,com.jnape.palatable.lambda.adt.hmap.TypeSafeKey<?,V3>,V3,com.jnape.palatable.lambda.adt.hmap.HMap.Association<V4>,com.jnape.palatable.lambda.adt.hmap.HMap.Association<V5>,com.jnape.palatable.lambda.adt.hmap.HMap.Association<V6>,com.jnape.palatable.lambda.adt.hmap.HMap.Association<V7>) is not applicable
      (cannot infer type-variable(s) V1,V2,V3,V4,V5,V6,V7
        (actual and formal argument lists differ in length))
    method com.jnape.palatable.lambda.adt.hmap.HMap.<V1,V2,V3,V4,V5,V6>hMap(com.jnape.palatable.lambda.adt.hmap.TypeSafeKey<?,V1>,V1,com.jnape.palatable.lambda.adt.hmap.TypeSafeKey<?,V2>,V2,com.jnape.palatable.lambda.adt.hmap.TypeSafeKey<?,V3>,V3,com.jnape.palatable.lambda.adt.hmap.HMap.Association<V4>,com.jnape.palatable.lambda.adt.hmap.HMap.Association<V5>,com.jnape.palatable.lambda.adt.hmap.HMap.Association<V6>) is not applicable
      (cannot infer type-variable(s) V1,V2,V3,V4,V5,V6
        (actual and formal argument lists differ in length))
    method com.jnape.palatable.lambda.adt.hmap.HMap.<V1,V2,V3,V4,V5>hMap(com.jnape.palatable.lambda.adt.hmap.TypeSafeKey<?,V1>,V1,com.jnape.palatable.lambda.adt.hmap.TypeSafeKey<?,V2>,V2,com.jnape.palatable.lambda.adt.hmap.TypeSafeKey<?,V3>,V3,com.jnape.palatable.lambda.adt.hmap.HMap.Association<V4>,com.jnape.palatable.lambda.adt.hmap.HMap.Association<V5>) is not applicable
      (cannot infer type-variable(s) V1,V2,V3,V4,V5
        (actual and formal argument lists differ in length))
    method com.jnape.palatable.lambda.adt.hmap.HMap.<V1,V2,V3,V4>hMap(com.jnape.palatable.lambda.adt.hmap.TypeSafeKey<?,V1>,V1,com.jnape.palatable.lambda.adt.hmap.TypeSafeKey<?,V2>,V2,com.jnape.palatable.lambda.adt.hmap.TypeSafeKey<?,V3>,V3,com.jnape.palatable.lambda.adt.hmap.HMap.Association<V4>) is not applicable
      (cannot infer type-variable(s) V1,V2,V3,V4
        (actual and formal argument lists differ in length))
    method com.jnape.palatable.lambda.adt.hmap.HMap.<V1,V2,V3>hMap(com.jnape.palatable.lambda.adt.hmap.TypeSafeKey<?,V1>,V1,com.jnape.palatable.lambda.adt.hmap.TypeSafeKey<?,V2>,V2,com.jnape.palatable.lambda.adt.hmap.TypeSafeKey<?,V3>,V3) is not applicable
      (cannot infer type-variable(s) V1,V2,V3
        (actual and formal argument lists differ in length))
    method com.jnape.palatable.lambda.adt.hmap.HMap.<V1,V2>hMap(com.jnape.palatable.lambda.adt.hmap.TypeSafeKey<?,V1>,V1,com.jnape.palatable.lambda.adt.hmap.TypeSafeKey<?,V2>,V2) is not applicable
      (cannot infer type-variable(s) V1,V2
        (actual and formal argument lists differ in length))
[ERROR] /workspaces/xxxx/code_cure_agent/cca_workspace/lambda/src/test/java/com/jnape/palatable/lambda/adt/hmap/HMapTest.java:[256,22] no suitable method found for hMap(com.jnape.palatable.lambda.adt.hmap.TypeSafeKey.Simple<java.lang.String>,java.lang.String,com.jnape.palatable.lambda.adt.hmap.TypeSafeKey.Simple<java.lang.Integer>,int,com.jnape.palatable.lambda.adt.hmap.TypeSafeKey.Simple<java.lang.Float>,float,com.jnape.palatable.lambda.adt.hmap.TypeSafeKey.Simple<java.lang.Byte>,byte,com.jnape.palatable.lambda.adt.hmap.TypeSafeKey.Simple<java.lang.Short>,short,com.jnape.palatable.lambda.adt.hmap.TypeSafeKey.Simple<java.lang.Long>,long,com.jnape.palatable.lambda.adt.hmap.TypeSafeKey.Simple<java.lang.Double>,double)
    method com.jnape.palatable.lambda.adt.hmap.HMap.<V1,V2,V3,V4,V5,V6,V7,V8>hMap(com.jnape.palatable.lambda.adt.hmap.TypeSafeKey<?,V1>,V1,com.jnape.palatable.lambda.adt.hmap.TypeSafeKey<?,V2>,V2,com.jnape.palatable.lambda.adt.hmap.TypeSafeKey<?,V3>,V3,com.jnape.palatable.lambda.adt.hmap.HMap.Association<V4>,com.jnape.palatable.lambda.adt.hmap.HMap.Association<V5>,com.jnape.palatable.lambda.adt.hmap.HMap.Association<V6>,com.jnape.palatable.lambda.adt.hmap.HMap.Association<V7>,com.jnape.palatable.lambda.adt.hmap.HMap.Association<V8>) is not applicable
      (cannot infer type-variable(s) V1,V2,V3,V4,V5,V6,V7,V8
        (actual and formal argument lists differ in length))
    method com.jnape.palatable.lambda.adt.hmap.HMap.<V1,V2,V3,V4,V5,V6,V7>hMap(com.jnape.palatable.lambda.adt.hmap.TypeSafeKey<?,V1>,V1,com.jnape.palatable.lambda.adt.hmap.TypeSafeKey<?,V2>,V2,com.jnape.palatable.lambda.adt.hmap.TypeSafeKey<?,V3>,V3,com.jnape.palatable.lambda.adt.hmap.HMap.Association<V4>,com.jnape.palatable.lambda.adt.hmap.HMap.Association<V5>,com.jnape.palatable.lambda.adt.hmap.HMap.Association<V6>,com.jnape.palatable.lambda.adt.hmap.HMap.Association<V7>) is not applicable
      (cannot infer type-variable(s) V1,V2,V3,V4,V5,V6,V7
        (actual and formal argument lists differ in length))
    method com.jnape.palatable.lambda.adt.hmap.HMap.<V1,V2,V3,V4,V5,V6>hMap(com.jnape.palatable.lambda.adt.hmap.TypeSafeKey<?,V1>,V1,com.jnape.palatable.lambda.adt.hmap.TypeSafeKey<?,V2>,V2,com.jnape.palatable.lambda.adt.hmap.TypeSafeKey<?,V3>,V3,com.jnape.palatable.lambda.adt.hmap.HMap.Association<V4>,com.jnape.palatable.lambda.adt.hmap.HMap.Association<V5>,com.jnape.palatable.lambda.adt.hmap.HMap.Association<V6>) is not applicable
      (cannot infer type-variable(s) V1,V2,V3,V4,V5,V6
        (actual and formal argument lists differ in length))
    method com.jnape.palatable.lambda.adt.hmap.HMap.<V1,V2,V3,V4,V5>hMap(com.jnape.palatable.lambda.adt.hmap.TypeSafeKey<?,V1>,V1,com.jnape.palatable.lambda.adt.hmap.TypeSafeKey<?,V2>,V2,com.jnape.palatable.lambda.adt.hmap.TypeSafeKey<?,V3>,V3,com.jnape.palatable.lambda.adt.hmap.HMap.Association<V4>,com.jnape.palatable.lambda.adt.hmap.HMap.Association<V5>) is not applicable
      (cannot infer type-variable(s) V1,V2,V3,V4,V5
        (actual and formal argument lists differ in length))
    method com.jnape.palatable.lambda.adt.hmap.HMap.<V1,V2,V3,V4>hMap(com.jnape.palatable.lambda.adt.hmap.TypeSafeKey<?,V1>,V1,com.jnape.palatable.lambda.adt.hmap.TypeSafeKey<?,V2>,V2,com.jnape.palatable.lambda.adt.hmap.TypeSafeKey<?,V3>,V3,com.jnape.palatable.lambda.adt.hmap.HMap.Association<V4>) is not applicable
      (cannot infer type-variable(s) V1,V2,V3,V4
        (actual and formal argument lists differ in length))
    method com.jnape.palatable.lambda.adt.hmap.HMap.<V1,V2,V3>hMap(com.jnape.palatable.lambda.adt.hmap.TypeSafeKey<?,V1>,V1,com.jnape.palatable.lambda.adt.hmap.TypeSafeKey<?,V2>,V2,com.jnape.palatable.lambda.adt.hmap.TypeSafeKey<?,V3>,V3) is not applicable
      (cannot infer type-variable(s) V1,V2,V3
        (actual and formal argument lists differ in length))
    method com.jnape.palatable.lambda.adt.hmap.HMap.<V1,V2>hMap(com.jnape.palatable.lambda.adt.hmap.TypeSafeKey<?,V1>,V1,com.jnape.palatable.lambda.adt.hmap.TypeSafeKey<?,V2>,V2) is not applicable
      (cannot infer type-variable(s) V1,V2
        (actual and formal argument lists differ in length))
[ERROR] /workspaces/xxxx/code_cure_agent/cca_workspace/lambda/src/test/java/com/jnape/palatable/lambda/adt/hmap/HMapTest.java:[265,22] no suitable method found for hMap(com.jnape.palatable.lambda.adt.hmap.TypeSafeKey.Simple<java.lang.String>,java.lang.String,com.jnape.palatable.lambda.adt.hmap.TypeSafeKey.Simple<java.lang.Integer>,int,com.jnape.palatable.lambda.adt.hmap.TypeSafeKey.Simple<java.lang.Float>,float,com.jnape.palatable.lambda.adt.hmap.TypeSafeKey.Simple<java.lang.Byte>,byte,com.jnape.palatable.lambda.adt.hmap.TypeSafeKey.Simple<java.lang.Short>,short,com.jnape.palatable.lambda.adt.hmap.TypeSafeKey.Simple<java.lang.Long>,long,com.jnape.palatable.lambda.adt.hmap.TypeSafeKey.Simple<java.lang.Double>,double,com.jnape.palatable.lambda.adt.hmap.TypeSafeKey.Simple<java.lang.Character>,char)
    method com.jnape.palatable.lambda.adt.hmap.HMap.<V1,V2,V3,V4,V5,V6,V7,V8>hMap(com.jnape.palatable.lambda.adt.hmap.TypeSafeKey<?,V1>,V1,com.jnape.palatable.lambda.adt.hmap.TypeSafeKey<?,V2>,V2,com.jnape.palatable.lambda.adt.hmap.TypeSafeKey<?,V3>,V3,com.jnape.palatable.lambda.adt.hmap.HMap.Association<V4>,com.jnape.palatable.lambda.adt.hmap.HMap.Association<V5>,com.jnape.palatable.lambda.adt.hmap.HMap.Association<V6>,com.jnape.palatable.lambda.adt.hmap.HMap.Association<V7>,com.jnape.palatable.lambda.adt.hmap.HMap.Association<V8>) is not applicable
      (cannot infer type-variable(s) V1,V2,V3,V4,V5,V6,V7,V8
        (actual and formal argument lists differ in length))
    method com.jnape.palatable.lambda.adt.hmap.HMap.<V1,V2,V3,V4,V5,V6,V7>hMap(com.jnape.palatable.lambda.adt.hmap.TypeSafeKey<?,V1>,V1,com.jnape.palatable.lambda.adt.hmap.TypeSafeKey<?,V2>,V2,com.jnape.palatable.lambda.adt.hmap.TypeSafeKey<?,V3>,V3,com.jnape.palatable.lambda.adt.hmap.HMap.Association<V4>,com.jnape.palatable.lambda.adt.hmap.HMap.Association<V5>,com.jnape.palatable.lambda.adt.hmap.HMap.Association<V6>,com.jnape.palatable.lambda.adt.hmap.HMap.Association<V7>) is not applicable
      (cannot infer type-variable(s) V1,V2,V3,V4,V5,V6,V7
        (actual and formal argument lists differ in length))
    method com.jnape.palatable.lambda.adt.hmap.HMap.<V1,V2,V3,V4,V5,V6>hMap(com.jnape.palatable.lambda.adt.hmap.TypeSafeKey<?,V1>,V1,com.jnape.palatable.lambda.adt.hmap.TypeSafeKey<?,V2>,V2,com.jnape.palatable.lambda.adt.hmap.TypeSafeKey<?,V3>,V3,com.jnape.palatable.lambda.adt.hmap.HMap.Association<V4>,com.jnape.palatable.lambda.adt.hmap.HMap.Association<V5>,com.jnape.palatable.lambda.adt.hmap.HMap.Association<V6>) is not applicable
      (cannot infer type-variable(s) V1,V2,V3,V4,V5,V6
        (actual and formal argument lists differ in length))
    method com.jnape.palatable.lambda.adt.hmap.HMap.<V1,V2,V3,V4,V5>hMap(com.jnape.palatable.lambda.adt.hmap.TypeSafeKey<?,V1>,V1,com.jnape.palatable.lambda.adt.hmap.TypeSafeKey<?,V2>,V2,com.jnape.palatable.lambda.adt.hmap.TypeSafeKey<?,V3>,V3,com.jnape.palatable.lambda.adt.hmap.HMap.Association<V4>,com.jnape.palatable.lambda.adt.hmap.HMap.Association<V5>) is not applicable
      (cannot infer type-variable(s) V1,V2,V3,V4,V5
        (actual and formal argument lists differ in length))
    method com.jnape.palatable.lambda.adt.hmap.HMap.<V1,V2,V3,V4>hMap(com.jnape.palatable.lambda.adt.hmap.TypeSafeKey<?,V1>,V1,com.jnape.palatable.lambda.adt.hmap.TypeSafeKey<?,V2>,V2,com.jnape.palatable.lambda.adt.hmap.TypeSafeKey<?,V3>,V3,com.jnape.palatable.lambda.adt.hmap.HMap.Association<V4>) is not applicable
      (cannot infer type-variable(s) V1,V2,V3,V4
        (actual and formal argument lists differ in length))
    method com.jnape.palatable.lambda.adt.hmap.HMap.<V1,V2,V3>hMap(com.jnape.palatable.lambda.adt.hmap.TypeSafeKey<?,V1>,V1,com.jnape.palatable.lambda.adt.hmap.TypeSafeKey<?,V2>,V2,com.jnape.palatable.lambda.adt.hmap.TypeSafeKey<?,V3>,V3) is not applicable
      (cannot infer type-variable(s) V1,V2,V3
        (actual and formal argument lists differ in length))
    method com.jnape.palatable.lambda.adt.hmap.HMap.<V1,V2>hMap(com.jnape.palatable.lambda.adt.hmap.TypeSafeKey<?,V1>,V1,com.jnape.palatable.lambda.adt.hmap.TypeSafeKey<?,V2>,V2) is not applicable
      (cannot infer type-variable(s) V1,V2
        (actual and formal argument lists differ in length))
[ERROR] /workspaces/xxxx/code_cure_agent/cca_workspace/lambda/src/test/java/com/jnape/palatable/lambda/adt/hmap/SchemaTest.java:[30,18] no suitable method found for hMap(com.jnape.palatable.lambda.adt.hmap.TypeSafeKey.Simple<java.lang.Byte>,byte,com.jnape.palatable.lambda.adt.hmap.TypeSafeKey.Simple<java.lang.Short>,short,com.jnape.palatable.lambda.adt.hmap.TypeSafeKey.Simple<java.lang.Integer>,int,com.jnape.palatable.lambda.adt.hmap.TypeSafeKey.Simple<java.lang.Long>,long,com.jnape.palatable.lambda.adt.hmap.TypeSafeKey.Simple<java.lang.Float>,float,com.jnape.palatable.lambda.adt.hmap.TypeSafeKey.Simple<java.lang.Double>,double,com.jnape.palatable.lambda.adt.hmap.TypeSafeKey.Simple<java.lang.Character>,char,com.jnape.palatable.lambda.adt.hmap.TypeSafeKey.Simple<java.lang.Boolean>,boolean)
    method com.jnape.palatable.lambda.adt.hmap.HMap.<V1,V2,V3,V4,V5,V6,V7,V8>hMap(com.jnape.palatable.lambda.adt.hmap.TypeSafeKey<?,V1>,V1,com.jnape.palatable.lambda.adt.hmap.TypeSafeKey<?,V2>,V2,com.jnape.palatable.lambda.adt.hmap.TypeSafeKey<?,V3>,V3,com.jnape.palatable.lambda.adt.hmap.HMap.Association<V4>,com.jnape.palatable.lambda.adt.hmap.HMap.Association<V5>,com.jnape.palatable.lambda.adt.hmap.HMap.Association<V6>,com.jnape.palatable.lambda.adt.hmap.HMap.Association<V7>,com.jnape.palatable.lambda.adt.hmap.HMap.Association<V8>) is not applicable
      (cannot infer type-variable(s) V1,V2,V3,V4,V5,V6,V7,V8
        (actual and formal argument lists differ in length))
    method com.jnape.palatable.lambda.adt.hmap.HMap.<V1,V2,V3,V4,V5,V6,V7>hMap(com.jnape.palatable.lambda.adt.hmap.TypeSafeKey<?,V1>,V1,com.jnape.palatable.lambda.adt.hmap.TypeSafeKey<?,V2>,V2,com.jnape.palatable.lambda.adt.hmap.TypeSafeKey<?,V3>,V3,com.jnape.palatable.lambda.adt.hmap.HMap.Association<V4>,com.jnape.palatable.lambda.adt.hmap.HMap.Association<V5>,com.jnape.palatable.lambda.adt.hmap.HMap.Association<V6>,com.jnape.palatable.lambda.adt.hmap.HMap.Association<V7>) is not applicable
      (cannot infer type-variable(s) V1,V2,V3,V4,V5,V6,V7
        (actual and formal argument lists differ in length))
    method com.jnape.palatable.lambda.adt.hmap.HMap.<V1,V2,V3,V4,V5,V6>hMap(com.jnape.palatable.lambda.adt.hmap.TypeSafeKey<?,V1>,V1,com.jnape.palatable.lambda.adt.hmap.TypeSafeKey<?,V2>,V2,com.jnape.palatable.lambda.adt.hmap.TypeSafeKey<?,V3>,V3,com.jnape.palatable.lambda.adt.hmap.HMap.Association<V4>,com.jnape.palatable.lambda.adt.hmap.HMap.Association<V5>,com.jnape.palatable.lambda.adt.hmap.HMap.Association<V6>) is not applicable
      (cannot infer type-variable(s) V1,V2,V3,V4,V5,V6
        (actual and formal argument lists differ in length))
    method com.jnape.palatable.lambda.adt.hmap.HMap.<V1,V2,V3,V4,V5>hMap(com.jnape.palatable.lambda.adt.hmap.TypeSafeKey<?,V1>,V1,com.jnape.palatable.lambda.adt.hmap.TypeSafeKey<?,V2>,V2,com.jnape.palatable.lambda.adt.hmap.TypeSafeKey<?,V3>,V3,com.jnape.palatable.lambda.adt.hmap.HMap.Association<V4>,com.jnape.palatable.lambda.adt.hmap.HMap.Association<V5>) is not applicable
      (cannot infer type-variable(s) V1,V2,V3,V4,V5
        (actual and formal argument lists differ in length))
    method com.jnape.palatable.lambda.adt.hmap.HMap.<V1,V2,V3,V4>hMap(com.jnape.palatable.lambda.adt.hmap.TypeSafeKey<?,V1>,V1,com.jnape.palatable.lambda.adt.hmap.TypeSafeKey<?,V2>,V2,com.jnape.palatable.lambda.adt.hmap.TypeSafeKey<?,V3>,V3,com.jnape.palatable.lambda.adt.hmap.HMap.Association<V4>) is not applicable
      (cannot infer type-variable(s) V1,V2,V3,V4
        (actual and formal argument lists differ in length))
    method com.jnape.palatable.lambda.adt.hmap.HMap.<V1,V2,V3>hMap(com.jnape.palatable.lambda.adt.hmap.TypeSafeKey<?,V1>,V1,com.jnape.palatable.lambda.adt.hmap.TypeSafeKey<?,V2>,V2,com.jnape.palatable.lambda.adt.hmap.TypeSafeKey<?,V3>,V3) is not applicable
      (cannot infer type-variable(s) V1,V2,V3
        (actual and formal argument lists differ in length))
    method com.jnape.palatable.lambda.adt.hmap.HMap.<V1,V2>hMap(com.jnape.palatable.lambda.adt.hmap.TypeSafeKey<?,V1>,V1,com.jnape.palatable.lambda.adt.hmap.TypeSafeKey<?,V2>,V2) is not applicable
      (cannot infer type-variable(s) V1,V2
        (actual and formal argument lists differ in length))
[INFO] 6 errors 
[INFO] -------------------------------------------------------------
[INFO] ------------------------------------------------------------------------
[INFO] BUILD FAILURE
[INFO] ------------------------------------------------------------------------
[INFO] Total time:  23.812 s
[INFO] Finished at: 2025-08-30T18:46:39Z
[INFO] ------------------------------------------------------------------------
[ERROR] Failed to execute goal org.apache.maven.plugins:maven-compiler-plugin:3.3:testCompile (default-testCompile) on project lambda: Compilation failure: Compilation failure: 
[ERROR] /workspaces/xxxx/code_cure_agent/cca_workspace/lambda/src/test/java/com/jnape/palatable/lambda/adt/hmap/HMapTest.java:[235,22] no suitable method found for hMap(com.jnape.palatable.lambda.adt.hmap.TypeSafeKey.Simple<java.lang.String>,java.lang.String,com.jnape.palatable.lambda.adt.hmap.TypeSafeKey.Simple<java.lang.Integer>,int,com.jnape.palatable.lambda.adt.hmap.TypeSafeKey.Simple<java.lang.Float>,float,com.jnape.palatable.lambda.adt.hmap.TypeSafeKey.Simple<java.lang.Byte>,byte)
[ERROR]     method com.jnape.palatable.lambda.adt.hmap.HMap.<V1,V2,V3,V4,V5,V6,V7,V8>hMap(com.jnape.palatable.lambda.adt.hmap.TypeSafeKey<?,V1>,V1,com.jnape.palatable.lambda.adt.hmap.TypeSafeKey<?,V2>,V2,com.jnape.palatable.lambda.adt.hmap.TypeSafeKey<?,V3>,V3,com.jnape.palatable.lambda.adt.hmap.HMap.Association<V4>,com.jnape.palatable.lambda.adt.hmap.HMap.Association<V5>,com.jnape.palatable.lambda.adt.hmap.HMap.Association<V6>,com.jnape.palatable.lambda.adt.hmap.HMap.Association<V7>,com.jnape.palatable.lambda.adt.hmap.HMap.Association<V8>) is not applicable
[ERROR]       (cannot infer type-variable(s) V1,V2,V3,V4,V5,V6,V7,V8
[ERROR]         (actual and formal argument lists differ in length))
[ERROR]     method com.jnape.palatable.lambda.adt.hmap.HMap.<V1,V2,V3,V4,V5,V6,V7>hMap(com.jnape.palatable.lambda.adt.hmap.TypeSafeKey<?,V1>,V1,com.jnape.palatable.lambda.adt.hmap.TypeSafeKey<?,V2>,V2,com.jnape.palatable.lambda.adt.hmap.TypeSafeKey<?,V3>,V3,com.jnape.palatable.lambda.adt.hmap.HMap.Association<V4>,com.jnape.palatable.lambda.adt.hmap.HMap.Association<V5>,com.jnape.palatable.lambda.adt.hmap.HMap.Association<V6>,com.jnape.palatable.lambda.adt.hmap.HMap.Association<V7>) is not applicable
[ERROR]       (cannot infer type-variable(s) V1,V2,V3,V4,V5,V6,V7
[ERROR]         (actual and formal argument lists differ in length))
[ERROR]     method com.jnape.palatable.lambda.adt.hmap.HMap.<V1,V2,V3,V4,V5,V6>hMap(com.jnape.palatable.lambda.adt.hmap.TypeSafeKey<?,V1>,V1,com.jnape.palatable.lambda.adt.hmap.TypeSafeKey<?,V2>,V2,com.jnape.palatable.lambda.adt.hmap.TypeSafeKey<?,V3>,V3,com.jnape.palatable.lambda.adt.hmap.HMap.Association<V4>,com.jnape.palatable.lambda.adt.hmap.HMap.Association<V5>,com.jnape.palatable.lambda.adt.hmap.HMap.Association<V6>) is not applicable
[ERROR]       (cannot infer type-variable(s) V1,V2,V3,V4,V5,V6
[ERROR]         (actual and formal argument lists differ in length))
[ERROR]     method com.jnape.palatable.lambda.adt.hmap.HMap.<V1,V2,V3,V4,V5>hMap(com.jnape.palatable.lambda.adt.hmap.TypeSafeKey<?,V1>,V1,com.jnape.palatable.lambda.adt.hmap.TypeSafeKey<?,V2>,V2,com.jnape.palatable.lambda.adt.hmap.TypeSafeKey<?,V3>,V3,com.jnape.palatable.lambda.adt.hmap.HMap.Association<V4>,com.jnape.palatable.lambda.adt.hmap.HMap.Association<V5>) is not applicable
[ERROR]       (cannot infer type-variable(s) V1,V2,V3,V4,V5
[ERROR]         (argument mismatch; com.jnape.palatable.lambda.adt.hmap.TypeSafeKey.Simple<java.lang.Byte> cannot be converted to com.jnape.palatable.lambda.adt.hmap.HMap.Association<V4>))
[ERROR]     method com.jnape.palatable.lambda.adt.hmap.HMap.<V1,V2,V3,V4>hMap(com.jnape.palatable.lambda.adt.hmap.TypeSafeKey<?,V1>,V1,com.jnape.palatable.lambda.adt.hmap.TypeSafeKey<?,V2>,V2,com.jnape.palatable.lambda.adt.hmap.TypeSafeKey<?,V3>,V3,com.jnape.palatable.lambda.adt.hmap.HMap.Association<V4>) is not applicable
[ERROR]       (cannot infer type-variable(s) V1,V2,V3,V4
[ERROR]         (actual and formal argument lists differ in length))
[ERROR]     method com.jnape.palatable.lambda.adt.hmap.HMap.<V1,V2,V3>hMap(com.jnape.palatable.lambda.adt.hmap.TypeSafeKey<?,V1>,V1,com.jnape.palatable.lambda.adt.hmap.TypeSafeKey<?,V2>,V2,com.jnape.palatable.lambda.adt.hmap.TypeSafeKey<?,V3>,V3) is not applicable
[ERROR]       (cannot infer type-variable(s) V1,V2,V3
[ERROR]         (actual and formal argument lists differ in length))
[ERROR]     method com.jnape.palatable.lambda.adt.hmap.HMap.<V1,V2>hMap(com.jnape.palatable.lambda.adt.hmap.TypeSafeKey<?,V1>,V1,com.jnape.palatable.lambda.adt.hmap.TypeSafeKey<?,V2>,V2) is not applicable
[ERROR]       (cannot infer type-variable(s) V1,V2
[ERROR]         (actual and formal argument lists differ in length))
[ERROR] /workspaces/xxxx/code_cure_agent/cca_workspace/lambda/src/test/java/com/jnape/palatable/lambda/adt/hmap/HMapTest.java:[241,22] no suitable method found for hMap(com.jnape.palatable.lambda.adt.hmap.TypeSafeKey.Simple<java.lang.String>,java.lang.String,com.jnape.palatable.lambda.adt.hmap.TypeSafeKey.Simple<java.lang.Integer>,int,com.jnape.palatable.lambda.adt.hmap.TypeSafeKey.Simple<java.lang.Float>,float,com.jnape.palatable.lambda.adt.hmap.TypeSafeKey.Simple<java.lang.Byte>,byte,com.jnape.palatable.lambda.adt.hmap.TypeSafeKey.Simple<java.lang.Short>,short)
[ERROR]     method com.jnape.palatable.lambda.adt.hmap.HMap.<V1,V2,V3,V4,V5,V6,V7,V8>hMap(com.jnape.palatable.lambda.adt.hmap.TypeSafeKey<?,V1>,V1,com.jnape.palatable.lambda.adt.hmap.TypeSafeKey<?,V2>,V2,com.jnape.palatable.lambda.adt.hmap.TypeSafeKey<?,V3>,V3,com.jnape.palatable.lambda.adt.hmap.HMap.Association<V4>,com.jnape.palatable.lambda.adt.hmap.HMap.Association<V5>,com.jnape.palatable.lambda.adt.hmap.HMap.Association<V6>,com.jnape.palatable.lambda.adt.hmap.HMap.Association<V7>,com.jnape.palatable.lambda.adt.hmap.HMap.Association<V8>) is not applicable
[ERROR]       (cannot infer type-variable(s) V1,V2,V3,V4,V5,V6,V7,V8
[ERROR]         (actual and formal argument lists differ in length))
[ERROR]     method com.jnape.palatable.lambda.adt.hmap.HMap.<V1,V2,V3,V4,V5,V6,V7>hMap(com.jnape.palatable.lambda.adt.hmap.TypeSafeKey<?,V1>,V1,com.jnape.palatable.lambda.adt.hmap.TypeSafeKey<?,V2>,V2,com.jnape.palatable.lambda.adt.hmap.TypeSafeKey<?,V3>,V3,com.jnape.palatable.lambda.adt.hmap.HMap.Association<V4>,com.jnape.palatable.lambda.adt.hmap.HMap.Association<V5>,com.jnape.palatable.lambda.adt.hmap.HMap.Association<V6>,com.jnape.palatable.lambda.adt.hmap.HMap.Association<V7>) is not applicable
[ERROR]       (cannot infer type-variable(s) V1,V2,V3,V4,V5,V6,V7
[ERROR]         (argument mismatch; com.jnape.palatable.lambda.adt.hmap.TypeSafeKey.Simple<java.lang.Byte> cannot be converted to com.jnape.palatable.lambda.adt.hmap.HMap.Association<V4>))
[ERROR]     method com.jnape.palatable.lambda.adt.hmap.HMap.<V1,V2,V3,V4,V5,V6>hMap(com.jnape.palatable.lambda.adt.hmap.TypeSafeKey<?,V1>,V1,com.jnape.palatable.lambda.adt.hmap.TypeSafeKey<?,V2>,V2,com.jnape.palatable.lambda.adt.hmap.TypeSafeKey<?,V3>,V3,com.jnape.palatable.lambda.adt.hmap.HMap.Association<V4>,com.jnape.palatable.lambda.adt.hmap.HMap.Association<V5>,com.jnape.palatable.lambda.adt.hmap.HMap.Association<V6>) is not applicable
[ERROR]       (cannot infer type-variable(s) V1,V2,V3,V4,V5,V6
[ERROR]         (actual and formal argument lists differ in length))
[ERROR]     method com.jnape.palatable.lambda.adt.hmap.HMap.<V1,V2,V3,V4,V5>hMap(com.jnape.palatable.lambda.adt.hmap.TypeSafeKey<?,V1>,V1,com.jnape.palatable.lambda.adt.hmap.TypeSafeKey<?,V2>,V2,com.jnape.palatable.lambda.adt.hmap.TypeSafeKey<?,V3>,V3,com.jnape.palatable.lambda.adt.hmap.HMap.Association<V4>,com.jnape.palatable.lambda.adt.hmap.HMap.Association<V5>) is not applicable
[ERROR]       (cannot infer type-variable(s) V1,V2,V3,V4,V5
[ERROR]         (actual and formal argument lists differ in length))
[ERROR]     method com.jnape.palatable.lambda.adt.hmap.HMap.<V1,V2,V3,V4>hMap(com.jnape.palatable.lambda.adt.hmap.TypeSafeKey<?,V1>,V1,com.jnape.palatable.lambda.adt.hmap.TypeSafeKey<?,V2>,V2,com.jnape.palatable.lambda.adt.hmap.TypeSafeKey<?,V3>,V3,com.jnape.palatable.lambda.adt.hmap.HMap.Association<V4>) is not applicable
[ERROR]       (cannot infer type-variable(s) V1,V2,V3,V4
[ERROR]         (actual and formal argument lists differ in length))
[ERROR]     method com.jnape.palatable.lambda.adt.hmap.HMap.<V1,V2,V3>hMap(com.jnape.palatable.lambda.adt.hmap.TypeSafeKey<?,V1>,V1,com.jnape.palatable.lambda.adt.hmap.TypeSafeKey<?,V2>,V2,com.jnape.palatable.lambda.adt.hmap.TypeSafeKey<?,V3>,V3) is not applicable
[ERROR]       (cannot infer type-variable(s) V1,V2,V3
[ERROR]         (actual and formal argument lists differ in length))
[ERROR]     method com.jnape.palatable.lambda.adt.hmap.HMap.<V1,V2>hMap(com.jnape.palatable.lambda.adt.hmap.TypeSafeKey<?,V1>,V1,com.jnape.palatable.lambda.adt.hmap.TypeSafeKey<?,V2>,V2) is not applicable
[ERROR]       (cannot infer type-variable(s) V1,V2
[ERROR]         (actual and formal argument lists differ in length))
[ERROR] /workspaces/xxxx/code_cure_agent/cca_workspace/lambda/src/test/java/com/jnape/palatable/lambda/adt/hmap/HMapTest.java:[248,22] no suitable method found for hMap(com.jnape.palatable.lambda.adt.hmap.TypeSafeKey.Simple<java.lang.String>,java.lang.String,com.jnape.palatable.lambda.adt.hmap.TypeSafeKey.Simple<java.lang.Integer>,int,com.jnape.palatable.lambda.adt.hmap.TypeSafeKey.Simple<java.lang.Float>,float,com.jnape.palatable.lambda.adt.hmap.TypeSafeKey.Simple<java.lang.Byte>,byte,com.jnape.palatable.lambda.adt.hmap.TypeSafeKey.Simple<java.lang.Short>,short,com.jnape.palatable.lambda.adt.hmap.TypeSafeKey.Simple<java.lang.Long>,long)
[ERROR]     method com.jnape.palatable.lambda.adt.hmap.HMap.<V1,V2,V3,V4,V5,V6,V7,V8>hMap(com.jnape.palatable.lambda.adt.hmap.TypeSafeKey<?,V1>,V1,com.jnape.palatable.lambda.adt.hmap.TypeSafeKey<?,V2>,V2,com.jnape.palatable.lambda.adt.hmap.TypeSafeKey<?,V3>,V3,com.jnape.palatable.lambda.adt.hmap.HMap.Association<V4>,com.jnape.palatable.lambda.adt.hmap.HMap.Association<V5>,com.jnape.palatable.lambda.adt.hmap.HMap.Association<V6>,com.jnape.palatable.lambda.adt.hmap.HMap.Association<V7>,com.jnape.palatable.lambda.adt.hmap.HMap.Association<V8>) is not applicable
[ERROR]       (cannot infer type-variable(s) V1,V2,V3,V4,V5,V6,V7,V8
[ERROR]         (actual and formal argument lists differ in length))
[ERROR]     method com.jnape.palatable.lambda.adt.hmap.HMap.<V1,V2,V3,V4,V5,V6,V7>hMap(com.jnape.palatable.lambda.adt.hmap.TypeSafeKey<?,V1>,V1,com.jnape.palatable.lambda.adt.hmap.TypeSafeKey<?,V2>,V2,com.jnape.palatable.lambda.adt.hmap.TypeSafeKey<?,V3>,V3,com.jnape.palatable.lambda.adt.hmap.HMap.Association<V4>,com.jnape.palatable.lambda.adt.hmap.HMap.Association<V5>,com.jnape.palatable.lambda.adt.hmap.HMap.Association<V6>,com.jnape.palatable.lambda.adt.hmap.HMap.Association<V7>) is not applicable
[ERROR]       (cannot infer type-variable(s) V1,V2,V3,V4,V5,V6,V7
[ERROR]         (actual and formal argument lists differ in length))
[ERROR]     method com.jnape.palatable.lambda.adt.hmap.HMap.<V1,V2,V3,V4,V5,V6>hMap(com.jnape.palatable.lambda.adt.hmap.TypeSafeKey<?,V1>,V1,com.jnape.palatable.lambda.adt.hmap.TypeSafeKey<?,V2>,V2,com.jnape.palatable.lambda.adt.hmap.TypeSafeKey<?,V3>,V3,com.jnape.palatable.lambda.adt.hmap.HMap.Association<V4>,com.jnape.palatable.lambda.adt.hmap.HMap.Association<V5>,com.jnape.palatable.lambda.adt.hmap.HMap.Association<V6>) is not applicable
[ERROR]       (cannot infer type-variable(s) V1,V2,V3,V4,V5,V6
[ERROR]         (actual and formal argument lists differ in length))
[ERROR]     method com.jnape.palatable.lambda.adt.hmap.HMap.<V1,V2,V3,V4,V5>hMap(com.jnape.palatable.lambda.adt.hmap.TypeSafeKey<?,V1>,V1,com.jnape.palatable.lambda.adt.hmap.TypeSafeKey<?,V2>,V2,com.jnape.palatable.lambda.adt.hmap.TypeSafeKey<?,V3>,V3,com.jnape.palatable.lambda.adt.hmap.HMap.Association<V4>,com.jnape.palatable.lambda.adt.hmap.HMap.Association<V5>) is not applicable
[ERROR]       (cannot infer type-variable(s) V1,V2,V3,V4,V5
[ERROR]         (actual and formal argument lists differ in length))
[ERROR]     method com.jnape.palatable.lambda.adt.hmap.HMap.<V1,V2,V3,V4>hMap(com.jnape.palatable.lambda.adt.hmap.TypeSafeKey<?,V1>,V1,com.jnape.palatable.lambda.adt.hmap.TypeSafeKey<?,V2>,V2,com.jnape.palatable.lambda.adt.hmap.TypeSafeKey<?,V3>,V3,com.jnape.palatable.lambda.adt.hmap.HMap.Association<V4>) is not applicable
[ERROR]       (cannot infer type-variable(s) V1,V2,V3,V4
[ERROR]         (actual and formal argument lists differ in length))
[ERROR]     method com.jnape.palatable.lambda.adt.hmap.HMap.<V1,V2,V3>hMap(com.jnape.palatable.lambda.adt.hmap.TypeSafeKey<?,V1>,V1,com.jnape.palatable.lambda.adt.hmap.TypeSafeKey<?,V2>,V2,com.jnape.palatable.lambda.adt.hmap.TypeSafeKey<?,V3>,V3) is not applicable
[ERROR]       (cannot infer type-variable(s) V1,V2,V3
[ERROR]         (actual and formal argument lists differ in length))
[ERROR]     method com.jnape.palatable.lambda.adt.hmap.HMap.<V1,V2>hMap(com.jnape.palatable.lambda.adt.hmap.TypeSafeKey<?,V1>,V1,com.jnape.palatable.lambda.adt.hmap.TypeSafeKey<?,V2>,V2) is not applicable
[ERROR]       (cannot infer type-variable(s) V1,V2
[ERROR]         (actual and formal argument lists differ in length))
[ERROR] /workspaces/xxxx/code_cure_agent/cca_workspace/lambda/src/test/java/com/jnape/palatable/lambda/adt/hmap/HMapTest.java:[256,22] no suitable method found for hMap(com.jnape.palatable.lambda.adt.hmap.TypeSafeKey.Simple<java.lang.String>,java.lang.String,com.jnape.palatable.lambda.adt.hmap.TypeSafeKey.Simple<java.lang.Integer>,int,com.jnape.palatable.lambda.adt.hmap.TypeSafeKey.Simple<java.lang.Float>,float,com.jnape.palatable.lambda.adt.hmap.TypeSafeKey.Simple<java.lang.Byte>,byte,com.jnape.palatable.lambda.adt.hmap.TypeSafeKey.Simple<java.lang.Short>,short,com.jnape.palatable.lambda.adt.hmap.TypeSafeKey.Simple<java.lang.Long>,long,com.jnape.palatable.lambda.adt.hmap.TypeSafeKey.Simple<java.lang.Double>,double)
[ERROR]     method com.jnape.palatable.lambda.adt.hmap.HMap.<V1,V2,V3,V4,V5,V6,V7,V8>hMap(com.jnape.palatable.lambda.adt.hmap.TypeSafeKey<?,V1>,V1,com.jnape.palatable.lambda.adt.hmap.TypeSafeKey<?,V2>,V2,com.jnape.palatable.lambda.adt.hmap.TypeSafeKey<?,V3>,V3,com.jnape.palatable.lambda.adt.hmap.HMap.Association<V4>,com.jnape.palatable.lambda.adt.hmap.HMap.Association<V5>,com.jnape.palatable.lambda.adt.hmap.HMap.Association<V6>,com.jnape.palatable.lambda.adt.hmap.HMap.Association<V7>,com.jnape.palatable.lambda.adt.hmap.HMap.Association<V8>) is not applicable
[ERROR]       (cannot infer type-variable(s) V1,V2,V3,V4,V5,V6,V7,V8
[ERROR]         (actual and formal argument lists differ in length))
[ERROR]     method com.jnape.palatable.lambda.adt.hmap.HMap.<V1,V2,V3,V4,V5,V6,V7>hMap(com.jnape.palatable.lambda.adt.hmap.TypeSafeKey<?,V1>,V1,com.jnape.palatable.lambda.adt.hmap.TypeSafeKey<?,V2>,V2,com.jnape.palatable.lambda.adt.hmap.TypeSafeKey<?,V3>,V3,com.jnape.palatable.lambda.adt.hmap.HMap.Association<V4>,com.jnape.palatable.lambda.adt.hmap.HMap.Association<V5>,com.jnape.palatable.lambda.adt.hmap.HMap.Association<V6>,com.jnape.palatable.lambda.adt.hmap.HMap.Association<V7>) is not applicable
[ERROR]       (cannot infer type-variable(s) V1,V2,V3,V4,V5,V6,V7
[ERROR]         (actual and formal argument lists differ in length))
[ERROR]     method com.jnape.palatable.lambda.adt.hmap.HMap.<V1,V2,V3,V4,V5,V6>hMap(com.jnape.palatable.lambda.adt.hmap.TypeSafeKey<?,V1>,V1,com.jnape.palatable.lambda.adt.hmap.TypeSafeKey<?,V2>,V2,com.jnape.palatable.lambda.adt.hmap.TypeSafeKey<?,V3>,V3,com.jnape.palatable.lambda.adt.hmap.HMap.Association<V4>,com.jnape.palatable.lambda.adt.hmap.HMap.Association<V5>,com.jnape.palatable.lambda.adt.hmap.HMap.Association<V6>) is not applicable
[ERROR]       (cannot infer type-variable(s) V1,V2,V3,V4,V5,V6
[ERROR]         (actual and formal argument lists differ in length))
[ERROR]     method com.jnape.palatable.lambda.adt.hmap.HMap.<V1,V2,V3,V4,V5>hMap(com.jnape.palatable.lambda.adt.hmap.TypeSafeKey<?,V1>,V1,com.jnape.palatable.lambda.adt.hmap.TypeSafeKey<?,V2>,V2,com.jnape.palatable.lambda.adt.hmap.TypeSafeKey<?,V3>,V3,com.jnape.palatable.lambda.adt.hmap.HMap.Association<V4>,com.jnape.palatable.lambda.adt.hmap.HMap.Association<V5>) is not applicable
[ERROR]       (cannot infer type-variable(s) V1,V2,V3,V4,V5
[ERROR]         (actual and formal argument lists differ in length))
[ERROR]     method com.jnape.palatable.lambda.adt.hmap.HMap.<V1,V2,V3,V4>hMap(com.jnape.palatable.lambda.adt.hmap.TypeSafeKey<?,V1>,V1,com.jnape.palatable.lambda.adt.hmap.TypeSafeKey<?,V2>,V2,com.jnape.palatable.lambda.adt.hmap.TypeSafeKey<?,V3>,V3,com.jnape.palatable.lambda.adt.hmap.HMap.Association<V4>) is not applicable
[ERROR]       (cannot infer type-variable(s) V1,V2,V3,V4
[ERROR]         (actual and formal argument lists differ in length))
[ERROR]     method com.jnape.palatable.lambda.adt.hmap.HMap.<V1,V2,V3>hMap(com.jnape.palatable.lambda.adt.hmap.TypeSafeKey<?,V1>,V1,com.jnape.palatable.lambda.adt.hmap.TypeSafeKey<?,V2>,V2,com.jnape.palatable.lambda.adt.hmap.TypeSafeKey<?,V3>,V3) is not applicable
[ERROR]       (cannot infer type-variable(s) V1,V2,V3
[ERROR]         (actual and formal argument lists differ in length))
[ERROR]     method com.jnape.palatable.lambda.adt.hmap.HMap.<V1,V2>hMap(com.jnape.palatable.lambda.adt.hmap.TypeSafeKey<?,V1>,V1,com.jnape.palatable.lambda.adt.hmap.TypeSafeKey<?,V2>,V2) is not applicable
[ERROR]       (cannot infer type-variable(s) V1,V2
[ERROR]         (actual and formal argument lists differ in length))
[ERROR] /workspaces/xxxx/code_cure_agent/cca_workspace/lambda/src/test/java/com/jnape/palatable/lambda/adt/hmap/HMapTest.java:[265,22] no suitable method found for hMap(com.jnape.palatable.lambda.adt.hmap.TypeSafeKey.Simple<java.lang.String>,java.lang.String,com.jnape.palatable.lambda.adt.hmap.TypeSafeKey.Simple<java.lang.Integer>,int,com.jnape.palatable.lambda.adt.hmap.TypeSafeKey.Simple<java.lang.Float>,float,com.jnape.palatable.lambda.adt.hmap.TypeSafeKey.Simple<java.lang.Byte>,byte,com.jnape.palatable.lambda.adt.hmap.TypeSafeKey.Simple<java.lang.Short>,short,com.jnape.palatable.lambda.adt.hmap.TypeSafeKey.Simple<java.lang.Long>,long,com.jnape.palatable.lambda.adt.hmap.TypeSafeKey.Simple<java.lang.Double>,double,com.jnape.palatable.lambda.adt.hmap.TypeSafeKey.Simple<java.lang.Character>,char)
[ERROR]     method com.jnape.palatable.lambda.adt.hmap.HMap.<V1,V2,V3,V4,V5,V6,V7,V8>hMap(com.jnape.palatable.lambda.adt.hmap.TypeSafeKey<?,V1>,V1,com.jnape.palatable.lambda.adt.hmap.TypeSafeKey<?,V2>,V2,com.jnape.palatable.lambda.adt.hmap.TypeSafeKey<?,V3>,V3,com.jnape.palatable.lambda.adt.hmap.HMap.Association<V4>,com.jnape.palatable.lambda.adt.hmap.HMap.Association<V5>,com.jnape.palatable.lambda.adt.hmap.HMap.Association<V6>,com.jnape.palatable.lambda.adt.hmap.HMap.Association<V7>,com.jnape.palatable.lambda.adt.hmap.HMap.Association<V8>) is not applicable
[ERROR]       (cannot infer type-variable(s) V1,V2,V3,V4,V5,V6,V7,V8
[ERROR]         (actual and formal argument lists differ in length))
[ERROR]     method com.jnape.palatable.lambda.adt.hmap.HMap.<V1,V2,V3,V4,V5,V6,V7>hMap(com.jnape.palatable.lambda.adt.hmap.TypeSafeKey<?,V1>,V1,com.jnape.palatable.lambda.adt.hmap.TypeSafeKey<?,V2>,V2,com.jnape.palatable.lambda.adt.hmap.TypeSafeKey<?,V3>,V3,com.jnape.palatable.lambda.adt.hmap.HMap.Association<V4>,com.jnape.palatable.lambda.adt.hmap.HMap.Association<V5>,com.jnape.palatable.lambda.adt.hmap.HMap.Association<V6>,com.jnape.palatable.lambda.adt.hmap.HMap.Association<V7>) is not applicable
[ERROR]       (cannot infer type-variable(s) V1,V2,V3,V4,V5,V6,V7
[ERROR]         (actual and formal argument lists differ in length))
[ERROR]     method com.jnape.palatable.lambda.adt.hmap.HMap.<V1,V2,V3,V4,V5,V6>hMap(com.jnape.palatable.lambda.adt.hmap.TypeSafeKey<?,V1>,V1,com.jnape.palatable.lambda.adt.hmap.TypeSafeKey<?,V2>,V2,com.jnape.palatable.lambda.adt.hmap.TypeSafeKey<?,V3>,V3,com.jnape.palatable.lambda.adt.hmap.HMap.Association<V4>,com.jnape.palatable.lambda.adt.hmap.HMap.Association<V5>,com.jnape.palatable.lambda.adt.hmap.HMap.Association<V6>) is not applicable
[ERROR]       (cannot infer type-variable(s) V1,V2,V3,V4,V5,V6
[ERROR]         (actual and formal argument lists differ in length))
[ERROR]     method com.jnape.palatable.lambda.adt.hmap.HMap.<V1,V2,V3,V4,V5>hMap(com.jnape.palatable.lambda.adt.hmap.TypeSafeKey<?,V1>,V1,com.jnape.palatable.lambda.adt.hmap.TypeSafeKey<?,V2>,V2,com.jnape.palatable.lambda.adt.hmap.TypeSafeKey<?,V3>,V3,com.jnape.palatable.lambda.adt.hmap.HMap.Association<V4>,com.jnape.palatable.lambda.adt.hmap.HMap.Association<V5>) is not applicable
[ERROR]       (cannot infer type-variable(s) V1,V2,V3,V4,V5
[ERROR]         (actual and formal argument lists differ in length))
[ERROR]     method com.jnape.palatable.lambda.adt.hmap.HMap.<V1,V2,V3,V4>hMap(com.jnape.palatable.lambda.adt.hmap.TypeSafeKey<?,V1>,V1,com.jnape.palatable.lambda.adt.hmap.TypeSafeKey<?,V2>,V2,com.jnape.palatable.lambda.adt.hmap.TypeSafeKey<?,V3>,V3,com.jnape.palatable.lambda.adt.hmap.HMap.Association<V4>) is not applicable
[ERROR]       (cannot infer type-variable(s) V1,V2,V3,V4
[ERROR]         (actual and formal argument lists differ in length))
[ERROR]     method com.jnape.palatable.lambda.adt.hmap.HMap.<V1,V2,V3>hMap(com.jnape.palatable.lambda.adt.hmap.TypeSafeKey<?,V1>,V1,com.jnape.palatable.lambda.adt.hmap.TypeSafeKey<?,V2>,V2,com.jnape.palatable.lambda.adt.hmap.TypeSafeKey<?,V3>,V3) is not applicable
[ERROR]       (cannot infer type-variable(s) V1,V2,V3
[ERROR]         (actual and formal argument lists differ in length))
[ERROR]     method com.jnape.palatable.lambda.adt.hmap.HMap.<V1,V2>hMap(com.jnape.palatable.lambda.adt.hmap.TypeSafeKey<?,V1>,V1,com.jnape.palatable.lambda.adt.hmap.TypeSafeKey<?,V2>,V2) is not applicable
[ERROR]       (cannot infer type-variable(s) V1,V2
[ERROR]         (actual and formal argument lists differ in length))
[ERROR] /workspaces/xxxx/code_cure_agent/cca_workspace/lambda/src/test/java/com/jnape/palatable/lambda/adt/hmap/SchemaTest.java:[30,18] no suitable method found for hMap(com.jnape.palatable.lambda.adt.hmap.TypeSafeKey.Simple<java.lang.Byte>,byte,com.jnape.palatable.lambda.adt.hmap.TypeSafeKey.Simple<java.lang.Short>,short,com.jnape.palatable.lambda.adt.hmap.TypeSafeKey.Simple<java.lang.Integer>,int,com.jnape.palatable.lambda.adt.hmap.TypeSafeKey.Simple<java.lang.Long>,long,com.jnape.palatable.lambda.adt.hmap.TypeSafeKey.Simple<java.lang.Float>,float,com.jnape.palatable.lambda.adt.hmap.TypeSafeKey.Simple<java.lang.Double>,double,com.jnape.palatable.lambda.adt.hmap.TypeSafeKey.Simple<java.lang.Character>,char,com.jnape.palatable.lambda.adt.hmap.TypeSafeKey.Simple<java.lang.Boolean>,boolean)
[ERROR]     method com.jnape.palatable.lambda.adt.hmap.HMap.<V1,V2,V3,V4,V5,V6,V7,V8>hMap(com.jnape.palatable.lambda.adt.hmap.TypeSafeKey<?,V1>,V1,com.jnape.palatable.lambda.adt.hmap.TypeSafeKey<?,V2>,V2,com.jnape.palatable.lambda.adt.hmap.TypeSafeKey<?,V3>,V3,com.jnape.palatable.lambda.adt.hmap.HMap.Association<V4>,com.jnape.palatable.lambda.adt.hmap.HMap.Association<V5>,com.jnape.palatable.lambda.adt.hmap.HMap.Association<V6>,com.jnape.palatable.lambda.adt.hmap.HMap.Association<V7>,com.jnape.palatable.lambda.adt.hmap.HMap.Association<V8>) is not applicable
[ERROR]       (cannot infer type-variable(s) V1,V2,V3,V4,V5,V6,V7,V8
[ERROR]         (actual and formal argument lists differ in length))
[ERROR]     method com.jnape.palatable.lambda.adt.hmap.HMap.<V1,V2,V3,V4,V5,V6,V7>hMap(com.jnape.palatable.lambda.adt.hmap.TypeSafeKey<?,V1>,V1,com.jnape.palatable.lambda.adt.hmap.TypeSafeKey<?,V2>,V2,com.jnape.palatable.lambda.adt.hmap.TypeSafeKey<?,V3>,V3,com.jnape.palatable.lambda.adt.hmap.HMap.Association<V4>,com.jnape.palatable.lambda.adt.hmap.HMap.Association<V5>,com.jnape.palatable.lambda.adt.hmap.HMap.Association<V6>,com.jnape.palatable.lambda.adt.hmap.HMap.Association<V7>) is not applicable
[ERROR]       (cannot infer type-variable(s) V1,V2,V3,V4,V5,V6,V7
[ERROR]         (actual and formal argument lists differ in length))
[ERROR]     method com.jnape.palatable.lambda.adt.hmap.HMap.<V1,V2,V3,V4,V5,V6>hMap(com.jnape.palatable.lambda.adt.hmap.TypeSafeKey<?,V1>,V1,com.jnape.palatable.lambda.adt.hmap.TypeSafeKey<?,V2>,V2,com.jnape.palatable.lambda.adt.hmap.TypeSafeKey<?,V3>,V3,com.jnape.palatable.lambda.adt.hmap.HMap.Association<V4>,com.jnape.palatable.lambda.adt.hmap.HMap.Association<V5>,com.jnape.palatable.lambda.adt.hmap.HMap.Association<V6>) is not applicable
[ERROR]       (cannot infer type-variable(s) V1,V2,V3,V4,V5,V6
[ERROR]         (actual and formal argument lists differ in length))
[ERROR]     method com.jnape.palatable.lambda.adt.hmap.HMap.<V1,V2,V3,V4,V5>hMap(com.jnape.palatable.lambda.adt.hmap.TypeSafeKey<?,V1>,V1,com.jnape.palatable.lambda.adt.hmap.TypeSafeKey<?,V2>,V2,com.jnape.palatable.lambda.adt.hmap.TypeSafeKey<?,V3>,V3,com.jnape.palatable.lambda.adt.hmap.HMap.Association<V4>,com.jnape.palatable.lambda.adt.hmap.HMap.Association<V5>) is not applicable
[ERROR]       (cannot infer type-variable(s) V1,V2,V3,V4,V5
[ERROR]         (actual and formal argument lists differ in length))
[ERROR]     method com.jnape.palatable.lambda.adt.hmap.HMap.<V1,V2,V3,V4>hMap(com.jnape.palatable.lambda.adt.hmap.TypeSafeKey<?,V1>,V1,com.jnape.palatable.lambda.adt.hmap.TypeSafeKey<?,V2>,V2,com.jnape.palatable.lambda.adt.hmap.TypeSafeKey<?,V3>,V3,com.jnape.palatable.lambda.adt.hmap.HMap.Association<V4>) is not applicable
[ERROR]       (cannot infer type-variable(s) V1,V2,V3,V4
[ERROR]         (actual and formal argument lists differ in length))
[ERROR]     method com.jnape.palatable.lambda.adt.hmap.HMap.<V1,V2,V3>hMap(com.jnape.palatable.lambda.adt.hmap.TypeSafeKey<?,V1>,V1,com.jnape.palatable.lambda.adt.hmap.TypeSafeKey<?,V2>,V2,com.jnape.palatable.lambda.adt.hmap.TypeSafeKey<?,V3>,V3) is not applicable
[ERROR]       (cannot infer type-variable(s) V1,V2,V3
[ERROR]         (actual and formal argument lists differ in length))
[ERROR]     method com.jnape.palatable.lambda.adt.hmap.HMap.<V1,V2>hMap(com.jnape.palatable.lambda.adt.hmap.TypeSafeKey<?,V1>,V1,com.jnape.palatable.lambda.adt.hmap.TypeSafeKey<?,V2>,V2) is not applicable
[ERROR]       (cannot infer type-variable(s) V1,V2
[ERROR]         (actual and formal argument lists differ in length))
[ERROR] -> [Help 1]
[ERROR] 
[ERROR] To see the full stack trace of the errors, re-run Maven with the -e switch.
[ERROR] Re-run Maven using the -X switch to enable full debug logging.
[ERROR] 
[ERROR] For more information about the errors and possible solutions, please read the following articles:
[ERROR] [Help 1] http://cwiki.apache.org/confluence/display/MAVEN/MojoFailureException
