[INFO] Scanning for projects...
[INFO] 
[INFO] -----------------------< org.xerial:sqlite-jdbc >-----------------------
[INFO] Building SQLite JDBC 3.32.3.3-SNAPSHOT
[INFO] --------------------------------[ jar ]---------------------------------
[INFO] 
[INFO] --- maven-clean-plugin:2.5:clean (default-clean) @ sqlite-jdbc ---
[INFO] Deleting /workspaces/xxxx/code_cure_agent/cca_workspace/sqlite-jdbc/target
[INFO] 
[INFO] --- maven-enforcer-plugin:1.2:enforce (enforce-maven) @ sqlite-jdbc ---
[INFO] 
[INFO] --- maven-resources-plugin:2.6:resources (default-resources) @ sqlite-jdbc ---
[INFO] Using 'UTF-8' encoding to copy filtered resources.
[INFO] Copying 13 resources
[INFO] Copying 1 resource to META-INF/services
[INFO] Copying 1 resource
[INFO] Copying 3 resources to META-INF/maven/org.xerial/sqlite-jdbc
[INFO] 
[INFO] --- maven-compiler-plugin:3.1:compile (default-compile) @ sqlite-jdbc ---
[INFO] Changes detected - recompiling the module!
[INFO] Compiling 49 source files to /workspaces/xxxx/code_cure_agent/cca_workspace/sqlite-jdbc/target/classes
[INFO] -------------------------------------------------------------
[WARNING] COMPILATION WARNING : 
[INFO] -------------------------------------------------------------
[WARNING] /workspaces/xxxx/code_cure_agent/cca_workspace/sqlite-jdbc/src/main/java/org/sqlite/jdbc3/JDBC3ResultSet.java: Some input files use or override a deprecated API.
[WARNING] /workspaces/xxxx/code_cure_agent/cca_workspace/sqlite-jdbc/src/main/java/org/sqlite/jdbc3/JDBC3ResultSet.java: Recompile with -Xlint:deprecation for details.
[WARNING] /workspaces/xxxx/code_cure_agent/cca_workspace/sqlite-jdbc/src/main/java/org/sqlite/jdbc3/JDBC3Connection.java: /workspaces/xxxx/code_cure_agent/cca_workspace/sqlite-jdbc/src/main/java/org/sqlite/jdbc3/JDBC3Connection.java uses unchecked or unsafe operations.
[WARNING] /workspaces/xxxx/code_cure_agent/cca_workspace/sqlite-jdbc/src/main/java/org/sqlite/jdbc3/JDBC3Connection.java: Recompile with -Xlint:unchecked for details.
[INFO] 4 warnings 
[INFO] -------------------------------------------------------------
[INFO] -------------------------------------------------------------
[ERROR] COMPILATION ERROR : 
[INFO] -------------------------------------------------------------
[ERROR] /workspaces/xxxx/code_cure_agent/cca_workspace/sqlite-jdbc/src/main/java/org/sqlite/core/NativeDB.java:[25,14] org.sqlite.core.NativeDB is not abstract and does not override abstract method finalizeStmt(long) in org.sqlite.core.DB
[ERROR] /workspaces/xxxx/code_cure_agent/cca_workspace/sqlite-jdbc/src/main/java/org/sqlite/core/NativeDB.java:[170,5] method does not override or implement a method from a supertype
[INFO] 2 errors 
[INFO] -------------------------------------------------------------
[INFO] ------------------------------------------------------------------------
[INFO] BUILD FAILURE
[INFO] ------------------------------------------------------------------------
[INFO] Total time:  2.262 s
[INFO] Finished at: 2025-08-21T12:27:01Z
[INFO] ------------------------------------------------------------------------
[ERROR] Failed to execute goal org.apache.maven.plugins:maven-compiler-plugin:3.1:compile (default-compile) on project sqlite-jdbc: Compilation failure: Compilation failure: 
[ERROR] /workspaces/xxxx/code_cure_agent/cca_workspace/sqlite-jdbc/src/main/java/org/sqlite/core/NativeDB.java:[25,14] org.sqlite.core.NativeDB is not abstract and does not override abstract method finalizeStmt(long) in org.sqlite.core.DB
[ERROR] /workspaces/xxxx/code_cure_agent/cca_workspace/sqlite-jdbc/src/main/java/org/sqlite/core/NativeDB.java:[170,5] method does not override or implement a method from a supertype
[ERROR] -> [Help 1]
[ERROR] 
[ERROR] To see the full stack trace of the errors, re-run Maven with the -e switch.
[ERROR] Re-run Maven using the -X switch to enable full debug logging.
[ERROR] 
[ERROR] For more information about the errors and possible solutions, please read the following articles:
[ERROR] [Help 1] http://cwiki.apache.org/confluence/display/MAVEN/MojoFailureException
