[INFO] Scanning for projects...
[INFO] ------------------------------------------------------------------------
[INFO] Reactor Build Order:
[INFO] 
[INFO] protostuff                                                         [pom]
[INFO] protostuff :: api                                                  [jar]
[INFO] protostuff :: core                                                 [jar]
[INFO] protostuff :: collectionschema                                     [jar]
[INFO] protostuff :: runtime                                              [jar]
[INFO] protostuff :: runtime-md                                           [jar]
[INFO] protostuff :: runtime-registry                                     [jar]
[INFO] protostuff :: runtime-view                                         [jar]
[INFO] protostuff :: json                                                 [jar]
[INFO] protostuff :: msgpack                                              [jar]
[INFO] protostuff :: xml                                                  [jar]
[INFO] protostuff :: yaml                                                 [jar]
[INFO] protostuff :: kvp                                                  [jar]
[INFO] protostuff :: parser                                               [jar]
[INFO] protostuff :: compiler                                             [jar]
[INFO] protostuff :: maven-plugin                                [maven-plugin]
[INFO] protostuff :: uberjar                                              [jar]
[INFO] protostuff :: it                                                   [jar]
[INFO] protostuff :: bom                                                  [pom]
[INFO] protostuff :: benchmarks                                           [jar]
[INFO] 
[INFO] ----------------------< io.protostuff:protostuff >----------------------
[INFO] Building protostuff 1.8.0-SNAPSHOT                                [1/20]
[INFO] --------------------------------[ pom ]---------------------------------
[INFO] 
[INFO] --- maven-clean-plugin:2.5:clean (default-clean) @ protostuff ---
[INFO] 
[INFO] --- maven-enforcer-plugin:1.3.1:enforce (enforce-versions) @ protostuff ---
[INFO] 
[INFO] >>> maven-source-plugin:2.4:jar (attach-sources) > generate-sources @ protostuff >>>
[INFO] 
[INFO] --- maven-enforcer-plugin:1.3.1:enforce (enforce-versions) @ protostuff ---
[INFO] 
[INFO] <<< maven-source-plugin:2.4:jar (attach-sources) < generate-sources @ protostuff <<<
[INFO] 
[INFO] 
[INFO] --- maven-source-plugin:2.4:jar (attach-sources) @ protostuff ---
[INFO] 
[INFO] --- maven-javadoc-plugin:2.10.1:jar (attach-javadocs) @ protostuff ---
[INFO] Not executing Javadoc as the project is not a Java classpath-capable package
[INFO] 
[INFO] --------------------< io.protostuff:protostuff-api >--------------------
[INFO] Building protostuff :: api 1.8.0-SNAPSHOT                         [2/20]
[INFO] --------------------------------[ jar ]---------------------------------
[INFO] 
[INFO] --- maven-clean-plugin:2.5:clean (default-clean) @ protostuff-api ---
[INFO] Deleting /workspaces/master-thesis-pascal-joos/code_cure_agent/cca_workspace/protostuff/protostuff-api/target
[INFO] 
[INFO] --- maven-enforcer-plugin:1.3.1:enforce (enforce-versions) @ protostuff-api ---
[INFO] 
[INFO] --- maven-resources-plugin:2.6:resources (default-resources) @ protostuff-api ---
[INFO] Using 'UTF-8' encoding to copy filtered resources.
[INFO] skip non existing resourceDirectory /workspaces/master-thesis-pascal-joos/code_cure_agent/cca_workspace/protostuff/protostuff-api/src/main/resources
[INFO] 
[INFO] --- maven-compiler-plugin:3.1:compile (default-compile) @ protostuff-api ---
[INFO] Changes detected - recompiling the module!
[INFO] Compiling 33 source files to /workspaces/master-thesis-pascal-joos/code_cure_agent/cca_workspace/protostuff/protostuff-api/target/classes
[INFO] 
[INFO] --- maven-resources-plugin:2.6:testResources (default-testResources) @ protostuff-api ---
[INFO] Using 'UTF-8' encoding to copy filtered resources.
[INFO] skip non existing resourceDirectory /workspaces/master-thesis-pascal-joos/code_cure_agent/cca_workspace/protostuff/protostuff-api/src/test/resources
[INFO] 
[INFO] --- maven-compiler-plugin:3.1:testCompile (default-testCompile) @ protostuff-api ---
[INFO] Changes detected - recompiling the module!
[INFO] Compiling 7 source files to /workspaces/master-thesis-pascal-joos/code_cure_agent/cca_workspace/protostuff/protostuff-api/target/test-classes
[INFO] 
[INFO] --- maven-surefire-plugin:2.12.4:test (default-test) @ protostuff-api ---
[INFO] Tests are skipped.
[INFO] 
[INFO] --- maven-jar-plugin:2.5:jar (default-jar) @ protostuff-api ---
[INFO] Building jar: /workspaces/master-thesis-pascal-joos/code_cure_agent/cca_workspace/protostuff/protostuff-api/target/protostuff-api-1.8.0-SNAPSHOT.jar
[INFO] 
[INFO] >>> maven-source-plugin:2.4:jar (attach-sources) > generate-sources @ protostuff-api >>>
[INFO] 
[INFO] --- maven-enforcer-plugin:1.3.1:enforce (enforce-versions) @ protostuff-api ---
[INFO] 
[INFO] <<< maven-source-plugin:2.4:jar (attach-sources) < generate-sources @ protostuff-api <<<
[INFO] 
[INFO] 
[INFO] --- maven-source-plugin:2.4:jar (attach-sources) @ protostuff-api ---
[INFO] Building jar: /workspaces/master-thesis-pascal-joos/code_cure_agent/cca_workspace/protostuff/protostuff-api/target/protostuff-api-1.8.0-SNAPSHOT-sources.jar
[INFO] 
[INFO] --- maven-javadoc-plugin:2.10.1:jar (attach-javadocs) @ protostuff-api ---
[INFO] 
Loading source files for package io.protostuff...
Constructing Javadoc information...
Standard Doclet version 11.0.27
Building tree for all the packages and classes...
Generating /workspaces/master-thesis-pascal-joos/code_cure_agent/cca_workspace/protostuff/protostuff-api/target/apidocs/io/protostuff/B64Code.html...
Generating /workspaces/master-thesis-pascal-joos/code_cure_agent/cca_workspace/protostuff/protostuff-api/target/apidocs/io/protostuff/Builder.html...
Generating /workspaces/master-thesis-pascal-joos/code_cure_agent/cca_workspace/protostuff/protostuff-api/target/apidocs/io/protostuff/ByteString.html...
Generating /workspaces/master-thesis-pascal-joos/code_cure_agent/cca_workspace/protostuff/protostuff-api/target/apidocs/io/protostuff/CustomSchema.html...
Generating /workspaces/master-thesis-pascal-joos/code_cure_agent/cca_workspace/protostuff/protostuff-api/target/apidocs/io/protostuff/EnumLite.html...
Generating /workspaces/master-thesis-pascal-joos/code_cure_agent/cca_workspace/protostuff/protostuff-api/target/apidocs/io/protostuff/Exclude.html...
Generating /workspaces/master-thesis-pascal-joos/code_cure_agent/cca_workspace/protostuff/protostuff-api/target/apidocs/io/protostuff/FilterInput.html...
Generating /workspaces/master-thesis-pascal-joos/code_cure_agent/cca_workspace/protostuff/protostuff-api/target/apidocs/io/protostuff/FilterOutput.html...
Generating /workspaces/master-thesis-pascal-joos/code_cure_agent/cca_workspace/protostuff/protostuff-api/target/apidocs/io/protostuff/GraphInput.html...
Generating /workspaces/master-thesis-pascal-joos/code_cure_agent/cca_workspace/protostuff/protostuff-api/target/apidocs/io/protostuff/Input.html...
Generating /workspaces/master-thesis-pascal-joos/code_cure_agent/cca_workspace/protostuff/protostuff-api/target/apidocs/io/protostuff/IntSerializer.html...
Generating /workspaces/master-thesis-pascal-joos/code_cure_agent/cca_workspace/protostuff/protostuff-api/target/apidocs/io/protostuff/LinkedBuffer.html...
Generating /workspaces/master-thesis-pascal-joos/code_cure_agent/cca_workspace/protostuff/protostuff-api/target/apidocs/io/protostuff/ListAdapter.html...
Generating /workspaces/master-thesis-pascal-joos/code_cure_agent/cca_workspace/protostuff/protostuff-api/target/apidocs/io/protostuff/ListAdapter.Converter.html...
Generating /workspaces/master-thesis-pascal-joos/code_cure_agent/cca_workspace/protostuff/protostuff-api/target/apidocs/io/protostuff/Message.html...
Generating /workspaces/master-thesis-pascal-joos/code_cure_agent/cca_workspace/protostuff/protostuff-api/target/apidocs/io/protostuff/Morph.html...
Generating /workspaces/master-thesis-pascal-joos/code_cure_agent/cca_workspace/protostuff/protostuff-api/target/apidocs/io/protostuff/NumberParser.html...
Generating /workspaces/master-thesis-pascal-joos/code_cure_agent/cca_workspace/protostuff/protostuff-api/target/apidocs/io/protostuff/Output.html...
Generating /workspaces/master-thesis-pascal-joos/code_cure_agent/cca_workspace/protostuff/protostuff-api/target/apidocs/io/protostuff/Pipe.html...
Generating /workspaces/master-thesis-pascal-joos/code_cure_agent/cca_workspace/protostuff/protostuff-api/target/apidocs/io/protostuff/Pipe.Schema.html...
Generating /workspaces/master-thesis-pascal-joos/code_cure_agent/cca_workspace/protostuff/protostuff-api/target/apidocs/io/protostuff/ProtostuffException.html...
Generating /workspaces/master-thesis-pascal-joos/code_cure_agent/cca_workspace/protostuff/protostuff-api/target/apidocs/io/protostuff/Request.html...
Generating /workspaces/master-thesis-pascal-joos/code_cure_agent/cca_workspace/protostuff/protostuff-api/target/apidocs/io/protostuff/Response.html...
Generating /workspaces/master-thesis-pascal-joos/code_cure_agent/cca_workspace/protostuff/protostuff-api/target/apidocs/io/protostuff/Rpc.html...
Generating /workspaces/master-thesis-pascal-joos/code_cure_agent/cca_workspace/protostuff/protostuff-api/target/apidocs/io/protostuff/Schema.html...
Generating /workspaces/master-thesis-pascal-joos/code_cure_agent/cca_workspace/protostuff/protostuff-api/target/apidocs/io/protostuff/Service.html...
Generating /workspaces/master-thesis-pascal-joos/code_cure_agent/cca_workspace/protostuff/protostuff-api/target/apidocs/io/protostuff/StatefulOutput.html...
Generating /workspaces/master-thesis-pascal-joos/code_cure_agent/cca_workspace/protostuff/protostuff-api/target/apidocs/io/protostuff/StreamedStringSerializer.html...
Generating /workspaces/master-thesis-pascal-joos/code_cure_agent/cca_workspace/protostuff/protostuff-api/target/apidocs/io/protostuff/StringSerializer.html...
Generating /workspaces/master-thesis-pascal-joos/code_cure_agent/cca_workspace/protostuff/protostuff-api/target/apidocs/io/protostuff/StringSerializer.STRING.html...
Generating /workspaces/master-thesis-pascal-joos/code_cure_agent/cca_workspace/protostuff/protostuff-api/target/apidocs/io/protostuff/Tag.html...
Generating /workspaces/master-thesis-pascal-joos/code_cure_agent/cca_workspace/protostuff/protostuff-api/target/apidocs/io/protostuff/UninitializedMessageException.html...
Generating /workspaces/master-thesis-pascal-joos/code_cure_agent/cca_workspace/protostuff/protostuff-api/target/apidocs/io/protostuff/UnsignedNumberUtil.html...
Generating /workspaces/master-thesis-pascal-joos/code_cure_agent/cca_workspace/protostuff/protostuff-api/target/apidocs/io/protostuff/WireFormat.html...
Generating /workspaces/master-thesis-pascal-joos/code_cure_agent/cca_workspace/protostuff/protostuff-api/target/apidocs/io/protostuff/WireFormat.FieldType.html...
Generating /workspaces/master-thesis-pascal-joos/code_cure_agent/cca_workspace/protostuff/protostuff-api/target/apidocs/io/protostuff/WireFormat.JavaType.html...
Generating /workspaces/master-thesis-pascal-joos/code_cure_agent/cca_workspace/protostuff/protostuff-api/target/apidocs/io/protostuff/WriteSession.html...
Generating /workspaces/master-thesis-pascal-joos/code_cure_agent/cca_workspace/protostuff/protostuff-api/target/apidocs/io/protostuff/WriteSession.FlushHandler.html...
Generating /workspaces/master-thesis-pascal-joos/code_cure_agent/cca_workspace/protostuff/protostuff-api/target/apidocs/io/protostuff/WriteSink.html...
Generating /workspaces/master-thesis-pascal-joos/code_cure_agent/cca_workspace/protostuff/protostuff-api/target/apidocs/io/protostuff/package-summary.html...
Generating /workspaces/master-thesis-pascal-joos/code_cure_agent/cca_workspace/protostuff/protostuff-api/target/apidocs/io/protostuff/package-tree.html...
Generating /workspaces/master-thesis-pascal-joos/code_cure_agent/cca_workspace/protostuff/protostuff-api/target/apidocs/constant-values.html...
Generating /workspaces/master-thesis-pascal-joos/code_cure_agent/cca_workspace/protostuff/protostuff-api/target/apidocs/serialized-form.html...
Generating /workspaces/master-thesis-pascal-joos/code_cure_agent/cca_workspace/protostuff/protostuff-api/target/apidocs/io/protostuff/class-use/Service.html...
Generating /workspaces/master-thesis-pascal-joos/code_cure_agent/cca_workspace/protostuff/protostuff-api/target/apidocs/io/protostuff/class-use/Input.html...
Generating /workspaces/master-thesis-pascal-joos/code_cure_agent/cca_workspace/protostuff/protostuff-api/target/apidocs/io/protostuff/class-use/UninitializedMessageException.html...
Generating /workspaces/master-thesis-pascal-joos/code_cure_agent/cca_workspace/protostuff/protostuff-api/target/apidocs/io/protostuff/class-use/UnsignedNumberUtil.html...
Generating /workspaces/master-thesis-pascal-joos/code_cure_agent/cca_workspace/protostuff/protostuff-api/target/apidocs/io/protostuff/class-use/IntSerializer.html...
Generating /workspaces/master-thesis-pascal-joos/code_cure_agent/cca_workspace/protostuff/protostuff-api/target/apidocs/io/protostuff/class-use/NumberParser.html...
Generating /workspaces/master-thesis-pascal-joos/code_cure_agent/cca_workspace/protostuff/protostuff-api/target/apidocs/io/protostuff/class-use/Morph.html...
Generating /workspaces/master-thesis-pascal-joos/code_cure_agent/cca_workspace/protostuff/protostuff-api/target/apidocs/io/protostuff/class-use/Output.html...
Generating /workspaces/master-thesis-pascal-joos/code_cure_agent/cca_workspace/protostuff/protostuff-api/target/apidocs/io/protostuff/class-use/ListAdapter.html...
Generating /workspaces/master-thesis-pascal-joos/code_cure_agent/cca_workspace/protostuff/protostuff-api/target/apidocs/io/protostuff/class-use/ListAdapter.Converter.html...
Generating /workspaces/master-thesis-pascal-joos/code_cure_agent/cca_workspace/protostuff/protostuff-api/target/apidocs/io/protostuff/class-use/Rpc.html...
Generating /workspaces/master-thesis-pascal-joos/code_cure_agent/cca_workspace/protostuff/protostuff-api/target/apidocs/io/protostuff/class-use/Pipe.html...
Generating /workspaces/master-thesis-pascal-joos/code_cure_agent/cca_workspace/protostuff/protostuff-api/target/apidocs/io/protostuff/class-use/Pipe.Schema.html...
Generating /workspaces/master-thesis-pascal-joos/code_cure_agent/cca_workspace/protostuff/protostuff-api/target/apidocs/io/protostuff/class-use/StreamedStringSerializer.html...
Generating /workspaces/master-thesis-pascal-joos/code_cure_agent/cca_workspace/protostuff/protostuff-api/target/apidocs/io/protostuff/class-use/EnumLite.html...
Generating /workspaces/master-thesis-pascal-joos/code_cure_agent/cca_workspace/protostuff/protostuff-api/target/apidocs/io/protostuff/class-use/Exclude.html...
Generating /workspaces/master-thesis-pascal-joos/code_cure_agent/cca_workspace/protostuff/protostuff-api/target/apidocs/io/protostuff/class-use/Schema.html...
Generating /workspaces/master-thesis-pascal-joos/code_cure_agent/cca_workspace/protostuff/protostuff-api/target/apidocs/io/protostuff/class-use/Response.html...
Generating /workspaces/master-thesis-pascal-joos/code_cure_agent/cca_workspace/protostuff/protostuff-api/target/apidocs/io/protostuff/class-use/Tag.html...
Generating /workspaces/master-thesis-pascal-joos/code_cure_agent/cca_workspace/protostuff/protostuff-api/target/apidocs/io/protostuff/class-use/Request.html...
Generating /workspaces/master-thesis-pascal-joos/code_cure_agent/cca_workspace/protostuff/protostuff-api/target/apidocs/io/protostuff/class-use/WriteSession.html...
Generating /workspaces/master-thesis-pascal-joos/code_cure_agent/cca_workspace/protostuff/protostuff-api/target/apidocs/io/protostuff/class-use/WriteSession.FlushHandler.html...
Generating /workspaces/master-thesis-pascal-joos/code_cure_agent/cca_workspace/protostuff/protostuff-api/target/apidocs/io/protostuff/class-use/WriteSink.html...
Generating /workspaces/master-thesis-pascal-joos/code_cure_agent/cca_workspace/protostuff/protostuff-api/target/apidocs/io/protostuff/class-use/FilterOutput.html...
Generating /workspaces/master-thesis-pascal-joos/code_cure_agent/cca_workspace/protostuff/protostuff-api/target/apidocs/io/protostuff/class-use/B64Code.html...
Generating /workspaces/master-thesis-pascal-joos/code_cure_agent/cca_workspace/protostuff/protostuff-api/target/apidocs/io/protostuff/class-use/StringSerializer.html...
Generating /workspaces/master-thesis-pascal-joos/code_cure_agent/cca_workspace/protostuff/protostuff-api/target/apidocs/io/protostuff/class-use/StringSerializer.STRING.html...
Generating /workspaces/master-thesis-pascal-joos/code_cure_agent/cca_workspace/protostuff/protostuff-api/target/apidocs/io/protostuff/class-use/ProtostuffException.html...
Generating /workspaces/master-thesis-pascal-joos/code_cure_agent/cca_workspace/protostuff/protostuff-api/target/apidocs/io/protostuff/class-use/Message.html...
Generating /workspaces/master-thesis-pascal-joos/code_cure_agent/cca_workspace/protostuff/protostuff-api/target/apidocs/io/protostuff/class-use/Builder.html...
Generating /workspaces/master-thesis-pascal-joos/code_cure_agent/cca_workspace/protostuff/protostuff-api/target/apidocs/io/protostuff/class-use/ByteString.html...
Generating /workspaces/master-thesis-pascal-joos/code_cure_agent/cca_workspace/protostuff/protostuff-api/target/apidocs/io/protostuff/class-use/FilterInput.html...
Generating /workspaces/master-thesis-pascal-joos/code_cure_agent/cca_workspace/protostuff/protostuff-api/target/apidocs/io/protostuff/class-use/GraphInput.html...
Generating /workspaces/master-thesis-pascal-joos/code_cure_agent/cca_workspace/protostuff/protostuff-api/target/apidocs/io/protostuff/class-use/WireFormat.html...
Generating /workspaces/master-thesis-pascal-joos/code_cure_agent/cca_workspace/protostuff/protostuff-api/target/apidocs/io/protostuff/class-use/WireFormat.FieldType.html...
Generating /workspaces/master-thesis-pascal-joos/code_cure_agent/cca_workspace/protostuff/protostuff-api/target/apidocs/io/protostuff/class-use/WireFormat.JavaType.html...
Generating /workspaces/master-thesis-pascal-joos/code_cure_agent/cca_workspace/protostuff/protostuff-api/target/apidocs/io/protostuff/class-use/StatefulOutput.html...
Generating /workspaces/master-thesis-pascal-joos/code_cure_agent/cca_workspace/protostuff/protostuff-api/target/apidocs/io/protostuff/class-use/CustomSchema.html...
Generating /workspaces/master-thesis-pascal-joos/code_cure_agent/cca_workspace/protostuff/protostuff-api/target/apidocs/io/protostuff/class-use/LinkedBuffer.html...
Generating /workspaces/master-thesis-pascal-joos/code_cure_agent/cca_workspace/protostuff/protostuff-api/target/apidocs/io/protostuff/package-use.html...
Building index for all the packages and classes...
Generating /workspaces/master-thesis-pascal-joos/code_cure_agent/cca_workspace/protostuff/protostuff-api/target/apidocs/overview-tree.html...
Generating /workspaces/master-thesis-pascal-joos/code_cure_agent/cca_workspace/protostuff/protostuff-api/target/apidocs/index-all.html...
Building index for all classes...
Generating /workspaces/master-thesis-pascal-joos/code_cure_agent/cca_workspace/protostuff/protostuff-api/target/apidocs/allclasses-index.html...
Generating /workspaces/master-thesis-pascal-joos/code_cure_agent/cca_workspace/protostuff/protostuff-api/target/apidocs/allpackages-index.html...
Generating /workspaces/master-thesis-pascal-joos/code_cure_agent/cca_workspace/protostuff/protostuff-api/target/apidocs/deprecated-list.html...
Building index for all classes...
Generating /workspaces/master-thesis-pascal-joos/code_cure_agent/cca_workspace/protostuff/protostuff-api/target/apidocs/allclasses.html...
Generating /workspaces/master-thesis-pascal-joos/code_cure_agent/cca_workspace/protostuff/protostuff-api/target/apidocs/allclasses.html...
Generating /workspaces/master-thesis-pascal-joos/code_cure_agent/cca_workspace/protostuff/protostuff-api/target/apidocs/index.html...
Generating /workspaces/master-thesis-pascal-joos/code_cure_agent/cca_workspace/protostuff/protostuff-api/target/apidocs/help-doc.html...
Note: Custom tags that could override future standard tags:  @phase, @component, @configurator, @goal, @readonly, @requiresDependencyResolution, @created, @parameter, @execute, @required. To avoid potential overrides, use at least one period character (.) in custom tag names.
Note: Custom tags that were not seen:  @phase, @component, @configurator, @goal, @readonly, @requiresDependencyResolution, @parameter, @execute, @required
[INFO] Building jar: /workspaces/master-thesis-pascal-joos/code_cure_agent/cca_workspace/protostuff/protostuff-api/target/protostuff-api-1.8.0-SNAPSHOT-javadoc.jar
[INFO] 
[INFO] --- maven-jar-plugin:2.5:jar (artifact-jar) @ protostuff-api ---
[INFO] 
[INFO] --- maven-jar-plugin:2.5:test-jar (test-jar) @ protostuff-api ---
[INFO] Building jar: /workspaces/master-thesis-pascal-joos/code_cure_agent/cca_workspace/protostuff/protostuff-api/target/protostuff-api-1.8.0-SNAPSHOT-tests.jar
[INFO] 
[INFO] -------------------< io.protostuff:protostuff-core >--------------------
[INFO] Building protostuff :: core 1.8.0-SNAPSHOT                        [3/20]
[INFO] --------------------------------[ jar ]---------------------------------
[INFO] 
[INFO] --- maven-clean-plugin:2.5:clean (default-clean) @ protostuff-core ---
[INFO] Deleting /workspaces/master-thesis-pascal-joos/code_cure_agent/cca_workspace/protostuff/protostuff-core/target
[INFO] 
[INFO] --- maven-enforcer-plugin:1.3.1:enforce (enforce-versions) @ protostuff-core ---
[INFO] 
[INFO] --- maven-resources-plugin:2.6:resources (default-resources) @ protostuff-core ---
[INFO] Using 'UTF-8' encoding to copy filtered resources.
[INFO] skip non existing resourceDirectory /workspaces/master-thesis-pascal-joos/code_cure_agent/cca_workspace/protostuff/protostuff-core/src/main/resources
[INFO] 
[INFO] --- maven-compiler-plugin:3.1:compile (default-compile) @ protostuff-core ---
[INFO] Changes detected - recompiling the module!
[INFO] Compiling 17 source files to /workspaces/master-thesis-pascal-joos/code_cure_agent/cca_workspace/protostuff/protostuff-core/target/classes
[INFO] 
[INFO] --- maven-resources-plugin:2.6:testResources (default-testResources) @ protostuff-core ---
[INFO] Using 'UTF-8' encoding to copy filtered resources.
[INFO] skip non existing resourceDirectory /workspaces/master-thesis-pascal-joos/code_cure_agent/cca_workspace/protostuff/protostuff-core/src/test/resources
[INFO] 
[INFO] --- maven-compiler-plugin:3.1:testCompile (default-testCompile) @ protostuff-core ---
[INFO] Changes detected - recompiling the module!
[INFO] Compiling 47 source files to /workspaces/master-thesis-pascal-joos/code_cure_agent/cca_workspace/protostuff/protostuff-core/target/test-classes
[WARNING] /workspaces/master-thesis-pascal-joos/code_cure_agent/cca_workspace/protostuff/protostuff-core/src/test/java/io/protostuff/SerializableObjects.java: /workspaces/master-thesis-pascal-joos/code_cure_agent/cca_workspace/protostuff/protostuff-core/src/test/java/io/protostuff/SerializableObjects.java uses or overrides a deprecated API.
[WARNING] /workspaces/master-thesis-pascal-joos/code_cure_agent/cca_workspace/protostuff/protostuff-core/src/test/java/io/protostuff/SerializableObjects.java: Recompile with -Xlint:deprecation for details.
[WARNING] /workspaces/master-thesis-pascal-joos/code_cure_agent/cca_workspace/protostuff/protostuff-core/src/test/java/io/protostuff/LowCopyProtobufOutputTest.java: Some input files use unchecked or unsafe operations.
[WARNING] /workspaces/master-thesis-pascal-joos/code_cure_agent/cca_workspace/protostuff/protostuff-core/src/test/java/io/protostuff/LowCopyProtobufOutputTest.java: Recompile with -Xlint:unchecked for details.
[INFO] 
[INFO] --- maven-surefire-plugin:2.12.4:test (default-test) @ protostuff-core ---
[INFO] Tests are skipped.
[INFO] 
[INFO] --- maven-jar-plugin:2.5:jar (default-jar) @ protostuff-core ---
[INFO] Building jar: /workspaces/master-thesis-pascal-joos/code_cure_agent/cca_workspace/protostuff/protostuff-core/target/protostuff-core-1.8.0-SNAPSHOT.jar
[INFO] 
[INFO] >>> maven-source-plugin:2.4:jar (attach-sources) > generate-sources @ protostuff-core >>>
[INFO] 
[INFO] --- maven-enforcer-plugin:1.3.1:enforce (enforce-versions) @ protostuff-core ---
[INFO] 
[INFO] <<< maven-source-plugin:2.4:jar (attach-sources) < generate-sources @ protostuff-core <<<
[INFO] 
[INFO] 
[INFO] --- maven-source-plugin:2.4:jar (attach-sources) @ protostuff-core ---
[INFO] Building jar: /workspaces/master-thesis-pascal-joos/code_cure_agent/cca_workspace/protostuff/protostuff-core/target/protostuff-core-1.8.0-SNAPSHOT-sources.jar
[INFO] 
[INFO] --- maven-javadoc-plugin:2.10.1:jar (attach-javadocs) @ protostuff-core ---
[ERROR] Error fetching link: /workspaces/master-thesis-pascal-joos/code_cure_agent/cca_workspace/protostuff/protostuff-api/target/apidocs/package-list. Ignored it.
[INFO] 
Loading source files for package io.protostuff...
Constructing Javadoc information...
Standard Doclet version 11.0.27
Building tree for all the packages and classes...
Generating /workspaces/master-thesis-pascal-joos/code_cure_agent/cca_workspace/protostuff/protostuff-core/target/apidocs/io/protostuff/ByteArrayInput.html...
Generating /workspaces/master-thesis-pascal-joos/code_cure_agent/cca_workspace/protostuff/protostuff-core/target/apidocs/io/protostuff/ByteBufferInput.html...
Generating /workspaces/master-thesis-pascal-joos/code_cure_agent/cca_workspace/protostuff/protostuff-core/target/apidocs/io/protostuff/CodedInput.html...
Generating /workspaces/master-thesis-pascal-joos/code_cure_agent/cca_workspace/protostuff/protostuff-core/target/apidocs/io/protostuff/GraphByteArrayInput.html...
Generating /workspaces/master-thesis-pascal-joos/code_cure_agent/cca_workspace/protostuff/protostuff-core/target/apidocs/io/protostuff/GraphCodedInput.html...
Generating /workspaces/master-thesis-pascal-joos/code_cure_agent/cca_workspace/protostuff/protostuff-core/target/apidocs/io/protostuff/GraphIOUtil.html...
Generating /workspaces/master-thesis-pascal-joos/code_cure_agent/cca_workspace/protostuff/protostuff-core/target/apidocs/io/protostuff/GraphProtostuffOutput.html...
Generating /workspaces/master-thesis-pascal-joos/code_cure_agent/cca_workspace/protostuff/protostuff-core/target/apidocs/io/protostuff/LimitedInputStream.html...
Generating /workspaces/master-thesis-pascal-joos/code_cure_agent/cca_workspace/protostuff/protostuff-core/target/apidocs/io/protostuff/LinkBuffer.html...
Generating /workspaces/master-thesis-pascal-joos/code_cure_agent/cca_workspace/protostuff/protostuff-core/target/apidocs/io/protostuff/LowCopyProtobufOutput.html...
Generating /workspaces/master-thesis-pascal-joos/code_cure_agent/cca_workspace/protostuff/protostuff-core/target/apidocs/io/protostuff/LowCopyProtostuffOutput.html...
Generating /workspaces/master-thesis-pascal-joos/code_cure_agent/cca_workspace/protostuff/protostuff-core/target/apidocs/io/protostuff/ProtobufException.html...
Generating /workspaces/master-thesis-pascal-joos/code_cure_agent/cca_workspace/protostuff/protostuff-core/target/apidocs/io/protostuff/ProtobufIOUtil.html...
Generating /workspaces/master-thesis-pascal-joos/code_cure_agent/cca_workspace/protostuff/protostuff-core/target/apidocs/io/protostuff/ProtobufOutput.html...
Generating /workspaces/master-thesis-pascal-joos/code_cure_agent/cca_workspace/protostuff/protostuff-core/target/apidocs/io/protostuff/ProtostuffIOUtil.html...
Generating /workspaces/master-thesis-pascal-joos/code_cure_agent/cca_workspace/protostuff/protostuff-core/target/apidocs/io/protostuff/ProtostuffOutput.html...
Generating /workspaces/master-thesis-pascal-joos/code_cure_agent/cca_workspace/protostuff/protostuff-core/target/apidocs/io/protostuff/package-summary.html...
Generating /workspaces/master-thesis-pascal-joos/code_cure_agent/cca_workspace/protostuff/protostuff-core/target/apidocs/io/protostuff/package-tree.html...
Generating /workspaces/master-thesis-pascal-joos/code_cure_agent/cca_workspace/protostuff/protostuff-core/target/apidocs/constant-values.html...
Generating /workspaces/master-thesis-pascal-joos/code_cure_agent/cca_workspace/protostuff/protostuff-core/target/apidocs/serialized-form.html...
Generating /workspaces/master-thesis-pascal-joos/code_cure_agent/cca_workspace/protostuff/protostuff-core/target/apidocs/io/protostuff/class-use/GraphIOUtil.html...
Generating /workspaces/master-thesis-pascal-joos/code_cure_agent/cca_workspace/protostuff/protostuff-core/target/apidocs/io/protostuff/class-use/ProtostuffIOUtil.html...
Generating /workspaces/master-thesis-pascal-joos/code_cure_agent/cca_workspace/protostuff/protostuff-core/target/apidocs/io/protostuff/class-use/LowCopyProtostuffOutput.html...
Generating /workspaces/master-thesis-pascal-joos/code_cure_agent/cca_workspace/protostuff/protostuff-core/target/apidocs/io/protostuff/class-use/LimitedInputStream.html...
Generating /workspaces/master-thesis-pascal-joos/code_cure_agent/cca_workspace/protostuff/protostuff-core/target/apidocs/io/protostuff/class-use/ProtobufOutput.html...
Generating /workspaces/master-thesis-pascal-joos/code_cure_agent/cca_workspace/protostuff/protostuff-core/target/apidocs/io/protostuff/class-use/CodedInput.html...
Generating /workspaces/master-thesis-pascal-joos/code_cure_agent/cca_workspace/protostuff/protostuff-core/target/apidocs/io/protostuff/class-use/ProtostuffOutput.html...
Generating /workspaces/master-thesis-pascal-joos/code_cure_agent/cca_workspace/protostuff/protostuff-core/target/apidocs/io/protostuff/class-use/GraphProtostuffOutput.html...
Generating /workspaces/master-thesis-pascal-joos/code_cure_agent/cca_workspace/protostuff/protostuff-core/target/apidocs/io/protostuff/class-use/ProtobufException.html...
Generating /workspaces/master-thesis-pascal-joos/code_cure_agent/cca_workspace/protostuff/protostuff-core/target/apidocs/io/protostuff/class-use/LinkBuffer.html...
Generating /workspaces/master-thesis-pascal-joos/code_cure_agent/cca_workspace/protostuff/protostuff-core/target/apidocs/io/protostuff/class-use/ByteBufferInput.html...
Generating /workspaces/master-thesis-pascal-joos/code_cure_agent/cca_workspace/protostuff/protostuff-core/target/apidocs/io/protostuff/class-use/LowCopyProtobufOutput.html...
Generating /workspaces/master-thesis-pascal-joos/code_cure_agent/cca_workspace/protostuff/protostuff-core/target/apidocs/io/protostuff/class-use/GraphByteArrayInput.html...
Generating /workspaces/master-thesis-pascal-joos/code_cure_agent/cca_workspace/protostuff/protostuff-core/target/apidocs/io/protostuff/class-use/ProtobufIOUtil.html...
Generating /workspaces/master-thesis-pascal-joos/code_cure_agent/cca_workspace/protostuff/protostuff-core/target/apidocs/io/protostuff/class-use/GraphCodedInput.html...
Generating /workspaces/master-thesis-pascal-joos/code_cure_agent/cca_workspace/protostuff/protostuff-core/target/apidocs/io/protostuff/class-use/ByteArrayInput.html...
Generating /workspaces/master-thesis-pascal-joos/code_cure_agent/cca_workspace/protostuff/protostuff-core/target/apidocs/io/protostuff/package-use.html...
Building index for all the packages and classes...
Generating /workspaces/master-thesis-pascal-joos/code_cure_agent/cca_workspace/protostuff/protostuff-core/target/apidocs/overview-tree.html...
Generating /workspaces/master-thesis-pascal-joos/code_cure_agent/cca_workspace/protostuff/protostuff-core/target/apidocs/index-all.html...
Building index for all classes...
Generating /workspaces/master-thesis-pascal-joos/code_cure_agent/cca_workspace/protostuff/protostuff-core/target/apidocs/allclasses-index.html...
Generating /workspaces/master-thesis-pascal-joos/code_cure_agent/cca_workspace/protostuff/protostuff-core/target/apidocs/allpackages-index.html...
Generating /workspaces/master-thesis-pascal-joos/code_cure_agent/cca_workspace/protostuff/protostuff-core/target/apidocs/deprecated-list.html...
Building index for all classes...
Generating /workspaces/master-thesis-pascal-joos/code_cure_agent/cca_workspace/protostuff/protostuff-core/target/apidocs/allclasses.html...
Generating /workspaces/master-thesis-pascal-joos/code_cure_agent/cca_workspace/protostuff/protostuff-core/target/apidocs/allclasses.html...
Generating /workspaces/master-thesis-pascal-joos/code_cure_agent/cca_workspace/protostuff/protostuff-core/target/apidocs/index.html...
Generating /workspaces/master-thesis-pascal-joos/code_cure_agent/cca_workspace/protostuff/protostuff-core/target/apidocs/help-doc.html...
Note: Custom tags that could override future standard tags:  @phase, @component, @configurator, @goal, @readonly, @requiresDependencyResolution, @created, @parameter, @execute, @required. To avoid potential overrides, use at least one period character (.) in custom tag names.
Note: Custom tags that were not seen:  @phase, @component, @configurator, @goal, @readonly, @requiresDependencyResolution, @parameter, @execute, @required
[INFO] Building jar: /workspaces/master-thesis-pascal-joos/code_cure_agent/cca_workspace/protostuff/protostuff-core/target/protostuff-core-1.8.0-SNAPSHOT-javadoc.jar
[INFO] 
[INFO] --- maven-jar-plugin:2.5:jar (artifact-jar) @ protostuff-core ---
[INFO] 
[INFO] --- maven-jar-plugin:2.5:test-jar (test-jar) @ protostuff-core ---
[INFO] Building jar: /workspaces/master-thesis-pascal-joos/code_cure_agent/cca_workspace/protostuff/protostuff-core/target/protostuff-core-1.8.0-SNAPSHOT-tests.jar
[INFO] 
[INFO] -------------< io.protostuff:protostuff-collectionschema >--------------
[INFO] Building protostuff :: collectionschema 1.8.0-SNAPSHOT            [4/20]
[INFO] --------------------------------[ jar ]---------------------------------
[INFO] 
[INFO] --- maven-clean-plugin:2.5:clean (default-clean) @ protostuff-collectionschema ---
[INFO] Deleting /workspaces/master-thesis-pascal-joos/code_cure_agent/cca_workspace/protostuff/protostuff-collectionschema/target
[INFO] 
[INFO] --- maven-enforcer-plugin:1.3.1:enforce (enforce-versions) @ protostuff-collectionschema ---
[INFO] 
[INFO] --- maven-resources-plugin:2.6:resources (default-resources) @ protostuff-collectionschema ---
[INFO] Using 'UTF-8' encoding to copy filtered resources.
[INFO] skip non existing resourceDirectory /workspaces/master-thesis-pascal-joos/code_cure_agent/cca_workspace/protostuff/protostuff-collectionschema/src/main/resources
[INFO] 
[INFO] --- maven-compiler-plugin:3.1:compile (default-compile) @ protostuff-collectionschema ---
[INFO] Changes detected - recompiling the module!
[INFO] Compiling 5 source files to /workspaces/master-thesis-pascal-joos/code_cure_agent/cca_workspace/protostuff/protostuff-collectionschema/target/classes
[INFO] 
[INFO] --- maven-resources-plugin:2.6:testResources (default-testResources) @ protostuff-collectionschema ---
[INFO] Using 'UTF-8' encoding to copy filtered resources.
[INFO] skip non existing resourceDirectory /workspaces/master-thesis-pascal-joos/code_cure_agent/cca_workspace/protostuff/protostuff-collectionschema/src/test/resources
[INFO] 
[INFO] --- maven-compiler-plugin:3.1:testCompile (default-testCompile) @ protostuff-collectionschema ---
[INFO] Changes detected - recompiling the module!
[INFO] Compiling 4 source files to /workspaces/master-thesis-pascal-joos/code_cure_agent/cca_workspace/protostuff/protostuff-collectionschema/target/test-classes
[INFO] 
[INFO] --- maven-surefire-plugin:2.12.4:test (default-test) @ protostuff-collectionschema ---
[INFO] Tests are skipped.
[INFO] 
[INFO] --- maven-jar-plugin:2.5:jar (default-jar) @ protostuff-collectionschema ---
[INFO] Building jar: /workspaces/master-thesis-pascal-joos/code_cure_agent/cca_workspace/protostuff/protostuff-collectionschema/target/protostuff-collectionschema-1.8.0-SNAPSHOT.jar
[INFO] 
[INFO] >>> maven-source-plugin:2.4:jar (attach-sources) > generate-sources @ protostuff-collectionschema >>>
[INFO] 
[INFO] --- maven-enforcer-plugin:1.3.1:enforce (enforce-versions) @ protostuff-collectionschema ---
[INFO] 
[INFO] <<< maven-source-plugin:2.4:jar (attach-sources) < generate-sources @ protostuff-collectionschema <<<
[INFO] 
[INFO] 
[INFO] --- maven-source-plugin:2.4:jar (attach-sources) @ protostuff-collectionschema ---
[INFO] Building jar: /workspaces/master-thesis-pascal-joos/code_cure_agent/cca_workspace/protostuff/protostuff-collectionschema/target/protostuff-collectionschema-1.8.0-SNAPSHOT-sources.jar
[INFO] 
[INFO] --- maven-javadoc-plugin:2.10.1:jar (attach-javadocs) @ protostuff-collectionschema ---
[ERROR] Error fetching link: /workspaces/master-thesis-pascal-joos/code_cure_agent/cca_workspace/protostuff/protostuff-api/target/apidocs/package-list. Ignored it.
[ERROR] Error fetching link: /workspaces/master-thesis-pascal-joos/code_cure_agent/cca_workspace/protostuff/protostuff-core/target/apidocs/package-list. Ignored it.
[INFO] 
Loading source files for package io.protostuff...
Constructing Javadoc information...
Standard Doclet version 11.0.27
Building tree for all the packages and classes...
Generating /workspaces/master-thesis-pascal-joos/code_cure_agent/cca_workspace/protostuff/protostuff-collectionschema/target/apidocs/io/protostuff/CollectionSchema.html...
Generating /workspaces/master-thesis-pascal-joos/code_cure_agent/cca_workspace/protostuff/protostuff-collectionschema/target/apidocs/io/protostuff/CollectionSchema.MessageFactories.html...
Generating /workspaces/master-thesis-pascal-joos/code_cure_agent/cca_workspace/protostuff/protostuff-collectionschema/target/apidocs/io/protostuff/CollectionSchema.MessageFactory.html...
Generating /workspaces/master-thesis-pascal-joos/code_cure_agent/cca_workspace/protostuff/protostuff-collectionschema/target/apidocs/io/protostuff/MapSchema.html...
Generating /workspaces/master-thesis-pascal-joos/code_cure_agent/cca_workspace/protostuff/protostuff-collectionschema/target/apidocs/io/protostuff/MapSchema.MapWrapper.html...
Generating /workspaces/master-thesis-pascal-joos/code_cure_agent/cca_workspace/protostuff/protostuff-collectionschema/target/apidocs/io/protostuff/MapSchema.MessageFactories.html...
Generating /workspaces/master-thesis-pascal-joos/code_cure_agent/cca_workspace/protostuff/protostuff-collectionschema/target/apidocs/io/protostuff/MapSchema.MessageFactory.html...
Generating /workspaces/master-thesis-pascal-joos/code_cure_agent/cca_workspace/protostuff/protostuff-collectionschema/target/apidocs/io/protostuff/MessageCollectionSchema.html...
Generating /workspaces/master-thesis-pascal-joos/code_cure_agent/cca_workspace/protostuff/protostuff-collectionschema/target/apidocs/io/protostuff/MessageMapSchema.html...
Generating /workspaces/master-thesis-pascal-joos/code_cure_agent/cca_workspace/protostuff/protostuff-collectionschema/target/apidocs/io/protostuff/StringMapSchema.html...
Generating /workspaces/master-thesis-pascal-joos/code_cure_agent/cca_workspace/protostuff/protostuff-collectionschema/target/apidocs/io/protostuff/package-summary.html...
Generating /workspaces/master-thesis-pascal-joos/code_cure_agent/cca_workspace/protostuff/protostuff-collectionschema/target/apidocs/io/protostuff/package-tree.html...
Generating /workspaces/master-thesis-pascal-joos/code_cure_agent/cca_workspace/protostuff/protostuff-collectionschema/target/apidocs/constant-values.html...
Generating /workspaces/master-thesis-pascal-joos/code_cure_agent/cca_workspace/protostuff/protostuff-collectionschema/target/apidocs/io/protostuff/class-use/StringMapSchema.html...
Generating /workspaces/master-thesis-pascal-joos/code_cure_agent/cca_workspace/protostuff/protostuff-collectionschema/target/apidocs/io/protostuff/class-use/MessageCollectionSchema.html...
Generating /workspaces/master-thesis-pascal-joos/code_cure_agent/cca_workspace/protostuff/protostuff-collectionschema/target/apidocs/io/protostuff/class-use/MessageMapSchema.html...
Generating /workspaces/master-thesis-pascal-joos/code_cure_agent/cca_workspace/protostuff/protostuff-collectionschema/target/apidocs/io/protostuff/class-use/CollectionSchema.html...
Generating /workspaces/master-thesis-pascal-joos/code_cure_agent/cca_workspace/protostuff/protostuff-collectionschema/target/apidocs/io/protostuff/class-use/CollectionSchema.MessageFactories.html...
Generating /workspaces/master-thesis-pascal-joos/code_cure_agent/cca_workspace/protostuff/protostuff-collectionschema/target/apidocs/io/protostuff/class-use/CollectionSchema.MessageFactory.html...
Generating /workspaces/master-thesis-pascal-joos/code_cure_agent/cca_workspace/protostuff/protostuff-collectionschema/target/apidocs/io/protostuff/class-use/MapSchema.html...
Generating /workspaces/master-thesis-pascal-joos/code_cure_agent/cca_workspace/protostuff/protostuff-collectionschema/target/apidocs/io/protostuff/class-use/MapSchema.MapWrapper.html...
Generating /workspaces/master-thesis-pascal-joos/code_cure_agent/cca_workspace/protostuff/protostuff-collectionschema/target/apidocs/io/protostuff/class-use/MapSchema.MessageFactories.html...
Generating /workspaces/master-thesis-pascal-joos/code_cure_agent/cca_workspace/protostuff/protostuff-collectionschema/target/apidocs/io/protostuff/class-use/MapSchema.MessageFactory.html...
Generating /workspaces/master-thesis-pascal-joos/code_cure_agent/cca_workspace/protostuff/protostuff-collectionschema/target/apidocs/io/protostuff/package-use.html...
Building index for all the packages and classes...
Generating /workspaces/master-thesis-pascal-joos/code_cure_agent/cca_workspace/protostuff/protostuff-collectionschema/target/apidocs/overview-tree.html...
Generating /workspaces/master-thesis-pascal-joos/code_cure_agent/cca_workspace/protostuff/protostuff-collectionschema/target/apidocs/index-all.html...
Building index for all classes...
Generating /workspaces/master-thesis-pascal-joos/code_cure_agent/cca_workspace/protostuff/protostuff-collectionschema/target/apidocs/allclasses-index.html...
Generating /workspaces/master-thesis-pascal-joos/code_cure_agent/cca_workspace/protostuff/protostuff-collectionschema/target/apidocs/allpackages-index.html...
Generating /workspaces/master-thesis-pascal-joos/code_cure_agent/cca_workspace/protostuff/protostuff-collectionschema/target/apidocs/deprecated-list.html...
Building index for all classes...
Generating /workspaces/master-thesis-pascal-joos/code_cure_agent/cca_workspace/protostuff/protostuff-collectionschema/target/apidocs/allclasses.html...
Generating /workspaces/master-thesis-pascal-joos/code_cure_agent/cca_workspace/protostuff/protostuff-collectionschema/target/apidocs/allclasses.html...
Generating /workspaces/master-thesis-pascal-joos/code_cure_agent/cca_workspace/protostuff/protostuff-collectionschema/target/apidocs/index.html...
Generating /workspaces/master-thesis-pascal-joos/code_cure_agent/cca_workspace/protostuff/protostuff-collectionschema/target/apidocs/help-doc.html...
Note: Custom tags that could override future standard tags:  @phase, @component, @configurator, @goal, @readonly, @requiresDependencyResolution, @created, @parameter, @execute, @required. To avoid potential overrides, use at least one period character (.) in custom tag names.
Note: Custom tags that were not seen:  @phase, @component, @configurator, @goal, @readonly, @requiresDependencyResolution, @parameter, @execute, @required
[INFO] Building jar: /workspaces/master-thesis-pascal-joos/code_cure_agent/cca_workspace/protostuff/protostuff-collectionschema/target/protostuff-collectionschema-1.8.0-SNAPSHOT-javadoc.jar
[INFO] 
[INFO] --- maven-jar-plugin:2.5:jar (artifact-jar) @ protostuff-collectionschema ---
[INFO] 
[INFO] --- maven-jar-plugin:2.5:test-jar (test-jar) @ protostuff-collectionschema ---
[INFO] Building jar: /workspaces/master-thesis-pascal-joos/code_cure_agent/cca_workspace/protostuff/protostuff-collectionschema/target/protostuff-collectionschema-1.8.0-SNAPSHOT-tests.jar
[INFO] 
[INFO] ------------------< io.protostuff:protostuff-runtime >------------------
[INFO] Building protostuff :: runtime 1.8.0-SNAPSHOT                     [5/20]
[INFO] --------------------------------[ jar ]---------------------------------
[INFO] 
[INFO] --- maven-clean-plugin:2.5:clean (default-clean) @ protostuff-runtime ---
[INFO] Deleting /workspaces/master-thesis-pascal-joos/code_cure_agent/cca_workspace/protostuff/protostuff-runtime/target
[INFO] 
[INFO] --- maven-enforcer-plugin:1.3.1:enforce (enforce-versions) @ protostuff-runtime ---
[INFO] 
[INFO] --- maven-resources-plugin:2.6:resources (default-resources) @ protostuff-runtime ---
[INFO] Using 'UTF-8' encoding to copy filtered resources.
[INFO] skip non existing resourceDirectory /workspaces/master-thesis-pascal-joos/code_cure_agent/cca_workspace/protostuff/protostuff-runtime/src/main/resources
[INFO] 
[INFO] --- maven-compiler-plugin:3.1:compile (default-compile) @ protostuff-runtime ---
[INFO] Changes detected - recompiling the module!
[INFO] Compiling 43 source files to /workspaces/master-thesis-pascal-joos/code_cure_agent/cca_workspace/protostuff/protostuff-runtime/target/classes
[INFO] -------------------------------------------------------------
[ERROR] COMPILATION ERROR : 
[INFO] -------------------------------------------------------------
[ERROR] /workspaces/master-thesis-pascal-joos/code_cure_agent/cca_workspace/protostuff/protostuff-runtime/src/main/java/io/protostuff/runtime/RuntimeReflectionFieldFactory.java:[1777,17] '(' expected
[INFO] 1 error
[INFO] -------------------------------------------------------------
[INFO] ------------------------------------------------------------------------
[INFO] Reactor Summary for protostuff 1.8.0-SNAPSHOT:
[INFO] 
[INFO] protostuff ......................................... SUCCESS [  0.590 s]
[INFO] protostuff :: api .................................. SUCCESS [  3.560 s]
[INFO] protostuff :: core ................................. SUCCESS [  2.701 s]
[INFO] protostuff :: collectionschema ..................... SUCCESS [  1.849 s]
[INFO] protostuff :: runtime .............................. FAILURE [  0.123 s]
[INFO] protostuff :: runtime-md ........................... SKIPPED
[INFO] protostuff :: runtime-registry ..................... SKIPPED
[INFO] protostuff :: runtime-view ......................... SKIPPED
[INFO] protostuff :: json ................................. SKIPPED
[INFO] protostuff :: msgpack .............................. SKIPPED
[INFO] protostuff :: xml .................................. SKIPPED
[INFO] protostuff :: yaml ................................. SKIPPED
[INFO] protostuff :: kvp .................................. SKIPPED
[INFO] protostuff :: parser ............................... SKIPPED
[INFO] protostuff :: compiler ............................. SKIPPED
[INFO] protostuff :: maven-plugin ......................... SKIPPED
[INFO] protostuff :: uberjar .............................. SKIPPED
[INFO] protostuff :: it ................................... SKIPPED
[INFO] protostuff :: bom .................................. SKIPPED
[INFO] protostuff :: benchmarks ........................... SKIPPED
[INFO] ------------------------------------------------------------------------
[INFO] BUILD FAILURE
[INFO] ------------------------------------------------------------------------
[INFO] Total time:  9.438 s
[INFO] Finished at: 2025-08-21T13:35:46Z
[INFO] ------------------------------------------------------------------------
[ERROR] Failed to execute goal org.apache.maven.plugins:maven-compiler-plugin:3.1:compile (default-compile) on project protostuff-runtime: Compilation failure
[ERROR] /workspaces/master-thesis-pascal-joos/code_cure_agent/cca_workspace/protostuff/protostuff-runtime/src/main/java/io/protostuff/runtime/RuntimeReflectionFieldFactory.java:[1777,17] '(' expected
[ERROR] -> [Help 1]
[ERROR] 
[ERROR] To see the full stack trace of the errors, re-run Maven with the -e switch.
[ERROR] Re-run Maven using the -X switch to enable full debug logging.
[ERROR] 
[ERROR] For more information about the errors and possible solutions, please read the following articles:
[ERROR] [Help 1] http://cwiki.apache.org/confluence/display/MAVEN/MojoFailureException
[ERROR] 
[ERROR] After correcting the problems, you can resume the build with the command
[ERROR]   mvn <args> -rf :protostuff-runtime
