[INFO] Scanning for projects...
[INFO] ------------------------------------------------------------------------
[INFO] Reactor Build Order:
[INFO] 
[INFO] movsim                                                             [pom]
[INFO] MovsimXsd                                                          [jar]
[INFO] MovsimCommon                                                       [jar]
[INFO] MovsimConsumption                                                  [jar]
[INFO] MovsimCore                                                         [jar]
[INFO] MovsimViewer                                                       [jar]
[INFO] 
[INFO] -------------------------< org.movsim:Movsim >--------------------------
[INFO] Building movsim 1.7.0-SNAPSHOT                                     [1/6]
[INFO] --------------------------------[ pom ]---------------------------------
[INFO] 
[INFO] --- maven-clean-plugin:2.5:clean (default-clean) @ Movsim ---
[INFO] 
[INFO] >>> maven-source-plugin:3.0.1:jar (attach-sources) > generate-sources @ Movsim >>>
[INFO] 
[INFO] <<< maven-source-plugin:3.0.1:jar (attach-sources) < generate-sources @ Movsim <<<
[INFO] 
[INFO] 
[INFO] --- maven-source-plugin:3.0.1:jar (attach-sources) @ Movsim ---
[INFO] 
[INFO] ------------------------< org.movsim:MovsimXsd >------------------------
[INFO] Building MovsimXsd 1.7.0-SNAPSHOT                                  [2/6]
[INFO] --------------------------------[ jar ]---------------------------------
[INFO] 
[INFO] --- maven-clean-plugin:2.5:clean (default-clean) @ MovsimXsd ---
[INFO] Deleting /workspaces/xxxx/code_cure_agent/cca_workspace/movsim/xsd/target
[INFO] 
[INFO] --- maven-jaxb2-plugin:0.14.0:generate (movsim) @ MovsimXsd ---
[INFO] Sources are not up-to-date, XJC will be executed.
[INFO] Episode file [/workspaces/xxxx/code_cure_agent/cca_workspace/movsim/xsd/target/generated-sources/xjc/META-INF/sun-jaxb.episode] was augmented with if-exists="true" attributes.
[INFO] 
[INFO] --- maven-jaxb2-plugin:0.14.0:generate (opendrive) @ MovsimXsd ---
[WARNING] You are using forceRegenerate=true in your configuration.
This configuration setting is deprecated and not recommended as it causes problems with incremental builds in IDEs.
Please refer to the following link for more information:
https://github.com/highsource/maven-jaxb2-plugin/wiki/Do-Not-Use-forceRegenerate
Consider removing this setting from your plugin configuration.

[INFO] The [forceRegenerate] switch is turned on, XJC will be executed.
[INFO] Episode file [/workspaces/xxxx/code_cure_agent/cca_workspace/movsim/xsd/target/generated-sources/xjc/META-INF/sun-jaxb.episode] was augmented with if-exists="true" attributes.
[INFO] 
[INFO] --- maven-jaxb2-plugin:0.14.0:generate (movsimInitialConditions) @ MovsimXsd ---
[WARNING] You are using forceRegenerate=true in your configuration.
This configuration setting is deprecated and not recommended as it causes problems with incremental builds in IDEs.
Please refer to the following link for more information:
https://github.com/highsource/maven-jaxb2-plugin/wiki/Do-Not-Use-forceRegenerate
Consider removing this setting from your plugin configuration.

[INFO] The [forceRegenerate] switch is turned on, XJC will be executed.
[INFO] Episode file [/workspaces/xxxx/code_cure_agent/cca_workspace/movsim/xsd/target/generated-sources/xjc/META-INF/sun-jaxb.episode] was augmented with if-exists="true" attributes.
[INFO] 
[INFO] --- maven-jaxb2-plugin:0.14.0:generate (movsimMicroscopicBoundaryConditions) @ MovsimXsd ---
[WARNING] You are using forceRegenerate=true in your configuration.
This configuration setting is deprecated and not recommended as it causes problems with incremental builds in IDEs.
Please refer to the following link for more information:
https://github.com/highsource/maven-jaxb2-plugin/wiki/Do-Not-Use-forceRegenerate
Consider removing this setting from your plugin configuration.

[INFO] The [forceRegenerate] switch is turned on, XJC will be executed.
[INFO] Episode file [/workspaces/xxxx/code_cure_agent/cca_workspace/movsim/xsd/target/generated-sources/xjc/META-INF/sun-jaxb.episode] was augmented with if-exists="true" attributes.
[INFO] 
[INFO] --- maven-jaxb2-plugin:0.14.0:generate (movsimExternalVehicleControl) @ MovsimXsd ---
[WARNING] You are using forceRegenerate=true in your configuration.
This configuration setting is deprecated and not recommended as it causes problems with incremental builds in IDEs.
Please refer to the following link for more information:
https://github.com/highsource/maven-jaxb2-plugin/wiki/Do-Not-Use-forceRegenerate
Consider removing this setting from your plugin configuration.

[INFO] The [forceRegenerate] switch is turned on, XJC will be executed.
[INFO] Episode file [/workspaces/xxxx/code_cure_agent/cca_workspace/movsim/xsd/target/generated-sources/xjc/META-INF/sun-jaxb.episode] was augmented with if-exists="true" attributes.
[INFO] 
[INFO] --- maven-resources-plugin:2.6:resources (default-resources) @ MovsimXsd ---
[INFO] Using 'UTF-8' encoding to copy filtered resources.
[INFO] Copying 11 resources
[INFO] Copying 1 resource
[INFO] Copying 1 resource
[INFO] Copying 1 resource
[INFO] Copying 1 resource
[INFO] Copying 1 resource
[INFO] 
[INFO] --- maven-compiler-plugin:3.7.0:compile (default-compile) @ MovsimXsd ---
[INFO] Changes detected - recompiling the module!
[INFO] Compiling 118 source files to /workspaces/xxxx/code_cure_agent/cca_workspace/movsim/xsd/target/classes
[INFO] 
[INFO] --- maven-resources-plugin:2.6:testResources (default-testResources) @ MovsimXsd ---
[INFO] Using 'UTF-8' encoding to copy filtered resources.
[INFO] skip non existing resourceDirectory /workspaces/xxxx/code_cure_agent/cca_workspace/movsim/xsd/src/test/resources
[INFO] 
[INFO] --- maven-compiler-plugin:3.7.0:testCompile (default-testCompile) @ MovsimXsd ---
[INFO] No sources to compile
[INFO] 
[INFO] --- maven-surefire-plugin:2.12.4:test (default-test) @ MovsimXsd ---
[INFO] Tests are skipped.
[INFO] 
[INFO] --- maven-jar-plugin:3.1.0:jar (default-jar) @ MovsimXsd ---
[INFO] Building jar: /workspaces/xxxx/code_cure_agent/cca_workspace/movsim/xsd/target/MovsimXsd-1.7.0-SNAPSHOT.jar
[INFO] 
[INFO] >>> maven-source-plugin:3.0.1:jar (attach-sources) > generate-sources @ MovsimXsd >>>
[INFO] 
[INFO] --- maven-jaxb2-plugin:0.14.0:generate (movsim) @ MovsimXsd ---
[INFO] Latest timestamp of the source resources is [2025-08-21 00:05:42.021], earliest timestamp of the target resources is [2025-08-21 00:06:47.302].
[INFO] Sources are up-to-date, XJC will be skipped.
[INFO] 
[INFO] --- maven-jaxb2-plugin:0.14.0:generate (opendrive) @ MovsimXsd ---
[WARNING] You are using forceRegenerate=true in your configuration.
This configuration setting is deprecated and not recommended as it causes problems with incremental builds in IDEs.
Please refer to the following link for more information:
https://github.com/highsource/maven-jaxb2-plugin/wiki/Do-Not-Use-forceRegenerate
Consider removing this setting from your plugin configuration.

[INFO] The [forceRegenerate] switch is turned on, XJC will be executed.
[INFO] Episode file [/workspaces/xxxx/code_cure_agent/cca_workspace/movsim/xsd/target/generated-sources/xjc/META-INF/sun-jaxb.episode] was augmented with if-exists="true" attributes.
[INFO] 
[INFO] --- maven-jaxb2-plugin:0.14.0:generate (movsimInitialConditions) @ MovsimXsd ---
[WARNING] You are using forceRegenerate=true in your configuration.
This configuration setting is deprecated and not recommended as it causes problems with incremental builds in IDEs.
Please refer to the following link for more information:
https://github.com/highsource/maven-jaxb2-plugin/wiki/Do-Not-Use-forceRegenerate
Consider removing this setting from your plugin configuration.

[INFO] The [forceRegenerate] switch is turned on, XJC will be executed.
[INFO] Episode file [/workspaces/xxxx/code_cure_agent/cca_workspace/movsim/xsd/target/generated-sources/xjc/META-INF/sun-jaxb.episode] was augmented with if-exists="true" attributes.
[INFO] 
[INFO] --- maven-jaxb2-plugin:0.14.0:generate (movsimMicroscopicBoundaryConditions) @ MovsimXsd ---
[WARNING] You are using forceRegenerate=true in your configuration.
This configuration setting is deprecated and not recommended as it causes problems with incremental builds in IDEs.
Please refer to the following link for more information:
https://github.com/highsource/maven-jaxb2-plugin/wiki/Do-Not-Use-forceRegenerate
Consider removing this setting from your plugin configuration.

[INFO] The [forceRegenerate] switch is turned on, XJC will be executed.
[INFO] Episode file [/workspaces/xxxx/code_cure_agent/cca_workspace/movsim/xsd/target/generated-sources/xjc/META-INF/sun-jaxb.episode] was augmented with if-exists="true" attributes.
[INFO] 
[INFO] --- maven-jaxb2-plugin:0.14.0:generate (movsimExternalVehicleControl) @ MovsimXsd ---
[WARNING] You are using forceRegenerate=true in your configuration.
This configuration setting is deprecated and not recommended as it causes problems with incremental builds in IDEs.
Please refer to the following link for more information:
https://github.com/highsource/maven-jaxb2-plugin/wiki/Do-Not-Use-forceRegenerate
Consider removing this setting from your plugin configuration.

[INFO] The [forceRegenerate] switch is turned on, XJC will be executed.
[INFO] Episode file [/workspaces/xxxx/code_cure_agent/cca_workspace/movsim/xsd/target/generated-sources/xjc/META-INF/sun-jaxb.episode] was augmented with if-exists="true" attributes.
[INFO] 
[INFO] <<< maven-source-plugin:3.0.1:jar (attach-sources) < generate-sources @ MovsimXsd <<<
[INFO] 
[INFO] 
[INFO] --- maven-source-plugin:3.0.1:jar (attach-sources) @ MovsimXsd ---
[INFO] Building jar: /workspaces/xxxx/code_cure_agent/cca_workspace/movsim/xsd/target/MovsimXsd-1.7.0-SNAPSHOT-sources.jar
[INFO] 
[INFO] ----------------------< org.movsim:MovsimCommon >-----------------------
[INFO] Building MovsimCommon 1.7.0-SNAPSHOT                               [3/6]
[INFO] --------------------------------[ jar ]---------------------------------
[INFO] 
[INFO] --- maven-clean-plugin:2.5:clean (default-clean) @ MovsimCommon ---
[INFO] Deleting /workspaces/xxxx/code_cure_agent/cca_workspace/movsim/common/target
[INFO] 
[INFO] --- maven-resources-plugin:2.6:resources (default-resources) @ MovsimCommon ---
[INFO] Using 'UTF-8' encoding to copy filtered resources.
[INFO] Copying 1 resource
[INFO] 
[INFO] --- maven-compiler-plugin:3.7.0:compile (default-compile) @ MovsimCommon ---
[INFO] Changes detected - recompiling the module!
[INFO] Compiling 21 source files to /workspaces/xxxx/code_cure_agent/cca_workspace/movsim/common/target/classes
[INFO] -------------------------------------------------------------
[ERROR] COMPILATION ERROR : 
[INFO] -------------------------------------------------------------
[ERROR] /workspaces/xxxx/code_cure_agent/cca_workspace/movsim/common/src/main/java/org/movsim/utilities/Colors.java:[45,1] illegal character: '`'
[ERROR] /workspaces/xxxx/code_cure_agent/cca_workspace/movsim/common/src/main/java/org/movsim/utilities/Colors.java:[45,2] illegal character: '`'
[ERROR] /workspaces/xxxx/code_cure_agent/cca_workspace/movsim/common/src/main/java/org/movsim/utilities/Colors.java:[45,3] illegal character: '`'
[ERROR] /workspaces/xxxx/code_cure_agent/cca_workspace/movsim/common/src/main/java/org/movsim/utilities/Colors.java:[46,4] class, interface, or enum expected
[ERROR] /workspaces/xxxx/code_cure_agent/cca_workspace/movsim/common/src/main/java/org/movsim/utilities/Colors.java:[46,50] illegal character: '`'
[ERROR] /workspaces/xxxx/code_cure_agent/cca_workspace/movsim/common/src/main/java/org/movsim/utilities/Colors.java:[46,57] illegal character: '`'
[INFO] 6 errors 
[INFO] -------------------------------------------------------------
[INFO] ------------------------------------------------------------------------
[INFO] Reactor Summary for movsim 1.7.0-SNAPSHOT:
[INFO] 
[INFO] movsim ............................................. SUCCESS [  0.382 s]
[INFO] MovsimXsd .......................................... SUCCESS [  4.780 s]
[INFO] MovsimCommon ....................................... FAILURE [  0.056 s]
[INFO] MovsimConsumption .................................. SKIPPED
[INFO] MovsimCore ......................................... SKIPPED
[INFO] MovsimViewer ....................................... SKIPPED
[INFO] ------------------------------------------------------------------------
[INFO] BUILD FAILURE
[INFO] ------------------------------------------------------------------------
[INFO] Total time:  5.327 s
[INFO] Finished at: 2025-08-21T00:06:50Z
[INFO] ------------------------------------------------------------------------
[ERROR] Failed to execute goal org.apache.maven.plugins:maven-compiler-plugin:3.7.0:compile (default-compile) on project MovsimCommon: Compilation failure: Compilation failure: 
[ERROR] /workspaces/xxxx/code_cure_agent/cca_workspace/movsim/common/src/main/java/org/movsim/utilities/Colors.java:[45,1] illegal character: '`'
[ERROR] /workspaces/xxxx/code_cure_agent/cca_workspace/movsim/common/src/main/java/org/movsim/utilities/Colors.java:[45,2] illegal character: '`'
[ERROR] /workspaces/xxxx/code_cure_agent/cca_workspace/movsim/common/src/main/java/org/movsim/utilities/Colors.java:[45,3] illegal character: '`'
[ERROR] /workspaces/xxxx/code_cure_agent/cca_workspace/movsim/common/src/main/java/org/movsim/utilities/Colors.java:[46,4] class, interface, or enum expected
[ERROR] /workspaces/xxxx/code_cure_agent/cca_workspace/movsim/common/src/main/java/org/movsim/utilities/Colors.java:[46,50] illegal character: '`'
[ERROR] /workspaces/xxxx/code_cure_agent/cca_workspace/movsim/common/src/main/java/org/movsim/utilities/Colors.java:[46,57] illegal character: '`'
[ERROR] -> [Help 1]
[ERROR] 
[ERROR] To see the full stack trace of the errors, re-run Maven with the -e switch.
[ERROR] Re-run Maven using the -X switch to enable full debug logging.
[ERROR] 
[ERROR] For more information about the errors and possible solutions, please read the following articles:
[ERROR] [Help 1] http://cwiki.apache.org/confluence/display/MAVEN/MojoFailureException
[ERROR] 
[ERROR] After correcting the problems, you can resume the build with the command
[ERROR]   mvn <args> -rf :MovsimCommon
