[INFO] Scanning for projects...
[INFO] 
[INFO] ----------------------< com.garbagemule:mobarena >----------------------
[INFO] Building MobArena 0.105.1-SNAPSHOT
[INFO] --------------------------------[ jar ]---------------------------------
[INFO] 
[INFO] --- maven-clean-plugin:2.5:clean (default-clean) @ mobarena ---
[INFO] 
[INFO] --- maven-resources-plugin:2.6:resources (default-resources) @ mobarena ---
[INFO] Using 'UTF-8' encoding to copy filtered resources.
[INFO] Copying 9 resources
[INFO] 
[INFO] --- maven-compiler-plugin:3.8.1:compile (default-compile) @ mobarena ---
[INFO] Changes detected - recompiling the module!
[INFO] Compiling 245 source files to /workspaces/CodeCureAgent/code_cure_agent/cca_workspace_3/MobArena/target/classes
[INFO] /workspaces/CodeCureAgent/code_cure_agent/cca_workspace_3/MobArena/src/main/java/com/garbagemule/MobArena/commands/admin/AddRewardCommand.java: Some input files use or override a deprecated API.
[INFO] /workspaces/CodeCureAgent/code_cure_agent/cca_workspace_3/MobArena/src/main/java/com/garbagemule/MobArena/commands/admin/AddRewardCommand.java: Recompile with -Xlint:deprecation for details.
[INFO] -------------------------------------------------------------
[ERROR] COMPILATION ERROR : 
[INFO] -------------------------------------------------------------
[ERROR] /workspaces/CodeCureAgent/code_cure_agent/cca_workspace_3/MobArena/src/main/java/com/garbagemule/MobArena/ArenaListener.java:[106,8] duplicate class: com.garbagemule.mobarena.ArenaListener
[ERROR] /workspaces/CodeCureAgent/code_cure_agent/cca_workspace_3/MobArena/src/main/java/com/garbagemule/MobArena/framework/Arena.java:[4,32] cannot access com.garbagemule.MobArena.ArenaListener
  bad source file: /workspaces/CodeCureAgent/code_cure_agent/cca_workspace_3/MobArena/src/main/java/com/garbagemule/MobArena/ArenaListener.java
    file does not contain class com.garbagemule.MobArena.ArenaListener
    Please remove or make sure it appears in the correct subdirectory of the sourcepath.
[ERROR] /workspaces/CodeCureAgent/code_cure_agent/cca_workspace_3/MobArena/src/main/java/com/garbagemule/MobArena/framework/Arena.java:[85,5] cannot find symbol
  symbol:   class ArenaListener
  location: interface com.garbagemule.MobArena.framework.Arena
[ERROR] /workspaces/CodeCureAgent/code_cure_agent/cca_workspace_3/MobArena/src/main/java/com/garbagemule/MobArena/ArenaListener.java:[3,39] package com.garbagemule.mobarena.events does not exist
[ERROR] /workspaces/CodeCureAgent/code_cure_agent/cca_workspace_3/MobArena/src/main/java/com/garbagemule/MobArena/ArenaListener.java:[4,42] package com.garbagemule.mobarena.framework does not exist
[ERROR] /workspaces/CodeCureAgent/code_cure_agent/cca_workspace_3/MobArena/src/main/java/com/garbagemule/MobArena/ArenaListener.java:[5,45] package com.garbagemule.mobarena.leaderboards does not exist
[ERROR] /workspaces/CodeCureAgent/code_cure_agent/cca_workspace_3/MobArena/src/main/java/com/garbagemule/MobArena/ArenaListener.java:[6,59] package com.garbagemule.mobarena.listeners.MAGlobalListener does not exist
[ERROR] /workspaces/CodeCureAgent/code_cure_agent/cca_workspace_3/MobArena/src/main/java/com/garbagemule/MobArena/ArenaListener.java:[7,39] package com.garbagemule.mobarena.region does not exist
[ERROR] /workspaces/CodeCureAgent/code_cure_agent/cca_workspace_3/MobArena/src/main/java/com/garbagemule/MobArena/ArenaListener.java:[8,39] package com.garbagemule.mobarena.region does not exist
[ERROR] /workspaces/CodeCureAgent/code_cure_agent/cca_workspace_3/MobArena/src/main/java/com/garbagemule/MobArena/ArenaListener.java:[9,43] package com.garbagemule.mobarena.repairable does not exist
[ERROR] /workspaces/CodeCureAgent/code_cure_agent/cca_workspace_3/MobArena/src/main/java/com/garbagemule/MobArena/ArenaListener.java:[10,43] package com.garbagemule.mobarena.repairable does not exist
[ERROR] /workspaces/CodeCureAgent/code_cure_agent/cca_workspace_3/MobArena/src/main/java/com/garbagemule/MobArena/ArenaListener.java:[11,43] package com.garbagemule.mobarena.repairable does not exist
[ERROR] /workspaces/CodeCureAgent/code_cure_agent/cca_workspace_3/MobArena/src/main/java/com/garbagemule/MobArena/ArenaListener.java:[12,43] package com.garbagemule.mobarena.repairable does not exist
[ERROR] /workspaces/CodeCureAgent/code_cure_agent/cca_workspace_3/MobArena/src/main/java/com/garbagemule/MobArena/ArenaListener.java:[13,43] package com.garbagemule.mobarena.repairable does not exist
[ERROR] /workspaces/CodeCureAgent/code_cure_agent/cca_workspace_3/MobArena/src/main/java/com/garbagemule/MobArena/ArenaListener.java:[14,43] package com.garbagemule.mobarena.repairable does not exist
[ERROR] /workspaces/CodeCureAgent/code_cure_agent/cca_workspace_3/MobArena/src/main/java/com/garbagemule/MobArena/ArenaListener.java:[15,43] package com.garbagemule.mobarena.repairable does not exist
[ERROR] /workspaces/CodeCureAgent/code_cure_agent/cca_workspace_3/MobArena/src/main/java/com/garbagemule/MobArena/ArenaListener.java:[16,39] package com.garbagemule.mobarena.things does not exist
[ERROR] /workspaces/CodeCureAgent/code_cure_agent/cca_workspace_3/MobArena/src/main/java/com/garbagemule/MobArena/ArenaListener.java:[17,39] package com.garbagemule.mobarena.things does not exist
[ERROR] /workspaces/CodeCureAgent/code_cure_agent/cca_workspace_3/MobArena/src/main/java/com/garbagemule/MobArena/ArenaListener.java:[18,39] package com.garbagemule.mobarena.things does not exist
[ERROR] /workspaces/CodeCureAgent/code_cure_agent/cca_workspace_3/MobArena/src/main/java/com/garbagemule/MobArena/ArenaListener.java:[19,37] package com.garbagemule.mobarena.util does not exist
[ERROR] /workspaces/CodeCureAgent/code_cure_agent/cca_workspace_3/MobArena/src/main/java/com/garbagemule/MobArena/ArenaListener.java:[20,37] package com.garbagemule.mobarena.util does not exist
[ERROR] /workspaces/CodeCureAgent/code_cure_agent/cca_workspace_3/MobArena/src/main/java/com/garbagemule/MobArena/ArenaListener.java:[21,38] package com.garbagemule.mobarena.waves does not exist
[ERROR] /workspaces/CodeCureAgent/code_cure_agent/cca_workspace_3/MobArena/src/main/java/com/garbagemule/MobArena/ArenaListener.java:[108,13] cannot find symbol
  symbol:   class MobArena
  location: class com.garbagemule.mobarena.ArenaListener
[ERROR] /workspaces/CodeCureAgent/code_cure_agent/cca_workspace_3/MobArena/src/main/java/com/garbagemule/MobArena/ArenaListener.java:[109,13] cannot find symbol
  symbol:   class Arena
  location: class com.garbagemule.mobarena.ArenaListener
[ERROR] /workspaces/CodeCureAgent/code_cure_agent/cca_workspace_3/MobArena/src/main/java/com/garbagemule/MobArena/ArenaListener.java:[110,13] cannot find symbol
  symbol:   class ArenaRegion
  location: class com.garbagemule.mobarena.ArenaListener
[ERROR] /workspaces/CodeCureAgent/code_cure_agent/cca_workspace_3/MobArena/src/main/java/com/garbagemule/MobArena/ArenaListener.java:[111,13] cannot find symbol
  symbol:   class MonsterManager
  location: class com.garbagemule.mobarena.ArenaListener
[ERROR] /workspaces/CodeCureAgent/code_cure_agent/cca_workspace_3/MobArena/src/main/java/com/garbagemule/MobArena/ArenaListener.java:[112,13] cannot find symbol
  symbol:   class ClassLimitManager
  location: class com.garbagemule.mobarena.ArenaListener
[ERROR] /workspaces/CodeCureAgent/code_cure_agent/cca_workspace_3/MobArena/src/main/java/com/garbagemule/MobArena/ArenaListener.java:[132,26] cannot find symbol
  symbol:   class Arena
  location: class com.garbagemule.mobarena.ArenaListener
[ERROR] /workspaces/CodeCureAgent/code_cure_agent/cca_workspace_3/MobArena/src/main/java/com/garbagemule/MobArena/ArenaListener.java:[132,39] cannot find symbol
  symbol:   class MobArena
  location: class com.garbagemule.mobarena.ArenaListener
[ERROR] /workspaces/CodeCureAgent/code_cure_agent/cca_workspace_3/MobArena/src/main/java/com/garbagemule/MobArena/ArenaListener.java:[769,56] cannot find symbol
  symbol:   class MABoss
  location: class com.garbagemule.mobarena.ArenaListener
[ERROR] /workspaces/CodeCureAgent/code_cure_agent/cca_workspace_3/MobArena/src/main/java/com/garbagemule/MobArena/ArenaListener.java:[1075,34] cannot find symbol
  symbol:   class PlayerInteractEvent
  location: class com.garbagemule.mobarena.ArenaListener
[ERROR] /workspaces/CodeCureAgent/code_cure_agent/cca_workspace_3/MobArena/src/main/java/com/garbagemule/MobArena/ArenaListener.java:[1173,76] cannot find symbol
  symbol:   class Thing
  location: class com.garbagemule.mobarena.ArenaListener
[ERROR] /workspaces/CodeCureAgent/code_cure_agent/cca_workspace_3/MobArena/src/main/java/com/garbagemule/MobArena/ArenaListener.java:[1231,12] cannot find symbol
  symbol:   class TeleportResponse
  location: class com.garbagemule.mobarena.ArenaListener
[ERROR] /workspaces/CodeCureAgent/code_cure_agent/cca_workspace_3/MobArena/src/main/java/com/garbagemule/MobArena/ArenaListener.java:[237,13] cannot find symbol
  symbol:   class Repairable
  location: class com.garbagemule.mobarena.ArenaListener
[ERROR] /workspaces/CodeCureAgent/code_cure_agent/cca_workspace_3/MobArena/src/main/java/com/garbagemule/MobArena/ArenaListener.java:[240,25] cannot find symbol
  symbol:   class RepairableContainer
  location: class com.garbagemule.mobarena.ArenaListener
[ERROR] /workspaces/CodeCureAgent/code_cure_agent/cca_workspace_3/MobArena/src/main/java/com/garbagemule/MobArena/ArenaListener.java:[242,25] cannot find symbol
  symbol:   class RepairableSign
  location: class com.garbagemule.mobarena.ArenaListener
[ERROR] /workspaces/CodeCureAgent/code_cure_agent/cca_workspace_3/MobArena/src/main/java/com/garbagemule/MobArena/ArenaListener.java:[244,25] cannot find symbol
  symbol:   class RepairableAttachable
  location: class com.garbagemule.mobarena.ArenaListener
[ERROR] /workspaces/CodeCureAgent/code_cure_agent/cca_workspace_3/MobArena/src/main/java/com/garbagemule/MobArena/ArenaListener.java:[246,25] cannot find symbol
  symbol:   class RepairableBlock
  location: class com.garbagemule.mobarena.ArenaListener
[ERROR] /workspaces/CodeCureAgent/code_cure_agent/cca_workspace_3/MobArena/src/main/java/com/garbagemule/MobArena/ArenaListener.java:[383,34] cannot find symbol
  symbol:   class Leaderboard
  location: class com.garbagemule.mobarena.ArenaListener
[ERROR] /workspaces/CodeCureAgent/code_cure_agent/cca_workspace_3/MobArena/src/main/java/com/garbagemule/MobArena/ArenaListener.java:[384,31] cannot find symbol
  symbol:   variable RegionPoint
  location: class com.garbagemule.mobarena.ArenaListener
[ERROR] /workspaces/CodeCureAgent/code_cure_agent/cca_workspace_3/MobArena/src/main/java/com/garbagemule/MobArena/ArenaListener.java:[487,13] cannot find symbol
  symbol:   class Repairable
  location: class com.garbagemule.mobarena.ArenaListener
[ERROR] /workspaces/CodeCureAgent/code_cure_agent/cca_workspace_3/MobArena/src/main/java/com/garbagemule/MobArena/ArenaListener.java:[489,25] cannot find symbol
  symbol:   class RepairableContainer
  location: class com.garbagemule.mobarena.ArenaListener
[ERROR] /workspaces/CodeCureAgent/code_cure_agent/cca_workspace_3/MobArena/src/main/java/com/garbagemule/MobArena/ArenaListener.java:[491,25] cannot find symbol
  symbol:   class RepairableSign
  location: class com.garbagemule.mobarena.ArenaListener
[ERROR] /workspaces/CodeCureAgent/code_cure_agent/cca_workspace_3/MobArena/src/main/java/com/garbagemule/MobArena/ArenaListener.java:[493,25] cannot find symbol
  symbol:   class RepairableBed
  location: class com.garbagemule.mobarena.ArenaListener
[ERROR] /workspaces/CodeCureAgent/code_cure_agent/cca_workspace_3/MobArena/src/main/java/com/garbagemule/MobArena/ArenaListener.java:[495,25] cannot find symbol
  symbol:   class RepairableDoor
  location: class com.garbagemule.mobarena.ArenaListener
[ERROR] /workspaces/CodeCureAgent/code_cure_agent/cca_workspace_3/MobArena/src/main/java/com/garbagemule/MobArena/ArenaListener.java:[497,25] cannot find symbol
  symbol:   class RepairableAttachable
  location: class com.garbagemule.mobarena.ArenaListener
[ERROR] /workspaces/CodeCureAgent/code_cure_agent/cca_workspace_3/MobArena/src/main/java/com/garbagemule/MobArena/ArenaListener.java:[499,25] cannot find symbol
  symbol:   class RepairableBlock
  location: class com.garbagemule.mobarena.ArenaListener
[ERROR] /workspaces/CodeCureAgent/code_cure_agent/cca_workspace_3/MobArena/src/main/java/com/garbagemule/MobArena/ArenaListener.java:[534,28] cannot find symbol
  symbol:   variable Msg
  location: class com.garbagemule.mobarena.ArenaListener
[ERROR] /workspaces/CodeCureAgent/code_cure_agent/cca_workspace_3/MobArena/src/main/java/com/garbagemule/MobArena/ArenaListener.java:[550,64] cannot find symbol
  symbol:   class ExperienceThing
  location: class com.garbagemule.mobarena.ArenaListener
[ERROR] /workspaces/CodeCureAgent/code_cure_agent/cca_workspace_3/MobArena/src/main/java/com/garbagemule/MobArena/ArenaListener.java:[602,13] cannot find symbol
  symbol:   class ArenaPlayer
  location: class com.garbagemule.mobarena.ArenaListener
[ERROR] /workspaces/CodeCureAgent/code_cure_agent/cca_workspace_3/MobArena/src/main/java/com/garbagemule/MobArena/ArenaListener.java:[604,17] cannot find symbol
  symbol:   class ArenaPlayerStatistics
  location: class com.garbagemule.mobarena.ArenaListener
[ERROR] /workspaces/CodeCureAgent/code_cure_agent/cca_workspace_3/MobArena/src/main/java/com/garbagemule/MobArena/ArenaListener.java:[609,17] cannot find symbol
  symbol:   class MABoss
  location: class com.garbagemule.mobarena.ArenaListener
[ERROR] /workspaces/CodeCureAgent/code_cure_agent/cca_workspace_3/MobArena/src/main/java/com/garbagemule/MobArena/ArenaListener.java:[612,54] cannot find symbol
  symbol:   variable Msg
  location: class com.garbagemule.mobarena.ArenaListener
[ERROR] /workspaces/CodeCureAgent/code_cure_agent/cca_workspace_3/MobArena/src/main/java/com/garbagemule/MobArena/ArenaListener.java:[614,21] cannot find symbol
  symbol:   class ThingPicker
  location: class com.garbagemule.mobarena.ArenaListener
[ERROR] /workspaces/CodeCureAgent/code_cure_agent/cca_workspace_3/MobArena/src/main/java/com/garbagemule/MobArena/ArenaListener.java:[616,25] cannot find symbol
  symbol:   class Thing
  location: class com.garbagemule.mobarena.ArenaListener
[ERROR] /workspaces/CodeCureAgent/code_cure_agent/cca_workspace_3/MobArena/src/main/java/com/garbagemule/MobArena/ArenaListener.java:[619,64] cannot find symbol
  symbol:   variable Msg
  location: class com.garbagemule.mobarena.ArenaListener
[ERROR] /workspaces/CodeCureAgent/code_cure_agent/cca_workspace_3/MobArena/src/main/java/com/garbagemule/MobArena/ArenaListener.java:[633,9] cannot find symbol
  symbol:   class MABoss
  location: class com.garbagemule.mobarena.ArenaListener
[ERROR] /workspaces/CodeCureAgent/code_cure_agent/cca_workspace_3/MobArena/src/main/java/com/garbagemule/MobArena/ArenaListener.java:[650,9] cannot find symbol
  symbol:   class ArenaKillEvent
  location: class com.garbagemule.mobarena.ArenaListener
[ERROR] /workspaces/CodeCureAgent/code_cure_agent/cca_workspace_3/MobArena/src/main/java/com/garbagemule/MobArena/ArenaListener.java:[650,36] cannot find symbol
  symbol:   class ArenaKillEvent
  location: class com.garbagemule.mobarena.ArenaListener
[ERROR] /workspaces/CodeCureAgent/code_cure_agent/cca_workspace_3/MobArena/src/main/java/com/garbagemule/MobArena/ArenaListener.java:[685,9] cannot find symbol
  symbol:   class MABoss
  location: class com.garbagemule.mobarena.ArenaListener
[ERROR] /workspaces/CodeCureAgent/code_cure_agent/cca_workspace_3/MobArena/src/main/java/com/garbagemule/MobArena/ArenaListener.java:[787,13] cannot find symbol
  symbol:   class ArenaPlayerStatistics
  location: class com.garbagemule.mobarena.ArenaListener
[ERROR] /workspaces/CodeCureAgent/code_cure_agent/cca_workspace_3/MobArena/src/main/java/com/garbagemule/MobArena/ArenaListener.java:[794,17] cannot find symbol
  symbol:   class ArenaPlayerStatistics
  location: class com.garbagemule.mobarena.ArenaListener
[ERROR] /workspaces/CodeCureAgent/code_cure_agent/cca_workspace_3/MobArena/src/main/java/com/garbagemule/MobArena/ArenaListener.java:[862,29] cannot find symbol
  symbol:   variable MAUtils
  location: class com.garbagemule.mobarena.ArenaListener
[ERROR] /workspaces/CodeCureAgent/code_cure_agent/cca_workspace_3/MobArena/src/main/java/com/garbagemule/MobArena/ArenaListener.java:[1017,46] cannot find symbol
  symbol:   variable Msg
  location: class com.garbagemule.mobarena.ArenaListener
[ERROR] /workspaces/CodeCureAgent/code_cure_agent/cca_workspace_3/MobArena/src/main/java/com/garbagemule/MobArena/ArenaListener.java:[1024,42] cannot find symbol
  symbol:   variable Msg
  location: class com.garbagemule.mobarena.ArenaListener
[ERROR] /workspaces/CodeCureAgent/code_cure_agent/cca_workspace_3/MobArena/src/main/java/com/garbagemule/MobArena/ArenaListener.java:[1030,42] cannot find symbol
  symbol:   variable Msg
  location: class com.garbagemule.mobarena.ArenaListener
[ERROR] /workspaces/CodeCureAgent/code_cure_agent/cca_workspace_3/MobArena/src/main/java/com/garbagemule/MobArena/ArenaListener.java:[1035,46] cannot find symbol
  symbol:   variable Msg
  location: class com.garbagemule.mobarena.ArenaListener
[ERROR] /workspaces/CodeCureAgent/code_cure_agent/cca_workspace_3/MobArena/src/main/java/com/garbagemule/MobArena/ArenaListener.java:[1046,42] cannot find symbol
  symbol:   variable Msg
  location: class com.garbagemule.mobarena.ArenaListener
[ERROR] /workspaces/CodeCureAgent/code_cure_agent/cca_workspace_3/MobArena/src/main/java/com/garbagemule/MobArena/ArenaListener.java:[1107,42] cannot find symbol
  symbol:   variable Msg
  location: class com.garbagemule.mobarena.ArenaListener
[ERROR] /workspaces/CodeCureAgent/code_cure_agent/cca_workspace_3/MobArena/src/main/java/com/garbagemule/MobArena/ArenaListener.java:[1111,42] cannot find symbol
  symbol:   variable Msg
  location: class com.garbagemule.mobarena.ArenaListener
[ERROR] /workspaces/CodeCureAgent/code_cure_agent/cca_workspace_3/MobArena/src/main/java/com/garbagemule/MobArena/ArenaListener.java:[1118,23] cannot find symbol
  symbol:   variable Slugs
  location: class com.garbagemule.mobarena.ArenaListener
[ERROR] /workspaces/CodeCureAgent/code_cure_agent/cca_workspace_3/MobArena/src/main/java/com/garbagemule/MobArena/ArenaListener.java:[1123,9] cannot find symbol
  symbol:   class ArenaClass
  location: class com.garbagemule.mobarena.ArenaListener
[ERROR] /workspaces/CodeCureAgent/code_cure_agent/cca_workspace_3/MobArena/src/main/java/com/garbagemule/MobArena/ArenaListener.java:[1127,42] cannot find symbol
  symbol:   variable Msg
  location: class com.garbagemule.mobarena.ArenaListener
[ERROR] /workspaces/CodeCureAgent/code_cure_agent/cca_workspace_3/MobArena/src/main/java/com/garbagemule/MobArena/ArenaListener.java:[1131,9] cannot find symbol
  symbol:   class ArenaClass
  location: class com.garbagemule.mobarena.ArenaListener
[ERROR] /workspaces/CodeCureAgent/code_cure_agent/cca_workspace_3/MobArena/src/main/java/com/garbagemule/MobArena/ArenaListener.java:[1140,42] cannot find symbol
  symbol:   variable Msg
  location: class com.garbagemule.mobarena.ArenaListener
[ERROR] /workspaces/CodeCureAgent/code_cure_agent/cca_workspace_3/MobArena/src/main/java/com/garbagemule/MobArena/ArenaListener.java:[1145,9] cannot find symbol
  symbol:   class Thing
  location: class com.garbagemule.mobarena.ArenaListener
[ERROR] /workspaces/CodeCureAgent/code_cure_agent/cca_workspace_3/MobArena/src/main/java/com/garbagemule/MobArena/ArenaListener.java:[1148,46] cannot find symbol
  symbol:   variable Msg
  location: class com.garbagemule.mobarena.ArenaListener
[ERROR] /workspaces/CodeCureAgent/code_cure_agent/cca_workspace_3/MobArena/src/main/java/com/garbagemule/MobArena/ArenaListener.java:[1178,25] cannot find symbol
  symbol: class ArenaClass
[ERROR] /workspaces/CodeCureAgent/code_cure_agent/cca_workspace_3/MobArena/src/main/java/com/garbagemule/MobArena/ArenaListener.java:[1179,29] cannot find symbol
  symbol: variable ClassChests
[ERROR] /workspaces/CodeCureAgent/code_cure_agent/cca_workspace_3/MobArena/src/main/java/com/garbagemule/MobArena/ArenaListener.java:[1182,29] cannot find symbol
  symbol: variable ClassChests
[ERROR] /workspaces/CodeCureAgent/code_cure_agent/cca_workspace_3/MobArena/src/main/java/com/garbagemule/MobArena/ArenaListener.java:[1188,50] cannot find symbol
  symbol: variable Msg
[ERROR] /workspaces/CodeCureAgent/code_cure_agent/cca_workspace_3/MobArena/src/main/java/com/garbagemule/MobArena/ArenaListener.java:[1190,54] cannot find symbol
  symbol: variable Msg
[ERROR] /workspaces/CodeCureAgent/code_cure_agent/cca_workspace_3/MobArena/src/main/java/com/garbagemule/MobArena/ArenaListener.java:[1195,50] cannot find symbol
  symbol: variable Msg
[ERROR] /workspaces/CodeCureAgent/code_cure_agent/cca_workspace_3/MobArena/src/main/java/com/garbagemule/MobArena/ArenaListener.java:[1233,20] cannot find symbol
  symbol:   variable TeleportResponse
  location: class com.garbagemule.mobarena.ArenaListener
[ERROR] /workspaces/CodeCureAgent/code_cure_agent/cca_workspace_3/MobArena/src/main/java/com/garbagemule/MobArena/ArenaListener.java:[1245,20] cannot find symbol
  symbol:   variable TeleportResponse
  location: class com.garbagemule.mobarena.ArenaListener
[ERROR] /workspaces/CodeCureAgent/code_cure_agent/cca_workspace_3/MobArena/src/main/java/com/garbagemule/MobArena/ArenaListener.java:[1262,50] cannot find symbol
  symbol:   variable Msg
  location: class com.garbagemule.mobarena.ArenaListener
[ERROR] /workspaces/CodeCureAgent/code_cure_agent/cca_workspace_3/MobArena/src/main/java/com/garbagemule/MobArena/ArenaListener.java:[1263,28] cannot find symbol
  symbol:   variable TeleportResponse
  location: class com.garbagemule.mobarena.ArenaListener
[ERROR] /workspaces/CodeCureAgent/code_cure_agent/cca_workspace_3/MobArena/src/main/java/com/garbagemule/MobArena/ArenaListener.java:[1265,24] cannot find symbol
  symbol:   variable TeleportResponse
  location: class com.garbagemule.mobarena.ArenaListener
[ERROR] /workspaces/CodeCureAgent/code_cure_agent/cca_workspace_3/MobArena/src/main/java/com/garbagemule/MobArena/ArenaListener.java:[1269,50] cannot find symbol
  symbol:   variable Msg
  location: class com.garbagemule.mobarena.ArenaListener
[ERROR] /workspaces/CodeCureAgent/code_cure_agent/cca_workspace_3/MobArena/src/main/java/com/garbagemule/MobArena/ArenaListener.java:[1270,28] cannot find symbol
  symbol:   variable TeleportResponse
  location: class com.garbagemule.mobarena.ArenaListener
[ERROR] /workspaces/CodeCureAgent/code_cure_agent/cca_workspace_3/MobArena/src/main/java/com/garbagemule/MobArena/ArenaListener.java:[1272,24] cannot find symbol
  symbol:   variable TeleportResponse
  location: class com.garbagemule.mobarena.ArenaListener
[ERROR] /workspaces/CodeCureAgent/code_cure_agent/cca_workspace_3/MobArena/src/main/java/com/garbagemule/MobArena/ArenaListener.java:[1277,46] cannot find symbol
  symbol:   variable Msg
  location: class com.garbagemule.mobarena.ArenaListener
[ERROR] /workspaces/CodeCureAgent/code_cure_agent/cca_workspace_3/MobArena/src/main/java/com/garbagemule/MobArena/ArenaListener.java:[1278,24] cannot find symbol
  symbol:   variable TeleportResponse
  location: class com.garbagemule.mobarena.ArenaListener
[ERROR] /workspaces/CodeCureAgent/code_cure_agent/cca_workspace_3/MobArena/src/main/java/com/garbagemule/MobArena/ArenaListener.java:[1281,24] cannot find symbol
  symbol:   variable TeleportResponse
  location: class com.garbagemule.mobarena.ArenaListener
[ERROR] /workspaces/CodeCureAgent/code_cure_agent/cca_workspace_3/MobArena/src/main/java/com/garbagemule/MobArena/ArenaListener.java:[1312,38] cannot find symbol
  symbol:   variable Msg
  location: class com.garbagemule.mobarena.ArenaListener
[ERROR] /workspaces/CodeCureAgent/code_cure_agent/cca_workspace_3/MobArena/src/main/java/com/garbagemule/MobArena/ArenaListener.java:[1319,9] cannot find symbol
  symbol:   class Arena
  location: class com.garbagemule.mobarena.ArenaListener
[INFO] 96 errors 
[INFO] -------------------------------------------------------------
[INFO] ------------------------------------------------------------------------
[INFO] BUILD FAILURE
[INFO] ------------------------------------------------------------------------
[INFO] Total time:  2.980 s
[INFO] Finished at: 2026-01-29T16:51:45Z
[INFO] ------------------------------------------------------------------------
[ERROR] Failed to execute goal org.apache.maven.plugins:maven-compiler-plugin:3.8.1:compile (default-compile) on project mobarena: Compilation failure: Compilation failure: 
[ERROR] /workspaces/CodeCureAgent/code_cure_agent/cca_workspace_3/MobArena/src/main/java/com/garbagemule/MobArena/ArenaListener.java:[106,8] duplicate class: com.garbagemule.mobarena.ArenaListener
[ERROR] /workspaces/CodeCureAgent/code_cure_agent/cca_workspace_3/MobArena/src/main/java/com/garbagemule/MobArena/framework/Arena.java:[4,32] cannot access com.garbagemule.MobArena.ArenaListener
[ERROR]   bad source file: /workspaces/CodeCureAgent/code_cure_agent/cca_workspace_3/MobArena/src/main/java/com/garbagemule/MobArena/ArenaListener.java
[ERROR]     file does not contain class com.garbagemule.MobArena.ArenaListener
[ERROR]     Please remove or make sure it appears in the correct subdirectory of the sourcepath.
[ERROR] /workspaces/CodeCureAgent/code_cure_agent/cca_workspace_3/MobArena/src/main/java/com/garbagemule/MobArena/framework/Arena.java:[85,5] cannot find symbol
[ERROR]   symbol:   class ArenaListener
[ERROR]   location: interface com.garbagemule.MobArena.framework.Arena
[ERROR] /workspaces/CodeCureAgent/code_cure_agent/cca_workspace_3/MobArena/src/main/java/com/garbagemule/MobArena/ArenaListener.java:[3,39] package com.garbagemule.mobarena.events does not exist
[ERROR] /workspaces/CodeCureAgent/code_cure_agent/cca_workspace_3/MobArena/src/main/java/com/garbagemule/MobArena/ArenaListener.java:[4,42] package com.garbagemule.mobarena.framework does not exist
[ERROR] /workspaces/CodeCureAgent/code_cure_agent/cca_workspace_3/MobArena/src/main/java/com/garbagemule/MobArena/ArenaListener.java:[5,45] package com.garbagemule.mobarena.leaderboards does not exist
[ERROR] /workspaces/CodeCureAgent/code_cure_agent/cca_workspace_3/MobArena/src/main/java/com/garbagemule/MobArena/ArenaListener.java:[6,59] package com.garbagemule.mobarena.listeners.MAGlobalListener does not exist
[ERROR] /workspaces/CodeCureAgent/code_cure_agent/cca_workspace_3/MobArena/src/main/java/com/garbagemule/MobArena/ArenaListener.java:[7,39] package com.garbagemule.mobarena.region does not exist
[ERROR] /workspaces/CodeCureAgent/code_cure_agent/cca_workspace_3/MobArena/src/main/java/com/garbagemule/MobArena/ArenaListener.java:[8,39] package com.garbagemule.mobarena.region does not exist
[ERROR] /workspaces/CodeCureAgent/code_cure_agent/cca_workspace_3/MobArena/src/main/java/com/garbagemule/MobArena/ArenaListener.java:[9,43] package com.garbagemule.mobarena.repairable does not exist
[ERROR] /workspaces/CodeCureAgent/code_cure_agent/cca_workspace_3/MobArena/src/main/java/com/garbagemule/MobArena/ArenaListener.java:[10,43] package com.garbagemule.mobarena.repairable does not exist
[ERROR] /workspaces/CodeCureAgent/code_cure_agent/cca_workspace_3/MobArena/src/main/java/com/garbagemule/MobArena/ArenaListener.java:[11,43] package com.garbagemule.mobarena.repairable does not exist
[ERROR] /workspaces/CodeCureAgent/code_cure_agent/cca_workspace_3/MobArena/src/main/java/com/garbagemule/MobArena/ArenaListener.java:[12,43] package com.garbagemule.mobarena.repairable does not exist
[ERROR] /workspaces/CodeCureAgent/code_cure_agent/cca_workspace_3/MobArena/src/main/java/com/garbagemule/MobArena/ArenaListener.java:[13,43] package com.garbagemule.mobarena.repairable does not exist
[ERROR] /workspaces/CodeCureAgent/code_cure_agent/cca_workspace_3/MobArena/src/main/java/com/garbagemule/MobArena/ArenaListener.java:[14,43] package com.garbagemule.mobarena.repairable does not exist
[ERROR] /workspaces/CodeCureAgent/code_cure_agent/cca_workspace_3/MobArena/src/main/java/com/garbagemule/MobArena/ArenaListener.java:[15,43] package com.garbagemule.mobarena.repairable does not exist
[ERROR] /workspaces/CodeCureAgent/code_cure_agent/cca_workspace_3/MobArena/src/main/java/com/garbagemule/MobArena/ArenaListener.java:[16,39] package com.garbagemule.mobarena.things does not exist
[ERROR] /workspaces/CodeCureAgent/code_cure_agent/cca_workspace_3/MobArena/src/main/java/com/garbagemule/MobArena/ArenaListener.java:[17,39] package com.garbagemule.mobarena.things does not exist
[ERROR] /workspaces/CodeCureAgent/code_cure_agent/cca_workspace_3/MobArena/src/main/java/com/garbagemule/MobArena/ArenaListener.java:[18,39] package com.garbagemule.mobarena.things does not exist
[ERROR] /workspaces/CodeCureAgent/code_cure_agent/cca_workspace_3/MobArena/src/main/java/com/garbagemule/MobArena/ArenaListener.java:[19,37] package com.garbagemule.mobarena.util does not exist
[ERROR] /workspaces/CodeCureAgent/code_cure_agent/cca_workspace_3/MobArena/src/main/java/com/garbagemule/MobArena/ArenaListener.java:[20,37] package com.garbagemule.mobarena.util does not exist
[ERROR] /workspaces/CodeCureAgent/code_cure_agent/cca_workspace_3/MobArena/src/main/java/com/garbagemule/MobArena/ArenaListener.java:[21,38] package com.garbagemule.mobarena.waves does not exist
[ERROR] /workspaces/CodeCureAgent/code_cure_agent/cca_workspace_3/MobArena/src/main/java/com/garbagemule/MobArena/ArenaListener.java:[108,13] cannot find symbol
[ERROR]   symbol:   class MobArena
[ERROR]   location: class com.garbagemule.mobarena.ArenaListener
[ERROR] /workspaces/CodeCureAgent/code_cure_agent/cca_workspace_3/MobArena/src/main/java/com/garbagemule/MobArena/ArenaListener.java:[109,13] cannot find symbol
[ERROR]   symbol:   class Arena
[ERROR]   location: class com.garbagemule.mobarena.ArenaListener
[ERROR] /workspaces/CodeCureAgent/code_cure_agent/cca_workspace_3/MobArena/src/main/java/com/garbagemule/MobArena/ArenaListener.java:[110,13] cannot find symbol
[ERROR]   symbol:   class ArenaRegion
[ERROR]   location: class com.garbagemule.mobarena.ArenaListener
[ERROR] /workspaces/CodeCureAgent/code_cure_agent/cca_workspace_3/MobArena/src/main/java/com/garbagemule/MobArena/ArenaListener.java:[111,13] cannot find symbol
[ERROR]   symbol:   class MonsterManager
[ERROR]   location: class com.garbagemule.mobarena.ArenaListener
[ERROR] /workspaces/CodeCureAgent/code_cure_agent/cca_workspace_3/MobArena/src/main/java/com/garbagemule/MobArena/ArenaListener.java:[112,13] cannot find symbol
[ERROR]   symbol:   class ClassLimitManager
[ERROR]   location: class com.garbagemule.mobarena.ArenaListener
[ERROR] /workspaces/CodeCureAgent/code_cure_agent/cca_workspace_3/MobArena/src/main/java/com/garbagemule/MobArena/ArenaListener.java:[132,26] cannot find symbol
[ERROR]   symbol:   class Arena
[ERROR]   location: class com.garbagemule.mobarena.ArenaListener
[ERROR] /workspaces/CodeCureAgent/code_cure_agent/cca_workspace_3/MobArena/src/main/java/com/garbagemule/MobArena/ArenaListener.java:[132,39] cannot find symbol
[ERROR]   symbol:   class MobArena
[ERROR]   location: class com.garbagemule.mobarena.ArenaListener
[ERROR] /workspaces/CodeCureAgent/code_cure_agent/cca_workspace_3/MobArena/src/main/java/com/garbagemule/MobArena/ArenaListener.java:[769,56] cannot find symbol
[ERROR]   symbol:   class MABoss
[ERROR]   location: class com.garbagemule.mobarena.ArenaListener
[ERROR] /workspaces/CodeCureAgent/code_cure_agent/cca_workspace_3/MobArena/src/main/java/com/garbagemule/MobArena/ArenaListener.java:[1075,34] cannot find symbol
[ERROR]   symbol:   class PlayerInteractEvent
[ERROR]   location: class com.garbagemule.mobarena.ArenaListener
[ERROR] /workspaces/CodeCureAgent/code_cure_agent/cca_workspace_3/MobArena/src/main/java/com/garbagemule/MobArena/ArenaListener.java:[1173,76] cannot find symbol
[ERROR]   symbol:   class Thing
[ERROR]   location: class com.garbagemule.mobarena.ArenaListener
[ERROR] /workspaces/CodeCureAgent/code_cure_agent/cca_workspace_3/MobArena/src/main/java/com/garbagemule/MobArena/ArenaListener.java:[1231,12] cannot find symbol
[ERROR]   symbol:   class TeleportResponse
[ERROR]   location: class com.garbagemule.mobarena.ArenaListener
[ERROR] /workspaces/CodeCureAgent/code_cure_agent/cca_workspace_3/MobArena/src/main/java/com/garbagemule/MobArena/ArenaListener.java:[237,13] cannot find symbol
[ERROR]   symbol:   class Repairable
[ERROR]   location: class com.garbagemule.mobarena.ArenaListener
[ERROR] /workspaces/CodeCureAgent/code_cure_agent/cca_workspace_3/MobArena/src/main/java/com/garbagemule/MobArena/ArenaListener.java:[240,25] cannot find symbol
[ERROR]   symbol:   class RepairableContainer
[ERROR]   location: class com.garbagemule.mobarena.ArenaListener
[ERROR] /workspaces/CodeCureAgent/code_cure_agent/cca_workspace_3/MobArena/src/main/java/com/garbagemule/MobArena/ArenaListener.java:[242,25] cannot find symbol
[ERROR]   symbol:   class RepairableSign
[ERROR]   location: class com.garbagemule.mobarena.ArenaListener
[ERROR] /workspaces/CodeCureAgent/code_cure_agent/cca_workspace_3/MobArena/src/main/java/com/garbagemule/MobArena/ArenaListener.java:[244,25] cannot find symbol
[ERROR]   symbol:   class RepairableAttachable
[ERROR]   location: class com.garbagemule.mobarena.ArenaListener
[ERROR] /workspaces/CodeCureAgent/code_cure_agent/cca_workspace_3/MobArena/src/main/java/com/garbagemule/MobArena/ArenaListener.java:[246,25] cannot find symbol
[ERROR]   symbol:   class RepairableBlock
[ERROR]   location: class com.garbagemule.mobarena.ArenaListener
[ERROR] /workspaces/CodeCureAgent/code_cure_agent/cca_workspace_3/MobArena/src/main/java/com/garbagemule/MobArena/ArenaListener.java:[383,34] cannot find symbol
[ERROR]   symbol:   class Leaderboard
[ERROR]   location: class com.garbagemule.mobarena.ArenaListener
[ERROR] /workspaces/CodeCureAgent/code_cure_agent/cca_workspace_3/MobArena/src/main/java/com/garbagemule/MobArena/ArenaListener.java:[384,31] cannot find symbol
[ERROR]   symbol:   variable RegionPoint
[ERROR]   location: class com.garbagemule.mobarena.ArenaListener
[ERROR] /workspaces/CodeCureAgent/code_cure_agent/cca_workspace_3/MobArena/src/main/java/com/garbagemule/MobArena/ArenaListener.java:[487,13] cannot find symbol
[ERROR]   symbol:   class Repairable
[ERROR]   location: class com.garbagemule.mobarena.ArenaListener
[ERROR] /workspaces/CodeCureAgent/code_cure_agent/cca_workspace_3/MobArena/src/main/java/com/garbagemule/MobArena/ArenaListener.java:[489,25] cannot find symbol
[ERROR]   symbol:   class RepairableContainer
[ERROR]   location: class com.garbagemule.mobarena.ArenaListener
[ERROR] /workspaces/CodeCureAgent/code_cure_agent/cca_workspace_3/MobArena/src/main/java/com/garbagemule/MobArena/ArenaListener.java:[491,25] cannot find symbol
[ERROR]   symbol:   class RepairableSign
[ERROR]   location: class com.garbagemule.mobarena.ArenaListener
[ERROR] /workspaces/CodeCureAgent/code_cure_agent/cca_workspace_3/MobArena/src/main/java/com/garbagemule/MobArena/ArenaListener.java:[493,25] cannot find symbol
[ERROR]   symbol:   class RepairableBed
[ERROR]   location: class com.garbagemule.mobarena.ArenaListener
[ERROR] /workspaces/CodeCureAgent/code_cure_agent/cca_workspace_3/MobArena/src/main/java/com/garbagemule/MobArena/ArenaListener.java:[495,25] cannot find symbol
[ERROR]   symbol:   class RepairableDoor
[ERROR]   location: class com.garbagemule.mobarena.ArenaListener
[ERROR] /workspaces/CodeCureAgent/code_cure_agent/cca_workspace_3/MobArena/src/main/java/com/garbagemule/MobArena/ArenaListener.java:[497,25] cannot find symbol
[ERROR]   symbol:   class RepairableAttachable
[ERROR]   location: class com.garbagemule.mobarena.ArenaListener
[ERROR] /workspaces/CodeCureAgent/code_cure_agent/cca_workspace_3/MobArena/src/main/java/com/garbagemule/MobArena/ArenaListener.java:[499,25] cannot find symbol
[ERROR]   symbol:   class RepairableBlock
[ERROR]   location: class com.garbagemule.mobarena.ArenaListener
[ERROR] /workspaces/CodeCureAgent/code_cure_agent/cca_workspace_3/MobArena/src/main/java/com/garbagemule/MobArena/ArenaListener.java:[534,28] cannot find symbol
[ERROR]   symbol:   variable Msg
[ERROR]   location: class com.garbagemule.mobarena.ArenaListener
[ERROR] /workspaces/CodeCureAgent/code_cure_agent/cca_workspace_3/MobArena/src/main/java/com/garbagemule/MobArena/ArenaListener.java:[550,64] cannot find symbol
[ERROR]   symbol:   class ExperienceThing
[ERROR]   location: class com.garbagemule.mobarena.ArenaListener
[ERROR] /workspaces/CodeCureAgent/code_cure_agent/cca_workspace_3/MobArena/src/main/java/com/garbagemule/MobArena/ArenaListener.java:[602,13] cannot find symbol
[ERROR]   symbol:   class ArenaPlayer
[ERROR]   location: class com.garbagemule.mobarena.ArenaListener
[ERROR] /workspaces/CodeCureAgent/code_cure_agent/cca_workspace_3/MobArena/src/main/java/com/garbagemule/MobArena/ArenaListener.java:[604,17] cannot find symbol
[ERROR]   symbol:   class ArenaPlayerStatistics
[ERROR]   location: class com.garbagemule.mobarena.ArenaListener
[ERROR] /workspaces/CodeCureAgent/code_cure_agent/cca_workspace_3/MobArena/src/main/java/com/garbagemule/MobArena/ArenaListener.java:[609,17] cannot find symbol
[ERROR]   symbol:   class MABoss
[ERROR]   location: class com.garbagemule.mobarena.ArenaListener
[ERROR] /workspaces/CodeCureAgent/code_cure_agent/cca_workspace_3/MobArena/src/main/java/com/garbagemule/MobArena/ArenaListener.java:[612,54] cannot find symbol
[ERROR]   symbol:   variable Msg
[ERROR]   location: class com.garbagemule.mobarena.ArenaListener
[ERROR] /workspaces/CodeCureAgent/code_cure_agent/cca_workspace_3/MobArena/src/main/java/com/garbagemule/MobArena/ArenaListener.java:[614,21] cannot find symbol
[ERROR]   symbol:   class ThingPicker
[ERROR]   location: class com.garbagemule.mobarena.ArenaListener
[ERROR] /workspaces/CodeCureAgent/code_cure_agent/cca_workspace_3/MobArena/src/main/java/com/garbagemule/MobArena/ArenaListener.java:[616,25] cannot find symbol
[ERROR]   symbol:   class Thing
[ERROR]   location: class com.garbagemule.mobarena.ArenaListener
[ERROR] /workspaces/CodeCureAgent/code_cure_agent/cca_workspace_3/MobArena/src/main/java/com/garbagemule/MobArena/ArenaListener.java:[619,64] cannot find symbol
[ERROR]   symbol:   variable Msg
[ERROR]   location: class com.garbagemule.mobarena.ArenaListener
[ERROR] /workspaces/CodeCureAgent/code_cure_agent/cca_workspace_3/MobArena/src/main/java/com/garbagemule/MobArena/ArenaListener.java:[633,9] cannot find symbol
[ERROR]   symbol:   class MABoss
[ERROR]   location: class com.garbagemule.mobarena.ArenaListener
[ERROR] /workspaces/CodeCureAgent/code_cure_agent/cca_workspace_3/MobArena/src/main/java/com/garbagemule/MobArena/ArenaListener.java:[650,9] cannot find symbol
[ERROR]   symbol:   class ArenaKillEvent
[ERROR]   location: class com.garbagemule.mobarena.ArenaListener
[ERROR] /workspaces/CodeCureAgent/code_cure_agent/cca_workspace_3/MobArena/src/main/java/com/garbagemule/MobArena/ArenaListener.java:[650,36] cannot find symbol
[ERROR]   symbol:   class ArenaKillEvent
[ERROR]   location: class com.garbagemule.mobarena.ArenaListener
[ERROR] /workspaces/CodeCureAgent/code_cure_agent/cca_workspace_3/MobArena/src/main/java/com/garbagemule/MobArena/ArenaListener.java:[685,9] cannot find symbol
[ERROR]   symbol:   class MABoss
[ERROR]   location: class com.garbagemule.mobarena.ArenaListener
[ERROR] /workspaces/CodeCureAgent/code_cure_agent/cca_workspace_3/MobArena/src/main/java/com/garbagemule/MobArena/ArenaListener.java:[787,13] cannot find symbol
[ERROR]   symbol:   class ArenaPlayerStatistics
[ERROR]   location: class com.garbagemule.mobarena.ArenaListener
[ERROR] /workspaces/CodeCureAgent/code_cure_agent/cca_workspace_3/MobArena/src/main/java/com/garbagemule/MobArena/ArenaListener.java:[794,17] cannot find symbol
[ERROR]   symbol:   class ArenaPlayerStatistics
[ERROR]   location: class com.garbagemule.mobarena.ArenaListener
[ERROR] /workspaces/CodeCureAgent/code_cure_agent/cca_workspace_3/MobArena/src/main/java/com/garbagemule/MobArena/ArenaListener.java:[862,29] cannot find symbol
[ERROR]   symbol:   variable MAUtils
[ERROR]   location: class com.garbagemule.mobarena.ArenaListener
[ERROR] /workspaces/CodeCureAgent/code_cure_agent/cca_workspace_3/MobArena/src/main/java/com/garbagemule/MobArena/ArenaListener.java:[1017,46] cannot find symbol
[ERROR]   symbol:   variable Msg
[ERROR]   location: class com.garbagemule.mobarena.ArenaListener
[ERROR] /workspaces/CodeCureAgent/code_cure_agent/cca_workspace_3/MobArena/src/main/java/com/garbagemule/MobArena/ArenaListener.java:[1024,42] cannot find symbol
[ERROR]   symbol:   variable Msg
[ERROR]   location: class com.garbagemule.mobarena.ArenaListener
[ERROR] /workspaces/CodeCureAgent/code_cure_agent/cca_workspace_3/MobArena/src/main/java/com/garbagemule/MobArena/ArenaListener.java:[1030,42] cannot find symbol
[ERROR]   symbol:   variable Msg
[ERROR]   location: class com.garbagemule.mobarena.ArenaListener
[ERROR] /workspaces/CodeCureAgent/code_cure_agent/cca_workspace_3/MobArena/src/main/java/com/garbagemule/MobArena/ArenaListener.java:[1035,46] cannot find symbol
[ERROR]   symbol:   variable Msg
[ERROR]   location: class com.garbagemule.mobarena.ArenaListener
[ERROR] /workspaces/CodeCureAgent/code_cure_agent/cca_workspace_3/MobArena/src/main/java/com/garbagemule/MobArena/ArenaListener.java:[1046,42] cannot find symbol
[ERROR]   symbol:   variable Msg
[ERROR]   location: class com.garbagemule.mobarena.ArenaListener
[ERROR] /workspaces/CodeCureAgent/code_cure_agent/cca_workspace_3/MobArena/src/main/java/com/garbagemule/MobArena/ArenaListener.java:[1107,42] cannot find symbol
[ERROR]   symbol:   variable Msg
[ERROR]   location: class com.garbagemule.mobarena.ArenaListener
[ERROR] /workspaces/CodeCureAgent/code_cure_agent/cca_workspace_3/MobArena/src/main/java/com/garbagemule/MobArena/ArenaListener.java:[1111,42] cannot find symbol
[ERROR]   symbol:   variable Msg
[ERROR]   location: class com.garbagemule.mobarena.ArenaListener
[ERROR] /workspaces/CodeCureAgent/code_cure_agent/cca_workspace_3/MobArena/src/main/java/com/garbagemule/MobArena/ArenaListener.java:[1118,23] cannot find symbol
[ERROR]   symbol:   variable Slugs
[ERROR]   location: class com.garbagemule.mobarena.ArenaListener
[ERROR] /workspaces/CodeCureAgent/code_cure_agent/cca_workspace_3/MobArena/src/main/java/com/garbagemule/MobArena/ArenaListener.java:[1123,9] cannot find symbol
[ERROR]   symbol:   class ArenaClass
[ERROR]   location: class com.garbagemule.mobarena.ArenaListener
[ERROR] /workspaces/CodeCureAgent/code_cure_agent/cca_workspace_3/MobArena/src/main/java/com/garbagemule/MobArena/ArenaListener.java:[1127,42] cannot find symbol
[ERROR]   symbol:   variable Msg
[ERROR]   location: class com.garbagemule.mobarena.ArenaListener
[ERROR] /workspaces/CodeCureAgent/code_cure_agent/cca_workspace_3/MobArena/src/main/java/com/garbagemule/MobArena/ArenaListener.java:[1131,9] cannot find symbol
[ERROR]   symbol:   class ArenaClass
[ERROR]   location: class com.garbagemule.mobarena.ArenaListener
[ERROR] /workspaces/CodeCureAgent/code_cure_agent/cca_workspace_3/MobArena/src/main/java/com/garbagemule/MobArena/ArenaListener.java:[1140,42] cannot find symbol
[ERROR]   symbol:   variable Msg
[ERROR]   location: class com.garbagemule.mobarena.ArenaListener
[ERROR] /workspaces/CodeCureAgent/code_cure_agent/cca_workspace_3/MobArena/src/main/java/com/garbagemule/MobArena/ArenaListener.java:[1145,9] cannot find symbol
[ERROR]   symbol:   class Thing
[ERROR]   location: class com.garbagemule.mobarena.ArenaListener
[ERROR] /workspaces/CodeCureAgent/code_cure_agent/cca_workspace_3/MobArena/src/main/java/com/garbagemule/MobArena/ArenaListener.java:[1148,46] cannot find symbol
[ERROR]   symbol:   variable Msg
[ERROR]   location: class com.garbagemule.mobarena.ArenaListener
[ERROR] /workspaces/CodeCureAgent/code_cure_agent/cca_workspace_3/MobArena/src/main/java/com/garbagemule/MobArena/ArenaListener.java:[1178,25] cannot find symbol
[ERROR]   symbol: class ArenaClass
[ERROR] /workspaces/CodeCureAgent/code_cure_agent/cca_workspace_3/MobArena/src/main/java/com/garbagemule/MobArena/ArenaListener.java:[1179,29] cannot find symbol
[ERROR]   symbol: variable ClassChests
[ERROR] /workspaces/CodeCureAgent/code_cure_agent/cca_workspace_3/MobArena/src/main/java/com/garbagemule/MobArena/ArenaListener.java:[1182,29] cannot find symbol
[ERROR]   symbol: variable ClassChests
[ERROR] /workspaces/CodeCureAgent/code_cure_agent/cca_workspace_3/MobArena/src/main/java/com/garbagemule/MobArena/ArenaListener.java:[1188,50] cannot find symbol
[ERROR]   symbol: variable Msg
[ERROR] /workspaces/CodeCureAgent/code_cure_agent/cca_workspace_3/MobArena/src/main/java/com/garbagemule/MobArena/ArenaListener.java:[1190,54] cannot find symbol
[ERROR]   symbol: variable Msg
[ERROR] /workspaces/CodeCureAgent/code_cure_agent/cca_workspace_3/MobArena/src/main/java/com/garbagemule/MobArena/ArenaListener.java:[1195,50] cannot find symbol
[ERROR]   symbol: variable Msg
[ERROR] /workspaces/CodeCureAgent/code_cure_agent/cca_workspace_3/MobArena/src/main/java/com/garbagemule/MobArena/ArenaListener.java:[1233,20] cannot find symbol
[ERROR]   symbol:   variable TeleportResponse
[ERROR]   location: class com.garbagemule.mobarena.ArenaListener
[ERROR] /workspaces/CodeCureAgent/code_cure_agent/cca_workspace_3/MobArena/src/main/java/com/garbagemule/MobArena/ArenaListener.java:[1245,20] cannot find symbol
[ERROR]   symbol:   variable TeleportResponse
[ERROR]   location: class com.garbagemule.mobarena.ArenaListener
[ERROR] /workspaces/CodeCureAgent/code_cure_agent/cca_workspace_3/MobArena/src/main/java/com/garbagemule/MobArena/ArenaListener.java:[1262,50] cannot find symbol
[ERROR]   symbol:   variable Msg
[ERROR]   location: class com.garbagemule.mobarena.ArenaListener
[ERROR] /workspaces/CodeCureAgent/code_cure_agent/cca_workspace_3/MobArena/src/main/java/com/garbagemule/MobArena/ArenaListener.java:[1263,28] cannot find symbol
[ERROR]   symbol:   variable TeleportResponse
[ERROR]   location: class com.garbagemule.mobarena.ArenaListener
[ERROR] /workspaces/CodeCureAgent/code_cure_agent/cca_workspace_3/MobArena/src/main/java/com/garbagemule/MobArena/ArenaListener.java:[1265,24] cannot find symbol
[ERROR]   symbol:   variable TeleportResponse
[ERROR]   location: class com.garbagemule.mobarena.ArenaListener
[ERROR] /workspaces/CodeCureAgent/code_cure_agent/cca_workspace_3/MobArena/src/main/java/com/garbagemule/MobArena/ArenaListener.java:[1269,50] cannot find symbol
[ERROR]   symbol:   variable Msg
[ERROR]   location: class com.garbagemule.mobarena.ArenaListener
[ERROR] /workspaces/CodeCureAgent/code_cure_agent/cca_workspace_3/MobArena/src/main/java/com/garbagemule/MobArena/ArenaListener.java:[1270,28] cannot find symbol
[ERROR]   symbol:   variable TeleportResponse
[ERROR]   location: class com.garbagemule.mobarena.ArenaListener
[ERROR] /workspaces/CodeCureAgent/code_cure_agent/cca_workspace_3/MobArena/src/main/java/com/garbagemule/MobArena/ArenaListener.java:[1272,24] cannot find symbol
[ERROR]   symbol:   variable TeleportResponse
[ERROR]   location: class com.garbagemule.mobarena.ArenaListener
[ERROR] /workspaces/CodeCureAgent/code_cure_agent/cca_workspace_3/MobArena/src/main/java/com/garbagemule/MobArena/ArenaListener.java:[1277,46] cannot find symbol
[ERROR]   symbol:   variable Msg
[ERROR]   location: class com.garbagemule.mobarena.ArenaListener
[ERROR] /workspaces/CodeCureAgent/code_cure_agent/cca_workspace_3/MobArena/src/main/java/com/garbagemule/MobArena/ArenaListener.java:[1278,24] cannot find symbol
[ERROR]   symbol:   variable TeleportResponse
[ERROR]   location: class com.garbagemule.mobarena.ArenaListener
[ERROR] /workspaces/CodeCureAgent/code_cure_agent/cca_workspace_3/MobArena/src/main/java/com/garbagemule/MobArena/ArenaListener.java:[1281,24] cannot find symbol
[ERROR]   symbol:   variable TeleportResponse
[ERROR]   location: class com.garbagemule.mobarena.ArenaListener
[ERROR] /workspaces/CodeCureAgent/code_cure_agent/cca_workspace_3/MobArena/src/main/java/com/garbagemule/MobArena/ArenaListener.java:[1312,38] cannot find symbol
[ERROR]   symbol:   variable Msg
[ERROR]   location: class com.garbagemule.mobarena.ArenaListener
[ERROR] /workspaces/CodeCureAgent/code_cure_agent/cca_workspace_3/MobArena/src/main/java/com/garbagemule/MobArena/ArenaListener.java:[1319,9] cannot find symbol
[ERROR]   symbol:   class Arena
[ERROR]   location: class com.garbagemule.mobarena.ArenaListener
[ERROR] -> [Help 1]
[ERROR] 
[ERROR] To see the full stack trace of the errors, re-run Maven with the -e switch.
[ERROR] Re-run Maven using the -X switch to enable full debug logging.
[ERROR] 
[ERROR] For more information about the errors and possible solutions, please read the following articles:
[ERROR] [Help 1] http://cwiki.apache.org/confluence/display/MAVEN/MojoFailureException
