[INFO] Scanning for projects...
[INFO] 
[INFO] ----------------------< com.github.wmixvideo:nfe >----------------------
[INFO] Building nfe 3.0.27-SNAPSHOT
[INFO] --------------------------------[ jar ]---------------------------------
[INFO] 
[INFO] --- maven-clean-plugin:2.5:clean (default-clean) @ nfe ---
[INFO] 
[INFO] --- jacoco-maven-plugin:0.8.6:prepare-agent (prepare-agent) @ nfe ---
[INFO] argLine set to -javaagent:/home/vscode/.m2/repository/org/jacoco/org.jacoco.agent/0.8.6/org.jacoco.agent-0.8.6-runtime.jar=destfile=/workspaces/master-thesis-pascal-joos/code_cure_agent/cca_workspace/nfe/target/jacoco.exec,excludes=**/webservices/**/*
[INFO] 
[INFO] --- maven-resources-plugin:2.6:resources (default-resources) @ nfe ---
[INFO] Using 'UTF-8' encoding to copy filtered resources.
[INFO] Copying 444 resources
[INFO] Copying 0 resource
[INFO] 
[INFO] --- maven-compiler-plugin:3.8.1:compile (default-compile) @ nfe ---
[INFO] Changes detected - recompiling the module!
[INFO] Compiling 1032 source files to /workspaces/master-thesis-pascal-joos/code_cure_agent/cca_workspace/nfe/target/classes
[INFO] -------------------------------------------------------------
[ERROR] COMPILATION ERROR : 
[INFO] -------------------------------------------------------------
[ERROR] /workspaces/master-thesis-pascal-joos/code_cure_agent/cca_workspace/nfe/src/main/java/com/fincatto/documentofiscal/nfe400/webservices/gerado/NFeRetAutorizacao4Stub.java:[161,1] illegal character: '`'
[ERROR] /workspaces/master-thesis-pascal-joos/code_cure_agent/cca_workspace/nfe/src/main/java/com/fincatto/documentofiscal/nfe400/webservices/gerado/NFeRetAutorizacao4Stub.java:[161,2] illegal character: '`'
[ERROR] /workspaces/master-thesis-pascal-joos/code_cure_agent/cca_workspace/nfe/src/main/java/com/fincatto/documentofiscal/nfe400/webservices/gerado/NFeRetAutorizacao4Stub.java:[161,3] illegal character: '`'
[ERROR] /workspaces/master-thesis-pascal-joos/code_cure_agent/cca_workspace/nfe/src/main/java/com/fincatto/documentofiscal/nfe400/webservices/gerado/NFeRetAutorizacao4Stub.java:[161,4] not a statement
[ERROR] /workspaces/master-thesis-pascal-joos/code_cure_agent/cca_workspace/nfe/src/main/java/com/fincatto/documentofiscal/nfe400/webservices/gerado/NFeRetAutorizacao4Stub.java:[161,8] ';' expected
[INFO] 5 errors 
[INFO] -------------------------------------------------------------
[INFO] ------------------------------------------------------------------------
[INFO] BUILD FAILURE
[INFO] ------------------------------------------------------------------------
[INFO] Total time:  2.136 s
[INFO] Finished at: 2025-08-20T16:25:32Z
[INFO] ------------------------------------------------------------------------
[ERROR] Failed to execute goal org.apache.maven.plugins:maven-compiler-plugin:3.8.1:compile (default-compile) on project nfe: Compilation failure: Compilation failure: 
[ERROR] /workspaces/master-thesis-pascal-joos/code_cure_agent/cca_workspace/nfe/src/main/java/com/fincatto/documentofiscal/nfe400/webservices/gerado/NFeRetAutorizacao4Stub.java:[161,1] illegal character: '`'
[ERROR] /workspaces/master-thesis-pascal-joos/code_cure_agent/cca_workspace/nfe/src/main/java/com/fincatto/documentofiscal/nfe400/webservices/gerado/NFeRetAutorizacao4Stub.java:[161,2] illegal character: '`'
[ERROR] /workspaces/master-thesis-pascal-joos/code_cure_agent/cca_workspace/nfe/src/main/java/com/fincatto/documentofiscal/nfe400/webservices/gerado/NFeRetAutorizacao4Stub.java:[161,3] illegal character: '`'
[ERROR] /workspaces/master-thesis-pascal-joos/code_cure_agent/cca_workspace/nfe/src/main/java/com/fincatto/documentofiscal/nfe400/webservices/gerado/NFeRetAutorizacao4Stub.java:[161,4] not a statement
[ERROR] /workspaces/master-thesis-pascal-joos/code_cure_agent/cca_workspace/nfe/src/main/java/com/fincatto/documentofiscal/nfe400/webservices/gerado/NFeRetAutorizacao4Stub.java:[161,8] ';' expected
[ERROR] -> [Help 1]
[ERROR] 
[ERROR] To see the full stack trace of the errors, re-run Maven with the -e switch.
[ERROR] Re-run Maven using the -X switch to enable full debug logging.
[ERROR] 
[ERROR] For more information about the errors and possible solutions, please read the following articles:
[ERROR] [Help 1] http://cwiki.apache.org/confluence/display/MAVEN/MojoFailureException
