[INFO] Scanning for projects...
[INFO] ------------------------------------------------------------------------
[INFO] Reactor Build Order:
[INFO] 
[INFO] Spatial Framework for Hadoop                                       [pom]
[INFO] Spatial JSON Utilities                                             [jar]
[INFO] Hive Spatial Framework                                             [jar]
[INFO] 
[INFO] -----------------< com.esri.hadoop:spatial-sdk-hadoop >-----------------
[INFO] Building Spatial Framework for Hadoop 2.1.1-SNAPSHOT               [1/3]
[INFO] --------------------------------[ pom ]---------------------------------
[INFO] 
[INFO] --- maven-clean-plugin:2.5:clean (default-clean) @ spatial-sdk-hadoop ---
[INFO] 
[INFO] ------------------< com.esri.hadoop:spatial-sdk-json >------------------
[INFO] Building Spatial JSON Utilities 2.1.1-SNAPSHOT                     [2/3]
[INFO] --------------------------------[ jar ]---------------------------------
[INFO] 
[INFO] --- maven-clean-plugin:2.5:clean (default-clean) @ spatial-sdk-json ---
[INFO] 
[INFO] --- maven-resources-plugin:2.6:resources (default-resources) @ spatial-sdk-json ---
[INFO] Using 'UTF-8' encoding to copy filtered resources.
[INFO] skip non existing resourceDirectory /workspaces/CodeCureAgent/code_cure_agent/cca_workspace_2/spatial-framework-for-hadoop/json/src/main/resources
[INFO] 
[INFO] --- maven-compiler-plugin:2.3.2:compile (default-compile) @ spatial-sdk-json ---
[INFO] Compiling 25 source files to /workspaces/CodeCureAgent/code_cure_agent/cca_workspace_2/spatial-framework-for-hadoop/json/target/classes
[INFO] 
[INFO] --- maven-resources-plugin:2.6:testResources (default-testResources) @ spatial-sdk-json ---
[INFO] Using 'UTF-8' encoding to copy filtered resources.
[INFO] Copying 18 resources
[INFO] 
[INFO] --- maven-compiler-plugin:2.3.2:testCompile (default-testCompile) @ spatial-sdk-json ---
[INFO] Compiling 5 source files to /workspaces/CodeCureAgent/code_cure_agent/cca_workspace_2/spatial-framework-for-hadoop/json/target/test-classes
[INFO] 
[INFO] --- maven-surefire-plugin:2.12:test (default-test) @ spatial-sdk-json ---
[INFO] Tests are skipped.
[INFO] 
[INFO] --- maven-jar-plugin:2.4:jar (default-jar) @ spatial-sdk-json ---
[INFO] Building jar: /workspaces/CodeCureAgent/code_cure_agent/cca_workspace_2/spatial-framework-for-hadoop/json/target/spatial-sdk-json-2.1.1-SNAPSHOT.jar
[INFO] 
[INFO] --- maven-javadoc-plugin:2.9.1:jar (attach-javadocs) @ spatial-sdk-json ---
[INFO] 
Loading source files for package com.esri.json...
Loading source files for package com.esri.json.hadoop...
Loading source files for package com.esri.json.serializer...
Loading source files for package com.esri.json.deserializer...
Constructing Javadoc information...
Standard Doclet version 11.0.29
Building tree for all the packages and classes...
Generating /workspaces/CodeCureAgent/code_cure_agent/cca_workspace_2/spatial-framework-for-hadoop/json/target/apidocs/com/esri/json/EsriFeature.html...
Generating /workspaces/CodeCureAgent/code_cure_agent/cca_workspace_2/spatial-framework-for-hadoop/json/target/apidocs/com/esri/json/EsriFeatureClass.html...
Generating /workspaces/CodeCureAgent/code_cure_agent/cca_workspace_2/spatial-framework-for-hadoop/json/target/apidocs/com/esri/json/EsriField.html...
Generating /workspaces/CodeCureAgent/code_cure_agent/cca_workspace_2/spatial-framework-for-hadoop/json/target/apidocs/com/esri/json/EsriFieldType.html...
Generating /workspaces/CodeCureAgent/code_cure_agent/cca_workspace_2/spatial-framework-for-hadoop/json/target/apidocs/com/esri/json/EsriJsonFactory.html...
Generating /workspaces/CodeCureAgent/code_cure_agent/cca_workspace_2/spatial-framework-for-hadoop/json/target/apidocs/com/esri/json/deserializer/GeometryJsonDeserializer.html...
Generating /workspaces/CodeCureAgent/code_cure_agent/cca_workspace_2/spatial-framework-for-hadoop/json/target/apidocs/com/esri/json/deserializer/GeometryTypeJsonDeserializer.html...
Generating /workspaces/CodeCureAgent/code_cure_agent/cca_workspace_2/spatial-framework-for-hadoop/json/target/apidocs/com/esri/json/deserializer/SpatialReferenceJsonDeserializer.html...
Generating /workspaces/CodeCureAgent/code_cure_agent/cca_workspace_2/spatial-framework-for-hadoop/json/target/apidocs/com/esri/json/hadoop/EnclosedBaseJsonRecordReader.html...
Generating /workspaces/CodeCureAgent/code_cure_agent/cca_workspace_2/spatial-framework-for-hadoop/json/target/apidocs/com/esri/json/hadoop/EnclosedEsriJsonInputFormat.html...
Generating /workspaces/CodeCureAgent/code_cure_agent/cca_workspace_2/spatial-framework-for-hadoop/json/target/apidocs/com/esri/json/hadoop/EnclosedEsriJsonRecordReader.html...
Generating /workspaces/CodeCureAgent/code_cure_agent/cca_workspace_2/spatial-framework-for-hadoop/json/target/apidocs/com/esri/json/hadoop/EnclosedGeoJsonInputFormat.html...
Generating /workspaces/CodeCureAgent/code_cure_agent/cca_workspace_2/spatial-framework-for-hadoop/json/target/apidocs/com/esri/json/hadoop/EnclosedGeoJsonRecordReader.html...
Generating /workspaces/CodeCureAgent/code_cure_agent/cca_workspace_2/spatial-framework-for-hadoop/json/target/apidocs/com/esri/json/hadoop/UnenclosedBaseJsonRecordReader.html...
Generating /workspaces/CodeCureAgent/code_cure_agent/cca_workspace_2/spatial-framework-for-hadoop/json/target/apidocs/com/esri/json/hadoop/UnenclosedEsriJsonInputFormat.html...
Generating /workspaces/CodeCureAgent/code_cure_agent/cca_workspace_2/spatial-framework-for-hadoop/json/target/apidocs/com/esri/json/hadoop/UnenclosedEsriJsonRecordReader.html...
Generating /workspaces/CodeCureAgent/code_cure_agent/cca_workspace_2/spatial-framework-for-hadoop/json/target/apidocs/com/esri/json/hadoop/UnenclosedGeoJsonInputFormat.html...
Generating /workspaces/CodeCureAgent/code_cure_agent/cca_workspace_2/spatial-framework-for-hadoop/json/target/apidocs/com/esri/json/hadoop/UnenclosedGeoJsonRecordReader.html...
Generating /workspaces/CodeCureAgent/code_cure_agent/cca_workspace_2/spatial-framework-for-hadoop/json/target/apidocs/com/esri/json/serializer/GeometryJsonSerializer.html...
Generating /workspaces/CodeCureAgent/code_cure_agent/cca_workspace_2/spatial-framework-for-hadoop/json/target/apidocs/com/esri/json/serializer/GeometryTypeJsonSerializer.html...
Generating /workspaces/CodeCureAgent/code_cure_agent/cca_workspace_2/spatial-framework-for-hadoop/json/target/apidocs/com/esri/json/serializer/SpatialReferenceJsonSerializer.html...
Generating /workspaces/CodeCureAgent/code_cure_agent/cca_workspace_2/spatial-framework-for-hadoop/json/target/apidocs/com/esri/json/package-summary.html...
Generating /workspaces/CodeCureAgent/code_cure_agent/cca_workspace_2/spatial-framework-for-hadoop/json/target/apidocs/com/esri/json/package-tree.html...
Generating /workspaces/CodeCureAgent/code_cure_agent/cca_workspace_2/spatial-framework-for-hadoop/json/target/apidocs/com/esri/json/deserializer/package-summary.html...
Generating /workspaces/CodeCureAgent/code_cure_agent/cca_workspace_2/spatial-framework-for-hadoop/json/target/apidocs/com/esri/json/deserializer/package-tree.html...
Generating /workspaces/CodeCureAgent/code_cure_agent/cca_workspace_2/spatial-framework-for-hadoop/json/target/apidocs/com/esri/json/hadoop/package-summary.html...
Generating /workspaces/CodeCureAgent/code_cure_agent/cca_workspace_2/spatial-framework-for-hadoop/json/target/apidocs/com/esri/json/hadoop/package-tree.html...
Generating /workspaces/CodeCureAgent/code_cure_agent/cca_workspace_2/spatial-framework-for-hadoop/json/target/apidocs/com/esri/json/serializer/package-summary.html...
Generating /workspaces/CodeCureAgent/code_cure_agent/cca_workspace_2/spatial-framework-for-hadoop/json/target/apidocs/com/esri/json/serializer/package-tree.html...
Generating /workspaces/CodeCureAgent/code_cure_agent/cca_workspace_2/spatial-framework-for-hadoop/json/target/apidocs/constant-values.html...
Generating /workspaces/CodeCureAgent/code_cure_agent/cca_workspace_2/spatial-framework-for-hadoop/json/target/apidocs/com/esri/json/class-use/EsriFeatureClass.html...
Generating /workspaces/CodeCureAgent/code_cure_agent/cca_workspace_2/spatial-framework-for-hadoop/json/target/apidocs/com/esri/json/class-use/EsriJsonFactory.html...
Generating /workspaces/CodeCureAgent/code_cure_agent/cca_workspace_2/spatial-framework-for-hadoop/json/target/apidocs/com/esri/json/class-use/EsriFeature.html...
Generating /workspaces/CodeCureAgent/code_cure_agent/cca_workspace_2/spatial-framework-for-hadoop/json/target/apidocs/com/esri/json/class-use/EsriFieldType.html...
Generating /workspaces/CodeCureAgent/code_cure_agent/cca_workspace_2/spatial-framework-for-hadoop/json/target/apidocs/com/esri/json/class-use/EsriField.html...
Generating /workspaces/CodeCureAgent/code_cure_agent/cca_workspace_2/spatial-framework-for-hadoop/json/target/apidocs/com/esri/json/hadoop/class-use/EnclosedBaseJsonRecordReader.html...
Generating /workspaces/CodeCureAgent/code_cure_agent/cca_workspace_2/spatial-framework-for-hadoop/json/target/apidocs/com/esri/json/hadoop/class-use/UnenclosedEsriJsonRecordReader.html...
Generating /workspaces/CodeCureAgent/code_cure_agent/cca_workspace_2/spatial-framework-for-hadoop/json/target/apidocs/com/esri/json/hadoop/class-use/UnenclosedGeoJsonRecordReader.html...
Generating /workspaces/CodeCureAgent/code_cure_agent/cca_workspace_2/spatial-framework-for-hadoop/json/target/apidocs/com/esri/json/hadoop/class-use/UnenclosedGeoJsonInputFormat.html...
Generating /workspaces/CodeCureAgent/code_cure_agent/cca_workspace_2/spatial-framework-for-hadoop/json/target/apidocs/com/esri/json/hadoop/class-use/EnclosedEsriJsonInputFormat.html...
Generating /workspaces/CodeCureAgent/code_cure_agent/cca_workspace_2/spatial-framework-for-hadoop/json/target/apidocs/com/esri/json/hadoop/class-use/EnclosedEsriJsonRecordReader.html...
Generating /workspaces/CodeCureAgent/code_cure_agent/cca_workspace_2/spatial-framework-for-hadoop/json/target/apidocs/com/esri/json/hadoop/class-use/UnenclosedEsriJsonInputFormat.html...
Generating /workspaces/CodeCureAgent/code_cure_agent/cca_workspace_2/spatial-framework-for-hadoop/json/target/apidocs/com/esri/json/hadoop/class-use/EnclosedGeoJsonInputFormat.html...
Generating /workspaces/CodeCureAgent/code_cure_agent/cca_workspace_2/spatial-framework-for-hadoop/json/target/apidocs/com/esri/json/hadoop/class-use/EnclosedGeoJsonRecordReader.html...
Generating /workspaces/CodeCureAgent/code_cure_agent/cca_workspace_2/spatial-framework-for-hadoop/json/target/apidocs/com/esri/json/hadoop/class-use/UnenclosedBaseJsonRecordReader.html...
Generating /workspaces/CodeCureAgent/code_cure_agent/cca_workspace_2/spatial-framework-for-hadoop/json/target/apidocs/com/esri/json/serializer/class-use/GeometryTypeJsonSerializer.html...
Generating /workspaces/CodeCureAgent/code_cure_agent/cca_workspace_2/spatial-framework-for-hadoop/json/target/apidocs/com/esri/json/serializer/class-use/GeometryJsonSerializer.html...
Generating /workspaces/CodeCureAgent/code_cure_agent/cca_workspace_2/spatial-framework-for-hadoop/json/target/apidocs/com/esri/json/serializer/class-use/SpatialReferenceJsonSerializer.html...
Generating /workspaces/CodeCureAgent/code_cure_agent/cca_workspace_2/spatial-framework-for-hadoop/json/target/apidocs/com/esri/json/deserializer/class-use/GeometryJsonDeserializer.html...
Generating /workspaces/CodeCureAgent/code_cure_agent/cca_workspace_2/spatial-framework-for-hadoop/json/target/apidocs/com/esri/json/deserializer/class-use/GeometryTypeJsonDeserializer.html...
Generating /workspaces/CodeCureAgent/code_cure_agent/cca_workspace_2/spatial-framework-for-hadoop/json/target/apidocs/com/esri/json/deserializer/class-use/SpatialReferenceJsonDeserializer.html...
Generating /workspaces/CodeCureAgent/code_cure_agent/cca_workspace_2/spatial-framework-for-hadoop/json/target/apidocs/com/esri/json/package-use.html...
Generating /workspaces/CodeCureAgent/code_cure_agent/cca_workspace_2/spatial-framework-for-hadoop/json/target/apidocs/com/esri/json/deserializer/package-use.html...
Generating /workspaces/CodeCureAgent/code_cure_agent/cca_workspace_2/spatial-framework-for-hadoop/json/target/apidocs/com/esri/json/hadoop/package-use.html...
Generating /workspaces/CodeCureAgent/code_cure_agent/cca_workspace_2/spatial-framework-for-hadoop/json/target/apidocs/com/esri/json/serializer/package-use.html...
Building index for all the packages and classes...
Generating /workspaces/CodeCureAgent/code_cure_agent/cca_workspace_2/spatial-framework-for-hadoop/json/target/apidocs/overview-tree.html...
Generating /workspaces/CodeCureAgent/code_cure_agent/cca_workspace_2/spatial-framework-for-hadoop/json/target/apidocs/index-all.html...
Building index for all classes...
Generating /workspaces/CodeCureAgent/code_cure_agent/cca_workspace_2/spatial-framework-for-hadoop/json/target/apidocs/allclasses-index.html...
Generating /workspaces/CodeCureAgent/code_cure_agent/cca_workspace_2/spatial-framework-for-hadoop/json/target/apidocs/allpackages-index.html...
Generating /workspaces/CodeCureAgent/code_cure_agent/cca_workspace_2/spatial-framework-for-hadoop/json/target/apidocs/deprecated-list.html...
Building index for all classes...
Generating /workspaces/CodeCureAgent/code_cure_agent/cca_workspace_2/spatial-framework-for-hadoop/json/target/apidocs/allclasses.html...
Generating /workspaces/CodeCureAgent/code_cure_agent/cca_workspace_2/spatial-framework-for-hadoop/json/target/apidocs/allclasses.html...
Generating /workspaces/CodeCureAgent/code_cure_agent/cca_workspace_2/spatial-framework-for-hadoop/json/target/apidocs/index.html...
Generating /workspaces/CodeCureAgent/code_cure_agent/cca_workspace_2/spatial-framework-for-hadoop/json/target/apidocs/overview-summary.html...
Generating /workspaces/CodeCureAgent/code_cure_agent/cca_workspace_2/spatial-framework-for-hadoop/json/target/apidocs/help-doc.html...
100 warnings
[WARNING] Javadoc Warnings
[WARNING] javadoc: warning - The code being documented uses modules but the packages defined in http://docs.oracle.com/javase/6/docs/api/ are in the unnamed module.
[WARNING] javadoc: warning - The code being documented uses modules but the packages defined in http://docs.oracle.com/javase/6/docs/api/ are in the unnamed module.
[WARNING] javadoc: warning - The code being documented uses modules but the packages defined in http://docs.oracle.com/javase/6/docs/api/ are in the unnamed module.
[WARNING] javadoc: warning - The code being documented uses modules but the packages defined in http://docs.oracle.com/javase/6/docs/api/ are in the unnamed module.
[WARNING] javadoc: warning - The code being documented uses modules but the packages defined in http://docs.oracle.com/javase/6/docs/api/ are in the unnamed module.
[WARNING] javadoc: warning - The code being documented uses modules but the packages defined in http://docs.oracle.com/javase/6/docs/api/ are in the unnamed module.
[WARNING] javadoc: warning - The code being documented uses modules but the packages defined in http://docs.oracle.com/javase/6/docs/api/ are in the unnamed module.
[WARNING] javadoc: warning - The code being documented uses modules but the packages defined in http://docs.oracle.com/javase/6/docs/api/ are in the unnamed module.
[WARNING] javadoc: warning - The code being documented uses modules but the packages defined in http://docs.oracle.com/javase/6/docs/api/ are in the unnamed module.
[WARNING] javadoc: warning - The code being documented uses modules but the packages defined in http://docs.oracle.com/javase/6/docs/api/ are in the unnamed module.
[WARNING] javadoc: warning - The code being documented uses modules but the packages defined in http://docs.oracle.com/javase/6/docs/api/ are in the unnamed module.
[WARNING] javadoc: warning - The code being documented uses modules but the packages defined in http://docs.oracle.com/javase/6/docs/api/ are in the unnamed module.
[WARNING] javadoc: warning - The code being documented uses modules but the packages defined in http://docs.oracle.com/javase/6/docs/api/ are in the unnamed module.
[WARNING] javadoc: warning - The code being documented uses modules but the packages defined in http://docs.oracle.com/javase/6/docs/api/ are in the unnamed module.
[WARNING] javadoc: warning - The code being documented uses modules but the packages defined in http://docs.oracle.com/javase/6/docs/api/ are in the unnamed module.
[WARNING] javadoc: warning - The code being documented uses modules but the packages defined in http://docs.oracle.com/javase/6/docs/api/ are in the unnamed module.
[WARNING] javadoc: warning - The code being documented uses modules but the packages defined in http://docs.oracle.com/javase/6/docs/api/ are in the unnamed module.
[WARNING] javadoc: warning - The code being documented uses modules but the packages defined in http://docs.oracle.com/javase/6/docs/api/ are in the unnamed module.
[WARNING] javadoc: warning - The code being documented uses modules but the packages defined in http://docs.oracle.com/javase/6/docs/api/ are in the unnamed module.
[WARNING] javadoc: warning - The code being documented uses modules but the packages defined in http://docs.oracle.com/javase/6/docs/api/ are in the unnamed module.
[WARNING] javadoc: warning - The code being documented uses modules but the packages defined in http://docs.oracle.com/javase/6/docs/api/ are in the unnamed module.
[WARNING] javadoc: warning - The code being documented uses modules but the packages defined in http://docs.oracle.com/javase/6/docs/api/ are in the unnamed module.
[WARNING] javadoc: warning - The code being documented uses modules but the packages defined in http://docs.oracle.com/javase/6/docs/api/ are in the unnamed module.
[WARNING] javadoc: warning - The code being documented uses modules but the packages defined in http://docs.oracle.com/javase/6/docs/api/ are in the unnamed module.
[WARNING] javadoc: warning - The code being documented uses modules but the packages defined in http://docs.oracle.com/javase/6/docs/api/ are in the unnamed module.
[WARNING] javadoc: warning - The code being documented uses modules but the packages defined in http://docs.oracle.com/javase/6/docs/api/ are in the unnamed module.
[WARNING] javadoc: warning - The code being documented uses modules but the packages defined in http://docs.oracle.com/javase/6/docs/api/ are in the unnamed module.
[WARNING] javadoc: warning - The code being documented uses modules but the packages defined in http://docs.oracle.com/javase/6/docs/api/ are in the unnamed module.
[WARNING] javadoc: warning - The code being documented uses modules but the packages defined in http://docs.oracle.com/javase/6/docs/api/ are in the unnamed module.
[WARNING] javadoc: warning - The code being documented uses modules but the packages defined in http://docs.oracle.com/javase/6/docs/api/ are in the unnamed module.
[WARNING] javadoc: warning - The code being documented uses modules but the packages defined in http://docs.oracle.com/javase/6/docs/api/ are in the unnamed module.
[WARNING] javadoc: warning - The code being documented uses modules but the packages defined in http://docs.oracle.com/javase/6/docs/api/ are in the unnamed module.
[WARNING] javadoc: warning - The code being documented uses modules but the packages defined in http://docs.oracle.com/javase/6/docs/api/ are in the unnamed module.
[WARNING] javadoc: warning - The code being documented uses modules but the packages defined in http://docs.oracle.com/javase/6/docs/api/ are in the unnamed module.
[WARNING] javadoc: warning - The code being documented uses modules but the packages defined in http://docs.oracle.com/javase/6/docs/api/ are in the unnamed module.
[WARNING] javadoc: warning - The code being documented uses modules but the packages defined in http://docs.oracle.com/javase/6/docs/api/ are in the unnamed module.
[WARNING] javadoc: warning - The code being documented uses modules but the packages defined in http://docs.oracle.com/javase/6/docs/api/ are in the unnamed module.
[WARNING] javadoc: warning - The code being documented uses modules but the packages defined in http://docs.oracle.com/javase/6/docs/api/ are in the unnamed module.
[WARNING] javadoc: warning - The code being documented uses modules but the packages defined in http://docs.oracle.com/javase/6/docs/api/ are in the unnamed module.
[WARNING] javadoc: warning - The code being documented uses modules but the packages defined in http://docs.oracle.com/javase/6/docs/api/ are in the unnamed module.
[WARNING] javadoc: warning - The code being documented uses modules but the packages defined in http://docs.oracle.com/javase/6/docs/api/ are in the unnamed module.
[WARNING] javadoc: warning - The code being documented uses modules but the packages defined in http://docs.oracle.com/javase/6/docs/api/ are in the unnamed module.
[WARNING] javadoc: warning - The code being documented uses modules but the packages defined in http://docs.oracle.com/javase/6/docs/api/ are in the unnamed module.
[WARNING] javadoc: warning - The code being documented uses modules but the packages defined in http://docs.oracle.com/javase/6/docs/api/ are in the unnamed module.
[WARNING] javadoc: warning - The code being documented uses modules but the packages defined in http://docs.oracle.com/javase/6/docs/api/ are in the unnamed module.
[WARNING] javadoc: warning - The code being documented uses modules but the packages defined in http://docs.oracle.com/javase/6/docs/api/ are in the unnamed module.
[WARNING] javadoc: warning - The code being documented uses modules but the packages defined in http://docs.oracle.com/javase/6/docs/api/ are in the unnamed module.
[WARNING] javadoc: warning - The code being documented uses modules but the packages defined in http://docs.oracle.com/javase/6/docs/api/ are in the unnamed module.
[WARNING] javadoc: warning - The code being documented uses modules but the packages defined in http://docs.oracle.com/javase/6/docs/api/ are in the unnamed module.
[WARNING] javadoc: warning - The code being documented uses modules but the packages defined in http://docs.oracle.com/javase/6/docs/api/ are in the unnamed module.
[WARNING] javadoc: warning - The code being documented uses modules but the packages defined in http://docs.oracle.com/javase/6/docs/api/ are in the unnamed module.
[WARNING] javadoc: warning - The code being documented uses modules but the packages defined in http://docs.oracle.com/javase/6/docs/api/ are in the unnamed module.
[WARNING] javadoc: warning - The code being documented uses modules but the packages defined in http://docs.oracle.com/javase/6/docs/api/ are in the unnamed module.
[WARNING] javadoc: warning - The code being documented uses modules but the packages defined in http://docs.oracle.com/javase/6/docs/api/ are in the unnamed module.
[WARNING] javadoc: warning - The code being documented uses modules but the packages defined in http://docs.oracle.com/javase/6/docs/api/ are in the unnamed module.
[WARNING] javadoc: warning - The code being documented uses modules but the packages defined in http://docs.oracle.com/javase/6/docs/api/ are in the unnamed module.
[WARNING] javadoc: warning - The code being documented uses modules but the packages defined in http://docs.oracle.com/javase/6/docs/api/ are in the unnamed module.
[WARNING] javadoc: warning - The code being documented uses modules but the packages defined in http://docs.oracle.com/javase/6/docs/api/ are in the unnamed module.
[WARNING] javadoc: warning - The code being documented uses modules but the packages defined in http://docs.oracle.com/javase/6/docs/api/ are in the unnamed module.
[WARNING] javadoc: warning - The code being documented uses modules but the packages defined in http://docs.oracle.com/javase/6/docs/api/ are in the unnamed module.
[WARNING] javadoc: warning - The code being documented uses modules but the packages defined in http://docs.oracle.com/javase/6/docs/api/ are in the unnamed module.
[WARNING] javadoc: warning - The code being documented uses modules but the packages defined in http://docs.oracle.com/javase/6/docs/api/ are in the unnamed module.
[WARNING] javadoc: warning - The code being documented uses modules but the packages defined in http://docs.oracle.com/javase/6/docs/api/ are in the unnamed module.
[WARNING] javadoc: warning - The code being documented uses modules but the packages defined in http://docs.oracle.com/javase/6/docs/api/ are in the unnamed module.
[WARNING] javadoc: warning - The code being documented uses modules but the packages defined in http://docs.oracle.com/javase/6/docs/api/ are in the unnamed module.
[WARNING] javadoc: warning - The code being documented uses modules but the packages defined in http://docs.oracle.com/javase/6/docs/api/ are in the unnamed module.
[WARNING] javadoc: warning - The code being documented uses modules but the packages defined in http://docs.oracle.com/javase/6/docs/api/ are in the unnamed module.
[WARNING] javadoc: warning - The code being documented uses modules but the packages defined in http://docs.oracle.com/javase/6/docs/api/ are in the unnamed module.
[WARNING] javadoc: warning - The code being documented uses modules but the packages defined in http://docs.oracle.com/javase/6/docs/api/ are in the unnamed module.
[WARNING] javadoc: warning - The code being documented uses modules but the packages defined in http://docs.oracle.com/javase/6/docs/api/ are in the unnamed module.
[WARNING] javadoc: warning - The code being documented uses modules but the packages defined in http://docs.oracle.com/javase/6/docs/api/ are in the unnamed module.
[WARNING] javadoc: warning - The code being documented uses modules but the packages defined in http://docs.oracle.com/javase/6/docs/api/ are in the unnamed module.
[WARNING] javadoc: warning - The code being documented uses modules but the packages defined in http://docs.oracle.com/javase/6/docs/api/ are in the unnamed module.
[WARNING] javadoc: warning - The code being documented uses modules but the packages defined in http://docs.oracle.com/javase/6/docs/api/ are in the unnamed module.
[WARNING] javadoc: warning - The code being documented uses modules but the packages defined in http://docs.oracle.com/javase/6/docs/api/ are in the unnamed module.
[WARNING] javadoc: warning - The code being documented uses modules but the packages defined in http://docs.oracle.com/javase/6/docs/api/ are in the unnamed module.
[WARNING] javadoc: warning - The code being documented uses modules but the packages defined in http://docs.oracle.com/javase/6/docs/api/ are in the unnamed module.
[WARNING] javadoc: warning - The code being documented uses modules but the packages defined in http://docs.oracle.com/javase/6/docs/api/ are in the unnamed module.
[WARNING] javadoc: warning - The code being documented uses modules but the packages defined in http://docs.oracle.com/javase/6/docs/api/ are in the unnamed module.
[WARNING] javadoc: warning - The code being documented uses modules but the packages defined in http://docs.oracle.com/javase/6/docs/api/ are in the unnamed module.
[WARNING] javadoc: warning - The code being documented uses modules but the packages defined in http://docs.oracle.com/javase/6/docs/api/ are in the unnamed module.
[WARNING] javadoc: warning - The code being documented uses modules but the packages defined in http://docs.oracle.com/javase/6/docs/api/ are in the unnamed module.
[WARNING] javadoc: warning - The code being documented uses modules but the packages defined in http://docs.oracle.com/javase/6/docs/api/ are in the unnamed module.
[WARNING] javadoc: warning - The code being documented uses modules but the packages defined in http://docs.oracle.com/javase/6/docs/api/ are in the unnamed module.
[WARNING] javadoc: warning - The code being documented uses modules but the packages defined in http://docs.oracle.com/javase/6/docs/api/ are in the unnamed module.
[WARNING] javadoc: warning - The code being documented uses modules but the packages defined in http://docs.oracle.com/javase/6/docs/api/ are in the unnamed module.
[WARNING] javadoc: warning - The code being documented uses modules but the packages defined in http://docs.oracle.com/javase/6/docs/api/ are in the unnamed module.
[WARNING] javadoc: warning - The code being documented uses modules but the packages defined in http://docs.oracle.com/javase/6/docs/api/ are in the unnamed module.
[WARNING] javadoc: warning - The code being documented uses modules but the packages defined in http://docs.oracle.com/javase/6/docs/api/ are in the unnamed module.
[WARNING] javadoc: warning - The code being documented uses modules but the packages defined in http://docs.oracle.com/javase/6/docs/api/ are in the unnamed module.
[WARNING] javadoc: warning - The code being documented uses modules but the packages defined in http://docs.oracle.com/javase/6/docs/api/ are in the unnamed module.
[WARNING] javadoc: warning - The code being documented uses modules but the packages defined in http://docs.oracle.com/javase/6/docs/api/ are in the unnamed module.
[WARNING] javadoc: warning - The code being documented uses modules but the packages defined in http://docs.oracle.com/javase/6/docs/api/ are in the unnamed module.
[WARNING] javadoc: warning - The code being documented uses modules but the packages defined in http://docs.oracle.com/javase/6/docs/api/ are in the unnamed module.
[WARNING] javadoc: warning - The code being documented uses modules but the packages defined in http://docs.oracle.com/javase/6/docs/api/ are in the unnamed module.
[WARNING] javadoc: warning - The code being documented uses modules but the packages defined in http://docs.oracle.com/javase/6/docs/api/ are in the unnamed module.
[WARNING] javadoc: warning - The code being documented uses modules but the packages defined in http://docs.oracle.com/javase/6/docs/api/ are in the unnamed module.
[WARNING] javadoc: warning - The code being documented uses modules but the packages defined in http://docs.oracle.com/javase/6/docs/api/ are in the unnamed module.
[WARNING] javadoc: warning - The code being documented uses modules but the packages defined in http://docs.oracle.com/javase/6/docs/api/ are in the unnamed module.
[WARNING] javadoc: warning - The code being documented uses modules but the packages defined in http://docs.oracle.com/javase/6/docs/api/ are in the unnamed module.
[INFO] Building jar: /workspaces/CodeCureAgent/code_cure_agent/cca_workspace_2/spatial-framework-for-hadoop/json/target/spatial-sdk-json-2.1.1-SNAPSHOT-javadoc.jar
[INFO] 
[INFO] ------------------< com.esri.hadoop:spatial-sdk-hive >------------------
[INFO] Building Hive Spatial Framework 2.1.1-SNAPSHOT                     [3/3]
[INFO] --------------------------------[ jar ]---------------------------------
[INFO] 
[INFO] --- maven-clean-plugin:2.5:clean (default-clean) @ spatial-sdk-hive ---
[INFO] 
[INFO] --- maven-resources-plugin:2.6:resources (default-resources) @ spatial-sdk-hive ---
[INFO] Using 'UTF-8' encoding to copy filtered resources.
[INFO] skip non existing resourceDirectory /workspaces/CodeCureAgent/code_cure_agent/cca_workspace_2/spatial-framework-for-hadoop/hive/src/main/resources
[INFO] 
[INFO] --- maven-compiler-plugin:2.3.2:compile (default-compile) @ spatial-sdk-hive ---
[INFO] Compiling 98 source files to /workspaces/CodeCureAgent/code_cure_agent/cca_workspace_2/spatial-framework-for-hadoop/hive/target/classes
[INFO] -------------------------------------------------------------
[ERROR] COMPILATION ERROR : 
[INFO] -------------------------------------------------------------
[ERROR] /workspaces/CodeCureAgent/code_cure_agent/cca_workspace_2/spatial-framework-for-hadoop/hive/src/main/java/com/esri/hadoop/hive/ST_InteriorRingN.java:[33,7] error: class StInteriorRingN is public, should be declared in a file named StInteriorRingN.java
[INFO] 1 error
[INFO] -------------------------------------------------------------
[INFO] ------------------------------------------------------------------------
[INFO] Reactor Summary for Spatial Framework for Hadoop 2.1.1-SNAPSHOT:
[INFO] 
[INFO] Spatial Framework for Hadoop ....................... SUCCESS [  0.146 s]
[INFO] Spatial JSON Utilities ............................. SUCCESS [  6.538 s]
[INFO] Hive Spatial Framework ............................. FAILURE [  0.584 s]
[INFO] ------------------------------------------------------------------------
[INFO] BUILD FAILURE
[INFO] ------------------------------------------------------------------------
[INFO] Total time:  7.414 s
[INFO] Finished at: 2026-01-30T10:00:40Z
[INFO] ------------------------------------------------------------------------
[ERROR] Failed to execute goal org.apache.maven.plugins:maven-compiler-plugin:2.3.2:compile (default-compile) on project spatial-sdk-hive: Compilation failure
[ERROR] /workspaces/CodeCureAgent/code_cure_agent/cca_workspace_2/spatial-framework-for-hadoop/hive/src/main/java/com/esri/hadoop/hive/ST_InteriorRingN.java:[33,7] error: class StInteriorRingN is public, should be declared in a file named StInteriorRingN.java
[ERROR] -> [Help 1]
[ERROR] 
[ERROR] To see the full stack trace of the errors, re-run Maven with the -e switch.
[ERROR] Re-run Maven using the -X switch to enable full debug logging.
[ERROR] 
[ERROR] For more information about the errors and possible solutions, please read the following articles:
[ERROR] [Help 1] http://cwiki.apache.org/confluence/display/MAVEN/MojoFailureException
[ERROR] 
[ERROR] After correcting the problems, you can resume the build with the command
[ERROR]   mvn <args> -rf :spatial-sdk-hive
