[INFO] Scanning for projects...
[WARNING] 
[WARNING] Some problems were encountered while building the effective model for io.gsonfire:gson-fire:jar:1.8.5
[WARNING] 'build.plugins.plugin.version' for biz.aQute.bnd:bnd-maven-plugin is missing. @ line 118, column 21
[WARNING] 
[WARNING] It is highly recommended to fix these problems because they threaten the stability of your build.
[WARNING] 
[WARNING] For this reason, future Maven versions might no longer support building such malformed projects.
[WARNING] 
[INFO] Inspecting build with total of 1 modules...
[INFO] Installing Nexus Staging features:
[INFO]   ... total of 1 executions of maven-deploy-plugin replaced with nexus-staging-maven-plugin
[INFO] 
[INFO] -----------------------< io.gsonfire:gson-fire >------------------------
[INFO] Building Gson on Fire! 1.8.5
[INFO] --------------------------------[ jar ]---------------------------------
[INFO] 
[INFO] --- maven-clean-plugin:2.5:clean (default-clean) @ gson-fire ---
[INFO] 
[INFO] --- maven-resources-plugin:2.6:resources (default-resources) @ gson-fire ---
[INFO] Using 'UTF-8' encoding to copy filtered resources.
[INFO] skip non existing resourceDirectory /workspaces/CodeCureAgent/code_cure_agent/cca_workspace_5/gson-fire/src/main/resources
[INFO] 
[INFO] --- maven-compiler-plugin:3.1:compile (default-compile) @ gson-fire ---
[INFO] Changes detected - recompiling the module!
[INFO] Compiling 51 source files to /workspaces/CodeCureAgent/code_cure_agent/cca_workspace_5/gson-fire/target/classes
[WARNING] /workspaces/CodeCureAgent/code_cure_agent/cca_workspace_5/gson-fire/src/main/java/io/gsonfire/postprocessors/MergeMapPostProcessor.java: Some input files use or override a deprecated API.
[WARNING] /workspaces/CodeCureAgent/code_cure_agent/cca_workspace_5/gson-fire/src/main/java/io/gsonfire/postprocessors/MergeMapPostProcessor.java: Recompile with -Xlint:deprecation for details.
[WARNING] /workspaces/CodeCureAgent/code_cure_agent/cca_workspace_5/gson-fire/src/main/java/io/gsonfire/gson/SimpleIterableTypeAdapterFactory.java: Some input files use unchecked or unsafe operations.
[WARNING] /workspaces/CodeCureAgent/code_cure_agent/cca_workspace_5/gson-fire/src/main/java/io/gsonfire/gson/SimpleIterableTypeAdapterFactory.java: Recompile with -Xlint:unchecked for details.
[INFO] 
[INFO] --- bnd-maven-plugin:7.2.1:bnd-process (default) @ gson-fire ---
[WARNING] Error injecting: aQute.bnd.maven.plugin.BndMavenPlugin
java.lang.TypeNotPresentException: Type aQute.bnd.maven.plugin.BndMavenPlugin not present
    at org.eclipse.sisu.space.URLClassSpace.loadClass (URLClassSpace.java:147)
    at org.eclipse.sisu.space.NamedClass.load (NamedClass.java:46)
    at org.eclipse.sisu.space.AbstractDeferredClass.get (AbstractDeferredClass.java:48)
    at com.google.inject.internal.ProviderInternalFactory.provision (ProviderInternalFactory.java:85)
    at com.google.inject.internal.InternalFactoryToInitializableAdapter.provision (InternalFactoryToInitializableAdapter.java:57)
    at com.google.inject.internal.ProviderInternalFactory$1.call (ProviderInternalFactory.java:66)
    at com.google.inject.internal.ProvisionListenerStackCallback$Provision.provision (ProvisionListenerStackCallback.java:112)
    at com.google.inject.internal.ProvisionListenerStackCallback$Provision.provision (ProvisionListenerStackCallback.java:127)
    at com.google.inject.internal.ProvisionListenerStackCallback.provision (ProvisionListenerStackCallback.java:66)
    at com.google.inject.internal.ProviderInternalFactory.circularGet (ProviderInternalFactory.java:61)
    at com.google.inject.internal.InternalFactoryToInitializableAdapter.get (InternalFactoryToInitializableAdapter.java:47)
    at com.google.inject.internal.InjectorImpl$1.get (InjectorImpl.java:1094)
    at org.eclipse.sisu.inject.Guice4$1.get (Guice4.java:162)
    at org.eclipse.sisu.inject.LazyBeanEntry.getValue (LazyBeanEntry.java:81)
    at org.eclipse.sisu.plexus.LazyPlexusBean.getValue (LazyPlexusBean.java:51)
    at org.codehaus.plexus.DefaultPlexusContainer.lookup (DefaultPlexusContainer.java:263)
    at org.codehaus.plexus.DefaultPlexusContainer.lookup (DefaultPlexusContainer.java:255)
    at org.apache.maven.plugin.internal.DefaultMavenPluginManager.getConfiguredMojo (DefaultMavenPluginManager.java:520)
    at org.apache.maven.plugin.DefaultBuildPluginManager.executeMojo (DefaultBuildPluginManager.java:124)
    at org.apache.maven.lifecycle.internal.MojoExecutor.execute (MojoExecutor.java:210)
    at org.apache.maven.lifecycle.internal.MojoExecutor.execute (MojoExecutor.java:156)
    at org.apache.maven.lifecycle.internal.MojoExecutor.execute (MojoExecutor.java:148)
    at org.apache.maven.lifecycle.internal.LifecycleModuleBuilder.buildProject (LifecycleModuleBuilder.java:117)
    at org.apache.maven.lifecycle.internal.LifecycleModuleBuilder.buildProject (LifecycleModuleBuilder.java:81)
    at org.apache.maven.lifecycle.internal.builder.singlethreaded.SingleThreadedBuilder.build (SingleThreadedBuilder.java:56)
    at org.apache.maven.lifecycle.internal.LifecycleStarter.execute (LifecycleStarter.java:128)
    at org.apache.maven.DefaultMaven.doExecute (DefaultMaven.java:305)
    at org.apache.maven.DefaultMaven.doExecute (DefaultMaven.java:192)
    at org.apache.maven.DefaultMaven.execute (DefaultMaven.java:105)
    at org.apache.maven.cli.MavenCli.execute (MavenCli.java:957)
    at org.apache.maven.cli.MavenCli.doMain (MavenCli.java:289)
    at org.apache.maven.cli.MavenCli.main (MavenCli.java:193)
    at jdk.internal.reflect.NativeMethodAccessorImpl.invoke0 (Native Method)
    at jdk.internal.reflect.NativeMethodAccessorImpl.invoke (NativeMethodAccessorImpl.java:62)
    at jdk.internal.reflect.DelegatingMethodAccessorImpl.invoke (DelegatingMethodAccessorImpl.java:43)
    at java.lang.reflect.Method.invoke (Method.java:566)
    at org.codehaus.plexus.classworlds.launcher.Launcher.launchEnhanced (Launcher.java:282)
    at org.codehaus.plexus.classworlds.launcher.Launcher.launch (Launcher.java:225)
    at org.codehaus.plexus.classworlds.launcher.Launcher.mainWithExitCode (Launcher.java:406)
    at org.codehaus.plexus.classworlds.launcher.Launcher.main (Launcher.java:347)
Caused by: java.lang.UnsupportedClassVersionError: aQute/bnd/maven/plugin/BndMavenPlugin has been compiled by a more recent version of the Java Runtime (class file version 61.0), this version of the Java Runtime only recognizes class file versions up to 55.0
    at java.lang.ClassLoader.defineClass1 (Native Method)
    at java.lang.ClassLoader.defineClass (ClassLoader.java:1022)
    at java.security.SecureClassLoader.defineClass (SecureClassLoader.java:174)
    at java.net.URLClassLoader.defineClass (URLClassLoader.java:555)
    at java.net.URLClassLoader$1.run (URLClassLoader.java:458)
    at java.net.URLClassLoader$1.run (URLClassLoader.java:452)
    at java.security.AccessController.doPrivileged (Native Method)
    at java.net.URLClassLoader.findClass (URLClassLoader.java:451)
    at org.codehaus.plexus.classworlds.realm.ClassRealm.loadClassFromSelf (ClassRealm.java:425)
    at org.codehaus.plexus.classworlds.strategy.SelfFirstStrategy.loadClass (SelfFirstStrategy.java:42)
    at org.codehaus.plexus.classworlds.realm.ClassRealm.unsynchronizedLoadClass (ClassRealm.java:271)
    at org.codehaus.plexus.classworlds.realm.ClassRealm.loadClass (ClassRealm.java:247)
    at org.codehaus.plexus.classworlds.realm.ClassRealm.loadClass (ClassRealm.java:239)
    at org.eclipse.sisu.space.URLClassSpace.loadClass (URLClassSpace.java:139)
    at org.eclipse.sisu.space.NamedClass.load (NamedClass.java:46)
    at org.eclipse.sisu.space.AbstractDeferredClass.get (AbstractDeferredClass.java:48)
    at com.google.inject.internal.ProviderInternalFactory.provision (ProviderInternalFactory.java:85)
    at com.google.inject.internal.InternalFactoryToInitializableAdapter.provision (InternalFactoryToInitializableAdapter.java:57)
    at com.google.inject.internal.ProviderInternalFactory$1.call (ProviderInternalFactory.java:66)
    at com.google.inject.internal.ProvisionListenerStackCallback$Provision.provision (ProvisionListenerStackCallback.java:112)
    at com.google.inject.internal.ProvisionListenerStackCallback$Provision.provision (ProvisionListenerStackCallback.java:127)
    at com.google.inject.internal.ProvisionListenerStackCallback.provision (ProvisionListenerStackCallback.java:66)
    at com.google.inject.internal.ProviderInternalFactory.circularGet (ProviderInternalFactory.java:61)
    at com.google.inject.internal.InternalFactoryToInitializableAdapter.get (InternalFactoryToInitializableAdapter.java:47)
    at com.google.inject.internal.InjectorImpl$1.get (InjectorImpl.java:1094)
    at org.eclipse.sisu.inject.Guice4$1.get (Guice4.java:162)
    at org.eclipse.sisu.inject.LazyBeanEntry.getValue (LazyBeanEntry.java:81)
    at org.eclipse.sisu.plexus.LazyPlexusBean.getValue (LazyPlexusBean.java:51)
    at org.codehaus.plexus.DefaultPlexusContainer.lookup (DefaultPlexusContainer.java:263)
    at org.codehaus.plexus.DefaultPlexusContainer.lookup (DefaultPlexusContainer.java:255)
    at org.apache.maven.plugin.internal.DefaultMavenPluginManager.getConfiguredMojo (DefaultMavenPluginManager.java:520)
    at org.apache.maven.plugin.DefaultBuildPluginManager.executeMojo (DefaultBuildPluginManager.java:124)
    at org.apache.maven.lifecycle.internal.MojoExecutor.execute (MojoExecutor.java:210)
    at org.apache.maven.lifecycle.internal.MojoExecutor.execute (MojoExecutor.java:156)
    at org.apache.maven.lifecycle.internal.MojoExecutor.execute (MojoExecutor.java:148)
    at org.apache.maven.lifecycle.internal.LifecycleModuleBuilder.buildProject (LifecycleModuleBuilder.java:117)
    at org.apache.maven.lifecycle.internal.LifecycleModuleBuilder.buildProject (LifecycleModuleBuilder.java:81)
    at org.apache.maven.lifecycle.internal.builder.singlethreaded.SingleThreadedBuilder.build (SingleThreadedBuilder.java:56)
    at org.apache.maven.lifecycle.internal.LifecycleStarter.execute (LifecycleStarter.java:128)
    at org.apache.maven.DefaultMaven.doExecute (DefaultMaven.java:305)
    at org.apache.maven.DefaultMaven.doExecute (DefaultMaven.java:192)
    at org.apache.maven.DefaultMaven.execute (DefaultMaven.java:105)
    at org.apache.maven.cli.MavenCli.execute (MavenCli.java:957)
    at org.apache.maven.cli.MavenCli.doMain (MavenCli.java:289)
    at org.apache.maven.cli.MavenCli.main (MavenCli.java:193)
    at jdk.internal.reflect.NativeMethodAccessorImpl.invoke0 (Native Method)
    at jdk.internal.reflect.NativeMethodAccessorImpl.invoke (NativeMethodAccessorImpl.java:62)
    at jdk.internal.reflect.DelegatingMethodAccessorImpl.invoke (DelegatingMethodAccessorImpl.java:43)
    at java.lang.reflect.Method.invoke (Method.java:566)
    at org.codehaus.plexus.classworlds.launcher.Launcher.launchEnhanced (Launcher.java:282)
    at org.codehaus.plexus.classworlds.launcher.Launcher.launch (Launcher.java:225)
    at org.codehaus.plexus.classworlds.launcher.Launcher.mainWithExitCode (Launcher.java:406)
    at org.codehaus.plexus.classworlds.launcher.Launcher.main (Launcher.java:347)
[INFO] ------------------------------------------------------------------------
[INFO] BUILD FAILURE
[INFO] ------------------------------------------------------------------------
[INFO] Total time:  2.628 s
[INFO] Finished at: 2026-01-30T11:00:12Z
[INFO] ------------------------------------------------------------------------
[ERROR] Failed to execute goal biz.aQute.bnd:bnd-maven-plugin:7.2.1:bnd-process (default) on project gson-fire: Execution default of goal biz.aQute.bnd:bnd-maven-plugin:7.2.1:bnd-process failed: Unable to load the mojo 'bnd-process' in the plugin 'biz.aQute.bnd:bnd-maven-plugin:7.2.1' due to an API incompatibility: org.codehaus.plexus.component.repository.exception.ComponentLookupException: aQute/bnd/maven/plugin/BndMavenPlugin has been compiled by a more recent version of the Java Runtime (class file version 61.0), this version of the Java Runtime only recognizes class file versions up to 55.0
[ERROR] -----------------------------------------------------
[ERROR] realm =    plugin>biz.aQute.bnd:bnd-maven-plugin:7.2.1
[ERROR] strategy = org.codehaus.plexus.classworlds.strategy.SelfFirstStrategy
[ERROR] urls[0] = file:/home/vscode/.m2/repository/biz/aQute/bnd/bnd-maven-plugin/7.2.1/bnd-maven-plugin-7.2.1.jar
[ERROR] urls[1] = file:/home/vscode/.m2/repository/org/apache/maven/shared/maven-mapping/3.0.0/maven-mapping-3.0.0.jar
[ERROR] urls[2] = file:/home/vscode/.m2/repository/org/sonatype/aether/aether-util/1.7/aether-util-1.7.jar
[ERROR] urls[3] = file:/home/vscode/.m2/repository/org/sonatype/sisu/sisu-inject-bean/1.4.2/sisu-inject-bean-1.4.2.jar
[ERROR] urls[4] = file:/home/vscode/.m2/repository/org/sonatype/sisu/sisu-guice/2.1.7/sisu-guice-2.1.7-noaop.jar
[ERROR] urls[5] = file:/home/vscode/.m2/repository/org/codehaus/plexus/plexus-component-annotations/1.5.5/plexus-component-annotations-1.5.5.jar
[ERROR] urls[6] = file:/home/vscode/.m2/repository/org/sonatype/plexus/plexus-sec-dispatcher/1.3/plexus-sec-dispatcher-1.3.jar
[ERROR] urls[7] = file:/home/vscode/.m2/repository/org/sonatype/plexus/plexus-cipher/1.4/plexus-cipher-1.4.jar
[ERROR] urls[8] = file:/home/vscode/.m2/repository/org/codehaus/plexus/plexus-interpolation/1.21/plexus-interpolation-1.21.jar
[ERROR] urls[9] = file:/home/vscode/.m2/repository/org/codehaus/plexus/plexus-build-api/1.2.0/plexus-build-api-1.2.0.jar
[ERROR] urls[10] = file:/home/vscode/.m2/repository/org/codehaus/plexus/plexus-utils/4.0.0/plexus-utils-4.0.0.jar
[ERROR] urls[11] = file:/home/vscode/.m2/repository/org/sonatype/plexus/plexus-build-api/0.0.7/plexus-build-api-0.0.7.jar
[ERROR] urls[12] = file:/home/vscode/.m2/repository/biz/aQute/bnd/biz.aQute.bnd.maven/7.2.1/biz.aQute.bnd.maven-7.2.1.jar
[ERROR] urls[13] = file:/home/vscode/.m2/repository/org/osgi/org.osgi.dto/1.0.0/org.osgi.dto-1.0.0.jar
[ERROR] urls[14] = file:/home/vscode/.m2/repository/org/osgi/org.osgi.resource/1.0.0/org.osgi.resource-1.0.0.jar
[ERROR] urls[15] = file:/home/vscode/.m2/repository/org/osgi/org.osgi.framework/1.8.0/org.osgi.framework-1.8.0.jar
[ERROR] urls[16] = file:/home/vscode/.m2/repository/org/osgi/org.osgi.service.repository/1.1.0/org.osgi.service.repository-1.1.0.jar
[ERROR] urls[17] = file:/home/vscode/.m2/repository/org/osgi/org.osgi.util.function/1.2.0/org.osgi.util.function-1.2.0.jar
[ERROR] urls[18] = file:/home/vscode/.m2/repository/org/osgi/osgi.annotation/8.0.1/osgi.annotation-8.0.1.jar
[ERROR] urls[19] = file:/home/vscode/.m2/repository/org/osgi/org.osgi.util.promise/1.3.0/org.osgi.util.promise-1.3.0.jar
[ERROR] urls[20] = file:/home/vscode/.m2/repository/biz/aQute/bnd/biz.aQute.bnd.util/7.2.1/biz.aQute.bnd.util-7.2.1.jar
[ERROR] urls[21] = file:/home/vscode/.m2/repository/biz/aQute/bnd/biz.aQute.resolve/7.2.1/biz.aQute.resolve-7.2.1.jar
[ERROR] urls[22] = file:/home/vscode/.m2/repository/org/osgi/org.osgi.service.resolver/1.1.1/org.osgi.service.resolver-1.1.1.jar
[ERROR] urls[23] = file:/home/vscode/.m2/repository/biz/aQute/bnd/biz.aQute.repository/7.2.1/biz.aQute.repository-7.2.1.jar
[ERROR] urls[24] = file:/home/vscode/.m2/repository/org/osgi/org.osgi.service.coordinator/1.0.2/org.osgi.service.coordinator-1.0.2.jar
[ERROR] urls[25] = file:/home/vscode/.m2/repository/biz/aQute/bnd/biz.aQute.bndlib/7.2.1/biz.aQute.bndlib-7.2.1.jar
[ERROR] urls[26] = file:/home/vscode/.m2/repository/org/osgi/org.osgi.util.tracker/1.5.4/org.osgi.util.tracker-1.5.4.jar
[ERROR] urls[27] = file:/home/vscode/.m2/repository/org/osgi/org.osgi.service.log/1.3.0/org.osgi.service.log-1.3.0.jar
[ERROR] urls[28] = file:/home/vscode/.m2/repository/org/osgi/org.osgi.service.serviceloader/1.0.0/org.osgi.service.serviceloader-1.0.0.jar
[ERROR] Number of foreign imports: 1
[ERROR] import: Entry[import  from realm ClassRealm[project>io.gsonfire:gson-fire:1.8.5, parent: ClassRealm[maven.api, parent: null]]]
[ERROR] 
[ERROR] -----------------------------------------------------
[ERROR] -> [Help 1]
[ERROR] 
[ERROR] To see the full stack trace of the errors, re-run Maven with the -e switch.
[ERROR] Re-run Maven using the -X switch to enable full debug logging.
[ERROR] 
[ERROR] For more information about the errors and possible solutions, please read the following articles:
[ERROR] [Help 1] http://cwiki.apache.org/confluence/display/MAVEN/PluginContainerException
