[INFO] Scanning for projects...
[INFO] ------------------------------------------------------------------------
[INFO] Reactor Build Order:
[INFO] 
[INFO] Openhtmltopdf                                                      [pom]
[INFO] Openhtmltopdf Core Renderer                                        [jar]
[INFO] Openhtmltopdf PDF Rendering (Apache PDF-BOX 2)                     [jar]
[INFO] Openhtmltopdf slf4j Support                                        [jar]
[INFO] Openhtmltopdf RTL Support                                          [jar]
[INFO] Openhtmltopdf SVG Support                                          [jar]
[INFO] Openhtmltopdf MathML Support                                       [jar]
[INFO] Openhtmltopdf Image Rendering (Java2D)                             [jar]
[INFO] Openhtmltopdf PDF Rendering (Apache PDF-BOX 2)                     [jar]
[INFO] Openhtmltopdf Latex Math Support                                   [jar]
[INFO] Openhtmltopdf Examples                                             [jar]
[INFO] Openhtmltopdf PDF/A Testing                                        [jar]
[INFO] Openhtmltopdf Templates                                            [jar]
[INFO] 
[INFO] ---------------< com.openhtmltopdf:openhtmltopdf-parent >---------------
[INFO] Building Openhtmltopdf 1.0.5-SNAPSHOT                             [1/13]
[INFO] --------------------------------[ pom ]---------------------------------
[INFO] 
[INFO] --- maven-clean-plugin:2.5:clean (default-clean) @ openhtmltopdf-parent ---
[INFO] 
[INFO] >>> maven-source-plugin:3.0.1:jar (attach-sources) > generate-sources @ openhtmltopdf-parent >>>
[INFO] 
[INFO] <<< maven-source-plugin:3.0.1:jar (attach-sources) < generate-sources @ openhtmltopdf-parent <<<
[INFO] 
[INFO] 
[INFO] --- maven-source-plugin:3.0.1:jar (attach-sources) @ openhtmltopdf-parent ---
[INFO] 
[INFO] --- maven-javadoc-plugin:3.0.1:jar (attach-javadocs) @ openhtmltopdf-parent ---
[INFO] Not executing Javadoc as the project is not a Java classpath-capable package
[INFO] 
[INFO] ----------------< com.openhtmltopdf:openhtmltopdf-core >----------------
[INFO] Building Openhtmltopdf Core Renderer 1.0.5-SNAPSHOT               [2/13]
[INFO] --------------------------------[ jar ]---------------------------------
[INFO] 
[INFO] --- maven-clean-plugin:2.5:clean (default-clean) @ openhtmltopdf-core ---
[INFO] Deleting /workspaces/xxxx/code_cure_agent/cca_workspace/openhtmltopdf/openhtmltopdf-core/target
[INFO] 
[INFO] --- maven-resources-plugin:2.6:resources (default-resources) @ openhtmltopdf-core ---
[INFO] Using 'UTF-8' encoding to copy filtered resources.
[INFO] Copying 5 resources
[INFO] Copying 4 resources to META-INF
[INFO] 
[INFO] --- maven-compiler-plugin:3.3:compile (default-compile) @ openhtmltopdf-core ---
[INFO] Changes detected - recompiling the module!
[INFO] Compiling 267 source files to /workspaces/xxxx/code_cure_agent/cca_workspace/openhtmltopdf/openhtmltopdf-core/target/classes
[INFO] -------------------------------------------------------------
[ERROR] COMPILATION ERROR : 
[INFO] -------------------------------------------------------------
[ERROR] /workspaces/xxxx/code_cure_agent/cca_workspace/openhtmltopdf/openhtmltopdf-core/src/main/java/com/openhtmltopdf/swing/DOMInspector.java:[740,12] ')' expected
[ERROR] /workspaces/xxxx/code_cure_agent/cca_workspace/openhtmltopdf/openhtmltopdf-core/src/main/java/com/openhtmltopdf/swing/DOMInspector.java:[740,13] not a statement
[ERROR] /workspaces/xxxx/code_cure_agent/cca_workspace/openhtmltopdf/openhtmltopdf-core/src/main/java/com/openhtmltopdf/swing/DOMInspector.java:[740,17] ';' expected
[ERROR] /workspaces/xxxx/code_cure_agent/cca_workspace/openhtmltopdf/openhtmltopdf-core/src/main/java/com/openhtmltopdf/swing/DOMInspector.java:[741,2] not a statement
[ERROR] /workspaces/xxxx/code_cure_agent/cca_workspace/openhtmltopdf/openhtmltopdf-core/src/main/java/com/openhtmltopdf/swing/DOMInspector.java:[741,12] ';' expected
[ERROR] /workspaces/xxxx/code_cure_agent/cca_workspace/openhtmltopdf/openhtmltopdf-core/src/main/java/com/openhtmltopdf/swing/DOMInspector.java:[741,14] not a statement
[ERROR] /workspaces/xxxx/code_cure_agent/cca_workspace/openhtmltopdf/openhtmltopdf-core/src/main/java/com/openhtmltopdf/swing/DOMInspector.java:[741,19] ';' expected
[ERROR] /workspaces/xxxx/code_cure_agent/cca_workspace/openhtmltopdf/openhtmltopdf-core/src/main/java/com/openhtmltopdf/swing/DOMInspector.java:[741,31] '{' expected
[ERROR] /workspaces/xxxx/code_cure_agent/cca_workspace/openhtmltopdf/openhtmltopdf-core/src/main/java/com/openhtmltopdf/swing/DOMInspector.java:[742,2] illegal start of type
[ERROR] /workspaces/xxxx/code_cure_agent/cca_workspace/openhtmltopdf/openhtmltopdf-core/src/main/java/com/openhtmltopdf/swing/DOMInspector.java:[743,12] <identifier> expected
[ERROR] /workspaces/xxxx/code_cure_agent/cca_workspace/openhtmltopdf/openhtmltopdf-core/src/main/java/com/openhtmltopdf/swing/DOMInspector.java:[743,50] <identifier> expected
[ERROR] /workspaces/xxxx/code_cure_agent/cca_workspace/openhtmltopdf/openhtmltopdf-core/src/main/java/com/openhtmltopdf/swing/DOMInspector.java:[744,16] ';' expected
[ERROR] /workspaces/xxxx/code_cure_agent/cca_workspace/openhtmltopdf/openhtmltopdf-core/src/main/java/com/openhtmltopdf/swing/DOMInspector.java:[744,17] invalid method declaration; return type required
[ERROR] /workspaces/xxxx/code_cure_agent/cca_workspace/openhtmltopdf/openhtmltopdf-core/src/main/java/com/openhtmltopdf/swing/DOMInspector.java:[744,45] ',', ')', or '[' expected
[ERROR] /workspaces/xxxx/code_cure_agent/cca_workspace/openhtmltopdf/openhtmltopdf-core/src/main/java/com/openhtmltopdf/swing/DOMInspector.java:[758,42] unclosed character literal
[ERROR] /workspaces/xxxx/code_cure_agent/cca_workspace/openhtmltopdf/openhtmltopdf-core/src/main/java/com/openhtmltopdf/swing/DOMInspector.java:[764,307] ';' expected
[ERROR] /workspaces/xxxx/code_cure_agent/cca_workspace/openhtmltopdf/openhtmltopdf-core/src/main/java/com/openhtmltopdf/swing/DOMInspector.java:[764,311] <identifier> expected
[ERROR] /workspaces/xxxx/code_cure_agent/cca_workspace/openhtmltopdf/openhtmltopdf-core/src/main/java/com/openhtmltopdf/swing/DOMInspector.java:[764,322] <identifier> expected
[ERROR] /workspaces/xxxx/code_cure_agent/cca_workspace/openhtmltopdf/openhtmltopdf-core/src/main/java/com/openhtmltopdf/swing/DOMInspector.java:[764,337] ';' expected
[ERROR] /workspaces/xxxx/code_cure_agent/cca_workspace/openhtmltopdf/openhtmltopdf-core/src/main/java/com/openhtmltopdf/swing/DOMInspector.java:[764,344] ';' expected
[ERROR] /workspaces/xxxx/code_cure_agent/cca_workspace/openhtmltopdf/openhtmltopdf-core/src/main/java/com/openhtmltopdf/swing/DOMInspector.java:[764,358] ';' expected
[ERROR] /workspaces/xxxx/code_cure_agent/cca_workspace/openhtmltopdf/openhtmltopdf-core/src/main/java/com/openhtmltopdf/swing/DOMInspector.java:[764,364] ';' expected
[ERROR] /workspaces/xxxx/code_cure_agent/cca_workspace/openhtmltopdf/openhtmltopdf-core/src/main/java/com/openhtmltopdf/swing/DOMInspector.java:[764,379] ';' expected
[ERROR] /workspaces/xxxx/code_cure_agent/cca_workspace/openhtmltopdf/openhtmltopdf-core/src/main/java/com/openhtmltopdf/swing/DOMInspector.java:[764,388] ';' expected
[ERROR] /workspaces/xxxx/code_cure_agent/cca_workspace/openhtmltopdf/openhtmltopdf-core/src/main/java/com/openhtmltopdf/swing/DOMInspector.java:[766,12] <identifier> expected
[ERROR] /workspaces/xxxx/code_cure_agent/cca_workspace/openhtmltopdf/openhtmltopdf-core/src/main/java/com/openhtmltopdf/swing/DOMInspector.java:[766,49] <identifier> expected
[ERROR] /workspaces/xxxx/code_cure_agent/cca_workspace/openhtmltopdf/openhtmltopdf-core/src/main/java/com/openhtmltopdf/swing/DOMInspector.java:[767,25] ';' expected
[ERROR] /workspaces/xxxx/code_cure_agent/cca_workspace/openhtmltopdf/openhtmltopdf-core/src/main/java/com/openhtmltopdf/swing/DOMInspector.java:[767,34] <identifier> expected
[ERROR] /workspaces/xxxx/code_cure_agent/cca_workspace/openhtmltopdf/openhtmltopdf-core/src/main/java/com/openhtmltopdf/swing/DOMInspector.java:[767,49] ';' expected
[ERROR] /workspaces/xxxx/code_cure_agent/cca_workspace/openhtmltopdf/openhtmltopdf-core/src/main/java/com/openhtmltopdf/swing/DOMInspector.java:[767,70] ';' expected
[ERROR] /workspaces/xxxx/code_cure_agent/cca_workspace/openhtmltopdf/openhtmltopdf-core/src/main/java/com/openhtmltopdf/swing/DOMInspector.java:[767,84] <identifier> expected
[ERROR] /workspaces/xxxx/code_cure_agent/cca_workspace/openhtmltopdf/openhtmltopdf-core/src/main/java/com/openhtmltopdf/swing/DOMInspector.java:[767,89] ';' expected
[ERROR] /workspaces/xxxx/code_cure_agent/cca_workspace/openhtmltopdf/openhtmltopdf-core/src/main/java/com/openhtmltopdf/swing/DOMInspector.java:[767,100] ';' expected
[ERROR] /workspaces/xxxx/code_cure_agent/cca_workspace/openhtmltopdf/openhtmltopdf-core/src/main/java/com/openhtmltopdf/swing/DOMInspector.java:[767,126] ';' expected
[ERROR] /workspaces/xxxx/code_cure_agent/cca_workspace/openhtmltopdf/openhtmltopdf-core/src/main/java/com/openhtmltopdf/swing/DOMInspector.java:[767,140] ';' expected
[ERROR] /workspaces/xxxx/code_cure_agent/cca_workspace/openhtmltopdf/openhtmltopdf-core/src/main/java/com/openhtmltopdf/swing/DOMInspector.java:[767,149] ';' expected
[ERROR] /workspaces/xxxx/code_cure_agent/cca_workspace/openhtmltopdf/openhtmltopdf-core/src/main/java/com/openhtmltopdf/swing/DOMInspector.java:[767,153] invalid method declaration; return type required
[ERROR] /workspaces/xxxx/code_cure_agent/cca_workspace/openhtmltopdf/openhtmltopdf-core/src/main/java/com/openhtmltopdf/swing/DOMInspector.java:[767,177] <identifier> expected
[ERROR] /workspaces/xxxx/code_cure_agent/cca_workspace/openhtmltopdf/openhtmltopdf-core/src/main/java/com/openhtmltopdf/swing/DOMInspector.java:[767,178] ';' expected
[ERROR] /workspaces/xxxx/code_cure_agent/cca_workspace/openhtmltopdf/openhtmltopdf-core/src/main/java/com/openhtmltopdf/swing/DOMInspector.java:[779,21] unclosed character literal
[ERROR] /workspaces/xxxx/code_cure_agent/cca_workspace/openhtmltopdf/openhtmltopdf-core/src/main/java/com/openhtmltopdf/swing/DOMInspector.java:[779,125] '{' expected
[ERROR] /workspaces/xxxx/code_cure_agent/cca_workspace/openhtmltopdf/openhtmltopdf-core/src/main/java/com/openhtmltopdf/swing/DOMInspector.java:[800,4] reached end of file while parsing
[INFO] 42 errors 
[INFO] -------------------------------------------------------------
[INFO] ------------------------------------------------------------------------
[INFO] Reactor Summary for Openhtmltopdf 1.0.5-SNAPSHOT:
[INFO] 
[INFO] Openhtmltopdf ...................................... SUCCESS [  0.914 s]
[INFO] Openhtmltopdf Core Renderer ........................ FAILURE [  0.961 s]
[INFO] Openhtmltopdf PDF Rendering (Apache PDF-BOX 2) ..... SKIPPED
[INFO] Openhtmltopdf slf4j Support ........................ SKIPPED
[INFO] Openhtmltopdf RTL Support .......................... SKIPPED
[INFO] Openhtmltopdf SVG Support .......................... SKIPPED
[INFO] Openhtmltopdf MathML Support ....................... SKIPPED
[INFO] Openhtmltopdf Image Rendering (Java2D) ............. SKIPPED
[INFO] Openhtmltopdf PDF Rendering (Apache PDF-BOX 2) ..... SKIPPED
[INFO] Openhtmltopdf Latex Math Support ................... SKIPPED
[INFO] Openhtmltopdf Examples ............................. SKIPPED
[INFO] Openhtmltopdf PDF/A Testing ........................ SKIPPED
[INFO] Openhtmltopdf Templates ............................ SKIPPED
[INFO] ------------------------------------------------------------------------
[INFO] BUILD FAILURE
[INFO] ------------------------------------------------------------------------
[INFO] Total time:  2.016 s
[INFO] Finished at: 2025-08-21T14:19:45Z
[INFO] ------------------------------------------------------------------------
[ERROR] Failed to execute goal org.apache.maven.plugins:maven-compiler-plugin:3.3:compile (default-compile) on project openhtmltopdf-core: Compilation failure: Compilation failure: 
[ERROR] /workspaces/xxxx/code_cure_agent/cca_workspace/openhtmltopdf/openhtmltopdf-core/src/main/java/com/openhtmltopdf/swing/DOMInspector.java:[740,12] ')' expected
[ERROR] /workspaces/xxxx/code_cure_agent/cca_workspace/openhtmltopdf/openhtmltopdf-core/src/main/java/com/openhtmltopdf/swing/DOMInspector.java:[740,13] not a statement
[ERROR] /workspaces/xxxx/code_cure_agent/cca_workspace/openhtmltopdf/openhtmltopdf-core/src/main/java/com/openhtmltopdf/swing/DOMInspector.java:[740,17] ';' expected
[ERROR] /workspaces/xxxx/code_cure_agent/cca_workspace/openhtmltopdf/openhtmltopdf-core/src/main/java/com/openhtmltopdf/swing/DOMInspector.java:[741,2] not a statement
[ERROR] /workspaces/xxxx/code_cure_agent/cca_workspace/openhtmltopdf/openhtmltopdf-core/src/main/java/com/openhtmltopdf/swing/DOMInspector.java:[741,12] ';' expected
[ERROR] /workspaces/xxxx/code_cure_agent/cca_workspace/openhtmltopdf/openhtmltopdf-core/src/main/java/com/openhtmltopdf/swing/DOMInspector.java:[741,14] not a statement
[ERROR] /workspaces/xxxx/code_cure_agent/cca_workspace/openhtmltopdf/openhtmltopdf-core/src/main/java/com/openhtmltopdf/swing/DOMInspector.java:[741,19] ';' expected
[ERROR] /workspaces/xxxx/code_cure_agent/cca_workspace/openhtmltopdf/openhtmltopdf-core/src/main/java/com/openhtmltopdf/swing/DOMInspector.java:[741,31] '{' expected
[ERROR] /workspaces/xxxx/code_cure_agent/cca_workspace/openhtmltopdf/openhtmltopdf-core/src/main/java/com/openhtmltopdf/swing/DOMInspector.java:[742,2] illegal start of type
[ERROR] /workspaces/xxxx/code_cure_agent/cca_workspace/openhtmltopdf/openhtmltopdf-core/src/main/java/com/openhtmltopdf/swing/DOMInspector.java:[743,12] <identifier> expected
[ERROR] /workspaces/xxxx/code_cure_agent/cca_workspace/openhtmltopdf/openhtmltopdf-core/src/main/java/com/openhtmltopdf/swing/DOMInspector.java:[743,50] <identifier> expected
[ERROR] /workspaces/xxxx/code_cure_agent/cca_workspace/openhtmltopdf/openhtmltopdf-core/src/main/java/com/openhtmltopdf/swing/DOMInspector.java:[744,16] ';' expected
[ERROR] /workspaces/xxxx/code_cure_agent/cca_workspace/openhtmltopdf/openhtmltopdf-core/src/main/java/com/openhtmltopdf/swing/DOMInspector.java:[744,17] invalid method declaration; return type required
[ERROR] /workspaces/xxxx/code_cure_agent/cca_workspace/openhtmltopdf/openhtmltopdf-core/src/main/java/com/openhtmltopdf/swing/DOMInspector.java:[744,45] ',', ')', or '[' expected
[ERROR] /workspaces/xxxx/code_cure_agent/cca_workspace/openhtmltopdf/openhtmltopdf-core/src/main/java/com/openhtmltopdf/swing/DOMInspector.java:[758,42] unclosed character literal
[ERROR] /workspaces/xxxx/code_cure_agent/cca_workspace/openhtmltopdf/openhtmltopdf-core/src/main/java/com/openhtmltopdf/swing/DOMInspector.java:[764,307] ';' expected
[ERROR] /workspaces/xxxx/code_cure_agent/cca_workspace/openhtmltopdf/openhtmltopdf-core/src/main/java/com/openhtmltopdf/swing/DOMInspector.java:[764,311] <identifier> expected
[ERROR] /workspaces/xxxx/code_cure_agent/cca_workspace/openhtmltopdf/openhtmltopdf-core/src/main/java/com/openhtmltopdf/swing/DOMInspector.java:[764,322] <identifier> expected
[ERROR] /workspaces/xxxx/code_cure_agent/cca_workspace/openhtmltopdf/openhtmltopdf-core/src/main/java/com/openhtmltopdf/swing/DOMInspector.java:[764,337] ';' expected
[ERROR] /workspaces/xxxx/code_cure_agent/cca_workspace/openhtmltopdf/openhtmltopdf-core/src/main/java/com/openhtmltopdf/swing/DOMInspector.java:[764,344] ';' expected
[ERROR] /workspaces/xxxx/code_cure_agent/cca_workspace/openhtmltopdf/openhtmltopdf-core/src/main/java/com/openhtmltopdf/swing/DOMInspector.java:[764,358] ';' expected
[ERROR] /workspaces/xxxx/code_cure_agent/cca_workspace/openhtmltopdf/openhtmltopdf-core/src/main/java/com/openhtmltopdf/swing/DOMInspector.java:[764,364] ';' expected
[ERROR] /workspaces/xxxx/code_cure_agent/cca_workspace/openhtmltopdf/openhtmltopdf-core/src/main/java/com/openhtmltopdf/swing/DOMInspector.java:[764,379] ';' expected
[ERROR] /workspaces/xxxx/code_cure_agent/cca_workspace/openhtmltopdf/openhtmltopdf-core/src/main/java/com/openhtmltopdf/swing/DOMInspector.java:[764,388] ';' expected
[ERROR] /workspaces/xxxx/code_cure_agent/cca_workspace/openhtmltopdf/openhtmltopdf-core/src/main/java/com/openhtmltopdf/swing/DOMInspector.java:[766,12] <identifier> expected
[ERROR] /workspaces/xxxx/code_cure_agent/cca_workspace/openhtmltopdf/openhtmltopdf-core/src/main/java/com/openhtmltopdf/swing/DOMInspector.java:[766,49] <identifier> expected
[ERROR] /workspaces/xxxx/code_cure_agent/cca_workspace/openhtmltopdf/openhtmltopdf-core/src/main/java/com/openhtmltopdf/swing/DOMInspector.java:[767,25] ';' expected
[ERROR] /workspaces/xxxx/code_cure_agent/cca_workspace/openhtmltopdf/openhtmltopdf-core/src/main/java/com/openhtmltopdf/swing/DOMInspector.java:[767,34] <identifier> expected
[ERROR] /workspaces/xxxx/code_cure_agent/cca_workspace/openhtmltopdf/openhtmltopdf-core/src/main/java/com/openhtmltopdf/swing/DOMInspector.java:[767,49] ';' expected
[ERROR] /workspaces/xxxx/code_cure_agent/cca_workspace/openhtmltopdf/openhtmltopdf-core/src/main/java/com/openhtmltopdf/swing/DOMInspector.java:[767,70] ';' expected
[ERROR] /workspaces/xxxx/code_cure_agent/cca_workspace/openhtmltopdf/openhtmltopdf-core/src/main/java/com/openhtmltopdf/swing/DOMInspector.java:[767,84] <identifier> expected
[ERROR] /workspaces/xxxx/code_cure_agent/cca_workspace/openhtmltopdf/openhtmltopdf-core/src/main/java/com/openhtmltopdf/swing/DOMInspector.java:[767,89] ';' expected
[ERROR] /workspaces/xxxx/code_cure_agent/cca_workspace/openhtmltopdf/openhtmltopdf-core/src/main/java/com/openhtmltopdf/swing/DOMInspector.java:[767,100] ';' expected
[ERROR] /workspaces/xxxx/code_cure_agent/cca_workspace/openhtmltopdf/openhtmltopdf-core/src/main/java/com/openhtmltopdf/swing/DOMInspector.java:[767,126] ';' expected
[ERROR] /workspaces/xxxx/code_cure_agent/cca_workspace/openhtmltopdf/openhtmltopdf-core/src/main/java/com/openhtmltopdf/swing/DOMInspector.java:[767,140] ';' expected
[ERROR] /workspaces/xxxx/code_cure_agent/cca_workspace/openhtmltopdf/openhtmltopdf-core/src/main/java/com/openhtmltopdf/swing/DOMInspector.java:[767,149] ';' expected
[ERROR] /workspaces/xxxx/code_cure_agent/cca_workspace/openhtmltopdf/openhtmltopdf-core/src/main/java/com/openhtmltopdf/swing/DOMInspector.java:[767,153] invalid method declaration; return type required
[ERROR] /workspaces/xxxx/code_cure_agent/cca_workspace/openhtmltopdf/openhtmltopdf-core/src/main/java/com/openhtmltopdf/swing/DOMInspector.java:[767,177] <identifier> expected
[ERROR] /workspaces/xxxx/code_cure_agent/cca_workspace/openhtmltopdf/openhtmltopdf-core/src/main/java/com/openhtmltopdf/swing/DOMInspector.java:[767,178] ';' expected
[ERROR] /workspaces/xxxx/code_cure_agent/cca_workspace/openhtmltopdf/openhtmltopdf-core/src/main/java/com/openhtmltopdf/swing/DOMInspector.java:[779,21] unclosed character literal
[ERROR] /workspaces/xxxx/code_cure_agent/cca_workspace/openhtmltopdf/openhtmltopdf-core/src/main/java/com/openhtmltopdf/swing/DOMInspector.java:[779,125] '{' expected
[ERROR] /workspaces/xxxx/code_cure_agent/cca_workspace/openhtmltopdf/openhtmltopdf-core/src/main/java/com/openhtmltopdf/swing/DOMInspector.java:[800,4] reached end of file while parsing
[ERROR] -> [Help 1]
[ERROR] 
[ERROR] To see the full stack trace of the errors, re-run Maven with the -e switch.
[ERROR] Re-run Maven using the -X switch to enable full debug logging.
[ERROR] 
[ERROR] For more information about the errors and possible solutions, please read the following articles:
[ERROR] [Help 1] http://cwiki.apache.org/confluence/display/MAVEN/MojoFailureException
[ERROR] 
[ERROR] After correcting the problems, you can resume the build with the command
[ERROR]   mvn <args> -rf :openhtmltopdf-core
