[INFO] Scanning for projects...
[INFO] ------------------------------------------------------------------------
[INFO] Reactor Build Order:
[INFO] 
[INFO] Openhtmltopdf                                                      [pom]
[INFO] Openhtmltopdf Core Renderer                                        [jar]
[INFO] Openhtmltopdf PDF Rendering (Apache PDF-BOX 2)                     [jar]
[INFO] Openhtmltopdf slf4j Support                                        [jar]
[INFO] Openhtmltopdf RTL Support                                          [jar]
[INFO] Openhtmltopdf SVG Support                                          [jar]
[INFO] Openhtmltopdf MathML Support                                       [jar]
[INFO] Openhtmltopdf Image Rendering (Java2D)                             [jar]
[INFO] Openhtmltopdf PDF Rendering (Apache PDF-BOX 2)                     [jar]
[INFO] Openhtmltopdf Latex Math Support                                   [jar]
[INFO] Openhtmltopdf Examples                                             [jar]
[INFO] Openhtmltopdf PDF/A Testing                                        [jar]
[INFO] Openhtmltopdf Templates                                            [jar]
[INFO] 
[INFO] ---------------< com.openhtmltopdf:openhtmltopdf-parent >---------------
[INFO] Building Openhtmltopdf 1.0.5-SNAPSHOT                             [1/13]
[INFO] --------------------------------[ pom ]---------------------------------
[INFO] 
[INFO] --- maven-clean-plugin:2.5:clean (default-clean) @ openhtmltopdf-parent ---
[INFO] 
[INFO] >>> maven-source-plugin:3.0.1:jar (attach-sources) > generate-sources @ openhtmltopdf-parent >>>
[INFO] 
[INFO] <<< maven-source-plugin:3.0.1:jar (attach-sources) < generate-sources @ openhtmltopdf-parent <<<
[INFO] 
[INFO] 
[INFO] --- maven-source-plugin:3.0.1:jar (attach-sources) @ openhtmltopdf-parent ---
[INFO] 
[INFO] --- maven-javadoc-plugin:3.0.1:jar (attach-javadocs) @ openhtmltopdf-parent ---
[INFO] Not executing Javadoc as the project is not a Java classpath-capable package
[INFO] 
[INFO] ----------------< com.openhtmltopdf:openhtmltopdf-core >----------------
[INFO] Building Openhtmltopdf Core Renderer 1.0.5-SNAPSHOT               [2/13]
[INFO] --------------------------------[ jar ]---------------------------------
[INFO] 
[INFO] --- maven-clean-plugin:2.5:clean (default-clean) @ openhtmltopdf-core ---
[INFO] 
[INFO] --- maven-resources-plugin:2.6:resources (default-resources) @ openhtmltopdf-core ---
[INFO] Using 'UTF-8' encoding to copy filtered resources.
[INFO] Copying 5 resources
[INFO] Copying 4 resources to META-INF
[INFO] 
[INFO] --- maven-compiler-plugin:3.3:compile (default-compile) @ openhtmltopdf-core ---
[INFO] Changes detected - recompiling the module!
[INFO] Compiling 267 source files to /workspaces/CodeCureAgent/code_cure_agent/cca_workspace_2/openhtmltopdf/openhtmltopdf-core/target/classes
[INFO] -------------------------------------------------------------
[ERROR] COMPILATION ERROR : 
[INFO] -------------------------------------------------------------
[ERROR] /workspaces/CodeCureAgent/code_cure_agent/cca_workspace_2/openhtmltopdf/openhtmltopdf-core/src/main/java/com/openhtmltopdf/newtable/TableBox.java:[1,13] class, interface, or enum expected
[ERROR] /workspaces/CodeCureAgent/code_cure_agent/cca_workspace_2/openhtmltopdf/openhtmltopdf-core/src/main/java/com/openhtmltopdf/newtable/TableBox.java:[4,9] class, interface, or enum expected
[ERROR] /workspaces/CodeCureAgent/code_cure_agent/cca_workspace_2/openhtmltopdf/openhtmltopdf-core/src/main/java/com/openhtmltopdf/newtable/TableBox.java:[7,9] class, interface, or enum expected
[ERROR] /workspaces/CodeCureAgent/code_cure_agent/cca_workspace_2/openhtmltopdf/openhtmltopdf-core/src/main/java/com/openhtmltopdf/newtable/TableBox.java:[9,9] class, interface, or enum expected
[ERROR] /workspaces/CodeCureAgent/code_cure_agent/cca_workspace_2/openhtmltopdf/openhtmltopdf-core/src/main/java/com/openhtmltopdf/newtable/TableBox.java:[12,9] class, interface, or enum expected
[ERROR] /workspaces/CodeCureAgent/code_cure_agent/cca_workspace_2/openhtmltopdf/openhtmltopdf-core/src/main/java/com/openhtmltopdf/newtable/TableBox.java:[14,9] class, interface, or enum expected
[ERROR] /workspaces/CodeCureAgent/code_cure_agent/cca_workspace_2/openhtmltopdf/openhtmltopdf-core/src/main/java/com/openhtmltopdf/newtable/TableBox.java:[18,9] class, interface, or enum expected
[ERROR] /workspaces/CodeCureAgent/code_cure_agent/cca_workspace_2/openhtmltopdf/openhtmltopdf-core/src/main/java/com/openhtmltopdf/newtable/TableBox.java:[19,9] class, interface, or enum expected
[ERROR] /workspaces/CodeCureAgent/code_cure_agent/cca_workspace_2/openhtmltopdf/openhtmltopdf-core/src/main/java/com/openhtmltopdf/newtable/TableBox.java:[21,9] class, interface, or enum expected
[ERROR] /workspaces/CodeCureAgent/code_cure_agent/cca_workspace_2/openhtmltopdf/openhtmltopdf-core/src/main/java/com/openhtmltopdf/newtable/TableBox.java:[23,13] class, interface, or enum expected
[ERROR] /workspaces/CodeCureAgent/code_cure_agent/cca_workspace_2/openhtmltopdf/openhtmltopdf-core/src/main/java/com/openhtmltopdf/newtable/TableBox.java:[24,13] class, interface, or enum expected
[ERROR] /workspaces/CodeCureAgent/code_cure_agent/cca_workspace_2/openhtmltopdf/openhtmltopdf-core/src/main/java/com/openhtmltopdf/newtable/TableBox.java:[25,13] class, interface, or enum expected
[ERROR] /workspaces/CodeCureAgent/code_cure_agent/cca_workspace_2/openhtmltopdf/openhtmltopdf-core/src/main/java/com/openhtmltopdf/newtable/TableBox.java:[26,9] class, interface, or enum expected
[ERROR] /workspaces/CodeCureAgent/code_cure_agent/cca_workspace_2/openhtmltopdf/openhtmltopdf-core/src/main/java/com/openhtmltopdf/newtable/TableBox.java:[31,9] class, interface, or enum expected
[ERROR] /workspaces/CodeCureAgent/code_cure_agent/cca_workspace_2/openhtmltopdf/openhtmltopdf-core/src/main/java/com/openhtmltopdf/newtable/TableBox.java:[31,86] <identifier> expected
[ERROR] /workspaces/CodeCureAgent/code_cure_agent/cca_workspace_2/openhtmltopdf/openhtmltopdf-core/src/main/java/com/openhtmltopdf/newtable/TableBox.java:[31,98] <identifier> expected
[ERROR] /workspaces/CodeCureAgent/code_cure_agent/cca_workspace_2/openhtmltopdf/openhtmltopdf-core/src/main/java/com/openhtmltopdf/newtable/TableBox.java:[31,102] illegal start of type
[ERROR] /workspaces/CodeCureAgent/code_cure_agent/cca_workspace_2/openhtmltopdf/openhtmltopdf-core/src/main/java/com/openhtmltopdf/newtable/TableBox.java:[39,9] illegal start of type
[ERROR] /workspaces/CodeCureAgent/code_cure_agent/cca_workspace_2/openhtmltopdf/openhtmltopdf-core/src/main/java/com/openhtmltopdf/newtable/TableBox.java:[39,21] <identifier> expected
[INFO] 19 errors 
[INFO] -------------------------------------------------------------
[INFO] ------------------------------------------------------------------------
[INFO] Reactor Summary for Openhtmltopdf 1.0.5-SNAPSHOT:
[INFO] 
[INFO] Openhtmltopdf ...................................... SUCCESS [  1.001 s]
[INFO] Openhtmltopdf Core Renderer ........................ FAILURE [  1.073 s]
[INFO] Openhtmltopdf PDF Rendering (Apache PDF-BOX 2) ..... SKIPPED
[INFO] Openhtmltopdf slf4j Support ........................ SKIPPED
[INFO] Openhtmltopdf RTL Support .......................... SKIPPED
[INFO] Openhtmltopdf SVG Support .......................... SKIPPED
[INFO] Openhtmltopdf MathML Support ....................... SKIPPED
[INFO] Openhtmltopdf Image Rendering (Java2D) ............. SKIPPED
[INFO] Openhtmltopdf PDF Rendering (Apache PDF-BOX 2) ..... SKIPPED
[INFO] Openhtmltopdf Latex Math Support ................... SKIPPED
[INFO] Openhtmltopdf Examples ............................. SKIPPED
[INFO] Openhtmltopdf PDF/A Testing ........................ SKIPPED
[INFO] Openhtmltopdf Templates ............................ SKIPPED
[INFO] ------------------------------------------------------------------------
[INFO] BUILD FAILURE
[INFO] ------------------------------------------------------------------------
[INFO] Total time:  2.246 s
[INFO] Finished at: 2026-01-29T16:56:48Z
[INFO] ------------------------------------------------------------------------
[ERROR] Failed to execute goal org.apache.maven.plugins:maven-compiler-plugin:3.3:compile (default-compile) on project openhtmltopdf-core: Compilation failure: Compilation failure: 
[ERROR] /workspaces/CodeCureAgent/code_cure_agent/cca_workspace_2/openhtmltopdf/openhtmltopdf-core/src/main/java/com/openhtmltopdf/newtable/TableBox.java:[1,13] class, interface, or enum expected
[ERROR] /workspaces/CodeCureAgent/code_cure_agent/cca_workspace_2/openhtmltopdf/openhtmltopdf-core/src/main/java/com/openhtmltopdf/newtable/TableBox.java:[4,9] class, interface, or enum expected
[ERROR] /workspaces/CodeCureAgent/code_cure_agent/cca_workspace_2/openhtmltopdf/openhtmltopdf-core/src/main/java/com/openhtmltopdf/newtable/TableBox.java:[7,9] class, interface, or enum expected
[ERROR] /workspaces/CodeCureAgent/code_cure_agent/cca_workspace_2/openhtmltopdf/openhtmltopdf-core/src/main/java/com/openhtmltopdf/newtable/TableBox.java:[9,9] class, interface, or enum expected
[ERROR] /workspaces/CodeCureAgent/code_cure_agent/cca_workspace_2/openhtmltopdf/openhtmltopdf-core/src/main/java/com/openhtmltopdf/newtable/TableBox.java:[12,9] class, interface, or enum expected
[ERROR] /workspaces/CodeCureAgent/code_cure_agent/cca_workspace_2/openhtmltopdf/openhtmltopdf-core/src/main/java/com/openhtmltopdf/newtable/TableBox.java:[14,9] class, interface, or enum expected
[ERROR] /workspaces/CodeCureAgent/code_cure_agent/cca_workspace_2/openhtmltopdf/openhtmltopdf-core/src/main/java/com/openhtmltopdf/newtable/TableBox.java:[18,9] class, interface, or enum expected
[ERROR] /workspaces/CodeCureAgent/code_cure_agent/cca_workspace_2/openhtmltopdf/openhtmltopdf-core/src/main/java/com/openhtmltopdf/newtable/TableBox.java:[19,9] class, interface, or enum expected
[ERROR] /workspaces/CodeCureAgent/code_cure_agent/cca_workspace_2/openhtmltopdf/openhtmltopdf-core/src/main/java/com/openhtmltopdf/newtable/TableBox.java:[21,9] class, interface, or enum expected
[ERROR] /workspaces/CodeCureAgent/code_cure_agent/cca_workspace_2/openhtmltopdf/openhtmltopdf-core/src/main/java/com/openhtmltopdf/newtable/TableBox.java:[23,13] class, interface, or enum expected
[ERROR] /workspaces/CodeCureAgent/code_cure_agent/cca_workspace_2/openhtmltopdf/openhtmltopdf-core/src/main/java/com/openhtmltopdf/newtable/TableBox.java:[24,13] class, interface, or enum expected
[ERROR] /workspaces/CodeCureAgent/code_cure_agent/cca_workspace_2/openhtmltopdf/openhtmltopdf-core/src/main/java/com/openhtmltopdf/newtable/TableBox.java:[25,13] class, interface, or enum expected
[ERROR] /workspaces/CodeCureAgent/code_cure_agent/cca_workspace_2/openhtmltopdf/openhtmltopdf-core/src/main/java/com/openhtmltopdf/newtable/TableBox.java:[26,9] class, interface, or enum expected
[ERROR] /workspaces/CodeCureAgent/code_cure_agent/cca_workspace_2/openhtmltopdf/openhtmltopdf-core/src/main/java/com/openhtmltopdf/newtable/TableBox.java:[31,9] class, interface, or enum expected
[ERROR] /workspaces/CodeCureAgent/code_cure_agent/cca_workspace_2/openhtmltopdf/openhtmltopdf-core/src/main/java/com/openhtmltopdf/newtable/TableBox.java:[31,86] <identifier> expected
[ERROR] /workspaces/CodeCureAgent/code_cure_agent/cca_workspace_2/openhtmltopdf/openhtmltopdf-core/src/main/java/com/openhtmltopdf/newtable/TableBox.java:[31,98] <identifier> expected
[ERROR] /workspaces/CodeCureAgent/code_cure_agent/cca_workspace_2/openhtmltopdf/openhtmltopdf-core/src/main/java/com/openhtmltopdf/newtable/TableBox.java:[31,102] illegal start of type
[ERROR] /workspaces/CodeCureAgent/code_cure_agent/cca_workspace_2/openhtmltopdf/openhtmltopdf-core/src/main/java/com/openhtmltopdf/newtable/TableBox.java:[39,9] illegal start of type
[ERROR] /workspaces/CodeCureAgent/code_cure_agent/cca_workspace_2/openhtmltopdf/openhtmltopdf-core/src/main/java/com/openhtmltopdf/newtable/TableBox.java:[39,21] <identifier> expected
[ERROR] -> [Help 1]
[ERROR] 
[ERROR] To see the full stack trace of the errors, re-run Maven with the -e switch.
[ERROR] Re-run Maven using the -X switch to enable full debug logging.
[ERROR] 
[ERROR] For more information about the errors and possible solutions, please read the following articles:
[ERROR] [Help 1] http://cwiki.apache.org/confluence/display/MAVEN/MojoFailureException
[ERROR] 
[ERROR] After correcting the problems, you can resume the build with the command
[ERROR]   mvn <args> -rf :openhtmltopdf-core
