[INFO] Scanning for projects...
[INFO] 
[INFO] ----------------------< com.github.wmixvideo:nfe >----------------------
[INFO] Building nfe 3.0.27-SNAPSHOT
[INFO] --------------------------------[ jar ]---------------------------------
[INFO] 
[INFO] --- maven-clean-plugin:2.5:clean (default-clean) @ nfe ---
[INFO] 
[INFO] --- jacoco-maven-plugin:0.8.6:prepare-agent (prepare-agent) @ nfe ---
[INFO] argLine set to -javaagent:/home/vscode/.m2/repository/org/jacoco/org.jacoco.agent/0.8.6/org.jacoco.agent-0.8.6-runtime.jar=destfile=/workspaces/CodeCureAgent/code_cure_agent/cca_workspace_3/nfe/target/jacoco.exec,excludes=**/webservices/**/*
[INFO] 
[INFO] --- maven-resources-plugin:2.6:resources (default-resources) @ nfe ---
[INFO] Using 'UTF-8' encoding to copy filtered resources.
[INFO] Copying 444 resources
[INFO] Copying 0 resource
[INFO] 
[INFO] --- maven-compiler-plugin:3.8.1:compile (default-compile) @ nfe ---
[INFO] Changes detected - recompiling the module!
[INFO] Compiling 1032 source files to /workspaces/CodeCureAgent/code_cure_agent/cca_workspace_3/nfe/target/classes
[INFO] -------------------------------------------------------------
[ERROR] COMPILATION ERROR : 
[INFO] -------------------------------------------------------------
[ERROR] /workspaces/CodeCureAgent/code_cure_agent/cca_workspace_3/nfe/src/main/java/com/fincatto/documentofiscal/nfe310/webservices/nota/consulta/NfeConsulta2Stub.java:[579,69] cannot find symbol
  symbol:   method getTypeObject(java.lang.String,java.lang.String,javax.xml.stream.XMLStreamReader)
  location: class com.fincatto.documentofiscal.nfe310.webservices.nota.consulta.NfeConsulta2Stub.ExtensionMapper
[ERROR] /workspaces/CodeCureAgent/code_cure_agent/cca_workspace_3/nfe/src/main/java/com/fincatto/documentofiscal/nfe310/webservices/nota/consulta/NfeConsulta2Stub.java:[640,19] com.fincatto.documentofiscal.nfe310.webservices.nota.consulta.NfeConsulta2Stub.NfeConsultaNF2Result is not abstract and does not override abstract method serialize(javax.xml.namespace.QName,javax.xml.stream.XMLStreamWriter,boolean) in org.apache.axis2.databinding.ADBBean
[ERROR] /workspaces/CodeCureAgent/code_cure_agent/cca_workspace_3/nfe/src/main/java/com/fincatto/documentofiscal/nfe310/webservices/nota/consulta/NfeConsulta2Stub.java:[644,19] com.fincatto.documentofiscal.nfe310.webservices.nota.consulta.NfeConsulta2Stub.NfeCabecMsgE is not abstract and does not override abstract method serialize(javax.xml.namespace.QName,javax.xml.stream.XMLStreamWriter,boolean) in org.apache.axis2.databinding.ADBBean
[ERROR] /workspaces/CodeCureAgent/code_cure_agent/cca_workspace_3/nfe/src/main/java/com/fincatto/documentofiscal/nfe310/webservices/nota/consulta/NfeConsulta2Stub.java:[652,19] com.fincatto.documentofiscal.nfe310.webservices.nota.consulta.NfeConsulta2Stub.NfeDadosMsg is not abstract and does not override abstract method serialize(javax.xml.namespace.QName,javax.xml.stream.XMLStreamWriter,boolean) in org.apache.axis2.databinding.ADBBean
[ERROR] /workspaces/CodeCureAgent/code_cure_agent/cca_workspace_3/nfe/src/main/java/com/fincatto/documentofiscal/nfe310/webservices/nota/consulta/NfeConsulta2Stub.java:[658,63] cannot find symbol
  symbol:   variable MY_QNAME
  location: class com.fincatto.documentofiscal.nfe310.webservices.nota.consulta.NfeConsulta2Stub.NfeDadosMsg
[ERROR] /workspaces/CodeCureAgent/code_cure_agent/cca_workspace_3/nfe/src/main/java/com/fincatto/documentofiscal/nfe310/webservices/nota/consulta/NfeConsulta2Stub.java:[666,72] cannot find symbol
  symbol:   variable MY_QNAME
  location: class com.fincatto.documentofiscal.nfe310.webservices.nota.consulta.NfeConsulta2Stub.NfeConsultaNF2Result
[ERROR] /workspaces/CodeCureAgent/code_cure_agent/cca_workspace_3/nfe/src/main/java/com/fincatto/documentofiscal/nfe310/webservices/nota/consulta/NfeConsulta2Stub.java:[674,64] cannot find symbol
  symbol:   variable MY_QNAME
  location: class com.fincatto.documentofiscal.nfe310.webservices.nota.consulta.NfeConsulta2Stub.NfeCabecMsgE
[ERROR] /workspaces/CodeCureAgent/code_cure_agent/cca_workspace_3/nfe/src/main/java/com/fincatto/documentofiscal/nfe310/webservices/nota/consulta/NfeConsulta2Stub.java:[683,89] cannot find symbol
  symbol:   variable MY_QNAME
  location: class com.fincatto.documentofiscal.nfe310.webservices.nota.consulta.NfeConsulta2Stub.NfeDadosMsg
[ERROR] /workspaces/CodeCureAgent/code_cure_agent/cca_workspace_3/nfe/src/main/java/com/fincatto/documentofiscal/nfe310/webservices/nota/consulta/NfeConsulta2Stub.java:[698,52] cannot find symbol
  symbol:   variable Factory
  location: class com.fincatto.documentofiscal.nfe310.webservices.nota.consulta.NfeConsulta2Stub.NfeDadosMsg
[ERROR] /workspaces/CodeCureAgent/code_cure_agent/cca_workspace_3/nfe/src/main/java/com/fincatto/documentofiscal/nfe310/webservices/nota/consulta/NfeConsulta2Stub.java:[701,61] cannot find symbol
  symbol:   variable Factory
  location: class com.fincatto.documentofiscal.nfe310.webservices.nota.consulta.NfeConsulta2Stub.NfeConsultaNF2Result
[ERROR] /workspaces/CodeCureAgent/code_cure_agent/cca_workspace_3/nfe/src/main/java/com/fincatto/documentofiscal/nfe310/webservices/nota/consulta/NfeConsulta2Stub.java:[704,53] cannot find symbol
  symbol:   variable Factory
  location: class com.fincatto.documentofiscal.nfe310.webservices.nota.consulta.NfeConsulta2Stub.NfeCabecMsgE
[INFO] 11 errors 
[INFO] -------------------------------------------------------------
[INFO] ------------------------------------------------------------------------
[INFO] BUILD FAILURE
[INFO] ------------------------------------------------------------------------
[INFO] Total time:  6.759 s
[INFO] Finished at: 2026-01-29T16:06:52Z
[INFO] ------------------------------------------------------------------------
[ERROR] Failed to execute goal org.apache.maven.plugins:maven-compiler-plugin:3.8.1:compile (default-compile) on project nfe: Compilation failure: Compilation failure: 
[ERROR] /workspaces/CodeCureAgent/code_cure_agent/cca_workspace_3/nfe/src/main/java/com/fincatto/documentofiscal/nfe310/webservices/nota/consulta/NfeConsulta2Stub.java:[579,69] cannot find symbol
[ERROR]   symbol:   method getTypeObject(java.lang.String,java.lang.String,javax.xml.stream.XMLStreamReader)
[ERROR]   location: class com.fincatto.documentofiscal.nfe310.webservices.nota.consulta.NfeConsulta2Stub.ExtensionMapper
[ERROR] /workspaces/CodeCureAgent/code_cure_agent/cca_workspace_3/nfe/src/main/java/com/fincatto/documentofiscal/nfe310/webservices/nota/consulta/NfeConsulta2Stub.java:[640,19] com.fincatto.documentofiscal.nfe310.webservices.nota.consulta.NfeConsulta2Stub.NfeConsultaNF2Result is not abstract and does not override abstract method serialize(javax.xml.namespace.QName,javax.xml.stream.XMLStreamWriter,boolean) in org.apache.axis2.databinding.ADBBean
[ERROR] /workspaces/CodeCureAgent/code_cure_agent/cca_workspace_3/nfe/src/main/java/com/fincatto/documentofiscal/nfe310/webservices/nota/consulta/NfeConsulta2Stub.java:[644,19] com.fincatto.documentofiscal.nfe310.webservices.nota.consulta.NfeConsulta2Stub.NfeCabecMsgE is not abstract and does not override abstract method serialize(javax.xml.namespace.QName,javax.xml.stream.XMLStreamWriter,boolean) in org.apache.axis2.databinding.ADBBean
[ERROR] /workspaces/CodeCureAgent/code_cure_agent/cca_workspace_3/nfe/src/main/java/com/fincatto/documentofiscal/nfe310/webservices/nota/consulta/NfeConsulta2Stub.java:[652,19] com.fincatto.documentofiscal.nfe310.webservices.nota.consulta.NfeConsulta2Stub.NfeDadosMsg is not abstract and does not override abstract method serialize(javax.xml.namespace.QName,javax.xml.stream.XMLStreamWriter,boolean) in org.apache.axis2.databinding.ADBBean
[ERROR] /workspaces/CodeCureAgent/code_cure_agent/cca_workspace_3/nfe/src/main/java/com/fincatto/documentofiscal/nfe310/webservices/nota/consulta/NfeConsulta2Stub.java:[658,63] cannot find symbol
[ERROR]   symbol:   variable MY_QNAME
[ERROR]   location: class com.fincatto.documentofiscal.nfe310.webservices.nota.consulta.NfeConsulta2Stub.NfeDadosMsg
[ERROR] /workspaces/CodeCureAgent/code_cure_agent/cca_workspace_3/nfe/src/main/java/com/fincatto/documentofiscal/nfe310/webservices/nota/consulta/NfeConsulta2Stub.java:[666,72] cannot find symbol
[ERROR]   symbol:   variable MY_QNAME
[ERROR]   location: class com.fincatto.documentofiscal.nfe310.webservices.nota.consulta.NfeConsulta2Stub.NfeConsultaNF2Result
[ERROR] /workspaces/CodeCureAgent/code_cure_agent/cca_workspace_3/nfe/src/main/java/com/fincatto/documentofiscal/nfe310/webservices/nota/consulta/NfeConsulta2Stub.java:[674,64] cannot find symbol
[ERROR]   symbol:   variable MY_QNAME
[ERROR]   location: class com.fincatto.documentofiscal.nfe310.webservices.nota.consulta.NfeConsulta2Stub.NfeCabecMsgE
[ERROR] /workspaces/CodeCureAgent/code_cure_agent/cca_workspace_3/nfe/src/main/java/com/fincatto/documentofiscal/nfe310/webservices/nota/consulta/NfeConsulta2Stub.java:[683,89] cannot find symbol
[ERROR]   symbol:   variable MY_QNAME
[ERROR]   location: class com.fincatto.documentofiscal.nfe310.webservices.nota.consulta.NfeConsulta2Stub.NfeDadosMsg
[ERROR] /workspaces/CodeCureAgent/code_cure_agent/cca_workspace_3/nfe/src/main/java/com/fincatto/documentofiscal/nfe310/webservices/nota/consulta/NfeConsulta2Stub.java:[698,52] cannot find symbol
[ERROR]   symbol:   variable Factory
[ERROR]   location: class com.fincatto.documentofiscal.nfe310.webservices.nota.consulta.NfeConsulta2Stub.NfeDadosMsg
[ERROR] /workspaces/CodeCureAgent/code_cure_agent/cca_workspace_3/nfe/src/main/java/com/fincatto/documentofiscal/nfe310/webservices/nota/consulta/NfeConsulta2Stub.java:[701,61] cannot find symbol
[ERROR]   symbol:   variable Factory
[ERROR]   location: class com.fincatto.documentofiscal.nfe310.webservices.nota.consulta.NfeConsulta2Stub.NfeConsultaNF2Result
[ERROR] /workspaces/CodeCureAgent/code_cure_agent/cca_workspace_3/nfe/src/main/java/com/fincatto/documentofiscal/nfe310/webservices/nota/consulta/NfeConsulta2Stub.java:[704,53] cannot find symbol
[ERROR]   symbol:   variable Factory
[ERROR]   location: class com.fincatto.documentofiscal.nfe310.webservices.nota.consulta.NfeConsulta2Stub.NfeCabecMsgE
[ERROR] -> [Help 1]
[ERROR] 
[ERROR] To see the full stack trace of the errors, re-run Maven with the -e switch.
[ERROR] Re-run Maven using the -X switch to enable full debug logging.
[ERROR] 
[ERROR] For more information about the errors and possible solutions, please read the following articles:
[ERROR] [Help 1] http://cwiki.apache.org/confluence/display/MAVEN/MojoFailureException
