[INFO] Scanning for projects...
[INFO] 
[INFO] ---------------------------< amidst:amidst >----------------------------
[INFO] Building amidst 4.6
[INFO] --------------------------------[ jar ]---------------------------------
[INFO] 
[INFO] --- maven-clean-plugin:2.5:clean (default-clean) @ amidst ---
[INFO] 
[INFO] --- properties-maven-plugin:1.0.0:read-project-properties (default) @ amidst ---
[INFO] 
[INFO] --- maven-resources-plugin:2.6:resources (default-resources) @ amidst ---
[INFO] Using 'UTF-8' encoding to copy filtered resources.
[INFO] Copying 136 resources
[INFO] 
[INFO] --- maven-compiler-plugin:3.8.1:compile (default-compile) @ amidst ---
[INFO] Changes detected - recompiling the module!
[INFO] Compiling 342 source files to /workspaces/CodeCureAgent/code_cure_agent/cca_workspace_4/amidst/target/classes
[INFO] /workspaces/CodeCureAgent/code_cure_agent/cca_workspace_4/amidst/src/main/java/amidst/gui/main/menu/MenuShortcuts.java: /workspaces/CodeCureAgent/code_cure_agent/cca_workspace_4/amidst/src/main/java/amidst/gui/main/menu/MenuShortcuts.java uses or overrides a deprecated API.
[INFO] /workspaces/CodeCureAgent/code_cure_agent/cca_workspace_4/amidst/src/main/java/amidst/gui/main/menu/MenuShortcuts.java: Recompile with -Xlint:deprecation for details.
[INFO] /workspaces/CodeCureAgent/code_cure_agent/cca_workspace_4/amidst/src/main/java/amidst/gui/main/menu/Menus.java: /workspaces/CodeCureAgent/code_cure_agent/cca_workspace_4/amidst/src/main/java/amidst/gui/main/menu/Menus.java uses unchecked or unsafe operations.
[INFO] /workspaces/CodeCureAgent/code_cure_agent/cca_workspace_4/amidst/src/main/java/amidst/gui/main/menu/Menus.java: Recompile with -Xlint:unchecked for details.
[INFO] -------------------------------------------------------------
[ERROR] COMPILATION ERROR : 
[INFO] -------------------------------------------------------------
[ERROR] /workspaces/CodeCureAgent/code_cure_agent/cca_workspace_4/amidst/src/main/java/amidst/mojangapi/minecraftinterface/legacy/_1_15MinecraftInterface.java:[39,86] cannot find symbol
  symbol:   variable _20w19a
  location: class amidst.mojangapi.minecraftinterface.RecognisedVersion
[ERROR] /workspaces/CodeCureAgent/code_cure_agent/cca_workspace_4/amidst/src/main/java/amidst/mojangapi/minecraftinterface/legacy/LegacyMinecraftInterface.java:[27,86] cannot find symbol
  symbol:   variable _18w05a
  location: class amidst.mojangapi.minecraftinterface.RecognisedVersion
[ERROR] /workspaces/CodeCureAgent/code_cure_agent/cca_workspace_4/amidst/src/main/java/amidst/mojangapi/minecraftinterface/legacy/_1_13MinecraftInterface.java:[26,86] cannot find symbol
  symbol:   variable _19w35a
  location: class amidst.mojangapi.minecraftinterface.RecognisedVersion
[ERROR] /workspaces/CodeCureAgent/code_cure_agent/cca_workspace_4/amidst/src/main/java/amidst/mojangapi/minecraftinterface/legacy/_1_13MinecraftInterface.java:[294,116] cannot find symbol
  symbol:   variable _18w16a
  location: class amidst.mojangapi.minecraftinterface.RecognisedVersion
[ERROR] /workspaces/CodeCureAgent/code_cure_agent/cca_workspace_4/amidst/src/main/java/amidst/mojangapi/minecraftinterface/legacy/_1_13MinecraftInterface.java:[295,107] cannot find symbol
  symbol:   variable _18w47b
  location: class amidst.mojangapi.minecraftinterface.RecognisedVersion
[ERROR] /workspaces/CodeCureAgent/code_cure_agent/cca_workspace_4/amidst/src/main/java/amidst/mojangapi/world/versionfeatures/DefaultVersionFeatures.java:[132,58] cannot find symbol
  symbol:   variable _20w21a
  location: class amidst.mojangapi.minecraftinterface.RecognisedVersion
[ERROR] /workspaces/CodeCureAgent/code_cure_agent/cca_workspace_4/amidst/src/main/java/amidst/mojangapi/world/versionfeatures/DefaultVersionFeatures.java:[139,58] cannot find symbol
  symbol:   variable _18w06a
  location: class amidst.mojangapi.minecraftinterface.RecognisedVersion
[ERROR] /workspaces/CodeCureAgent/code_cure_agent/cca_workspace_4/amidst/src/main/java/amidst/mojangapi/world/versionfeatures/DefaultVersionFeatures.java:[146,58] cannot find symbol
  symbol:   variable _18w06a
  location: class amidst.mojangapi.minecraftinterface.RecognisedVersion
[ERROR] /workspaces/CodeCureAgent/code_cure_agent/cca_workspace_4/amidst/src/main/java/amidst/mojangapi/world/versionfeatures/DefaultVersionFeatures.java:[175,64] cannot find symbol
  symbol:   variable _18w09a
  location: class amidst.mojangapi.minecraftinterface.RecognisedVersion
[ERROR] /workspaces/CodeCureAgent/code_cure_agent/cca_workspace_4/amidst/src/main/java/amidst/mojangapi/world/versionfeatures/DefaultVersionFeatures.java:[173,64] cannot find symbol
  symbol:   variable _16w43a
  location: class amidst.mojangapi.minecraftinterface.RecognisedVersion
[ERROR] /workspaces/CodeCureAgent/code_cure_agent/cca_workspace_4/amidst/src/main/java/amidst/mojangapi/world/versionfeatures/DefaultVersionFeatures.java:[170,64] cannot find symbol
  symbol:   variable _15w31c
  location: class amidst.mojangapi.minecraftinterface.RecognisedVersion
[ERROR] /workspaces/CodeCureAgent/code_cure_agent/cca_workspace_4/amidst/src/main/java/amidst/mojangapi/world/versionfeatures/DefaultVersionFeatures.java:[166,64] cannot find symbol
  symbol:   variable _12w21a
  location: class amidst.mojangapi.minecraftinterface.RecognisedVersion
[ERROR] /workspaces/CodeCureAgent/code_cure_agent/cca_workspace_4/amidst/src/main/java/amidst/mojangapi/world/versionfeatures/DefaultVersionFeatures.java:[164,64] cannot find symbol
  symbol:   variable _b1_9_pre1
  location: class amidst.mojangapi.minecraftinterface.RecognisedVersion
[ERROR] /workspaces/CodeCureAgent/code_cure_agent/cca_workspace_4/amidst/src/main/java/amidst/mojangapi/world/versionfeatures/DefaultVersionFeatures.java:[160,64] cannot find symbol
  symbol:   variable _b1_8_1
  location: class amidst.mojangapi.minecraftinterface.RecognisedVersion
[ERROR] /workspaces/CodeCureAgent/code_cure_agent/cca_workspace_4/amidst/src/main/java/amidst/mojangapi/world/versionfeatures/DefaultVersionFeatures.java:[202,64] cannot find symbol
  symbol:   variable _12w03a
  location: class amidst.mojangapi.minecraftinterface.RecognisedVersion
[ERROR] /workspaces/CodeCureAgent/code_cure_agent/cca_workspace_4/amidst/src/main/java/amidst/mojangapi/world/versionfeatures/DefaultVersionFeatures.java:[199,64] cannot find symbol
  symbol:   variable _12w01a
  location: class amidst.mojangapi.minecraftinterface.RecognisedVersion
[ERROR] /workspaces/CodeCureAgent/code_cure_agent/cca_workspace_4/amidst/src/main/java/amidst/mojangapi/world/versionfeatures/DefaultVersionFeatures.java:[211,58] cannot find symbol
  symbol:   variable _20w16a
  location: class amidst.mojangapi.minecraftinterface.RecognisedVersion
[ERROR] /workspaces/CodeCureAgent/code_cure_agent/cca_workspace_4/amidst/src/main/java/amidst/mojangapi/world/versionfeatures/DefaultVersionFeatures.java:[209,57] cannot find symbol
  symbol:   variable _b1_9_pre1
  location: class amidst.mojangapi.minecraftinterface.RecognisedVersion
[ERROR] /workspaces/CodeCureAgent/code_cure_agent/cca_workspace_4/amidst/src/main/java/amidst/mojangapi/world/versionfeatures/DefaultVersionFeatures.java:[226,58] cannot find symbol
  symbol:   variable _1_16_pre3
  location: class amidst.mojangapi.minecraftinterface.RecognisedVersion
[ERROR] /workspaces/CodeCureAgent/code_cure_agent/cca_workspace_4/amidst/src/main/java/amidst/mojangapi/world/versionfeatures/DefaultVersionFeatures.java:[232,57] cannot find symbol
  symbol:   variable _20w16a
  location: class amidst.mojangapi.minecraftinterface.RecognisedVersion
[ERROR] /workspaces/CodeCureAgent/code_cure_agent/cca_workspace_4/amidst/src/main/java/amidst/mojangapi/world/versionfeatures/DefaultVersionFeatures.java:[248,63] cannot find symbol
  symbol:   variable _20w16a
  location: class amidst.mojangapi.minecraftinterface.RecognisedVersion
[ERROR] /workspaces/CodeCureAgent/code_cure_agent/cca_workspace_4/amidst/src/main/java/amidst/mojangapi/world/versionfeatures/DefaultVersionFeatures.java:[257,58] cannot find symbol
  symbol:   variable _1_16_pre3
  location: class amidst.mojangapi.minecraftinterface.RecognisedVersion
[ERROR] /workspaces/CodeCureAgent/code_cure_agent/cca_workspace_4/amidst/src/main/java/amidst/mojangapi/world/versionfeatures/DefaultVersionFeatures.java:[267,58] cannot find symbol
  symbol:   variable _1_16_pre3
  location: class amidst.mojangapi.minecraftinterface.RecognisedVersion
[ERROR] /workspaces/CodeCureAgent/code_cure_agent/cca_workspace_4/amidst/src/main/java/amidst/mojangapi/world/versionfeatures/DefaultVersionFeatures.java:[265,58] cannot find symbol
  symbol:   variable _20w19a
  location: class amidst.mojangapi.minecraftinterface.RecognisedVersion
[ERROR] /workspaces/CodeCureAgent/code_cure_agent/cca_workspace_4/amidst/src/main/java/amidst/mojangapi/world/versionfeatures/DefaultVersionFeatures.java:[275,57] cannot find symbol
  symbol:   variable _15w31c
  location: class amidst.mojangapi.minecraftinterface.RecognisedVersion
[ERROR] /workspaces/CodeCureAgent/code_cure_agent/cca_workspace_4/amidst/src/main/java/amidst/mojangapi/world/versionfeatures/DefaultVersionFeatures.java:[301,58] cannot find symbol
  symbol:   variable _18w06a
  location: class amidst.mojangapi.minecraftinterface.RecognisedVersion
[ERROR] /workspaces/CodeCureAgent/code_cure_agent/cca_workspace_4/amidst/src/main/java/amidst/mojangapi/world/versionfeatures/DefaultVersionFeatures.java:[327,58] cannot find symbol
  symbol:   variable _1_9_pre2
  location: class amidst.mojangapi.minecraftinterface.RecognisedVersion
[ERROR] /workspaces/CodeCureAgent/code_cure_agent/cca_workspace_4/amidst/src/main/java/amidst/mojangapi/world/versionfeatures/DefaultVersionFeatures.java:[321,58] cannot find symbol
  symbol:   variable _15w43c
  location: class amidst.mojangapi.minecraftinterface.RecognisedVersion
[ERROR] /workspaces/CodeCureAgent/code_cure_agent/cca_workspace_4/amidst/src/main/java/amidst/mojangapi/world/versionfeatures/DefaultVersionFeatures.java:[357,64] cannot find symbol
  symbol:   variable _20w21a
  location: class amidst.mojangapi.minecraftinterface.RecognisedVersion
[ERROR] /workspaces/CodeCureAgent/code_cure_agent/cca_workspace_4/amidst/src/main/java/amidst/mojangapi/world/versionfeatures/DefaultVersionFeatures.java:[355,65] cannot find symbol
  symbol:   variable _18w06a
  location: class amidst.mojangapi.minecraftinterface.RecognisedVersion
[ERROR] /workspaces/CodeCureAgent/code_cure_agent/cca_workspace_4/amidst/src/main/java/amidst/mojangapi/world/versionfeatures/DefaultVersionFeatures.java:[352,58] cannot find symbol
  symbol:   variable _13w36a
  location: class amidst.mojangapi.minecraftinterface.RecognisedVersion
[ERROR] /workspaces/CodeCureAgent/code_cure_agent/cca_workspace_4/amidst/src/main/java/amidst/mojangapi/world/versionfeatures/DefaultVersionFeatures.java:[349,64] cannot find symbol
  symbol:   variable _12w03a
  location: class amidst.mojangapi.minecraftinterface.RecognisedVersion
[ERROR] /workspaces/CodeCureAgent/code_cure_agent/cca_workspace_4/amidst/src/main/java/amidst/mojangapi/world/versionfeatures/DefaultVersionFeatures.java:[341,64] cannot find symbol
  symbol:   variable _b1_9_pre6
  location: class amidst.mojangapi.minecraftinterface.RecognisedVersion
[ERROR] /workspaces/CodeCureAgent/code_cure_agent/cca_workspace_4/amidst/src/main/java/amidst/mojangapi/world/versionfeatures/DefaultVersionFeatures.java:[380,64] cannot find symbol
  symbol:   variable _18w49a
  location: class amidst.mojangapi.minecraftinterface.RecognisedVersion
[ERROR] /workspaces/CodeCureAgent/code_cure_agent/cca_workspace_4/amidst/src/main/java/amidst/mojangapi/world/versionfeatures/DefaultVersionFeatures.java:[378,64] cannot find symbol
  symbol:   variable _16w20a
  location: class amidst.mojangapi.minecraftinterface.RecognisedVersion
[ERROR] /workspaces/CodeCureAgent/code_cure_agent/cca_workspace_4/amidst/src/main/java/amidst/mojangapi/world/versionfeatures/DefaultVersionFeatures.java:[376,64] cannot find symbol
  symbol:   variable _13w36a
  location: class amidst.mojangapi.minecraftinterface.RecognisedVersion
[ERROR] /workspaces/CodeCureAgent/code_cure_agent/cca_workspace_4/amidst/src/main/java/amidst/mojangapi/world/versionfeatures/DefaultVersionFeatures.java:[386,58] cannot find symbol
  symbol:   variable _16w20a
  location: class amidst.mojangapi.minecraftinterface.RecognisedVersion
[ERROR] /workspaces/CodeCureAgent/code_cure_agent/cca_workspace_4/amidst/src/main/java/amidst/mojangapi/world/versionfeatures/DefaultVersionFeatures.java:[408,64] cannot find symbol
  symbol:   variable _18w49a
  location: class amidst.mojangapi.minecraftinterface.RecognisedVersion
[ERROR] /workspaces/CodeCureAgent/code_cure_agent/cca_workspace_4/amidst/src/main/java/amidst/mojangapi/world/versionfeatures/DefaultVersionFeatures.java:[403,63] cannot find symbol
  symbol:   variable _18w47b
  location: class amidst.mojangapi.minecraftinterface.RecognisedVersion
[ERROR] /workspaces/CodeCureAgent/code_cure_agent/cca_workspace_4/amidst/src/main/java/amidst/mojangapi/world/versionfeatures/DefaultVersionFeatures.java:[416,58] cannot find symbol
  symbol:   variable _19w13b
  location: class amidst.mojangapi.minecraftinterface.RecognisedVersion
[ERROR] /workspaces/CodeCureAgent/code_cure_agent/cca_workspace_4/amidst/src/main/java/amidst/mojangapi/world/versionfeatures/DefaultVersionFeatures.java:[422,58] cannot find symbol
  symbol:   variable _20w21a
  location: class amidst.mojangapi.minecraftinterface.RecognisedVersion
[ERROR] /workspaces/CodeCureAgent/code_cure_agent/cca_workspace_4/amidst/src/main/java/amidst/mojangapi/world/versionfeatures/DefaultVersionFeatures.java:[436,64] cannot find symbol
  symbol:   variable _12w01a
  location: class amidst.mojangapi.minecraftinterface.RecognisedVersion
[ERROR] /workspaces/CodeCureAgent/code_cure_agent/cca_workspace_4/amidst/src/main/java/amidst/mojangapi/world/versionfeatures/DefaultVersionFeatures.java:[453,63] cannot find symbol
  symbol:   variable _15w43c
  location: class amidst.mojangapi.minecraftinterface.RecognisedVersion
[ERROR] /workspaces/CodeCureAgent/code_cure_agent/cca_workspace_4/amidst/src/main/java/amidst/mojangapi/world/versionfeatures/DefaultVersionFeatures.java:[461,58] cannot find symbol
  symbol:   variable _18w06a
  location: class amidst.mojangapi.minecraftinterface.RecognisedVersion
[ERROR] /workspaces/CodeCureAgent/code_cure_agent/cca_workspace_4/amidst/src/main/java/amidst/mojangapi/world/versionfeatures/DefaultVersionFeatures.java:[478,64] cannot find symbol
  symbol:   variable _19w06a
  location: class amidst.mojangapi.minecraftinterface.RecognisedVersion
[ERROR] /workspaces/CodeCureAgent/code_cure_agent/cca_workspace_4/amidst/src/main/java/amidst/mojangapi/world/versionfeatures/DefaultVersionFeatures.java:[474,63] cannot find symbol
  symbol:   variable _12w22a
  location: class amidst.mojangapi.minecraftinterface.RecognisedVersion
[ERROR] /workspaces/CodeCureAgent/code_cure_agent/cca_workspace_4/amidst/src/main/java/amidst/mojangapi/world/versionfeatures/DefaultVersionFeatures.java:[485,58] cannot find symbol
  symbol:   variable _18w06a
  location: class amidst.mojangapi.minecraftinterface.RecognisedVersion
[ERROR] /workspaces/CodeCureAgent/code_cure_agent/cca_workspace_4/amidst/src/main/java/amidst/mojangapi/world/versionfeatures/DefaultVersionFeatures.java:[504,58] cannot find symbol
  symbol:   variable _18w06a
  location: class amidst.mojangapi.minecraftinterface.RecognisedVersion
[ERROR] /workspaces/CodeCureAgent/code_cure_agent/cca_workspace_4/amidst/src/main/java/amidst/mojangapi/world/versionfeatures/DefaultVersionFeatures.java:[516,58] cannot find symbol
  symbol:   variable _15w46a
  location: class amidst.mojangapi.minecraftinterface.RecognisedVersion
[ERROR] /workspaces/CodeCureAgent/code_cure_agent/cca_workspace_4/amidst/src/main/java/amidst/mojangapi/world/versionfeatures/DefaultVersionFeatures.java:[528,64] cannot find symbol
  symbol:   variable _18w08a
  location: class amidst.mojangapi.minecraftinterface.RecognisedVersion
[ERROR] /workspaces/CodeCureAgent/code_cure_agent/cca_workspace_4/amidst/src/main/java/amidst/mojangapi/world/versionfeatures/DefaultVersionFeatures.java:[541,64] cannot find symbol
  symbol:   variable _18w08a
  location: class amidst.mojangapi.minecraftinterface.RecognisedVersion
[ERROR] /workspaces/CodeCureAgent/code_cure_agent/cca_workspace_4/amidst/src/main/java/amidst/mojangapi/world/versionfeatures/DefaultVersionFeatures.java:[568,70] cannot find symbol
  symbol:   variable _16w43a
  location: class amidst.mojangapi.minecraftinterface.RecognisedVersion
[ERROR] /workspaces/CodeCureAgent/code_cure_agent/cca_workspace_4/amidst/src/main/java/amidst/mojangapi/world/versionfeatures/DefaultVersionFeatures.java:[584,63] cannot find symbol
  symbol:   variable _18w09a
  location: class amidst.mojangapi.minecraftinterface.RecognisedVersion
[ERROR] /workspaces/CodeCureAgent/code_cure_agent/cca_workspace_4/amidst/src/main/java/amidst/mojangapi/world/versionfeatures/DefaultVersionFeatures.java:[603,58] cannot find symbol
  symbol:   variable _20w06a
  location: class amidst.mojangapi.minecraftinterface.RecognisedVersion
[ERROR] /workspaces/CodeCureAgent/code_cure_agent/cca_workspace_4/amidst/src/main/java/amidst/mojangapi/world/versionfeatures/DefaultVersionFeatures.java:[622,63] cannot find symbol
  symbol:   variable _18w11a
  location: class amidst.mojangapi.minecraftinterface.RecognisedVersion
[ERROR] /workspaces/CodeCureAgent/code_cure_agent/cca_workspace_4/amidst/src/main/java/amidst/mojangapi/world/versionfeatures/DefaultVersionFeatures.java:[641,58] cannot find symbol
  symbol:   variable _20w06a
  location: class amidst.mojangapi.minecraftinterface.RecognisedVersion
[ERROR] /workspaces/CodeCureAgent/code_cure_agent/cca_workspace_4/amidst/src/main/java/amidst/mojangapi/world/versionfeatures/DefaultVersionFeatures.java:[639,58] cannot find symbol
  symbol:   variable _1_13_pre7
  location: class amidst.mojangapi.minecraftinterface.RecognisedVersion
[ERROR] /workspaces/CodeCureAgent/code_cure_agent/cca_workspace_4/amidst/src/main/java/amidst/mojangapi/world/versionfeatures/DefaultVersionFeatures.java:[647,58] cannot find symbol
  symbol:   variable _20w06a
  location: class amidst.mojangapi.minecraftinterface.RecognisedVersion
[ERROR] /workspaces/CodeCureAgent/code_cure_agent/cca_workspace_4/amidst/src/main/java/amidst/mojangapi/world/versionfeatures/DefaultVersionFeatures.java:[671,70] cannot find symbol
  symbol:   variable _18w10d
  location: class amidst.mojangapi.minecraftinterface.RecognisedVersion
[ERROR] /workspaces/CodeCureAgent/code_cure_agent/cca_workspace_4/amidst/src/main/java/amidst/mojangapi/world/versionfeatures/DefaultVersionFeatures.java:[689,58] cannot find symbol
  symbol:   variable _18w30b
  location: class amidst.mojangapi.minecraftinterface.RecognisedVersion
[ERROR] /workspaces/CodeCureAgent/code_cure_agent/cca_workspace_4/amidst/src/main/java/amidst/mojangapi/world/versionfeatures/DefaultVersionFeatures.java:[687,58] cannot find symbol
  symbol:   variable _1_13_pre7
  location: class amidst.mojangapi.minecraftinterface.RecognisedVersion
[ERROR] /workspaces/CodeCureAgent/code_cure_agent/cca_workspace_4/amidst/src/main/java/amidst/mojangapi/world/versionfeatures/DefaultVersionFeatures.java:[685,58] cannot find symbol
  symbol:   variable _1_13_pre4
  location: class amidst.mojangapi.minecraftinterface.RecognisedVersion
[ERROR] /workspaces/CodeCureAgent/code_cure_agent/cca_workspace_4/amidst/src/main/java/amidst/mojangapi/world/versionfeatures/DefaultVersionFeatures.java:[683,58] cannot find symbol
  symbol:   variable _18w06a
  location: class amidst.mojangapi.minecraftinterface.RecognisedVersion
[ERROR] /workspaces/CodeCureAgent/code_cure_agent/cca_workspace_4/amidst/src/main/java/amidst/mojangapi/world/versionfeatures/DefaultBiomes.java:[276,48] cannot find symbol
  symbol:   variable _20w15a
  location: class amidst.mojangapi.minecraftinterface.RecognisedVersion
[ERROR] /workspaces/CodeCureAgent/code_cure_agent/cca_workspace_4/amidst/src/main/java/amidst/mojangapi/world/versionfeatures/DefaultBiomes.java:[271,48] cannot find symbol
  symbol:   variable _20w06a
  location: class amidst.mojangapi.minecraftinterface.RecognisedVersion
[ERROR] /workspaces/CodeCureAgent/code_cure_agent/cca_workspace_4/amidst/src/main/java/amidst/mojangapi/world/versionfeatures/DefaultBiomes.java:[268,48] cannot find symbol
  symbol:   variable _18w43a
  location: class amidst.mojangapi.minecraftinterface.RecognisedVersion
[ERROR] /workspaces/CodeCureAgent/code_cure_agent/cca_workspace_4/amidst/src/main/java/amidst/mojangapi/world/versionfeatures/DefaultBiomes.java:[221,48] cannot find symbol
  symbol:   variable _18w19a
  location: class amidst.mojangapi.minecraftinterface.RecognisedVersion
[ERROR] /workspaces/CodeCureAgent/code_cure_agent/cca_workspace_4/amidst/src/main/java/amidst/mojangapi/world/versionfeatures/DefaultBiomes.java:[203,48] cannot find symbol
  symbol:   variable _18w16a
  location: class amidst.mojangapi.minecraftinterface.RecognisedVersion
[ERROR] /workspaces/CodeCureAgent/code_cure_agent/cca_workspace_4/amidst/src/main/java/amidst/mojangapi/world/versionfeatures/DefaultBiomes.java:[195,48] cannot find symbol
  symbol:   variable _18w08a
  location: class amidst.mojangapi.minecraftinterface.RecognisedVersion
[ERROR] /workspaces/CodeCureAgent/code_cure_agent/cca_workspace_4/amidst/src/main/java/amidst/mojangapi/world/versionfeatures/DefaultBiomes.java:[190,48] cannot find symbol
  symbol:   variable _18w06a
  location: class amidst.mojangapi.minecraftinterface.RecognisedVersion
[ERROR] /workspaces/CodeCureAgent/code_cure_agent/cca_workspace_4/amidst/src/main/java/amidst/mojangapi/world/versionfeatures/DefaultBiomes.java:[188,48] cannot find symbol
  symbol:   variable _15w40b
  location: class amidst.mojangapi.minecraftinterface.RecognisedVersion
[ERROR] /workspaces/CodeCureAgent/code_cure_agent/cca_workspace_4/amidst/src/main/java/amidst/mojangapi/world/versionfeatures/DefaultBiomes.java:[182,48] cannot find symbol
  symbol:   variable _15w31c
  location: class amidst.mojangapi.minecraftinterface.RecognisedVersion
[ERROR] /workspaces/CodeCureAgent/code_cure_agent/cca_workspace_4/amidst/src/main/java/amidst/mojangapi/world/versionfeatures/DefaultBiomes.java:[180,48] cannot find symbol
  symbol:   variable _14w17a
  location: class amidst.mojangapi.minecraftinterface.RecognisedVersion
[ERROR] /workspaces/CodeCureAgent/code_cure_agent/cca_workspace_4/amidst/src/main/java/amidst/mojangapi/world/versionfeatures/DefaultBiomes.java:[178,48] cannot find symbol
  symbol:   variable _14w02a
  location: class amidst.mojangapi.minecraftinterface.RecognisedVersion
[ERROR] /workspaces/CodeCureAgent/code_cure_agent/cca_workspace_4/amidst/src/main/java/amidst/mojangapi/world/versionfeatures/DefaultBiomes.java:[138,48] cannot find symbol
  symbol:   variable _13w36a
  location: class amidst.mojangapi.minecraftinterface.RecognisedVersion
[ERROR] /workspaces/CodeCureAgent/code_cure_agent/cca_workspace_4/amidst/src/main/java/amidst/mojangapi/world/versionfeatures/DefaultBiomes.java:[135,48] cannot find symbol
  symbol:   variable _12w03a
  location: class amidst.mojangapi.minecraftinterface.RecognisedVersion
[ERROR] /workspaces/CodeCureAgent/code_cure_agent/cca_workspace_4/amidst/src/main/java/amidst/mojangapi/world/versionfeatures/DefaultBiomes.java:[129,48] cannot find symbol
  symbol:   variable _12w01a
  location: class amidst.mojangapi.minecraftinterface.RecognisedVersion
[ERROR] /workspaces/CodeCureAgent/code_cure_agent/cca_workspace_4/amidst/src/main/java/amidst/mojangapi/world/versionfeatures/DefaultBiomes.java:[122,48] cannot find symbol
  symbol:   variable _b1_9_pre1
  location: class amidst.mojangapi.minecraftinterface.RecognisedVersion
[ERROR] /workspaces/CodeCureAgent/code_cure_agent/cca_workspace_4/amidst/src/main/java/amidst/mojangapi/minecraftinterface/local/LocalMinecraftInterface.java:[228,93] cannot find symbol
  symbol:   variable _1_16_pre1
  location: class amidst.mojangapi.minecraftinterface.RecognisedVersion
[INFO] 79 errors 
[INFO] -------------------------------------------------------------
[INFO] ------------------------------------------------------------------------
[INFO] BUILD FAILURE
[INFO] ------------------------------------------------------------------------
[INFO] Total time:  4.392 s
[INFO] Finished at: 2026-01-30T09:57:16Z
[INFO] ------------------------------------------------------------------------
[ERROR] Failed to execute goal org.apache.maven.plugins:maven-compiler-plugin:3.8.1:compile (default-compile) on project amidst: Compilation failure: Compilation failure: 
[ERROR] /workspaces/CodeCureAgent/code_cure_agent/cca_workspace_4/amidst/src/main/java/amidst/mojangapi/minecraftinterface/legacy/_1_15MinecraftInterface.java:[39,86] cannot find symbol
[ERROR]   symbol:   variable _20w19a
[ERROR]   location: class amidst.mojangapi.minecraftinterface.RecognisedVersion
[ERROR] /workspaces/CodeCureAgent/code_cure_agent/cca_workspace_4/amidst/src/main/java/amidst/mojangapi/minecraftinterface/legacy/LegacyMinecraftInterface.java:[27,86] cannot find symbol
[ERROR]   symbol:   variable _18w05a
[ERROR]   location: class amidst.mojangapi.minecraftinterface.RecognisedVersion
[ERROR] /workspaces/CodeCureAgent/code_cure_agent/cca_workspace_4/amidst/src/main/java/amidst/mojangapi/minecraftinterface/legacy/_1_13MinecraftInterface.java:[26,86] cannot find symbol
[ERROR]   symbol:   variable _19w35a
[ERROR]   location: class amidst.mojangapi.minecraftinterface.RecognisedVersion
[ERROR] /workspaces/CodeCureAgent/code_cure_agent/cca_workspace_4/amidst/src/main/java/amidst/mojangapi/minecraftinterface/legacy/_1_13MinecraftInterface.java:[294,116] cannot find symbol
[ERROR]   symbol:   variable _18w16a
[ERROR]   location: class amidst.mojangapi.minecraftinterface.RecognisedVersion
[ERROR] /workspaces/CodeCureAgent/code_cure_agent/cca_workspace_4/amidst/src/main/java/amidst/mojangapi/minecraftinterface/legacy/_1_13MinecraftInterface.java:[295,107] cannot find symbol
[ERROR]   symbol:   variable _18w47b
[ERROR]   location: class amidst.mojangapi.minecraftinterface.RecognisedVersion
[ERROR] /workspaces/CodeCureAgent/code_cure_agent/cca_workspace_4/amidst/src/main/java/amidst/mojangapi/world/versionfeatures/DefaultVersionFeatures.java:[132,58] cannot find symbol
[ERROR]   symbol:   variable _20w21a
[ERROR]   location: class amidst.mojangapi.minecraftinterface.RecognisedVersion
[ERROR] /workspaces/CodeCureAgent/code_cure_agent/cca_workspace_4/amidst/src/main/java/amidst/mojangapi/world/versionfeatures/DefaultVersionFeatures.java:[139,58] cannot find symbol
[ERROR]   symbol:   variable _18w06a
[ERROR]   location: class amidst.mojangapi.minecraftinterface.RecognisedVersion
[ERROR] /workspaces/CodeCureAgent/code_cure_agent/cca_workspace_4/amidst/src/main/java/amidst/mojangapi/world/versionfeatures/DefaultVersionFeatures.java:[146,58] cannot find symbol
[ERROR]   symbol:   variable _18w06a
[ERROR]   location: class amidst.mojangapi.minecraftinterface.RecognisedVersion
[ERROR] /workspaces/CodeCureAgent/code_cure_agent/cca_workspace_4/amidst/src/main/java/amidst/mojangapi/world/versionfeatures/DefaultVersionFeatures.java:[175,64] cannot find symbol
[ERROR]   symbol:   variable _18w09a
[ERROR]   location: class amidst.mojangapi.minecraftinterface.RecognisedVersion
[ERROR] /workspaces/CodeCureAgent/code_cure_agent/cca_workspace_4/amidst/src/main/java/amidst/mojangapi/world/versionfeatures/DefaultVersionFeatures.java:[173,64] cannot find symbol
[ERROR]   symbol:   variable _16w43a
[ERROR]   location: class amidst.mojangapi.minecraftinterface.RecognisedVersion
[ERROR] /workspaces/CodeCureAgent/code_cure_agent/cca_workspace_4/amidst/src/main/java/amidst/mojangapi/world/versionfeatures/DefaultVersionFeatures.java:[170,64] cannot find symbol
[ERROR]   symbol:   variable _15w31c
[ERROR]   location: class amidst.mojangapi.minecraftinterface.RecognisedVersion
[ERROR] /workspaces/CodeCureAgent/code_cure_agent/cca_workspace_4/amidst/src/main/java/amidst/mojangapi/world/versionfeatures/DefaultVersionFeatures.java:[166,64] cannot find symbol
[ERROR]   symbol:   variable _12w21a
[ERROR]   location: class amidst.mojangapi.minecraftinterface.RecognisedVersion
[ERROR] /workspaces/CodeCureAgent/code_cure_agent/cca_workspace_4/amidst/src/main/java/amidst/mojangapi/world/versionfeatures/DefaultVersionFeatures.java:[164,64] cannot find symbol
[ERROR]   symbol:   variable _b1_9_pre1
[ERROR]   location: class amidst.mojangapi.minecraftinterface.RecognisedVersion
[ERROR] /workspaces/CodeCureAgent/code_cure_agent/cca_workspace_4/amidst/src/main/java/amidst/mojangapi/world/versionfeatures/DefaultVersionFeatures.java:[160,64] cannot find symbol
[ERROR]   symbol:   variable _b1_8_1
[ERROR]   location: class amidst.mojangapi.minecraftinterface.RecognisedVersion
[ERROR] /workspaces/CodeCureAgent/code_cure_agent/cca_workspace_4/amidst/src/main/java/amidst/mojangapi/world/versionfeatures/DefaultVersionFeatures.java:[202,64] cannot find symbol
[ERROR]   symbol:   variable _12w03a
[ERROR]   location: class amidst.mojangapi.minecraftinterface.RecognisedVersion
[ERROR] /workspaces/CodeCureAgent/code_cure_agent/cca_workspace_4/amidst/src/main/java/amidst/mojangapi/world/versionfeatures/DefaultVersionFeatures.java:[199,64] cannot find symbol
[ERROR]   symbol:   variable _12w01a
[ERROR]   location: class amidst.mojangapi.minecraftinterface.RecognisedVersion
[ERROR] /workspaces/CodeCureAgent/code_cure_agent/cca_workspace_4/amidst/src/main/java/amidst/mojangapi/world/versionfeatures/DefaultVersionFeatures.java:[211,58] cannot find symbol
[ERROR]   symbol:   variable _20w16a
[ERROR]   location: class amidst.mojangapi.minecraftinterface.RecognisedVersion
[ERROR] /workspaces/CodeCureAgent/code_cure_agent/cca_workspace_4/amidst/src/main/java/amidst/mojangapi/world/versionfeatures/DefaultVersionFeatures.java:[209,57] cannot find symbol
[ERROR]   symbol:   variable _b1_9_pre1
[ERROR]   location: class amidst.mojangapi.minecraftinterface.RecognisedVersion
[ERROR] /workspaces/CodeCureAgent/code_cure_agent/cca_workspace_4/amidst/src/main/java/amidst/mojangapi/world/versionfeatures/DefaultVersionFeatures.java:[226,58] cannot find symbol
[ERROR]   symbol:   variable _1_16_pre3
[ERROR]   location: class amidst.mojangapi.minecraftinterface.RecognisedVersion
[ERROR] /workspaces/CodeCureAgent/code_cure_agent/cca_workspace_4/amidst/src/main/java/amidst/mojangapi/world/versionfeatures/DefaultVersionFeatures.java:[232,57] cannot find symbol
[ERROR]   symbol:   variable _20w16a
[ERROR]   location: class amidst.mojangapi.minecraftinterface.RecognisedVersion
[ERROR] /workspaces/CodeCureAgent/code_cure_agent/cca_workspace_4/amidst/src/main/java/amidst/mojangapi/world/versionfeatures/DefaultVersionFeatures.java:[248,63] cannot find symbol
[ERROR]   symbol:   variable _20w16a
[ERROR]   location: class amidst.mojangapi.minecraftinterface.RecognisedVersion
[ERROR] /workspaces/CodeCureAgent/code_cure_agent/cca_workspace_4/amidst/src/main/java/amidst/mojangapi/world/versionfeatures/DefaultVersionFeatures.java:[257,58] cannot find symbol
[ERROR]   symbol:   variable _1_16_pre3
[ERROR]   location: class amidst.mojangapi.minecraftinterface.RecognisedVersion
[ERROR] /workspaces/CodeCureAgent/code_cure_agent/cca_workspace_4/amidst/src/main/java/amidst/mojangapi/world/versionfeatures/DefaultVersionFeatures.java:[267,58] cannot find symbol
[ERROR]   symbol:   variable _1_16_pre3
[ERROR]   location: class amidst.mojangapi.minecraftinterface.RecognisedVersion
[ERROR] /workspaces/CodeCureAgent/code_cure_agent/cca_workspace_4/amidst/src/main/java/amidst/mojangapi/world/versionfeatures/DefaultVersionFeatures.java:[265,58] cannot find symbol
[ERROR]   symbol:   variable _20w19a
[ERROR]   location: class amidst.mojangapi.minecraftinterface.RecognisedVersion
[ERROR] /workspaces/CodeCureAgent/code_cure_agent/cca_workspace_4/amidst/src/main/java/amidst/mojangapi/world/versionfeatures/DefaultVersionFeatures.java:[275,57] cannot find symbol
[ERROR]   symbol:   variable _15w31c
[ERROR]   location: class amidst.mojangapi.minecraftinterface.RecognisedVersion
[ERROR] /workspaces/CodeCureAgent/code_cure_agent/cca_workspace_4/amidst/src/main/java/amidst/mojangapi/world/versionfeatures/DefaultVersionFeatures.java:[301,58] cannot find symbol
[ERROR]   symbol:   variable _18w06a
[ERROR]   location: class amidst.mojangapi.minecraftinterface.RecognisedVersion
[ERROR] /workspaces/CodeCureAgent/code_cure_agent/cca_workspace_4/amidst/src/main/java/amidst/mojangapi/world/versionfeatures/DefaultVersionFeatures.java:[327,58] cannot find symbol
[ERROR]   symbol:   variable _1_9_pre2
[ERROR]   location: class amidst.mojangapi.minecraftinterface.RecognisedVersion
[ERROR] /workspaces/CodeCureAgent/code_cure_agent/cca_workspace_4/amidst/src/main/java/amidst/mojangapi/world/versionfeatures/DefaultVersionFeatures.java:[321,58] cannot find symbol
[ERROR]   symbol:   variable _15w43c
[ERROR]   location: class amidst.mojangapi.minecraftinterface.RecognisedVersion
[ERROR] /workspaces/CodeCureAgent/code_cure_agent/cca_workspace_4/amidst/src/main/java/amidst/mojangapi/world/versionfeatures/DefaultVersionFeatures.java:[357,64] cannot find symbol
[ERROR]   symbol:   variable _20w21a
[ERROR]   location: class amidst.mojangapi.minecraftinterface.RecognisedVersion
[ERROR] /workspaces/CodeCureAgent/code_cure_agent/cca_workspace_4/amidst/src/main/java/amidst/mojangapi/world/versionfeatures/DefaultVersionFeatures.java:[355,65] cannot find symbol
[ERROR]   symbol:   variable _18w06a
[ERROR]   location: class amidst.mojangapi.minecraftinterface.RecognisedVersion
[ERROR] /workspaces/CodeCureAgent/code_cure_agent/cca_workspace_4/amidst/src/main/java/amidst/mojangapi/world/versionfeatures/DefaultVersionFeatures.java:[352,58] cannot find symbol
[ERROR]   symbol:   variable _13w36a
[ERROR]   location: class amidst.mojangapi.minecraftinterface.RecognisedVersion
[ERROR] /workspaces/CodeCureAgent/code_cure_agent/cca_workspace_4/amidst/src/main/java/amidst/mojangapi/world/versionfeatures/DefaultVersionFeatures.java:[349,64] cannot find symbol
[ERROR]   symbol:   variable _12w03a
[ERROR]   location: class amidst.mojangapi.minecraftinterface.RecognisedVersion
[ERROR] /workspaces/CodeCureAgent/code_cure_agent/cca_workspace_4/amidst/src/main/java/amidst/mojangapi/world/versionfeatures/DefaultVersionFeatures.java:[341,64] cannot find symbol
[ERROR]   symbol:   variable _b1_9_pre6
[ERROR]   location: class amidst.mojangapi.minecraftinterface.RecognisedVersion
[ERROR] /workspaces/CodeCureAgent/code_cure_agent/cca_workspace_4/amidst/src/main/java/amidst/mojangapi/world/versionfeatures/DefaultVersionFeatures.java:[380,64] cannot find symbol
[ERROR]   symbol:   variable _18w49a
[ERROR]   location: class amidst.mojangapi.minecraftinterface.RecognisedVersion
[ERROR] /workspaces/CodeCureAgent/code_cure_agent/cca_workspace_4/amidst/src/main/java/amidst/mojangapi/world/versionfeatures/DefaultVersionFeatures.java:[378,64] cannot find symbol
[ERROR]   symbol:   variable _16w20a
[ERROR]   location: class amidst.mojangapi.minecraftinterface.RecognisedVersion
[ERROR] /workspaces/CodeCureAgent/code_cure_agent/cca_workspace_4/amidst/src/main/java/amidst/mojangapi/world/versionfeatures/DefaultVersionFeatures.java:[376,64] cannot find symbol
[ERROR]   symbol:   variable _13w36a
[ERROR]   location: class amidst.mojangapi.minecraftinterface.RecognisedVersion
[ERROR] /workspaces/CodeCureAgent/code_cure_agent/cca_workspace_4/amidst/src/main/java/amidst/mojangapi/world/versionfeatures/DefaultVersionFeatures.java:[386,58] cannot find symbol
[ERROR]   symbol:   variable _16w20a
[ERROR]   location: class amidst.mojangapi.minecraftinterface.RecognisedVersion
[ERROR] /workspaces/CodeCureAgent/code_cure_agent/cca_workspace_4/amidst/src/main/java/amidst/mojangapi/world/versionfeatures/DefaultVersionFeatures.java:[408,64] cannot find symbol
[ERROR]   symbol:   variable _18w49a
[ERROR]   location: class amidst.mojangapi.minecraftinterface.RecognisedVersion
[ERROR] /workspaces/CodeCureAgent/code_cure_agent/cca_workspace_4/amidst/src/main/java/amidst/mojangapi/world/versionfeatures/DefaultVersionFeatures.java:[403,63] cannot find symbol
[ERROR]   symbol:   variable _18w47b
[ERROR]   location: class amidst.mojangapi.minecraftinterface.RecognisedVersion
[ERROR] /workspaces/CodeCureAgent/code_cure_agent/cca_workspace_4/amidst/src/main/java/amidst/mojangapi/world/versionfeatures/DefaultVersionFeatures.java:[416,58] cannot find symbol
[ERROR]   symbol:   variable _19w13b
[ERROR]   location: class amidst.mojangapi.minecraftinterface.RecognisedVersion
[ERROR] /workspaces/CodeCureAgent/code_cure_agent/cca_workspace_4/amidst/src/main/java/amidst/mojangapi/world/versionfeatures/DefaultVersionFeatures.java:[422,58] cannot find symbol
[ERROR]   symbol:   variable _20w21a
[ERROR]   location: class amidst.mojangapi.minecraftinterface.RecognisedVersion
[ERROR] /workspaces/CodeCureAgent/code_cure_agent/cca_workspace_4/amidst/src/main/java/amidst/mojangapi/world/versionfeatures/DefaultVersionFeatures.java:[436,64] cannot find symbol
[ERROR]   symbol:   variable _12w01a
[ERROR]   location: class amidst.mojangapi.minecraftinterface.RecognisedVersion
[ERROR] /workspaces/CodeCureAgent/code_cure_agent/cca_workspace_4/amidst/src/main/java/amidst/mojangapi/world/versionfeatures/DefaultVersionFeatures.java:[453,63] cannot find symbol
[ERROR]   symbol:   variable _15w43c
[ERROR]   location: class amidst.mojangapi.minecraftinterface.RecognisedVersion
[ERROR] /workspaces/CodeCureAgent/code_cure_agent/cca_workspace_4/amidst/src/main/java/amidst/mojangapi/world/versionfeatures/DefaultVersionFeatures.java:[461,58] cannot find symbol
[ERROR]   symbol:   variable _18w06a
[ERROR]   location: class amidst.mojangapi.minecraftinterface.RecognisedVersion
[ERROR] /workspaces/CodeCureAgent/code_cure_agent/cca_workspace_4/amidst/src/main/java/amidst/mojangapi/world/versionfeatures/DefaultVersionFeatures.java:[478,64] cannot find symbol
[ERROR]   symbol:   variable _19w06a
[ERROR]   location: class amidst.mojangapi.minecraftinterface.RecognisedVersion
[ERROR] /workspaces/CodeCureAgent/code_cure_agent/cca_workspace_4/amidst/src/main/java/amidst/mojangapi/world/versionfeatures/DefaultVersionFeatures.java:[474,63] cannot find symbol
[ERROR]   symbol:   variable _12w22a
[ERROR]   location: class amidst.mojangapi.minecraftinterface.RecognisedVersion
[ERROR] /workspaces/CodeCureAgent/code_cure_agent/cca_workspace_4/amidst/src/main/java/amidst/mojangapi/world/versionfeatures/DefaultVersionFeatures.java:[485,58] cannot find symbol
[ERROR]   symbol:   variable _18w06a
[ERROR]   location: class amidst.mojangapi.minecraftinterface.RecognisedVersion
[ERROR] /workspaces/CodeCureAgent/code_cure_agent/cca_workspace_4/amidst/src/main/java/amidst/mojangapi/world/versionfeatures/DefaultVersionFeatures.java:[504,58] cannot find symbol
[ERROR]   symbol:   variable _18w06a
[ERROR]   location: class amidst.mojangapi.minecraftinterface.RecognisedVersion
[ERROR] /workspaces/CodeCureAgent/code_cure_agent/cca_workspace_4/amidst/src/main/java/amidst/mojangapi/world/versionfeatures/DefaultVersionFeatures.java:[516,58] cannot find symbol
[ERROR]   symbol:   variable _15w46a
[ERROR]   location: class amidst.mojangapi.minecraftinterface.RecognisedVersion
[ERROR] /workspaces/CodeCureAgent/code_cure_agent/cca_workspace_4/amidst/src/main/java/amidst/mojangapi/world/versionfeatures/DefaultVersionFeatures.java:[528,64] cannot find symbol
[ERROR]   symbol:   variable _18w08a
[ERROR]   location: class amidst.mojangapi.minecraftinterface.RecognisedVersion
[ERROR] /workspaces/CodeCureAgent/code_cure_agent/cca_workspace_4/amidst/src/main/java/amidst/mojangapi/world/versionfeatures/DefaultVersionFeatures.java:[541,64] cannot find symbol
[ERROR]   symbol:   variable _18w08a
[ERROR]   location: class amidst.mojangapi.minecraftinterface.RecognisedVersion
[ERROR] /workspaces/CodeCureAgent/code_cure_agent/cca_workspace_4/amidst/src/main/java/amidst/mojangapi/world/versionfeatures/DefaultVersionFeatures.java:[568,70] cannot find symbol
[ERROR]   symbol:   variable _16w43a
[ERROR]   location: class amidst.mojangapi.minecraftinterface.RecognisedVersion
[ERROR] /workspaces/CodeCureAgent/code_cure_agent/cca_workspace_4/amidst/src/main/java/amidst/mojangapi/world/versionfeatures/DefaultVersionFeatures.java:[584,63] cannot find symbol
[ERROR]   symbol:   variable _18w09a
[ERROR]   location: class amidst.mojangapi.minecraftinterface.RecognisedVersion
[ERROR] /workspaces/CodeCureAgent/code_cure_agent/cca_workspace_4/amidst/src/main/java/amidst/mojangapi/world/versionfeatures/DefaultVersionFeatures.java:[603,58] cannot find symbol
[ERROR]   symbol:   variable _20w06a
[ERROR]   location: class amidst.mojangapi.minecraftinterface.RecognisedVersion
[ERROR] /workspaces/CodeCureAgent/code_cure_agent/cca_workspace_4/amidst/src/main/java/amidst/mojangapi/world/versionfeatures/DefaultVersionFeatures.java:[622,63] cannot find symbol
[ERROR]   symbol:   variable _18w11a
[ERROR]   location: class amidst.mojangapi.minecraftinterface.RecognisedVersion
[ERROR] /workspaces/CodeCureAgent/code_cure_agent/cca_workspace_4/amidst/src/main/java/amidst/mojangapi/world/versionfeatures/DefaultVersionFeatures.java:[641,58] cannot find symbol
[ERROR]   symbol:   variable _20w06a
[ERROR]   location: class amidst.mojangapi.minecraftinterface.RecognisedVersion
[ERROR] /workspaces/CodeCureAgent/code_cure_agent/cca_workspace_4/amidst/src/main/java/amidst/mojangapi/world/versionfeatures/DefaultVersionFeatures.java:[639,58] cannot find symbol
[ERROR]   symbol:   variable _1_13_pre7
[ERROR]   location: class amidst.mojangapi.minecraftinterface.RecognisedVersion
[ERROR] /workspaces/CodeCureAgent/code_cure_agent/cca_workspace_4/amidst/src/main/java/amidst/mojangapi/world/versionfeatures/DefaultVersionFeatures.java:[647,58] cannot find symbol
[ERROR]   symbol:   variable _20w06a
[ERROR]   location: class amidst.mojangapi.minecraftinterface.RecognisedVersion
[ERROR] /workspaces/CodeCureAgent/code_cure_agent/cca_workspace_4/amidst/src/main/java/amidst/mojangapi/world/versionfeatures/DefaultVersionFeatures.java:[671,70] cannot find symbol
[ERROR]   symbol:   variable _18w10d
[ERROR]   location: class amidst.mojangapi.minecraftinterface.RecognisedVersion
[ERROR] /workspaces/CodeCureAgent/code_cure_agent/cca_workspace_4/amidst/src/main/java/amidst/mojangapi/world/versionfeatures/DefaultVersionFeatures.java:[689,58] cannot find symbol
[ERROR]   symbol:   variable _18w30b
[ERROR]   location: class amidst.mojangapi.minecraftinterface.RecognisedVersion
[ERROR] /workspaces/CodeCureAgent/code_cure_agent/cca_workspace_4/amidst/src/main/java/amidst/mojangapi/world/versionfeatures/DefaultVersionFeatures.java:[687,58] cannot find symbol
[ERROR]   symbol:   variable _1_13_pre7
[ERROR]   location: class amidst.mojangapi.minecraftinterface.RecognisedVersion
[ERROR] /workspaces/CodeCureAgent/code_cure_agent/cca_workspace_4/amidst/src/main/java/amidst/mojangapi/world/versionfeatures/DefaultVersionFeatures.java:[685,58] cannot find symbol
[ERROR]   symbol:   variable _1_13_pre4
[ERROR]   location: class amidst.mojangapi.minecraftinterface.RecognisedVersion
[ERROR] /workspaces/CodeCureAgent/code_cure_agent/cca_workspace_4/amidst/src/main/java/amidst/mojangapi/world/versionfeatures/DefaultVersionFeatures.java:[683,58] cannot find symbol
[ERROR]   symbol:   variable _18w06a
[ERROR]   location: class amidst.mojangapi.minecraftinterface.RecognisedVersion
[ERROR] /workspaces/CodeCureAgent/code_cure_agent/cca_workspace_4/amidst/src/main/java/amidst/mojangapi/world/versionfeatures/DefaultBiomes.java:[276,48] cannot find symbol
[ERROR]   symbol:   variable _20w15a
[ERROR]   location: class amidst.mojangapi.minecraftinterface.RecognisedVersion
[ERROR] /workspaces/CodeCureAgent/code_cure_agent/cca_workspace_4/amidst/src/main/java/amidst/mojangapi/world/versionfeatures/DefaultBiomes.java:[271,48] cannot find symbol
[ERROR]   symbol:   variable _20w06a
[ERROR]   location: class amidst.mojangapi.minecraftinterface.RecognisedVersion
[ERROR] /workspaces/CodeCureAgent/code_cure_agent/cca_workspace_4/amidst/src/main/java/amidst/mojangapi/world/versionfeatures/DefaultBiomes.java:[268,48] cannot find symbol
[ERROR]   symbol:   variable _18w43a
[ERROR]   location: class amidst.mojangapi.minecraftinterface.RecognisedVersion
[ERROR] /workspaces/CodeCureAgent/code_cure_agent/cca_workspace_4/amidst/src/main/java/amidst/mojangapi/world/versionfeatures/DefaultBiomes.java:[221,48] cannot find symbol
[ERROR]   symbol:   variable _18w19a
[ERROR]   location: class amidst.mojangapi.minecraftinterface.RecognisedVersion
[ERROR] /workspaces/CodeCureAgent/code_cure_agent/cca_workspace_4/amidst/src/main/java/amidst/mojangapi/world/versionfeatures/DefaultBiomes.java:[203,48] cannot find symbol
[ERROR]   symbol:   variable _18w16a
[ERROR]   location: class amidst.mojangapi.minecraftinterface.RecognisedVersion
[ERROR] /workspaces/CodeCureAgent/code_cure_agent/cca_workspace_4/amidst/src/main/java/amidst/mojangapi/world/versionfeatures/DefaultBiomes.java:[195,48] cannot find symbol
[ERROR]   symbol:   variable _18w08a
[ERROR]   location: class amidst.mojangapi.minecraftinterface.RecognisedVersion
[ERROR] /workspaces/CodeCureAgent/code_cure_agent/cca_workspace_4/amidst/src/main/java/amidst/mojangapi/world/versionfeatures/DefaultBiomes.java:[190,48] cannot find symbol
[ERROR]   symbol:   variable _18w06a
[ERROR]   location: class amidst.mojangapi.minecraftinterface.RecognisedVersion
[ERROR] /workspaces/CodeCureAgent/code_cure_agent/cca_workspace_4/amidst/src/main/java/amidst/mojangapi/world/versionfeatures/DefaultBiomes.java:[188,48] cannot find symbol
[ERROR]   symbol:   variable _15w40b
[ERROR]   location: class amidst.mojangapi.minecraftinterface.RecognisedVersion
[ERROR] /workspaces/CodeCureAgent/code_cure_agent/cca_workspace_4/amidst/src/main/java/amidst/mojangapi/world/versionfeatures/DefaultBiomes.java:[182,48] cannot find symbol
[ERROR]   symbol:   variable _15w31c
[ERROR]   location: class amidst.mojangapi.minecraftinterface.RecognisedVersion
[ERROR] /workspaces/CodeCureAgent/code_cure_agent/cca_workspace_4/amidst/src/main/java/amidst/mojangapi/world/versionfeatures/DefaultBiomes.java:[180,48] cannot find symbol
[ERROR]   symbol:   variable _14w17a
[ERROR]   location: class amidst.mojangapi.minecraftinterface.RecognisedVersion
[ERROR] /workspaces/CodeCureAgent/code_cure_agent/cca_workspace_4/amidst/src/main/java/amidst/mojangapi/world/versionfeatures/DefaultBiomes.java:[178,48] cannot find symbol
[ERROR]   symbol:   variable _14w02a
[ERROR]   location: class amidst.mojangapi.minecraftinterface.RecognisedVersion
[ERROR] /workspaces/CodeCureAgent/code_cure_agent/cca_workspace_4/amidst/src/main/java/amidst/mojangapi/world/versionfeatures/DefaultBiomes.java:[138,48] cannot find symbol
[ERROR]   symbol:   variable _13w36a
[ERROR]   location: class amidst.mojangapi.minecraftinterface.RecognisedVersion
[ERROR] /workspaces/CodeCureAgent/code_cure_agent/cca_workspace_4/amidst/src/main/java/amidst/mojangapi/world/versionfeatures/DefaultBiomes.java:[135,48] cannot find symbol
[ERROR]   symbol:   variable _12w03a
[ERROR]   location: class amidst.mojangapi.minecraftinterface.RecognisedVersion
[ERROR] /workspaces/CodeCureAgent/code_cure_agent/cca_workspace_4/amidst/src/main/java/amidst/mojangapi/world/versionfeatures/DefaultBiomes.java:[129,48] cannot find symbol
[ERROR]   symbol:   variable _12w01a
[ERROR]   location: class amidst.mojangapi.minecraftinterface.RecognisedVersion
[ERROR] /workspaces/CodeCureAgent/code_cure_agent/cca_workspace_4/amidst/src/main/java/amidst/mojangapi/world/versionfeatures/DefaultBiomes.java:[122,48] cannot find symbol
[ERROR]   symbol:   variable _b1_9_pre1
[ERROR]   location: class amidst.mojangapi.minecraftinterface.RecognisedVersion
[ERROR] /workspaces/CodeCureAgent/code_cure_agent/cca_workspace_4/amidst/src/main/java/amidst/mojangapi/minecraftinterface/local/LocalMinecraftInterface.java:[228,93] cannot find symbol
[ERROR]   symbol:   variable _1_16_pre1
[ERROR]   location: class amidst.mojangapi.minecraftinterface.RecognisedVersion
[ERROR] -> [Help 1]
[ERROR] 
[ERROR] To see the full stack trace of the errors, re-run Maven with the -e switch.
[ERROR] Re-run Maven using the -X switch to enable full debug logging.
[ERROR] 
[ERROR] For more information about the errors and possible solutions, please read the following articles:
[ERROR] [Help 1] http://cwiki.apache.org/confluence/display/MAVEN/MojoFailureException
