[INFO] Scanning for projects...
[INFO] Inspecting build with total of 1 modules...
[INFO] Installing Nexus Staging features:
[INFO]   ... total of 1 executions of maven-deploy-plugin replaced with nexus-staging-maven-plugin
[INFO] 
[INFO] ----------------< com.github.davidmoten:rxjava2-extras >----------------
[INFO] Building rxjava2-extras 0.1.39-SNAPSHOT
[INFO] --------------------------------[ jar ]---------------------------------
[INFO] 
[INFO] --- maven-clean-plugin:2.5:clean (default-clean) @ rxjava2-extras ---
[INFO] Deleting /workspaces/xxxx/code_cure_agent/cca_workspace/rxjava2-extras/target
[INFO] 
[INFO] --- jacoco-maven-plugin:0.8.2:prepare-agent (default) @ rxjava2-extras ---
[INFO] argLine set to -javaagent:/home/vscode/.m2/repository/org/jacoco/org.jacoco.agent/0.8.2/org.jacoco.agent-0.8.2-runtime.jar=destfile=/workspaces/xxxx/code_cure_agent/cca_workspace/rxjava2-extras/target/jacoco.exec
[INFO] 
[INFO] --- maven-resources-plugin:2.6:resources (default-resources) @ rxjava2-extras ---
[INFO] Using 'UTF-8' encoding to copy filtered resources.
[INFO] skip non existing resourceDirectory /workspaces/xxxx/code_cure_agent/cca_workspace/rxjava2-extras/src/main/resources
[INFO] 
[INFO] --- maven-compiler-plugin:3.8.0:compile (default-compile) @ rxjava2-extras ---
[INFO] Changes detected - recompiling the module!
[INFO] Compiling 70 source files to /workspaces/xxxx/code_cure_agent/cca_workspace/rxjava2-extras/target/classes
[INFO] /workspaces/xxxx/code_cure_agent/cca_workspace/rxjava2-extras/src/main/java/com/github/davidmoten/rx2/internal/flowable/TransformerStateMachine.java: /workspaces/xxxx/code_cure_agent/cca_workspace/rxjava2-extras/src/main/java/com/github/davidmoten/rx2/internal/flowable/TransformerStateMachine.java uses or overrides a deprecated API.
[INFO] /workspaces/xxxx/code_cure_agent/cca_workspace/rxjava2-extras/src/main/java/com/github/davidmoten/rx2/internal/flowable/TransformerStateMachine.java: Recompile with -Xlint:deprecation for details.
[INFO] -------------------------------------------------------------
[WARNING] COMPILATION WARNING : 
[INFO] -------------------------------------------------------------
[WARNING] /workspaces/xxxx/code_cure_agent/cca_workspace/rxjava2-extras/src/main/java/com/github/davidmoten/rx2/internal/flowable/buffertofile/UnsafeAccess.java:[5,16] sun.misc.Unsafe is internal proprietary API and may be removed in a future release
[WARNING] /workspaces/xxxx/code_cure_agent/cca_workspace/rxjava2-extras/src/main/java/com/github/davidmoten/rx2/internal/flowable/buffertofile/MemoryMappedFile.java:[11,16] sun.misc.Unsafe is internal proprietary API and may be removed in a future release
[WARNING] /workspaces/xxxx/code_cure_agent/cca_workspace/rxjava2-extras/src/main/java/com/github/davidmoten/rx2/internal/flowable/buffertofile/MemoryMappedFile.java:[12,18] sun.nio.ch.FileChannelImpl is internal proprietary API and may be removed in a future release
[WARNING] /workspaces/xxxx/code_cure_agent/cca_workspace/rxjava2-extras/src/main/java/com/github/davidmoten/rx2/internal/flowable/buffertofile/UnsafeAccess.java:[14,20] sun.misc.Unsafe is internal proprietary API and may be removed in a future release
[WARNING] /workspaces/xxxx/code_cure_agent/cca_workspace/rxjava2-extras/src/main/java/com/github/davidmoten/rx2/internal/flowable/buffertofile/UnsafeAccess.java:[18,44] sun.misc.Unsafe is internal proprietary API and may be removed in a future release
[WARNING] /workspaces/xxxx/code_cure_agent/cca_workspace/rxjava2-extras/src/main/java/com/github/davidmoten/rx2/internal/flowable/buffertofile/UnsafeAccess.java:[20,23] sun.misc.Unsafe is internal proprietary API and may be removed in a future release
[WARNING] /workspaces/xxxx/code_cure_agent/cca_workspace/rxjava2-extras/src/main/java/com/github/davidmoten/rx2/internal/flowable/buffertofile/UnsafeAccess.java:[26,19] sun.misc.Unsafe is internal proprietary API and may be removed in a future release
[WARNING] /workspaces/xxxx/code_cure_agent/cca_workspace/rxjava2-extras/src/main/java/com/github/davidmoten/rx2/internal/flowable/buffertofile/MemoryMappedFile.java:[17,26] sun.misc.Unsafe is internal proprietary API and may be removed in a future release
[WARNING] /workspaces/xxxx/code_cure_agent/cca_workspace/rxjava2-extras/src/main/java/com/github/davidmoten/rx2/internal/flowable/buffertofile/MemoryMappedFile.java:[28,26] sun.nio.ch.FileChannelImpl is internal proprietary API and may be removed in a future release
[WARNING] /workspaces/xxxx/code_cure_agent/cca_workspace/rxjava2-extras/src/main/java/com/github/davidmoten/rx2/internal/flowable/buffertofile/MemoryMappedFile.java:[29,28] sun.nio.ch.FileChannelImpl is internal proprietary API and may be removed in a future release
[INFO] 10 warnings 
[INFO] -------------------------------------------------------------
[INFO] -------------------------------------------------------------
[ERROR] COMPILATION ERROR : 
[INFO] -------------------------------------------------------------
[ERROR] /workspaces/xxxx/code_cure_agent/cca_workspace/rxjava2-extras/src/main/java/com/github/davidmoten/rx2/internal/flowable/buffertofile/FlowableOnBackpressureBufferToFile.java:[107,13] done has private access in com.github.davidmoten.rx2.internal.flowable.buffertofile.FlowableOnBackpressureBufferToFile.BufferToFileSubscriber
[ERROR] /workspaces/xxxx/code_cure_agent/cca_workspace/rxjava2-extras/src/main/java/com/github/davidmoten/rx2/internal/flowable/buffertofile/FlowableOnBackpressureBufferToFile.java:[146,13] done has private access in com.github.davidmoten.rx2.internal.flowable.buffertofile.FlowableOnBackpressureBufferToFile.BufferToFileSubscriber
[INFO] 2 errors 
[INFO] -------------------------------------------------------------
[INFO] ------------------------------------------------------------------------
[INFO] BUILD FAILURE
[INFO] ------------------------------------------------------------------------
[INFO] Total time:  3.065 s
[INFO] Finished at: 2025-08-20T14:00:46Z
[INFO] ------------------------------------------------------------------------
[ERROR] Failed to execute goal org.apache.maven.plugins:maven-compiler-plugin:3.8.0:compile (default-compile) on project rxjava2-extras: Compilation failure: Compilation failure: 
[ERROR] /workspaces/xxxx/code_cure_agent/cca_workspace/rxjava2-extras/src/main/java/com/github/davidmoten/rx2/internal/flowable/buffertofile/FlowableOnBackpressureBufferToFile.java:[107,13] done has private access in com.github.davidmoten.rx2.internal.flowable.buffertofile.FlowableOnBackpressureBufferToFile.BufferToFileSubscriber
[ERROR] /workspaces/xxxx/code_cure_agent/cca_workspace/rxjava2-extras/src/main/java/com/github/davidmoten/rx2/internal/flowable/buffertofile/FlowableOnBackpressureBufferToFile.java:[146,13] done has private access in com.github.davidmoten.rx2.internal.flowable.buffertofile.FlowableOnBackpressureBufferToFile.BufferToFileSubscriber
[ERROR] -> [Help 1]
[ERROR] 
[ERROR] To see the full stack trace of the errors, re-run Maven with the -e switch.
[ERROR] Re-run Maven using the -X switch to enable full debug logging.
[ERROR] 
[ERROR] For more information about the errors and possible solutions, please read the following articles:
[ERROR] [Help 1] http://cwiki.apache.org/confluence/display/MAVEN/MojoFailureException
