[INFO] Scanning for projects...
[WARNING] 
[WARNING] Some problems were encountered while building the effective model for com.grack:nanojson:jar:1.7-SNAPSHOT
[WARNING] 'build.plugins.plugin.version' for org.apache.maven.plugins:maven-jar-plugin is missing. @ line 190, column 10
[WARNING] 
[WARNING] It is highly recommended to fix these problems because they threaten the stability of your build.
[WARNING] 
[WARNING] For this reason, future Maven versions might no longer support building such malformed projects.
[WARNING] 
[INFO] 
[INFO] -------------------------< com.grack:nanojson >-------------------------
[INFO] Building nanojson 1.7-SNAPSHOT
[INFO] --------------------------------[ jar ]---------------------------------
[INFO] 
[INFO] --- maven-clean-plugin:2.5:clean (default-clean) @ nanojson ---
[INFO] Deleting /workspaces/master-thesis-pascal-joos/code_cure_agent/cca_workspace/nanojson/target
[INFO] 
[INFO] --- maven-enforcer-plugin:1.0:enforce (enforce-maven) @ nanojson ---
[INFO] 
[INFO] --- maven-resources-plugin:2.6:resources (default-resources) @ nanojson ---
[INFO] Using 'UTF-8' encoding to copy filtered resources.
[INFO] skip non existing resourceDirectory /workspaces/master-thesis-pascal-joos/code_cure_agent/cca_workspace/nanojson/src/main/resources
[INFO] 
[INFO] --- maven-compiler-plugin:3.8.1:compile (default-compile) @ nanojson ---
[INFO] Changes detected - recompiling the module!
[INFO] Compiling 15 source files to /workspaces/master-thesis-pascal-joos/code_cure_agent/cca_workspace/nanojson/target/classes
[INFO] -------------------------------------------------------------
[ERROR] COMPILATION ERROR : 
[INFO] -------------------------------------------------------------
[ERROR] /workspaces/master-thesis-pascal-joos/code_cure_agent/cca_workspace/nanojson/src/main/java/com/grack/nanojson/JsonTokener.java:[104,59] cannot find symbol
  symbol:   variable UTF_32BE
  location: class java.nio.charset.StandardCharsets
[ERROR] /workspaces/master-thesis-pascal-joos/code_cure_agent/cca_workspace/nanojson/src/main/java/com/grack/nanojson/JsonTokener.java:[106,59] cannot find symbol
  symbol:   variable UTF_32LE
  location: class java.nio.charset.StandardCharsets
[ERROR] /workspaces/master-thesis-pascal-joos/code_cure_agent/cca_workspace/nanojson/src/main/java/com/grack/nanojson/JsonTokener.java:[118,59] cannot find symbol
  symbol:   variable UTF_32BE
  location: class java.nio.charset.StandardCharsets
[ERROR] /workspaces/master-thesis-pascal-joos/code_cure_agent/cca_workspace/nanojson/src/main/java/com/grack/nanojson/JsonTokener.java:[121,59] cannot find symbol
  symbol:   variable UTF_32LE
  location: class java.nio.charset.StandardCharsets
[INFO] 4 errors 
[INFO] -------------------------------------------------------------
[INFO] ------------------------------------------------------------------------
[INFO] BUILD FAILURE
[INFO] ------------------------------------------------------------------------
[INFO] Total time:  1.621 s
[INFO] Finished at: 2025-08-20T16:25:19Z
[INFO] ------------------------------------------------------------------------
[ERROR] Failed to execute goal org.apache.maven.plugins:maven-compiler-plugin:3.8.1:compile (default-compile) on project nanojson: Compilation failure: Compilation failure: 
[ERROR] /workspaces/master-thesis-pascal-joos/code_cure_agent/cca_workspace/nanojson/src/main/java/com/grack/nanojson/JsonTokener.java:[104,59] cannot find symbol
[ERROR]   symbol:   variable UTF_32BE
[ERROR]   location: class java.nio.charset.StandardCharsets
[ERROR] /workspaces/master-thesis-pascal-joos/code_cure_agent/cca_workspace/nanojson/src/main/java/com/grack/nanojson/JsonTokener.java:[106,59] cannot find symbol
[ERROR]   symbol:   variable UTF_32LE
[ERROR]   location: class java.nio.charset.StandardCharsets
[ERROR] /workspaces/master-thesis-pascal-joos/code_cure_agent/cca_workspace/nanojson/src/main/java/com/grack/nanojson/JsonTokener.java:[118,59] cannot find symbol
[ERROR]   symbol:   variable UTF_32BE
[ERROR]   location: class java.nio.charset.StandardCharsets
[ERROR] /workspaces/master-thesis-pascal-joos/code_cure_agent/cca_workspace/nanojson/src/main/java/com/grack/nanojson/JsonTokener.java:[121,59] cannot find symbol
[ERROR]   symbol:   variable UTF_32LE
[ERROR]   location: class java.nio.charset.StandardCharsets
[ERROR] -> [Help 1]
[ERROR] 
[ERROR] To see the full stack trace of the errors, re-run Maven with the -e switch.
[ERROR] Re-run Maven using the -X switch to enable full debug logging.
[ERROR] 
[ERROR] For more information about the errors and possible solutions, please read the following articles:
[ERROR] [Help 1] http://cwiki.apache.org/confluence/display/MAVEN/MojoFailureException
