[INFO] Scanning for projects...
[INFO] 
[INFO] ---------------------< org.exparity:hamcrest-date >---------------------
[INFO] Building Hamcrest Date 2.0.8-SNAPSHOT
[INFO] --------------------------------[ jar ]---------------------------------
[INFO] 
[INFO] --- maven-clean-plugin:2.5:clean (default-clean) @ hamcrest-date ---
[INFO] 
[INFO] --- maven-enforcer-plugin:1.2:enforce (enforce-maven) @ hamcrest-date ---
[INFO] 
[INFO] --- maven-resources-plugin:2.6:resources (default-resources) @ hamcrest-date ---
[INFO] Using 'UTF-8' encoding to copy filtered resources.
[INFO] Copying 1 resource to META-INF
[INFO] 
[INFO] --- maven-compiler-plugin:3.1:compile (default-compile) @ hamcrest-date ---
[INFO] Changes detected - recompiling the module!
[INFO] Compiling 53 source files to /workspaces/CodeCureAgent/code_cure_agent/cca_workspace/hamcrest-date/target/classes
[INFO] -------------------------------------------------------------
[WARNING] COMPILATION WARNING : 
[INFO] -------------------------------------------------------------
[WARNING] /workspaces/CodeCureAgent/code_cure_agent/cca_workspace/hamcrest-date/src/main/java/org/exparity/hamcrest/date/Moments.java: /workspaces/CodeCureAgent/code_cure_agent/cca_workspace/hamcrest-date/src/main/java/org/exparity/hamcrest/date/Moments.java uses or overrides a deprecated API.
[WARNING] /workspaces/CodeCureAgent/code_cure_agent/cca_workspace/hamcrest-date/src/main/java/org/exparity/hamcrest/date/Moments.java: Recompile with -Xlint:deprecation for details.
[INFO] 2 warnings 
[INFO] -------------------------------------------------------------
[INFO] -------------------------------------------------------------
[ERROR] COMPILATION ERROR : 
[INFO] -------------------------------------------------------------
[ERROR] /workspaces/CodeCureAgent/code_cure_agent/cca_workspace/hamcrest-date/src/main/java/org/exparity/hamcrest/date/DateMatchers.java:[70,38] cannot find symbol
  symbol:   variable JAVADATE_AS_JAVADATE
  location: class org.exparity.hamcrest.date.DateMatchers
[ERROR] /workspaces/CodeCureAgent/code_cure_agent/cca_workspace/hamcrest-date/src/main/java/org/exparity/hamcrest/date/DateMatchers.java:[85,30] cannot find symbol
  symbol:   variable JAVADATE_AS_SQLDATE
  location: class org.exparity.hamcrest.date.DateMatchers
[ERROR] /workspaces/CodeCureAgent/code_cure_agent/cca_workspace/hamcrest-date/src/main/java/org/exparity/hamcrest/date/DateMatchers.java:[117,30] cannot find symbol
  symbol:   variable JAVADATE_AS_LOCALDATE
  location: class org.exparity.hamcrest.date.DateMatchers
[ERROR] /workspaces/CodeCureAgent/code_cure_agent/cca_workspace/hamcrest-date/src/main/java/org/exparity/hamcrest/date/DateMatchers.java:[132,30] cannot find symbol
  symbol:   variable JAVADATE_AS_LOCALDATETIME
  location: class org.exparity.hamcrest.date.DateMatchers
[ERROR] /workspaces/CodeCureAgent/code_cure_agent/cca_workspace/hamcrest-date/src/main/java/org/exparity/hamcrest/date/DateMatchers.java:[147,30] cannot find symbol
  symbol:   variable JAVADATE_AS_INSTANT
  location: class org.exparity.hamcrest.date.DateMatchers
[ERROR] /workspaces/CodeCureAgent/code_cure_agent/cca_workspace/hamcrest-date/src/main/java/org/exparity/hamcrest/date/DateMatchers.java:[250,39] cannot find symbol
  symbol:   variable JAVADATE_AS_JAVADATE
  location: class org.exparity.hamcrest.date.DateMatchers
[ERROR] /workspaces/CodeCureAgent/code_cure_agent/cca_workspace/hamcrest-date/src/main/java/org/exparity/hamcrest/date/DateMatchers.java:[265,31] cannot find symbol
  symbol:   variable JAVADATE_AS_SQLDATE
  location: class org.exparity.hamcrest.date.DateMatchers
[ERROR] /workspaces/CodeCureAgent/code_cure_agent/cca_workspace/hamcrest-date/src/main/java/org/exparity/hamcrest/date/DateMatchers.java:[297,31] cannot find symbol
  symbol:   variable JAVADATE_AS_LOCALDATE
  location: class org.exparity.hamcrest.date.DateMatchers
[ERROR] /workspaces/CodeCureAgent/code_cure_agent/cca_workspace/hamcrest-date/src/main/java/org/exparity/hamcrest/date/DateMatchers.java:[312,31] cannot find symbol
  symbol:   variable JAVADATE_AS_LOCALDATETIME
  location: class org.exparity.hamcrest.date.DateMatchers
[ERROR] /workspaces/CodeCureAgent/code_cure_agent/cca_workspace/hamcrest-date/src/main/java/org/exparity/hamcrest/date/DateMatchers.java:[327,31] cannot find symbol
  symbol:   variable JAVADATE_AS_INSTANT
  location: class org.exparity.hamcrest.date.DateMatchers
[ERROR] /workspaces/CodeCureAgent/code_cure_agent/cca_workspace/hamcrest-date/src/main/java/org/exparity/hamcrest/date/DateMatchers.java:[477,34] cannot find symbol
  symbol:   variable JAVADATE_AS_DAYOFWEEK
  location: class org.exparity.hamcrest.date.DateMatchers
[ERROR] /workspaces/CodeCureAgent/code_cure_agent/cca_workspace/hamcrest-date/src/main/java/org/exparity/hamcrest/date/DateMatchers.java:[492,34] cannot find symbol
  symbol:   variable JAVADATE_AS_DAYOFWEEK
  location: class org.exparity.hamcrest.date.DateMatchers
[ERROR] /workspaces/CodeCureAgent/code_cure_agent/cca_workspace/hamcrest-date/src/main/java/org/exparity/hamcrest/date/DateMatchers.java:[507,35] cannot find symbol
  symbol:   variable JAVADATE_AS_DAYOFMONTH
  location: class org.exparity.hamcrest.date.DateMatchers
[ERROR] /workspaces/CodeCureAgent/code_cure_agent/cca_workspace/hamcrest-date/src/main/java/org/exparity/hamcrest/date/DateMatchers.java:[522,35] cannot find symbol
  symbol:   variable JAVADATE_AS_DAYOFMONTH
  location: class org.exparity.hamcrest.date.DateMatchers
[ERROR] /workspaces/CodeCureAgent/code_cure_agent/cca_workspace/hamcrest-date/src/main/java/org/exparity/hamcrest/date/DateMatchers.java:[537,32] cannot find symbol
  symbol:   variable JAVADATE_AS_LOCALDATE
  location: class org.exparity.hamcrest.date.DateMatchers
[ERROR] /workspaces/CodeCureAgent/code_cure_agent/cca_workspace/hamcrest-date/src/main/java/org/exparity/hamcrest/date/DateMatchers.java:[552,32] cannot find symbol
  symbol:   variable JAVADATE_AS_LOCALDATE
  location: class org.exparity.hamcrest.date.DateMatchers
[ERROR] /workspaces/CodeCureAgent/code_cure_agent/cca_workspace/hamcrest-date/src/main/java/org/exparity/hamcrest/date/DateMatchers.java:[584,32] cannot find symbol
  symbol:   variable JAVADATE_AS_LOCALDATE
  location: class org.exparity.hamcrest.date.DateMatchers
[ERROR] /workspaces/CodeCureAgent/code_cure_agent/cca_workspace/hamcrest-date/src/main/java/org/exparity/hamcrest/date/DateMatchers.java:[663,29] cannot find symbol
  symbol:   variable JAVADATE_AS_HOUR
  location: class org.exparity.hamcrest.date.DateMatchers
[ERROR] /workspaces/CodeCureAgent/code_cure_agent/cca_workspace/hamcrest-date/src/main/java/org/exparity/hamcrest/date/DateMatchers.java:[705,29] cannot find symbol
  symbol:   variable JAVADATE_AS_HOUR
  location: class org.exparity.hamcrest.date.DateMatchers
[ERROR] /workspaces/CodeCureAgent/code_cure_agent/cca_workspace/hamcrest-date/src/main/java/org/exparity/hamcrest/date/DateMatchers.java:[720,29] cannot find symbol
  symbol:   variable JAVADATE_AS_INSTANT
  location: class org.exparity.hamcrest.date.DateMatchers
[ERROR] /workspaces/CodeCureAgent/code_cure_agent/cca_workspace/hamcrest-date/src/main/java/org/exparity/hamcrest/date/DateMatchers.java:[747,29] cannot find symbol
  symbol:   variable JAVADATE_AS_INSTANT
  location: class org.exparity.hamcrest.date.DateMatchers
[ERROR] /workspaces/CodeCureAgent/code_cure_agent/cca_workspace/hamcrest-date/src/main/java/org/exparity/hamcrest/date/DateMatchers.java:[819,29] cannot find symbol
  symbol:   variable JAVADATE_AS_LOCALDATETIME
  location: class org.exparity.hamcrest.date.DateMatchers
[ERROR] /workspaces/CodeCureAgent/code_cure_agent/cca_workspace/hamcrest-date/src/main/java/org/exparity/hamcrest/date/DateMatchers.java:[836,37] cannot find symbol
  symbol:   variable JAVADATE_AS_JAVADATE
  location: class org.exparity.hamcrest.date.DateMatchers
[ERROR] /workspaces/CodeCureAgent/code_cure_agent/cca_workspace/hamcrest-date/src/main/java/org/exparity/hamcrest/date/DateMatchers.java:[851,37] cannot find symbol
  symbol:   variable JAVADATE_AS_SQLDATE
  location: class org.exparity.hamcrest.date.DateMatchers
[ERROR] /workspaces/CodeCureAgent/code_cure_agent/cca_workspace/hamcrest-date/src/main/java/org/exparity/hamcrest/date/DateMatchers.java:[866,37] cannot find symbol
  symbol:   variable JAVADATE_AS_LOCALDATE
  location: class org.exparity.hamcrest.date.DateMatchers
[ERROR] /workspaces/CodeCureAgent/code_cure_agent/cca_workspace/hamcrest-date/src/main/java/org/exparity/hamcrest/date/DateMatchers.java:[881,37] cannot find symbol
  symbol:   variable JAVADATE_AS_LOCALDATETIME
  location: class org.exparity.hamcrest.date.DateMatchers
[ERROR] /workspaces/CodeCureAgent/code_cure_agent/cca_workspace/hamcrest-date/src/main/java/org/exparity/hamcrest/date/DateMatchers.java:[1005,36] cannot find symbol
  symbol:   variable JAVADATE_AS_JAVADATE
  location: class org.exparity.hamcrest.date.DateMatchers
[ERROR] /workspaces/CodeCureAgent/code_cure_agent/cca_workspace/hamcrest-date/src/main/java/org/exparity/hamcrest/date/DateMatchers.java:[1020,36] cannot find symbol
  symbol:   variable JAVADATE_AS_SQLDATE
  location: class org.exparity.hamcrest.date.DateMatchers
[ERROR] /workspaces/CodeCureAgent/code_cure_agent/cca_workspace/hamcrest-date/src/main/java/org/exparity/hamcrest/date/DateMatchers.java:[1035,36] cannot find symbol
  symbol:   variable JAVADATE_AS_LOCALDATE
  location: class org.exparity.hamcrest.date.DateMatchers
[ERROR] /workspaces/CodeCureAgent/code_cure_agent/cca_workspace/hamcrest-date/src/main/java/org/exparity/hamcrest/date/DateMatchers.java:[1050,36] cannot find symbol
  symbol:   variable JAVADATE_AS_LOCALDATETIME
  location: class org.exparity.hamcrest.date.DateMatchers
[ERROR] /workspaces/CodeCureAgent/code_cure_agent/cca_workspace/hamcrest-date/src/main/java/org/exparity/hamcrest/date/DateMatchers.java:[1200,31] cannot find symbol
  symbol:   variable JAVADATE_AS_MINUTE
  location: class org.exparity.hamcrest.date.DateMatchers
[ERROR] /workspaces/CodeCureAgent/code_cure_agent/cca_workspace/hamcrest-date/src/main/java/org/exparity/hamcrest/date/DateMatchers.java:[1243,31] cannot find symbol
  symbol:   variable JAVADATE_AS_MINUTE
  location: class org.exparity.hamcrest.date.DateMatchers
[ERROR] /workspaces/CodeCureAgent/code_cure_agent/cca_workspace/hamcrest-date/src/main/java/org/exparity/hamcrest/date/DateMatchers.java:[1292,30] cannot find symbol
  symbol:   variable JAVADATE_AS_MONTH
  location: class org.exparity.hamcrest.date.DateMatchers
[ERROR] /workspaces/CodeCureAgent/code_cure_agent/cca_workspace/hamcrest-date/src/main/java/org/exparity/hamcrest/date/DateMatchers.java:[1307,30] cannot find symbol
  symbol:   variable JAVADATE_AS_MONTH
  location: class org.exparity.hamcrest.date.DateMatchers
[ERROR] /workspaces/CodeCureAgent/code_cure_agent/cca_workspace/hamcrest-date/src/main/java/org/exparity/hamcrest/date/DateMatchers.java:[1384,31] cannot find symbol
  symbol:   variable JAVADATE_AS_SECOND
  location: class org.exparity.hamcrest.date.DateMatchers
[ERROR] /workspaces/CodeCureAgent/code_cure_agent/cca_workspace/hamcrest-date/src/main/java/org/exparity/hamcrest/date/DateMatchers.java:[1427,31] cannot find symbol
  symbol:   variable JAVADATE_AS_SECOND
  location: class org.exparity.hamcrest.date.DateMatchers
[ERROR] /workspaces/CodeCureAgent/code_cure_agent/cca_workspace/hamcrest-date/src/main/java/org/exparity/hamcrest/date/DateMatchers.java:[1470,36] cannot find symbol
  symbol:   variable JAVADATE_AS_MILLISECOND
  location: class org.exparity.hamcrest.date.DateMatchers
[ERROR] /workspaces/CodeCureAgent/code_cure_agent/cca_workspace/hamcrest-date/src/main/java/org/exparity/hamcrest/date/DateMatchers.java:[1513,36] cannot find symbol
  symbol:   variable JAVADATE_AS_MILLISECOND
  location: class org.exparity.hamcrest.date.DateMatchers
[ERROR] /workspaces/CodeCureAgent/code_cure_agent/cca_workspace/hamcrest-date/src/main/java/org/exparity/hamcrest/date/DateMatchers.java:[1528,29] cannot find symbol
  symbol:   variable JAVADATE_AS_YEAR
  location: class org.exparity.hamcrest.date.DateMatchers
[ERROR] /workspaces/CodeCureAgent/code_cure_agent/cca_workspace/hamcrest-date/src/main/java/org/exparity/hamcrest/date/DateMatchers.java:[1543,29] cannot find symbol
  symbol:   variable JAVADATE_AS_YEAR
  location: class org.exparity.hamcrest.date.DateMatchers
[ERROR] /workspaces/CodeCureAgent/code_cure_agent/cca_workspace/hamcrest-date/src/main/java/org/exparity/hamcrest/date/DateMatchers.java:[1558,29] cannot find symbol
  symbol:   variable JAVADATE_AS_YEAR
  location: class org.exparity.hamcrest.date.DateMatchers
[ERROR] /workspaces/CodeCureAgent/code_cure_agent/cca_workspace/hamcrest-date/src/main/java/org/exparity/hamcrest/date/DateMatchers.java:[1590,58] cannot find symbol
  symbol:   variable JAVADATE_AS_JAVADATE
  location: class org.exparity.hamcrest.date.DateMatchers
[ERROR] /workspaces/CodeCureAgent/code_cure_agent/cca_workspace/hamcrest-date/src/main/java/org/exparity/hamcrest/date/DateMatchers.java:[1622,58] cannot find symbol
  symbol:   variable JAVADATE_AS_SQLDATE
  location: class org.exparity.hamcrest.date.DateMatchers
[ERROR] /workspaces/CodeCureAgent/code_cure_agent/cca_workspace/hamcrest-date/src/main/java/org/exparity/hamcrest/date/DateMatchers.java:[1637,58] cannot find symbol
  symbol:   variable JAVADATE_AS_LOCALDATE
  location: class org.exparity.hamcrest.date.DateMatchers
[ERROR] /workspaces/CodeCureAgent/code_cure_agent/cca_workspace/hamcrest-date/src/main/java/org/exparity/hamcrest/date/DateMatchers.java:[1652,58] cannot find symbol
  symbol:   variable JAVADATE_AS_LOCALDATETIME
  location: class org.exparity.hamcrest.date.DateMatchers
[ERROR] /workspaces/CodeCureAgent/code_cure_agent/cca_workspace/hamcrest-date/src/main/java/org/exparity/hamcrest/date/DateMatchers.java:[1950,40] cannot find symbol
  symbol:   variable JAVADATE_AS_TEMPORAL
  location: class org.exparity.hamcrest.date.DateMatchers
[ERROR] /workspaces/CodeCureAgent/code_cure_agent/cca_workspace/hamcrest-date/src/main/java/org/exparity/hamcrest/date/DateMatchers.java:[1966,32] cannot find symbol
  symbol:   variable JAVADATE_AS_TEMPORAL
  location: class org.exparity.hamcrest.date.DateMatchers
[ERROR] /workspaces/CodeCureAgent/code_cure_agent/cca_workspace/hamcrest-date/src/main/java/org/exparity/hamcrest/date/DateMatchers.java:[1979,39] cannot find symbol
  symbol:   variable JAVADATE_AS_TEMPORAL
  location: class org.exparity.hamcrest.date.DateMatchers
[ERROR] /workspaces/CodeCureAgent/code_cure_agent/cca_workspace/hamcrest-date/src/main/java/org/exparity/hamcrest/date/DateMatchers.java:[1995,32] cannot find symbol
  symbol:   variable JAVADATE_AS_TEMPORAL
  location: class org.exparity.hamcrest.date.DateMatchers
[ERROR] /workspaces/CodeCureAgent/code_cure_agent/cca_workspace/hamcrest-date/src/main/java/org/exparity/hamcrest/date/DateMatchers.java:[2008,30] cannot find symbol
  symbol:   variable JAVADATE_AS_MONTH
  location: class org.exparity.hamcrest.date.DateMatchers
[ERROR] /workspaces/CodeCureAgent/code_cure_agent/cca_workspace/hamcrest-date/src/main/java/org/exparity/hamcrest/date/DateMatchers.java:[2177,33] cannot find symbol
  symbol:   variable JAVADATE_AS_YEAR
  location: class org.exparity.hamcrest.date.DateMatchers
[INFO] 51 errors 
[INFO] -------------------------------------------------------------
[INFO] ------------------------------------------------------------------------
[INFO] BUILD FAILURE
[INFO] ------------------------------------------------------------------------
[INFO] Total time:  3.785 s
[INFO] Finished at: 2026-01-29T12:49:51Z
[INFO] ------------------------------------------------------------------------
[ERROR] Failed to execute goal org.apache.maven.plugins:maven-compiler-plugin:3.1:compile (default-compile) on project hamcrest-date: Compilation failure: Compilation failure: 
[ERROR] /workspaces/CodeCureAgent/code_cure_agent/cca_workspace/hamcrest-date/src/main/java/org/exparity/hamcrest/date/DateMatchers.java:[70,38] cannot find symbol
[ERROR]   symbol:   variable JAVADATE_AS_JAVADATE
[ERROR]   location: class org.exparity.hamcrest.date.DateMatchers
[ERROR] /workspaces/CodeCureAgent/code_cure_agent/cca_workspace/hamcrest-date/src/main/java/org/exparity/hamcrest/date/DateMatchers.java:[85,30] cannot find symbol
[ERROR]   symbol:   variable JAVADATE_AS_SQLDATE
[ERROR]   location: class org.exparity.hamcrest.date.DateMatchers
[ERROR] /workspaces/CodeCureAgent/code_cure_agent/cca_workspace/hamcrest-date/src/main/java/org/exparity/hamcrest/date/DateMatchers.java:[117,30] cannot find symbol
[ERROR]   symbol:   variable JAVADATE_AS_LOCALDATE
[ERROR]   location: class org.exparity.hamcrest.date.DateMatchers
[ERROR] /workspaces/CodeCureAgent/code_cure_agent/cca_workspace/hamcrest-date/src/main/java/org/exparity/hamcrest/date/DateMatchers.java:[132,30] cannot find symbol
[ERROR]   symbol:   variable JAVADATE_AS_LOCALDATETIME
[ERROR]   location: class org.exparity.hamcrest.date.DateMatchers
[ERROR] /workspaces/CodeCureAgent/code_cure_agent/cca_workspace/hamcrest-date/src/main/java/org/exparity/hamcrest/date/DateMatchers.java:[147,30] cannot find symbol
[ERROR]   symbol:   variable JAVADATE_AS_INSTANT
[ERROR]   location: class org.exparity.hamcrest.date.DateMatchers
[ERROR] /workspaces/CodeCureAgent/code_cure_agent/cca_workspace/hamcrest-date/src/main/java/org/exparity/hamcrest/date/DateMatchers.java:[250,39] cannot find symbol
[ERROR]   symbol:   variable JAVADATE_AS_JAVADATE
[ERROR]   location: class org.exparity.hamcrest.date.DateMatchers
[ERROR] /workspaces/CodeCureAgent/code_cure_agent/cca_workspace/hamcrest-date/src/main/java/org/exparity/hamcrest/date/DateMatchers.java:[265,31] cannot find symbol
[ERROR]   symbol:   variable JAVADATE_AS_SQLDATE
[ERROR]   location: class org.exparity.hamcrest.date.DateMatchers
[ERROR] /workspaces/CodeCureAgent/code_cure_agent/cca_workspace/hamcrest-date/src/main/java/org/exparity/hamcrest/date/DateMatchers.java:[297,31] cannot find symbol
[ERROR]   symbol:   variable JAVADATE_AS_LOCALDATE
[ERROR]   location: class org.exparity.hamcrest.date.DateMatchers
[ERROR] /workspaces/CodeCureAgent/code_cure_agent/cca_workspace/hamcrest-date/src/main/java/org/exparity/hamcrest/date/DateMatchers.java:[312,31] cannot find symbol
[ERROR]   symbol:   variable JAVADATE_AS_LOCALDATETIME
[ERROR]   location: class org.exparity.hamcrest.date.DateMatchers
[ERROR] /workspaces/CodeCureAgent/code_cure_agent/cca_workspace/hamcrest-date/src/main/java/org/exparity/hamcrest/date/DateMatchers.java:[327,31] cannot find symbol
[ERROR]   symbol:   variable JAVADATE_AS_INSTANT
[ERROR]   location: class org.exparity.hamcrest.date.DateMatchers
[ERROR] /workspaces/CodeCureAgent/code_cure_agent/cca_workspace/hamcrest-date/src/main/java/org/exparity/hamcrest/date/DateMatchers.java:[477,34] cannot find symbol
[ERROR]   symbol:   variable JAVADATE_AS_DAYOFWEEK
[ERROR]   location: class org.exparity.hamcrest.date.DateMatchers
[ERROR] /workspaces/CodeCureAgent/code_cure_agent/cca_workspace/hamcrest-date/src/main/java/org/exparity/hamcrest/date/DateMatchers.java:[492,34] cannot find symbol
[ERROR]   symbol:   variable JAVADATE_AS_DAYOFWEEK
[ERROR]   location: class org.exparity.hamcrest.date.DateMatchers
[ERROR] /workspaces/CodeCureAgent/code_cure_agent/cca_workspace/hamcrest-date/src/main/java/org/exparity/hamcrest/date/DateMatchers.java:[507,35] cannot find symbol
[ERROR]   symbol:   variable JAVADATE_AS_DAYOFMONTH
[ERROR]   location: class org.exparity.hamcrest.date.DateMatchers
[ERROR] /workspaces/CodeCureAgent/code_cure_agent/cca_workspace/hamcrest-date/src/main/java/org/exparity/hamcrest/date/DateMatchers.java:[522,35] cannot find symbol
[ERROR]   symbol:   variable JAVADATE_AS_DAYOFMONTH
[ERROR]   location: class org.exparity.hamcrest.date.DateMatchers
[ERROR] /workspaces/CodeCureAgent/code_cure_agent/cca_workspace/hamcrest-date/src/main/java/org/exparity/hamcrest/date/DateMatchers.java:[537,32] cannot find symbol
[ERROR]   symbol:   variable JAVADATE_AS_LOCALDATE
[ERROR]   location: class org.exparity.hamcrest.date.DateMatchers
[ERROR] /workspaces/CodeCureAgent/code_cure_agent/cca_workspace/hamcrest-date/src/main/java/org/exparity/hamcrest/date/DateMatchers.java:[552,32] cannot find symbol
[ERROR]   symbol:   variable JAVADATE_AS_LOCALDATE
[ERROR]   location: class org.exparity.hamcrest.date.DateMatchers
[ERROR] /workspaces/CodeCureAgent/code_cure_agent/cca_workspace/hamcrest-date/src/main/java/org/exparity/hamcrest/date/DateMatchers.java:[584,32] cannot find symbol
[ERROR]   symbol:   variable JAVADATE_AS_LOCALDATE
[ERROR]   location: class org.exparity.hamcrest.date.DateMatchers
[ERROR] /workspaces/CodeCureAgent/code_cure_agent/cca_workspace/hamcrest-date/src/main/java/org/exparity/hamcrest/date/DateMatchers.java:[663,29] cannot find symbol
[ERROR]   symbol:   variable JAVADATE_AS_HOUR
[ERROR]   location: class org.exparity.hamcrest.date.DateMatchers
[ERROR] /workspaces/CodeCureAgent/code_cure_agent/cca_workspace/hamcrest-date/src/main/java/org/exparity/hamcrest/date/DateMatchers.java:[705,29] cannot find symbol
[ERROR]   symbol:   variable JAVADATE_AS_HOUR
[ERROR]   location: class org.exparity.hamcrest.date.DateMatchers
[ERROR] /workspaces/CodeCureAgent/code_cure_agent/cca_workspace/hamcrest-date/src/main/java/org/exparity/hamcrest/date/DateMatchers.java:[720,29] cannot find symbol
[ERROR]   symbol:   variable JAVADATE_AS_INSTANT
[ERROR]   location: class org.exparity.hamcrest.date.DateMatchers
[ERROR] /workspaces/CodeCureAgent/code_cure_agent/cca_workspace/hamcrest-date/src/main/java/org/exparity/hamcrest/date/DateMatchers.java:[747,29] cannot find symbol
[ERROR]   symbol:   variable JAVADATE_AS_INSTANT
[ERROR]   location: class org.exparity.hamcrest.date.DateMatchers
[ERROR] /workspaces/CodeCureAgent/code_cure_agent/cca_workspace/hamcrest-date/src/main/java/org/exparity/hamcrest/date/DateMatchers.java:[819,29] cannot find symbol
[ERROR]   symbol:   variable JAVADATE_AS_LOCALDATETIME
[ERROR]   location: class org.exparity.hamcrest.date.DateMatchers
[ERROR] /workspaces/CodeCureAgent/code_cure_agent/cca_workspace/hamcrest-date/src/main/java/org/exparity/hamcrest/date/DateMatchers.java:[836,37] cannot find symbol
[ERROR]   symbol:   variable JAVADATE_AS_JAVADATE
[ERROR]   location: class org.exparity.hamcrest.date.DateMatchers
[ERROR] /workspaces/CodeCureAgent/code_cure_agent/cca_workspace/hamcrest-date/src/main/java/org/exparity/hamcrest/date/DateMatchers.java:[851,37] cannot find symbol
[ERROR]   symbol:   variable JAVADATE_AS_SQLDATE
[ERROR]   location: class org.exparity.hamcrest.date.DateMatchers
[ERROR] /workspaces/CodeCureAgent/code_cure_agent/cca_workspace/hamcrest-date/src/main/java/org/exparity/hamcrest/date/DateMatchers.java:[866,37] cannot find symbol
[ERROR]   symbol:   variable JAVADATE_AS_LOCALDATE
[ERROR]   location: class org.exparity.hamcrest.date.DateMatchers
[ERROR] /workspaces/CodeCureAgent/code_cure_agent/cca_workspace/hamcrest-date/src/main/java/org/exparity/hamcrest/date/DateMatchers.java:[881,37] cannot find symbol
[ERROR]   symbol:   variable JAVADATE_AS_LOCALDATETIME
[ERROR]   location: class org.exparity.hamcrest.date.DateMatchers
[ERROR] /workspaces/CodeCureAgent/code_cure_agent/cca_workspace/hamcrest-date/src/main/java/org/exparity/hamcrest/date/DateMatchers.java:[1005,36] cannot find symbol
[ERROR]   symbol:   variable JAVADATE_AS_JAVADATE
[ERROR]   location: class org.exparity.hamcrest.date.DateMatchers
[ERROR] /workspaces/CodeCureAgent/code_cure_agent/cca_workspace/hamcrest-date/src/main/java/org/exparity/hamcrest/date/DateMatchers.java:[1020,36] cannot find symbol
[ERROR]   symbol:   variable JAVADATE_AS_SQLDATE
[ERROR]   location: class org.exparity.hamcrest.date.DateMatchers
[ERROR] /workspaces/CodeCureAgent/code_cure_agent/cca_workspace/hamcrest-date/src/main/java/org/exparity/hamcrest/date/DateMatchers.java:[1035,36] cannot find symbol
[ERROR]   symbol:   variable JAVADATE_AS_LOCALDATE
[ERROR]   location: class org.exparity.hamcrest.date.DateMatchers
[ERROR] /workspaces/CodeCureAgent/code_cure_agent/cca_workspace/hamcrest-date/src/main/java/org/exparity/hamcrest/date/DateMatchers.java:[1050,36] cannot find symbol
[ERROR]   symbol:   variable JAVADATE_AS_LOCALDATETIME
[ERROR]   location: class org.exparity.hamcrest.date.DateMatchers
[ERROR] /workspaces/CodeCureAgent/code_cure_agent/cca_workspace/hamcrest-date/src/main/java/org/exparity/hamcrest/date/DateMatchers.java:[1200,31] cannot find symbol
[ERROR]   symbol:   variable JAVADATE_AS_MINUTE
[ERROR]   location: class org.exparity.hamcrest.date.DateMatchers
[ERROR] /workspaces/CodeCureAgent/code_cure_agent/cca_workspace/hamcrest-date/src/main/java/org/exparity/hamcrest/date/DateMatchers.java:[1243,31] cannot find symbol
[ERROR]   symbol:   variable JAVADATE_AS_MINUTE
[ERROR]   location: class org.exparity.hamcrest.date.DateMatchers
[ERROR] /workspaces/CodeCureAgent/code_cure_agent/cca_workspace/hamcrest-date/src/main/java/org/exparity/hamcrest/date/DateMatchers.java:[1292,30] cannot find symbol
[ERROR]   symbol:   variable JAVADATE_AS_MONTH
[ERROR]   location: class org.exparity.hamcrest.date.DateMatchers
[ERROR] /workspaces/CodeCureAgent/code_cure_agent/cca_workspace/hamcrest-date/src/main/java/org/exparity/hamcrest/date/DateMatchers.java:[1307,30] cannot find symbol
[ERROR]   symbol:   variable JAVADATE_AS_MONTH
[ERROR]   location: class org.exparity.hamcrest.date.DateMatchers
[ERROR] /workspaces/CodeCureAgent/code_cure_agent/cca_workspace/hamcrest-date/src/main/java/org/exparity/hamcrest/date/DateMatchers.java:[1384,31] cannot find symbol
[ERROR]   symbol:   variable JAVADATE_AS_SECOND
[ERROR]   location: class org.exparity.hamcrest.date.DateMatchers
[ERROR] /workspaces/CodeCureAgent/code_cure_agent/cca_workspace/hamcrest-date/src/main/java/org/exparity/hamcrest/date/DateMatchers.java:[1427,31] cannot find symbol
[ERROR]   symbol:   variable JAVADATE_AS_SECOND
[ERROR]   location: class org.exparity.hamcrest.date.DateMatchers
[ERROR] /workspaces/CodeCureAgent/code_cure_agent/cca_workspace/hamcrest-date/src/main/java/org/exparity/hamcrest/date/DateMatchers.java:[1470,36] cannot find symbol
[ERROR]   symbol:   variable JAVADATE_AS_MILLISECOND
[ERROR]   location: class org.exparity.hamcrest.date.DateMatchers
[ERROR] /workspaces/CodeCureAgent/code_cure_agent/cca_workspace/hamcrest-date/src/main/java/org/exparity/hamcrest/date/DateMatchers.java:[1513,36] cannot find symbol
[ERROR]   symbol:   variable JAVADATE_AS_MILLISECOND
[ERROR]   location: class org.exparity.hamcrest.date.DateMatchers
[ERROR] /workspaces/CodeCureAgent/code_cure_agent/cca_workspace/hamcrest-date/src/main/java/org/exparity/hamcrest/date/DateMatchers.java:[1528,29] cannot find symbol
[ERROR]   symbol:   variable JAVADATE_AS_YEAR
[ERROR]   location: class org.exparity.hamcrest.date.DateMatchers
[ERROR] /workspaces/CodeCureAgent/code_cure_agent/cca_workspace/hamcrest-date/src/main/java/org/exparity/hamcrest/date/DateMatchers.java:[1543,29] cannot find symbol
[ERROR]   symbol:   variable JAVADATE_AS_YEAR
[ERROR]   location: class org.exparity.hamcrest.date.DateMatchers
[ERROR] /workspaces/CodeCureAgent/code_cure_agent/cca_workspace/hamcrest-date/src/main/java/org/exparity/hamcrest/date/DateMatchers.java:[1558,29] cannot find symbol
[ERROR]   symbol:   variable JAVADATE_AS_YEAR
[ERROR]   location: class org.exparity.hamcrest.date.DateMatchers
[ERROR] /workspaces/CodeCureAgent/code_cure_agent/cca_workspace/hamcrest-date/src/main/java/org/exparity/hamcrest/date/DateMatchers.java:[1590,58] cannot find symbol
[ERROR]   symbol:   variable JAVADATE_AS_JAVADATE
[ERROR]   location: class org.exparity.hamcrest.date.DateMatchers
[ERROR] /workspaces/CodeCureAgent/code_cure_agent/cca_workspace/hamcrest-date/src/main/java/org/exparity/hamcrest/date/DateMatchers.java:[1622,58] cannot find symbol
[ERROR]   symbol:   variable JAVADATE_AS_SQLDATE
[ERROR]   location: class org.exparity.hamcrest.date.DateMatchers
[ERROR] /workspaces/CodeCureAgent/code_cure_agent/cca_workspace/hamcrest-date/src/main/java/org/exparity/hamcrest/date/DateMatchers.java:[1637,58] cannot find symbol
[ERROR]   symbol:   variable JAVADATE_AS_LOCALDATE
[ERROR]   location: class org.exparity.hamcrest.date.DateMatchers
[ERROR] /workspaces/CodeCureAgent/code_cure_agent/cca_workspace/hamcrest-date/src/main/java/org/exparity/hamcrest/date/DateMatchers.java:[1652,58] cannot find symbol
[ERROR]   symbol:   variable JAVADATE_AS_LOCALDATETIME
[ERROR]   location: class org.exparity.hamcrest.date.DateMatchers
[ERROR] /workspaces/CodeCureAgent/code_cure_agent/cca_workspace/hamcrest-date/src/main/java/org/exparity/hamcrest/date/DateMatchers.java:[1950,40] cannot find symbol
[ERROR]   symbol:   variable JAVADATE_AS_TEMPORAL
[ERROR]   location: class org.exparity.hamcrest.date.DateMatchers
[ERROR] /workspaces/CodeCureAgent/code_cure_agent/cca_workspace/hamcrest-date/src/main/java/org/exparity/hamcrest/date/DateMatchers.java:[1966,32] cannot find symbol
[ERROR]   symbol:   variable JAVADATE_AS_TEMPORAL
[ERROR]   location: class org.exparity.hamcrest.date.DateMatchers
[ERROR] /workspaces/CodeCureAgent/code_cure_agent/cca_workspace/hamcrest-date/src/main/java/org/exparity/hamcrest/date/DateMatchers.java:[1979,39] cannot find symbol
[ERROR]   symbol:   variable JAVADATE_AS_TEMPORAL
[ERROR]   location: class org.exparity.hamcrest.date.DateMatchers
[ERROR] /workspaces/CodeCureAgent/code_cure_agent/cca_workspace/hamcrest-date/src/main/java/org/exparity/hamcrest/date/DateMatchers.java:[1995,32] cannot find symbol
[ERROR]   symbol:   variable JAVADATE_AS_TEMPORAL
[ERROR]   location: class org.exparity.hamcrest.date.DateMatchers
[ERROR] /workspaces/CodeCureAgent/code_cure_agent/cca_workspace/hamcrest-date/src/main/java/org/exparity/hamcrest/date/DateMatchers.java:[2008,30] cannot find symbol
[ERROR]   symbol:   variable JAVADATE_AS_MONTH
[ERROR]   location: class org.exparity.hamcrest.date.DateMatchers
[ERROR] /workspaces/CodeCureAgent/code_cure_agent/cca_workspace/hamcrest-date/src/main/java/org/exparity/hamcrest/date/DateMatchers.java:[2177,33] cannot find symbol
[ERROR]   symbol:   variable JAVADATE_AS_YEAR
[ERROR]   location: class org.exparity.hamcrest.date.DateMatchers
[ERROR] -> [Help 1]
[ERROR] 
[ERROR] To see the full stack trace of the errors, re-run Maven with the -e switch.
[ERROR] Re-run Maven using the -X switch to enable full debug logging.
[ERROR] 
[ERROR] For more information about the errors and possible solutions, please read the following articles:
[ERROR] [Help 1] http://cwiki.apache.org/confluence/display/MAVEN/MojoFailureException
