[INFO] Scanning for projects...
[WARNING] 
[WARNING] Some problems were encountered while building the effective model for com.pinterest.singer:singer:jar:0.8.0.39
[WARNING] 'build.plugins.plugin.version' for org.apache.maven.plugins:maven-surefire-plugin is missing. @ line 287, column 21
[WARNING] 'build.plugins.plugin.version' for org.apache.maven.plugins:maven-source-plugin is missing. @ line 275, column 21
[WARNING] 
[WARNING] Some problems were encountered while building the effective model for com.pinterest.singer:thrift-logger:jar:0.8.0.39
[WARNING] 'build.plugins.plugin.version' for org.codehaus.mojo:build-helper-maven-plugin is missing. @ line 118, column 15
[WARNING] 'build.plugins.plugin.version' for org.apache.maven.plugins:maven-source-plugin is missing. @ line 152, column 15
[WARNING] 
[WARNING] Some problems were encountered while building the effective model for com.pinterest.singer:singer-commons:jar:0.8.0.39
[WARNING] 'build.plugins.plugin.version' for org.apache.maven.plugins:maven-surefire-plugin is missing. @ line 218, column 15
[WARNING] 'build.plugins.plugin.version' for org.codehaus.mojo:build-helper-maven-plugin is missing. @ line 172, column 15
[WARNING] 'build.plugins.plugin.version' for org.apache.maven.plugins:maven-source-plugin is missing. @ line 206, column 15
[WARNING] 
[WARNING] It is highly recommended to fix these problems because they threaten the stability of your build.
[WARNING] 
[WARNING] For this reason, future Maven versions might no longer support building such malformed projects.
[WARNING] 
[INFO] ------------------------------------------------------------------------
[INFO] Reactor Build Order:
[INFO] 
[INFO] Singer Logging Agent                                               [pom]
[INFO] singer-commons                                                     [jar]
[INFO] thrift-logger                                                      [jar]
[INFO] singer                                                             [jar]
[INFO] 
[INFO] ----------------< com.pinterest.singer:singer-package >-----------------
[INFO] Building Singer Logging Agent 0.8.0.39                             [1/4]
[INFO] --------------------------------[ pom ]---------------------------------
[INFO] 
[INFO] --- maven-clean-plugin:2.5:clean (default-clean) @ singer-package ---
[INFO] 
[INFO] ----------------< com.pinterest.singer:singer-commons >-----------------
[INFO] Building singer-commons 0.8.0.39                                   [2/4]
[INFO] --------------------------------[ jar ]---------------------------------
[INFO] 
[INFO] --- maven-clean-plugin:2.5:clean (default-clean) @ singer-commons ---
[INFO] Deleting /workspaces/master-thesis-pascal-joos/code_cure_agent/cca_workspace/singer/singer-commons/target
[INFO] 
[INFO] --- scrooge-maven-plugin:4.18.0:compile (thrift-sources) @ singer-commons ---
[INFO] finding thrift files in dependencies
[INFO] finding thrift files in referenced (reactor) projects
[INFO] compiling thrift files [/workspaces/master-thesis-pascal-joos/code_cure_agent/cca_workspace/singer/singer-commons/src/main/thrift/loggingaudit_test.thrift, /workspaces/master-thesis-pascal-joos/code_cure_agent/cca_workspace/singer/singer-commons/src/main/thrift/singer.thrift, /workspaces/master-thesis-pascal-joos/code_cure_agent/cca_workspace/singer/singer-commons/src/main/thrift/loggingaudit_config.thrift, /workspaces/master-thesis-pascal-joos/code_cure_agent/cca_workspace/singer/singer-commons/src/main/thrift/singer_if.thrift, /workspaces/master-thesis-pascal-joos/code_cure_agent/cca_workspace/singer/singer-commons/src/main/thrift/config.thrift, /workspaces/master-thesis-pascal-joos/code_cure_agent/cca_workspace/singer/singer-commons/src/main/thrift/loggingaudit.thrift, /workspaces/master-thesis-pascal-joos/code_cure_agent/cca_workspace/singer/singer-commons/src/main/thrift/common.thrift, /workspaces/master-thesis-pascal-joos/code_cure_agent/cca_workspace/singer/singer-commons/src/main/thrift/thrift_message.thrift, /workspaces/master-thesis-pascal-joos/code_cure_agent/cca_workspace/singer/singer-commons/src/main/thrift/text_message.thrift] with Scrooge
[INFO] 
[INFO] --- build-helper-maven-plugin:3.6.1:add-source (add-source) @ singer-commons ---
[INFO] Source directory: /workspaces/master-thesis-pascal-joos/code_cure_agent/cca_workspace/singer/singer-commons/target/generated-sources/thrift/scrooge added.
[INFO] 
[INFO] --- maven-resources-plugin:2.6:resources (default-resources) @ singer-commons ---
[INFO] Using 'UTF-8' encoding to copy filtered resources.
[INFO] skip non existing resourceDirectory /workspaces/master-thesis-pascal-joos/code_cure_agent/cca_workspace/singer/singer-commons/src/main/resources
[INFO] Copying 9 resources
[INFO] skip non existing resourceDirectory /workspaces/master-thesis-pascal-joos/code_cure_agent/cca_workspace/singer/singer-commons/target/generated-resources
[INFO] 
[INFO] --- maven-compiler-plugin:3.1:compile (default-compile) @ singer-commons ---
[INFO] Changes detected - recompiling the module!
[INFO] Compiling 61 source files to /workspaces/master-thesis-pascal-joos/code_cure_agent/cca_workspace/singer/singer-commons/target/classes
[INFO] -------------------------------------------------------------
[ERROR] COMPILATION ERROR : 
[INFO] -------------------------------------------------------------
[ERROR] /workspaces/master-thesis-pascal-joos/code_cure_agent/cca_workspace/singer/singer-commons/src/main/java/com/pinterest/singer/loggingaudit/client/AuditEventKafkaSender.java:[1,1] class, interface, or enum expected
[ERROR] /workspaces/master-thesis-pascal-joos/code_cure_agent/cca_workspace/singer/singer-commons/src/main/java/com/pinterest/singer/loggingaudit/client/AuditEventKafkaSender.java:[6,23] class, interface, or enum expected
[ERROR] /workspaces/master-thesis-pascal-joos/code_cure_agent/cca_workspace/singer/singer-commons/src/main/java/com/pinterest/singer/loggingaudit/client/AuditEventKafkaSender.java:[11,5] class, interface, or enum expected
[ERROR] /workspaces/master-thesis-pascal-joos/code_cure_agent/cca_workspace/singer/singer-commons/src/main/java/com/pinterest/singer/loggingaudit/client/AuditEventKafkaSender.java:[12,5] class, interface, or enum expected
[ERROR] /workspaces/master-thesis-pascal-joos/code_cure_agent/cca_workspace/singer/singer-commons/src/main/java/com/pinterest/singer/loggingaudit/client/AuditEventKafkaSender.java:[13,5] class, interface, or enum expected
[ERROR] /workspaces/master-thesis-pascal-joos/code_cure_agent/cca_workspace/singer/singer-commons/src/main/java/com/pinterest/singer/loggingaudit/client/AuditEventKafkaSender.java:[15,7] class, interface, or enum expected
[ERROR] /workspaces/master-thesis-pascal-joos/code_cure_agent/cca_workspace/singer/singer-commons/src/main/java/com/pinterest/singer/loggingaudit/client/AuditEventKafkaSender.java:[18,9] class, interface, or enum expected
[ERROR] /workspaces/master-thesis-pascal-joos/code_cure_agent/cca_workspace/singer/singer-commons/src/main/java/com/pinterest/singer/loggingaudit/client/AuditEventKafkaSender.java:[20,9] class, interface, or enum expected
[ERROR] /workspaces/master-thesis-pascal-joos/code_cure_agent/cca_workspace/singer/singer-commons/src/main/java/com/pinterest/singer/loggingaudit/client/AuditEventKafkaSender.java:[22,7] class, interface, or enum expected
[ERROR] /workspaces/master-thesis-pascal-joos/code_cure_agent/cca_workspace/singer/singer-commons/src/main/java/com/pinterest/singer/loggingaudit/client/AuditEventKafkaSender.java:[25,7] class, interface, or enum expected
[ERROR] /workspaces/master-thesis-pascal-joos/code_cure_agent/cca_workspace/singer/singer-commons/src/main/java/com/pinterest/singer/loggingaudit/client/AuditEventKafkaSender.java:[28,5] class, interface, or enum expected
[ERROR] /workspaces/master-thesis-pascal-joos/code_cure_agent/cca_workspace/singer/singer-commons/src/main/java/com/pinterest/singer/loggingaudit/client/AuditEventKafkaSender.java:[30,5] class, interface, or enum expected
[ERROR] /workspaces/master-thesis-pascal-joos/code_cure_agent/cca_workspace/singer/singer-commons/src/main/java/com/pinterest/singer/loggingaudit/client/AuditEventKafkaSender.java:[33,5] class, interface, or enum expected
[ERROR] /workspaces/master-thesis-pascal-joos/code_cure_agent/cca_workspace/singer/singer-commons/src/main/java/com/pinterest/singer/loggingaudit/client/AuditEventKafkaSender.java:[35,5] class, interface, or enum expected
[ERROR] /workspaces/master-thesis-pascal-joos/code_cure_agent/cca_workspace/singer/singer-commons/src/main/java/com/pinterest/singer/loggingaudit/client/AuditEventKafkaSender.java:[38,3] class, interface, or enum expected
[INFO] 15 errors 
[INFO] -------------------------------------------------------------
[INFO] ------------------------------------------------------------------------
[INFO] Reactor Summary for Singer Logging Agent 0.8.0.39:
[INFO] 
[INFO] Singer Logging Agent ............................... SUCCESS [  0.107 s]
[INFO] singer-commons ..................................... FAILURE [  2.162 s]
[INFO] thrift-logger ...................................... SKIPPED
[INFO] singer ............................................. SKIPPED
[INFO] ------------------------------------------------------------------------
[INFO] BUILD FAILURE
[INFO] ------------------------------------------------------------------------
[INFO] Total time:  2.382 s
[INFO] Finished at: 2025-08-20T13:48:25Z
[INFO] ------------------------------------------------------------------------
[ERROR] Failed to execute goal org.apache.maven.plugins:maven-compiler-plugin:3.1:compile (default-compile) on project singer-commons: Compilation failure: Compilation failure: 
[ERROR] /workspaces/master-thesis-pascal-joos/code_cure_agent/cca_workspace/singer/singer-commons/src/main/java/com/pinterest/singer/loggingaudit/client/AuditEventKafkaSender.java:[1,1] class, interface, or enum expected
[ERROR] /workspaces/master-thesis-pascal-joos/code_cure_agent/cca_workspace/singer/singer-commons/src/main/java/com/pinterest/singer/loggingaudit/client/AuditEventKafkaSender.java:[6,23] class, interface, or enum expected
[ERROR] /workspaces/master-thesis-pascal-joos/code_cure_agent/cca_workspace/singer/singer-commons/src/main/java/com/pinterest/singer/loggingaudit/client/AuditEventKafkaSender.java:[11,5] class, interface, or enum expected
[ERROR] /workspaces/master-thesis-pascal-joos/code_cure_agent/cca_workspace/singer/singer-commons/src/main/java/com/pinterest/singer/loggingaudit/client/AuditEventKafkaSender.java:[12,5] class, interface, or enum expected
[ERROR] /workspaces/master-thesis-pascal-joos/code_cure_agent/cca_workspace/singer/singer-commons/src/main/java/com/pinterest/singer/loggingaudit/client/AuditEventKafkaSender.java:[13,5] class, interface, or enum expected
[ERROR] /workspaces/master-thesis-pascal-joos/code_cure_agent/cca_workspace/singer/singer-commons/src/main/java/com/pinterest/singer/loggingaudit/client/AuditEventKafkaSender.java:[15,7] class, interface, or enum expected
[ERROR] /workspaces/master-thesis-pascal-joos/code_cure_agent/cca_workspace/singer/singer-commons/src/main/java/com/pinterest/singer/loggingaudit/client/AuditEventKafkaSender.java:[18,9] class, interface, or enum expected
[ERROR] /workspaces/master-thesis-pascal-joos/code_cure_agent/cca_workspace/singer/singer-commons/src/main/java/com/pinterest/singer/loggingaudit/client/AuditEventKafkaSender.java:[20,9] class, interface, or enum expected
[ERROR] /workspaces/master-thesis-pascal-joos/code_cure_agent/cca_workspace/singer/singer-commons/src/main/java/com/pinterest/singer/loggingaudit/client/AuditEventKafkaSender.java:[22,7] class, interface, or enum expected
[ERROR] /workspaces/master-thesis-pascal-joos/code_cure_agent/cca_workspace/singer/singer-commons/src/main/java/com/pinterest/singer/loggingaudit/client/AuditEventKafkaSender.java:[25,7] class, interface, or enum expected
[ERROR] /workspaces/master-thesis-pascal-joos/code_cure_agent/cca_workspace/singer/singer-commons/src/main/java/com/pinterest/singer/loggingaudit/client/AuditEventKafkaSender.java:[28,5] class, interface, or enum expected
[ERROR] /workspaces/master-thesis-pascal-joos/code_cure_agent/cca_workspace/singer/singer-commons/src/main/java/com/pinterest/singer/loggingaudit/client/AuditEventKafkaSender.java:[30,5] class, interface, or enum expected
[ERROR] /workspaces/master-thesis-pascal-joos/code_cure_agent/cca_workspace/singer/singer-commons/src/main/java/com/pinterest/singer/loggingaudit/client/AuditEventKafkaSender.java:[33,5] class, interface, or enum expected
[ERROR] /workspaces/master-thesis-pascal-joos/code_cure_agent/cca_workspace/singer/singer-commons/src/main/java/com/pinterest/singer/loggingaudit/client/AuditEventKafkaSender.java:[35,5] class, interface, or enum expected
[ERROR] /workspaces/master-thesis-pascal-joos/code_cure_agent/cca_workspace/singer/singer-commons/src/main/java/com/pinterest/singer/loggingaudit/client/AuditEventKafkaSender.java:[38,3] class, interface, or enum expected
[ERROR] -> [Help 1]
[ERROR] 
[ERROR] To see the full stack trace of the errors, re-run Maven with the -e switch.
[ERROR] Re-run Maven using the -X switch to enable full debug logging.
[ERROR] 
[ERROR] For more information about the errors and possible solutions, please read the following articles:
[ERROR] [Help 1] http://cwiki.apache.org/confluence/display/MAVEN/MojoFailureException
[ERROR] 
[ERROR] After correcting the problems, you can resume the build with the command
[ERROR]   mvn <args> -rf :singer-commons
