[INFO] Scanning for projects...
[INFO] 
[INFO] --------------------------< linux.org.ru:lor >--------------------------
[INFO] Building Linux.org.ru 1.0-SNAPSHOT
[INFO] --------------------------------[ war ]---------------------------------
[INFO] 
[INFO] --- maven-clean-plugin:2.5:clean (default-clean) @ lor ---
[INFO] 
[INFO] --- maven-dependency-plugin:3.0.0:unpack (unpack) @ lor ---
[INFO] Configured Artifact: org.webjars:jquery-validation:1.17.0:jar
[INFO] Configured Artifact: org.webjars:jquery-form:4.2.1:jar
[INFO] Configured Artifact: org.webjars:google-diff-match-patch:20121119-1:jar
[INFO] Configured Artifact: org.webjars:momentjs:2.24.0:jar
[INFO] Unpacking /home/vscode/.m2/repository/org/webjars/jquery-validation/1.17.0/jquery-validation-1.17.0.jar to /workspaces/master-thesis-pascal-joos/code_cure_agent/cca_workspace/lorsource/target/lor-1.0-SNAPSHOT/js with includes "**/*.js" and excludes ""
[INFO] Unpacking /home/vscode/.m2/repository/org/webjars/jquery-form/4.2.1/jquery-form-4.2.1.jar to /workspaces/master-thesis-pascal-joos/code_cure_agent/cca_workspace/lorsource/target/lor-1.0-SNAPSHOT/js with includes "**/*.js" and excludes ""
[INFO] Unpacking /home/vscode/.m2/repository/org/webjars/google-diff-match-patch/20121119-1/google-diff-match-patch-20121119-1.jar to /workspaces/master-thesis-pascal-joos/code_cure_agent/cca_workspace/lorsource/target/lor-1.0-SNAPSHOT/js with includes "**/*.js" and excludes ""
[INFO] Unpacking /home/vscode/.m2/repository/org/webjars/momentjs/2.24.0/momentjs-2.24.0.jar to /workspaces/master-thesis-pascal-joos/code_cure_agent/cca_workspace/lorsource/target/lor-1.0-SNAPSHOT/js with includes "" and excludes ""
[INFO] 
[INFO] --- sass-maven-plugin:3.5.2:update-stylesheets (default) @ lor ---
[INFO] Checked 0 files for /workspaces/master-thesis-pascal-joos/code_cure_agent/cca_workspace/lorsource/src/main/sass
[INFO] Checked 0 filtered (**/*.css) files for /workspaces/master-thesis-pascal-joos/code_cure_agent/cca_workspace/lorsource/target/lor-1.0-SNAPSHOT/css
[INFO] Compiling Sass templates
[INFO] Queueing Sass template for compile: /workspaces/master-thesis-pascal-joos/code_cure_agent/cca_workspace/lorsource/src/main/webapp/sass => /workspaces/master-thesis-pascal-joos/code_cure_agent/cca_workspace/lorsource/target/lor-1.0-SNAPSHOT
[INFO]     >> /workspaces/master-thesis-pascal-joos/code_cure_agent/cca_workspace/lorsource/src/main/webapp/sass/black/style.scss => /workspaces/master-thesis-pascal-joos/code_cure_agent/cca_workspace/lorsource/target/lor-1.0-SNAPSHOT/black/style.css
[INFO]     >> /workspaces/master-thesis-pascal-joos/code_cure_agent/cca_workspace/lorsource/src/main/webapp/sass/opensans.scss => /workspaces/master-thesis-pascal-joos/code_cure_agent/cca_workspace/lorsource/target/lor-1.0-SNAPSHOT/opensans.css
[INFO]     >> /workspaces/master-thesis-pascal-joos/code_cure_agent/cca_workspace/lorsource/src/main/webapp/sass/tango/main.scss => /workspaces/master-thesis-pascal-joos/code_cure_agent/cca_workspace/lorsource/target/lor-1.0-SNAPSHOT/tango/main.css
[INFO]     >> /workspaces/master-thesis-pascal-joos/code_cure_agent/cca_workspace/lorsource/src/main/webapp/sass/waltz/style.scss => /workspaces/master-thesis-pascal-joos/code_cure_agent/cca_workspace/lorsource/target/lor-1.0-SNAPSHOT/waltz/style.css
[INFO]     >> /workspaces/master-thesis-pascal-joos/code_cure_agent/cca_workspace/lorsource/src/main/webapp/sass/white2/style.scss => /workspaces/master-thesis-pascal-joos/code_cure_agent/cca_workspace/lorsource/target/lor-1.0-SNAPSHOT/white2/style.css
[INFO]     >> /workspaces/master-thesis-pascal-joos/code_cure_agent/cca_workspace/lorsource/src/main/webapp/sass/zomg_ponies/style.scss => /workspaces/master-thesis-pascal-joos/code_cure_agent/cca_workspace/lorsource/target/lor-1.0-SNAPSHOT/zomg_ponies/style.css
[INFO] 
[INFO] --- maven-resources-plugin:2.6:resources (default-resources) @ lor ---
[INFO] Using 'UTF-8' encoding to copy filtered resources.
[INFO] Copying 3 resources
[INFO] 
[INFO] --- scala-maven-plugin:3.3.2:add-source (scala-compile-first) @ lor ---
[INFO] Add Source directory: /workspaces/master-thesis-pascal-joos/code_cure_agent/cca_workspace/lorsource/src/main/scala
[INFO] Add Test Source directory: /workspaces/master-thesis-pascal-joos/code_cure_agent/cca_workspace/lorsource/src/test/scala
[INFO] 
[INFO] --- scala-maven-plugin:3.3.2:compile (scala-compile-first) @ lor ---
[WARNING]  Expected all dependencies to require Scala version: 2.13.1
[WARNING]  com.typesafe.akka:akka-actor_2.13:2.6.4 requires scala version: 2.13.1
[WARNING]  org.scala-lang.modules:scala-java8-compat_2.13:0.9.0 requires scala version: 2.13.0
[WARNING] Multiple versions of scala libraries detected!
[INFO] Using incremental compilation
[WARNING] Pruning sources from previous analysis, due to incompatible CompileSetup.
[INFO] Compiling 80 Scala sources and 244 Java sources to /workspaces/master-thesis-pascal-joos/code_cure_agent/cca_workspace/lorsource/target/classes...
[WARNING] /workspaces/master-thesis-pascal-joos/code_cure_agent/cca_workspace/lorsource/src/main/scala/org/springframework/scala/jdbc/core/JdbcTemplate.scala:22: Unused import
[WARNING] import org.springframework.dao.{DataAccessException, IncorrectResultSizeDataAccessException}
[WARNING]                                                      ^
[WARNING] /workspaces/master-thesis-pascal-joos/code_cure_agent/cca_workspace/lorsource/src/main/scala/ru/org/linux/comment/AddCommentController.scala:139: a type was inferred to be `Object`; this may indicate a programming error.
[WARNING]         Map("postscoreInfo" -> TopicPermissionService.getPostScoreInfo(postscore),
[WARNING]         ^
[WARNING] /workspaces/master-thesis-pascal-joos/code_cure_agent/cca_workspace/lorsource/src/main/scala/ru/org/linux/comment/AddCommentController.scala:179: a type was inferred to be `Object`; this may indicate a programming error.
[WARNING]         Map("errors" -> errorsList.asJava,
[WARNING]         ^
[WARNING] /workspaces/master-thesis-pascal-joos/code_cure_agent/cca_workspace/lorsource/src/main/scala/ru/org/linux/realtime/RealtimeEventHub.scala:45: inheritance from class HashMap in package mutable is deprecated (since 2.13.0): HashMap wil be made final; use .withDefault for the common use case of computing a default value
[WARNING]   private val data = new mutable.HashMap[Int, mutable.Set[ActorRef]] with mutable.MultiMap[Int, ActorRef]
[WARNING]                                  ^
[WARNING] /workspaces/master-thesis-pascal-joos/code_cure_agent/cca_workspace/lorsource/src/main/scala/ru/org/linux/topic/DeleteTopicController.scala:114: a type was inferred to be `Object`; this may indicate a programming error.
[WARNING]     new ModelAndView("undelete", Map(
[WARNING]                                  ^
[WARNING] /workspaces/master-thesis-pascal-joos/code_cure_agent/cca_workspace/lorsource/src/main/scala/ru/org/linux/topic/TopicModificationController.scala:163: a type was inferred to be `Object`; this may indicate a programming error.
[WARNING]     new ModelAndView("mtn", Map (
[WARNING]                             ^
[WARNING] /workspaces/master-thesis-pascal-joos/code_cure_agent/cca_workspace/lorsource/src/main/scala/ru/org/linux/topic/TopicModificationController.scala:182: a type was inferred to be `Object`; this may indicate a programming error.
[WARNING]     new ModelAndView("mtn", Map(
[WARNING]                             ^
[WARNING] /workspaces/master-thesis-pascal-joos/code_cure_agent/cca_workspace/lorsource/src/main/scala/ru/org/linux/topic/TopicModificationController.scala:201: a type was inferred to be `Object`; this may indicate a programming error.
[WARNING]     new ModelAndView("uncommit", Map(
[WARNING]                                  ^
[WARNING] /workspaces/master-thesis-pascal-joos/code_cure_agent/cca_workspace/lorsource/src/main/scala/org/springframework/scala/jdbc/core/JdbcTemplate.scala:1013: method mapValues in trait MapOps is deprecated (since 2.13.0): Use .view.mapValues(f). A future version will include a strict version of this method (for now, .view.mapValues(f).toMap).
[WARNING] 		map.asScala.toMap.mapValues(_.asInstanceOf[Any]).toMap
[WARNING] 		                  ^
[WARNING] /workspaces/master-thesis-pascal-joos/code_cure_agent/cca_workspace/lorsource/src/main/scala/ru/org/linux/comment/AddCommentController.scala:78: method + in trait MapOps is deprecated (since 2.13.0): Consider requiring an immutable Map or fall back to Map.concat.
[WARNING]     new ModelAndView("add_comment", (commentService.prepareReplyto(add).asScala + (
[WARNING]                                                                                 ^
[WARNING] /workspaces/master-thesis-pascal-joos/code_cure_agent/cca_workspace/lorsource/src/main/scala/ru/org/linux/realtime/RealtimeEventHub.scala:45: trait MultiMap in package mutable is deprecated (since 2.13.0): Use a scala.collection.mutable.MultiDict in the scala-collection-contrib module
[WARNING]   private val data = new mutable.HashMap[Int, mutable.Set[ActorRef]] with mutable.MultiMap[Int, ActorRef]
[WARNING]                                                                                   ^
[WARNING] /workspaces/master-thesis-pascal-joos/code_cure_agent/cca_workspace/lorsource/src/main/scala/ru/org/linux/realtime/RealtimeEventHub.scala:116: method schedule in trait Scheduler is deprecated (since 2.6.0): Use scheduleWithFixedDelay or scheduleAtFixedRate instead. This has the same semantics as scheduleAtFixedRate, but scheduleWithFixedDelay is often preferred.
[WARNING]   private val schedule = context.system.scheduler.schedule(5.seconds, 1.minute, self, Tick)
[WARNING]                                                   ^
[WARNING] /workspaces/master-thesis-pascal-joos/code_cure_agent/cca_workspace/lorsource/src/main/scala/ru/org/linux/search/ElasticsearchConfiguration.scala:27: class InternalLocalNode in package embedded is deprecated (since 6.5): The elasticsearch embedded module will be removed in 7.0
[WARNING] case class MaybeNode(node: Option[InternalLocalNode]) {
[WARNING]                            ^
[WARNING] /workspaces/master-thesis-pascal-joos/code_cure_agent/cca_workspace/lorsource/src/main/scala/ru/org/linux/search/ElasticsearchConfiguration.scala:27: class InternalLocalNode in package embedded is deprecated (since 6.5): The elasticsearch embedded module will be removed in 7.0
[WARNING] case class MaybeNode(node: Option[InternalLocalNode]) {
[WARNING]            ^
[WARNING] /workspaces/master-thesis-pascal-joos/code_cure_agent/cca_workspace/lorsource/src/main/scala/ru/org/linux/search/ElasticsearchConfiguration.scala:47: method apply in object ElasticClient is deprecated (since 6.3.3): Use apply(ElasticProperties)
[WARNING]         ElasticClient(ElasticsearchClientUri("localhost", 9200))
[WARNING]         ^
[WARNING] /workspaces/master-thesis-pascal-joos/code_cure_agent/cca_workspace/lorsource/src/main/scala/ru/org/linux/search/ElasticsearchConfiguration.scala:47: object ElasticsearchClientUri in package elastic4s is deprecated (since 6.3.3): Use ElasticNodeEndpoint
[WARNING]         ElasticClient(ElasticsearchClientUri("localhost", 9200))
[WARNING]                       ^
[WARNING] /workspaces/master-thesis-pascal-joos/code_cure_agent/cca_workspace/lorsource/src/main/scala/ru/org/linux/search/ElasticsearchConfiguration.scala:49: method apply in object ElasticClient is deprecated (since 6.3.3): Use apply(ElasticProperties)
[WARNING]         ElasticClient(ElasticsearchClientUri(config.getElasticsearch, 9200))
[WARNING]         ^
[WARNING] /workspaces/master-thesis-pascal-joos/code_cure_agent/cca_workspace/lorsource/src/main/scala/ru/org/linux/search/ElasticsearchConfiguration.scala:49: object ElasticsearchClientUri in package elastic4s is deprecated (since 6.3.3): Use ElasticNodeEndpoint
[WARNING]         ElasticClient(ElasticsearchClientUri(config.getElasticsearch, 9200))
[WARNING]                       ^
[WARNING] /workspaces/master-thesis-pascal-joos/code_cure_agent/cca_workspace/lorsource/src/main/scala/ru/org/linux/search/ElasticsearchConfiguration.scala:55: class InternalLocalNode in package embedded is deprecated (since 6.5): The elasticsearch embedded module will be removed in 7.0
[WARNING]   def createEmbedded(name: String, homePath: String): InternalLocalNode = {
[WARNING]                                                       ^
[WARNING] /workspaces/master-thesis-pascal-joos/code_cure_agent/cca_workspace/lorsource/src/main/scala/ru/org/linux/search/ElasticsearchConfiguration.scala:56: method requiredSettings in object LocalNode is deprecated (since 6.5): The elasticsearch embedded module will be removed in 7.0
[WARNING]     val settings = LocalNode.requiredSettings(name, homePath).foldLeft(Settings.builder) {
[WARNING]                              ^
[WARNING] /workspaces/master-thesis-pascal-joos/code_cure_agent/cca_workspace/lorsource/src/main/scala/ru/org/linux/search/ElasticsearchConfiguration.scala:56: object LocalNode in package embedded is deprecated (since 6.5): The elasticsearch embedded module will be removed in 7.0
[WARNING]     val settings = LocalNode.requiredSettings(name, homePath).foldLeft(Settings.builder) {
[WARNING]                    ^
[WARNING] /workspaces/master-thesis-pascal-joos/code_cure_agent/cca_workspace/lorsource/src/main/scala/ru/org/linux/search/ElasticsearchConfiguration.scala:70: class InternalLocalNode in package embedded is deprecated (since 6.5): The elasticsearch embedded module will be removed in 7.0
[WARNING]     new InternalLocalNode(mergedSettings, plugins)
[WARNING]         ^
[WARNING] /workspaces/master-thesis-pascal-joos/code_cure_agent/cca_workspace/lorsource/src/main/scala/ru/org/linux/search/MoreLikeThisService.scala:138: constructor Integer in class Integer is deprecated: see corresponding Javadoc for more information.
[WARNING]     val link = builder.buildAndExpand(section, group, new Integer(hit.id)).toUriString
[WARNING]                                                       ^
[WARNING] /workspaces/master-thesis-pascal-joos/code_cure_agent/cca_workspace/lorsource/src/main/scala/ru/org/linux/search/SearchResultService.scala:107: constructor Integer in class Integer is deprecated: see corresponding Javadoc for more information.
[WARNING]       builder.buildAndExpand(section, group, new Integer(topic), msgid).toUriString
[WARNING]                                              ^
[WARNING] /workspaces/master-thesis-pascal-joos/code_cure_agent/cca_workspace/lorsource/src/main/scala/ru/org/linux/search/SearchResultService.scala:110: constructor Integer in class Integer is deprecated: see corresponding Javadoc for more information.
[WARNING]       builder.buildAndExpand(section, group, new Integer(topic)).toUriString
[WARNING]                                              ^
[WARNING] /workspaces/master-thesis-pascal-joos/code_cure_agent/cca_workspace/lorsource/src/main/scala/ru/org/linux/user/EditProfileController.scala:61: method + in trait SetOps is deprecated (since 2.13.0): Consider requiring an immutable Set or fall back to Set.union
[WARNING]     params.put("topicsValues", (DefaultProfile.TOPICS_VALUES.asScala + tmpl.getProf.getTopics).toSeq.sorted.asJava)
[WARNING]                                                                      ^
[WARNING] /workspaces/master-thesis-pascal-joos/code_cure_agent/cca_workspace/lorsource/src/main/scala/ru/org/linux/user/EditProfileController.scala:62: method + in trait SetOps is deprecated (since 2.13.0): Consider requiring an immutable Set or fall back to Set.union
[WARNING]     params.put("messagesValues", (DefaultProfile.COMMENTS_VALUES.asScala + tmpl.getProf.getMessages).toSeq.sorted.asJava)
[WARNING]                                                                          ^
[WARNING] /workspaces/master-thesis-pascal-joos/code_cure_agent/cca_workspace/lorsource/src/main/scala/ru/org/linux/user/UserEventPrepareService.scala:44: method mapValues in trait MapOps is deprecated (since 2.13.0): Use .view.mapValues(f). A future version will include a strict version of this method (for now, .view.mapValues(f).toMap).
[WARNING]     val tags = tagService.tagRefs(evts.map(_.getTopicId).distinct).mapValues(_.map(_.name))
[WARNING]                                                                    ^
[WARNING] 28 warnings found
[WARNING] Note: /workspaces/master-thesis-pascal-joos/code_cure_agent/cca_workspace/lorsource/src/main/java/ru/org/linux/search/SearchController.java uses or overrides a deprecated API.
[WARNING] Note: Recompile with -Xlint:deprecation for details.
[WARNING] Note: Some input files use unchecked or unsafe operations.
[WARNING] Note: Recompile with -Xlint:unchecked for details.
[INFO] 
[INFO] --- maven-compiler-plugin:3.7.0:compile (default-compile) @ lor ---
[INFO] Changes detected - recompiling the module!
[INFO] Compiling 244 source files to /workspaces/master-thesis-pascal-joos/code_cure_agent/cca_workspace/lorsource/target/classes
[WARNING] /workspaces/master-thesis-pascal-joos/code_cure_agent/cca_workspace/lorsource/src/main/java/ru/org/linux/user/Profile.java:[209,67] unchecked cast
  required: java.util.List<java.lang.String>
  found:    java.lang.Object
[WARNING] /workspaces/master-thesis-pascal-joos/code_cure_agent/cca_workspace/lorsource/src/main/java/ru/org/linux/user/UserLogDao.java:[194,55] unchecked cast
  required: java.util.Map<java.lang.String,java.lang.String>
  found:    java.lang.Object
[WARNING] /workspaces/master-thesis-pascal-joos/code_cure_agent/cca_workspace/lorsource/src/main/java/ru/org/linux/user/ProfileDao.java:[53,123] unchecked cast
  required: java.util.Map<java.lang.String,java.lang.String>
  found:    java.lang.Object
[WARNING] /workspaces/master-thesis-pascal-joos/code_cure_agent/cca_workspace/lorsource/src/main/java/ru/org/linux/user/ProfileDao.java:[58,123] unchecked cast
  required: java.util.Map<java.lang.String,java.lang.String>
  found:    java.lang.Object
[INFO] /workspaces/master-thesis-pascal-joos/code_cure_agent/cca_workspace/lorsource/src/main/java/ru/org/linux/search/SearchController.java: /workspaces/master-thesis-pascal-joos/code_cure_agent/cca_workspace/lorsource/src/main/java/ru/org/linux/search/SearchController.java uses or overrides a deprecated API.
[INFO] /workspaces/master-thesis-pascal-joos/code_cure_agent/cca_workspace/lorsource/src/main/java/ru/org/linux/search/SearchController.java: Recompile with -Xlint:deprecation for details.
[INFO] 
[INFO] --- yuicompressor-maven-plugin:1.3.3:compress (default) @ lor ---
[INFO] popover.css (2240b) -> popover.css (1116b)[49%]
[INFO] syntax.css (2181b) -> syntax.css (1219b)[55%]
[INFO] tango-swamp.css (2684b) -> tango-swamp.css (1811b)[67%]
[INFO] highlight.pack.js (44082b) -> highlight.pack.js (44082b)[100%]
[INFO] pattern.js (701b) -> pattern.js (170b)[24%]
[INFO] jquery.validate.ru.js (1929b) -> jquery.validate.ru.js (1929b)[100%]
[INFO] jquery.popover-1.1.2.js (14634b) -> jquery.popover-1.1.2.js (6921b)[47%]
[INFO] tagsAutocomplete.js (2351b) -> tagsAutocomplete.js (532b)[22%]
[INFO] realtime.js (1829b) -> realtime.js (621b)[33%]
[INFO] jquery.hotkeys.js (5529b) -> jquery.hotkeys.js (2568b)[46%]
[INFO] lor.js (12181b) -> lor.js (6872b)[56%]
[INFO] jquery.swfobject.1-1-1.min.js (2726b) -> jquery.swfobject.1-1-1.min.js (2649b)[97%]
[INFO] lor_view_diff_history.js (4321b) -> lor_view_diff_history.js (2568b)[59%]
[INFO] addComments.js (6472b) -> addComments.js (3113b)[48%]
[INFO] jquery-ui-1.10.3.custom.min.js (33770b) -> jquery-ui-1.10.3.custom.min.js (33801b)[100%]
[INFO] jquery-ui-1.10.3.custom.min.css (16895b) -> jquery-ui-1.10.3.custom.min.css (16895b)[100%]
[INFO] script.min.js (2279b) -> script.min.js (1654b)[72%]
[INFO] ir_black.css (1752b) -> ir_black.css (862b)[49%]
[INFO] idea.css (2061b) -> idea.css (1106b)[53%]
[INFO] syntax.css (1858b) -> syntax.css (935b)[50%]
[INFO] total input (162475b) -> output (131424b)[80%]
[INFO] generate aggregation : /workspaces/master-thesis-pascal-joos/code_cure_agent/cca_workspace/lorsource/target/lor-1.0-SNAPSHOT/js/diff_match_patch.js
[INFO] diff_match_patch.js (76494b)
[INFO] generate aggregation : /workspaces/master-thesis-pascal-joos/code_cure_agent/cca_workspace/lorsource/target/lor-1.0-SNAPSHOT/js/plugins.js
[INFO] plugins.js (113553b)
[INFO] generate aggregation : /workspaces/master-thesis-pascal-joos/code_cure_agent/cca_workspace/lorsource/target/lor-1.0-SNAPSHOT/tango/combined.css
[INFO] combined.css (31195b)
[INFO] generate aggregation : /workspaces/master-thesis-pascal-joos/code_cure_agent/cca_workspace/lorsource/target/lor-1.0-SNAPSHOT/qrerror/combined.css
[INFO] combined.css (28858b)
[INFO] generate aggregation : /workspaces/master-thesis-pascal-joos/code_cure_agent/cca_workspace/lorsource/target/lor-1.0-SNAPSHOT/zomg_ponies/combined.css
[INFO] combined.css (35129b)
[INFO] generate aggregation : /workspaces/master-thesis-pascal-joos/code_cure_agent/cca_workspace/lorsource/target/lor-1.0-SNAPSHOT/waltz/combined.css
[INFO] combined.css (29160b)
[INFO] generate aggregation : /workspaces/master-thesis-pascal-joos/code_cure_agent/cca_workspace/lorsource/target/lor-1.0-SNAPSHOT/black/combined.css
[INFO] combined.css (26736b)
[INFO] generate aggregation : /workspaces/master-thesis-pascal-joos/code_cure_agent/cca_workspace/lorsource/target/lor-1.0-SNAPSHOT/white2/combined.css
[INFO] combined.css (26728b)
[INFO] nb warnings: 0, nb errors: 0
[INFO] 
[INFO] --- maven-antrun-plugin:1.7:run (create-temp-storage) @ lor ---
[WARNING] Parameter tasks is deprecated, use target instead
[INFO] Executing tasks

main:
    [mkdir] Created dir: /workspaces/master-thesis-pascal-joos/code_cure_agent/cca_workspace/lorsource/target/tmp/linux-storage/tmp
    [mkdir] Created dir: /workspaces/master-thesis-pascal-joos/code_cure_agent/cca_workspace/lorsource/target/uploads/gallery
    [mkdir] Created dir: /workspaces/master-thesis-pascal-joos/code_cure_agent/cca_workspace/lorsource/target/uploads/images
    [mkdir] Created dir: /workspaces/master-thesis-pascal-joos/code_cure_agent/cca_workspace/lorsource/target/uploads/gallery/preview
    [mkdir] Created dir: /workspaces/master-thesis-pascal-joos/code_cure_agent/cca_workspace/lorsource/target/uploads/photos
     [copy] Copying 1 file to /workspaces/master-thesis-pascal-joos/code_cure_agent/cca_workspace/lorsource/target/lor-1.0-SNAPSHOT/qrerror
[INFO] Executed tasks
[INFO] 
[INFO] --- maven-resources-plugin:2.6:testResources (default-testResources) @ lor ---
[INFO] Using 'UTF-8' encoding to copy filtered resources.
[INFO] Copying 11 resources
[INFO] 
[INFO] --- scala-maven-plugin:3.3.2:testCompile (scala-test-compile) @ lor ---
[WARNING]  Expected all dependencies to require Scala version: 2.13.1
[WARNING]  com.typesafe.akka:akka-actor_2.13:2.6.4 requires scala version: 2.13.1
[WARNING]  org.scala-lang.modules:scala-java8-compat_2.13:0.9.0 requires scala version: 2.13.0
[WARNING] Multiple versions of scala libraries detected!
[INFO] Using incremental compilation
[WARNING] Pruning sources from previous analysis, due to incompatible CompileSetup.
[INFO] Compiling 8 Scala sources and 51 Java sources to /workspaces/master-thesis-pascal-joos/code_cure_agent/cca_workspace/lorsource/target/test-classes...
[WARNING] /workspaces/master-thesis-pascal-joos/code_cure_agent/cca_workspace/lorsource/src/test/scala/ru/org/linux/search/ElasticsearchIndexServiceIntegrationSpec.scala:76: method apply in object ElasticClient is deprecated (since 6.3.3): Use apply(ElasticProperties)
[WARNING]     ElasticClient(ElasticsearchClientUri("localhost", 9200))
[WARNING]     ^
[WARNING] /workspaces/master-thesis-pascal-joos/code_cure_agent/cca_workspace/lorsource/src/test/scala/ru/org/linux/search/ElasticsearchIndexServiceIntegrationSpec.scala:76: object ElasticsearchClientUri in package elastic4s is deprecated (since 6.3.3): Use ElasticNodeEndpoint
[WARNING]     ElasticClient(ElasticsearchClientUri("localhost", 9200))
[WARNING]                   ^
[WARNING] two warnings found
[ERROR] /workspaces/master-thesis-pascal-joos/code_cure_agent/cca_workspace/lorsource/src/test/java/ru/org/linux/topic/GroupPermissionServiceTest.java:324: error: isDeletableByModerator(Topic,User) has private access in GroupPermissionService
[ERROR]     assertTrue(permissionService.isDeletableByModerator(messageModerateOld, user));
[ERROR]                                 ^
[ERROR] /workspaces/master-thesis-pascal-joos/code_cure_agent/cca_workspace/lorsource/src/test/java/ru/org/linux/topic/GroupPermissionServiceTest.java:328: error: isDeletableByModerator(Topic,User) has private access in GroupPermissionService
[ERROR]     assertTrue(permissionService.isDeletableByModerator(messageNotModerateOld, user));
[ERROR]                                 ^
[ERROR] /workspaces/master-thesis-pascal-joos/code_cure_agent/cca_workspace/lorsource/src/test/java/ru/org/linux/topic/GroupPermissionServiceTest.java:333: error: isDeletableByModerator(Topic,User) has private access in GroupPermissionService
[ERROR]     assertTrue(permissionService.isDeletableByModerator(messageModerateNew, user));
[ERROR]                                 ^
[ERROR] /workspaces/master-thesis-pascal-joos/code_cure_agent/cca_workspace/lorsource/src/test/java/ru/org/linux/topic/GroupPermissionServiceTest.java:337: error: isDeletableByModerator(Topic,User) has private access in GroupPermissionService
[ERROR]     assertTrue(permissionService.isDeletableByModerator(messageNotModerateNew, user));
[ERROR]                                 ^
[ERROR] Note: /workspaces/master-thesis-pascal-joos/code_cure_agent/cca_workspace/lorsource/src/test/java/ru/org/linux/util/HTMLFormatterTest.java uses or overrides a deprecated API.
[ERROR] Note: Recompile with -Xlint:deprecation for details.
[ERROR] 4 errors
[INFO] ------------------------------------------------------------------------
[INFO] BUILD FAILURE
[INFO] ------------------------------------------------------------------------
[INFO] Total time:  35.028 s
[INFO] Finished at: 2025-08-30T11:14:38Z
[INFO] ------------------------------------------------------------------------
[ERROR] Failed to execute goal net.alchim31.maven:scala-maven-plugin:3.3.2:testCompile (scala-test-compile) on project lor: Execution scala-test-compile of goal net.alchim31.maven:scala-maven-plugin:3.3.2:testCompile failed. CompileFailed -> [Help 1]
[ERROR] 
[ERROR] To see the full stack trace of the errors, re-run Maven with the -e switch.
[ERROR] Re-run Maven using the -X switch to enable full debug logging.
[ERROR] 
[ERROR] For more information about the errors and possible solutions, please read the following articles:
[ERROR] [Help 1] http://cwiki.apache.org/confluence/display/MAVEN/PluginExecutionException
