[INFO] Scanning for projects...
[INFO] Inspecting build with total of 8 modules...
[INFO] Installing Nexus Staging features:
[INFO]   ... total of 8 executions of maven-deploy-plugin replaced with nexus-staging-maven-plugin
[INFO] ------------------------------------------------------------------------
[INFO] Reactor Build Order:
[INFO] 
[INFO] org.uma.jmetal:jmetal                                              [pom]
[INFO] org.uma.jmetal:jmetal-core                                         [jar]
[INFO] org.uma.jmetal:jmetal-problem                                      [jar]
[INFO] org.uma.jmetal:jmetal-algorithm                                    [jar]
[INFO] org.uma.jmetal:jmetal-lab                                          [jar]
[INFO] org.uma.jmetal:jmetal-example                                      [jar]
[INFO] org.uma.jmetal:jmetal-experimental                                 [jar]
[INFO] org.uma.jmetal:jmetal-parallel                                     [jar]
[INFO] 
[INFO] -----------------------< org.uma.jmetal:jmetal >------------------------
[INFO] Building org.uma.jmetal:jmetal 5.11-SNAPSHOT                       [1/8]
[INFO] --------------------------------[ pom ]---------------------------------
[INFO] 
[INFO] --- maven-clean-plugin:2.5:clean (default-clean) @ jmetal ---
[INFO] 
[INFO] --- jacoco-maven-plugin:0.8.5:prepare-agent (default) @ jmetal ---
[INFO] argLine set to -javaagent:/home/vscode/.m2/repository/org/jacoco/org.jacoco.agent/0.8.5/org.jacoco.agent-0.8.5-runtime.jar=destfile=/workspaces/xxxx/code_cure_agent/cca_workspace/jMetal/target/jacoco.exec
[INFO] 
[INFO] --- jacoco-maven-plugin:0.8.5:report (report) @ jmetal ---
[INFO] Skipping JaCoCo execution due to missing execution data file.
[INFO] 
[INFO] --- maven-source-plugin:2.2.1:jar-no-fork (attach-sources) @ jmetal ---
[INFO] 
[INFO] --- maven-site-plugin:3.7.1:attach-descriptor (attach-descriptor) @ jmetal ---
[INFO] No site descriptor found: nothing to attach.
[INFO] 
[INFO] ---------------------< org.uma.jmetal:jmetal-core >---------------------
[INFO] Building org.uma.jmetal:jmetal-core 5.11-SNAPSHOT                  [2/8]
[INFO] --------------------------------[ jar ]---------------------------------
[INFO] 
[INFO] --- maven-clean-plugin:2.5:clean (default-clean) @ jmetal-core ---
[INFO] Deleting /workspaces/xxxx/code_cure_agent/cca_workspace/jMetal/jmetal-core/target
[INFO] 
[INFO] --- jacoco-maven-plugin:0.8.5:prepare-agent (default) @ jmetal-core ---
[INFO] argLine set to -javaagent:/home/vscode/.m2/repository/org/jacoco/org.jacoco.agent/0.8.5/org.jacoco.agent-0.8.5-runtime.jar=destfile=/workspaces/xxxx/code_cure_agent/cca_workspace/jMetal/jmetal-core/target/jacoco.exec
[INFO] 
[INFO] --- maven-resources-plugin:2.6:resources (default-resources) @ jmetal-core ---
[INFO] Using 'UTF-8' encoding to copy filtered resources.
[INFO] Copying 90 resources
[INFO] 
[INFO] --- maven-compiler-plugin:3.8.0:compile (default-compile) @ jmetal-core ---
[INFO] Changes detected - recompiling the module!
[INFO] Compiling 299 source files to /workspaces/xxxx/code_cure_agent/cca_workspace/jMetal/jmetal-core/target/classes
[INFO] /workspaces/xxxx/code_cure_agent/cca_workspace/jMetal/jmetal-core/src/main/java/org/uma/jmetal/util/solutionattribute/impl/GenericSolutionAttribute.java: Some input files use or override a deprecated API.
[INFO] /workspaces/xxxx/code_cure_agent/cca_workspace/jMetal/jmetal-core/src/main/java/org/uma/jmetal/util/solutionattribute/impl/GenericSolutionAttribute.java: Recompile with -Xlint:deprecation for details.
[INFO] /workspaces/xxxx/code_cure_agent/cca_workspace/jMetal/jmetal-core/src/main/java/org/uma/jmetal/util/observer/impl/ExternalArchiveObserver.java: Some input files use unchecked or unsafe operations.
[INFO] /workspaces/xxxx/code_cure_agent/cca_workspace/jMetal/jmetal-core/src/main/java/org/uma/jmetal/util/observer/impl/ExternalArchiveObserver.java: Recompile with -Xlint:unchecked for details.
[INFO] 
[INFO] --- maven-resources-plugin:2.6:testResources (default-testResources) @ jmetal-core ---
[INFO] Using 'UTF-8' encoding to copy filtered resources.
[INFO] Copying 7 resources
[INFO] 
[INFO] --- maven-compiler-plugin:3.8.0:testCompile (default-testCompile) @ jmetal-core ---
[INFO] Changes detected - recompiling the module!
[INFO] Compiling 101 source files to /workspaces/xxxx/code_cure_agent/cca_workspace/jMetal/jmetal-core/target/test-classes
[INFO] /workspaces/xxxx/code_cure_agent/cca_workspace/jMetal/jmetal-core/src/test/java/org/uma/jmetal/util/comparator/RankingComparatorTest.java: Some input files use or override a deprecated API.
[INFO] /workspaces/xxxx/code_cure_agent/cca_workspace/jMetal/jmetal-core/src/test/java/org/uma/jmetal/util/comparator/RankingComparatorTest.java: Recompile with -Xlint:deprecation for details.
[INFO] /workspaces/xxxx/code_cure_agent/cca_workspace/jMetal/jmetal-core/src/test/java/org/uma/jmetal/operator/selection/BinaryTournamentSelectionTest.java: /workspaces/xxxx/code_cure_agent/cca_workspace/jMetal/jmetal-core/src/test/java/org/uma/jmetal/operator/selection/BinaryTournamentSelectionTest.java uses unchecked or unsafe operations.
[INFO] /workspaces/xxxx/code_cure_agent/cca_workspace/jMetal/jmetal-core/src/test/java/org/uma/jmetal/operator/selection/BinaryTournamentSelectionTest.java: Recompile with -Xlint:unchecked for details.
[INFO] 
[INFO] --- maven-surefire-plugin:2.12.4:test (default-test) @ jmetal-core ---
[INFO] Tests are skipped.
[INFO] 
[INFO] --- jacoco-maven-plugin:0.8.5:report (report) @ jmetal-core ---
[INFO] Skipping JaCoCo execution due to missing execution data file.
[INFO] 
[INFO] --- maven-jar-plugin:2.4:jar (default-jar) @ jmetal-core ---
[INFO] Building jar: /workspaces/xxxx/code_cure_agent/cca_workspace/jMetal/jmetal-core/target/jmetal-core-5.11-SNAPSHOT.jar
[INFO] 
[INFO] --- maven-assembly-plugin:2.4:single (make-assembly) @ jmetal-core ---
[INFO] Building jar: /workspaces/xxxx/code_cure_agent/cca_workspace/jMetal/jmetal-core/target/jmetal-core-5.11-SNAPSHOT-jar-with-dependencies.jar
[INFO] 
[INFO] --- maven-source-plugin:2.2.1:jar-no-fork (attach-sources) @ jmetal-core ---
[INFO] Building jar: /workspaces/xxxx/code_cure_agent/cca_workspace/jMetal/jmetal-core/target/jmetal-core-5.11-SNAPSHOT-sources.jar
[INFO] 
[INFO] --- maven-site-plugin:3.7.1:attach-descriptor (attach-descriptor) @ jmetal-core ---
[INFO] Skipping because packaging 'jar' is not pom.
[INFO] 
[INFO] -------------------< org.uma.jmetal:jmetal-problem >--------------------
[INFO] Building org.uma.jmetal:jmetal-problem 5.11-SNAPSHOT               [3/8]
[INFO] --------------------------------[ jar ]---------------------------------
[INFO] 
[INFO] --- maven-clean-plugin:2.5:clean (default-clean) @ jmetal-problem ---
[INFO] Deleting /workspaces/xxxx/code_cure_agent/cca_workspace/jMetal/jmetal-problem/target
[INFO] 
[INFO] --- jacoco-maven-plugin:0.8.5:prepare-agent (default) @ jmetal-problem ---
[INFO] argLine set to -javaagent:/home/vscode/.m2/repository/org/jacoco/org.jacoco.agent/0.8.5/org.jacoco.agent-0.8.5-runtime.jar=destfile=/workspaces/xxxx/code_cure_agent/cca_workspace/jMetal/jmetal-problem/target/jacoco.exec
[INFO] 
[INFO] --- maven-resources-plugin:2.6:resources (default-resources) @ jmetal-problem ---
[INFO] Using 'UTF-8' encoding to copy filtered resources.
[INFO] Copying 113 resources
[INFO] 
[INFO] --- maven-compiler-plugin:3.8.0:compile (default-compile) @ jmetal-problem ---
[INFO] Changes detected - recompiling the module!
[INFO] Compiling 190 source files to /workspaces/xxxx/code_cure_agent/cca_workspace/jMetal/jmetal-problem/target/classes
[INFO] -------------------------------------------------------------
[ERROR] COMPILATION ERROR : 
[INFO] -------------------------------------------------------------
[ERROR] /workspaces/xxxx/code_cure_agent/cca_workspace/jMetal/jmetal-problem/src/main/java/org/uma/jmetal/problem/multiobjective/ebes/Ebes.java:[1158,11] <identifier> expected
[ERROR] /workspaces/xxxx/code_cure_agent/cca_workspace/jMetal/jmetal-problem/src/main/java/org/uma/jmetal/problem/multiobjective/ebes/Ebes.java:[1160,20] ']' expected
[ERROR] /workspaces/xxxx/code_cure_agent/cca_workspace/jMetal/jmetal-problem/src/main/java/org/uma/jmetal/problem/multiobjective/ebes/Ebes.java:[1160,23] ';' expected
[ERROR] /workspaces/xxxx/code_cure_agent/cca_workspace/jMetal/jmetal-problem/src/main/java/org/uma/jmetal/problem/multiobjective/ebes/Ebes.java:[1161,19] <identifier> expected
[ERROR] /workspaces/xxxx/code_cure_agent/cca_workspace/jMetal/jmetal-problem/src/main/java/org/uma/jmetal/problem/multiobjective/ebes/Ebes.java:[1161,30] ']' expected
[ERROR] /workspaces/xxxx/code_cure_agent/cca_workspace/jMetal/jmetal-problem/src/main/java/org/uma/jmetal/problem/multiobjective/ebes/Ebes.java:[1161,32] ';' expected
[ERROR] /workspaces/xxxx/code_cure_agent/cca_workspace/jMetal/jmetal-problem/src/main/java/org/uma/jmetal/problem/multiobjective/ebes/Ebes.java:[1161,42] <identifier> expected
[ERROR] /workspaces/xxxx/code_cure_agent/cca_workspace/jMetal/jmetal-problem/src/main/java/org/uma/jmetal/problem/multiobjective/ebes/Ebes.java:[1162,20] ']' expected
[ERROR] /workspaces/xxxx/code_cure_agent/cca_workspace/jMetal/jmetal-problem/src/main/java/org/uma/jmetal/problem/multiobjective/ebes/Ebes.java:[1162,23] ';' expected
[ERROR] /workspaces/xxxx/code_cure_agent/cca_workspace/jMetal/jmetal-problem/src/main/java/org/uma/jmetal/problem/multiobjective/ebes/Ebes.java:[1163,19] <identifier> expected
[ERROR] /workspaces/xxxx/code_cure_agent/cca_workspace/jMetal/jmetal-problem/src/main/java/org/uma/jmetal/problem/multiobjective/ebes/Ebes.java:[1163,30] ']' expected
[ERROR] /workspaces/xxxx/code_cure_agent/cca_workspace/jMetal/jmetal-problem/src/main/java/org/uma/jmetal/problem/multiobjective/ebes/Ebes.java:[1163,32] ';' expected
[ERROR] /workspaces/xxxx/code_cure_agent/cca_workspace/jMetal/jmetal-problem/src/main/java/org/uma/jmetal/problem/multiobjective/ebes/Ebes.java:[1163,42] <identifier> expected
[ERROR] /workspaces/xxxx/code_cure_agent/cca_workspace/jMetal/jmetal-problem/src/main/java/org/uma/jmetal/problem/multiobjective/ebes/Ebes.java:[1164,20] ']' expected
[ERROR] /workspaces/xxxx/code_cure_agent/cca_workspace/jMetal/jmetal-problem/src/main/java/org/uma/jmetal/problem/multiobjective/ebes/Ebes.java:[1164,23] ';' expected
[ERROR] /workspaces/xxxx/code_cure_agent/cca_workspace/jMetal/jmetal-problem/src/main/java/org/uma/jmetal/problem/multiobjective/ebes/Ebes.java:[1165,16] <identifier> expected
[ERROR] /workspaces/xxxx/code_cure_agent/cca_workspace/jMetal/jmetal-problem/src/main/java/org/uma/jmetal/problem/multiobjective/ebes/Ebes.java:[1165,21] <identifier> expected
[ERROR] /workspaces/xxxx/code_cure_agent/cca_workspace/jMetal/jmetal-problem/src/main/java/org/uma/jmetal/problem/multiobjective/ebes/Ebes.java:[1167,32] <identifier> expected
[ERROR] /workspaces/xxxx/code_cure_agent/cca_workspace/jMetal/jmetal-problem/src/main/java/org/uma/jmetal/problem/multiobjective/ebes/Ebes.java:[1168,33] ']' expected
[ERROR] /workspaces/xxxx/code_cure_agent/cca_workspace/jMetal/jmetal-problem/src/main/java/org/uma/jmetal/problem/multiobjective/ebes/Ebes.java:[1168,35] ',', ')', or '[' expected
[ERROR] /workspaces/xxxx/code_cure_agent/cca_workspace/jMetal/jmetal-problem/src/main/java/org/uma/jmetal/problem/multiobjective/ebes/Ebes.java:[1171,20] ']' expected
[ERROR] /workspaces/xxxx/code_cure_agent/cca_workspace/jMetal/jmetal-problem/src/main/java/org/uma/jmetal/problem/multiobjective/ebes/Ebes.java:[1171,23] ';' expected
[ERROR] /workspaces/xxxx/code_cure_agent/cca_workspace/jMetal/jmetal-problem/src/main/java/org/uma/jmetal/problem/multiobjective/ebes/Ebes.java:[1172,16] <identifier> expected
[ERROR] /workspaces/xxxx/code_cure_agent/cca_workspace/jMetal/jmetal-problem/src/main/java/org/uma/jmetal/problem/multiobjective/ebes/Ebes.java:[1172,21] <identifier> expected
[ERROR] /workspaces/xxxx/code_cure_agent/cca_workspace/jMetal/jmetal-problem/src/main/java/org/uma/jmetal/problem/multiobjective/ebes/Ebes.java:[1174,32] <identifier> expected
[ERROR] /workspaces/xxxx/code_cure_agent/cca_workspace/jMetal/jmetal-problem/src/main/java/org/uma/jmetal/problem/multiobjective/ebes/Ebes.java:[1175,33] ']' expected
[ERROR] /workspaces/xxxx/code_cure_agent/cca_workspace/jMetal/jmetal-problem/src/main/java/org/uma/jmetal/problem/multiobjective/ebes/Ebes.java:[1175,35] ',', ')', or '[' expected
[ERROR] /workspaces/xxxx/code_cure_agent/cca_workspace/jMetal/jmetal-problem/src/main/java/org/uma/jmetal/problem/multiobjective/ebes/Ebes.java:[1178,9] class, interface, or enum expected
[ERROR] /workspaces/xxxx/code_cure_agent/cca_workspace/jMetal/jmetal-problem/src/main/java/org/uma/jmetal/problem/multiobjective/ebes/Ebes.java:[1180,9] class, interface, or enum expected
[ERROR] /workspaces/xxxx/code_cure_agent/cca_workspace/jMetal/jmetal-problem/src/main/java/org/uma/jmetal/problem/multiobjective/ebes/Ebes.java:[1181,9] class, interface, or enum expected
[ERROR] /workspaces/xxxx/code_cure_agent/cca_workspace/jMetal/jmetal-problem/src/main/java/org/uma/jmetal/problem/multiobjective/ebes/Ebes.java:[1182,9] class, interface, or enum expected
[ERROR] /workspaces/xxxx/code_cure_agent/cca_workspace/jMetal/jmetal-problem/src/main/java/org/uma/jmetal/problem/multiobjective/ebes/Ebes.java:[1183,9] class, interface, or enum expected
[ERROR] /workspaces/xxxx/code_cure_agent/cca_workspace/jMetal/jmetal-problem/src/main/java/org/uma/jmetal/problem/multiobjective/ebes/Ebes.java:[1184,9] class, interface, or enum expected
[ERROR] /workspaces/xxxx/code_cure_agent/cca_workspace/jMetal/jmetal-problem/src/main/java/org/uma/jmetal/problem/multiobjective/ebes/Ebes.java:[1186,9] class, interface, or enum expected
[ERROR] /workspaces/xxxx/code_cure_agent/cca_workspace/jMetal/jmetal-problem/src/main/java/org/uma/jmetal/problem/multiobjective/ebes/Ebes.java:[1188,9] class, interface, or enum expected
[ERROR] /workspaces/xxxx/code_cure_agent/cca_workspace/jMetal/jmetal-problem/src/main/java/org/uma/jmetal/problem/multiobjective/ebes/Ebes.java:[1195,9] class, interface, or enum expected
[ERROR] /workspaces/xxxx/code_cure_agent/cca_workspace/jMetal/jmetal-problem/src/main/java/org/uma/jmetal/problem/multiobjective/ebes/Ebes.java:[1202,7] class, interface, or enum expected
[ERROR] /workspaces/xxxx/code_cure_agent/cca_workspace/jMetal/jmetal-problem/src/main/java/org/uma/jmetal/problem/multiobjective/ebes/Ebes.java:[1204,9] class, interface, or enum expected
[ERROR] /workspaces/xxxx/code_cure_agent/cca_workspace/jMetal/jmetal-problem/src/main/java/org/uma/jmetal/problem/multiobjective/ebes/Ebes.java:[1205,9] class, interface, or enum expected
[ERROR] /workspaces/xxxx/code_cure_agent/cca_workspace/jMetal/jmetal-problem/src/main/java/org/uma/jmetal/problem/multiobjective/ebes/Ebes.java:[1206,9] class, interface, or enum expected
[ERROR] /workspaces/xxxx/code_cure_agent/cca_workspace/jMetal/jmetal-problem/src/main/java/org/uma/jmetal/problem/multiobjective/ebes/Ebes.java:[1207,9] class, interface, or enum expected
[ERROR] /workspaces/xxxx/code_cure_agent/cca_workspace/jMetal/jmetal-problem/src/main/java/org/uma/jmetal/problem/multiobjective/ebes/Ebes.java:[1208,9] class, interface, or enum expected
[ERROR] /workspaces/xxxx/code_cure_agent/cca_workspace/jMetal/jmetal-problem/src/main/java/org/uma/jmetal/problem/multiobjective/ebes/Ebes.java:[1210,9] class, interface, or enum expected
[ERROR] /workspaces/xxxx/code_cure_agent/cca_workspace/jMetal/jmetal-problem/src/main/java/org/uma/jmetal/problem/multiobjective/ebes/Ebes.java:[1212,9] class, interface, or enum expected
[ERROR] /workspaces/xxxx/code_cure_agent/cca_workspace/jMetal/jmetal-problem/src/main/java/org/uma/jmetal/problem/multiobjective/ebes/Ebes.java:[1219,9] class, interface, or enum expected
[ERROR] /workspaces/xxxx/code_cure_agent/cca_workspace/jMetal/jmetal-problem/src/main/java/org/uma/jmetal/problem/multiobjective/ebes/Ebes.java:[1226,7] class, interface, or enum expected
[ERROR] /workspaces/xxxx/code_cure_agent/cca_workspace/jMetal/jmetal-problem/src/main/java/org/uma/jmetal/problem/multiobjective/ebes/Ebes.java:[1229,7] class, interface, or enum expected
[ERROR] /workspaces/xxxx/code_cure_agent/cca_workspace/jMetal/jmetal-problem/src/main/java/org/uma/jmetal/problem/multiobjective/ebes/Ebes.java:[1241,22] class, interface, or enum expected
[ERROR] /workspaces/xxxx/code_cure_agent/cca_workspace/jMetal/jmetal-problem/src/main/java/org/uma/jmetal/problem/multiobjective/ebes/Ebes.java:[1241,54] class, interface, or enum expected
[ERROR] /workspaces/xxxx/code_cure_agent/cca_workspace/jMetal/jmetal-problem/src/main/java/org/uma/jmetal/problem/multiobjective/ebes/Ebes.java:[1242,24] class, interface, or enum expected
[ERROR] /workspaces/xxxx/code_cure_agent/cca_workspace/jMetal/jmetal-problem/src/main/java/org/uma/jmetal/problem/multiobjective/ebes/Ebes.java:[1242,53] class, interface, or enum expected
[ERROR] /workspaces/xxxx/code_cure_agent/cca_workspace/jMetal/jmetal-problem/src/main/java/org/uma/jmetal/problem/multiobjective/ebes/Ebes.java:[1248,9] class, interface, or enum expected
[ERROR] /workspaces/xxxx/code_cure_agent/cca_workspace/jMetal/jmetal-problem/src/main/java/org/uma/jmetal/problem/multiobjective/ebes/Ebes.java:[1255,9] class, interface, or enum expected
[ERROR] /workspaces/xxxx/code_cure_agent/cca_workspace/jMetal/jmetal-problem/src/main/java/org/uma/jmetal/problem/multiobjective/ebes/Ebes.java:[1258,9] class, interface, or enum expected
[ERROR] /workspaces/xxxx/code_cure_agent/cca_workspace/jMetal/jmetal-problem/src/main/java/org/uma/jmetal/problem/multiobjective/ebes/Ebes.java:[1265,9] class, interface, or enum expected
[ERROR] /workspaces/xxxx/code_cure_agent/cca_workspace/jMetal/jmetal-problem/src/main/java/org/uma/jmetal/problem/multiobjective/ebes/Ebes.java:[1268,9] class, interface, or enum expected
[ERROR] /workspaces/xxxx/code_cure_agent/cca_workspace/jMetal/jmetal-problem/src/main/java/org/uma/jmetal/problem/multiobjective/ebes/Ebes.java:[1269,7] class, interface, or enum expected
[ERROR] /workspaces/xxxx/code_cure_agent/cca_workspace/jMetal/jmetal-problem/src/main/java/org/uma/jmetal/problem/multiobjective/ebes/Ebes.java:[1272,22] class, interface, or enum expected
[ERROR] /workspaces/xxxx/code_cure_agent/cca_workspace/jMetal/jmetal-problem/src/main/java/org/uma/jmetal/problem/multiobjective/ebes/Ebes.java:[1272,54] class, interface, or enum expected
[ERROR] /workspaces/xxxx/code_cure_agent/cca_workspace/jMetal/jmetal-problem/src/main/java/org/uma/jmetal/problem/multiobjective/ebes/Ebes.java:[1275,7] class, interface, or enum expected
[ERROR] /workspaces/xxxx/code_cure_agent/cca_workspace/jMetal/jmetal-problem/src/main/java/org/uma/jmetal/problem/multiobjective/ebes/Ebes.java:[1275,23] class, interface, or enum expected
[ERROR] /workspaces/xxxx/code_cure_agent/cca_workspace/jMetal/jmetal-problem/src/main/java/org/uma/jmetal/problem/multiobjective/ebes/Ebes.java:[1275,46] class, interface, or enum expected
[ERROR] /workspaces/xxxx/code_cure_agent/cca_workspace/jMetal/jmetal-problem/src/main/java/org/uma/jmetal/problem/multiobjective/ebes/Ebes.java:[1277,9] class, interface, or enum expected
[ERROR] /workspaces/xxxx/code_cure_agent/cca_workspace/jMetal/jmetal-problem/src/main/java/org/uma/jmetal/problem/multiobjective/ebes/Ebes.java:[1278,9] class, interface, or enum expected
[ERROR] /workspaces/xxxx/code_cure_agent/cca_workspace/jMetal/jmetal-problem/src/main/java/org/uma/jmetal/problem/multiobjective/ebes/Ebes.java:[1279,9] class, interface, or enum expected
[ERROR] /workspaces/xxxx/code_cure_agent/cca_workspace/jMetal/jmetal-problem/src/main/java/org/uma/jmetal/problem/multiobjective/ebes/Ebes.java:[1280,9] class, interface, or enum expected
[ERROR] /workspaces/xxxx/code_cure_agent/cca_workspace/jMetal/jmetal-problem/src/main/java/org/uma/jmetal/problem/multiobjective/ebes/Ebes.java:[1281,9] class, interface, or enum expected
[ERROR] /workspaces/xxxx/code_cure_agent/cca_workspace/jMetal/jmetal-problem/src/main/java/org/uma/jmetal/problem/multiobjective/ebes/Ebes.java:[1282,7] class, interface, or enum expected
[ERROR] /workspaces/xxxx/code_cure_agent/cca_workspace/jMetal/jmetal-problem/src/main/java/org/uma/jmetal/problem/multiobjective/ebes/Ebes.java:[1285,21] class, interface, or enum expected
[ERROR] /workspaces/xxxx/code_cure_agent/cca_workspace/jMetal/jmetal-problem/src/main/java/org/uma/jmetal/problem/multiobjective/ebes/Ebes.java:[1285,51] class, interface, or enum expected
[ERROR] /workspaces/xxxx/code_cure_agent/cca_workspace/jMetal/jmetal-problem/src/main/java/org/uma/jmetal/problem/multiobjective/ebes/Ebes.java:[1287,5] class, interface, or enum expected
[ERROR] /workspaces/xxxx/code_cure_agent/cca_workspace/jMetal/jmetal-problem/src/main/java/org/uma/jmetal/problem/multiobjective/ebes/Ebes.java:[1290,10] class, interface, or enum expected
[ERROR] /workspaces/xxxx/code_cure_agent/cca_workspace/jMetal/jmetal-problem/src/main/java/org/uma/jmetal/problem/multiobjective/ebes/Ebes.java:[1295,5] class, interface, or enum expected
[ERROR] /workspaces/xxxx/code_cure_agent/cca_workspace/jMetal/jmetal-problem/src/main/java/org/uma/jmetal/problem/multiobjective/ebes/Ebes.java:[1295,21] class, interface, or enum expected
[ERROR] /workspaces/xxxx/code_cure_agent/cca_workspace/jMetal/jmetal-problem/src/main/java/org/uma/jmetal/problem/multiobjective/ebes/Ebes.java:[1295,58] class, interface, or enum expected
[ERROR] /workspaces/xxxx/code_cure_agent/cca_workspace/jMetal/jmetal-problem/src/main/java/org/uma/jmetal/problem/multiobjective/ebes/Ebes.java:[1297,5] class, interface, or enum expected
[ERROR] /workspaces/xxxx/code_cure_agent/cca_workspace/jMetal/jmetal-problem/src/main/java/org/uma/jmetal/problem/multiobjective/ebes/Ebes.java:[1301,5] class, interface, or enum expected
[ERROR] /workspaces/xxxx/code_cure_agent/cca_workspace/jMetal/jmetal-problem/src/main/java/org/uma/jmetal/problem/multiobjective/ebes/Ebes.java:[1302,5] class, interface, or enum expected
[ERROR] /workspaces/xxxx/code_cure_agent/cca_workspace/jMetal/jmetal-problem/src/main/java/org/uma/jmetal/problem/multiobjective/ebes/Ebes.java:[1302,22] class, interface, or enum expected
[ERROR] /workspaces/xxxx/code_cure_agent/cca_workspace/jMetal/jmetal-problem/src/main/java/org/uma/jmetal/problem/multiobjective/ebes/Ebes.java:[1302,51] class, interface, or enum expected
[ERROR] /workspaces/xxxx/code_cure_agent/cca_workspace/jMetal/jmetal-problem/src/main/java/org/uma/jmetal/problem/multiobjective/ebes/Ebes.java:[1306,7] class, interface, or enum expected
[ERROR] /workspaces/xxxx/code_cure_agent/cca_workspace/jMetal/jmetal-problem/src/main/java/org/uma/jmetal/problem/multiobjective/ebes/Ebes.java:[1308,9] class, interface, or enum expected
[ERROR] /workspaces/xxxx/code_cure_agent/cca_workspace/jMetal/jmetal-problem/src/main/java/org/uma/jmetal/problem/multiobjective/ebes/Ebes.java:[1309,7] class, interface, or enum expected
[ERROR] /workspaces/xxxx/code_cure_agent/cca_workspace/jMetal/jmetal-problem/src/main/java/org/uma/jmetal/problem/multiobjective/ebes/Ebes.java:[1311,9] class, interface, or enum expected
[ERROR] /workspaces/xxxx/code_cure_agent/cca_workspace/jMetal/jmetal-problem/src/main/java/org/uma/jmetal/problem/multiobjective/ebes/Ebes.java:[1312,9] class, interface, or enum expected
[ERROR] /workspaces/xxxx/code_cure_agent/cca_workspace/jMetal/jmetal-problem/src/main/java/org/uma/jmetal/problem/multiobjective/ebes/Ebes.java:[1313,7] class, interface, or enum expected
[ERROR] /workspaces/xxxx/code_cure_agent/cca_workspace/jMetal/jmetal-problem/src/main/java/org/uma/jmetal/problem/multiobjective/ebes/Ebes.java:[1315,9] class, interface, or enum expected
[ERROR] /workspaces/xxxx/code_cure_agent/cca_workspace/jMetal/jmetal-problem/src/main/java/org/uma/jmetal/problem/multiobjective/ebes/Ebes.java:[1316,9] class, interface, or enum expected
[ERROR] /workspaces/xxxx/code_cure_agent/cca_workspace/jMetal/jmetal-problem/src/main/java/org/uma/jmetal/problem/multiobjective/ebes/Ebes.java:[1317,7] class, interface, or enum expected
[ERROR] /workspaces/xxxx/code_cure_agent/cca_workspace/jMetal/jmetal-problem/src/main/java/org/uma/jmetal/problem/multiobjective/ebes/Ebes.java:[1319,9] class, interface, or enum expected
[ERROR] /workspaces/xxxx/code_cure_agent/cca_workspace/jMetal/jmetal-problem/src/main/java/org/uma/jmetal/problem/multiobjective/ebes/Ebes.java:[1320,9] class, interface, or enum expected
[ERROR] /workspaces/xxxx/code_cure_agent/cca_workspace/jMetal/jmetal-problem/src/main/java/org/uma/jmetal/problem/multiobjective/ebes/Ebes.java:[1321,9] class, interface, or enum expected
[ERROR] /workspaces/xxxx/code_cure_agent/cca_workspace/jMetal/jmetal-problem/src/main/java/org/uma/jmetal/problem/multiobjective/ebes/Ebes.java:[1322,9] class, interface, or enum expected
[ERROR] /workspaces/xxxx/code_cure_agent/cca_workspace/jMetal/jmetal-problem/src/main/java/org/uma/jmetal/problem/multiobjective/ebes/Ebes.java:[1323,7] class, interface, or enum expected
[ERROR] /workspaces/xxxx/code_cure_agent/cca_workspace/jMetal/jmetal-problem/src/main/java/org/uma/jmetal/problem/multiobjective/ebes/Ebes.java:[1328,9] class, interface, or enum expected
[ERROR] /workspaces/xxxx/code_cure_agent/cca_workspace/jMetal/jmetal-problem/src/main/java/org/uma/jmetal/problem/multiobjective/ebes/Ebes.java:[1329,9] class, interface, or enum expected
[ERROR] /workspaces/xxxx/code_cure_agent/cca_workspace/jMetal/jmetal-problem/src/main/java/org/uma/jmetal/problem/multiobjective/ebes/Ebes.java:[1330,9] class, interface, or enum expected
[ERROR] /workspaces/xxxx/code_cure_agent/cca_workspace/jMetal/jmetal-problem/src/main/java/org/uma/jmetal/problem/multiobjective/ebes/Ebes.java:[1331,9] class, interface, or enum expected
[ERROR] /workspaces/xxxx/code_cure_agent/cca_workspace/jMetal/jmetal-problem/src/main/java/org/uma/jmetal/problem/multiobjective/ebes/Ebes.java:[1332,7] class, interface, or enum expected
[ERROR] /workspaces/xxxx/code_cure_agent/cca_workspace/jMetal/jmetal-problem/src/main/java/org/uma/jmetal/problem/multiobjective/ebes/Ebes.java:[1334,9] class, interface, or enum expected
[INFO] 100 errors 
[INFO] -------------------------------------------------------------
[INFO] ------------------------------------------------------------------------
[INFO] Reactor Summary for org.uma.jmetal:jmetal 5.11-SNAPSHOT:
[INFO] 
[INFO] org.uma.jmetal:jmetal .............................. SUCCESS [  1.065 s]
[INFO] org.uma.jmetal:jmetal-core ......................... SUCCESS [ 12.321 s]
[INFO] org.uma.jmetal:jmetal-problem ...................... FAILURE [  0.234 s]
[INFO] org.uma.jmetal:jmetal-algorithm .................... SKIPPED
[INFO] org.uma.jmetal:jmetal-lab .......................... SKIPPED
[INFO] org.uma.jmetal:jmetal-example ...................... SKIPPED
[INFO] org.uma.jmetal:jmetal-experimental ................. SKIPPED
[INFO] org.uma.jmetal:jmetal-parallel ..................... SKIPPED
[INFO] ------------------------------------------------------------------------
[INFO] BUILD FAILURE
[INFO] ------------------------------------------------------------------------
[INFO] Total time:  14.129 s
[INFO] Finished at: 2025-08-30T12:10:37Z
[INFO] ------------------------------------------------------------------------
[ERROR] Failed to execute goal org.apache.maven.plugins:maven-compiler-plugin:3.8.0:compile (default-compile) on project jmetal-problem: Compilation failure: Compilation failure: 
[ERROR] /workspaces/xxxx/code_cure_agent/cca_workspace/jMetal/jmetal-problem/src/main/java/org/uma/jmetal/problem/multiobjective/ebes/Ebes.java:[1158,11] <identifier> expected
[ERROR] /workspaces/xxxx/code_cure_agent/cca_workspace/jMetal/jmetal-problem/src/main/java/org/uma/jmetal/problem/multiobjective/ebes/Ebes.java:[1160,20] ']' expected
[ERROR] /workspaces/xxxx/code_cure_agent/cca_workspace/jMetal/jmetal-problem/src/main/java/org/uma/jmetal/problem/multiobjective/ebes/Ebes.java:[1160,23] ';' expected
[ERROR] /workspaces/xxxx/code_cure_agent/cca_workspace/jMetal/jmetal-problem/src/main/java/org/uma/jmetal/problem/multiobjective/ebes/Ebes.java:[1161,19] <identifier> expected
[ERROR] /workspaces/xxxx/code_cure_agent/cca_workspace/jMetal/jmetal-problem/src/main/java/org/uma/jmetal/problem/multiobjective/ebes/Ebes.java:[1161,30] ']' expected
[ERROR] /workspaces/xxxx/code_cure_agent/cca_workspace/jMetal/jmetal-problem/src/main/java/org/uma/jmetal/problem/multiobjective/ebes/Ebes.java:[1161,32] ';' expected
[ERROR] /workspaces/xxxx/code_cure_agent/cca_workspace/jMetal/jmetal-problem/src/main/java/org/uma/jmetal/problem/multiobjective/ebes/Ebes.java:[1161,42] <identifier> expected
[ERROR] /workspaces/xxxx/code_cure_agent/cca_workspace/jMetal/jmetal-problem/src/main/java/org/uma/jmetal/problem/multiobjective/ebes/Ebes.java:[1162,20] ']' expected
[ERROR] /workspaces/xxxx/code_cure_agent/cca_workspace/jMetal/jmetal-problem/src/main/java/org/uma/jmetal/problem/multiobjective/ebes/Ebes.java:[1162,23] ';' expected
[ERROR] /workspaces/xxxx/code_cure_agent/cca_workspace/jMetal/jmetal-problem/src/main/java/org/uma/jmetal/problem/multiobjective/ebes/Ebes.java:[1163,19] <identifier> expected
[ERROR] /workspaces/xxxx/code_cure_agent/cca_workspace/jMetal/jmetal-problem/src/main/java/org/uma/jmetal/problem/multiobjective/ebes/Ebes.java:[1163,30] ']' expected
[ERROR] /workspaces/xxxx/code_cure_agent/cca_workspace/jMetal/jmetal-problem/src/main/java/org/uma/jmetal/problem/multiobjective/ebes/Ebes.java:[1163,32] ';' expected
[ERROR] /workspaces/xxxx/code_cure_agent/cca_workspace/jMetal/jmetal-problem/src/main/java/org/uma/jmetal/problem/multiobjective/ebes/Ebes.java:[1163,42] <identifier> expected
[ERROR] /workspaces/xxxx/code_cure_agent/cca_workspace/jMetal/jmetal-problem/src/main/java/org/uma/jmetal/problem/multiobjective/ebes/Ebes.java:[1164,20] ']' expected
[ERROR] /workspaces/xxxx/code_cure_agent/cca_workspace/jMetal/jmetal-problem/src/main/java/org/uma/jmetal/problem/multiobjective/ebes/Ebes.java:[1164,23] ';' expected
[ERROR] /workspaces/xxxx/code_cure_agent/cca_workspace/jMetal/jmetal-problem/src/main/java/org/uma/jmetal/problem/multiobjective/ebes/Ebes.java:[1165,16] <identifier> expected
[ERROR] /workspaces/xxxx/code_cure_agent/cca_workspace/jMetal/jmetal-problem/src/main/java/org/uma/jmetal/problem/multiobjective/ebes/Ebes.java:[1165,21] <identifier> expected
[ERROR] /workspaces/xxxx/code_cure_agent/cca_workspace/jMetal/jmetal-problem/src/main/java/org/uma/jmetal/problem/multiobjective/ebes/Ebes.java:[1167,32] <identifier> expected
[ERROR] /workspaces/xxxx/code_cure_agent/cca_workspace/jMetal/jmetal-problem/src/main/java/org/uma/jmetal/problem/multiobjective/ebes/Ebes.java:[1168,33] ']' expected
[ERROR] /workspaces/xxxx/code_cure_agent/cca_workspace/jMetal/jmetal-problem/src/main/java/org/uma/jmetal/problem/multiobjective/ebes/Ebes.java:[1168,35] ',', ')', or '[' expected
[ERROR] /workspaces/xxxx/code_cure_agent/cca_workspace/jMetal/jmetal-problem/src/main/java/org/uma/jmetal/problem/multiobjective/ebes/Ebes.java:[1171,20] ']' expected
[ERROR] /workspaces/xxxx/code_cure_agent/cca_workspace/jMetal/jmetal-problem/src/main/java/org/uma/jmetal/problem/multiobjective/ebes/Ebes.java:[1171,23] ';' expected
[ERROR] /workspaces/xxxx/code_cure_agent/cca_workspace/jMetal/jmetal-problem/src/main/java/org/uma/jmetal/problem/multiobjective/ebes/Ebes.java:[1172,16] <identifier> expected
[ERROR] /workspaces/xxxx/code_cure_agent/cca_workspace/jMetal/jmetal-problem/src/main/java/org/uma/jmetal/problem/multiobjective/ebes/Ebes.java:[1172,21] <identifier> expected
[ERROR] /workspaces/xxxx/code_cure_agent/cca_workspace/jMetal/jmetal-problem/src/main/java/org/uma/jmetal/problem/multiobjective/ebes/Ebes.java:[1174,32] <identifier> expected
[ERROR] /workspaces/xxxx/code_cure_agent/cca_workspace/jMetal/jmetal-problem/src/main/java/org/uma/jmetal/problem/multiobjective/ebes/Ebes.java:[1175,33] ']' expected
[ERROR] /workspaces/xxxx/code_cure_agent/cca_workspace/jMetal/jmetal-problem/src/main/java/org/uma/jmetal/problem/multiobjective/ebes/Ebes.java:[1175,35] ',', ')', or '[' expected
[ERROR] /workspaces/xxxx/code_cure_agent/cca_workspace/jMetal/jmetal-problem/src/main/java/org/uma/jmetal/problem/multiobjective/ebes/Ebes.java:[1178,9] class, interface, or enum expected
[ERROR] /workspaces/xxxx/code_cure_agent/cca_workspace/jMetal/jmetal-problem/src/main/java/org/uma/jmetal/problem/multiobjective/ebes/Ebes.java:[1180,9] class, interface, or enum expected
[ERROR] /workspaces/xxxx/code_cure_agent/cca_workspace/jMetal/jmetal-problem/src/main/java/org/uma/jmetal/problem/multiobjective/ebes/Ebes.java:[1181,9] class, interface, or enum expected
[ERROR] /workspaces/xxxx/code_cure_agent/cca_workspace/jMetal/jmetal-problem/src/main/java/org/uma/jmetal/problem/multiobjective/ebes/Ebes.java:[1182,9] class, interface, or enum expected
[ERROR] /workspaces/xxxx/code_cure_agent/cca_workspace/jMetal/jmetal-problem/src/main/java/org/uma/jmetal/problem/multiobjective/ebes/Ebes.java:[1183,9] class, interface, or enum expected
[ERROR] /workspaces/xxxx/code_cure_agent/cca_workspace/jMetal/jmetal-problem/src/main/java/org/uma/jmetal/problem/multiobjective/ebes/Ebes.java:[1184,9] class, interface, or enum expected
[ERROR] /workspaces/xxxx/code_cure_agent/cca_workspace/jMetal/jmetal-problem/src/main/java/org/uma/jmetal/problem/multiobjective/ebes/Ebes.java:[1186,9] class, interface, or enum expected
[ERROR] /workspaces/xxxx/code_cure_agent/cca_workspace/jMetal/jmetal-problem/src/main/java/org/uma/jmetal/problem/multiobjective/ebes/Ebes.java:[1188,9] class, interface, or enum expected
[ERROR] /workspaces/xxxx/code_cure_agent/cca_workspace/jMetal/jmetal-problem/src/main/java/org/uma/jmetal/problem/multiobjective/ebes/Ebes.java:[1195,9] class, interface, or enum expected
[ERROR] /workspaces/xxxx/code_cure_agent/cca_workspace/jMetal/jmetal-problem/src/main/java/org/uma/jmetal/problem/multiobjective/ebes/Ebes.java:[1202,7] class, interface, or enum expected
[ERROR] /workspaces/xxxx/code_cure_agent/cca_workspace/jMetal/jmetal-problem/src/main/java/org/uma/jmetal/problem/multiobjective/ebes/Ebes.java:[1204,9] class, interface, or enum expected
[ERROR] /workspaces/xxxx/code_cure_agent/cca_workspace/jMetal/jmetal-problem/src/main/java/org/uma/jmetal/problem/multiobjective/ebes/Ebes.java:[1205,9] class, interface, or enum expected
[ERROR] /workspaces/xxxx/code_cure_agent/cca_workspace/jMetal/jmetal-problem/src/main/java/org/uma/jmetal/problem/multiobjective/ebes/Ebes.java:[1206,9] class, interface, or enum expected
[ERROR] /workspaces/xxxx/code_cure_agent/cca_workspace/jMetal/jmetal-problem/src/main/java/org/uma/jmetal/problem/multiobjective/ebes/Ebes.java:[1207,9] class, interface, or enum expected
[ERROR] /workspaces/xxxx/code_cure_agent/cca_workspace/jMetal/jmetal-problem/src/main/java/org/uma/jmetal/problem/multiobjective/ebes/Ebes.java:[1208,9] class, interface, or enum expected
[ERROR] /workspaces/xxxx/code_cure_agent/cca_workspace/jMetal/jmetal-problem/src/main/java/org/uma/jmetal/problem/multiobjective/ebes/Ebes.java:[1210,9] class, interface, or enum expected
[ERROR] /workspaces/xxxx/code_cure_agent/cca_workspace/jMetal/jmetal-problem/src/main/java/org/uma/jmetal/problem/multiobjective/ebes/Ebes.java:[1212,9] class, interface, or enum expected
[ERROR] /workspaces/xxxx/code_cure_agent/cca_workspace/jMetal/jmetal-problem/src/main/java/org/uma/jmetal/problem/multiobjective/ebes/Ebes.java:[1219,9] class, interface, or enum expected
[ERROR] /workspaces/xxxx/code_cure_agent/cca_workspace/jMetal/jmetal-problem/src/main/java/org/uma/jmetal/problem/multiobjective/ebes/Ebes.java:[1226,7] class, interface, or enum expected
[ERROR] /workspaces/xxxx/code_cure_agent/cca_workspace/jMetal/jmetal-problem/src/main/java/org/uma/jmetal/problem/multiobjective/ebes/Ebes.java:[1229,7] class, interface, or enum expected
[ERROR] /workspaces/xxxx/code_cure_agent/cca_workspace/jMetal/jmetal-problem/src/main/java/org/uma/jmetal/problem/multiobjective/ebes/Ebes.java:[1241,22] class, interface, or enum expected
[ERROR] /workspaces/xxxx/code_cure_agent/cca_workspace/jMetal/jmetal-problem/src/main/java/org/uma/jmetal/problem/multiobjective/ebes/Ebes.java:[1241,54] class, interface, or enum expected
[ERROR] /workspaces/xxxx/code_cure_agent/cca_workspace/jMetal/jmetal-problem/src/main/java/org/uma/jmetal/problem/multiobjective/ebes/Ebes.java:[1242,24] class, interface, or enum expected
[ERROR] /workspaces/xxxx/code_cure_agent/cca_workspace/jMetal/jmetal-problem/src/main/java/org/uma/jmetal/problem/multiobjective/ebes/Ebes.java:[1242,53] class, interface, or enum expected
[ERROR] /workspaces/xxxx/code_cure_agent/cca_workspace/jMetal/jmetal-problem/src/main/java/org/uma/jmetal/problem/multiobjective/ebes/Ebes.java:[1248,9] class, interface, or enum expected
[ERROR] /workspaces/xxxx/code_cure_agent/cca_workspace/jMetal/jmetal-problem/src/main/java/org/uma/jmetal/problem/multiobjective/ebes/Ebes.java:[1255,9] class, interface, or enum expected
[ERROR] /workspaces/xxxx/code_cure_agent/cca_workspace/jMetal/jmetal-problem/src/main/java/org/uma/jmetal/problem/multiobjective/ebes/Ebes.java:[1258,9] class, interface, or enum expected
[ERROR] /workspaces/xxxx/code_cure_agent/cca_workspace/jMetal/jmetal-problem/src/main/java/org/uma/jmetal/problem/multiobjective/ebes/Ebes.java:[1265,9] class, interface, or enum expected
[ERROR] /workspaces/xxxx/code_cure_agent/cca_workspace/jMetal/jmetal-problem/src/main/java/org/uma/jmetal/problem/multiobjective/ebes/Ebes.java:[1268,9] class, interface, or enum expected
[ERROR] /workspaces/xxxx/code_cure_agent/cca_workspace/jMetal/jmetal-problem/src/main/java/org/uma/jmetal/problem/multiobjective/ebes/Ebes.java:[1269,7] class, interface, or enum expected
[ERROR] /workspaces/xxxx/code_cure_agent/cca_workspace/jMetal/jmetal-problem/src/main/java/org/uma/jmetal/problem/multiobjective/ebes/Ebes.java:[1272,22] class, interface, or enum expected
[ERROR] /workspaces/xxxx/code_cure_agent/cca_workspace/jMetal/jmetal-problem/src/main/java/org/uma/jmetal/problem/multiobjective/ebes/Ebes.java:[1272,54] class, interface, or enum expected
[ERROR] /workspaces/xxxx/code_cure_agent/cca_workspace/jMetal/jmetal-problem/src/main/java/org/uma/jmetal/problem/multiobjective/ebes/Ebes.java:[1275,7] class, interface, or enum expected
[ERROR] /workspaces/xxxx/code_cure_agent/cca_workspace/jMetal/jmetal-problem/src/main/java/org/uma/jmetal/problem/multiobjective/ebes/Ebes.java:[1275,23] class, interface, or enum expected
[ERROR] /workspaces/xxxx/code_cure_agent/cca_workspace/jMetal/jmetal-problem/src/main/java/org/uma/jmetal/problem/multiobjective/ebes/Ebes.java:[1275,46] class, interface, or enum expected
[ERROR] /workspaces/xxxx/code_cure_agent/cca_workspace/jMetal/jmetal-problem/src/main/java/org/uma/jmetal/problem/multiobjective/ebes/Ebes.java:[1277,9] class, interface, or enum expected
[ERROR] /workspaces/xxxx/code_cure_agent/cca_workspace/jMetal/jmetal-problem/src/main/java/org/uma/jmetal/problem/multiobjective/ebes/Ebes.java:[1278,9] class, interface, or enum expected
[ERROR] /workspaces/xxxx/code_cure_agent/cca_workspace/jMetal/jmetal-problem/src/main/java/org/uma/jmetal/problem/multiobjective/ebes/Ebes.java:[1279,9] class, interface, or enum expected
[ERROR] /workspaces/xxxx/code_cure_agent/cca_workspace/jMetal/jmetal-problem/src/main/java/org/uma/jmetal/problem/multiobjective/ebes/Ebes.java:[1280,9] class, interface, or enum expected
[ERROR] /workspaces/xxxx/code_cure_agent/cca_workspace/jMetal/jmetal-problem/src/main/java/org/uma/jmetal/problem/multiobjective/ebes/Ebes.java:[1281,9] class, interface, or enum expected
[ERROR] /workspaces/xxxx/code_cure_agent/cca_workspace/jMetal/jmetal-problem/src/main/java/org/uma/jmetal/problem/multiobjective/ebes/Ebes.java:[1282,7] class, interface, or enum expected
[ERROR] /workspaces/xxxx/code_cure_agent/cca_workspace/jMetal/jmetal-problem/src/main/java/org/uma/jmetal/problem/multiobjective/ebes/Ebes.java:[1285,21] class, interface, or enum expected
[ERROR] /workspaces/xxxx/code_cure_agent/cca_workspace/jMetal/jmetal-problem/src/main/java/org/uma/jmetal/problem/multiobjective/ebes/Ebes.java:[1285,51] class, interface, or enum expected
[ERROR] /workspaces/xxxx/code_cure_agent/cca_workspace/jMetal/jmetal-problem/src/main/java/org/uma/jmetal/problem/multiobjective/ebes/Ebes.java:[1287,5] class, interface, or enum expected
[ERROR] /workspaces/xxxx/code_cure_agent/cca_workspace/jMetal/jmetal-problem/src/main/java/org/uma/jmetal/problem/multiobjective/ebes/Ebes.java:[1290,10] class, interface, or enum expected
[ERROR] /workspaces/xxxx/code_cure_agent/cca_workspace/jMetal/jmetal-problem/src/main/java/org/uma/jmetal/problem/multiobjective/ebes/Ebes.java:[1295,5] class, interface, or enum expected
[ERROR] /workspaces/xxxx/code_cure_agent/cca_workspace/jMetal/jmetal-problem/src/main/java/org/uma/jmetal/problem/multiobjective/ebes/Ebes.java:[1295,21] class, interface, or enum expected
[ERROR] /workspaces/xxxx/code_cure_agent/cca_workspace/jMetal/jmetal-problem/src/main/java/org/uma/jmetal/problem/multiobjective/ebes/Ebes.java:[1295,58] class, interface, or enum expected
[ERROR] /workspaces/xxxx/code_cure_agent/cca_workspace/jMetal/jmetal-problem/src/main/java/org/uma/jmetal/problem/multiobjective/ebes/Ebes.java:[1297,5] class, interface, or enum expected
[ERROR] /workspaces/xxxx/code_cure_agent/cca_workspace/jMetal/jmetal-problem/src/main/java/org/uma/jmetal/problem/multiobjective/ebes/Ebes.java:[1301,5] class, interface, or enum expected
[ERROR] /workspaces/xxxx/code_cure_agent/cca_workspace/jMetal/jmetal-problem/src/main/java/org/uma/jmetal/problem/multiobjective/ebes/Ebes.java:[1302,5] class, interface, or enum expected
[ERROR] /workspaces/xxxx/code_cure_agent/cca_workspace/jMetal/jmetal-problem/src/main/java/org/uma/jmetal/problem/multiobjective/ebes/Ebes.java:[1302,22] class, interface, or enum expected
[ERROR] /workspaces/xxxx/code_cure_agent/cca_workspace/jMetal/jmetal-problem/src/main/java/org/uma/jmetal/problem/multiobjective/ebes/Ebes.java:[1302,51] class, interface, or enum expected
[ERROR] /workspaces/xxxx/code_cure_agent/cca_workspace/jMetal/jmetal-problem/src/main/java/org/uma/jmetal/problem/multiobjective/ebes/Ebes.java:[1306,7] class, interface, or enum expected
[ERROR] /workspaces/xxxx/code_cure_agent/cca_workspace/jMetal/jmetal-problem/src/main/java/org/uma/jmetal/problem/multiobjective/ebes/Ebes.java:[1308,9] class, interface, or enum expected
[ERROR] /workspaces/xxxx/code_cure_agent/cca_workspace/jMetal/jmetal-problem/src/main/java/org/uma/jmetal/problem/multiobjective/ebes/Ebes.java:[1309,7] class, interface, or enum expected
[ERROR] /workspaces/xxxx/code_cure_agent/cca_workspace/jMetal/jmetal-problem/src/main/java/org/uma/jmetal/problem/multiobjective/ebes/Ebes.java:[1311,9] class, interface, or enum expected
[ERROR] /workspaces/xxxx/code_cure_agent/cca_workspace/jMetal/jmetal-problem/src/main/java/org/uma/jmetal/problem/multiobjective/ebes/Ebes.java:[1312,9] class, interface, or enum expected
[ERROR] /workspaces/xxxx/code_cure_agent/cca_workspace/jMetal/jmetal-problem/src/main/java/org/uma/jmetal/problem/multiobjective/ebes/Ebes.java:[1313,7] class, interface, or enum expected
[ERROR] /workspaces/xxxx/code_cure_agent/cca_workspace/jMetal/jmetal-problem/src/main/java/org/uma/jmetal/problem/multiobjective/ebes/Ebes.java:[1315,9] class, interface, or enum expected
[ERROR] /workspaces/xxxx/code_cure_agent/cca_workspace/jMetal/jmetal-problem/src/main/java/org/uma/jmetal/problem/multiobjective/ebes/Ebes.java:[1316,9] class, interface, or enum expected
[ERROR] /workspaces/xxxx/code_cure_agent/cca_workspace/jMetal/jmetal-problem/src/main/java/org/uma/jmetal/problem/multiobjective/ebes/Ebes.java:[1317,7] class, interface, or enum expected
[ERROR] /workspaces/xxxx/code_cure_agent/cca_workspace/jMetal/jmetal-problem/src/main/java/org/uma/jmetal/problem/multiobjective/ebes/Ebes.java:[1319,9] class, interface, or enum expected
[ERROR] /workspaces/xxxx/code_cure_agent/cca_workspace/jMetal/jmetal-problem/src/main/java/org/uma/jmetal/problem/multiobjective/ebes/Ebes.java:[1320,9] class, interface, or enum expected
[ERROR] /workspaces/xxxx/code_cure_agent/cca_workspace/jMetal/jmetal-problem/src/main/java/org/uma/jmetal/problem/multiobjective/ebes/Ebes.java:[1321,9] class, interface, or enum expected
[ERROR] /workspaces/xxxx/code_cure_agent/cca_workspace/jMetal/jmetal-problem/src/main/java/org/uma/jmetal/problem/multiobjective/ebes/Ebes.java:[1322,9] class, interface, or enum expected
[ERROR] /workspaces/xxxx/code_cure_agent/cca_workspace/jMetal/jmetal-problem/src/main/java/org/uma/jmetal/problem/multiobjective/ebes/Ebes.java:[1323,7] class, interface, or enum expected
[ERROR] /workspaces/xxxx/code_cure_agent/cca_workspace/jMetal/jmetal-problem/src/main/java/org/uma/jmetal/problem/multiobjective/ebes/Ebes.java:[1328,9] class, interface, or enum expected
[ERROR] /workspaces/xxxx/code_cure_agent/cca_workspace/jMetal/jmetal-problem/src/main/java/org/uma/jmetal/problem/multiobjective/ebes/Ebes.java:[1329,9] class, interface, or enum expected
[ERROR] /workspaces/xxxx/code_cure_agent/cca_workspace/jMetal/jmetal-problem/src/main/java/org/uma/jmetal/problem/multiobjective/ebes/Ebes.java:[1330,9] class, interface, or enum expected
[ERROR] /workspaces/xxxx/code_cure_agent/cca_workspace/jMetal/jmetal-problem/src/main/java/org/uma/jmetal/problem/multiobjective/ebes/Ebes.java:[1331,9] class, interface, or enum expected
[ERROR] /workspaces/xxxx/code_cure_agent/cca_workspace/jMetal/jmetal-problem/src/main/java/org/uma/jmetal/problem/multiobjective/ebes/Ebes.java:[1332,7] class, interface, or enum expected
[ERROR] /workspaces/xxxx/code_cure_agent/cca_workspace/jMetal/jmetal-problem/src/main/java/org/uma/jmetal/problem/multiobjective/ebes/Ebes.java:[1334,9] class, interface, or enum expected
[ERROR] -> [Help 1]
[ERROR] 
[ERROR] To see the full stack trace of the errors, re-run Maven with the -e switch.
[ERROR] Re-run Maven using the -X switch to enable full debug logging.
[ERROR] 
[ERROR] For more information about the errors and possible solutions, please read the following articles:
[ERROR] [Help 1] http://cwiki.apache.org/confluence/display/MAVEN/MojoFailureException
[ERROR] 
[ERROR] After correcting the problems, you can resume the build with the command
[ERROR]   mvn <args> -rf :jmetal-problem
