[INFO] Scanning for projects...
[INFO] Inspecting build with total of 8 modules...
[INFO] Installing Nexus Staging features:
[INFO]   ... total of 8 executions of maven-deploy-plugin replaced with nexus-staging-maven-plugin
[INFO] ------------------------------------------------------------------------
[INFO] Reactor Build Order:
[INFO] 
[INFO] org.uma.jmetal:jmetal                                              [pom]
[INFO] org.uma.jmetal:jmetal-core                                         [jar]
[INFO] org.uma.jmetal:jmetal-problem                                      [jar]
[INFO] org.uma.jmetal:jmetal-algorithm                                    [jar]
[INFO] org.uma.jmetal:jmetal-lab                                          [jar]
[INFO] org.uma.jmetal:jmetal-example                                      [jar]
[INFO] org.uma.jmetal:jmetal-experimental                                 [jar]
[INFO] org.uma.jmetal:jmetal-parallel                                     [jar]
[INFO] 
[INFO] -----------------------< org.uma.jmetal:jmetal >------------------------
[INFO] Building org.uma.jmetal:jmetal 5.11-SNAPSHOT                       [1/8]
[INFO] --------------------------------[ pom ]---------------------------------
[INFO] 
[INFO] --- maven-clean-plugin:2.5:clean (default-clean) @ jmetal ---
[INFO] 
[INFO] --- jacoco-maven-plugin:0.8.5:prepare-agent (default) @ jmetal ---
[INFO] argLine set to -javaagent:/home/vscode/.m2/repository/org/jacoco/org.jacoco.agent/0.8.5/org.jacoco.agent-0.8.5-runtime.jar=destfile=/workspaces/xxxx/code_cure_agent/cca_workspace/jMetal/target/jacoco.exec
[INFO] 
[INFO] --- jacoco-maven-plugin:0.8.5:report (report) @ jmetal ---
[INFO] Skipping JaCoCo execution due to missing execution data file.
[INFO] 
[INFO] --- maven-source-plugin:2.2.1:jar-no-fork (attach-sources) @ jmetal ---
[INFO] 
[INFO] --- maven-site-plugin:3.7.1:attach-descriptor (attach-descriptor) @ jmetal ---
[INFO] No site descriptor found: nothing to attach.
[INFO] 
[INFO] ---------------------< org.uma.jmetal:jmetal-core >---------------------
[INFO] Building org.uma.jmetal:jmetal-core 5.11-SNAPSHOT                  [2/8]
[INFO] --------------------------------[ jar ]---------------------------------
[INFO] 
[INFO] --- maven-clean-plugin:2.5:clean (default-clean) @ jmetal-core ---
[INFO] Deleting /workspaces/xxxx/code_cure_agent/cca_workspace/jMetal/jmetal-core/target
[INFO] 
[INFO] --- jacoco-maven-plugin:0.8.5:prepare-agent (default) @ jmetal-core ---
[INFO] argLine set to -javaagent:/home/vscode/.m2/repository/org/jacoco/org.jacoco.agent/0.8.5/org.jacoco.agent-0.8.5-runtime.jar=destfile=/workspaces/xxxx/code_cure_agent/cca_workspace/jMetal/jmetal-core/target/jacoco.exec
[INFO] 
[INFO] --- maven-resources-plugin:2.6:resources (default-resources) @ jmetal-core ---
[INFO] Using 'UTF-8' encoding to copy filtered resources.
[INFO] Copying 90 resources
[INFO] 
[INFO] --- maven-compiler-plugin:3.8.0:compile (default-compile) @ jmetal-core ---
[INFO] Changes detected - recompiling the module!
[INFO] Compiling 299 source files to /workspaces/xxxx/code_cure_agent/cca_workspace/jMetal/jmetal-core/target/classes
[INFO] /workspaces/xxxx/code_cure_agent/cca_workspace/jMetal/jmetal-core/src/main/java/org/uma/jmetal/util/solutionattribute/impl/GenericSolutionAttribute.java: Some input files use or override a deprecated API.
[INFO] /workspaces/xxxx/code_cure_agent/cca_workspace/jMetal/jmetal-core/src/main/java/org/uma/jmetal/util/solutionattribute/impl/GenericSolutionAttribute.java: Recompile with -Xlint:deprecation for details.
[INFO] /workspaces/xxxx/code_cure_agent/cca_workspace/jMetal/jmetal-core/src/main/java/org/uma/jmetal/util/observer/impl/ExternalArchiveObserver.java: Some input files use unchecked or unsafe operations.
[INFO] /workspaces/xxxx/code_cure_agent/cca_workspace/jMetal/jmetal-core/src/main/java/org/uma/jmetal/util/observer/impl/ExternalArchiveObserver.java: Recompile with -Xlint:unchecked for details.
[INFO] 
[INFO] --- maven-resources-plugin:2.6:testResources (default-testResources) @ jmetal-core ---
[INFO] Using 'UTF-8' encoding to copy filtered resources.
[INFO] Copying 7 resources
[INFO] 
[INFO] --- maven-compiler-plugin:3.8.0:testCompile (default-testCompile) @ jmetal-core ---
[INFO] Changes detected - recompiling the module!
[INFO] Compiling 101 source files to /workspaces/xxxx/code_cure_agent/cca_workspace/jMetal/jmetal-core/target/test-classes
[INFO] /workspaces/xxxx/code_cure_agent/cca_workspace/jMetal/jmetal-core/src/test/java/org/uma/jmetal/util/comparator/RankingComparatorTest.java: Some input files use or override a deprecated API.
[INFO] /workspaces/xxxx/code_cure_agent/cca_workspace/jMetal/jmetal-core/src/test/java/org/uma/jmetal/util/comparator/RankingComparatorTest.java: Recompile with -Xlint:deprecation for details.
[INFO] /workspaces/xxxx/code_cure_agent/cca_workspace/jMetal/jmetal-core/src/test/java/org/uma/jmetal/operator/selection/BinaryTournamentSelectionTest.java: /workspaces/xxxx/code_cure_agent/cca_workspace/jMetal/jmetal-core/src/test/java/org/uma/jmetal/operator/selection/BinaryTournamentSelectionTest.java uses unchecked or unsafe operations.
[INFO] /workspaces/xxxx/code_cure_agent/cca_workspace/jMetal/jmetal-core/src/test/java/org/uma/jmetal/operator/selection/BinaryTournamentSelectionTest.java: Recompile with -Xlint:unchecked for details.
[INFO] 
[INFO] --- maven-surefire-plugin:2.12.4:test (default-test) @ jmetal-core ---
[INFO] Tests are skipped.
[INFO] 
[INFO] --- jacoco-maven-plugin:0.8.5:report (report) @ jmetal-core ---
[INFO] Skipping JaCoCo execution due to missing execution data file.
[INFO] 
[INFO] --- maven-jar-plugin:2.4:jar (default-jar) @ jmetal-core ---
[INFO] Building jar: /workspaces/xxxx/code_cure_agent/cca_workspace/jMetal/jmetal-core/target/jmetal-core-5.11-SNAPSHOT.jar
[INFO] 
[INFO] --- maven-assembly-plugin:2.4:single (make-assembly) @ jmetal-core ---
[INFO] Building jar: /workspaces/xxxx/code_cure_agent/cca_workspace/jMetal/jmetal-core/target/jmetal-core-5.11-SNAPSHOT-jar-with-dependencies.jar
[INFO] 
[INFO] --- maven-source-plugin:2.2.1:jar-no-fork (attach-sources) @ jmetal-core ---
[INFO] Building jar: /workspaces/xxxx/code_cure_agent/cca_workspace/jMetal/jmetal-core/target/jmetal-core-5.11-SNAPSHOT-sources.jar
[INFO] 
[INFO] --- maven-site-plugin:3.7.1:attach-descriptor (attach-descriptor) @ jmetal-core ---
[INFO] Skipping because packaging 'jar' is not pom.
[INFO] 
[INFO] -------------------< org.uma.jmetal:jmetal-problem >--------------------
[INFO] Building org.uma.jmetal:jmetal-problem 5.11-SNAPSHOT               [3/8]
[INFO] --------------------------------[ jar ]---------------------------------
[INFO] 
[INFO] --- maven-clean-plugin:2.5:clean (default-clean) @ jmetal-problem ---
[INFO] Deleting /workspaces/xxxx/code_cure_agent/cca_workspace/jMetal/jmetal-problem/target
[INFO] 
[INFO] --- jacoco-maven-plugin:0.8.5:prepare-agent (default) @ jmetal-problem ---
[INFO] argLine set to -javaagent:/home/vscode/.m2/repository/org/jacoco/org.jacoco.agent/0.8.5/org.jacoco.agent-0.8.5-runtime.jar=destfile=/workspaces/xxxx/code_cure_agent/cca_workspace/jMetal/jmetal-problem/target/jacoco.exec
[INFO] 
[INFO] --- maven-resources-plugin:2.6:resources (default-resources) @ jmetal-problem ---
[INFO] Using 'UTF-8' encoding to copy filtered resources.
[INFO] Copying 113 resources
[INFO] 
[INFO] --- maven-compiler-plugin:3.8.0:compile (default-compile) @ jmetal-problem ---
[INFO] Changes detected - recompiling the module!
[INFO] Compiling 190 source files to /workspaces/xxxx/code_cure_agent/cca_workspace/jMetal/jmetal-problem/target/classes
[INFO] -------------------------------------------------------------
[ERROR] COMPILATION ERROR : 
[INFO] -------------------------------------------------------------
[ERROR] /workspaces/xxxx/code_cure_agent/cca_workspace/jMetal/jmetal-problem/src/main/java/org/uma/jmetal/problem/multiobjective/ebes/Ebes.java:[1165,11] <identifier> expected
[ERROR] /workspaces/xxxx/code_cure_agent/cca_workspace/jMetal/jmetal-problem/src/main/java/org/uma/jmetal/problem/multiobjective/ebes/Ebes.java:[1167,20] ']' expected
[ERROR] /workspaces/xxxx/code_cure_agent/cca_workspace/jMetal/jmetal-problem/src/main/java/org/uma/jmetal/problem/multiobjective/ebes/Ebes.java:[1167,23] ';' expected
[ERROR] /workspaces/xxxx/code_cure_agent/cca_workspace/jMetal/jmetal-problem/src/main/java/org/uma/jmetal/problem/multiobjective/ebes/Ebes.java:[1168,19] <identifier> expected
[ERROR] /workspaces/xxxx/code_cure_agent/cca_workspace/jMetal/jmetal-problem/src/main/java/org/uma/jmetal/problem/multiobjective/ebes/Ebes.java:[1168,30] ']' expected
[ERROR] /workspaces/xxxx/code_cure_agent/cca_workspace/jMetal/jmetal-problem/src/main/java/org/uma/jmetal/problem/multiobjective/ebes/Ebes.java:[1168,32] ';' expected
[ERROR] /workspaces/xxxx/code_cure_agent/cca_workspace/jMetal/jmetal-problem/src/main/java/org/uma/jmetal/problem/multiobjective/ebes/Ebes.java:[1168,42] <identifier> expected
[ERROR] /workspaces/xxxx/code_cure_agent/cca_workspace/jMetal/jmetal-problem/src/main/java/org/uma/jmetal/problem/multiobjective/ebes/Ebes.java:[1169,20] ']' expected
[ERROR] /workspaces/xxxx/code_cure_agent/cca_workspace/jMetal/jmetal-problem/src/main/java/org/uma/jmetal/problem/multiobjective/ebes/Ebes.java:[1169,23] ';' expected
[ERROR] /workspaces/xxxx/code_cure_agent/cca_workspace/jMetal/jmetal-problem/src/main/java/org/uma/jmetal/problem/multiobjective/ebes/Ebes.java:[1170,19] <identifier> expected
[ERROR] /workspaces/xxxx/code_cure_agent/cca_workspace/jMetal/jmetal-problem/src/main/java/org/uma/jmetal/problem/multiobjective/ebes/Ebes.java:[1170,30] ']' expected
[ERROR] /workspaces/xxxx/code_cure_agent/cca_workspace/jMetal/jmetal-problem/src/main/java/org/uma/jmetal/problem/multiobjective/ebes/Ebes.java:[1170,32] ';' expected
[ERROR] /workspaces/xxxx/code_cure_agent/cca_workspace/jMetal/jmetal-problem/src/main/java/org/uma/jmetal/problem/multiobjective/ebes/Ebes.java:[1170,42] <identifier> expected
[ERROR] /workspaces/xxxx/code_cure_agent/cca_workspace/jMetal/jmetal-problem/src/main/java/org/uma/jmetal/problem/multiobjective/ebes/Ebes.java:[1171,20] ']' expected
[ERROR] /workspaces/xxxx/code_cure_agent/cca_workspace/jMetal/jmetal-problem/src/main/java/org/uma/jmetal/problem/multiobjective/ebes/Ebes.java:[1171,23] ';' expected
[ERROR] /workspaces/xxxx/code_cure_agent/cca_workspace/jMetal/jmetal-problem/src/main/java/org/uma/jmetal/problem/multiobjective/ebes/Ebes.java:[1172,16] <identifier> expected
[ERROR] /workspaces/xxxx/code_cure_agent/cca_workspace/jMetal/jmetal-problem/src/main/java/org/uma/jmetal/problem/multiobjective/ebes/Ebes.java:[1172,21] <identifier> expected
[ERROR] /workspaces/xxxx/code_cure_agent/cca_workspace/jMetal/jmetal-problem/src/main/java/org/uma/jmetal/problem/multiobjective/ebes/Ebes.java:[1174,32] <identifier> expected
[ERROR] /workspaces/xxxx/code_cure_agent/cca_workspace/jMetal/jmetal-problem/src/main/java/org/uma/jmetal/problem/multiobjective/ebes/Ebes.java:[1175,33] ']' expected
[ERROR] /workspaces/xxxx/code_cure_agent/cca_workspace/jMetal/jmetal-problem/src/main/java/org/uma/jmetal/problem/multiobjective/ebes/Ebes.java:[1175,35] ',', ')', or '[' expected
[ERROR] /workspaces/xxxx/code_cure_agent/cca_workspace/jMetal/jmetal-problem/src/main/java/org/uma/jmetal/problem/multiobjective/ebes/Ebes.java:[1178,20] ']' expected
[ERROR] /workspaces/xxxx/code_cure_agent/cca_workspace/jMetal/jmetal-problem/src/main/java/org/uma/jmetal/problem/multiobjective/ebes/Ebes.java:[1178,23] ';' expected
[ERROR] /workspaces/xxxx/code_cure_agent/cca_workspace/jMetal/jmetal-problem/src/main/java/org/uma/jmetal/problem/multiobjective/ebes/Ebes.java:[1179,16] <identifier> expected
[ERROR] /workspaces/xxxx/code_cure_agent/cca_workspace/jMetal/jmetal-problem/src/main/java/org/uma/jmetal/problem/multiobjective/ebes/Ebes.java:[1179,21] <identifier> expected
[ERROR] /workspaces/xxxx/code_cure_agent/cca_workspace/jMetal/jmetal-problem/src/main/java/org/uma/jmetal/problem/multiobjective/ebes/Ebes.java:[1181,32] <identifier> expected
[ERROR] /workspaces/xxxx/code_cure_agent/cca_workspace/jMetal/jmetal-problem/src/main/java/org/uma/jmetal/problem/multiobjective/ebes/Ebes.java:[1182,33] ']' expected
[ERROR] /workspaces/xxxx/code_cure_agent/cca_workspace/jMetal/jmetal-problem/src/main/java/org/uma/jmetal/problem/multiobjective/ebes/Ebes.java:[1182,35] ',', ')', or '[' expected
[ERROR] /workspaces/xxxx/code_cure_agent/cca_workspace/jMetal/jmetal-problem/src/main/java/org/uma/jmetal/problem/multiobjective/ebes/Ebes.java:[1185,9] class, interface, or enum expected
[ERROR] /workspaces/xxxx/code_cure_agent/cca_workspace/jMetal/jmetal-problem/src/main/java/org/uma/jmetal/problem/multiobjective/ebes/Ebes.java:[1187,9] class, interface, or enum expected
[ERROR] /workspaces/xxxx/code_cure_agent/cca_workspace/jMetal/jmetal-problem/src/main/java/org/uma/jmetal/problem/multiobjective/ebes/Ebes.java:[1188,9] class, interface, or enum expected
[ERROR] /workspaces/xxxx/code_cure_agent/cca_workspace/jMetal/jmetal-problem/src/main/java/org/uma/jmetal/problem/multiobjective/ebes/Ebes.java:[1189,9] class, interface, or enum expected
[ERROR] /workspaces/xxxx/code_cure_agent/cca_workspace/jMetal/jmetal-problem/src/main/java/org/uma/jmetal/problem/multiobjective/ebes/Ebes.java:[1190,9] class, interface, or enum expected
[ERROR] /workspaces/xxxx/code_cure_agent/cca_workspace/jMetal/jmetal-problem/src/main/java/org/uma/jmetal/problem/multiobjective/ebes/Ebes.java:[1191,9] class, interface, or enum expected
[ERROR] /workspaces/xxxx/code_cure_agent/cca_workspace/jMetal/jmetal-problem/src/main/java/org/uma/jmetal/problem/multiobjective/ebes/Ebes.java:[1193,9] class, interface, or enum expected
[ERROR] /workspaces/xxxx/code_cure_agent/cca_workspace/jMetal/jmetal-problem/src/main/java/org/uma/jmetal/problem/multiobjective/ebes/Ebes.java:[1195,9] class, interface, or enum expected
[ERROR] /workspaces/xxxx/code_cure_agent/cca_workspace/jMetal/jmetal-problem/src/main/java/org/uma/jmetal/problem/multiobjective/ebes/Ebes.java:[1202,9] class, interface, or enum expected
[ERROR] /workspaces/xxxx/code_cure_agent/cca_workspace/jMetal/jmetal-problem/src/main/java/org/uma/jmetal/problem/multiobjective/ebes/Ebes.java:[1209,7] class, interface, or enum expected
[ERROR] /workspaces/xxxx/code_cure_agent/cca_workspace/jMetal/jmetal-problem/src/main/java/org/uma/jmetal/problem/multiobjective/ebes/Ebes.java:[1211,9] class, interface, or enum expected
[ERROR] /workspaces/xxxx/code_cure_agent/cca_workspace/jMetal/jmetal-problem/src/main/java/org/uma/jmetal/problem/multiobjective/ebes/Ebes.java:[1212,9] class, interface, or enum expected
[ERROR] /workspaces/xxxx/code_cure_agent/cca_workspace/jMetal/jmetal-problem/src/main/java/org/uma/jmetal/problem/multiobjective/ebes/Ebes.java:[1213,9] class, interface, or enum expected
[ERROR] /workspaces/xxxx/code_cure_agent/cca_workspace/jMetal/jmetal-problem/src/main/java/org/uma/jmetal/problem/multiobjective/ebes/Ebes.java:[1214,9] class, interface, or enum expected
[ERROR] /workspaces/xxxx/code_cure_agent/cca_workspace/jMetal/jmetal-problem/src/main/java/org/uma/jmetal/problem/multiobjective/ebes/Ebes.java:[1215,9] class, interface, or enum expected
[ERROR] /workspaces/xxxx/code_cure_agent/cca_workspace/jMetal/jmetal-problem/src/main/java/org/uma/jmetal/problem/multiobjective/ebes/Ebes.java:[1217,9] class, interface, or enum expected
[ERROR] /workspaces/xxxx/code_cure_agent/cca_workspace/jMetal/jmetal-problem/src/main/java/org/uma/jmetal/problem/multiobjective/ebes/Ebes.java:[1219,9] class, interface, or enum expected
[ERROR] /workspaces/xxxx/code_cure_agent/cca_workspace/jMetal/jmetal-problem/src/main/java/org/uma/jmetal/problem/multiobjective/ebes/Ebes.java:[1226,9] class, interface, or enum expected
[ERROR] /workspaces/xxxx/code_cure_agent/cca_workspace/jMetal/jmetal-problem/src/main/java/org/uma/jmetal/problem/multiobjective/ebes/Ebes.java:[1233,7] class, interface, or enum expected
[ERROR] /workspaces/xxxx/code_cure_agent/cca_workspace/jMetal/jmetal-problem/src/main/java/org/uma/jmetal/problem/multiobjective/ebes/Ebes.java:[1236,7] class, interface, or enum expected
[ERROR] /workspaces/xxxx/code_cure_agent/cca_workspace/jMetal/jmetal-problem/src/main/java/org/uma/jmetal/problem/multiobjective/ebes/Ebes.java:[1248,22] class, interface, or enum expected
[ERROR] /workspaces/xxxx/code_cure_agent/cca_workspace/jMetal/jmetal-problem/src/main/java/org/uma/jmetal/problem/multiobjective/ebes/Ebes.java:[1248,54] class, interface, or enum expected
[ERROR] /workspaces/xxxx/code_cure_agent/cca_workspace/jMetal/jmetal-problem/src/main/java/org/uma/jmetal/problem/multiobjective/ebes/Ebes.java:[1249,24] class, interface, or enum expected
[ERROR] /workspaces/xxxx/code_cure_agent/cca_workspace/jMetal/jmetal-problem/src/main/java/org/uma/jmetal/problem/multiobjective/ebes/Ebes.java:[1249,53] class, interface, or enum expected
[ERROR] /workspaces/xxxx/code_cure_agent/cca_workspace/jMetal/jmetal-problem/src/main/java/org/uma/jmetal/problem/multiobjective/ebes/Ebes.java:[1255,9] class, interface, or enum expected
[ERROR] /workspaces/xxxx/code_cure_agent/cca_workspace/jMetal/jmetal-problem/src/main/java/org/uma/jmetal/problem/multiobjective/ebes/Ebes.java:[1262,9] class, interface, or enum expected
[ERROR] /workspaces/xxxx/code_cure_agent/cca_workspace/jMetal/jmetal-problem/src/main/java/org/uma/jmetal/problem/multiobjective/ebes/Ebes.java:[1265,9] class, interface, or enum expected
[ERROR] /workspaces/xxxx/code_cure_agent/cca_workspace/jMetal/jmetal-problem/src/main/java/org/uma/jmetal/problem/multiobjective/ebes/Ebes.java:[1272,9] class, interface, or enum expected
[ERROR] /workspaces/xxxx/code_cure_agent/cca_workspace/jMetal/jmetal-problem/src/main/java/org/uma/jmetal/problem/multiobjective/ebes/Ebes.java:[1275,9] class, interface, or enum expected
[ERROR] /workspaces/xxxx/code_cure_agent/cca_workspace/jMetal/jmetal-problem/src/main/java/org/uma/jmetal/problem/multiobjective/ebes/Ebes.java:[1276,7] class, interface, or enum expected
[ERROR] /workspaces/xxxx/code_cure_agent/cca_workspace/jMetal/jmetal-problem/src/main/java/org/uma/jmetal/problem/multiobjective/ebes/Ebes.java:[1279,22] class, interface, or enum expected
[ERROR] /workspaces/xxxx/code_cure_agent/cca_workspace/jMetal/jmetal-problem/src/main/java/org/uma/jmetal/problem/multiobjective/ebes/Ebes.java:[1279,54] class, interface, or enum expected
[ERROR] /workspaces/xxxx/code_cure_agent/cca_workspace/jMetal/jmetal-problem/src/main/java/org/uma/jmetal/problem/multiobjective/ebes/Ebes.java:[1282,7] class, interface, or enum expected
[ERROR] /workspaces/xxxx/code_cure_agent/cca_workspace/jMetal/jmetal-problem/src/main/java/org/uma/jmetal/problem/multiobjective/ebes/Ebes.java:[1282,23] class, interface, or enum expected
[ERROR] /workspaces/xxxx/code_cure_agent/cca_workspace/jMetal/jmetal-problem/src/main/java/org/uma/jmetal/problem/multiobjective/ebes/Ebes.java:[1282,46] class, interface, or enum expected
[ERROR] /workspaces/xxxx/code_cure_agent/cca_workspace/jMetal/jmetal-problem/src/main/java/org/uma/jmetal/problem/multiobjective/ebes/Ebes.java:[1284,9] class, interface, or enum expected
[ERROR] /workspaces/xxxx/code_cure_agent/cca_workspace/jMetal/jmetal-problem/src/main/java/org/uma/jmetal/problem/multiobjective/ebes/Ebes.java:[1285,9] class, interface, or enum expected
[ERROR] /workspaces/xxxx/code_cure_agent/cca_workspace/jMetal/jmetal-problem/src/main/java/org/uma/jmetal/problem/multiobjective/ebes/Ebes.java:[1286,9] class, interface, or enum expected
[ERROR] /workspaces/xxxx/code_cure_agent/cca_workspace/jMetal/jmetal-problem/src/main/java/org/uma/jmetal/problem/multiobjective/ebes/Ebes.java:[1287,9] class, interface, or enum expected
[ERROR] /workspaces/xxxx/code_cure_agent/cca_workspace/jMetal/jmetal-problem/src/main/java/org/uma/jmetal/problem/multiobjective/ebes/Ebes.java:[1288,9] class, interface, or enum expected
[ERROR] /workspaces/xxxx/code_cure_agent/cca_workspace/jMetal/jmetal-problem/src/main/java/org/uma/jmetal/problem/multiobjective/ebes/Ebes.java:[1289,7] class, interface, or enum expected
[ERROR] /workspaces/xxxx/code_cure_agent/cca_workspace/jMetal/jmetal-problem/src/main/java/org/uma/jmetal/problem/multiobjective/ebes/Ebes.java:[1292,21] class, interface, or enum expected
[ERROR] /workspaces/xxxx/code_cure_agent/cca_workspace/jMetal/jmetal-problem/src/main/java/org/uma/jmetal/problem/multiobjective/ebes/Ebes.java:[1292,51] class, interface, or enum expected
[ERROR] /workspaces/xxxx/code_cure_agent/cca_workspace/jMetal/jmetal-problem/src/main/java/org/uma/jmetal/problem/multiobjective/ebes/Ebes.java:[1294,5] class, interface, or enum expected
[ERROR] /workspaces/xxxx/code_cure_agent/cca_workspace/jMetal/jmetal-problem/src/main/java/org/uma/jmetal/problem/multiobjective/ebes/Ebes.java:[1297,10] class, interface, or enum expected
[ERROR] /workspaces/xxxx/code_cure_agent/cca_workspace/jMetal/jmetal-problem/src/main/java/org/uma/jmetal/problem/multiobjective/ebes/Ebes.java:[1302,5] class, interface, or enum expected
[ERROR] /workspaces/xxxx/code_cure_agent/cca_workspace/jMetal/jmetal-problem/src/main/java/org/uma/jmetal/problem/multiobjective/ebes/Ebes.java:[1302,21] class, interface, or enum expected
[ERROR] /workspaces/xxxx/code_cure_agent/cca_workspace/jMetal/jmetal-problem/src/main/java/org/uma/jmetal/problem/multiobjective/ebes/Ebes.java:[1302,58] class, interface, or enum expected
[ERROR] /workspaces/xxxx/code_cure_agent/cca_workspace/jMetal/jmetal-problem/src/main/java/org/uma/jmetal/problem/multiobjective/ebes/Ebes.java:[1304,5] class, interface, or enum expected
[ERROR] /workspaces/xxxx/code_cure_agent/cca_workspace/jMetal/jmetal-problem/src/main/java/org/uma/jmetal/problem/multiobjective/ebes/Ebes.java:[1308,5] class, interface, or enum expected
[ERROR] /workspaces/xxxx/code_cure_agent/cca_workspace/jMetal/jmetal-problem/src/main/java/org/uma/jmetal/problem/multiobjective/ebes/Ebes.java:[1309,5] class, interface, or enum expected
[ERROR] /workspaces/xxxx/code_cure_agent/cca_workspace/jMetal/jmetal-problem/src/main/java/org/uma/jmetal/problem/multiobjective/ebes/Ebes.java:[1309,22] class, interface, or enum expected
[ERROR] /workspaces/xxxx/code_cure_agent/cca_workspace/jMetal/jmetal-problem/src/main/java/org/uma/jmetal/problem/multiobjective/ebes/Ebes.java:[1309,51] class, interface, or enum expected
[ERROR] /workspaces/xxxx/code_cure_agent/cca_workspace/jMetal/jmetal-problem/src/main/java/org/uma/jmetal/problem/multiobjective/ebes/Ebes.java:[1313,7] class, interface, or enum expected
[ERROR] /workspaces/xxxx/code_cure_agent/cca_workspace/jMetal/jmetal-problem/src/main/java/org/uma/jmetal/problem/multiobjective/ebes/Ebes.java:[1315,9] class, interface, or enum expected
[ERROR] /workspaces/xxxx/code_cure_agent/cca_workspace/jMetal/jmetal-problem/src/main/java/org/uma/jmetal/problem/multiobjective/ebes/Ebes.java:[1316,7] class, interface, or enum expected
[ERROR] /workspaces/xxxx/code_cure_agent/cca_workspace/jMetal/jmetal-problem/src/main/java/org/uma/jmetal/problem/multiobjective/ebes/Ebes.java:[1318,9] class, interface, or enum expected
[ERROR] /workspaces/xxxx/code_cure_agent/cca_workspace/jMetal/jmetal-problem/src/main/java/org/uma/jmetal/problem/multiobjective/ebes/Ebes.java:[1319,9] class, interface, or enum expected
[ERROR] /workspaces/xxxx/code_cure_agent/cca_workspace/jMetal/jmetal-problem/src/main/java/org/uma/jmetal/problem/multiobjective/ebes/Ebes.java:[1320,7] class, interface, or enum expected
[ERROR] /workspaces/xxxx/code_cure_agent/cca_workspace/jMetal/jmetal-problem/src/main/java/org/uma/jmetal/problem/multiobjective/ebes/Ebes.java:[1322,9] class, interface, or enum expected
[ERROR] /workspaces/xxxx/code_cure_agent/cca_workspace/jMetal/jmetal-problem/src/main/java/org/uma/jmetal/problem/multiobjective/ebes/Ebes.java:[1323,9] class, interface, or enum expected
[ERROR] /workspaces/xxxx/code_cure_agent/cca_workspace/jMetal/jmetal-problem/src/main/java/org/uma/jmetal/problem/multiobjective/ebes/Ebes.java:[1324,7] class, interface, or enum expected
[ERROR] /workspaces/xxxx/code_cure_agent/cca_workspace/jMetal/jmetal-problem/src/main/java/org/uma/jmetal/problem/multiobjective/ebes/Ebes.java:[1326,9] class, interface, or enum expected
[ERROR] /workspaces/xxxx/code_cure_agent/cca_workspace/jMetal/jmetal-problem/src/main/java/org/uma/jmetal/problem/multiobjective/ebes/Ebes.java:[1327,9] class, interface, or enum expected
[ERROR] /workspaces/xxxx/code_cure_agent/cca_workspace/jMetal/jmetal-problem/src/main/java/org/uma/jmetal/problem/multiobjective/ebes/Ebes.java:[1328,9] class, interface, or enum expected
[ERROR] /workspaces/xxxx/code_cure_agent/cca_workspace/jMetal/jmetal-problem/src/main/java/org/uma/jmetal/problem/multiobjective/ebes/Ebes.java:[1329,9] class, interface, or enum expected
[ERROR] /workspaces/xxxx/code_cure_agent/cca_workspace/jMetal/jmetal-problem/src/main/java/org/uma/jmetal/problem/multiobjective/ebes/Ebes.java:[1330,7] class, interface, or enum expected
[ERROR] /workspaces/xxxx/code_cure_agent/cca_workspace/jMetal/jmetal-problem/src/main/java/org/uma/jmetal/problem/multiobjective/ebes/Ebes.java:[1335,9] class, interface, or enum expected
[ERROR] /workspaces/xxxx/code_cure_agent/cca_workspace/jMetal/jmetal-problem/src/main/java/org/uma/jmetal/problem/multiobjective/ebes/Ebes.java:[1336,9] class, interface, or enum expected
[ERROR] /workspaces/xxxx/code_cure_agent/cca_workspace/jMetal/jmetal-problem/src/main/java/org/uma/jmetal/problem/multiobjective/ebes/Ebes.java:[1337,9] class, interface, or enum expected
[ERROR] /workspaces/xxxx/code_cure_agent/cca_workspace/jMetal/jmetal-problem/src/main/java/org/uma/jmetal/problem/multiobjective/ebes/Ebes.java:[1338,9] class, interface, or enum expected
[ERROR] /workspaces/xxxx/code_cure_agent/cca_workspace/jMetal/jmetal-problem/src/main/java/org/uma/jmetal/problem/multiobjective/ebes/Ebes.java:[1339,7] class, interface, or enum expected
[ERROR] /workspaces/xxxx/code_cure_agent/cca_workspace/jMetal/jmetal-problem/src/main/java/org/uma/jmetal/problem/multiobjective/ebes/Ebes.java:[1341,9] class, interface, or enum expected
[INFO] 100 errors 
[INFO] -------------------------------------------------------------
[INFO] ------------------------------------------------------------------------
[INFO] Reactor Summary for org.uma.jmetal:jmetal 5.11-SNAPSHOT:
[INFO] 
[INFO] org.uma.jmetal:jmetal .............................. SUCCESS [  0.995 s]
[INFO] org.uma.jmetal:jmetal-core ......................... SUCCESS [ 12.484 s]
[INFO] org.uma.jmetal:jmetal-problem ...................... FAILURE [  0.254 s]
[INFO] org.uma.jmetal:jmetal-algorithm .................... SKIPPED
[INFO] org.uma.jmetal:jmetal-lab .......................... SKIPPED
[INFO] org.uma.jmetal:jmetal-example ...................... SKIPPED
[INFO] org.uma.jmetal:jmetal-experimental ................. SKIPPED
[INFO] org.uma.jmetal:jmetal-parallel ..................... SKIPPED
[INFO] ------------------------------------------------------------------------
[INFO] BUILD FAILURE
[INFO] ------------------------------------------------------------------------
[INFO] Total time:  14.248 s
[INFO] Finished at: 2025-08-30T12:10:55Z
[INFO] ------------------------------------------------------------------------
[ERROR] Failed to execute goal org.apache.maven.plugins:maven-compiler-plugin:3.8.0:compile (default-compile) on project jmetal-problem: Compilation failure: Compilation failure: 
[ERROR] /workspaces/xxxx/code_cure_agent/cca_workspace/jMetal/jmetal-problem/src/main/java/org/uma/jmetal/problem/multiobjective/ebes/Ebes.java:[1165,11] <identifier> expected
[ERROR] /workspaces/xxxx/code_cure_agent/cca_workspace/jMetal/jmetal-problem/src/main/java/org/uma/jmetal/problem/multiobjective/ebes/Ebes.java:[1167,20] ']' expected
[ERROR] /workspaces/xxxx/code_cure_agent/cca_workspace/jMetal/jmetal-problem/src/main/java/org/uma/jmetal/problem/multiobjective/ebes/Ebes.java:[1167,23] ';' expected
[ERROR] /workspaces/xxxx/code_cure_agent/cca_workspace/jMetal/jmetal-problem/src/main/java/org/uma/jmetal/problem/multiobjective/ebes/Ebes.java:[1168,19] <identifier> expected
[ERROR] /workspaces/xxxx/code_cure_agent/cca_workspace/jMetal/jmetal-problem/src/main/java/org/uma/jmetal/problem/multiobjective/ebes/Ebes.java:[1168,30] ']' expected
[ERROR] /workspaces/xxxx/code_cure_agent/cca_workspace/jMetal/jmetal-problem/src/main/java/org/uma/jmetal/problem/multiobjective/ebes/Ebes.java:[1168,32] ';' expected
[ERROR] /workspaces/xxxx/code_cure_agent/cca_workspace/jMetal/jmetal-problem/src/main/java/org/uma/jmetal/problem/multiobjective/ebes/Ebes.java:[1168,42] <identifier> expected
[ERROR] /workspaces/xxxx/code_cure_agent/cca_workspace/jMetal/jmetal-problem/src/main/java/org/uma/jmetal/problem/multiobjective/ebes/Ebes.java:[1169,20] ']' expected
[ERROR] /workspaces/xxxx/code_cure_agent/cca_workspace/jMetal/jmetal-problem/src/main/java/org/uma/jmetal/problem/multiobjective/ebes/Ebes.java:[1169,23] ';' expected
[ERROR] /workspaces/xxxx/code_cure_agent/cca_workspace/jMetal/jmetal-problem/src/main/java/org/uma/jmetal/problem/multiobjective/ebes/Ebes.java:[1170,19] <identifier> expected
[ERROR] /workspaces/xxxx/code_cure_agent/cca_workspace/jMetal/jmetal-problem/src/main/java/org/uma/jmetal/problem/multiobjective/ebes/Ebes.java:[1170,30] ']' expected
[ERROR] /workspaces/xxxx/code_cure_agent/cca_workspace/jMetal/jmetal-problem/src/main/java/org/uma/jmetal/problem/multiobjective/ebes/Ebes.java:[1170,32] ';' expected
[ERROR] /workspaces/xxxx/code_cure_agent/cca_workspace/jMetal/jmetal-problem/src/main/java/org/uma/jmetal/problem/multiobjective/ebes/Ebes.java:[1170,42] <identifier> expected
[ERROR] /workspaces/xxxx/code_cure_agent/cca_workspace/jMetal/jmetal-problem/src/main/java/org/uma/jmetal/problem/multiobjective/ebes/Ebes.java:[1171,20] ']' expected
[ERROR] /workspaces/xxxx/code_cure_agent/cca_workspace/jMetal/jmetal-problem/src/main/java/org/uma/jmetal/problem/multiobjective/ebes/Ebes.java:[1171,23] ';' expected
[ERROR] /workspaces/xxxx/code_cure_agent/cca_workspace/jMetal/jmetal-problem/src/main/java/org/uma/jmetal/problem/multiobjective/ebes/Ebes.java:[1172,16] <identifier> expected
[ERROR] /workspaces/xxxx/code_cure_agent/cca_workspace/jMetal/jmetal-problem/src/main/java/org/uma/jmetal/problem/multiobjective/ebes/Ebes.java:[1172,21] <identifier> expected
[ERROR] /workspaces/xxxx/code_cure_agent/cca_workspace/jMetal/jmetal-problem/src/main/java/org/uma/jmetal/problem/multiobjective/ebes/Ebes.java:[1174,32] <identifier> expected
[ERROR] /workspaces/xxxx/code_cure_agent/cca_workspace/jMetal/jmetal-problem/src/main/java/org/uma/jmetal/problem/multiobjective/ebes/Ebes.java:[1175,33] ']' expected
[ERROR] /workspaces/xxxx/code_cure_agent/cca_workspace/jMetal/jmetal-problem/src/main/java/org/uma/jmetal/problem/multiobjective/ebes/Ebes.java:[1175,35] ',', ')', or '[' expected
[ERROR] /workspaces/xxxx/code_cure_agent/cca_workspace/jMetal/jmetal-problem/src/main/java/org/uma/jmetal/problem/multiobjective/ebes/Ebes.java:[1178,20] ']' expected
[ERROR] /workspaces/xxxx/code_cure_agent/cca_workspace/jMetal/jmetal-problem/src/main/java/org/uma/jmetal/problem/multiobjective/ebes/Ebes.java:[1178,23] ';' expected
[ERROR] /workspaces/xxxx/code_cure_agent/cca_workspace/jMetal/jmetal-problem/src/main/java/org/uma/jmetal/problem/multiobjective/ebes/Ebes.java:[1179,16] <identifier> expected
[ERROR] /workspaces/xxxx/code_cure_agent/cca_workspace/jMetal/jmetal-problem/src/main/java/org/uma/jmetal/problem/multiobjective/ebes/Ebes.java:[1179,21] <identifier> expected
[ERROR] /workspaces/xxxx/code_cure_agent/cca_workspace/jMetal/jmetal-problem/src/main/java/org/uma/jmetal/problem/multiobjective/ebes/Ebes.java:[1181,32] <identifier> expected
[ERROR] /workspaces/xxxx/code_cure_agent/cca_workspace/jMetal/jmetal-problem/src/main/java/org/uma/jmetal/problem/multiobjective/ebes/Ebes.java:[1182,33] ']' expected
[ERROR] /workspaces/xxxx/code_cure_agent/cca_workspace/jMetal/jmetal-problem/src/main/java/org/uma/jmetal/problem/multiobjective/ebes/Ebes.java:[1182,35] ',', ')', or '[' expected
[ERROR] /workspaces/xxxx/code_cure_agent/cca_workspace/jMetal/jmetal-problem/src/main/java/org/uma/jmetal/problem/multiobjective/ebes/Ebes.java:[1185,9] class, interface, or enum expected
[ERROR] /workspaces/xxxx/code_cure_agent/cca_workspace/jMetal/jmetal-problem/src/main/java/org/uma/jmetal/problem/multiobjective/ebes/Ebes.java:[1187,9] class, interface, or enum expected
[ERROR] /workspaces/xxxx/code_cure_agent/cca_workspace/jMetal/jmetal-problem/src/main/java/org/uma/jmetal/problem/multiobjective/ebes/Ebes.java:[1188,9] class, interface, or enum expected
[ERROR] /workspaces/xxxx/code_cure_agent/cca_workspace/jMetal/jmetal-problem/src/main/java/org/uma/jmetal/problem/multiobjective/ebes/Ebes.java:[1189,9] class, interface, or enum expected
[ERROR] /workspaces/xxxx/code_cure_agent/cca_workspace/jMetal/jmetal-problem/src/main/java/org/uma/jmetal/problem/multiobjective/ebes/Ebes.java:[1190,9] class, interface, or enum expected
[ERROR] /workspaces/xxxx/code_cure_agent/cca_workspace/jMetal/jmetal-problem/src/main/java/org/uma/jmetal/problem/multiobjective/ebes/Ebes.java:[1191,9] class, interface, or enum expected
[ERROR] /workspaces/xxxx/code_cure_agent/cca_workspace/jMetal/jmetal-problem/src/main/java/org/uma/jmetal/problem/multiobjective/ebes/Ebes.java:[1193,9] class, interface, or enum expected
[ERROR] /workspaces/xxxx/code_cure_agent/cca_workspace/jMetal/jmetal-problem/src/main/java/org/uma/jmetal/problem/multiobjective/ebes/Ebes.java:[1195,9] class, interface, or enum expected
[ERROR] /workspaces/xxxx/code_cure_agent/cca_workspace/jMetal/jmetal-problem/src/main/java/org/uma/jmetal/problem/multiobjective/ebes/Ebes.java:[1202,9] class, interface, or enum expected
[ERROR] /workspaces/xxxx/code_cure_agent/cca_workspace/jMetal/jmetal-problem/src/main/java/org/uma/jmetal/problem/multiobjective/ebes/Ebes.java:[1209,7] class, interface, or enum expected
[ERROR] /workspaces/xxxx/code_cure_agent/cca_workspace/jMetal/jmetal-problem/src/main/java/org/uma/jmetal/problem/multiobjective/ebes/Ebes.java:[1211,9] class, interface, or enum expected
[ERROR] /workspaces/xxxx/code_cure_agent/cca_workspace/jMetal/jmetal-problem/src/main/java/org/uma/jmetal/problem/multiobjective/ebes/Ebes.java:[1212,9] class, interface, or enum expected
[ERROR] /workspaces/xxxx/code_cure_agent/cca_workspace/jMetal/jmetal-problem/src/main/java/org/uma/jmetal/problem/multiobjective/ebes/Ebes.java:[1213,9] class, interface, or enum expected
[ERROR] /workspaces/xxxx/code_cure_agent/cca_workspace/jMetal/jmetal-problem/src/main/java/org/uma/jmetal/problem/multiobjective/ebes/Ebes.java:[1214,9] class, interface, or enum expected
[ERROR] /workspaces/xxxx/code_cure_agent/cca_workspace/jMetal/jmetal-problem/src/main/java/org/uma/jmetal/problem/multiobjective/ebes/Ebes.java:[1215,9] class, interface, or enum expected
[ERROR] /workspaces/xxxx/code_cure_agent/cca_workspace/jMetal/jmetal-problem/src/main/java/org/uma/jmetal/problem/multiobjective/ebes/Ebes.java:[1217,9] class, interface, or enum expected
[ERROR] /workspaces/xxxx/code_cure_agent/cca_workspace/jMetal/jmetal-problem/src/main/java/org/uma/jmetal/problem/multiobjective/ebes/Ebes.java:[1219,9] class, interface, or enum expected
[ERROR] /workspaces/xxxx/code_cure_agent/cca_workspace/jMetal/jmetal-problem/src/main/java/org/uma/jmetal/problem/multiobjective/ebes/Ebes.java:[1226,9] class, interface, or enum expected
[ERROR] /workspaces/xxxx/code_cure_agent/cca_workspace/jMetal/jmetal-problem/src/main/java/org/uma/jmetal/problem/multiobjective/ebes/Ebes.java:[1233,7] class, interface, or enum expected
[ERROR] /workspaces/xxxx/code_cure_agent/cca_workspace/jMetal/jmetal-problem/src/main/java/org/uma/jmetal/problem/multiobjective/ebes/Ebes.java:[1236,7] class, interface, or enum expected
[ERROR] /workspaces/xxxx/code_cure_agent/cca_workspace/jMetal/jmetal-problem/src/main/java/org/uma/jmetal/problem/multiobjective/ebes/Ebes.java:[1248,22] class, interface, or enum expected
[ERROR] /workspaces/xxxx/code_cure_agent/cca_workspace/jMetal/jmetal-problem/src/main/java/org/uma/jmetal/problem/multiobjective/ebes/Ebes.java:[1248,54] class, interface, or enum expected
[ERROR] /workspaces/xxxx/code_cure_agent/cca_workspace/jMetal/jmetal-problem/src/main/java/org/uma/jmetal/problem/multiobjective/ebes/Ebes.java:[1249,24] class, interface, or enum expected
[ERROR] /workspaces/xxxx/code_cure_agent/cca_workspace/jMetal/jmetal-problem/src/main/java/org/uma/jmetal/problem/multiobjective/ebes/Ebes.java:[1249,53] class, interface, or enum expected
[ERROR] /workspaces/xxxx/code_cure_agent/cca_workspace/jMetal/jmetal-problem/src/main/java/org/uma/jmetal/problem/multiobjective/ebes/Ebes.java:[1255,9] class, interface, or enum expected
[ERROR] /workspaces/xxxx/code_cure_agent/cca_workspace/jMetal/jmetal-problem/src/main/java/org/uma/jmetal/problem/multiobjective/ebes/Ebes.java:[1262,9] class, interface, or enum expected
[ERROR] /workspaces/xxxx/code_cure_agent/cca_workspace/jMetal/jmetal-problem/src/main/java/org/uma/jmetal/problem/multiobjective/ebes/Ebes.java:[1265,9] class, interface, or enum expected
[ERROR] /workspaces/xxxx/code_cure_agent/cca_workspace/jMetal/jmetal-problem/src/main/java/org/uma/jmetal/problem/multiobjective/ebes/Ebes.java:[1272,9] class, interface, or enum expected
[ERROR] /workspaces/xxxx/code_cure_agent/cca_workspace/jMetal/jmetal-problem/src/main/java/org/uma/jmetal/problem/multiobjective/ebes/Ebes.java:[1275,9] class, interface, or enum expected
[ERROR] /workspaces/xxxx/code_cure_agent/cca_workspace/jMetal/jmetal-problem/src/main/java/org/uma/jmetal/problem/multiobjective/ebes/Ebes.java:[1276,7] class, interface, or enum expected
[ERROR] /workspaces/xxxx/code_cure_agent/cca_workspace/jMetal/jmetal-problem/src/main/java/org/uma/jmetal/problem/multiobjective/ebes/Ebes.java:[1279,22] class, interface, or enum expected
[ERROR] /workspaces/xxxx/code_cure_agent/cca_workspace/jMetal/jmetal-problem/src/main/java/org/uma/jmetal/problem/multiobjective/ebes/Ebes.java:[1279,54] class, interface, or enum expected
[ERROR] /workspaces/xxxx/code_cure_agent/cca_workspace/jMetal/jmetal-problem/src/main/java/org/uma/jmetal/problem/multiobjective/ebes/Ebes.java:[1282,7] class, interface, or enum expected
[ERROR] /workspaces/xxxx/code_cure_agent/cca_workspace/jMetal/jmetal-problem/src/main/java/org/uma/jmetal/problem/multiobjective/ebes/Ebes.java:[1282,23] class, interface, or enum expected
[ERROR] /workspaces/xxxx/code_cure_agent/cca_workspace/jMetal/jmetal-problem/src/main/java/org/uma/jmetal/problem/multiobjective/ebes/Ebes.java:[1282,46] class, interface, or enum expected
[ERROR] /workspaces/xxxx/code_cure_agent/cca_workspace/jMetal/jmetal-problem/src/main/java/org/uma/jmetal/problem/multiobjective/ebes/Ebes.java:[1284,9] class, interface, or enum expected
[ERROR] /workspaces/xxxx/code_cure_agent/cca_workspace/jMetal/jmetal-problem/src/main/java/org/uma/jmetal/problem/multiobjective/ebes/Ebes.java:[1285,9] class, interface, or enum expected
[ERROR] /workspaces/xxxx/code_cure_agent/cca_workspace/jMetal/jmetal-problem/src/main/java/org/uma/jmetal/problem/multiobjective/ebes/Ebes.java:[1286,9] class, interface, or enum expected
[ERROR] /workspaces/xxxx/code_cure_agent/cca_workspace/jMetal/jmetal-problem/src/main/java/org/uma/jmetal/problem/multiobjective/ebes/Ebes.java:[1287,9] class, interface, or enum expected
[ERROR] /workspaces/xxxx/code_cure_agent/cca_workspace/jMetal/jmetal-problem/src/main/java/org/uma/jmetal/problem/multiobjective/ebes/Ebes.java:[1288,9] class, interface, or enum expected
[ERROR] /workspaces/xxxx/code_cure_agent/cca_workspace/jMetal/jmetal-problem/src/main/java/org/uma/jmetal/problem/multiobjective/ebes/Ebes.java:[1289,7] class, interface, or enum expected
[ERROR] /workspaces/xxxx/code_cure_agent/cca_workspace/jMetal/jmetal-problem/src/main/java/org/uma/jmetal/problem/multiobjective/ebes/Ebes.java:[1292,21] class, interface, or enum expected
[ERROR] /workspaces/xxxx/code_cure_agent/cca_workspace/jMetal/jmetal-problem/src/main/java/org/uma/jmetal/problem/multiobjective/ebes/Ebes.java:[1292,51] class, interface, or enum expected
[ERROR] /workspaces/xxxx/code_cure_agent/cca_workspace/jMetal/jmetal-problem/src/main/java/org/uma/jmetal/problem/multiobjective/ebes/Ebes.java:[1294,5] class, interface, or enum expected
[ERROR] /workspaces/xxxx/code_cure_agent/cca_workspace/jMetal/jmetal-problem/src/main/java/org/uma/jmetal/problem/multiobjective/ebes/Ebes.java:[1297,10] class, interface, or enum expected
[ERROR] /workspaces/xxxx/code_cure_agent/cca_workspace/jMetal/jmetal-problem/src/main/java/org/uma/jmetal/problem/multiobjective/ebes/Ebes.java:[1302,5] class, interface, or enum expected
[ERROR] /workspaces/xxxx/code_cure_agent/cca_workspace/jMetal/jmetal-problem/src/main/java/org/uma/jmetal/problem/multiobjective/ebes/Ebes.java:[1302,21] class, interface, or enum expected
[ERROR] /workspaces/xxxx/code_cure_agent/cca_workspace/jMetal/jmetal-problem/src/main/java/org/uma/jmetal/problem/multiobjective/ebes/Ebes.java:[1302,58] class, interface, or enum expected
[ERROR] /workspaces/xxxx/code_cure_agent/cca_workspace/jMetal/jmetal-problem/src/main/java/org/uma/jmetal/problem/multiobjective/ebes/Ebes.java:[1304,5] class, interface, or enum expected
[ERROR] /workspaces/xxxx/code_cure_agent/cca_workspace/jMetal/jmetal-problem/src/main/java/org/uma/jmetal/problem/multiobjective/ebes/Ebes.java:[1308,5] class, interface, or enum expected
[ERROR] /workspaces/xxxx/code_cure_agent/cca_workspace/jMetal/jmetal-problem/src/main/java/org/uma/jmetal/problem/multiobjective/ebes/Ebes.java:[1309,5] class, interface, or enum expected
[ERROR] /workspaces/xxxx/code_cure_agent/cca_workspace/jMetal/jmetal-problem/src/main/java/org/uma/jmetal/problem/multiobjective/ebes/Ebes.java:[1309,22] class, interface, or enum expected
[ERROR] /workspaces/xxxx/code_cure_agent/cca_workspace/jMetal/jmetal-problem/src/main/java/org/uma/jmetal/problem/multiobjective/ebes/Ebes.java:[1309,51] class, interface, or enum expected
[ERROR] /workspaces/xxxx/code_cure_agent/cca_workspace/jMetal/jmetal-problem/src/main/java/org/uma/jmetal/problem/multiobjective/ebes/Ebes.java:[1313,7] class, interface, or enum expected
[ERROR] /workspaces/xxxx/code_cure_agent/cca_workspace/jMetal/jmetal-problem/src/main/java/org/uma/jmetal/problem/multiobjective/ebes/Ebes.java:[1315,9] class, interface, or enum expected
[ERROR] /workspaces/xxxx/code_cure_agent/cca_workspace/jMetal/jmetal-problem/src/main/java/org/uma/jmetal/problem/multiobjective/ebes/Ebes.java:[1316,7] class, interface, or enum expected
[ERROR] /workspaces/xxxx/code_cure_agent/cca_workspace/jMetal/jmetal-problem/src/main/java/org/uma/jmetal/problem/multiobjective/ebes/Ebes.java:[1318,9] class, interface, or enum expected
[ERROR] /workspaces/xxxx/code_cure_agent/cca_workspace/jMetal/jmetal-problem/src/main/java/org/uma/jmetal/problem/multiobjective/ebes/Ebes.java:[1319,9] class, interface, or enum expected
[ERROR] /workspaces/xxxx/code_cure_agent/cca_workspace/jMetal/jmetal-problem/src/main/java/org/uma/jmetal/problem/multiobjective/ebes/Ebes.java:[1320,7] class, interface, or enum expected
[ERROR] /workspaces/xxxx/code_cure_agent/cca_workspace/jMetal/jmetal-problem/src/main/java/org/uma/jmetal/problem/multiobjective/ebes/Ebes.java:[1322,9] class, interface, or enum expected
[ERROR] /workspaces/xxxx/code_cure_agent/cca_workspace/jMetal/jmetal-problem/src/main/java/org/uma/jmetal/problem/multiobjective/ebes/Ebes.java:[1323,9] class, interface, or enum expected
[ERROR] /workspaces/xxxx/code_cure_agent/cca_workspace/jMetal/jmetal-problem/src/main/java/org/uma/jmetal/problem/multiobjective/ebes/Ebes.java:[1324,7] class, interface, or enum expected
[ERROR] /workspaces/xxxx/code_cure_agent/cca_workspace/jMetal/jmetal-problem/src/main/java/org/uma/jmetal/problem/multiobjective/ebes/Ebes.java:[1326,9] class, interface, or enum expected
[ERROR] /workspaces/xxxx/code_cure_agent/cca_workspace/jMetal/jmetal-problem/src/main/java/org/uma/jmetal/problem/multiobjective/ebes/Ebes.java:[1327,9] class, interface, or enum expected
[ERROR] /workspaces/xxxx/code_cure_agent/cca_workspace/jMetal/jmetal-problem/src/main/java/org/uma/jmetal/problem/multiobjective/ebes/Ebes.java:[1328,9] class, interface, or enum expected
[ERROR] /workspaces/xxxx/code_cure_agent/cca_workspace/jMetal/jmetal-problem/src/main/java/org/uma/jmetal/problem/multiobjective/ebes/Ebes.java:[1329,9] class, interface, or enum expected
[ERROR] /workspaces/xxxx/code_cure_agent/cca_workspace/jMetal/jmetal-problem/src/main/java/org/uma/jmetal/problem/multiobjective/ebes/Ebes.java:[1330,7] class, interface, or enum expected
[ERROR] /workspaces/xxxx/code_cure_agent/cca_workspace/jMetal/jmetal-problem/src/main/java/org/uma/jmetal/problem/multiobjective/ebes/Ebes.java:[1335,9] class, interface, or enum expected
[ERROR] /workspaces/xxxx/code_cure_agent/cca_workspace/jMetal/jmetal-problem/src/main/java/org/uma/jmetal/problem/multiobjective/ebes/Ebes.java:[1336,9] class, interface, or enum expected
[ERROR] /workspaces/xxxx/code_cure_agent/cca_workspace/jMetal/jmetal-problem/src/main/java/org/uma/jmetal/problem/multiobjective/ebes/Ebes.java:[1337,9] class, interface, or enum expected
[ERROR] /workspaces/xxxx/code_cure_agent/cca_workspace/jMetal/jmetal-problem/src/main/java/org/uma/jmetal/problem/multiobjective/ebes/Ebes.java:[1338,9] class, interface, or enum expected
[ERROR] /workspaces/xxxx/code_cure_agent/cca_workspace/jMetal/jmetal-problem/src/main/java/org/uma/jmetal/problem/multiobjective/ebes/Ebes.java:[1339,7] class, interface, or enum expected
[ERROR] /workspaces/xxxx/code_cure_agent/cca_workspace/jMetal/jmetal-problem/src/main/java/org/uma/jmetal/problem/multiobjective/ebes/Ebes.java:[1341,9] class, interface, or enum expected
[ERROR] -> [Help 1]
[ERROR] 
[ERROR] To see the full stack trace of the errors, re-run Maven with the -e switch.
[ERROR] Re-run Maven using the -X switch to enable full debug logging.
[ERROR] 
[ERROR] For more information about the errors and possible solutions, please read the following articles:
[ERROR] [Help 1] http://cwiki.apache.org/confluence/display/MAVEN/MojoFailureException
[ERROR] 
[ERROR] After correcting the problems, you can resume the build with the command
[ERROR]   mvn <args> -rf :jmetal-problem
