[INFO] Scanning for projects...
[INFO] Inspecting build with total of 1 modules...
[INFO] Installing Nexus Staging features:
[INFO]   ... total of 1 executions of maven-deploy-plugin replaced with nexus-staging-maven-plugin
[INFO] 
[INFO] ----------------< com.esri.geometry:esri-geometry-api >-----------------
[INFO] Building Esri Geometry API for Java 2.2.4
[INFO] --------------------------------[ jar ]---------------------------------
[INFO] 
[INFO] --- maven-clean-plugin:2.5:clean (default-clean) @ esri-geometry-api ---
[INFO] 
[INFO] --- maven-resources-plugin:2.6:resources (default-resources) @ esri-geometry-api ---
[INFO] Using 'UTF-8' encoding to copy filtered resources.
[INFO] Copying 6 resources
[INFO] 
[INFO] --- maven-compiler-plugin:2.3.1:compile (default-compile) @ esri-geometry-api ---
[INFO] Compiling 262 source files to /workspaces/CodeCureAgent/code_cure_agent/cca_workspace_2/geometry-api-java/target/classes
[WARNING] /workspaces/CodeCureAgent/code_cure_agent/cca_workspace_2/geometry-api-java/src/main/java/com/esri/core/geometry/SizeOf.java:[27,22] Unsafe is internal proprietary API and may be removed in a future release

[WARNING] /workspaces/CodeCureAgent/code_cure_agent/cca_workspace_2/geometry-api-java/src/main/java/com/esri/core/geometry/SizeOf.java:[28,22] Unsafe is internal proprietary API and may be removed in a future release

[WARNING] /workspaces/CodeCureAgent/code_cure_agent/cca_workspace_2/geometry-api-java/src/main/java/com/esri/core/geometry/SizeOf.java:[29,22] Unsafe is internal proprietary API and may be removed in a future release

[WARNING] /workspaces/CodeCureAgent/code_cure_agent/cca_workspace_2/geometry-api-java/src/main/java/com/esri/core/geometry/SizeOf.java:[30,22] Unsafe is internal proprietary API and may be removed in a future release

[WARNING] /workspaces/CodeCureAgent/code_cure_agent/cca_workspace_2/geometry-api-java/src/main/java/com/esri/core/geometry/SizeOf.java:[31,22] Unsafe is internal proprietary API and may be removed in a future release

[WARNING] /workspaces/CodeCureAgent/code_cure_agent/cca_workspace_2/geometry-api-java/src/main/java/com/esri/core/geometry/SizeOf.java:[32,22] Unsafe is internal proprietary API and may be removed in a future release

[WARNING] /workspaces/CodeCureAgent/code_cure_agent/cca_workspace_2/geometry-api-java/src/main/java/com/esri/core/geometry/SizeOf.java:[33,22] Unsafe is internal proprietary API and may be removed in a future release

[WARNING] /workspaces/CodeCureAgent/code_cure_agent/cca_workspace_2/geometry-api-java/src/main/java/com/esri/core/geometry/SizeOf.java:[34,22] Unsafe is internal proprietary API and may be removed in a future release

[WARNING] /workspaces/CodeCureAgent/code_cure_agent/cca_workspace_2/geometry-api-java/src/main/java/com/esri/core/geometry/SizeOf.java:[35,22] Unsafe is internal proprietary API and may be removed in a future release

[WARNING] /workspaces/CodeCureAgent/code_cure_agent/cca_workspace_2/geometry-api-java/src/main/java/com/esri/core/geometry/SizeOf.java:[36,22] Unsafe is internal proprietary API and may be removed in a future release

[WARNING] /workspaces/CodeCureAgent/code_cure_agent/cca_workspace_2/geometry-api-java/src/main/java/com/esri/core/geometry/SizeOf.java:[37,22] Unsafe is internal proprietary API and may be removed in a future release

[WARNING] /workspaces/CodeCureAgent/code_cure_agent/cca_workspace_2/geometry-api-java/src/main/java/com/esri/core/geometry/SizeOf.java:[38,22] Unsafe is internal proprietary API and may be removed in a future release

[WARNING] /workspaces/CodeCureAgent/code_cure_agent/cca_workspace_2/geometry-api-java/src/main/java/com/esri/core/geometry/SizeOf.java:[39,22] Unsafe is internal proprietary API and may be removed in a future release

[WARNING] /workspaces/CodeCureAgent/code_cure_agent/cca_workspace_2/geometry-api-java/src/main/java/com/esri/core/geometry/SizeOf.java:[40,22] Unsafe is internal proprietary API and may be removed in a future release

[WARNING] /workspaces/CodeCureAgent/code_cure_agent/cca_workspace_2/geometry-api-java/src/main/java/com/esri/core/geometry/SizeOf.java:[41,22] Unsafe is internal proprietary API and may be removed in a future release

[WARNING] /workspaces/CodeCureAgent/code_cure_agent/cca_workspace_2/geometry-api-java/src/main/java/com/esri/core/geometry/SizeOf.java:[42,22] Unsafe is internal proprietary API and may be removed in a future release

[INFO] 
[INFO] --- maven-resources-plugin:2.6:testResources (default-testResources) @ esri-geometry-api ---
[INFO] Using 'UTF-8' encoding to copy filtered resources.
[INFO] Copying 16 resources
[INFO] 
[INFO] --- maven-compiler-plugin:2.3.1:testCompile (default-testCompile) @ esri-geometry-api ---
[INFO] Compiling 59 source files to /workspaces/CodeCureAgent/code_cure_agent/cca_workspace_2/geometry-api-java/target/test-classes
[INFO] -------------------------------------------------------------
[ERROR] COMPILATION ERROR : 
[INFO] -------------------------------------------------------------
[ERROR] /workspaces/CodeCureAgent/code_cure_agent/cca_workspace_2/geometry-api-java/src/test/java/com/esri/core/geometry/TestBuffer.java:[347,6] error: variable pathCount is already defined in method testBufferPolygonEdgeCases(OperatorBuffer,Polygon,SpatialReference,OperatorSimplify)

[ERROR] /workspaces/CodeCureAgent/code_cure_agent/cca_workspace_2/geometry-api-java/src/test/java/com/esri/core/geometry/TestBuffer.java:[349,6] error: variable pointCount is already defined in method testBufferPolygonEdgeCases(OperatorBuffer,Polygon,SpatialReference,OperatorSimplify)

[ERROR] /workspaces/CodeCureAgent/code_cure_agent/cca_workspace_2/geometry-api-java/src/test/java/com/esri/core/geometry/TestBuffer.java:[375,6] error: variable pointCount is already defined in method testBufferPolygonEdgeCases(OperatorBuffer,Polygon,SpatialReference,OperatorSimplify)

[INFO] 3 errors 
[INFO] -------------------------------------------------------------
[INFO] ------------------------------------------------------------------------
[INFO] BUILD FAILURE
[INFO] ------------------------------------------------------------------------
[INFO] Total time:  4.847 s
[INFO] Finished at: 2026-01-29T16:31:10Z
[INFO] ------------------------------------------------------------------------
[ERROR] Failed to execute goal org.apache.maven.plugins:maven-compiler-plugin:2.3.1:testCompile (default-testCompile) on project esri-geometry-api: Compilation failure: Compilation failure: 
[ERROR] /workspaces/CodeCureAgent/code_cure_agent/cca_workspace_2/geometry-api-java/src/test/java/com/esri/core/geometry/TestBuffer.java:[347,6] error: variable pathCount is already defined in method testBufferPolygonEdgeCases(OperatorBuffer,Polygon,SpatialReference,OperatorSimplify)
[ERROR] 
[ERROR] /workspaces/CodeCureAgent/code_cure_agent/cca_workspace_2/geometry-api-java/src/test/java/com/esri/core/geometry/TestBuffer.java:[349,6] error: variable pointCount is already defined in method testBufferPolygonEdgeCases(OperatorBuffer,Polygon,SpatialReference,OperatorSimplify)
[ERROR] 
[ERROR] /workspaces/CodeCureAgent/code_cure_agent/cca_workspace_2/geometry-api-java/src/test/java/com/esri/core/geometry/TestBuffer.java:[375,6] error: variable pointCount is already defined in method testBufferPolygonEdgeCases(OperatorBuffer,Polygon,SpatialReference,OperatorSimplify)
[ERROR] -> [Help 1]
[ERROR] 
[ERROR] To see the full stack trace of the errors, re-run Maven with the -e switch.
[ERROR] Re-run Maven using the -X switch to enable full debug logging.
[ERROR] 
[ERROR] For more information about the errors and possible solutions, please read the following articles:
[ERROR] [Help 1] http://cwiki.apache.org/confluence/display/MAVEN/MojoFailureException
