Start time: 1769766848229125032
Collecting ISMELL Evaluation on ID 701
Project checkout procedure starting. [0m 
Cloning from URL 'https://github.com/redpen-cc/redpen.git' to path 'cca_workspace_3/redpen'. [0m 
Checking out commit 'cce87e790828cb88dd5c3bfbdcb117d351eb6bbd'. [0m 
Building the target project redpen with maven. [0m 
Build was successful. [0m 
For ID 701 the target warning was removed.
Running tests on the target project redpen with maven. [0m 
Collecting ISMELL Evaluation on ID 702
Project checkout procedure starting. [0m 
Cloning from URL 'https://github.com/MutabilityDetector/MutabilityDetector.git' to path 'cca_workspace_3/MutabilityDetector'. [0m 
Checking out commit 'ac1bc226e109b21bf92e74dd76d77e2f1a6a929d'. [0m 
Building the target project MutabilityDetector with maven. [0m 
Build was successful. [0m 
For ID 702 the target warning was removed.
Running tests on the target project MutabilityDetector with maven. [0m 
Collecting ISMELL Evaluation on ID 703
Project checkout procedure starting. [0m 
Cloning from URL 'https://github.com/smola/galimatias.git' to path 'cca_workspace_3/galimatias'. [0m 
Checking out commit '0771a10ef5021181fc172b95ac39e9f4c7ada2e8'. [0m 
Building the target project galimatias with maven. [0m 
Build was successful. [0m 
For ID 703 the target warning was !NOT! removed.
Running tests on the target project galimatias with maven. [0m 
Collecting ISMELL Evaluation on ID 704
Project checkout procedure starting. [0m 
Cloning from URL 'https://github.com/ontodev/robot.git' to path 'cca_workspace_3/robot'. [0m 
Checking out commit '8a9313440fb18819dd4db29b9bae6da435e9dc74'. [0m 
Building the target project robot with maven. [0m 
Build failed. [0m 
For ID 704 the target warning was removed.
Collecting ISMELL Evaluation on ID 705
Project checkout procedure starting. [0m 
Cloning from URL 'https://github.com/redpen-cc/redpen.git' to path 'cca_workspace_3/redpen'. [0m 
Checking out commit 'cce87e790828cb88dd5c3bfbdcb117d351eb6bbd'. [0m 
Building the target project redpen with maven. [0m 
Build was successful. [0m 
For ID 705 the target warning was removed.
Running tests on the target project redpen with maven. [0m 
Collecting ISMELL Evaluation on ID 706
Project checkout procedure starting. [0m 
Cloning from URL 'https://github.com/wmixvideo/nfe.git' to path 'cca_workspace_3/nfe'. [0m 
Checking out commit 'd0b2ce5ea0749448b1b3dbb9bef88d7eccd05240'. [0m 
Building the target project nfe with maven. [0m 
Build was successful. [0m 
For ID 706 the target warning was removed.
Running tests on the target project nfe with maven. [0m 
Collecting ISMELL Evaluation on ID 707
Project checkout procedure starting. [0m 
Cloning from URL 'https://github.com/danfickle/openhtmltopdf.git' to path 'cca_workspace_3/openhtmltopdf'. [0m 
Checking out commit '0dcb7e4b8c80d0fbf6d21f970ccab7a701221b5d'. [0m 
Building the target project openhtmltopdf with maven. [0m 
Build failed. [0m 
For ID 707 the target warning was removed.
Collecting ISMELL Evaluation on ID 708
Project checkout procedure starting. [0m 
Cloning from URL 'https://github.com/palatable/lambda.git' to path 'cca_workspace_3/lambda'. [0m 
Checking out commit '3f23529573f7a2f7f7a11aca3d9d7e720cf2a15b'. [0m 
Building the target project lambda with maven. [0m 
Build was successful. [0m 
For ID 708 the target warning was removed.
Running tests on the target project lambda with maven. [0m 
Collecting ISMELL Evaluation on ID 709
Project checkout procedure starting. [0m 
Cloning from URL 'https://github.com/danfickle/openhtmltopdf.git' to path 'cca_workspace_3/openhtmltopdf'. [0m 
Checking out commit '0dcb7e4b8c80d0fbf6d21f970ccab7a701221b5d'. [0m 
Building the target project openhtmltopdf with maven. [0m 
Build was successful. [0m 
For ID 709 the target warning was removed.
Running tests on the target project openhtmltopdf with maven. [0m 
Collecting ISMELL Evaluation on ID 710
Project checkout procedure starting. [0m 
Cloning from URL 'https://github.com/sonalake/utah-parser.git' to path 'cca_workspace_3/utah-parser'. [0m 
Checking out commit '65467f2ad877018be9b0ae720e453a5a041a8901'. [0m 
Building the target project utah-parser with maven. [0m 
Build was successful. [0m 
For ID 710 the target warning was removed.
Running tests on the target project utah-parser with maven. [0m 
Collecting ISMELL Evaluation on ID 711
Project checkout procedure starting. [0m 
Cloning from URL 'https://github.com/aeshell/aesh.git' to path 'cca_workspace_3/aesh'. [0m 
Checking out commit 'cfebb087dc3c2b580bb4c64a46333243a9497192'. [0m 
Building the target project aesh with maven. [0m 
Build was successful. [0m 
For ID 711 the target warning was removed.
Running tests on the target project aesh with maven. [0m 
Collecting ISMELL Evaluation on ID 712
Project checkout procedure starting. [0m 
Cloning from URL 'https://github.com/shapesecurity/salvation.git' to path 'cca_workspace_3/salvation'. [0m 
Checking out commit 'e2b07ea083e1c15415a25391c95c604a23ec9bfb'. [0m 
Building the target project salvation with maven. [0m 
Build failed. [0m 
For ID 712 the target warning was removed.
Collecting ISMELL Evaluation on ID 713
Project checkout procedure starting. [0m 
Cloning from URL 'https://github.com/lucastheisen/jsch-nio.git' to path 'cca_workspace_3/jsch-nio'. [0m 
Checking out commit '09a87eb6641eebeb62821018291b97517dc92889'. [0m 
Building the target project jsch-nio with maven. [0m 
Build was successful. [0m 
For ID 713 the target warning was removed.
Running tests on the target project jsch-nio with maven. [0m 
Collecting ISMELL Evaluation on ID 714
Project checkout procedure starting. [0m 
Cloning from URL 'https://github.com/simplenlg/simplenlg.git' to path 'cca_workspace_3/simplenlg'. [0m 
Checking out commit 'c65331a528f0241c29051c7a086ae5e9518e07e2'. [0m 
Building the target project simplenlg with maven. [0m 
Build was successful. [0m 
For ID 714 the target warning was removed.
Running tests on the target project simplenlg with maven. [0m 
Collecting ISMELL Evaluation on ID 715
Project checkout procedure starting. [0m 
Cloning from URL 'https://github.com/ctran/TinyRadius.git' to path 'cca_workspace_3/TinyRadius'. [0m 
Checking out commit '912f8077822c867903be0f10d1b0dc37546ac6ec'. [0m 
Building the target project TinyRadius with maven. [0m 
Build was successful. [0m 
For ID 715 the target warning was removed.
Running tests on the target project TinyRadius with maven. [0m 
Collecting ISMELL Evaluation on ID 716
Project checkout procedure starting. [0m 
Cloning from URL 'https://github.com/vivo-project/Vitro.git' to path 'cca_workspace_3/Vitro'. [0m 
Checking out commit '119413413a53cd6ebcbff50d3501f32f72aff6f0'. [0m 
Building the target project Vitro with maven. [0m 
Build was successful. [0m 
For ID 716 the target warning was removed.
Running tests on the target project Vitro with maven. [0m 
Collecting ISMELL Evaluation on ID 717
Project checkout procedure starting. [0m 
Cloning from URL 'https://github.com/vivo-project/Vitro.git' to path 'cca_workspace_3/Vitro'. [0m 
Checking out commit '119413413a53cd6ebcbff50d3501f32f72aff6f0'. [0m 
Building the target project Vitro with maven. [0m 
Build was successful. [0m 
For ID 717 the target warning was !NOT! removed.
Running tests on the target project Vitro with maven. [0m 
Collecting ISMELL Evaluation on ID 718
Project checkout procedure starting. [0m 
Cloning from URL 'https://github.com/DiUS/java-faker.git' to path 'cca_workspace_3/java-faker'. [0m 
Checking out commit 'b60f23a54a511cf7e24c09366b2957219b448125'. [0m 
Building the target project java-faker with maven. [0m 
Build was successful. [0m 
For ID 718 the target warning was removed.
Running tests on the target project java-faker with maven. [0m 
Collecting ISMELL Evaluation on ID 719
Project checkout procedure starting. [0m 
Cloning from URL 'https://github.com/valfirst/jbehave-junit-runner.git' to path 'cca_workspace_3/jbehave-junit-runner'. [0m 
Checking out commit 'f1295698787525a7ce99cd9a95a4c5cb5277f15f'. [0m 
Building the target project jbehave-junit-runner with maven. [0m 
Build was successful. [0m 
For ID 719 the target warning was removed.
Running tests on the target project jbehave-junit-runner with maven. [0m 
Collecting ISMELL Evaluation on ID 720
Project checkout procedure starting. [0m 
Cloning from URL 'https://github.com/CloudburstMC/Nukkit.git' to path 'cca_workspace_3/Nukkit'. [0m 
Checking out commit '47d54ad26109b5d89936e0d9123c591a99a2cf60'. [0m 
Building the target project Nukkit with maven. [0m 
Build failed. [0m 
For ID 720 the target warning was removed.
Collecting ISMELL Evaluation on ID 721
Project checkout procedure starting. [0m 
Cloning from URL 'https://github.com/wmixvideo/nfe.git' to path 'cca_workspace_3/nfe'. [0m 
Checking out commit 'd0b2ce5ea0749448b1b3dbb9bef88d7eccd05240'. [0m 
Building the target project nfe with maven. [0m 
Build was successful. [0m 
For ID 721 the target warning was removed.
Running tests on the target project nfe with maven. [0m 
Collecting ISMELL Evaluation on ID 722
Project checkout procedure starting. [0m 
Cloning from URL 'https://github.com/opentripplanner/OpenTripPlanner.git' to path 'cca_workspace_3/OpenTripPlanner'. [0m 
Checking out commit 'cc7de54e949771dca9cb7e91b1f0456ae141e9b6'. [0m 
Building the target project OpenTripPlanner with maven. [0m 
Build was successful. [0m 
For ID 722 the target warning was removed.
Running tests on the target project OpenTripPlanner with maven. [0m 
Collecting ISMELL Evaluation on ID 723
Project checkout procedure starting. [0m 
Cloning from URL 'https://github.com/protostuff/protostuff.git' to path 'cca_workspace_3/protostuff'. [0m 
Checking out commit 'eb32eaabd397e7a90eb799ead13eda4d6ea8d1d0'. [0m 
Building the target project protostuff with maven. [0m 
Build was successful. [0m 
For ID 723 the target warning was removed.
Running tests on the target project protostuff with maven. [0m 
Collecting ISMELL Evaluation on ID 724
Project checkout procedure starting. [0m 
Cloning from URL 'https://github.com/kungfoo/geohash-java.git' to path 'cca_workspace_3/geohash-java'. [0m 
Checking out commit '57f317c6c780ddfd0c9adae3a9403eb399d44a91'. [0m 
Building the target project geohash-java with maven. [0m 
Build was successful. [0m 
For ID 724 the target warning was !NOT! removed.
Running tests on the target project geohash-java with maven. [0m 
Collecting ISMELL Evaluation on ID 725
Project checkout procedure starting. [0m 
Cloning from URL 'https://github.com/szhnet/kcp-netty.git' to path 'cca_workspace_3/kcp-netty'. [0m 
Checking out commit '9e98603bd11d58c8d1ca88e520670b884c828e04'. [0m 
Building the target project kcp-netty with maven. [0m 
Build was successful. [0m 
For ID 725 the target warning was !NOT! removed.
Running tests on the target project kcp-netty with maven. [0m 
Collecting ISMELL Evaluation on ID 726
Project checkout procedure starting. [0m 
Cloning from URL 'https://github.com/toolbox4minecraft/amidst.git' to path 'cca_workspace_3/amidst'. [0m 
Checking out commit '2902ca61aa8f28e2e3cd903a732b5d29da93b9e3'. [0m 
Building the target project amidst with maven. [0m 
Build was successful. [0m 
For ID 726 the target warning was removed.
Running tests on the target project amidst with maven. [0m 
Collecting ISMELL Evaluation on ID 727
Project checkout procedure starting. [0m 
Cloning from URL 'https://github.com/protostuff/protostuff.git' to path 'cca_workspace_3/protostuff'. [0m 
Checking out commit 'eb32eaabd397e7a90eb799ead13eda4d6ea8d1d0'. [0m 
Building the target project protostuff with maven. [0m 
Build was successful. [0m 
For ID 727 the target warning was removed.
Running tests on the target project protostuff with maven. [0m 
Collecting ISMELL Evaluation on ID 728
Project checkout procedure starting. [0m 
Cloning from URL 'https://github.com/locationtech/jts.git' to path 'cca_workspace_3/jts'. [0m 
Checking out commit '402acb6e4d8cfb0a1de061811455564176483288'. [0m 
Building the target project jts with maven. [0m 
Build was successful. [0m 
For ID 728 the target warning was removed.
Running tests on the target project jts with maven. [0m 
Collecting ISMELL Evaluation on ID 729
Project checkout procedure starting. [0m 
Cloning from URL 'https://github.com/opentripplanner/OpenTripPlanner.git' to path 'cca_workspace_3/OpenTripPlanner'. [0m 
Checking out commit 'cc7de54e949771dca9cb7e91b1f0456ae141e9b6'. [0m 
Building the target project OpenTripPlanner with maven. [0m 
Build was successful. [0m 
For ID 729 the target warning was removed.
Running tests on the target project OpenTripPlanner with maven. [0m 
Collecting ISMELL Evaluation on ID 730
Project checkout procedure starting. [0m 
Cloning from URL 'https://github.com/lolo101/MsgViewer.git' to path 'cca_workspace_3/MsgViewer'. [0m 
Checking out commit '42266b9a62ec9706b1042f118fd6f57c6f074fd2'. [0m 
Building the target project MsgViewer with maven. [0m 
Build was successful. [0m 
For ID 730 the target warning was removed.
Running tests on the target project MsgViewer with maven. [0m 
Collecting ISMELL Evaluation on ID 731
Project checkout procedure starting. [0m 
Cloning from URL 'https://github.com/locationtech/jts.git' to path 'cca_workspace_3/jts'. [0m 
Checking out commit '402acb6e4d8cfb0a1de061811455564176483288'. [0m 
Building the target project jts with maven. [0m 
Build was successful. [0m 
For ID 731 the target warning was removed.
Running tests on the target project jts with maven. [0m 
Collecting ISMELL Evaluation on ID 732
Project checkout procedure starting. [0m 
Cloning from URL 'https://github.com/lolo101/MsgViewer.git' to path 'cca_workspace_3/MsgViewer'. [0m 
Checking out commit '42266b9a62ec9706b1042f118fd6f57c6f074fd2'. [0m 
Building the target project MsgViewer with maven. [0m 
Build was successful. [0m 
For ID 732 the target warning was removed.
Running tests on the target project MsgViewer with maven. [0m 
Collecting ISMELL Evaluation on ID 733
Project checkout procedure starting. [0m 
Cloning from URL 'https://github.com/lookfirst/sardine.git' to path 'cca_workspace_3/sardine'. [0m 
Checking out commit 'df3d477ecb57529a0741647e8132ab6fcb2f7700'. [0m 
Building the target project sardine with maven. [0m 
Build was successful. [0m 
For ID 733 the target warning was removed.
Running tests on the target project sardine with maven. [0m 
Collecting ISMELL Evaluation on ID 734
Project checkout procedure starting. [0m 
Cloning from URL 'https://github.com/vivo-project/Vitro.git' to path 'cca_workspace_3/Vitro'. [0m 
Checking out commit '119413413a53cd6ebcbff50d3501f32f72aff6f0'. [0m 
Building the target project Vitro with maven. [0m 
Build was successful. [0m 
For ID 734 the target warning was removed.
Running tests on the target project Vitro with maven. [0m 
Collecting ISMELL Evaluation on ID 735
Project checkout procedure starting. [0m 
Cloning from URL 'https://github.com/opentripplanner/OpenTripPlanner.git' to path 'cca_workspace_3/OpenTripPlanner'. [0m 
Checking out commit 'cc7de54e949771dca9cb7e91b1f0456ae141e9b6'. [0m 
Building the target project OpenTripPlanner with maven. [0m 
Build was successful. [0m 
For ID 735 the target warning was removed.
Running tests on the target project OpenTripPlanner with maven. [0m 
Collecting ISMELL Evaluation on ID 736
Project checkout procedure starting. [0m 
Cloning from URL 'https://github.com/lookfirst/sardine.git' to path 'cca_workspace_3/sardine'. [0m 
Checking out commit 'df3d477ecb57529a0741647e8132ab6fcb2f7700'. [0m 
Building the target project sardine with maven. [0m 
Build failed. [0m 
For ID 736 the target warning was removed.
Collecting ISMELL Evaluation on ID 737
Project checkout procedure starting. [0m 
Cloning from URL 'https://github.com/jMetal/jMetal.git' to path 'cca_workspace_3/jMetal'. [0m 
Checking out commit '96751e81882a5c3289d35106eb240cf0f577782d'. [0m 
Building the target project jMetal with maven. [0m 
Build was successful. [0m 
For ID 737 the target warning was removed.
Running tests on the target project jMetal with maven. [0m 
Collecting ISMELL Evaluation on ID 738
Project checkout procedure starting. [0m 
Cloning from URL 'https://github.com/VueGWT/vue-gwt.git' to path 'cca_workspace_3/vue-gwt'. [0m 
Checking out commit 'dc818e0ac31c4fd4254065b50a1d7c59f291ca9d'. [0m 
Building the target project vue-gwt with maven. [0m 
Build was successful. [0m 
For ID 738 the target warning was removed.
Running tests on the target project vue-gwt with maven. [0m 
Collecting ISMELL Evaluation on ID 739
Project checkout procedure starting. [0m 
Cloning from URL 'https://github.com/Esri/geometry-api-java.git' to path 'cca_workspace_3/geometry-api-java'. [0m 
Checking out commit 'a1af6612f4de7fc1baee1c331c335f154a4a96c9'. [0m 
Building the target project geometry-api-java with maven. [0m 
Build failed. [0m 
For ID 739 the target warning was removed.
Collecting ISMELL Evaluation on ID 740
Project checkout procedure starting. [0m 
Cloning from URL 'https://github.com/apache/joshua.git' to path 'cca_workspace_3/joshua'. [0m 
Checking out commit '716cc81aca318f3cb6ed9bd81bd29f043db77eff'. [0m 
Building the target project joshua with maven. [0m 
Build was successful. [0m 
For ID 740 the target warning was removed.
Running tests on the target project joshua with maven. [0m 
Collecting ISMELL Evaluation on ID 741
Project checkout procedure starting. [0m 
Cloning from URL 'https://github.com/miso-lims/miso-lims.git' to path 'cca_workspace_3/miso-lims'. [0m 
Checking out commit 'c2f31c47fef39ae844c66904fa0d8f4df804a524'. [0m 
Building the target project miso-lims with maven. [0m 
Build was successful. [0m 
For ID 741 the target warning was removed.
Running tests on the target project miso-lims with maven. [0m 
Collecting ISMELL Evaluation on ID 742
Project checkout procedure starting. [0m 
Cloning from URL 'https://github.com/protostuff/protostuff.git' to path 'cca_workspace_3/protostuff'. [0m 
Checking out commit 'eb32eaabd397e7a90eb799ead13eda4d6ea8d1d0'. [0m 
Building the target project protostuff with maven. [0m 
Build was successful. [0m 
For ID 742 the target warning was removed.
Running tests on the target project protostuff with maven. [0m 
Collecting ISMELL Evaluation on ID 743
Project checkout procedure starting. [0m 
Cloning from URL 'https://github.com/jMetal/jMetal.git' to path 'cca_workspace_3/jMetal'. [0m 
Checking out commit '96751e81882a5c3289d35106eb240cf0f577782d'. [0m 
Building the target project jMetal with maven. [0m 
Build was successful. [0m 
For ID 743 the target warning was removed.
Running tests on the target project jMetal with maven. [0m 
Collecting ISMELL Evaluation on ID 744
Project checkout procedure starting. [0m 
Cloning from URL 'https://github.com/locationtech/jts.git' to path 'cca_workspace_3/jts'. [0m 
Checking out commit '402acb6e4d8cfb0a1de061811455564176483288'. [0m 
Building the target project jts with maven. [0m 
Build was successful. [0m 
For ID 744 the target warning was removed.
Running tests on the target project jts with maven. [0m 
Collecting ISMELL Evaluation on ID 745
Project checkout procedure starting. [0m 
Cloning from URL 'https://github.com/Esri/spatial-framework-for-hadoop.git' to path 'cca_workspace_3/spatial-framework-for-hadoop'. [0m 
Checking out commit '28cc6ab472711da6c2124ad22bd33caa8a78c77c'. [0m 
Building the target project spatial-framework-for-hadoop with maven. [0m 
Build was successful. [0m 
For ID 745 the target warning was removed.
Running tests on the target project spatial-framework-for-hadoop with maven. [0m 
Collecting ISMELL Evaluation on ID 746
Project checkout procedure starting. [0m 
Cloning from URL 'https://github.com/Esri/geometry-api-java.git' to path 'cca_workspace_3/geometry-api-java'. [0m 
Checking out commit 'a1af6612f4de7fc1baee1c331c335f154a4a96c9'. [0m 
Building the target project geometry-api-java with maven. [0m 
Build was successful. [0m 
For ID 746 the target warning was removed.
Running tests on the target project geometry-api-java with maven. [0m 
Collecting ISMELL Evaluation on ID 747
Project checkout procedure starting. [0m 
Cloning from URL 'https://github.com/google/guava-beta-checker.git' to path 'cca_workspace_3/guava-beta-checker'. [0m 
Checking out commit 'c322cd464a35f3ad44fc0158253bf17808c1ce8c'. [0m 
Building the target project guava-beta-checker with maven. [0m 
Build failed. [0m 
For ID 747 the target warning was !NOT! removed.
Collecting ISMELL Evaluation on ID 748
Project checkout procedure starting. [0m 
Cloning from URL 'https://github.com/opentripplanner/OpenTripPlanner.git' to path 'cca_workspace_3/OpenTripPlanner'. [0m 
Checking out commit 'cc7de54e949771dca9cb7e91b1f0456ae141e9b6'. [0m 
Building the target project OpenTripPlanner with maven. [0m 
Build was successful. [0m 
For ID 748 the target warning was removed.
Running tests on the target project OpenTripPlanner with maven. [0m 
Collecting ISMELL Evaluation on ID 749
Project checkout procedure starting. [0m 
Cloning from URL 'https://github.com/jMetal/jMetal.git' to path 'cca_workspace_3/jMetal'. [0m 
Checking out commit '96751e81882a5c3289d35106eb240cf0f577782d'. [0m 
Building the target project jMetal with maven. [0m 
Build was successful. [0m 
For ID 749 the target warning was removed.
Running tests on the target project jMetal with maven. [0m 
Collecting ISMELL Evaluation on ID 750
Project checkout procedure starting. [0m 
Cloning from URL 'https://github.com/protostuff/protostuff.git' to path 'cca_workspace_3/protostuff'. [0m 
Checking out commit 'eb32eaabd397e7a90eb799ead13eda4d6ea8d1d0'. [0m 
Building the target project protostuff with maven. [0m 
Build was successful. [0m 
For ID 750 the target warning was removed.
Running tests on the target project protostuff with maven. [0m 
Collecting ISMELL Evaluation on ID 751
Project checkout procedure starting. [0m 
Cloning from URL 'https://github.com/aeshell/aesh.git' to path 'cca_workspace_3/aesh'. [0m 
Checking out commit 'cfebb087dc3c2b580bb4c64a46333243a9497192'. [0m 
Building the target project aesh with maven. [0m 
Build was successful. [0m 
For ID 751 the target warning was removed.
Running tests on the target project aesh with maven. [0m 
Collecting ISMELL Evaluation on ID 752
Project checkout procedure starting. [0m 
Cloning from URL 'https://github.com/vdurmont/semver4j.git' to path 'cca_workspace_3/semver4j'. [0m 
Checking out commit '7653e418d610ffcd2811bcb55fd72d00d420950b'. [0m 
Building the target project semver4j with maven. [0m 
Build was successful. [0m 
For ID 752 the target warning was removed.
Running tests on the target project semver4j with maven. [0m 
Collecting ISMELL Evaluation on ID 753
Project checkout procedure starting. [0m 
Cloning from URL 'https://github.com/protostuff/protostuff.git' to path 'cca_workspace_3/protostuff'. [0m 
Checking out commit 'eb32eaabd397e7a90eb799ead13eda4d6ea8d1d0'. [0m 
Building the target project protostuff with maven. [0m 
Build was successful. [0m 
For ID 753 the target warning was removed.
Running tests on the target project protostuff with maven. [0m 
Collecting ISMELL Evaluation on ID 754
Project checkout procedure starting. [0m 
Cloning from URL 'https://github.com/Password4j/password4j.git' to path 'cca_workspace_3/password4j'. [0m 
Checking out commit '722f724f5f59e321eb16e9f46c3033cbd5e80ba9'. [0m 
Building the target project password4j with maven. [0m 
Build was successful. [0m 
For ID 754 the target warning was removed.
Running tests on the target project password4j with maven. [0m 
Collecting ISMELL Evaluation on ID 755
Project checkout procedure starting. [0m 
Cloning from URL 'https://github.com/locationtech/jts.git' to path 'cca_workspace_3/jts'. [0m 
Checking out commit '402acb6e4d8cfb0a1de061811455564176483288'. [0m 
Building the target project jts with maven. [0m 
Build was successful. [0m 
For ID 755 the target warning was !NOT! removed.
Running tests on the target project jts with maven. [0m 
Collecting ISMELL Evaluation on ID 756
Project checkout procedure starting. [0m 
Cloning from URL 'https://github.com/GlenKPeterson/Paguro.git' to path 'cca_workspace_3/Paguro'. [0m 
Checking out commit 'de98375df2dd9c26a8cb618d51862f52c64602af'. [0m 
Building the target project Paguro with maven. [0m 
Build was successful. [0m 
For ID 756 the target warning was removed.
Running tests on the target project Paguro with maven. [0m 
Collecting ISMELL Evaluation on ID 757
Project checkout procedure starting. [0m 
Cloning from URL 'https://github.com/opentripplanner/OpenTripPlanner.git' to path 'cca_workspace_3/OpenTripPlanner'. [0m 
Checking out commit 'cc7de54e949771dca9cb7e91b1f0456ae141e9b6'. [0m 
Building the target project OpenTripPlanner with maven. [0m 
Build was successful. [0m 
For ID 757 the target warning was removed.
Running tests on the target project OpenTripPlanner with maven. [0m 
Collecting ISMELL Evaluation on ID 758
Project checkout procedure starting. [0m 
Cloning from URL 'https://github.com/Esri/geometry-api-java.git' to path 'cca_workspace_3/geometry-api-java'. [0m 
Checking out commit 'a1af6612f4de7fc1baee1c331c335f154a4a96c9'. [0m 
Building the target project geometry-api-java with maven. [0m 
Build failed. [0m 
For ID 758 the target warning was !NOT! removed.
Collecting ISMELL Evaluation on ID 759
Project checkout procedure starting. [0m 
Cloning from URL 'https://github.com/wmixvideo/nfe.git' to path 'cca_workspace_3/nfe'. [0m 
Checking out commit 'd0b2ce5ea0749448b1b3dbb9bef88d7eccd05240'. [0m 
Building the target project nfe with maven. [0m 
Build was successful. [0m 
For ID 759 the target warning was removed.
Running tests on the target project nfe with maven. [0m 
Collecting ISMELL Evaluation on ID 760
Project checkout procedure starting. [0m 
Cloning from URL 'https://github.com/Esri/geometry-api-java.git' to path 'cca_workspace_3/geometry-api-java'. [0m 
Checking out commit 'a1af6612f4de7fc1baee1c331c335f154a4a96c9'. [0m 
Building the target project geometry-api-java with maven. [0m 
Build was successful. [0m 
For ID 760 the target warning was removed.
Running tests on the target project geometry-api-java with maven. [0m 
Collecting ISMELL Evaluation on ID 761
Project checkout procedure starting. [0m 
Cloning from URL 'https://github.com/indvd00m/java-ascii-render.git' to path 'cca_workspace_3/java-ascii-render'. [0m 
Checking out commit '611c08cef73367d6f6d20eb4f8f4721f917a42c6'. [0m 
Building the target project java-ascii-render with maven. [0m 
Build was successful. [0m 
For ID 761 the target warning was removed.
Running tests on the target project java-ascii-render with maven. [0m 
Collecting ISMELL Evaluation on ID 762
Project checkout procedure starting. [0m 
Cloning from URL 'https://github.com/uwolfer/gerrit-rest-java-client.git' to path 'cca_workspace_3/gerrit-rest-java-client'. [0m 
Checking out commit 'de49b4e19572334d60f381955b72e1aa8bbbab49'. [0m 
Building the target project gerrit-rest-java-client with maven. [0m 
Build was successful. [0m 
For ID 762 the target warning was removed.
Running tests on the target project gerrit-rest-java-client with maven. [0m 
Collecting ISMELL Evaluation on ID 763
Project checkout procedure starting. [0m 
Cloning from URL 'https://github.com/mmazi/rescu.git' to path 'cca_workspace_3/rescu'. [0m 
Checking out commit '963e5c2c00ad4a521e0b1876e2aade2cf84866f8'. [0m 
Building the target project rescu with maven. [0m 
Build was successful. [0m 
For ID 763 the target warning was removed.
Running tests on the target project rescu with maven. [0m 
Collecting ISMELL Evaluation on ID 764
Project checkout procedure starting. [0m 
Cloning from URL 'https://github.com/lolo101/MsgViewer.git' to path 'cca_workspace_3/MsgViewer'. [0m 
Checking out commit '42266b9a62ec9706b1042f118fd6f57c6f074fd2'. [0m 
Building the target project MsgViewer with maven. [0m 
Build was successful. [0m 
For ID 764 the target warning was removed.
Running tests on the target project MsgViewer with maven. [0m 
Collecting ISMELL Evaluation on ID 765
Project checkout procedure starting. [0m 
Cloning from URL 'https://github.com/Esri/geometry-api-java.git' to path 'cca_workspace_3/geometry-api-java'. [0m 
Checking out commit 'a1af6612f4de7fc1baee1c331c335f154a4a96c9'. [0m 
Building the target project geometry-api-java with maven. [0m 
Build failed. [0m 
For ID 765 the target warning was removed.
Collecting ISMELL Evaluation on ID 766
Project checkout procedure starting. [0m 
Cloning from URL 'https://github.com/wmixvideo/nfe.git' to path 'cca_workspace_3/nfe'. [0m 
Checking out commit 'd0b2ce5ea0749448b1b3dbb9bef88d7eccd05240'. [0m 
Building the target project nfe with maven. [0m 
Build was successful. [0m 
For ID 766 the target warning was removed.
Running tests on the target project nfe with maven. [0m 
Collecting ISMELL Evaluation on ID 767
Project checkout procedure starting. [0m 
Cloning from URL 'https://github.com/palatable/lambda.git' to path 'cca_workspace_3/lambda'. [0m 
Checking out commit '3f23529573f7a2f7f7a11aca3d9d7e720cf2a15b'. [0m 
Building the target project lambda with maven. [0m 
Build failed. [0m 
For ID 767 the target warning was !NOT! removed.
Collecting ISMELL Evaluation on ID 768
Project checkout procedure starting. [0m 
Cloning from URL 'https://github.com/Esri/geometry-api-java.git' to path 'cca_workspace_3/geometry-api-java'. [0m 
Checking out commit 'a1af6612f4de7fc1baee1c331c335f154a4a96c9'. [0m 
Building the target project geometry-api-java with maven. [0m 
Build was successful. [0m 
For ID 768 the target warning was removed.
Running tests on the target project geometry-api-java with maven. [0m 
Collecting ISMELL Evaluation on ID 769
Project checkout procedure starting. [0m 
Cloning from URL 'https://github.com/Esri/geometry-api-java.git' to path 'cca_workspace_3/geometry-api-java'. [0m 
Checking out commit 'a1af6612f4de7fc1baee1c331c335f154a4a96c9'. [0m 
Building the target project geometry-api-java with maven. [0m 
Build was successful. [0m 
For ID 769 the target warning was removed.
Running tests on the target project geometry-api-java with maven. [0m 
Collecting ISMELL Evaluation on ID 770
Project checkout procedure starting. [0m 
Cloning from URL 'https://github.com/davidmoten/rxjava2-extras.git' to path 'cca_workspace_3/rxjava2-extras'. [0m 
Checking out commit '0d8e7e5cad69fcb6b9667e48e2cb2d0c90b80813'. [0m 
Building the target project rxjava2-extras with maven. [0m 
Build was successful. [0m 
For ID 770 the target warning was removed.
Running tests on the target project rxjava2-extras with maven. [0m 
Collecting ISMELL Evaluation on ID 771
Project checkout procedure starting. [0m 
Cloning from URL 'https://github.com/aeshell/aesh.git' to path 'cca_workspace_3/aesh'. [0m 
Checking out commit 'cfebb087dc3c2b580bb4c64a46333243a9497192'. [0m 
Building the target project aesh with maven. [0m 
Build was successful. [0m 
For ID 771 the target warning was removed.
Running tests on the target project aesh with maven. [0m 
Collecting ISMELL Evaluation on ID 772
Project checkout procedure starting. [0m 
Cloning from URL 'https://github.com/locationtech/jts.git' to path 'cca_workspace_3/jts'. [0m 
Checking out commit '402acb6e4d8cfb0a1de061811455564176483288'. [0m 
Building the target project jts with maven. [0m 
Build was successful. [0m 
For ID 772 the target warning was removed.
Running tests on the target project jts with maven. [0m 
Collecting ISMELL Evaluation on ID 773
Project checkout procedure starting. [0m 
Cloning from URL 'https://github.com/locationtech/jts.git' to path 'cca_workspace_3/jts'. [0m 
Checking out commit '402acb6e4d8cfb0a1de061811455564176483288'. [0m 
Building the target project jts with maven. [0m 
Build was successful. [0m 
For ID 773 the target warning was removed.
Running tests on the target project jts with maven. [0m 
Collecting ISMELL Evaluation on ID 774
Project checkout procedure starting. [0m 
Cloning from URL 'https://github.com/Esri/geometry-api-java.git' to path 'cca_workspace_3/geometry-api-java'. [0m 
Checking out commit 'a1af6612f4de7fc1baee1c331c335f154a4a96c9'. [0m 
Building the target project geometry-api-java with maven. [0m 
Build was successful. [0m 
For ID 774 the target warning was removed.
Running tests on the target project geometry-api-java with maven. [0m 
Collecting ISMELL Evaluation on ID 775
Project checkout procedure starting. [0m 
Cloning from URL 'https://github.com/CloudburstMC/Nukkit.git' to path 'cca_workspace_3/Nukkit'. [0m 
Checking out commit '47d54ad26109b5d89936e0d9123c591a99a2cf60'. [0m 
Building the target project Nukkit with maven. [0m 
Build was successful. [0m 
For ID 775 the target warning was removed.
Running tests on the target project Nukkit with maven. [0m 
Collecting ISMELL Evaluation on ID 776
Project checkout procedure starting. [0m 
Cloning from URL 'https://github.com/Esri/geometry-api-java.git' to path 'cca_workspace_3/geometry-api-java'. [0m 
Checking out commit 'a1af6612f4de7fc1baee1c331c335f154a4a96c9'. [0m 
Building the target project geometry-api-java with maven. [0m 
Build was successful. [0m 
For ID 776 the target warning was removed.
Running tests on the target project geometry-api-java with maven. [0m 
Collecting ISMELL Evaluation on ID 777
Project checkout procedure starting. [0m 
Cloning from URL 'https://github.com/julman99/gson-fire.git' to path 'cca_workspace_3/gson-fire'. [0m 
Checking out commit '5dd4cd703065b0d4127390c6bdec1fb434ebec71'. [0m 
Building the target project gson-fire with maven. [0m 
Build failed. [0m 
For ID 777 the target warning was removed.
Collecting ISMELL Evaluation on ID 778
Project checkout procedure starting. [0m 
Cloning from URL 'https://github.com/mycila/license-maven-plugin.git' to path 'cca_workspace_3/license-maven-plugin'. [0m 
Checking out commit '690a43fac1629c2e1f8be424e3b658d92496bfdf'. [0m 
Building the target project license-maven-plugin with maven. [0m 
Build was successful. [0m 
For ID 778 the target warning was removed.
Running tests on the target project license-maven-plugin with maven. [0m 
Collecting ISMELL Evaluation on ID 779
Project checkout procedure starting. [0m 
Cloning from URL 'https://github.com/toolbox4minecraft/amidst.git' to path 'cca_workspace_3/amidst'. [0m 
Checking out commit '2902ca61aa8f28e2e3cd903a732b5d29da93b9e3'. [0m 
Building the target project amidst with maven. [0m 
Build was successful. [0m 
For ID 779 the target warning was removed.
Running tests on the target project amidst with maven. [0m 
Collecting ISMELL Evaluation on ID 780
Project checkout procedure starting. [0m 
Cloning from URL 'https://github.com/jMetal/jMetal.git' to path 'cca_workspace_3/jMetal'. [0m 
Checking out commit '96751e81882a5c3289d35106eb240cf0f577782d'. [0m 
Building the target project jMetal with maven. [0m 
Build failed. [0m 
For ID 780 the target warning was !NOT! removed.
Collecting ISMELL Evaluation on ID 781
Project checkout procedure starting. [0m 
Cloning from URL 'https://github.com/w3c/epubcheck.git' to path 'cca_workspace_3/epubcheck'. [0m 
Checking out commit '794b7ce290c32ea8c3f4a5e4f441aac11fcf2484'. [0m 
Building the target project epubcheck with maven. [0m 
Build was successful. [0m 
For ID 781 the target warning was removed.
Running tests on the target project epubcheck with maven. [0m 
Collecting ISMELL Evaluation on ID 782
Project checkout procedure starting. [0m 
Cloning from URL 'https://github.com/jMetal/jMetal.git' to path 'cca_workspace_3/jMetal'. [0m 
Checking out commit '96751e81882a5c3289d35106eb240cf0f577782d'. [0m 
Building the target project jMetal with maven. [0m 
Build failed. [0m 
For ID 782 the target warning was removed.
Collecting ISMELL Evaluation on ID 783
Project checkout procedure starting. [0m 
Cloning from URL 'https://github.com/spotify/annoy-java.git' to path 'cca_workspace_3/annoy-java'. [0m 
Checking out commit 'aef275bd5b872b0931bde557bf8627c0476246af'. [0m 
Building the target project annoy-java with maven. [0m 
Build was successful. [0m 
For ID 783 the target warning was removed.
Running tests on the target project annoy-java with maven. [0m 
Collecting ISMELL Evaluation on ID 784
Project checkout procedure starting. [0m 
Cloning from URL 'https://github.com/jMetal/jMetal.git' to path 'cca_workspace_3/jMetal'. [0m 
Checking out commit '96751e81882a5c3289d35106eb240cf0f577782d'. [0m 
Building the target project jMetal with maven. [0m 
Build was successful. [0m 
For ID 784 the target warning was removed.
Running tests on the target project jMetal with maven. [0m 
Collecting ISMELL Evaluation on ID 785
Project checkout procedure starting. [0m 
Cloning from URL 'https://github.com/protostuff/protostuff.git' to path 'cca_workspace_3/protostuff'. [0m 
Checking out commit 'eb32eaabd397e7a90eb799ead13eda4d6ea8d1d0'. [0m 
Building the target project protostuff with maven. [0m 
Build was successful. [0m 
For ID 785 the target warning was removed.
Running tests on the target project protostuff with maven. [0m 
Collecting ISMELL Evaluation on ID 786
Project checkout procedure starting. [0m 
Cloning from URL 'https://github.com/palatable/lambda.git' to path 'cca_workspace_3/lambda'. [0m 
Checking out commit '3f23529573f7a2f7f7a11aca3d9d7e720cf2a15b'. [0m 
Building the target project lambda with maven. [0m 
Build was successful. [0m 
For ID 786 the target warning was removed.
Running tests on the target project lambda with maven. [0m 
Collecting ISMELL Evaluation on ID 787
Project checkout procedure starting. [0m 
Cloning from URL 'https://github.com/apache/joshua.git' to path 'cca_workspace_3/joshua'. [0m 
Checking out commit '716cc81aca318f3cb6ed9bd81bd29f043db77eff'. [0m 
Building the target project joshua with maven. [0m 
Build was successful. [0m 
For ID 787 the target warning was removed.
Running tests on the target project joshua with maven. [0m 
Collecting ISMELL Evaluation on ID 788
Project checkout procedure starting. [0m 
Cloning from URL 'https://github.com/locationtech/jts.git' to path 'cca_workspace_3/jts'. [0m 
Checking out commit '402acb6e4d8cfb0a1de061811455564176483288'. [0m 
Building the target project jts with maven. [0m 
Build was successful. [0m 
For ID 788 the target warning was removed.
Running tests on the target project jts with maven. [0m 
Collecting ISMELL Evaluation on ID 789
Project checkout procedure starting. [0m 
Cloning from URL 'https://github.com/locationtech/jts.git' to path 'cca_workspace_3/jts'. [0m 
Checking out commit '402acb6e4d8cfb0a1de061811455564176483288'. [0m 
Building the target project jts with maven. [0m 
Build was successful. [0m 
For ID 789 the target warning was removed.
Running tests on the target project jts with maven. [0m 
Collecting ISMELL Evaluation on ID 790
Project checkout procedure starting. [0m 
Cloning from URL 'https://github.com/vivo-project/Vitro.git' to path 'cca_workspace_3/Vitro'. [0m 
Checking out commit '119413413a53cd6ebcbff50d3501f32f72aff6f0'. [0m 
Building the target project Vitro with maven. [0m 
Build was successful. [0m 
For ID 790 the target warning was removed.
Running tests on the target project Vitro with maven. [0m 
Collecting ISMELL Evaluation on ID 791
Project checkout procedure starting. [0m 
Cloning from URL 'https://github.com/uwolfer/gerrit-rest-java-client.git' to path 'cca_workspace_3/gerrit-rest-java-client'. [0m 
Checking out commit 'de49b4e19572334d60f381955b72e1aa8bbbab49'. [0m 
Building the target project gerrit-rest-java-client with maven. [0m 
Build was successful. [0m 
For ID 791 the target warning was removed.
Running tests on the target project gerrit-rest-java-client with maven. [0m 
Collecting ISMELL Evaluation on ID 792
Project checkout procedure starting. [0m 
Cloning from URL 'https://github.com/Esri/geometry-api-java.git' to path 'cca_workspace_3/geometry-api-java'. [0m 
Checking out commit 'a1af6612f4de7fc1baee1c331c335f154a4a96c9'. [0m 
Building the target project geometry-api-java with maven. [0m 
Build failed. [0m 
For ID 792 the target warning was removed.
Collecting ISMELL Evaluation on ID 793
Project checkout procedure starting. [0m 
Cloning from URL 'https://github.com/uwolfer/gerrit-rest-java-client.git' to path 'cca_workspace_3/gerrit-rest-java-client'. [0m 
Checking out commit 'de49b4e19572334d60f381955b72e1aa8bbbab49'. [0m 
Building the target project gerrit-rest-java-client with maven. [0m 
Build was successful. [0m 
For ID 793 the target warning was removed.
Running tests on the target project gerrit-rest-java-client with maven. [0m 
Collecting ISMELL Evaluation on ID 794
Project checkout procedure starting. [0m 
Cloning from URL 'https://github.com/mguymon/model-citizen.git' to path 'cca_workspace_3/model-citizen'. [0m 
Checking out commit '5d7f40e08de506f489852c4e5cbcd181ee47f704'. [0m 
Building the target project model-citizen with maven. [0m 
Build failed. [0m 
For ID 794 the target warning was removed.
Collecting ISMELL Evaluation on ID 795
Project checkout procedure starting. [0m 
Cloning from URL 'https://github.com/javabeanz/owasp-security-logging.git' to path 'cca_workspace_3/owasp-security-logging'. [0m 
Checking out commit '35a674c9be1d751191f45ea2a89dd1c1ca7b4368'. [0m 
Building the target project owasp-security-logging with maven. [0m 
Build was successful. [0m 
For ID 795 the target warning was removed.
Running tests on the target project owasp-security-logging with maven. [0m 
Collecting ISMELL Evaluation on ID 796
Project checkout procedure starting. [0m 
Cloning from URL 'https://github.com/movsim/movsim.git' to path 'cca_workspace_3/movsim'. [0m 
Checking out commit '24d4f4b83a7d2e14f16419fbf7ce05cb019c8066'. [0m 
Building the target project movsim with maven. [0m 
Build was successful. [0m 
For ID 796 the target warning was removed.
Running tests on the target project movsim with maven. [0m 
Collecting ISMELL Evaluation on ID 797
Project checkout procedure starting. [0m 
Cloning from URL 'https://github.com/rest-driver/rest-driver.git' to path 'cca_workspace_3/rest-driver'. [0m 
Checking out commit 'b4f3dc9797a757d039b5bdd5563058210808d648'. [0m 
Building the target project rest-driver with maven. [0m 
Build was successful. [0m 
For ID 797 the target warning was removed.
Running tests on the target project rest-driver with maven. [0m 
Collecting ISMELL Evaluation on ID 798
Project checkout procedure starting. [0m 
Cloning from URL 'https://github.com/miso-lims/miso-lims.git' to path 'cca_workspace_3/miso-lims'. [0m 
Checking out commit 'c2f31c47fef39ae844c66904fa0d8f4df804a524'. [0m 
Building the target project miso-lims with maven. [0m 
Build was successful. [0m 
For ID 798 the target warning was removed.
Running tests on the target project miso-lims with maven. [0m 
Collecting ISMELL Evaluation on ID 799
Project checkout procedure starting. [0m 
Cloning from URL 'https://github.com/uwolfer/gerrit-rest-java-client.git' to path 'cca_workspace_3/gerrit-rest-java-client'. [0m 
Checking out commit 'de49b4e19572334d60f381955b72e1aa8bbbab49'. [0m 
Building the target project gerrit-rest-java-client with maven. [0m 
Build was successful. [0m 
For ID 799 the target warning was removed.
Running tests on the target project gerrit-rest-java-client with maven. [0m 
Collecting ISMELL Evaluation on ID 800
Project checkout procedure starting. [0m 
Cloning from URL 'https://github.com/CloudburstMC/Nukkit.git' to path 'cca_workspace_3/Nukkit'. [0m 
Checking out commit '47d54ad26109b5d89936e0d9123c591a99a2cf60'. [0m 
Building the target project Nukkit with maven. [0m 
Build failed. [0m 
For ID 800 the target warning was removed.
End time: 1769772696199042291
Time needed: 5847969917259
Time per instance: 5847969917.259
