Start time: 1769766882647688602
Collecting ISMELL Evaluation on ID 801
Project checkout procedure starting. [0m 
Cloning from URL 'https://github.com/Esri/geometry-api-java.git' to path 'cca_workspace_4/geometry-api-java'. [0m 
Checking out commit 'a1af6612f4de7fc1baee1c331c335f154a4a96c9'. [0m 
Building the target project geometry-api-java with maven. [0m 
Build failed. [0m 
For ID 801 the target warning was removed.
Collecting ISMELL Evaluation on ID 802
Project checkout procedure starting. [0m 
Cloning from URL 'https://github.com/MutabilityDetector/MutabilityDetector.git' to path 'cca_workspace_4/MutabilityDetector'. [0m 
Checking out commit 'ac1bc226e109b21bf92e74dd76d77e2f1a6a929d'. [0m 
Building the target project MutabilityDetector with maven. [0m 
Build was successful. [0m 
For ID 802 the target warning was removed.
Running tests on the target project MutabilityDetector with maven. [0m 
Collecting ISMELL Evaluation on ID 803
Project checkout procedure starting. [0m 
Cloning from URL 'https://github.com/wmixvideo/nfe.git' to path 'cca_workspace_4/nfe'. [0m 
Checking out commit 'd0b2ce5ea0749448b1b3dbb9bef88d7eccd05240'. [0m 
Building the target project nfe with maven. [0m 
Build failed. [0m 
For ID 803 the target warning was removed.
Collecting ISMELL Evaluation on ID 804
Project checkout procedure starting. [0m 
Cloning from URL 'https://github.com/Esri/geometry-api-java.git' to path 'cca_workspace_4/geometry-api-java'. [0m 
Checking out commit 'a1af6612f4de7fc1baee1c331c335f154a4a96c9'. [0m 
Building the target project geometry-api-java with maven. [0m 
Build was successful. [0m 
For ID 804 the target warning was !NOT! removed.
Running tests on the target project geometry-api-java with maven. [0m 
Collecting ISMELL Evaluation on ID 805
Project checkout procedure starting. [0m 
Cloning from URL 'https://github.com/Esri/geometry-api-java.git' to path 'cca_workspace_4/geometry-api-java'. [0m 
Checking out commit 'a1af6612f4de7fc1baee1c331c335f154a4a96c9'. [0m 
Building the target project geometry-api-java with maven. [0m 
Build was successful. [0m 
For ID 805 the target warning was removed.
Running tests on the target project geometry-api-java with maven. [0m 
Collecting ISMELL Evaluation on ID 806
Project checkout procedure starting. [0m 
Cloning from URL 'https://github.com/toolbox4minecraft/amidst.git' to path 'cca_workspace_4/amidst'. [0m 
Checking out commit '2902ca61aa8f28e2e3cd903a732b5d29da93b9e3'. [0m 
Building the target project amidst with maven. [0m 
Build failed. [0m 
For ID 806 the target warning was !NOT! removed.
Collecting ISMELL Evaluation on ID 807
Project checkout procedure starting. [0m 
Cloning from URL 'https://github.com/locationtech/jts.git' to path 'cca_workspace_4/jts'. [0m 
Checking out commit '402acb6e4d8cfb0a1de061811455564176483288'. [0m 
Building the target project jts with maven. [0m 
Build was successful. [0m 
For ID 807 the target warning was removed.
Running tests on the target project jts with maven. [0m 
Collecting ISMELL Evaluation on ID 808
Project checkout procedure starting. [0m 
Cloning from URL 'https://github.com/vivo-project/Vitro.git' to path 'cca_workspace_4/Vitro'. [0m 
Checking out commit '119413413a53cd6ebcbff50d3501f32f72aff6f0'. [0m 
Building the target project Vitro with maven. [0m 
Build was successful. [0m 
For ID 808 the target warning was !NOT! removed.
Running tests on the target project Vitro with maven. [0m 
Collecting ISMELL Evaluation on ID 809
Project checkout procedure starting. [0m 
Cloning from URL 'https://github.com/xerial/sqlite-jdbc.git' to path 'cca_workspace_4/sqlite-jdbc'. [0m 
Checking out commit '6ca62fd07bf7faf58e923ba8651757621ffc693c'. [0m 
Building the target project sqlite-jdbc with maven. [0m 
Build was successful. [0m 
For ID 809 the target warning was removed.
Running tests on the target project sqlite-jdbc with maven. [0m 
Collecting ISMELL Evaluation on ID 810
Project checkout procedure starting. [0m 
Cloning from URL 'https://github.com/opentripplanner/OpenTripPlanner.git' to path 'cca_workspace_4/OpenTripPlanner'. [0m 
Checking out commit 'cc7de54e949771dca9cb7e91b1f0456ae141e9b6'. [0m 
Building the target project OpenTripPlanner with maven. [0m 
Build failed. [0m 
For ID 810 the target warning was removed.
Collecting ISMELL Evaluation on ID 811
Project checkout procedure starting. [0m 
Cloning from URL 'https://github.com/Esri/geometry-api-java.git' to path 'cca_workspace_4/geometry-api-java'. [0m 
Checking out commit 'a1af6612f4de7fc1baee1c331c335f154a4a96c9'. [0m 
Building the target project geometry-api-java with maven. [0m 
Build was successful. [0m 
For ID 811 the target warning was removed.
Running tests on the target project geometry-api-java with maven. [0m 
Collecting ISMELL Evaluation on ID 812
Project checkout procedure starting. [0m 
Cloning from URL 'https://github.com/protostuff/protostuff.git' to path 'cca_workspace_4/protostuff'. [0m 
Checking out commit 'eb32eaabd397e7a90eb799ead13eda4d6ea8d1d0'. [0m 
Building the target project protostuff with maven. [0m 
Build was successful. [0m 
For ID 812 the target warning was !NOT! removed.
Running tests on the target project protostuff with maven. [0m 
Collecting ISMELL Evaluation on ID 813
Project checkout procedure starting. [0m 
Cloning from URL 'https://github.com/locationtech/jts.git' to path 'cca_workspace_4/jts'. [0m 
Checking out commit '402acb6e4d8cfb0a1de061811455564176483288'. [0m 
Building the target project jts with maven. [0m 
Build was successful. [0m 
For ID 813 the target warning was removed.
Running tests on the target project jts with maven. [0m 
Collecting ISMELL Evaluation on ID 814
Project checkout procedure starting. [0m 
Cloning from URL 'https://github.com/Esri/geometry-api-java.git' to path 'cca_workspace_4/geometry-api-java'. [0m 
Checking out commit 'a1af6612f4de7fc1baee1c331c335f154a4a96c9'. [0m 
Building the target project geometry-api-java with maven. [0m 
Build failed. [0m 
For ID 814 the target warning was removed.
Collecting ISMELL Evaluation on ID 815
Project checkout procedure starting. [0m 
Cloning from URL 'https://github.com/uwolfer/gerrit-rest-java-client.git' to path 'cca_workspace_4/gerrit-rest-java-client'. [0m 
Checking out commit 'de49b4e19572334d60f381955b72e1aa8bbbab49'. [0m 
Building the target project gerrit-rest-java-client with maven. [0m 
Build was successful. [0m 
For ID 815 the target warning was removed.
Running tests on the target project gerrit-rest-java-client with maven. [0m 
Collecting ISMELL Evaluation on ID 816
Project checkout procedure starting. [0m 
Cloning from URL 'https://github.com/jMetal/jMetal.git' to path 'cca_workspace_4/jMetal'. [0m 
Checking out commit '96751e81882a5c3289d35106eb240cf0f577782d'. [0m 
Building the target project jMetal with maven. [0m 
Build was successful. [0m 
For ID 816 the target warning was removed.
Running tests on the target project jMetal with maven. [0m 
Collecting ISMELL Evaluation on ID 817
Project checkout procedure starting. [0m 
Cloning from URL 'https://github.com/Wikidata/Wikidata-Toolkit.git' to path 'cca_workspace_4/Wikidata-Toolkit'. [0m 
Checking out commit '8400cdd50528f0d21eea93bacf5998ba950b30ce'. [0m 
Building the target project Wikidata-Toolkit with maven. [0m 
Build was successful. [0m 
For ID 817 the target warning was !NOT! removed.
Running tests on the target project Wikidata-Toolkit with maven. [0m 
Collecting ISMELL Evaluation on ID 818
Project checkout procedure starting. [0m 
Cloning from URL 'https://github.com/jMetal/jMetal.git' to path 'cca_workspace_4/jMetal'. [0m 
Checking out commit '96751e81882a5c3289d35106eb240cf0f577782d'. [0m 
Building the target project jMetal with maven. [0m 
Build was successful. [0m 
For ID 818 the target warning was removed.
Running tests on the target project jMetal with maven. [0m 
Collecting ISMELL Evaluation on ID 819
Project checkout procedure starting. [0m 
Cloning from URL 'https://github.com/Esri/geometry-api-java.git' to path 'cca_workspace_4/geometry-api-java'. [0m 
Checking out commit 'a1af6612f4de7fc1baee1c331c335f154a4a96c9'. [0m 
Building the target project geometry-api-java with maven. [0m 
Build was successful. [0m 
For ID 819 the target warning was removed.
Running tests on the target project geometry-api-java with maven. [0m 
Collecting ISMELL Evaluation on ID 820
Project checkout procedure starting. [0m 
Cloning from URL 'https://github.com/vivo-project/Vitro.git' to path 'cca_workspace_4/Vitro'. [0m 
Checking out commit '119413413a53cd6ebcbff50d3501f32f72aff6f0'. [0m 
Building the target project Vitro with maven. [0m 
Build was successful. [0m 
For ID 820 the target warning was removed.
Running tests on the target project Vitro with maven. [0m 
Collecting ISMELL Evaluation on ID 821
Project checkout procedure starting. [0m 
Cloning from URL 'https://github.com/3breadt/dd-plist.git' to path 'cca_workspace_4/dd-plist'. [0m 
Checking out commit '91f8ba7fd92a9a503484a540e5fd3e03f411d98a'. [0m 
Building the target project dd-plist with maven. [0m 
Build failed. [0m 
For ID 821 the target warning was removed.
Collecting ISMELL Evaluation on ID 822
Project checkout procedure starting. [0m 
Cloning from URL 'https://github.com/locationtech/jts.git' to path 'cca_workspace_4/jts'. [0m 
Checking out commit '402acb6e4d8cfb0a1de061811455564176483288'. [0m 
Building the target project jts with maven. [0m 
Build was successful. [0m 
For ID 822 the target warning was removed.
Running tests on the target project jts with maven. [0m 
Collecting ISMELL Evaluation on ID 823
Project checkout procedure starting. [0m 
Cloning from URL 'https://github.com/jMetal/jMetal.git' to path 'cca_workspace_4/jMetal'. [0m 
Checking out commit '96751e81882a5c3289d35106eb240cf0f577782d'. [0m 
Building the target project jMetal with maven. [0m 
Build was successful. [0m 
For ID 823 the target warning was removed.
Running tests on the target project jMetal with maven. [0m 
Collecting ISMELL Evaluation on ID 824
Project checkout procedure starting. [0m 
Cloning from URL 'https://github.com/vivo-project/Vitro.git' to path 'cca_workspace_4/Vitro'. [0m 
Checking out commit '119413413a53cd6ebcbff50d3501f32f72aff6f0'. [0m 
Building the target project Vitro with maven. [0m 
Build was successful. [0m 
For ID 824 the target warning was removed.
Running tests on the target project Vitro with maven. [0m 
Collecting ISMELL Evaluation on ID 825
Project checkout procedure starting. [0m 
Cloning from URL 'https://github.com/google/google-java-format.git' to path 'cca_workspace_4/google-java-format'. [0m 
Checking out commit '93d649d0fbc07fc604f7b47b3098cf6e1df521de'. [0m 
Building the target project google-java-format with maven. [0m 
Build was successful. [0m 
For ID 825 the target warning was removed.
Running tests on the target project google-java-format with maven. [0m 
Collecting ISMELL Evaluation on ID 826
Project checkout procedure starting. [0m 
Cloning from URL 'https://github.com/apache/joshua.git' to path 'cca_workspace_4/joshua'. [0m 
Checking out commit '716cc81aca318f3cb6ed9bd81bd29f043db77eff'. [0m 
Building the target project joshua with maven. [0m 
Build was successful. [0m 
For ID 826 the target warning was removed.
Running tests on the target project joshua with maven. [0m 
Collecting ISMELL Evaluation on ID 827
Project checkout procedure starting. [0m 
Cloning from URL 'https://github.com/NLPchina/nlp-lang.git' to path 'cca_workspace_4/nlp-lang'. [0m 
Checking out commit 'a501d574fdac7b0be76b2d6465a549db73597d6e'. [0m 
Building the target project nlp-lang with maven. [0m 
Build was successful. [0m 
For ID 827 the target warning was removed.
Running tests on the target project nlp-lang with maven. [0m 
Collecting ISMELL Evaluation on ID 828
Project checkout procedure starting. [0m 
Cloning from URL 'https://github.com/locationtech/jts.git' to path 'cca_workspace_4/jts'. [0m 
Checking out commit '402acb6e4d8cfb0a1de061811455564176483288'. [0m 
Building the target project jts with maven. [0m 
Build was successful. [0m 
For ID 828 the target warning was removed.
Running tests on the target project jts with maven. [0m 
Collecting ISMELL Evaluation on ID 829
Project checkout procedure starting. [0m 
Cloning from URL 'https://github.com/vivo-project/Vitro.git' to path 'cca_workspace_4/Vitro'. [0m 
Checking out commit '119413413a53cd6ebcbff50d3501f32f72aff6f0'. [0m 
Building the target project Vitro with maven. [0m 
Build was successful. [0m 
For ID 829 the target warning was removed.
Running tests on the target project Vitro with maven. [0m 
Collecting ISMELL Evaluation on ID 830
Project checkout procedure starting. [0m 
Cloning from URL 'https://github.com/Esri/spatial-framework-for-hadoop.git' to path 'cca_workspace_4/spatial-framework-for-hadoop'. [0m 
Checking out commit '28cc6ab472711da6c2124ad22bd33caa8a78c77c'. [0m 
Building the target project spatial-framework-for-hadoop with maven. [0m 
Build was successful. [0m 
For ID 830 the target warning was removed.
Running tests on the target project spatial-framework-for-hadoop with maven. [0m 
Collecting ISMELL Evaluation on ID 831
Project checkout procedure starting. [0m 
Cloning from URL 'https://github.com/palatable/lambda.git' to path 'cca_workspace_4/lambda'. [0m 
Checking out commit '3f23529573f7a2f7f7a11aca3d9d7e720cf2a15b'. [0m 
Building the target project lambda with maven. [0m 
Build was successful. [0m 
For ID 831 the target warning was removed.
Running tests on the target project lambda with maven. [0m 
Collecting ISMELL Evaluation on ID 832
Project checkout procedure starting. [0m 
Cloning from URL 'https://github.com/Esri/geometry-api-java.git' to path 'cca_workspace_4/geometry-api-java'. [0m 
Checking out commit 'a1af6612f4de7fc1baee1c331c335f154a4a96c9'. [0m 
Building the target project geometry-api-java with maven. [0m 
Build failed. [0m 
For ID 832 the target warning was removed.
Collecting ISMELL Evaluation on ID 833
Project checkout procedure starting. [0m 
Cloning from URL 'https://github.com/wmixvideo/nfe.git' to path 'cca_workspace_4/nfe'. [0m 
Checking out commit 'd0b2ce5ea0749448b1b3dbb9bef88d7eccd05240'. [0m 
Building the target project nfe with maven. [0m 
Build failed. [0m 
For ID 833 the target warning was removed.
Collecting ISMELL Evaluation on ID 834
Project checkout procedure starting. [0m 
Cloning from URL 'https://github.com/aeshell/aesh.git' to path 'cca_workspace_4/aesh'. [0m 
Checking out commit 'cfebb087dc3c2b580bb4c64a46333243a9497192'. [0m 
Building the target project aesh with maven. [0m 
Build was successful. [0m 
For ID 834 the target warning was removed.
Running tests on the target project aesh with maven. [0m 
Collecting ISMELL Evaluation on ID 835
Project checkout procedure starting. [0m 
Cloning from URL 'https://github.com/apache/joshua.git' to path 'cca_workspace_4/joshua'. [0m 
Checking out commit '716cc81aca318f3cb6ed9bd81bd29f043db77eff'. [0m 
Building the target project joshua with maven. [0m 
Build was successful. [0m 
For ID 835 the target warning was removed.
Running tests on the target project joshua with maven. [0m 
Collecting ISMELL Evaluation on ID 836
Project checkout procedure starting. [0m 
Cloning from URL 'https://github.com/Esri/geometry-api-java.git' to path 'cca_workspace_4/geometry-api-java'. [0m 
Checking out commit 'a1af6612f4de7fc1baee1c331c335f154a4a96c9'. [0m 
Building the target project geometry-api-java with maven. [0m 
Build was successful. [0m 
For ID 836 the target warning was !NOT! removed.
Running tests on the target project geometry-api-java with maven. [0m 
Collecting ISMELL Evaluation on ID 837
Project checkout procedure starting. [0m 
Cloning from URL 'https://github.com/protostuff/protostuff.git' to path 'cca_workspace_4/protostuff'. [0m 
Checking out commit 'eb32eaabd397e7a90eb799ead13eda4d6ea8d1d0'. [0m 
Building the target project protostuff with maven. [0m 
Build was successful. [0m 
For ID 837 the target warning was removed.
Running tests on the target project protostuff with maven. [0m 
Collecting ISMELL Evaluation on ID 838
Project checkout procedure starting. [0m 
Cloning from URL 'https://github.com/locationtech/jts.git' to path 'cca_workspace_4/jts'. [0m 
Checking out commit '402acb6e4d8cfb0a1de061811455564176483288'. [0m 
Building the target project jts with maven. [0m 
Build was successful. [0m 
For ID 838 the target warning was removed.
Running tests on the target project jts with maven. [0m 
Collecting ISMELL Evaluation on ID 839
Project checkout procedure starting. [0m 
Cloning from URL 'https://github.com/locationtech/jts.git' to path 'cca_workspace_4/jts'. [0m 
Checking out commit '402acb6e4d8cfb0a1de061811455564176483288'. [0m 
Building the target project jts with maven. [0m 
Build was successful. [0m 
For ID 839 the target warning was removed.
Running tests on the target project jts with maven. [0m 
Collecting ISMELL Evaluation on ID 840
Project checkout procedure starting. [0m 
Cloning from URL 'https://github.com/danfickle/openhtmltopdf.git' to path 'cca_workspace_4/openhtmltopdf'. [0m 
Checking out commit '0dcb7e4b8c80d0fbf6d21f970ccab7a701221b5d'. [0m 
Building the target project openhtmltopdf with maven. [0m 
Build failed. [0m 
For ID 840 the target warning was removed.
Collecting ISMELL Evaluation on ID 841
Project checkout procedure starting. [0m 
Cloning from URL 'https://github.com/ontodev/robot.git' to path 'cca_workspace_4/robot'. [0m 
Checking out commit '8a9313440fb18819dd4db29b9bae6da435e9dc74'. [0m 
Building the target project robot with maven. [0m 
Build was successful. [0m 
For ID 841 the target warning was removed.
Running tests on the target project robot with maven. [0m 
Collecting ISMELL Evaluation on ID 842
Project checkout procedure starting. [0m 
Cloning from URL 'https://github.com/xerial/sqlite-jdbc.git' to path 'cca_workspace_4/sqlite-jdbc'. [0m 
Checking out commit '6ca62fd07bf7faf58e923ba8651757621ffc693c'. [0m 
Building the target project sqlite-jdbc with maven. [0m 
Build was successful. [0m 
For ID 842 the target warning was removed.
Running tests on the target project sqlite-jdbc with maven. [0m 
Collecting ISMELL Evaluation on ID 843
Project checkout procedure starting. [0m 
Cloning from URL 'https://github.com/CloudburstMC/Nukkit.git' to path 'cca_workspace_4/Nukkit'. [0m 
Checking out commit '47d54ad26109b5d89936e0d9123c591a99a2cf60'. [0m 
Building the target project Nukkit with maven. [0m 
Build failed. [0m 
For ID 843 the target warning was removed.
Collecting ISMELL Evaluation on ID 844
Project checkout procedure starting. [0m 
Cloning from URL 'https://github.com/vivo-project/Vitro.git' to path 'cca_workspace_4/Vitro'. [0m 
Checking out commit '119413413a53cd6ebcbff50d3501f32f72aff6f0'. [0m 
Building the target project Vitro with maven. [0m 
Build was successful. [0m 
For ID 844 the target warning was removed.
Running tests on the target project Vitro with maven. [0m 
Collecting ISMELL Evaluation on ID 845
Project checkout procedure starting. [0m 
Cloning from URL 'https://github.com/lolo101/MsgViewer.git' to path 'cca_workspace_4/MsgViewer'. [0m 
Checking out commit '42266b9a62ec9706b1042f118fd6f57c6f074fd2'. [0m 
Building the target project MsgViewer with maven. [0m 
Build failed. [0m 
For ID 845 the target warning was removed.
Collecting ISMELL Evaluation on ID 846
Project checkout procedure starting. [0m 
Cloning from URL 'https://github.com/GlenKPeterson/Paguro.git' to path 'cca_workspace_4/Paguro'. [0m 
Checking out commit 'de98375df2dd9c26a8cb618d51862f52c64602af'. [0m 
Building the target project Paguro with maven. [0m 
Build failed. [0m 
For ID 846 the target warning was !NOT! removed.
Collecting ISMELL Evaluation on ID 847
Project checkout procedure starting. [0m 
Cloning from URL 'https://github.com/tkaczmarzyk/specification-arg-resolver.git' to path 'cca_workspace_4/specification-arg-resolver'. [0m 
Checking out commit '52fe8d284f687ec86fea91b48f47d61dc6b32510'. [0m 
Building the target project specification-arg-resolver with maven. [0m 
Build was successful. [0m 
For ID 847 the target warning was removed.
Running tests on the target project specification-arg-resolver with maven. [0m 
Collecting ISMELL Evaluation on ID 848
Project checkout procedure starting. [0m 
Cloning from URL 'https://github.com/protostuff/protostuff.git' to path 'cca_workspace_4/protostuff'. [0m 
Checking out commit 'eb32eaabd397e7a90eb799ead13eda4d6ea8d1d0'. [0m 
Building the target project protostuff with maven. [0m 
Build was successful. [0m 
For ID 848 the target warning was !NOT! removed.
Running tests on the target project protostuff with maven. [0m 
Collecting ISMELL Evaluation on ID 849
Project checkout procedure starting. [0m 
Cloning from URL 'https://github.com/apache/joshua.git' to path 'cca_workspace_4/joshua'. [0m 
Checking out commit '716cc81aca318f3cb6ed9bd81bd29f043db77eff'. [0m 
Building the target project joshua with maven. [0m 
Build was successful. [0m 
For ID 849 the target warning was removed.
Running tests on the target project joshua with maven. [0m 
Collecting ISMELL Evaluation on ID 850
Project checkout procedure starting. [0m 
Cloning from URL 'https://github.com/Wikidata/Wikidata-Toolkit.git' to path 'cca_workspace_4/Wikidata-Toolkit'. [0m 
Checking out commit '8400cdd50528f0d21eea93bacf5998ba950b30ce'. [0m 
Building the target project Wikidata-Toolkit with maven. [0m 
Build was successful. [0m 
For ID 850 the target warning was removed.
Running tests on the target project Wikidata-Toolkit with maven. [0m 
Collecting ISMELL Evaluation on ID 851
Project checkout procedure starting. [0m 
Cloning from URL 'https://github.com/maxcom/lorsource.git' to path 'cca_workspace_4/lorsource'. [0m 
Checking out commit 'd195bea72c60acd4a0f4ec48a7374ca4ea6c47d8'. [0m 
Building the target project lorsource with maven. [0m 
Build was successful. [0m 
For ID 851 the target warning was removed.
Running tests on the target project lorsource with maven. [0m 
Collecting ISMELL Evaluation on ID 852
Project checkout procedure starting. [0m 
Cloning from URL 'https://github.com/hcoles/pitest.git' to path 'cca_workspace_4/pitest'. [0m 
Checking out commit 'b3d752994e4e0234bb9494e739b1960240f1f9d3'. [0m 
Building the target project pitest with maven. [0m 
Build was successful. [0m 
For ID 852 the target warning was removed.
Running tests on the target project pitest with maven. [0m 
Collecting ISMELL Evaluation on ID 853
Project checkout procedure starting. [0m 
Cloning from URL 'https://github.com/CloudburstMC/Nukkit.git' to path 'cca_workspace_4/Nukkit'. [0m 
Checking out commit '47d54ad26109b5d89936e0d9123c591a99a2cf60'. [0m 
Building the target project Nukkit with maven. [0m 
Build was successful. [0m 
For ID 853 the target warning was removed.
Running tests on the target project Nukkit with maven. [0m 
Collecting ISMELL Evaluation on ID 854
Project checkout procedure starting. [0m 
Cloning from URL 'https://github.com/danfickle/openhtmltopdf.git' to path 'cca_workspace_4/openhtmltopdf'. [0m 
Checking out commit '0dcb7e4b8c80d0fbf6d21f970ccab7a701221b5d'. [0m 
Building the target project openhtmltopdf with maven. [0m 
Build was successful. [0m 
For ID 854 the target warning was removed.
Running tests on the target project openhtmltopdf with maven. [0m 
Collecting ISMELL Evaluation on ID 855
Project checkout procedure starting. [0m 
Cloning from URL 'https://github.com/Esri/geometry-api-java.git' to path 'cca_workspace_4/geometry-api-java'. [0m 
Checking out commit 'a1af6612f4de7fc1baee1c331c335f154a4a96c9'. [0m 
Building the target project geometry-api-java with maven. [0m 
Build was successful. [0m 
For ID 855 the target warning was removed.
Running tests on the target project geometry-api-java with maven. [0m 
Collecting ISMELL Evaluation on ID 856
Project checkout procedure starting. [0m 
Cloning from URL 'https://github.com/locationtech/jts.git' to path 'cca_workspace_4/jts'. [0m 
Checking out commit '402acb6e4d8cfb0a1de061811455564176483288'. [0m 
Building the target project jts with maven. [0m 
Build failed. [0m 
For ID 856 the target warning was removed.
Collecting ISMELL Evaluation on ID 857
Project checkout procedure starting. [0m 
Cloning from URL 'https://github.com/Esri/geometry-api-java.git' to path 'cca_workspace_4/geometry-api-java'. [0m 
Checking out commit 'a1af6612f4de7fc1baee1c331c335f154a4a96c9'. [0m 
Building the target project geometry-api-java with maven. [0m 
Build failed. [0m 
For ID 857 the target warning was removed.
Collecting ISMELL Evaluation on ID 858
Project checkout procedure starting. [0m 
Cloning from URL 'https://github.com/Esri/geometry-api-java.git' to path 'cca_workspace_4/geometry-api-java'. [0m 
Checking out commit 'a1af6612f4de7fc1baee1c331c335f154a4a96c9'. [0m 
Building the target project geometry-api-java with maven. [0m 
Build was successful. [0m 
For ID 858 the target warning was removed.
Running tests on the target project geometry-api-java with maven. [0m 
Collecting ISMELL Evaluation on ID 859
Project checkout procedure starting. [0m 
Cloning from URL 'https://github.com/danfickle/openhtmltopdf.git' to path 'cca_workspace_4/openhtmltopdf'. [0m 
Checking out commit '0dcb7e4b8c80d0fbf6d21f970ccab7a701221b5d'. [0m 
Building the target project openhtmltopdf with maven. [0m 
Build was successful. [0m 
For ID 859 the target warning was removed.
Running tests on the target project openhtmltopdf with maven. [0m 
Collecting ISMELL Evaluation on ID 860
Project checkout procedure starting. [0m 
Cloning from URL 'https://github.com/opentripplanner/OpenTripPlanner.git' to path 'cca_workspace_4/OpenTripPlanner'. [0m 
Checking out commit 'cc7de54e949771dca9cb7e91b1f0456ae141e9b6'. [0m 
Building the target project OpenTripPlanner with maven. [0m 
Build was successful. [0m 
For ID 860 the target warning was removed.
Running tests on the target project OpenTripPlanner with maven. [0m 
Collecting ISMELL Evaluation on ID 861
Project checkout procedure starting. [0m 
Cloning from URL 'https://github.com/vivo-project/Vitro.git' to path 'cca_workspace_4/Vitro'. [0m 
Checking out commit '119413413a53cd6ebcbff50d3501f32f72aff6f0'. [0m 
Building the target project Vitro with maven. [0m 
Build failed. [0m 
For ID 861 the target warning was removed.
Collecting ISMELL Evaluation on ID 862
Project checkout procedure starting. [0m 
Cloning from URL 'https://github.com/vivo-project/Vitro.git' to path 'cca_workspace_4/Vitro'. [0m 
Checking out commit '119413413a53cd6ebcbff50d3501f32f72aff6f0'. [0m 
Building the target project Vitro with maven. [0m 
Build was successful. [0m 
For ID 862 the target warning was removed.
Running tests on the target project Vitro with maven. [0m 
Collecting ISMELL Evaluation on ID 863
Project checkout procedure starting. [0m 
Cloning from URL 'https://github.com/lolo101/MsgViewer.git' to path 'cca_workspace_4/MsgViewer'. [0m 
Checking out commit '42266b9a62ec9706b1042f118fd6f57c6f074fd2'. [0m 
Building the target project MsgViewer with maven. [0m 
Build was successful. [0m 
For ID 863 the target warning was removed.
Running tests on the target project MsgViewer with maven. [0m 
Collecting ISMELL Evaluation on ID 864
Project checkout procedure starting. [0m 
Cloning from URL 'https://github.com/alexcojocaru/elasticsearch-maven-plugin.git' to path 'cca_workspace_4/elasticsearch-maven-plugin'. [0m 
Checking out commit '3b1c502b5d784523faec699b7e0a6e37888e9b95'. [0m 
Building the target project elasticsearch-maven-plugin with maven. [0m 
Build was successful. [0m 
For ID 864 the target warning was removed.
Running tests on the target project elasticsearch-maven-plugin with maven. [0m 
Collecting ISMELL Evaluation on ID 865
Project checkout procedure starting. [0m 
Cloning from URL 'https://github.com/tkaczmarzyk/specification-arg-resolver.git' to path 'cca_workspace_4/specification-arg-resolver'. [0m 
Checking out commit '52fe8d284f687ec86fea91b48f47d61dc6b32510'. [0m 
Building the target project specification-arg-resolver with maven. [0m 
Build was successful. [0m 
For ID 865 the target warning was removed.
Running tests on the target project specification-arg-resolver with maven. [0m 
Collecting ISMELL Evaluation on ID 866
Project checkout procedure starting. [0m 
Cloning from URL 'https://github.com/indvd00m/java-ascii-render.git' to path 'cca_workspace_4/java-ascii-render'. [0m 
Checking out commit '611c08cef73367d6f6d20eb4f8f4721f917a42c6'. [0m 
Building the target project java-ascii-render with maven. [0m 
Build was successful. [0m 
For ID 866 the target warning was removed.
Running tests on the target project java-ascii-render with maven. [0m 
Collecting ISMELL Evaluation on ID 867
Project checkout procedure starting. [0m 
Cloning from URL 'https://github.com/uwolfer/gerrit-rest-java-client.git' to path 'cca_workspace_4/gerrit-rest-java-client'. [0m 
Checking out commit 'de49b4e19572334d60f381955b72e1aa8bbbab49'. [0m 
Building the target project gerrit-rest-java-client with maven. [0m 
Build was successful. [0m 
For ID 867 the target warning was removed.
Running tests on the target project gerrit-rest-java-client with maven. [0m 
Collecting ISMELL Evaluation on ID 868
Project checkout procedure starting. [0m 
Cloning from URL 'https://github.com/vincentrussell/sql-to-mongo-db-query-converter.git' to path 'cca_workspace_4/sql-to-mongo-db-query-converter'. [0m 
Checking out commit '961f5c04ef387ee88086908ebacdfb6ef6e3081a'. [0m 
Building the target project sql-to-mongo-db-query-converter with maven. [0m 
Build failed. [0m 
For ID 868 the target warning was removed.
Collecting ISMELL Evaluation on ID 869
Project checkout procedure starting. [0m 
Cloning from URL 'https://github.com/smola/galimatias.git' to path 'cca_workspace_4/galimatias'. [0m 
Checking out commit '0771a10ef5021181fc172b95ac39e9f4c7ada2e8'. [0m 
Building the target project galimatias with maven. [0m 
Build was successful. [0m 
For ID 869 the target warning was !NOT! removed.
Running tests on the target project galimatias with maven. [0m 
Collecting ISMELL Evaluation on ID 870
Project checkout procedure starting. [0m 
Cloning from URL 'https://github.com/CloudburstMC/Nukkit.git' to path 'cca_workspace_4/Nukkit'. [0m 
Checking out commit '47d54ad26109b5d89936e0d9123c591a99a2cf60'. [0m 
Building the target project Nukkit with maven. [0m 
Build was successful. [0m 
For ID 870 the target warning was !NOT! removed.
Running tests on the target project Nukkit with maven. [0m 
Collecting ISMELL Evaluation on ID 871
Project checkout procedure starting. [0m 
Cloning from URL 'https://github.com/protostuff/protostuff.git' to path 'cca_workspace_4/protostuff'. [0m 
Checking out commit 'eb32eaabd397e7a90eb799ead13eda4d6ea8d1d0'. [0m 
Building the target project protostuff with maven. [0m 
Build failed. [0m 
For ID 871 the target warning was removed.
Collecting ISMELL Evaluation on ID 872
Project checkout procedure starting. [0m 
Cloning from URL 'https://github.com/vivo-project/Vitro.git' to path 'cca_workspace_4/Vitro'. [0m 
Checking out commit '119413413a53cd6ebcbff50d3501f32f72aff6f0'. [0m 
Building the target project Vitro with maven. [0m 
Build was successful. [0m 
For ID 872 the target warning was removed.
Running tests on the target project Vitro with maven. [0m 
Collecting ISMELL Evaluation on ID 873
Project checkout procedure starting. [0m 
Cloning from URL 'https://github.com/w3c/epubcheck.git' to path 'cca_workspace_4/epubcheck'. [0m 
Checking out commit '794b7ce290c32ea8c3f4a5e4f441aac11fcf2484'. [0m 
Building the target project epubcheck with maven. [0m 
Build failed. [0m 
For ID 873 the target warning was removed.
Collecting ISMELL Evaluation on ID 874
Project checkout procedure starting. [0m 
Cloning from URL 'https://github.com/Esri/geometry-api-java.git' to path 'cca_workspace_4/geometry-api-java'. [0m 
Checking out commit 'a1af6612f4de7fc1baee1c331c335f154a4a96c9'. [0m 
Building the target project geometry-api-java with maven. [0m 
Build was successful. [0m 
For ID 874 the target warning was removed.
Running tests on the target project geometry-api-java with maven. [0m 
Collecting ISMELL Evaluation on ID 875
Project checkout procedure starting. [0m 
Cloning from URL 'https://github.com/Esri/geometry-api-java.git' to path 'cca_workspace_4/geometry-api-java'. [0m 
Checking out commit 'a1af6612f4de7fc1baee1c331c335f154a4a96c9'. [0m 
Building the target project geometry-api-java with maven. [0m 
Build was successful. [0m 
For ID 875 the target warning was !NOT! removed.
Running tests on the target project geometry-api-java with maven. [0m 
Collecting ISMELL Evaluation on ID 876
Project checkout procedure starting. [0m 
Cloning from URL 'https://github.com/Esri/geometry-api-java.git' to path 'cca_workspace_4/geometry-api-java'. [0m 
Checking out commit 'a1af6612f4de7fc1baee1c331c335f154a4a96c9'. [0m 
Building the target project geometry-api-java with maven. [0m 
Build failed. [0m 
For ID 876 the target warning was removed.
Collecting ISMELL Evaluation on ID 877
Project checkout procedure starting. [0m 
Cloning from URL 'https://github.com/locationtech/jts.git' to path 'cca_workspace_4/jts'. [0m 
Checking out commit '402acb6e4d8cfb0a1de061811455564176483288'. [0m 
Building the target project jts with maven. [0m 
Build was successful. [0m 
For ID 877 the target warning was removed.
Running tests on the target project jts with maven. [0m 
Collecting ISMELL Evaluation on ID 878
Project checkout procedure starting. [0m 
Cloning from URL 'https://github.com/locationtech/jts.git' to path 'cca_workspace_4/jts'. [0m 
Checking out commit '402acb6e4d8cfb0a1de061811455564176483288'. [0m 
Building the target project jts with maven. [0m 
Build was successful. [0m 
For ID 878 the target warning was removed.
Running tests on the target project jts with maven. [0m 
Collecting ISMELL Evaluation on ID 879
Project checkout procedure starting. [0m 
Cloning from URL 'https://github.com/ContainX/openstack4j.git' to path 'cca_workspace_4/openstack4j'. [0m 
Checking out commit '79568cf4991da82192ef27d8f5f0f6195da698ef'. [0m 
Building the target project openstack4j with maven. [0m 
Build failed. [0m 
For ID 879 the target warning was !NOT! removed.
Collecting ISMELL Evaluation on ID 880
Project checkout procedure starting. [0m 
Cloning from URL 'https://github.com/Wikidata/Wikidata-Toolkit.git' to path 'cca_workspace_4/Wikidata-Toolkit'. [0m 
Checking out commit '8400cdd50528f0d21eea93bacf5998ba950b30ce'. [0m 
Building the target project Wikidata-Toolkit with maven. [0m 
Build was successful. [0m 
For ID 880 the target warning was removed.
Running tests on the target project Wikidata-Toolkit with maven. [0m 
Collecting ISMELL Evaluation on ID 881
Project checkout procedure starting. [0m 
Cloning from URL 'https://github.com/jMetal/jMetal.git' to path 'cca_workspace_4/jMetal'. [0m 
Checking out commit '96751e81882a5c3289d35106eb240cf0f577782d'. [0m 
Building the target project jMetal with maven. [0m 
Build was successful. [0m 
For ID 881 the target warning was removed.
Running tests on the target project jMetal with maven. [0m 
Collecting ISMELL Evaluation on ID 882
Project checkout procedure starting. [0m 
Cloning from URL 'https://github.com/redpen-cc/redpen.git' to path 'cca_workspace_4/redpen'. [0m 
Checking out commit 'cce87e790828cb88dd5c3bfbdcb117d351eb6bbd'. [0m 
Building the target project redpen with maven. [0m 
Build was successful. [0m 
For ID 882 the target warning was removed.
Running tests on the target project redpen with maven. [0m 
Collecting ISMELL Evaluation on ID 883
Project checkout procedure starting. [0m 
Cloning from URL 'https://github.com/CloudburstMC/Nukkit.git' to path 'cca_workspace_4/Nukkit'. [0m 
Checking out commit '47d54ad26109b5d89936e0d9123c591a99a2cf60'. [0m 
Building the target project Nukkit with maven. [0m 
Build was successful. [0m 
For ID 883 the target warning was removed.
Running tests on the target project Nukkit with maven. [0m 
Collecting ISMELL Evaluation on ID 884
Project checkout procedure starting. [0m 
Cloning from URL 'https://github.com/wmixvideo/nfe.git' to path 'cca_workspace_4/nfe'. [0m 
Checking out commit 'd0b2ce5ea0749448b1b3dbb9bef88d7eccd05240'. [0m 
Building the target project nfe with maven. [0m 
Build failed. [0m 
For ID 884 the target warning was removed.
Collecting ISMELL Evaluation on ID 885
Project checkout procedure starting. [0m 
Cloning from URL 'https://github.com/opentripplanner/OpenTripPlanner.git' to path 'cca_workspace_4/OpenTripPlanner'. [0m 
Checking out commit 'cc7de54e949771dca9cb7e91b1f0456ae141e9b6'. [0m 
Building the target project OpenTripPlanner with maven. [0m 
Build was successful. [0m 
For ID 885 the target warning was removed.
Running tests on the target project OpenTripPlanner with maven. [0m 
Collecting ISMELL Evaluation on ID 886
Project checkout procedure starting. [0m 
Cloning from URL 'https://github.com/smartrics/RestFixture.git' to path 'cca_workspace_4/RestFixture'. [0m 
Checking out commit 'd73c8ccd8dc6a3bae1b652df0874007109888fd9'. [0m 
Building the target project RestFixture with maven. [0m 
Build was successful. [0m 
For ID 886 the target warning was removed.
Running tests on the target project RestFixture with maven. [0m 
Collecting ISMELL Evaluation on ID 887
Project checkout procedure starting. [0m 
Cloning from URL 'https://github.com/hcoles/pitest.git' to path 'cca_workspace_4/pitest'. [0m 
Checking out commit 'b3d752994e4e0234bb9494e739b1960240f1f9d3'. [0m 
Building the target project pitest with maven. [0m 
Build was successful. [0m 
For ID 887 the target warning was removed.
Running tests on the target project pitest with maven. [0m 
Collecting ISMELL Evaluation on ID 888
Project checkout procedure starting. [0m 
Cloning from URL 'https://github.com/wmixvideo/nfe.git' to path 'cca_workspace_4/nfe'. [0m 
Checking out commit 'd0b2ce5ea0749448b1b3dbb9bef88d7eccd05240'. [0m 
Building the target project nfe with maven. [0m 
Build was successful. [0m 
For ID 888 the target warning was removed.
Running tests on the target project nfe with maven. [0m 
Collecting ISMELL Evaluation on ID 889
Project checkout procedure starting. [0m 
Cloning from URL 'https://github.com/ontodev/robot.git' to path 'cca_workspace_4/robot'. [0m 
Checking out commit '8a9313440fb18819dd4db29b9bae6da435e9dc74'. [0m 
Building the target project robot with maven. [0m 
Build was successful. [0m 
For ID 889 the target warning was removed.
Running tests on the target project robot with maven. [0m 
Collecting ISMELL Evaluation on ID 890
Project checkout procedure starting. [0m 
Cloning from URL 'https://github.com/pinterest/singer.git' to path 'cca_workspace_4/singer'. [0m 
Checking out commit '67fa012a410a849bf28c22704973a27d8b2eaadf'. [0m 
Building the target project singer with maven. [0m 
Build was successful. [0m 
For ID 890 the target warning was removed.
Running tests on the target project singer with maven. [0m 
Collecting ISMELL Evaluation on ID 891
Project checkout procedure starting. [0m 
Cloning from URL 'https://github.com/kafka-ops/kafka-topology-builder.git' to path 'cca_workspace_4/kafka-topology-builder'. [0m 
Checking out commit '451435a5e553457f9bbacb9929ba66210f0f7396'. [0m 
Building the target project kafka-topology-builder with maven. [0m 
Build failed. [0m 
For ID 891 the target warning was removed.
Collecting ISMELL Evaluation on ID 892
Project checkout procedure starting. [0m 
Cloning from URL 'https://github.com/wmixvideo/nfe.git' to path 'cca_workspace_4/nfe'. [0m 
Checking out commit 'd0b2ce5ea0749448b1b3dbb9bef88d7eccd05240'. [0m 
Building the target project nfe with maven. [0m 
Build was successful. [0m 
For ID 892 the target warning was removed.
Running tests on the target project nfe with maven. [0m 
Collecting ISMELL Evaluation on ID 893
Project checkout procedure starting. [0m 
Cloning from URL 'https://github.com/opentripplanner/OpenTripPlanner.git' to path 'cca_workspace_4/OpenTripPlanner'. [0m 
Checking out commit 'cc7de54e949771dca9cb7e91b1f0456ae141e9b6'. [0m 
Building the target project OpenTripPlanner with maven. [0m 
Build was successful. [0m 
For ID 893 the target warning was removed.
Running tests on the target project OpenTripPlanner with maven. [0m 
Collecting ISMELL Evaluation on ID 894
Project checkout procedure starting. [0m 
Cloning from URL 'https://github.com/opentripplanner/OpenTripPlanner.git' to path 'cca_workspace_4/OpenTripPlanner'. [0m 
Checking out commit 'cc7de54e949771dca9cb7e91b1f0456ae141e9b6'. [0m 
Building the target project OpenTripPlanner with maven. [0m 
Build was successful. [0m 
For ID 894 the target warning was removed.
Running tests on the target project OpenTripPlanner with maven. [0m 
Collecting ISMELL Evaluation on ID 895
Project checkout procedure starting. [0m 
Cloning from URL 'https://github.com/smartrics/RestFixture.git' to path 'cca_workspace_4/RestFixture'. [0m 
Checking out commit 'd73c8ccd8dc6a3bae1b652df0874007109888fd9'. [0m 
Building the target project RestFixture with maven. [0m 
Build was successful. [0m 
For ID 895 the target warning was removed.
Running tests on the target project RestFixture with maven. [0m 
Collecting ISMELL Evaluation on ID 896
Project checkout procedure starting. [0m 
Cloning from URL 'https://github.com/xerial/sqlite-jdbc.git' to path 'cca_workspace_4/sqlite-jdbc'. [0m 
Checking out commit '6ca62fd07bf7faf58e923ba8651757621ffc693c'. [0m 
Building the target project sqlite-jdbc with maven. [0m 
Build was successful. [0m 
For ID 896 the target warning was removed.
Running tests on the target project sqlite-jdbc with maven. [0m 
Collecting ISMELL Evaluation on ID 897
Project checkout procedure starting. [0m 
Cloning from URL 'https://github.com/protostuff/protostuff.git' to path 'cca_workspace_4/protostuff'. [0m 
Checking out commit 'eb32eaabd397e7a90eb799ead13eda4d6ea8d1d0'. [0m 
Building the target project protostuff with maven. [0m 
Build was successful. [0m 
For ID 897 the target warning was removed.
Running tests on the target project protostuff with maven. [0m 
Collecting ISMELL Evaluation on ID 898
Project checkout procedure starting. [0m 
Cloning from URL 'https://github.com/CloudburstMC/Nukkit.git' to path 'cca_workspace_4/Nukkit'. [0m 
Checking out commit '47d54ad26109b5d89936e0d9123c591a99a2cf60'. [0m 
Building the target project Nukkit with maven. [0m 
Build was successful. [0m 
For ID 898 the target warning was removed.
Running tests on the target project Nukkit with maven. [0m 
Collecting ISMELL Evaluation on ID 899
Project checkout procedure starting. [0m 
Cloning from URL 'https://github.com/toolbox4minecraft/amidst.git' to path 'cca_workspace_4/amidst'. [0m 
Checking out commit '2902ca61aa8f28e2e3cd903a732b5d29da93b9e3'. [0m 
Building the target project amidst with maven. [0m 
Build was successful. [0m 
For ID 899 the target warning was removed.
Running tests on the target project amidst with maven. [0m 
Collecting ISMELL Evaluation on ID 900
Project checkout procedure starting. [0m 
Cloning from URL 'https://github.com/palatable/lambda.git' to path 'cca_workspace_4/lambda'. [0m 
Checking out commit '3f23529573f7a2f7f7a11aca3d9d7e720cf2a15b'. [0m 
Building the target project lambda with maven. [0m 
Build was successful. [0m 
For ID 900 the target warning was removed.
Running tests on the target project lambda with maven. [0m 
End time: 1769772925935136788
Time needed: 6043287448186
Time per instance: 6043287448.186
