Start time: 1769677440126279769
Collecting ISMELL Evaluation on ID 1
Project checkout procedure starting. [0m 
Cloning from URL 'https://github.com/simplenlg/simplenlg.git' to path 'cca_workspace/simplenlg'. [0m 
Checking out commit 'c65331a528f0241c29051c7a086ae5e9518e07e2'. [0m 
Building the target project simplenlg with maven. [0m 
Build was successful. [0m 
For ID 1 the target warning was removed.
Running tests on the target project simplenlg with maven. [0m 
Collecting ISMELL Evaluation on ID 2
Project checkout procedure starting. [0m 
Cloning from URL 'https://github.com/xerial/sqlite-jdbc.git' to path 'cca_workspace/sqlite-jdbc'. [0m 
Checking out commit '6ca62fd07bf7faf58e923ba8651757621ffc693c'. [0m 
Building the target project sqlite-jdbc with maven. [0m 
Build failed. [0m 
For ID 2 the target warning was removed.
Collecting ISMELL Evaluation on ID 3
Project checkout procedure starting. [0m 
Cloning from URL 'https://github.com/jMetal/jMetal.git' to path 'cca_workspace/jMetal'. [0m 
Checking out commit '96751e81882a5c3289d35106eb240cf0f577782d'. [0m 
Building the target project jMetal with maven. [0m 
Build was successful. [0m 
For ID 3 the target warning was removed.
Running tests on the target project jMetal with maven. [0m 
Collecting ISMELL Evaluation on ID 4
Project checkout procedure starting. [0m 
Cloning from URL 'https://github.com/spotify/dataenum.git' to path 'cca_workspace/dataenum'. [0m 
Checking out commit '7a91307ef55cf9ba94391a4572c9d68dba2c56d5'. [0m 
Building the target project dataenum with maven. [0m 
Build was successful. [0m 
For ID 4 the target warning was removed.
Running tests on the target project dataenum with maven. [0m 
Collecting ISMELL Evaluation on ID 5
Project checkout procedure starting. [0m 
Cloning from URL 'https://github.com/xerial/sqlite-jdbc.git' to path 'cca_workspace/sqlite-jdbc'. [0m 
Checking out commit '6ca62fd07bf7faf58e923ba8651757621ffc693c'. [0m 
Building the target project sqlite-jdbc with maven. [0m 
Build failed. [0m 
For ID 5 the target warning was removed.
Collecting ISMELL Evaluation on ID 6
Project checkout procedure starting. [0m 
Cloning from URL 'https://github.com/uwolfer/gerrit-rest-java-client.git' to path 'cca_workspace/gerrit-rest-java-client'. [0m 
Checking out commit 'de49b4e19572334d60f381955b72e1aa8bbbab49'. [0m 
Building the target project gerrit-rest-java-client with maven. [0m 
Build failed. [0m 
For ID 6 the target warning was removed.
Collecting ISMELL Evaluation on ID 7
Project checkout procedure starting. [0m 
Cloning from URL 'https://github.com/superblaubeere27/obfuscator.git' to path 'cca_workspace/obfuscator'. [0m 
Checking out commit 'cc4421d7afe7aead7f59435b28aaba5bc69115b3'. [0m 
Building the target project obfuscator with maven. [0m 
Build was successful. [0m 
For ID 7 the target warning was removed.
Running tests on the target project obfuscator with maven. [0m 
Collecting ISMELL Evaluation on ID 8
Project checkout procedure starting. [0m 
Cloning from URL 'https://github.com/zeroturnaround/zt-process-killer.git' to path 'cca_workspace/zt-process-killer'. [0m 
Checking out commit '6066bf2f98660429c6105350fff9b21cd07a00ef'. [0m 
Building the target project zt-process-killer with maven. [0m 
Build was successful. [0m 
For ID 8 the target warning was removed.
Running tests on the target project zt-process-killer with maven. [0m 
Collecting ISMELL Evaluation on ID 9
Project checkout procedure starting. [0m 
Cloning from URL 'https://github.com/ContainX/openstack4j.git' to path 'cca_workspace/openstack4j'. [0m 
Checking out commit '79568cf4991da82192ef27d8f5f0f6195da698ef'. [0m 
Building the target project openstack4j with maven. [0m 
Build failed. [0m 
For ID 9 the target warning was removed.
Collecting ISMELL Evaluation on ID 10
Project checkout procedure starting. [0m 
Cloning from URL 'https://github.com/3breadt/dd-plist.git' to path 'cca_workspace/dd-plist'. [0m 
Checking out commit '91f8ba7fd92a9a503484a540e5fd3e03f411d98a'. [0m 
Building the target project dd-plist with maven. [0m 
Build failed. [0m 
For ID 10 the target warning was removed.
Collecting ISMELL Evaluation on ID 11
Project checkout procedure starting. [0m 
Cloning from URL 'https://github.com/CloudburstMC/Nukkit.git' to path 'cca_workspace/Nukkit'. [0m 
Checking out commit '47d54ad26109b5d89936e0d9123c591a99a2cf60'. [0m 
Building the target project Nukkit with maven. [0m 
Build was successful. [0m 
For ID 11 the target warning was removed.
Running tests on the target project Nukkit with maven. [0m 
Collecting ISMELL Evaluation on ID 12
Project checkout procedure starting. [0m 
Cloning from URL 'https://github.com/vivo-project/Vitro.git' to path 'cca_workspace/Vitro'. [0m 
Checking out commit '119413413a53cd6ebcbff50d3501f32f72aff6f0'. [0m 
Building the target project Vitro with maven. [0m 
Build was successful. [0m 
For ID 12 the target warning was removed.
Running tests on the target project Vitro with maven. [0m 
Collecting ISMELL Evaluation on ID 13
Project checkout procedure starting. [0m 
Cloning from URL 'https://github.com/jMetal/jMetal.git' to path 'cca_workspace/jMetal'. [0m 
Checking out commit '96751e81882a5c3289d35106eb240cf0f577782d'. [0m 
Building the target project jMetal with maven. [0m 
Build was successful. [0m 
For ID 13 the target warning was removed.
Running tests on the target project jMetal with maven. [0m 
Collecting ISMELL Evaluation on ID 14
Project checkout procedure starting. [0m 
Cloning from URL 'https://github.com/NLPchina/nlp-lang.git' to path 'cca_workspace/nlp-lang'. [0m 
Checking out commit 'a501d574fdac7b0be76b2d6465a549db73597d6e'. [0m 
Building the target project nlp-lang with maven. [0m 
Build was successful. [0m 
For ID 14 the target warning was removed.
Running tests on the target project nlp-lang with maven. [0m 
Collecting ISMELL Evaluation on ID 15
Project checkout procedure starting. [0m 
Cloning from URL 'https://github.com/hcoles/pitest.git' to path 'cca_workspace/pitest'. [0m 
Checking out commit 'b3d752994e4e0234bb9494e739b1960240f1f9d3'. [0m 
Building the target project pitest with maven. [0m 
Build was successful. [0m 
For ID 15 the target warning was removed.
Running tests on the target project pitest with maven. [0m 
Collecting ISMELL Evaluation on ID 16
Project checkout procedure starting. [0m 
Cloning from URL 'https://github.com/rest-driver/rest-driver.git' to path 'cca_workspace/rest-driver'. [0m 
Checking out commit 'b4f3dc9797a757d039b5bdd5563058210808d648'. [0m 
Building the target project rest-driver with maven. [0m 
Build was successful. [0m 
For ID 16 the target warning was removed.
Running tests on the target project rest-driver with maven. [0m 
Collecting ISMELL Evaluation on ID 17
Project checkout procedure starting. [0m 
Cloning from URL 'https://github.com/CloudburstMC/Nukkit.git' to path 'cca_workspace/Nukkit'. [0m 
Checking out commit '47d54ad26109b5d89936e0d9123c591a99a2cf60'. [0m 
Building the target project Nukkit with maven. [0m 
Build was successful. [0m 
For ID 17 the target warning was removed.
Running tests on the target project Nukkit with maven. [0m 
Collecting ISMELL Evaluation on ID 18
Project checkout procedure starting. [0m 
Cloning from URL 'https://github.com/3breadt/dd-plist.git' to path 'cca_workspace/dd-plist'. [0m 
Checking out commit '91f8ba7fd92a9a503484a540e5fd3e03f411d98a'. [0m 
Building the target project dd-plist with maven. [0m 
Build failed. [0m 
For ID 18 the target warning was removed.
Collecting ISMELL Evaluation on ID 19
Project checkout procedure starting. [0m 
Cloning from URL 'https://github.com/opentripplanner/OpenTripPlanner.git' to path 'cca_workspace/OpenTripPlanner'. [0m 
Checking out commit 'cc7de54e949771dca9cb7e91b1f0456ae141e9b6'. [0m 
Building the target project OpenTripPlanner with maven. [0m 
Build failed. [0m 
For ID 19 the target warning was removed.
Collecting ISMELL Evaluation on ID 20
Project checkout procedure starting. [0m 
Cloning from URL 'https://github.com/hcoles/pitest.git' to path 'cca_workspace/pitest'. [0m 
Checking out commit 'b3d752994e4e0234bb9494e739b1960240f1f9d3'. [0m 
Building the target project pitest with maven. [0m 
Build was successful. [0m 
For ID 20 the target warning was removed.
Running tests on the target project pitest with maven. [0m 
Collecting ISMELL Evaluation on ID 21
Project checkout procedure starting. [0m 
Cloning from URL 'https://github.com/javabeanz/owasp-security-logging.git' to path 'cca_workspace/owasp-security-logging'. [0m 
Checking out commit '35a674c9be1d751191f45ea2a89dd1c1ca7b4368'. [0m 
Building the target project owasp-security-logging with maven. [0m 
Build was successful. [0m 
For ID 21 the target warning was removed.
Running tests on the target project owasp-security-logging with maven. [0m 
Collecting ISMELL Evaluation on ID 22
Project checkout procedure starting. [0m 
Cloning from URL 'https://github.com/alexcojocaru/elasticsearch-maven-plugin.git' to path 'cca_workspace/elasticsearch-maven-plugin'. [0m 
Checking out commit '3b1c502b5d784523faec699b7e0a6e37888e9b95'. [0m 
Building the target project elasticsearch-maven-plugin with maven. [0m 
Build was successful. [0m 
For ID 22 the target warning was removed.
Running tests on the target project elasticsearch-maven-plugin with maven. [0m 
Collecting ISMELL Evaluation on ID 23
Project checkout procedure starting. [0m 
Cloning from URL 'https://github.com/miso-lims/miso-lims.git' to path 'cca_workspace/miso-lims'. [0m 
Checking out commit 'c2f31c47fef39ae844c66904fa0d8f4df804a524'. [0m 
Building the target project miso-lims with maven. [0m 
Build was successful. [0m 
For ID 23 the target warning was removed.
Running tests on the target project miso-lims with maven. [0m 
Collecting ISMELL Evaluation on ID 24
Project checkout procedure starting. [0m 
Cloning from URL 'https://github.com/pinterest/singer.git' to path 'cca_workspace/singer'. [0m 
Checking out commit '67fa012a410a849bf28c22704973a27d8b2eaadf'. [0m 
Building the target project singer with maven. [0m 
Build was successful. [0m 
For ID 24 the target warning was removed.
Running tests on the target project singer with maven. [0m 
Collecting ISMELL Evaluation on ID 25
Project checkout procedure starting. [0m 
Cloning from URL 'https://github.com/CloudburstMC/Nukkit.git' to path 'cca_workspace/Nukkit'. [0m 
Checking out commit '47d54ad26109b5d89936e0d9123c591a99a2cf60'. [0m 
Building the target project Nukkit with maven. [0m 
Build was successful. [0m 
For ID 25 the target warning was removed.
Running tests on the target project Nukkit with maven. [0m 
Collecting ISMELL Evaluation on ID 26
Project checkout procedure starting. [0m 
Cloning from URL 'https://github.com/wmixvideo/nfe.git' to path 'cca_workspace/nfe'. [0m 
Checking out commit 'd0b2ce5ea0749448b1b3dbb9bef88d7eccd05240'. [0m 
Building the target project nfe with maven. [0m 
Build was successful. [0m 
For ID 26 the target warning was removed.
Running tests on the target project nfe with maven. [0m 
Collecting ISMELL Evaluation on ID 27
Project checkout procedure starting. [0m 
Cloning from URL 'https://github.com/modelmapper/modelmapper.git' to path 'cca_workspace/modelmapper'. [0m 
Checking out commit 'f6321b01863e44a75d2b2ee52dbaf4f62cfa550b'. [0m 
Building the target project modelmapper with maven. [0m 
Build failed. [0m 
For ID 27 the target warning was removed.
Collecting ISMELL Evaluation on ID 28
Project checkout procedure starting. [0m 
Cloning from URL 'https://github.com/toolbox4minecraft/amidst.git' to path 'cca_workspace/amidst'. [0m 
Checking out commit '2902ca61aa8f28e2e3cd903a732b5d29da93b9e3'. [0m 
Building the target project amidst with maven. [0m 
Build was successful. [0m 
For ID 28 the target warning was removed.
Running tests on the target project amidst with maven. [0m 
Collecting ISMELL Evaluation on ID 29
Project checkout procedure starting. [0m 
Cloning from URL 'https://github.com/superblaubeere27/obfuscator.git' to path 'cca_workspace/obfuscator'. [0m 
Checking out commit 'cc4421d7afe7aead7f59435b28aaba5bc69115b3'. [0m 
Building the target project obfuscator with maven. [0m 
Build failed. [0m 
For ID 29 the target warning was removed.
Collecting ISMELL Evaluation on ID 30
Project checkout procedure starting. [0m 
Cloning from URL 'https://github.com/uwolfer/gerrit-rest-java-client.git' to path 'cca_workspace/gerrit-rest-java-client'. [0m 
Checking out commit 'de49b4e19572334d60f381955b72e1aa8bbbab49'. [0m 
Building the target project gerrit-rest-java-client with maven. [0m 
Build was successful. [0m 
For ID 30 the target warning was removed.
Running tests on the target project gerrit-rest-java-client with maven. [0m 
Collecting ISMELL Evaluation on ID 31
Project checkout procedure starting. [0m 
Cloning from URL 'https://github.com/protostuff/protostuff.git' to path 'cca_workspace/protostuff'. [0m 
Checking out commit 'eb32eaabd397e7a90eb799ead13eda4d6ea8d1d0'. [0m 
Building the target project protostuff with maven. [0m 
Build was successful. [0m 
For ID 31 the target warning was removed.
Running tests on the target project protostuff with maven. [0m 
Collecting ISMELL Evaluation on ID 32
Project checkout procedure starting. [0m 
Cloning from URL 'https://github.com/ContainX/openstack4j.git' to path 'cca_workspace/openstack4j'. [0m 
Checking out commit '79568cf4991da82192ef27d8f5f0f6195da698ef'. [0m 
Building the target project openstack4j with maven. [0m 
Build failed. [0m 
For ID 32 the target warning was removed.
Collecting ISMELL Evaluation on ID 33
Project checkout procedure starting. [0m 
Cloning from URL 'https://github.com/Esri/geometry-api-java.git' to path 'cca_workspace/geometry-api-java'. [0m 
Checking out commit 'a1af6612f4de7fc1baee1c331c335f154a4a96c9'. [0m 
Building the target project geometry-api-java with maven. [0m 
Build failed. [0m 
For ID 33 the target warning was removed.
Collecting ISMELL Evaluation on ID 34
Project checkout procedure starting. [0m 
Cloning from URL 'https://github.com/opentripplanner/OpenTripPlanner.git' to path 'cca_workspace/OpenTripPlanner'. [0m 
Checking out commit 'cc7de54e949771dca9cb7e91b1f0456ae141e9b6'. [0m 
Building the target project OpenTripPlanner with maven. [0m 
Build was successful. [0m 
For ID 34 the target warning was removed.
Running tests on the target project OpenTripPlanner with maven. [0m 
Collecting ISMELL Evaluation on ID 35
Project checkout procedure starting. [0m 
Cloning from URL 'https://github.com/jMetal/jMetal.git' to path 'cca_workspace/jMetal'. [0m 
Checking out commit '96751e81882a5c3289d35106eb240cf0f577782d'. [0m 
Building the target project jMetal with maven. [0m 
Build was successful. [0m 
For ID 35 the target warning was removed.
Running tests on the target project jMetal with maven. [0m 
Collecting ISMELL Evaluation on ID 36
Project checkout procedure starting. [0m 
Cloning from URL 'https://github.com/xerial/sqlite-jdbc.git' to path 'cca_workspace/sqlite-jdbc'. [0m 
Checking out commit '6ca62fd07bf7faf58e923ba8651757621ffc693c'. [0m 
Building the target project sqlite-jdbc with maven. [0m 
Build was successful. [0m 
For ID 36 the target warning was removed.
Running tests on the target project sqlite-jdbc with maven. [0m 
Collecting ISMELL Evaluation on ID 37
Project checkout procedure starting. [0m 
Cloning from URL 'https://github.com/opentripplanner/OpenTripPlanner.git' to path 'cca_workspace/OpenTripPlanner'. [0m 
Checking out commit 'cc7de54e949771dca9cb7e91b1f0456ae141e9b6'. [0m 
Building the target project OpenTripPlanner with maven. [0m 
Build was successful. [0m 
For ID 37 the target warning was removed.
Running tests on the target project OpenTripPlanner with maven. [0m 
Collecting ISMELL Evaluation on ID 38
Project checkout procedure starting. [0m 
Cloning from URL 'https://github.com/CloudburstMC/Nukkit.git' to path 'cca_workspace/Nukkit'. [0m 
Checking out commit '47d54ad26109b5d89936e0d9123c591a99a2cf60'. [0m 
Building the target project Nukkit with maven. [0m 
Build was successful. [0m 
For ID 38 the target warning was !NOT! removed.
Running tests on the target project Nukkit with maven. [0m 
Collecting ISMELL Evaluation on ID 39
Project checkout procedure starting. [0m 
Cloning from URL 'https://github.com/superblaubeere27/obfuscator.git' to path 'cca_workspace/obfuscator'. [0m 
Checking out commit 'cc4421d7afe7aead7f59435b28aaba5bc69115b3'. [0m 
Building the target project obfuscator with maven. [0m 
Build was successful. [0m 
For ID 39 the target warning was removed.
Running tests on the target project obfuscator with maven. [0m 
Collecting ISMELL Evaluation on ID 40
Project checkout procedure starting. [0m 
Cloning from URL 'https://github.com/locationtech/jts.git' to path 'cca_workspace/jts'. [0m 
Checking out commit '402acb6e4d8cfb0a1de061811455564176483288'. [0m 
Building the target project jts with maven. [0m 
Build was successful. [0m 
For ID 40 the target warning was !NOT! removed.
Running tests on the target project jts with maven. [0m 
Collecting ISMELL Evaluation on ID 41
Project checkout procedure starting. [0m 
Cloning from URL 'https://github.com/ontodev/robot.git' to path 'cca_workspace/robot'. [0m 
Checking out commit '8a9313440fb18819dd4db29b9bae6da435e9dc74'. [0m 
Building the target project robot with maven. [0m 
Build was successful. [0m 
For ID 41 the target warning was removed.
Running tests on the target project robot with maven. [0m 
Collecting ISMELL Evaluation on ID 42
Project checkout procedure starting. [0m 
Cloning from URL 'https://github.com/ContainX/openstack4j.git' to path 'cca_workspace/openstack4j'. [0m 
Checking out commit '79568cf4991da82192ef27d8f5f0f6195da698ef'. [0m 
Building the target project openstack4j with maven. [0m 
Build failed. [0m 
For ID 42 the target warning was removed.
Collecting ISMELL Evaluation on ID 43
Project checkout procedure starting. [0m 
Cloning from URL 'https://github.com/3breadt/dd-plist.git' to path 'cca_workspace/dd-plist'. [0m 
Checking out commit '91f8ba7fd92a9a503484a540e5fd3e03f411d98a'. [0m 
Building the target project dd-plist with maven. [0m 
Build was successful. [0m 
For ID 43 the target warning was removed.
Running tests on the target project dd-plist with maven. [0m 
Collecting ISMELL Evaluation on ID 44
Project checkout procedure starting. [0m 
Cloning from URL 'https://github.com/hcoles/pitest.git' to path 'cca_workspace/pitest'. [0m 
Checking out commit 'b3d752994e4e0234bb9494e739b1960240f1f9d3'. [0m 
Building the target project pitest with maven. [0m 
Build was successful. [0m 
For ID 44 the target warning was removed.
Running tests on the target project pitest with maven. [0m 
Collecting ISMELL Evaluation on ID 45
Project checkout procedure starting. [0m 
Cloning from URL 'https://github.com/CloudburstMC/Nukkit.git' to path 'cca_workspace/Nukkit'. [0m 
Checking out commit '47d54ad26109b5d89936e0d9123c591a99a2cf60'. [0m 
Building the target project Nukkit with maven. [0m 
Build was successful. [0m 
For ID 45 the target warning was removed.
Running tests on the target project Nukkit with maven. [0m 
Collecting ISMELL Evaluation on ID 46
Project checkout procedure starting. [0m 
Cloning from URL 'https://github.com/carml/carml.git' to path 'cca_workspace/carml'. [0m 
Checking out commit '181d2cbb0364b38168c2f9241280464f41b31c3f'. [0m 
Building the target project carml with maven. [0m 
Build was successful. [0m 
For ID 46 the target warning was removed.
Running tests on the target project carml with maven. [0m 
Collecting ISMELL Evaluation on ID 47
Project checkout procedure starting. [0m 
Cloning from URL 'https://github.com/opentripplanner/OpenTripPlanner.git' to path 'cca_workspace/OpenTripPlanner'. [0m 
Checking out commit 'cc7de54e949771dca9cb7e91b1f0456ae141e9b6'. [0m 
Building the target project OpenTripPlanner with maven. [0m 
Build was successful. [0m 
For ID 47 the target warning was removed.
Running tests on the target project OpenTripPlanner with maven. [0m 
Collecting ISMELL Evaluation on ID 48
Project checkout procedure starting. [0m 
Cloning from URL 'https://github.com/MutabilityDetector/MutabilityDetector.git' to path 'cca_workspace/MutabilityDetector'. [0m 
Checking out commit 'ac1bc226e109b21bf92e74dd76d77e2f1a6a929d'. [0m 
Building the target project MutabilityDetector with maven. [0m 
Build was successful. [0m 
For ID 48 the target warning was removed.
Running tests on the target project MutabilityDetector with maven. [0m 
Collecting ISMELL Evaluation on ID 49
Project checkout procedure starting. [0m 
Cloning from URL 'https://github.com/movsim/movsim.git' to path 'cca_workspace/movsim'. [0m 
Checking out commit '24d4f4b83a7d2e14f16419fbf7ce05cb019c8066'. [0m 
Building the target project movsim with maven. [0m 
Build was successful. [0m 
For ID 49 the target warning was removed.
Running tests on the target project movsim with maven. [0m 
Collecting ISMELL Evaluation on ID 50
Project checkout procedure starting. [0m 
Cloning from URL 'https://github.com/julman99/gson-fire.git' to path 'cca_workspace/gson-fire'. [0m 
Checking out commit '5dd4cd703065b0d4127390c6bdec1fb434ebec71'. [0m 
Building the target project gson-fire with maven. [0m 
Build failed. [0m 
For ID 50 the target warning was removed.
End time: 1769680843504784419
Time needed: 3403378504650
Time per instance: 68067570093.0
