Start time: 1769691847433174207
Collecting ISMELL Evaluation on ID 101
Project checkout procedure starting. [0m 
Cloning from URL 'https://github.com/apache/joshua.git' to path 'cca_workspace_2/joshua'. [0m 
Checking out commit '716cc81aca318f3cb6ed9bd81bd29f043db77eff'. [0m 
Building the target project joshua with maven. [0m 
Build was successful. [0m 
For ID 101 the target warning was removed.
Running tests on the target project joshua with maven. [0m 
Collecting ISMELL Evaluation on ID 102
Project checkout procedure starting. [0m 
Cloning from URL 'https://github.com/apache/joshua.git' to path 'cca_workspace_2/joshua'. [0m 
Checking out commit '716cc81aca318f3cb6ed9bd81bd29f043db77eff'. [0m 
Building the target project joshua with maven. [0m 
Build failed. [0m 
For ID 102 the target warning was removed.
Collecting ISMELL Evaluation on ID 103
Project checkout procedure starting. [0m 
Cloning from URL 'https://github.com/ontodev/robot.git' to path 'cca_workspace_2/robot'. [0m 
Checking out commit '8a9313440fb18819dd4db29b9bae6da435e9dc74'. [0m 
Building the target project robot with maven. [0m 
Build was successful. [0m 
For ID 103 the target warning was !NOT! removed.
Running tests on the target project robot with maven. [0m 
Collecting ISMELL Evaluation on ID 104
Project checkout procedure starting. [0m 
Cloning from URL 'https://github.com/danfickle/openhtmltopdf.git' to path 'cca_workspace_2/openhtmltopdf'. [0m 
Checking out commit '0dcb7e4b8c80d0fbf6d21f970ccab7a701221b5d'. [0m 
Building the target project openhtmltopdf with maven. [0m 
[31mTimeoutExpired [0m Build ran into timeout after 10.0 minutes.
For ID 104 the target warning was removed.
Collecting ISMELL Evaluation on ID 105
Project checkout procedure starting. [0m 
Cloning from URL 'https://github.com/protostuff/protostuff.git' to path 'cca_workspace_2/protostuff'. [0m 
Checking out commit 'eb32eaabd397e7a90eb799ead13eda4d6ea8d1d0'. [0m 
Building the target project protostuff with maven. [0m 
Build was successful. [0m 
For ID 105 the target warning was removed.
Running tests on the target project protostuff with maven. [0m 
Collecting ISMELL Evaluation on ID 106
Project checkout procedure starting. [0m 
Cloning from URL 'https://github.com/aeshell/aesh.git' to path 'cca_workspace_2/aesh'. [0m 
Checking out commit 'cfebb087dc3c2b580bb4c64a46333243a9497192'. [0m 
Building the target project aesh with maven. [0m 
Build failed. [0m 
For ID 106 the target warning was removed.
Collecting ISMELL Evaluation on ID 107
Project checkout procedure starting. [0m 
Cloning from URL 'https://github.com/miso-lims/miso-lims.git' to path 'cca_workspace_2/miso-lims'. [0m 
Checking out commit 'c2f31c47fef39ae844c66904fa0d8f4df804a524'. [0m 
Building the target project miso-lims with maven. [0m 
Build was successful. [0m 
For ID 107 the target warning was removed.
Running tests on the target project miso-lims with maven. [0m 
Collecting ISMELL Evaluation on ID 108
Project checkout procedure starting. [0m 
Cloning from URL 'https://github.com/NLPchina/nlp-lang.git' to path 'cca_workspace_2/nlp-lang'. [0m 
Checking out commit 'a501d574fdac7b0be76b2d6465a549db73597d6e'. [0m 
Building the target project nlp-lang with maven. [0m 
Build was successful. [0m 
For ID 108 the target warning was removed.
Running tests on the target project nlp-lang with maven. [0m 
Collecting ISMELL Evaluation on ID 109
Project checkout procedure starting. [0m 
Cloning from URL 'https://github.com/opentripplanner/OpenTripPlanner.git' to path 'cca_workspace_2/OpenTripPlanner'. [0m 
Checking out commit 'cc7de54e949771dca9cb7e91b1f0456ae141e9b6'. [0m 
Building the target project OpenTripPlanner with maven. [0m 
Build was successful. [0m 
For ID 109 the target warning was removed.
Running tests on the target project OpenTripPlanner with maven. [0m 
Collecting ISMELL Evaluation on ID 110
Project checkout procedure starting. [0m 
Cloning from URL 'https://github.com/vivo-project/Vitro.git' to path 'cca_workspace_2/Vitro'. [0m 
Checking out commit '119413413a53cd6ebcbff50d3501f32f72aff6f0'. [0m 
Building the target project Vitro with maven. [0m 
Build was successful. [0m 
For ID 110 the target warning was removed.
Running tests on the target project Vitro with maven. [0m 
Collecting ISMELL Evaluation on ID 111
Project checkout procedure starting. [0m 
Cloning from URL 'https://github.com/hcoles/pitest.git' to path 'cca_workspace_2/pitest'. [0m 
Checking out commit 'b3d752994e4e0234bb9494e739b1960240f1f9d3'. [0m 
Building the target project pitest with maven. [0m 
Build was successful. [0m 
For ID 111 the target warning was removed.
Running tests on the target project pitest with maven. [0m 
Collecting ISMELL Evaluation on ID 112
Project checkout procedure starting. [0m 
Cloning from URL 'https://github.com/albfernandez/juniversalchardet.git' to path 'cca_workspace_2/juniversalchardet'. [0m 
Checking out commit '30f7ac3a6c6f7465e00e20c98a20429654c49160'. [0m 
Building the target project juniversalchardet with maven. [0m 
Build was successful. [0m 
For ID 112 the target warning was removed.
Running tests on the target project juniversalchardet with maven. [0m 
Collecting ISMELL Evaluation on ID 113
Project checkout procedure starting. [0m 
Cloning from URL 'https://github.com/protostuff/protostuff.git' to path 'cca_workspace_2/protostuff'. [0m 
Checking out commit 'eb32eaabd397e7a90eb799ead13eda4d6ea8d1d0'. [0m 
Building the target project protostuff with maven. [0m 
Build was successful. [0m 
For ID 113 the target warning was removed.
Running tests on the target project protostuff with maven. [0m 
Collecting ISMELL Evaluation on ID 114
Project checkout procedure starting. [0m 
Cloning from URL 'https://github.com/ContainX/openstack4j.git' to path 'cca_workspace_2/openstack4j'. [0m 
Checking out commit '79568cf4991da82192ef27d8f5f0f6195da698ef'. [0m 
Building the target project openstack4j with maven. [0m 
Build failed. [0m 
For ID 114 the target warning was removed.
Collecting ISMELL Evaluation on ID 115
Project checkout procedure starting. [0m 
Cloning from URL 'https://github.com/VueGWT/vue-gwt.git' to path 'cca_workspace_2/vue-gwt'. [0m 
Checking out commit 'dc818e0ac31c4fd4254065b50a1d7c59f291ca9d'. [0m 
Building the target project vue-gwt with maven. [0m 
Build was successful. [0m 
For ID 115 the target warning was removed.
Running tests on the target project vue-gwt with maven. [0m 
Collecting ISMELL Evaluation on ID 116
Project checkout procedure starting. [0m 
Cloning from URL 'https://github.com/eXparity/hamcrest-date.git' to path 'cca_workspace_2/hamcrest-date'. [0m 
Checking out commit 'ff8228204fa9e40c8d6192ea4977035c0d0494e5'. [0m 
Building the target project hamcrest-date with maven. [0m 
Build was successful. [0m 
For ID 116 the target warning was removed.
Running tests on the target project hamcrest-date with maven. [0m 
Collecting ISMELL Evaluation on ID 117
Project checkout procedure starting. [0m 
Cloning from URL 'https://github.com/jMetal/jMetal.git' to path 'cca_workspace_2/jMetal'. [0m 
Checking out commit '96751e81882a5c3289d35106eb240cf0f577782d'. [0m 
Building the target project jMetal with maven. [0m 
Build was successful. [0m 
For ID 117 the target warning was removed.
Running tests on the target project jMetal with maven. [0m 
Collecting ISMELL Evaluation on ID 118
Project checkout procedure starting. [0m 
Cloning from URL 'https://github.com/NLPchina/nlp-lang.git' to path 'cca_workspace_2/nlp-lang'. [0m 
Checking out commit 'a501d574fdac7b0be76b2d6465a549db73597d6e'. [0m 
Building the target project nlp-lang with maven. [0m 
Build failed. [0m 
For ID 118 the target warning was removed.
Collecting ISMELL Evaluation on ID 119
Project checkout procedure starting. [0m 
Cloning from URL 'https://github.com/CloudburstMC/Nukkit.git' to path 'cca_workspace_2/Nukkit'. [0m 
Checking out commit '47d54ad26109b5d89936e0d9123c591a99a2cf60'. [0m 
Building the target project Nukkit with maven. [0m 
Build failed. [0m 
For ID 119 the target warning was removed.
Collecting ISMELL Evaluation on ID 120
Project checkout procedure starting. [0m 
Cloning from URL 'https://github.com/vivo-project/Vitro.git' to path 'cca_workspace_2/Vitro'. [0m 
Checking out commit '119413413a53cd6ebcbff50d3501f32f72aff6f0'. [0m 
Building the target project Vitro with maven. [0m 
Build was successful. [0m 
For ID 120 the target warning was removed.
Running tests on the target project Vitro with maven. [0m 
Collecting ISMELL Evaluation on ID 121
Project checkout procedure starting. [0m 
Cloning from URL 'https://github.com/didi/sds.git' to path 'cca_workspace_2/sds'. [0m 
Checking out commit '46dac33f39bc1720ca108bd61b6375874906ad57'. [0m 
Building the target project sds with maven. [0m 
Build was successful. [0m 
For ID 121 the target warning was removed.
Running tests on the target project sds with maven. [0m 
Collecting ISMELL Evaluation on ID 122
Project checkout procedure starting. [0m 
Cloning from URL 'https://github.com/CloudburstMC/Nukkit.git' to path 'cca_workspace_2/Nukkit'. [0m 
Checking out commit '47d54ad26109b5d89936e0d9123c591a99a2cf60'. [0m 
Building the target project Nukkit with maven. [0m 
Build was successful. [0m 
For ID 122 the target warning was removed.
Running tests on the target project Nukkit with maven. [0m 
Collecting ISMELL Evaluation on ID 123
Project checkout procedure starting. [0m 
Cloning from URL 'https://github.com/apache/joshua.git' to path 'cca_workspace_2/joshua'. [0m 
Checking out commit '716cc81aca318f3cb6ed9bd81bd29f043db77eff'. [0m 
Building the target project joshua with maven. [0m 
Build was successful. [0m 
For ID 123 the target warning was removed.
Running tests on the target project joshua with maven. [0m 
Collecting ISMELL Evaluation on ID 124
Project checkout procedure starting. [0m 
Cloning from URL 'https://github.com/locationtech/jts.git' to path 'cca_workspace_2/jts'. [0m 
Checking out commit '402acb6e4d8cfb0a1de061811455564176483288'. [0m 
Building the target project jts with maven. [0m 
Build was successful. [0m 
For ID 124 the target warning was removed.
Running tests on the target project jts with maven. [0m 
Collecting ISMELL Evaluation on ID 125
Project checkout procedure starting. [0m 
Cloning from URL 'https://github.com/locationtech/jts.git' to path 'cca_workspace_2/jts'. [0m 
Checking out commit '402acb6e4d8cfb0a1de061811455564176483288'. [0m 
Building the target project jts with maven. [0m 
Build was successful. [0m 
For ID 125 the target warning was !NOT! removed.
Running tests on the target project jts with maven. [0m 
End time: 1769694088171241943
Time needed: 2240738067736
Time per instance: 2240738067.736
