Start time: 1769766942470857473
Collecting ISMELL Evaluation on ID 901
Project checkout procedure starting. [0m 
Cloning from URL 'https://github.com/locationtech/jts.git' to path 'cca_workspace_5/jts'. [0m 
Checking out commit '402acb6e4d8cfb0a1de061811455564176483288'. [0m 
Building the target project jts with maven. [0m 
Build was successful. [0m 
For ID 901 the target warning was removed.
Running tests on the target project jts with maven. [0m 
Collecting ISMELL Evaluation on ID 902
Project checkout procedure starting. [0m 
Cloning from URL 'https://github.com/apache/joshua.git' to path 'cca_workspace_5/joshua'. [0m 
Checking out commit '716cc81aca318f3cb6ed9bd81bd29f043db77eff'. [0m 
Building the target project joshua with maven. [0m 
Build failed. [0m 
For ID 902 the target warning was removed.
Collecting ISMELL Evaluation on ID 903
Project checkout procedure starting. [0m 
Cloning from URL 'https://github.com/vivo-project/Vitro.git' to path 'cca_workspace_5/Vitro'. [0m 
Checking out commit '119413413a53cd6ebcbff50d3501f32f72aff6f0'. [0m 
Building the target project Vitro with maven. [0m 
Build was successful. [0m 
For ID 903 the target warning was removed.
Running tests on the target project Vitro with maven. [0m 
Collecting ISMELL Evaluation on ID 904
Project checkout procedure starting. [0m 
Cloning from URL 'https://github.com/wmixvideo/nfe.git' to path 'cca_workspace_5/nfe'. [0m 
Checking out commit 'd0b2ce5ea0749448b1b3dbb9bef88d7eccd05240'. [0m 
Building the target project nfe with maven. [0m 
Build was successful. [0m 
For ID 904 the target warning was removed.
Running tests on the target project nfe with maven. [0m 
Collecting ISMELL Evaluation on ID 905
Project checkout procedure starting. [0m 
Cloning from URL 'https://github.com/modelmapper/modelmapper.git' to path 'cca_workspace_5/modelmapper'. [0m 
Checking out commit 'f6321b01863e44a75d2b2ee52dbaf4f62cfa550b'. [0m 
Building the target project modelmapper with maven. [0m 
Build was successful. [0m 
For ID 905 the target warning was removed.
Running tests on the target project modelmapper with maven. [0m 
Collecting ISMELL Evaluation on ID 906
Project checkout procedure starting. [0m 
Cloning from URL 'https://github.com/lookfirst/sardine.git' to path 'cca_workspace_5/sardine'. [0m 
Checking out commit 'df3d477ecb57529a0741647e8132ab6fcb2f7700'. [0m 
Building the target project sardine with maven. [0m 
Build was successful. [0m 
For ID 906 the target warning was removed.
Running tests on the target project sardine with maven. [0m 
Collecting ISMELL Evaluation on ID 907
Project checkout procedure starting. [0m 
Cloning from URL 'https://github.com/CloudburstMC/Nukkit.git' to path 'cca_workspace_5/Nukkit'. [0m 
Checking out commit '47d54ad26109b5d89936e0d9123c591a99a2cf60'. [0m 
Building the target project Nukkit with maven. [0m 
Build failed. [0m 
For ID 907 the target warning was removed.
Collecting ISMELL Evaluation on ID 908
Project checkout procedure starting. [0m 
Cloning from URL 'https://github.com/vivo-project/Vitro.git' to path 'cca_workspace_5/Vitro'. [0m 
Checking out commit '119413413a53cd6ebcbff50d3501f32f72aff6f0'. [0m 
Building the target project Vitro with maven. [0m 
Build was successful. [0m 
For ID 908 the target warning was removed.
Running tests on the target project Vitro with maven. [0m 
Collecting ISMELL Evaluation on ID 909
Project checkout procedure starting. [0m 
Cloning from URL 'https://github.com/Esri/geometry-api-java.git' to path 'cca_workspace_5/geometry-api-java'. [0m 
Checking out commit 'a1af6612f4de7fc1baee1c331c335f154a4a96c9'. [0m 
Building the target project geometry-api-java with maven. [0m 
Build failed. [0m 
For ID 909 the target warning was removed.
Collecting ISMELL Evaluation on ID 910
Project checkout procedure starting. [0m 
Cloning from URL 'https://github.com/Hygieia/ExecDashboard.git' to path 'cca_workspace_5/ExecDashboard'. [0m 
Checking out commit '948edac0a47f85ce0e9f411ecf88dcd570e31c0b'. [0m 
Building the target project ExecDashboard with maven. [0m 
Build failed. [0m 
For ID 910 the target warning was removed.
Collecting ISMELL Evaluation on ID 911
Project checkout procedure starting. [0m 
Cloning from URL 'https://github.com/locationtech/jts.git' to path 'cca_workspace_5/jts'. [0m 
Checking out commit '402acb6e4d8cfb0a1de061811455564176483288'. [0m 
Building the target project jts with maven. [0m 
Build was successful. [0m 
For ID 911 the target warning was removed.
Running tests on the target project jts with maven. [0m 
Collecting ISMELL Evaluation on ID 912
Project checkout procedure starting. [0m 
Cloning from URL 'https://github.com/w3c/epubcheck.git' to path 'cca_workspace_5/epubcheck'. [0m 
Checking out commit '794b7ce290c32ea8c3f4a5e4f441aac11fcf2484'. [0m 
Building the target project epubcheck with maven. [0m 
Build was successful. [0m 
For ID 912 the target warning was !NOT! removed.
Running tests on the target project epubcheck with maven. [0m 
Collecting ISMELL Evaluation on ID 913
Project checkout procedure starting. [0m 
Cloning from URL 'https://github.com/opentripplanner/OpenTripPlanner.git' to path 'cca_workspace_5/OpenTripPlanner'. [0m 
Checking out commit 'cc7de54e949771dca9cb7e91b1f0456ae141e9b6'. [0m 
Building the target project OpenTripPlanner with maven. [0m 
Build was successful. [0m 
For ID 913 the target warning was removed.
Running tests on the target project OpenTripPlanner with maven. [0m 
Collecting ISMELL Evaluation on ID 914
Project checkout procedure starting. [0m 
Cloning from URL 'https://github.com/Esri/geometry-api-java.git' to path 'cca_workspace_5/geometry-api-java'. [0m 
Checking out commit 'a1af6612f4de7fc1baee1c331c335f154a4a96c9'. [0m 
Building the target project geometry-api-java with maven. [0m 
Build was successful. [0m 
For ID 914 the target warning was removed.
Running tests on the target project geometry-api-java with maven. [0m 
Collecting ISMELL Evaluation on ID 915
Project checkout procedure starting. [0m 
Cloning from URL 'https://github.com/Esri/geometry-api-java.git' to path 'cca_workspace_5/geometry-api-java'. [0m 
Checking out commit 'a1af6612f4de7fc1baee1c331c335f154a4a96c9'. [0m 
Building the target project geometry-api-java with maven. [0m 
Build was successful. [0m 
For ID 915 the target warning was removed.
Running tests on the target project geometry-api-java with maven. [0m 
Collecting ISMELL Evaluation on ID 916
Project checkout procedure starting. [0m 
Cloning from URL 'https://github.com/wmixvideo/nfe.git' to path 'cca_workspace_5/nfe'. [0m 
Checking out commit 'd0b2ce5ea0749448b1b3dbb9bef88d7eccd05240'. [0m 
Building the target project nfe with maven. [0m 
Build was successful. [0m 
For ID 916 the target warning was removed.
Running tests on the target project nfe with maven. [0m 
Collecting ISMELL Evaluation on ID 917
Project checkout procedure starting. [0m 
Cloning from URL 'https://github.com/opentripplanner/OpenTripPlanner.git' to path 'cca_workspace_5/OpenTripPlanner'. [0m 
Checking out commit 'cc7de54e949771dca9cb7e91b1f0456ae141e9b6'. [0m 
Building the target project OpenTripPlanner with maven. [0m 
Build was successful. [0m 
For ID 917 the target warning was removed.
Running tests on the target project OpenTripPlanner with maven. [0m 
Collecting ISMELL Evaluation on ID 918
Project checkout procedure starting. [0m 
Cloning from URL 'https://github.com/rest-driver/rest-driver.git' to path 'cca_workspace_5/rest-driver'. [0m 
Checking out commit 'b4f3dc9797a757d039b5bdd5563058210808d648'. [0m 
Building the target project rest-driver with maven. [0m 
Build was successful. [0m 
For ID 918 the target warning was removed.
Running tests on the target project rest-driver with maven. [0m 
Collecting ISMELL Evaluation on ID 919
Project checkout procedure starting. [0m 
Cloning from URL 'https://github.com/jMetal/jMetal.git' to path 'cca_workspace_5/jMetal'. [0m 
Checking out commit '96751e81882a5c3289d35106eb240cf0f577782d'. [0m 
Building the target project jMetal with maven. [0m 
Build was successful. [0m 
For ID 919 the target warning was !NOT! removed.
Running tests on the target project jMetal with maven. [0m 
Collecting ISMELL Evaluation on ID 920
Project checkout procedure starting. [0m 
Cloning from URL 'https://github.com/CloudburstMC/Nukkit.git' to path 'cca_workspace_5/Nukkit'. [0m 
Checking out commit '47d54ad26109b5d89936e0d9123c591a99a2cf60'. [0m 
Building the target project Nukkit with maven. [0m 
Build was successful. [0m 
For ID 920 the target warning was removed.
Running tests on the target project Nukkit with maven. [0m 
Collecting ISMELL Evaluation on ID 921
Project checkout procedure starting. [0m 
Cloning from URL 'https://github.com/vivo-project/Vitro.git' to path 'cca_workspace_5/Vitro'. [0m 
Checking out commit '119413413a53cd6ebcbff50d3501f32f72aff6f0'. [0m 
Building the target project Vitro with maven. [0m 
Build was successful. [0m 
For ID 921 the target warning was removed.
Running tests on the target project Vitro with maven. [0m 
Collecting ISMELL Evaluation on ID 922
Project checkout procedure starting. [0m 
Cloning from URL 'https://github.com/Esri/geometry-api-java.git' to path 'cca_workspace_5/geometry-api-java'. [0m 
Checking out commit 'a1af6612f4de7fc1baee1c331c335f154a4a96c9'. [0m 
Building the target project geometry-api-java with maven. [0m 
Build failed. [0m 
For ID 922 the target warning was removed.
Collecting ISMELL Evaluation on ID 923
Project checkout procedure starting. [0m 
Cloning from URL 'https://github.com/albfernandez/juniversalchardet.git' to path 'cca_workspace_5/juniversalchardet'. [0m 
Checking out commit '30f7ac3a6c6f7465e00e20c98a20429654c49160'. [0m 
Building the target project juniversalchardet with maven. [0m 
Build was successful. [0m 
For ID 923 the target warning was removed.
Running tests on the target project juniversalchardet with maven. [0m 
Collecting ISMELL Evaluation on ID 924
Project checkout procedure starting. [0m 
Cloning from URL 'https://github.com/locationtech/jts.git' to path 'cca_workspace_5/jts'. [0m 
Checking out commit '402acb6e4d8cfb0a1de061811455564176483288'. [0m 
Building the target project jts with maven. [0m 
Build was successful. [0m 
For ID 924 the target warning was removed.
Running tests on the target project jts with maven. [0m 
Collecting ISMELL Evaluation on ID 925
Project checkout procedure starting. [0m 
Cloning from URL 'https://github.com/GlenKPeterson/Paguro.git' to path 'cca_workspace_5/Paguro'. [0m 
Checking out commit 'de98375df2dd9c26a8cb618d51862f52c64602af'. [0m 
Building the target project Paguro with maven. [0m 
Build was successful. [0m 
For ID 925 the target warning was removed.
Running tests on the target project Paguro with maven. [0m 
Collecting ISMELL Evaluation on ID 926
Project checkout procedure starting. [0m 
Cloning from URL 'https://github.com/GlenKPeterson/Paguro.git' to path 'cca_workspace_5/Paguro'. [0m 
Checking out commit 'de98375df2dd9c26a8cb618d51862f52c64602af'. [0m 
Building the target project Paguro with maven. [0m 
Build was successful. [0m 
For ID 926 the target warning was removed.
Running tests on the target project Paguro with maven. [0m 
Collecting ISMELL Evaluation on ID 927
Project checkout procedure starting. [0m 
Cloning from URL 'https://github.com/valfirst/jbehave-junit-runner.git' to path 'cca_workspace_5/jbehave-junit-runner'. [0m 
Checking out commit 'f1295698787525a7ce99cd9a95a4c5cb5277f15f'. [0m 
Building the target project jbehave-junit-runner with maven. [0m 
Build was successful. [0m 
For ID 927 the target warning was removed.
Running tests on the target project jbehave-junit-runner with maven. [0m 
Collecting ISMELL Evaluation on ID 928
Project checkout procedure starting. [0m 
Cloning from URL 'https://github.com/vivo-project/Vitro.git' to path 'cca_workspace_5/Vitro'. [0m 
Checking out commit '119413413a53cd6ebcbff50d3501f32f72aff6f0'. [0m 
Building the target project Vitro with maven. [0m 
Build was successful. [0m 
For ID 928 the target warning was removed.
Running tests on the target project Vitro with maven. [0m 
Collecting ISMELL Evaluation on ID 929
Project checkout procedure starting. [0m 
Cloning from URL 'https://github.com/mguymon/model-citizen.git' to path 'cca_workspace_5/model-citizen'. [0m 
Checking out commit '5d7f40e08de506f489852c4e5cbcd181ee47f704'. [0m 
Building the target project model-citizen with maven. [0m 
Build was successful. [0m 
For ID 929 the target warning was removed.
Running tests on the target project model-citizen with maven. [0m 
Collecting ISMELL Evaluation on ID 930
Project checkout procedure starting. [0m 
Cloning from URL 'https://github.com/opentripplanner/OpenTripPlanner.git' to path 'cca_workspace_5/OpenTripPlanner'. [0m 
Checking out commit 'cc7de54e949771dca9cb7e91b1f0456ae141e9b6'. [0m 
Building the target project OpenTripPlanner with maven. [0m 
Build was successful. [0m 
For ID 930 the target warning was removed.
Running tests on the target project OpenTripPlanner with maven. [0m 
Collecting ISMELL Evaluation on ID 931
Project checkout procedure starting. [0m 
Cloning from URL 'https://github.com/locationtech/jts.git' to path 'cca_workspace_5/jts'. [0m 
Checking out commit '402acb6e4d8cfb0a1de061811455564176483288'. [0m 
Building the target project jts with maven. [0m 
Build was successful. [0m 
For ID 931 the target warning was removed.
Running tests on the target project jts with maven. [0m 
Collecting ISMELL Evaluation on ID 932
Project checkout procedure starting. [0m 
Cloning from URL 'https://github.com/shapesecurity/salvation.git' to path 'cca_workspace_5/salvation'. [0m 
Checking out commit 'e2b07ea083e1c15415a25391c95c604a23ec9bfb'. [0m 
Building the target project salvation with maven. [0m 
Build failed. [0m 
For ID 932 the target warning was removed.
Collecting ISMELL Evaluation on ID 933
Project checkout procedure starting. [0m 
Cloning from URL 'https://github.com/opentripplanner/OpenTripPlanner.git' to path 'cca_workspace_5/OpenTripPlanner'. [0m 
Checking out commit 'cc7de54e949771dca9cb7e91b1f0456ae141e9b6'. [0m 
Building the target project OpenTripPlanner with maven. [0m 
Build was successful. [0m 
For ID 933 the target warning was removed.
Running tests on the target project OpenTripPlanner with maven. [0m 
Collecting ISMELL Evaluation on ID 934
Project checkout procedure starting. [0m 
Cloning from URL 'https://github.com/toolbox4minecraft/amidst.git' to path 'cca_workspace_5/amidst'. [0m 
Checking out commit '2902ca61aa8f28e2e3cd903a732b5d29da93b9e3'. [0m 
Building the target project amidst with maven. [0m 
Build was successful. [0m 
For ID 934 the target warning was removed.
Running tests on the target project amidst with maven. [0m 
Collecting ISMELL Evaluation on ID 935
Project checkout procedure starting. [0m 
Cloning from URL 'https://github.com/hcoles/pitest.git' to path 'cca_workspace_5/pitest'. [0m 
Checking out commit 'b3d752994e4e0234bb9494e739b1960240f1f9d3'. [0m 
Building the target project pitest with maven. [0m 
Build was successful. [0m 
For ID 935 the target warning was removed.
Running tests on the target project pitest with maven. [0m 
Collecting ISMELL Evaluation on ID 936
Project checkout procedure starting. [0m 
Cloning from URL 'https://github.com/vivo-project/Vitro.git' to path 'cca_workspace_5/Vitro'. [0m 
Checking out commit '119413413a53cd6ebcbff50d3501f32f72aff6f0'. [0m 
Building the target project Vitro with maven. [0m 
Build was successful. [0m 
For ID 936 the target warning was removed.
Running tests on the target project Vitro with maven. [0m 
Collecting ISMELL Evaluation on ID 937
Project checkout procedure starting. [0m 
Cloning from URL 'https://github.com/vivo-project/Vitro.git' to path 'cca_workspace_5/Vitro'. [0m 
Checking out commit '119413413a53cd6ebcbff50d3501f32f72aff6f0'. [0m 
Building the target project Vitro with maven. [0m 
Build was successful. [0m 
For ID 937 the target warning was removed.
Running tests on the target project Vitro with maven. [0m 
Collecting ISMELL Evaluation on ID 938
Project checkout procedure starting. [0m 
Cloning from URL 'https://github.com/vivo-project/Vitro.git' to path 'cca_workspace_5/Vitro'. [0m 
Checking out commit '119413413a53cd6ebcbff50d3501f32f72aff6f0'. [0m 
Building the target project Vitro with maven. [0m 
Build was successful. [0m 
For ID 938 the target warning was removed.
Running tests on the target project Vitro with maven. [0m 
Collecting ISMELL Evaluation on ID 939
Project checkout procedure starting. [0m 
Cloning from URL 'https://github.com/locationtech/jts.git' to path 'cca_workspace_5/jts'. [0m 
Checking out commit '402acb6e4d8cfb0a1de061811455564176483288'. [0m 
Building the target project jts with maven. [0m 
Build was successful. [0m 
For ID 939 the target warning was removed.
Running tests on the target project jts with maven. [0m 
Collecting ISMELL Evaluation on ID 940
Project checkout procedure starting. [0m 
Cloning from URL 'https://github.com/Esri/geometry-api-java.git' to path 'cca_workspace_5/geometry-api-java'. [0m 
Checking out commit 'a1af6612f4de7fc1baee1c331c335f154a4a96c9'. [0m 
Building the target project geometry-api-java with maven. [0m 
Build was successful. [0m 
For ID 940 the target warning was removed.
Running tests on the target project geometry-api-java with maven. [0m 
Collecting ISMELL Evaluation on ID 941
Project checkout procedure starting. [0m 
Cloning from URL 'https://github.com/shapesecurity/salvation.git' to path 'cca_workspace_5/salvation'. [0m 
Checking out commit 'e2b07ea083e1c15415a25391c95c604a23ec9bfb'. [0m 
Building the target project salvation with maven. [0m 
Build failed. [0m 
For ID 941 the target warning was !NOT! removed.
Collecting ISMELL Evaluation on ID 942
Project checkout procedure starting. [0m 
Cloning from URL 'https://github.com/jMetal/jMetal.git' to path 'cca_workspace_5/jMetal'. [0m 
Checking out commit '96751e81882a5c3289d35106eb240cf0f577782d'. [0m 
Building the target project jMetal with maven. [0m 
Build failed. [0m 
For ID 942 the target warning was removed.
Collecting ISMELL Evaluation on ID 943
Project checkout procedure starting. [0m 
Cloning from URL 'https://github.com/CloudburstMC/Nukkit.git' to path 'cca_workspace_5/Nukkit'. [0m 
Checking out commit '47d54ad26109b5d89936e0d9123c591a99a2cf60'. [0m 
Building the target project Nukkit with maven. [0m 
Build failed. [0m 
For ID 943 the target warning was removed.
Collecting ISMELL Evaluation on ID 944
Project checkout procedure starting. [0m 
Cloning from URL 'https://github.com/garbagemule/MobArena.git' to path 'cca_workspace_5/MobArena'. [0m 
Checking out commit '9bc23c61a029e592e8a182368c5d04f4b7d65397'. [0m 
Building the target project MobArena with maven. [0m 
Build was successful. [0m 
For ID 944 the target warning was removed.
Running tests on the target project MobArena with maven. [0m 
Collecting ISMELL Evaluation on ID 945
Project checkout procedure starting. [0m 
Cloning from URL 'https://github.com/NLPchina/nlp-lang.git' to path 'cca_workspace_5/nlp-lang'. [0m 
Checking out commit 'a501d574fdac7b0be76b2d6465a549db73597d6e'. [0m 
Building the target project nlp-lang with maven. [0m 
Build was successful. [0m 
For ID 945 the target warning was removed.
Running tests on the target project nlp-lang with maven. [0m 
Collecting ISMELL Evaluation on ID 946
Project checkout procedure starting. [0m 
Cloning from URL 'https://github.com/apache/joshua.git' to path 'cca_workspace_5/joshua'. [0m 
Checking out commit '716cc81aca318f3cb6ed9bd81bd29f043db77eff'. [0m 
Building the target project joshua with maven. [0m 
Build was successful. [0m 
For ID 946 the target warning was removed.
Running tests on the target project joshua with maven. [0m 
Collecting ISMELL Evaluation on ID 947
Project checkout procedure starting. [0m 
Cloning from URL 'https://github.com/davidmoten/rxjava2-extras.git' to path 'cca_workspace_5/rxjava2-extras'. [0m 
Checking out commit '0d8e7e5cad69fcb6b9667e48e2cb2d0c90b80813'. [0m 
Building the target project rxjava2-extras with maven. [0m 
Build was successful. [0m 
For ID 947 the target warning was removed.
Running tests on the target project rxjava2-extras with maven. [0m 
Collecting ISMELL Evaluation on ID 948
Project checkout procedure starting. [0m 
Cloning from URL 'https://github.com/palatable/lambda.git' to path 'cca_workspace_5/lambda'. [0m 
Checking out commit '3f23529573f7a2f7f7a11aca3d9d7e720cf2a15b'. [0m 
Building the target project lambda with maven. [0m 
Build was successful. [0m 
For ID 948 the target warning was removed.
Running tests on the target project lambda with maven. [0m 
Collecting ISMELL Evaluation on ID 949
Project checkout procedure starting. [0m 
Cloning from URL 'https://github.com/jMetal/jMetal.git' to path 'cca_workspace_5/jMetal'. [0m 
Checking out commit '96751e81882a5c3289d35106eb240cf0f577782d'. [0m 
Building the target project jMetal with maven. [0m 
Build was successful. [0m 
For ID 949 the target warning was removed.
Running tests on the target project jMetal with maven. [0m 
Collecting ISMELL Evaluation on ID 950
Project checkout procedure starting. [0m 
Cloning from URL 'https://github.com/opentripplanner/OpenTripPlanner.git' to path 'cca_workspace_5/OpenTripPlanner'. [0m 
Checking out commit 'cc7de54e949771dca9cb7e91b1f0456ae141e9b6'. [0m 
Building the target project OpenTripPlanner with maven. [0m 
Build was successful. [0m 
For ID 950 the target warning was removed.
Running tests on the target project OpenTripPlanner with maven. [0m 
Collecting ISMELL Evaluation on ID 951
Project checkout procedure starting. [0m 
Cloning from URL 'https://github.com/lemire/externalsortinginjava.git' to path 'cca_workspace_5/externalsortinginjava'. [0m 
Checking out commit '418f16c96186e2b8cac255bbb05f6119cfdc8e64'. [0m 
Building the target project externalsortinginjava with maven. [0m 
Build was successful. [0m 
For ID 951 the target warning was removed.
Running tests on the target project externalsortinginjava with maven. [0m 
Collecting ISMELL Evaluation on ID 952
Project checkout procedure starting. [0m 
Cloning from URL 'https://github.com/networknt/json-schema-validator.git' to path 'cca_workspace_5/json-schema-validator'. [0m 
Checking out commit '6cb431f82b41530c35c14f4430e11f3051d82d73'. [0m 
Building the target project json-schema-validator with maven. [0m 
Build was successful. [0m 
For ID 952 the target warning was removed.
Running tests on the target project json-schema-validator with maven. [0m 
Collecting ISMELL Evaluation on ID 953
Project checkout procedure starting. [0m 
Cloning from URL 'https://github.com/palatable/lambda.git' to path 'cca_workspace_5/lambda'. [0m 
Checking out commit '3f23529573f7a2f7f7a11aca3d9d7e720cf2a15b'. [0m 
Building the target project lambda with maven. [0m 
Build was successful. [0m 
For ID 953 the target warning was removed.
Running tests on the target project lambda with maven. [0m 
Collecting ISMELL Evaluation on ID 954
Project checkout procedure starting. [0m 
Cloning from URL 'https://github.com/davidmoten/rxjava-jdbc.git' to path 'cca_workspace_5/rxjava-jdbc'. [0m 
Checking out commit 'e62609a10fb144debd2b3b833f02474c01cc5b81'. [0m 
Building the target project rxjava-jdbc with maven. [0m 
Build was successful. [0m 
For ID 954 the target warning was removed.
Running tests on the target project rxjava-jdbc with maven. [0m 
Collecting ISMELL Evaluation on ID 955
Project checkout procedure starting. [0m 
Cloning from URL 'https://github.com/ontodev/robot.git' to path 'cca_workspace_5/robot'. [0m 
Checking out commit '8a9313440fb18819dd4db29b9bae6da435e9dc74'. [0m 
Building the target project robot with maven. [0m 
Build was successful. [0m 
For ID 955 the target warning was removed.
Running tests on the target project robot with maven. [0m 
Collecting ISMELL Evaluation on ID 956
Project checkout procedure starting. [0m 
Cloning from URL 'https://github.com/miso-lims/miso-lims.git' to path 'cca_workspace_5/miso-lims'. [0m 
Checking out commit 'c2f31c47fef39ae844c66904fa0d8f4df804a524'. [0m 
Building the target project miso-lims with maven. [0m 
Build was successful. [0m 
For ID 956 the target warning was removed.
Running tests on the target project miso-lims with maven. [0m 
Collecting ISMELL Evaluation on ID 957
Project checkout procedure starting. [0m 
Cloning from URL 'https://github.com/apache/joshua.git' to path 'cca_workspace_5/joshua'. [0m 
Checking out commit '716cc81aca318f3cb6ed9bd81bd29f043db77eff'. [0m 
Building the target project joshua with maven. [0m 
Build failed. [0m 
For ID 957 the target warning was removed.
Collecting ISMELL Evaluation on ID 958
Project checkout procedure starting. [0m 
Cloning from URL 'https://github.com/modelmapper/modelmapper.git' to path 'cca_workspace_5/modelmapper'. [0m 
Checking out commit 'f6321b01863e44a75d2b2ee52dbaf4f62cfa550b'. [0m 
Building the target project modelmapper with maven. [0m 
Build was successful. [0m 
For ID 958 the target warning was removed.
Running tests on the target project modelmapper with maven. [0m 
Collecting ISMELL Evaluation on ID 959
Project checkout procedure starting. [0m 
Cloning from URL 'https://github.com/Esri/geometry-api-java.git' to path 'cca_workspace_5/geometry-api-java'. [0m 
Checking out commit 'a1af6612f4de7fc1baee1c331c335f154a4a96c9'. [0m 
Building the target project geometry-api-java with maven. [0m 
Build was successful. [0m 
For ID 959 the target warning was removed.
Running tests on the target project geometry-api-java with maven. [0m 
Collecting ISMELL Evaluation on ID 960
Project checkout procedure starting. [0m 
Cloning from URL 'https://github.com/uwolfer/gerrit-rest-java-client.git' to path 'cca_workspace_5/gerrit-rest-java-client'. [0m 
Checking out commit 'de49b4e19572334d60f381955b72e1aa8bbbab49'. [0m 
Building the target project gerrit-rest-java-client with maven. [0m 
Build was successful. [0m 
For ID 960 the target warning was removed.
Running tests on the target project gerrit-rest-java-client with maven. [0m 
Collecting ISMELL Evaluation on ID 961
Project checkout procedure starting. [0m 
Cloning from URL 'https://github.com/julman99/gson-fire.git' to path 'cca_workspace_5/gson-fire'. [0m 
Checking out commit '5dd4cd703065b0d4127390c6bdec1fb434ebec71'. [0m 
Building the target project gson-fire with maven. [0m 
Build failed. [0m 
For ID 961 the target warning was removed.
Collecting ISMELL Evaluation on ID 962
Project checkout procedure starting. [0m 
Cloning from URL 'https://github.com/GoSimpleLLC/nbvcxz.git' to path 'cca_workspace_5/nbvcxz'. [0m 
Checking out commit 'dc1c098a5d1725d94b8c019b3ccadcd9b3869862'. [0m 
Building the target project nbvcxz with maven. [0m 
Build was successful. [0m 
For ID 962 the target warning was removed.
Running tests on the target project nbvcxz with maven. [0m 
Collecting ISMELL Evaluation on ID 963
Project checkout procedure starting. [0m 
Cloning from URL 'https://github.com/w3c/epubcheck.git' to path 'cca_workspace_5/epubcheck'. [0m 
Checking out commit '794b7ce290c32ea8c3f4a5e4f441aac11fcf2484'. [0m 
Building the target project epubcheck with maven. [0m 
Build was successful. [0m 
For ID 963 the target warning was removed.
Running tests on the target project epubcheck with maven. [0m 
Collecting ISMELL Evaluation on ID 964
Project checkout procedure starting. [0m 
Cloning from URL 'https://github.com/tkaczmarzyk/specification-arg-resolver.git' to path 'cca_workspace_5/specification-arg-resolver'. [0m 
Checking out commit '52fe8d284f687ec86fea91b48f47d61dc6b32510'. [0m 
Building the target project specification-arg-resolver with maven. [0m 
Build was successful. [0m 
For ID 964 the target warning was removed.
Running tests on the target project specification-arg-resolver with maven. [0m 
Collecting ISMELL Evaluation on ID 965
Project checkout procedure starting. [0m 
Cloning from URL 'https://github.com/apache/joshua.git' to path 'cca_workspace_5/joshua'. [0m 
Checking out commit '716cc81aca318f3cb6ed9bd81bd29f043db77eff'. [0m 
Building the target project joshua with maven. [0m 
Build was successful. [0m 
For ID 965 the target warning was removed.
Running tests on the target project joshua with maven. [0m 
Collecting ISMELL Evaluation on ID 966
Project checkout procedure starting. [0m 
Cloning from URL 'https://github.com/modelmapper/modelmapper.git' to path 'cca_workspace_5/modelmapper'. [0m 
Checking out commit 'f6321b01863e44a75d2b2ee52dbaf4f62cfa550b'. [0m 
Building the target project modelmapper with maven. [0m 
Build was successful. [0m 
For ID 966 the target warning was removed.
Running tests on the target project modelmapper with maven. [0m 
Collecting ISMELL Evaluation on ID 967
Project checkout procedure starting. [0m 
Cloning from URL 'https://github.com/locationtech/jts.git' to path 'cca_workspace_5/jts'. [0m 
Checking out commit '402acb6e4d8cfb0a1de061811455564176483288'. [0m 
Building the target project jts with maven. [0m 
Build was successful. [0m 
For ID 967 the target warning was removed.
Running tests on the target project jts with maven. [0m 
Collecting ISMELL Evaluation on ID 968
Project checkout procedure starting. [0m 
Cloning from URL 'https://github.com/vincentrussell/sql-to-mongo-db-query-converter.git' to path 'cca_workspace_5/sql-to-mongo-db-query-converter'. [0m 
Checking out commit '961f5c04ef387ee88086908ebacdfb6ef6e3081a'. [0m 
Building the target project sql-to-mongo-db-query-converter with maven. [0m 
Build was successful. [0m 
For ID 968 the target warning was removed.
Running tests on the target project sql-to-mongo-db-query-converter with maven. [0m 
Collecting ISMELL Evaluation on ID 969
Project checkout procedure starting. [0m 
Cloning from URL 'https://github.com/lolo101/MsgViewer.git' to path 'cca_workspace_5/MsgViewer'. [0m 
Checking out commit '42266b9a62ec9706b1042f118fd6f57c6f074fd2'. [0m 
Building the target project MsgViewer with maven. [0m 
Build was successful. [0m 
For ID 969 the target warning was removed.
Running tests on the target project MsgViewer with maven. [0m 
Collecting ISMELL Evaluation on ID 970
Project checkout procedure starting. [0m 
Cloning from URL 'https://github.com/CloudburstMC/Nukkit.git' to path 'cca_workspace_5/Nukkit'. [0m 
Checking out commit '47d54ad26109b5d89936e0d9123c591a99a2cf60'. [0m 
Building the target project Nukkit with maven. [0m 
Build was successful. [0m 
For ID 970 the target warning was removed.
Running tests on the target project Nukkit with maven. [0m 
Collecting ISMELL Evaluation on ID 971
Project checkout procedure starting. [0m 
Cloning from URL 'https://github.com/xerial/sqlite-jdbc.git' to path 'cca_workspace_5/sqlite-jdbc'. [0m 
Checking out commit '6ca62fd07bf7faf58e923ba8651757621ffc693c'. [0m 
Building the target project sqlite-jdbc with maven. [0m 
Build was successful. [0m 
For ID 971 the target warning was removed.
Running tests on the target project sqlite-jdbc with maven. [0m 
Collecting ISMELL Evaluation on ID 972
Project checkout procedure starting. [0m 
Cloning from URL 'https://github.com/apache/joshua.git' to path 'cca_workspace_5/joshua'. [0m 
Checking out commit '716cc81aca318f3cb6ed9bd81bd29f043db77eff'. [0m 
Building the target project joshua with maven. [0m 
Build was successful. [0m 
For ID 972 the target warning was removed.
Running tests on the target project joshua with maven. [0m 
Collecting ISMELL Evaluation on ID 973
Project checkout procedure starting. [0m 
Cloning from URL 'https://github.com/wmixvideo/nfe.git' to path 'cca_workspace_5/nfe'. [0m 
Checking out commit 'd0b2ce5ea0749448b1b3dbb9bef88d7eccd05240'. [0m 
Building the target project nfe with maven. [0m 
Build failed. [0m 
For ID 973 the target warning was removed.
Collecting ISMELL Evaluation on ID 974
Project checkout procedure starting. [0m 
Cloning from URL 'https://github.com/vivo-project/Vitro.git' to path 'cca_workspace_5/Vitro'. [0m 
Checking out commit '119413413a53cd6ebcbff50d3501f32f72aff6f0'. [0m 
Building the target project Vitro with maven. [0m 
Build was successful. [0m 
For ID 974 the target warning was removed.
Running tests on the target project Vitro with maven. [0m 
Collecting ISMELL Evaluation on ID 975
Project checkout procedure starting. [0m 
Cloning from URL 'https://github.com/Esri/geometry-api-java.git' to path 'cca_workspace_5/geometry-api-java'. [0m 
Checking out commit 'a1af6612f4de7fc1baee1c331c335f154a4a96c9'. [0m 
Building the target project geometry-api-java with maven. [0m 
Build was successful. [0m 
For ID 975 the target warning was removed.
Running tests on the target project geometry-api-java with maven. [0m 
Collecting ISMELL Evaluation on ID 976
Project checkout procedure starting. [0m 
Cloning from URL 'https://github.com/spring-projects/spring-guice.git' to path 'cca_workspace_5/spring-guice'. [0m 
Checking out commit 'ebfdb1be8eabafc55d0007ff2ec194ddc6f6f15c'. [0m 
Building the target project spring-guice with maven. [0m 
Build was successful. [0m 
For ID 976 the target warning was removed.
Running tests on the target project spring-guice with maven. [0m 
Collecting ISMELL Evaluation on ID 977
Project checkout procedure starting. [0m 
Cloning from URL 'https://github.com/spring-projects/spring-guice.git' to path 'cca_workspace_5/spring-guice'. [0m 
Checking out commit 'ebfdb1be8eabafc55d0007ff2ec194ddc6f6f15c'. [0m 
Building the target project spring-guice with maven. [0m 
Build was successful. [0m 
For ID 977 the target warning was removed.
Running tests on the target project spring-guice with maven. [0m 
Collecting ISMELL Evaluation on ID 978
Project checkout procedure starting. [0m 
Cloning from URL 'https://github.com/vivo-project/Vitro.git' to path 'cca_workspace_5/Vitro'. [0m 
Checking out commit '119413413a53cd6ebcbff50d3501f32f72aff6f0'. [0m 
Building the target project Vitro with maven. [0m 
Build was successful. [0m 
For ID 978 the target warning was removed.
Running tests on the target project Vitro with maven. [0m 
Collecting ISMELL Evaluation on ID 979
Project checkout procedure starting. [0m 
Cloning from URL 'https://github.com/vivo-project/Vitro.git' to path 'cca_workspace_5/Vitro'. [0m 
Checking out commit '119413413a53cd6ebcbff50d3501f32f72aff6f0'. [0m 
Building the target project Vitro with maven. [0m 
Build was successful. [0m 
For ID 979 the target warning was removed.
Running tests on the target project Vitro with maven. [0m 
Collecting ISMELL Evaluation on ID 980
Project checkout procedure starting. [0m 
Cloning from URL 'https://github.com/danfickle/openhtmltopdf.git' to path 'cca_workspace_5/openhtmltopdf'. [0m 
Checking out commit '0dcb7e4b8c80d0fbf6d21f970ccab7a701221b5d'. [0m 
Building the target project openhtmltopdf with maven. [0m 
Build was successful. [0m 
For ID 980 the target warning was removed.
Running tests on the target project openhtmltopdf with maven. [0m 
Collecting ISMELL Evaluation on ID 981
Project checkout procedure starting. [0m 
Cloning from URL 'https://github.com/Esri/geometry-api-java.git' to path 'cca_workspace_5/geometry-api-java'. [0m 
Checking out commit 'a1af6612f4de7fc1baee1c331c335f154a4a96c9'. [0m 
Building the target project geometry-api-java with maven. [0m 
Build failed. [0m 
For ID 981 the target warning was removed.
Collecting ISMELL Evaluation on ID 982
Project checkout procedure starting. [0m 
Cloning from URL 'https://github.com/Esri/geometry-api-java.git' to path 'cca_workspace_5/geometry-api-java'. [0m 
Checking out commit 'a1af6612f4de7fc1baee1c331c335f154a4a96c9'. [0m 
Building the target project geometry-api-java with maven. [0m 
Build was successful. [0m 
For ID 982 the target warning was removed.
Running tests on the target project geometry-api-java with maven. [0m 
Collecting ISMELL Evaluation on ID 983
Project checkout procedure starting. [0m 
Cloning from URL 'https://github.com/GlenKPeterson/Paguro.git' to path 'cca_workspace_5/Paguro'. [0m 
Checking out commit 'de98375df2dd9c26a8cb618d51862f52c64602af'. [0m 
Building the target project Paguro with maven. [0m 
Build was successful. [0m 
For ID 983 the target warning was removed.
Running tests on the target project Paguro with maven. [0m 
Collecting ISMELL Evaluation on ID 984
Project checkout procedure starting. [0m 
Cloning from URL 'https://github.com/opentripplanner/OpenTripPlanner.git' to path 'cca_workspace_5/OpenTripPlanner'. [0m 
Checking out commit 'cc7de54e949771dca9cb7e91b1f0456ae141e9b6'. [0m 
Building the target project OpenTripPlanner with maven. [0m 
Build was successful. [0m 
For ID 984 the target warning was removed.
Running tests on the target project OpenTripPlanner with maven. [0m 
Collecting ISMELL Evaluation on ID 985
Project checkout procedure starting. [0m 
Cloning from URL 'https://github.com/xerial/sqlite-jdbc.git' to path 'cca_workspace_5/sqlite-jdbc'. [0m 
Checking out commit '6ca62fd07bf7faf58e923ba8651757621ffc693c'. [0m 
Building the target project sqlite-jdbc with maven. [0m 
Build was successful. [0m 
For ID 985 the target warning was removed.
Running tests on the target project sqlite-jdbc with maven. [0m 
Collecting ISMELL Evaluation on ID 986
Project checkout procedure starting. [0m 
Cloning from URL 'https://github.com/superblaubeere27/obfuscator.git' to path 'cca_workspace_5/obfuscator'. [0m 
Checking out commit 'cc4421d7afe7aead7f59435b28aaba5bc69115b3'. [0m 
Building the target project obfuscator with maven. [0m 
Build was successful. [0m 
For ID 986 the target warning was removed.
Running tests on the target project obfuscator with maven. [0m 
Collecting ISMELL Evaluation on ID 987
Project checkout procedure starting. [0m 
Cloning from URL 'https://github.com/locationtech/jts.git' to path 'cca_workspace_5/jts'. [0m 
Checking out commit '402acb6e4d8cfb0a1de061811455564176483288'. [0m 
Building the target project jts with maven. [0m 
Build was successful. [0m 
For ID 987 the target warning was removed.
Running tests on the target project jts with maven. [0m 
Collecting ISMELL Evaluation on ID 988
Project checkout procedure starting. [0m 
Cloning from URL 'https://github.com/CloudburstMC/Nukkit.git' to path 'cca_workspace_5/Nukkit'. [0m 
Checking out commit '47d54ad26109b5d89936e0d9123c591a99a2cf60'. [0m 
Building the target project Nukkit with maven. [0m 
Build failed. [0m 
For ID 988 the target warning was removed.
Collecting ISMELL Evaluation on ID 989
Project checkout procedure starting. [0m 
Cloning from URL 'https://github.com/xjodoin/torpedoquery.git' to path 'cca_workspace_5/torpedoquery'. [0m 
Checking out commit 'da8b5ad47115375a40d9a9b059cbfee615eb41ca'. [0m 
Building the target project torpedoquery with maven. [0m 
Build was successful. [0m 
For ID 989 the target warning was removed.
Running tests on the target project torpedoquery with maven. [0m 
Collecting ISMELL Evaluation on ID 990
Project checkout procedure starting. [0m 
Cloning from URL 'https://github.com/aeshell/aesh.git' to path 'cca_workspace_5/aesh'. [0m 
Checking out commit 'cfebb087dc3c2b580bb4c64a46333243a9497192'. [0m 
Building the target project aesh with maven. [0m 
Build failed. [0m 
For ID 990 the target warning was removed.
Collecting ISMELL Evaluation on ID 991
Project checkout procedure starting. [0m 
Cloning from URL 'https://github.com/indvd00m/java-ascii-render.git' to path 'cca_workspace_5/java-ascii-render'. [0m 
Checking out commit '611c08cef73367d6f6d20eb4f8f4721f917a42c6'. [0m 
Building the target project java-ascii-render with maven. [0m 
Build was successful. [0m 
For ID 991 the target warning was removed.
Running tests on the target project java-ascii-render with maven. [0m 
Collecting ISMELL Evaluation on ID 992
Project checkout procedure starting. [0m 
Cloning from URL 'https://github.com/opentripplanner/OpenTripPlanner.git' to path 'cca_workspace_5/OpenTripPlanner'. [0m 
Checking out commit 'cc7de54e949771dca9cb7e91b1f0456ae141e9b6'. [0m 
Building the target project OpenTripPlanner with maven. [0m 
Build was successful. [0m 
For ID 992 the target warning was removed.
Running tests on the target project OpenTripPlanner with maven. [0m 
Collecting ISMELL Evaluation on ID 993
Project checkout procedure starting. [0m 
Cloning from URL 'https://github.com/vivo-project/Vitro.git' to path 'cca_workspace_5/Vitro'. [0m 
Checking out commit '119413413a53cd6ebcbff50d3501f32f72aff6f0'. [0m 
Building the target project Vitro with maven. [0m 
Build failed. [0m 
For ID 993 the target warning was removed.
Collecting ISMELL Evaluation on ID 994
Project checkout procedure starting. [0m 
Cloning from URL 'https://github.com/Wikidata/Wikidata-Toolkit.git' to path 'cca_workspace_5/Wikidata-Toolkit'. [0m 
Checking out commit '8400cdd50528f0d21eea93bacf5998ba950b30ce'. [0m 
Building the target project Wikidata-Toolkit with maven. [0m 
Build was successful. [0m 
For ID 994 the target warning was removed.
Running tests on the target project Wikidata-Toolkit with maven. [0m 
Collecting ISMELL Evaluation on ID 995
Project checkout procedure starting. [0m 
Cloning from URL 'https://github.com/vivo-project/Vitro.git' to path 'cca_workspace_5/Vitro'. [0m 
Checking out commit '119413413a53cd6ebcbff50d3501f32f72aff6f0'. [0m 
Building the target project Vitro with maven. [0m 
Build was successful. [0m 
For ID 995 the target warning was removed.
Running tests on the target project Vitro with maven. [0m 
Collecting ISMELL Evaluation on ID 996
Project checkout procedure starting. [0m 
Cloning from URL 'https://github.com/matomo-org/matomo-java-tracker.git' to path 'cca_workspace_5/matomo-java-tracker'. [0m 
Checking out commit 'a1dbaae91944c5185da03c5b67e2640a7349a4c4'. [0m 
Building the target project matomo-java-tracker with maven. [0m 
Build was successful. [0m 
For ID 996 the target warning was removed.
Running tests on the target project matomo-java-tracker with maven. [0m 
Collecting ISMELL Evaluation on ID 997
Project checkout procedure starting. [0m 
Cloning from URL 'https://github.com/locationtech/jts.git' to path 'cca_workspace_5/jts'. [0m 
Checking out commit '402acb6e4d8cfb0a1de061811455564176483288'. [0m 
Building the target project jts with maven. [0m 
Build was successful. [0m 
For ID 997 the target warning was removed.
Running tests on the target project jts with maven. [0m 
Collecting ISMELL Evaluation on ID 998
Project checkout procedure starting. [0m 
Cloning from URL 'https://github.com/Esri/geometry-api-java.git' to path 'cca_workspace_5/geometry-api-java'. [0m 
Checking out commit 'a1af6612f4de7fc1baee1c331c335f154a4a96c9'. [0m 
Building the target project geometry-api-java with maven. [0m 
Build was successful. [0m 
For ID 998 the target warning was !NOT! removed.
Running tests on the target project geometry-api-java with maven. [0m 
Collecting ISMELL Evaluation on ID 999
Project checkout procedure starting. [0m 
Cloning from URL 'https://github.com/w3c/epubcheck.git' to path 'cca_workspace_5/epubcheck'. [0m 
Checking out commit '794b7ce290c32ea8c3f4a5e4f441aac11fcf2484'. [0m 
Building the target project epubcheck with maven. [0m 
Build was successful. [0m 
For ID 999 the target warning was removed.
Running tests on the target project epubcheck with maven. [0m 
Collecting ISMELL Evaluation on ID 1000
Project checkout procedure starting. [0m 
Cloning from URL 'https://github.com/vivo-project/Vitro.git' to path 'cca_workspace_5/Vitro'. [0m 
Checking out commit '119413413a53cd6ebcbff50d3501f32f72aff6f0'. [0m 
Building the target project Vitro with maven. [0m 
Build was successful. [0m 
For ID 1000 the target warning was removed.
Running tests on the target project Vitro with maven. [0m 
End time: 1769772934734362968
Time needed: 5992263505495
Time per instance: 5992263505.495
