Start time: 1769692130356009508
Collecting ISMELL Evaluation on ID 176
Project checkout procedure starting. [0m 
Cloning from URL 'https://github.com/hcoles/pitest.git' to path 'cca_workspace_5/pitest'. [0m 
Checking out commit 'b3d752994e4e0234bb9494e739b1960240f1f9d3'. [0m 
Building the target project pitest with maven. [0m 
Build was successful. [0m 
For ID 176 the target warning was removed.
Running tests on the target project pitest with maven. [0m 
Collecting ISMELL Evaluation on ID 177
Project checkout procedure starting. [0m 
Cloning from URL 'https://github.com/locationtech/jts.git' to path 'cca_workspace_5/jts'. [0m 
Checking out commit '402acb6e4d8cfb0a1de061811455564176483288'. [0m 
Building the target project jts with maven. [0m 
Build was successful. [0m 
For ID 177 the target warning was removed.
Running tests on the target project jts with maven. [0m 
Collecting ISMELL Evaluation on ID 178
Project checkout procedure starting. [0m 
Cloning from URL 'https://github.com/vivo-project/Vitro.git' to path 'cca_workspace_5/Vitro'. [0m 
Checking out commit '119413413a53cd6ebcbff50d3501f32f72aff6f0'. [0m 
Building the target project Vitro with maven. [0m 
Build was successful. [0m 
For ID 178 the target warning was removed.
Running tests on the target project Vitro with maven. [0m 
Collecting ISMELL Evaluation on ID 179
Project checkout procedure starting. [0m 
Cloning from URL 'https://github.com/houbb/sensitive.git' to path 'cca_workspace_5/sensitive'. [0m 
Checking out commit 'f22bec97d00a10352011bca71efe76b8142a0228'. [0m 
Building the target project sensitive with maven. [0m 
Build was successful. [0m 
For ID 179 the target warning was removed.
Running tests on the target project sensitive with maven. [0m 
Collecting ISMELL Evaluation on ID 180
Project checkout procedure starting. [0m 
Cloning from URL 'https://github.com/locationtech/jts.git' to path 'cca_workspace_5/jts'. [0m 
Checking out commit '402acb6e4d8cfb0a1de061811455564176483288'. [0m 
Building the target project jts with maven. [0m 
Build was successful. [0m 
For ID 180 the target warning was removed.
Running tests on the target project jts with maven. [0m 
Collecting ISMELL Evaluation on ID 181
Project checkout procedure starting. [0m 
Cloning from URL 'https://github.com/hcoles/pitest.git' to path 'cca_workspace_5/pitest'. [0m 
Checking out commit 'b3d752994e4e0234bb9494e739b1960240f1f9d3'. [0m 
Building the target project pitest with maven. [0m 
Build was successful. [0m 
For ID 181 the target warning was removed.
Running tests on the target project pitest with maven. [0m 
Collecting ISMELL Evaluation on ID 182
Project checkout procedure starting. [0m 
Cloning from URL 'https://github.com/Wikidata/Wikidata-Toolkit.git' to path 'cca_workspace_5/Wikidata-Toolkit'. [0m 
Checking out commit '8400cdd50528f0d21eea93bacf5998ba950b30ce'. [0m 
Building the target project Wikidata-Toolkit with maven. [0m 
Build was successful. [0m 
For ID 182 the target warning was !NOT! removed.
Running tests on the target project Wikidata-Toolkit with maven. [0m 
Collecting ISMELL Evaluation on ID 183
Project checkout procedure starting. [0m 
Cloning from URL 'https://github.com/vivo-project/Vitro.git' to path 'cca_workspace_5/Vitro'. [0m 
Checking out commit '119413413a53cd6ebcbff50d3501f32f72aff6f0'. [0m 
Building the target project Vitro with maven. [0m 
Build was successful. [0m 
For ID 183 the target warning was !NOT! removed.
Running tests on the target project Vitro with maven. [0m 
Collecting ISMELL Evaluation on ID 184
Project checkout procedure starting. [0m 
Cloning from URL 'https://github.com/opentracing-contrib/java-jdbc.git' to path 'cca_workspace_5/java-jdbc'. [0m 
Checking out commit 'b5cb21418cc77795c6ccdd4a55753c6cb4bc8647'. [0m 
Building the target project java-jdbc with maven. [0m 
Build was successful. [0m 
For ID 184 the target warning was removed.
Running tests on the target project java-jdbc with maven. [0m 
Collecting ISMELL Evaluation on ID 185
Project checkout procedure starting. [0m 
Cloning from URL 'https://github.com/opentripplanner/OpenTripPlanner.git' to path 'cca_workspace_5/OpenTripPlanner'. [0m 
Checking out commit 'cc7de54e949771dca9cb7e91b1f0456ae141e9b6'. [0m 
Building the target project OpenTripPlanner with maven. [0m 
Build was successful. [0m 
For ID 185 the target warning was removed.
Running tests on the target project OpenTripPlanner with maven. [0m 
Collecting ISMELL Evaluation on ID 186
Project checkout procedure starting. [0m 
Cloning from URL 'https://github.com/hcoles/pitest.git' to path 'cca_workspace_5/pitest'. [0m 
Checking out commit 'b3d752994e4e0234bb9494e739b1960240f1f9d3'. [0m 
Building the target project pitest with maven. [0m 
Build failed. [0m 
For ID 186 the target warning was removed.
Collecting ISMELL Evaluation on ID 187
Project checkout procedure starting. [0m 
Cloning from URL 'https://github.com/w3c/epubcheck.git' to path 'cca_workspace_5/epubcheck'. [0m 
Checking out commit '794b7ce290c32ea8c3f4a5e4f441aac11fcf2484'. [0m 
Building the target project epubcheck with maven. [0m 
Build was successful. [0m 
For ID 187 the target warning was removed.
Running tests on the target project epubcheck with maven. [0m 
Collecting ISMELL Evaluation on ID 188
Project checkout procedure starting. [0m 
Cloning from URL 'https://github.com/danfickle/openhtmltopdf.git' to path 'cca_workspace_5/openhtmltopdf'. [0m 
Checking out commit '0dcb7e4b8c80d0fbf6d21f970ccab7a701221b5d'. [0m 
Building the target project openhtmltopdf with maven. [0m 
Build was successful. [0m 
For ID 188 the target warning was removed.
Running tests on the target project openhtmltopdf with maven. [0m 
Collecting ISMELL Evaluation on ID 189
Project checkout procedure starting. [0m 
Cloning from URL 'https://github.com/danfickle/openhtmltopdf.git' to path 'cca_workspace_5/openhtmltopdf'. [0m 
Checking out commit '0dcb7e4b8c80d0fbf6d21f970ccab7a701221b5d'. [0m 
Building the target project openhtmltopdf with maven. [0m 
Build was successful. [0m 
For ID 189 the target warning was removed.
Running tests on the target project openhtmltopdf with maven. [0m 
Collecting ISMELL Evaluation on ID 190
Project checkout procedure starting. [0m 
Cloning from URL 'https://github.com/protostuff/protostuff.git' to path 'cca_workspace_5/protostuff'. [0m 
Checking out commit 'eb32eaabd397e7a90eb799ead13eda4d6ea8d1d0'. [0m 
Building the target project protostuff with maven. [0m 
Build was successful. [0m 
For ID 190 the target warning was removed.
Running tests on the target project protostuff with maven. [0m 
Collecting ISMELL Evaluation on ID 191
Project checkout procedure starting. [0m 
Cloning from URL 'https://github.com/gturri/aXMLRPC.git' to path 'cca_workspace_5/aXMLRPC'. [0m 
Checking out commit '1532363c6d3a06174a88d395b93df58811de5445'. [0m 
Building the target project aXMLRPC with maven. [0m 
Build was successful. [0m 
For ID 191 the target warning was !NOT! removed.
Running tests on the target project aXMLRPC with maven. [0m 
Collecting ISMELL Evaluation on ID 192
Project checkout procedure starting. [0m 
Cloning from URL 'https://github.com/locationtech/jts.git' to path 'cca_workspace_5/jts'. [0m 
Checking out commit '402acb6e4d8cfb0a1de061811455564176483288'. [0m 
Building the target project jts with maven. [0m 
Build was successful. [0m 
For ID 192 the target warning was removed.
Running tests on the target project jts with maven. [0m 
Collecting ISMELL Evaluation on ID 193
Project checkout procedure starting. [0m 
Cloning from URL 'https://github.com/opentracing-contrib/java-jdbc.git' to path 'cca_workspace_5/java-jdbc'. [0m 
Checking out commit 'b5cb21418cc77795c6ccdd4a55753c6cb4bc8647'. [0m 
Building the target project java-jdbc with maven. [0m 
Build was successful. [0m 
For ID 193 the target warning was !NOT! removed.
Running tests on the target project java-jdbc with maven. [0m 
Collecting ISMELL Evaluation on ID 194
Project checkout procedure starting. [0m 
Cloning from URL 'https://github.com/ozzi-/JWT4B.git' to path 'cca_workspace_5/JWT4B'. [0m 
Checking out commit 'c1e61531a6f4854eda7b9d8a324c10fc861380db'. [0m 
Building the target project JWT4B with maven. [0m 
Build was successful. [0m 
For ID 194 the target warning was removed.
Running tests on the target project JWT4B with maven. [0m 
Collecting ISMELL Evaluation on ID 195
Project checkout procedure starting. [0m 
Cloning from URL 'https://github.com/CloudburstMC/Nukkit.git' to path 'cca_workspace_5/Nukkit'. [0m 
Checking out commit '47d54ad26109b5d89936e0d9123c591a99a2cf60'. [0m 
Building the target project Nukkit with maven. [0m 
Build was successful. [0m 
For ID 195 the target warning was removed.
Running tests on the target project Nukkit with maven. [0m 
Collecting ISMELL Evaluation on ID 196
Project checkout procedure starting. [0m 
Cloning from URL 'https://github.com/3breadt/dd-plist.git' to path 'cca_workspace_5/dd-plist'. [0m 
Checking out commit '91f8ba7fd92a9a503484a540e5fd3e03f411d98a'. [0m 
Building the target project dd-plist with maven. [0m 
Build was successful. [0m 
For ID 196 the target warning was removed.
Running tests on the target project dd-plist with maven. [0m 
Collecting ISMELL Evaluation on ID 197
Project checkout procedure starting. [0m 
Cloning from URL 'https://github.com/CloudburstMC/Nukkit.git' to path 'cca_workspace_5/Nukkit'. [0m 
Checking out commit '47d54ad26109b5d89936e0d9123c591a99a2cf60'. [0m 
Building the target project Nukkit with maven. [0m 
Build was successful. [0m 
For ID 197 the target warning was removed.
Running tests on the target project Nukkit with maven. [0m 
Collecting ISMELL Evaluation on ID 198
Project checkout procedure starting. [0m 
Cloning from URL 'https://github.com/lookfirst/sardine.git' to path 'cca_workspace_5/sardine'. [0m 
Checking out commit 'df3d477ecb57529a0741647e8132ab6fcb2f7700'. [0m 
Building the target project sardine with maven. [0m 
Build was successful. [0m 
For ID 198 the target warning was removed.
Running tests on the target project sardine with maven. [0m 
Collecting ISMELL Evaluation on ID 199
Project checkout procedure starting. [0m 
Cloning from URL 'https://github.com/mmazi/rescu.git' to path 'cca_workspace_5/rescu'. [0m 
Checking out commit '963e5c2c00ad4a521e0b1876e2aade2cf84866f8'. [0m 
Building the target project rescu with maven. [0m 
Build failed. [0m 
For ID 199 the target warning was removed.
Collecting ISMELL Evaluation on ID 200
Project checkout procedure starting. [0m 
Cloning from URL 'https://github.com/movsim/movsim.git' to path 'cca_workspace_5/movsim'. [0m 
Checking out commit '24d4f4b83a7d2e14f16419fbf7ce05cb019c8066'. [0m 
Building the target project movsim with maven. [0m 
Build was successful. [0m 
For ID 200 the target warning was removed.
Running tests on the target project movsim with maven. [0m 
End time: 1769693482221762288
Time needed: 1351865752780
Time per instance: 1351865752.78
