[INFO] Scanning for projects...
[WARNING] The project org.w3c:epubcheck:jar:4.2.5-SNAPSHOT uses prerequisites which is only intended for maven-plugin projects but not for non maven-plugin projects. For such purposes you should use the maven-enforcer-plugin. See https://maven.apache.org/enforcer/enforcer-rules/requireMavenVersion.html
[INFO] 
[INFO] -------------------------< org.w3c:epubcheck >--------------------------
[INFO] Building EPUBCheck :: Validation Tool for EPUB 4.2.5-SNAPSHOT
[INFO] --------------------------------[ jar ]---------------------------------
[INFO] 
[INFO] --- maven-clean-plugin:2.5:clean (default-clean) @ epubcheck ---
[INFO] Deleting /workspaces/xxxx/code_cure_agent/cca_workspace/epubcheck/target
[INFO] 
[INFO] --- maven-enforcer-plugin:1.0:enforce (enforce-maven) @ epubcheck ---
[INFO] 
[INFO] --- license-maven-plugin:1.14:add-third-party (thirdparty-licenses) @ epubcheck ---
[WARNING] There is 1 dependencies with no license :
[WARNING]  - isorelax--isorelax--20030108
[WARNING] There is 1 dependencies with no license :
[WARNING]  - isorelax--isorelax--20030108
[INFO] Writing third-party file to /workspaces/xxxx/code_cure_agent/cca_workspace/epubcheck/target/generated-sources/license/THIRD-PARTY.txt
[INFO] 
[INFO] --- maven-resources-plugin:2.6:resources (default-resources) @ epubcheck ---
[INFO] Using 'UTF-8' encoding to copy filtered resources.
[INFO] Copying 5 resources to /workspaces/xxxx/code_cure_agent/cca_workspace/epubcheck/target
[INFO] Copying 333 resources
[INFO] Copying 1 resource
[INFO] Copying 1 resource
[INFO] 
[INFO] --- xml-maven-plugin:1.0.1:transform (default) @ epubcheck ---
[INFO] Transforming file: /workspaces/xxxx/code_cure_agent/cca_workspace/epubcheck/src/main/resources/com/adobe/epubcheck/schema/30/collection-manifest-30.sch
[INFO] Transforming file: /workspaces/xxxx/code_cure_agent/cca_workspace/epubcheck/src/main/resources/com/adobe/epubcheck/schema/30/media-overlay-30.sch
[INFO] Transforming file: /workspaces/xxxx/code_cure_agent/cca_workspace/epubcheck/src/main/resources/com/adobe/epubcheck/schema/30/epub-xhtml-30.sch
[INFO] Transforming file: /workspaces/xxxx/code_cure_agent/cca_workspace/epubcheck/src/main/resources/com/adobe/epubcheck/schema/30/ocf-metadata-30.sch
[INFO] Transforming file: /workspaces/xxxx/code_cure_agent/cca_workspace/epubcheck/src/main/resources/com/adobe/epubcheck/schema/30/epub-svg-30.sch
[INFO] Transforming file: /workspaces/xxxx/code_cure_agent/cca_workspace/epubcheck/src/main/resources/com/adobe/epubcheck/schema/30/package-30.sch
[INFO] Transforming file: /workspaces/xxxx/code_cure_agent/cca_workspace/epubcheck/src/main/resources/com/adobe/epubcheck/schema/30/collection-do-30.sch
[INFO] Transforming file: /workspaces/xxxx/code_cure_agent/cca_workspace/epubcheck/src/main/resources/com/adobe/epubcheck/schema/30/ocf-encryption-30.sch
[INFO] Transforming file: /workspaces/xxxx/code_cure_agent/cca_workspace/epubcheck/src/main/resources/com/adobe/epubcheck/schema/30/epub-nav-30.sch
[INFO] Transformed 9 file(s).
[INFO] Transforming file: /workspaces/xxxx/code_cure_agent/cca_workspace/epubcheck/target/generated-resources/intermediate-schema/collection-manifest-30.sch
[INFO] Transforming file: /workspaces/xxxx/code_cure_agent/cca_workspace/epubcheck/target/generated-resources/intermediate-schema/media-overlay-30.sch
[INFO] Transforming file: /workspaces/xxxx/code_cure_agent/cca_workspace/epubcheck/target/generated-resources/intermediate-schema/epub-xhtml-30.sch
[INFO] Transforming file: /workspaces/xxxx/code_cure_agent/cca_workspace/epubcheck/target/generated-resources/intermediate-schema/ocf-metadata-30.sch
[INFO] Transforming file: /workspaces/xxxx/code_cure_agent/cca_workspace/epubcheck/target/generated-resources/intermediate-schema/epub-svg-30.sch
[INFO] Transforming file: /workspaces/xxxx/code_cure_agent/cca_workspace/epubcheck/target/generated-resources/intermediate-schema/package-30.sch
[INFO] Transforming file: /workspaces/xxxx/code_cure_agent/cca_workspace/epubcheck/target/generated-resources/intermediate-schema/collection-do-30.sch
[INFO] Transforming file: /workspaces/xxxx/code_cure_agent/cca_workspace/epubcheck/target/generated-resources/intermediate-schema/ocf-encryption-30.sch
[INFO] Transforming file: /workspaces/xxxx/code_cure_agent/cca_workspace/epubcheck/target/generated-resources/intermediate-schema/epub-nav-30.sch
[INFO] Transformed 9 file(s).
[INFO] 
[INFO] --- maven-compiler-plugin:3.7.0:compile (default-compile) @ epubcheck ---
[INFO] Changes detected - recompiling the module!
[INFO] Compiling 221 source files to /workspaces/xxxx/code_cure_agent/cca_workspace/epubcheck/target/classes
[INFO] 
[INFO] --- maven-bundle-plugin:3.2.0:manifest (bundle-manifest) @ epubcheck ---
[INFO] 
[INFO] --- maven-resources-plugin:2.6:testResources (default-testResources) @ epubcheck ---
[INFO] Using 'UTF-8' encoding to copy filtered resources.
[INFO] Copying 2279 resources
[INFO] 
[INFO] --- maven-compiler-plugin:3.7.0:testCompile (default-testCompile) @ epubcheck ---
[INFO] Changes detected - recompiling the module!
[INFO] Compiling 24 source files to /workspaces/xxxx/code_cure_agent/cca_workspace/epubcheck/target/test-classes
[INFO] -------------------------------------------------------------
[ERROR] COMPILATION ERROR : 
[INFO] -------------------------------------------------------------
[ERROR] /workspaces/xxxx/code_cure_agent/cca_workspace/epubcheck/src/test/java/com/adobe/epubcheck/tools/CommandLineTest.java:[510,1] illegal start of type
[ERROR] /workspaces/xxxx/code_cure_agent/cca_workspace/epubcheck/src/test/java/com/adobe/epubcheck/tools/CommandLineTest.java:[512,12] class, interface, or enum expected
[ERROR] /workspaces/xxxx/code_cure_agent/cca_workspace/epubcheck/src/test/java/com/adobe/epubcheck/tools/CommandLineTest.java:[514,45] <identifier> expected
[ERROR] /workspaces/xxxx/code_cure_agent/cca_workspace/epubcheck/src/test/java/com/adobe/epubcheck/tools/CommandLineTest.java:[515,9] invalid method declaration; return type required
[ERROR] /workspaces/xxxx/code_cure_agent/cca_workspace/epubcheck/src/test/java/com/adobe/epubcheck/tools/CommandLineTest.java:[515,28] illegal start of type
[ERROR] /workspaces/xxxx/code_cure_agent/cca_workspace/epubcheck/src/test/java/com/adobe/epubcheck/tools/CommandLineTest.java:[517,9] invalid method declaration; return type required
[ERROR] /workspaces/xxxx/code_cure_agent/cca_workspace/epubcheck/src/test/java/com/adobe/epubcheck/tools/CommandLineTest.java:[517,20] illegal start of type
[ERROR] /workspaces/xxxx/code_cure_agent/cca_workspace/epubcheck/src/test/java/com/adobe/epubcheck/tools/CommandLineTest.java:[518,9] invalid method declaration; return type required
[ERROR] /workspaces/xxxx/code_cure_agent/cca_workspace/epubcheck/src/test/java/com/adobe/epubcheck/tools/CommandLineTest.java:[518,20] illegal start of type
[ERROR] /workspaces/xxxx/code_cure_agent/cca_workspace/epubcheck/src/test/java/com/adobe/epubcheck/tools/CommandLineTest.java:[519,9] invalid method declaration; return type required
[ERROR] /workspaces/xxxx/code_cure_agent/cca_workspace/epubcheck/src/test/java/com/adobe/epubcheck/tools/CommandLineTest.java:[519,20] illegal start of type
[ERROR] /workspaces/xxxx/code_cure_agent/cca_workspace/epubcheck/src/test/java/com/adobe/epubcheck/tools/CommandLineTest.java:[527,12] class, interface, or enum expected
[ERROR] /workspaces/xxxx/code_cure_agent/cca_workspace/epubcheck/src/test/java/com/adobe/epubcheck/tools/CommandLineTest.java:[529,45] <identifier> expected
[ERROR] /workspaces/xxxx/code_cure_agent/cca_workspace/epubcheck/src/test/java/com/adobe/epubcheck/tools/CommandLineTest.java:[530,9] invalid method declaration; return type required
[ERROR] /workspaces/xxxx/code_cure_agent/cca_workspace/epubcheck/src/test/java/com/adobe/epubcheck/tools/CommandLineTest.java:[530,28] illegal start of type
[ERROR] /workspaces/xxxx/code_cure_agent/cca_workspace/epubcheck/src/test/java/com/adobe/epubcheck/tools/CommandLineTest.java:[532,9] invalid method declaration; return type required
[ERROR] /workspaces/xxxx/code_cure_agent/cca_workspace/epubcheck/src/test/java/com/adobe/epubcheck/tools/CommandLineTest.java:[532,20] illegal start of type
[ERROR] /workspaces/xxxx/code_cure_agent/cca_workspace/epubcheck/src/test/java/com/adobe/epubcheck/tools/CommandLineTest.java:[533,9] invalid method declaration; return type required
[ERROR] /workspaces/xxxx/code_cure_agent/cca_workspace/epubcheck/src/test/java/com/adobe/epubcheck/tools/CommandLineTest.java:[533,20] illegal start of type
[ERROR] /workspaces/xxxx/code_cure_agent/cca_workspace/epubcheck/src/test/java/com/adobe/epubcheck/tools/CommandLineTest.java:[534,9] invalid method declaration; return type required
[ERROR] /workspaces/xxxx/code_cure_agent/cca_workspace/epubcheck/src/test/java/com/adobe/epubcheck/tools/CommandLineTest.java:[534,20] illegal start of type
[ERROR] /workspaces/xxxx/code_cure_agent/cca_workspace/epubcheck/src/test/java/com/adobe/epubcheck/tools/CommandLineTest.java:[541,12] class, interface, or enum expected
[ERROR] /workspaces/xxxx/code_cure_agent/cca_workspace/epubcheck/src/test/java/com/adobe/epubcheck/tools/CommandLineTest.java:[543,45] <identifier> expected
[ERROR] /workspaces/xxxx/code_cure_agent/cca_workspace/epubcheck/src/test/java/com/adobe/epubcheck/tools/CommandLineTest.java:[544,9] invalid method declaration; return type required
[ERROR] /workspaces/xxxx/code_cure_agent/cca_workspace/epubcheck/src/test/java/com/adobe/epubcheck/tools/CommandLineTest.java:[544,28] illegal start of type
[ERROR] /workspaces/xxxx/code_cure_agent/cca_workspace/epubcheck/src/test/java/com/adobe/epubcheck/tools/CommandLineTest.java:[546,9] invalid method declaration; return type required
[ERROR] /workspaces/xxxx/code_cure_agent/cca_workspace/epubcheck/src/test/java/com/adobe/epubcheck/tools/CommandLineTest.java:[546,20] illegal start of type
[ERROR] /workspaces/xxxx/code_cure_agent/cca_workspace/epubcheck/src/test/java/com/adobe/epubcheck/tools/CommandLineTest.java:[547,9] invalid method declaration; return type required
[ERROR] /workspaces/xxxx/code_cure_agent/cca_workspace/epubcheck/src/test/java/com/adobe/epubcheck/tools/CommandLineTest.java:[547,20] illegal start of type
[ERROR] /workspaces/xxxx/code_cure_agent/cca_workspace/epubcheck/src/test/java/com/adobe/epubcheck/tools/CommandLineTest.java:[548,9] invalid method declaration; return type required
[ERROR] /workspaces/xxxx/code_cure_agent/cca_workspace/epubcheck/src/test/java/com/adobe/epubcheck/tools/CommandLineTest.java:[548,20] illegal start of type
[ERROR] /workspaces/xxxx/code_cure_agent/cca_workspace/epubcheck/src/test/java/com/adobe/epubcheck/tools/CommandLineTest.java:[556,12] class, interface, or enum expected
[ERROR] /workspaces/xxxx/code_cure_agent/cca_workspace/epubcheck/src/test/java/com/adobe/epubcheck/tools/CommandLineTest.java:[558,46] <identifier> expected
[ERROR] /workspaces/xxxx/code_cure_agent/cca_workspace/epubcheck/src/test/java/com/adobe/epubcheck/tools/CommandLineTest.java:[561,9] invalid method declaration; return type required
[ERROR] /workspaces/xxxx/code_cure_agent/cca_workspace/epubcheck/src/test/java/com/adobe/epubcheck/tools/CommandLineTest.java:[562,17] illegal start of type
[ERROR] /workspaces/xxxx/code_cure_agent/cca_workspace/epubcheck/src/test/java/com/adobe/epubcheck/tools/CommandLineTest.java:[566,9] invalid method declaration; return type required
[ERROR] /workspaces/xxxx/code_cure_agent/cca_workspace/epubcheck/src/test/java/com/adobe/epubcheck/tools/CommandLineTest.java:[566,20] illegal start of type
[ERROR] /workspaces/xxxx/code_cure_agent/cca_workspace/epubcheck/src/test/java/com/adobe/epubcheck/tools/CommandLineTest.java:[567,9] invalid method declaration; return type required
[ERROR] /workspaces/xxxx/code_cure_agent/cca_workspace/epubcheck/src/test/java/com/adobe/epubcheck/tools/CommandLineTest.java:[567,20] illegal start of type
[ERROR] /workspaces/xxxx/code_cure_agent/cca_workspace/epubcheck/src/test/java/com/adobe/epubcheck/tools/CommandLineTest.java:[568,9] invalid method declaration; return type required
[ERROR] /workspaces/xxxx/code_cure_agent/cca_workspace/epubcheck/src/test/java/com/adobe/epubcheck/tools/CommandLineTest.java:[568,20] illegal start of type
[ERROR] /workspaces/xxxx/code_cure_agent/cca_workspace/epubcheck/src/test/java/com/adobe/epubcheck/tools/CommandLineTest.java:[570,9] invalid method declaration; return type required
[ERROR] /workspaces/xxxx/code_cure_agent/cca_workspace/epubcheck/src/test/java/com/adobe/epubcheck/tools/CommandLineTest.java:[571,17] illegal start of type
[ERROR] /workspaces/xxxx/code_cure_agent/cca_workspace/epubcheck/src/test/java/com/adobe/epubcheck/tools/CommandLineTest.java:[581,12] class, interface, or enum expected
[ERROR] /workspaces/xxxx/code_cure_agent/cca_workspace/epubcheck/src/test/java/com/adobe/epubcheck/tools/CommandLineTest.java:[583,46] <identifier> expected
[ERROR] /workspaces/xxxx/code_cure_agent/cca_workspace/epubcheck/src/test/java/com/adobe/epubcheck/tools/CommandLineTest.java:[587,9] invalid method declaration; return type required
[ERROR] /workspaces/xxxx/code_cure_agent/cca_workspace/epubcheck/src/test/java/com/adobe/epubcheck/tools/CommandLineTest.java:[588,17] illegal start of type
[ERROR] /workspaces/xxxx/code_cure_agent/cca_workspace/epubcheck/src/test/java/com/adobe/epubcheck/tools/CommandLineTest.java:[592,9] invalid method declaration; return type required
[ERROR] /workspaces/xxxx/code_cure_agent/cca_workspace/epubcheck/src/test/java/com/adobe/epubcheck/tools/CommandLineTest.java:[593,17] illegal start of type
[ERROR] /workspaces/xxxx/code_cure_agent/cca_workspace/epubcheck/src/test/java/com/adobe/epubcheck/tools/CommandLineTest.java:[603,12] class, interface, or enum expected
[ERROR] /workspaces/xxxx/code_cure_agent/cca_workspace/epubcheck/src/test/java/com/adobe/epubcheck/tools/CommandLineTest.java:[605,46] <identifier> expected
[ERROR] /workspaces/xxxx/code_cure_agent/cca_workspace/epubcheck/src/test/java/com/adobe/epubcheck/tools/CommandLineTest.java:[608,9] invalid method declaration; return type required
[ERROR] /workspaces/xxxx/code_cure_agent/cca_workspace/epubcheck/src/test/java/com/adobe/epubcheck/tools/CommandLineTest.java:[609,17] illegal start of type
[ERROR] /workspaces/xxxx/code_cure_agent/cca_workspace/epubcheck/src/test/java/com/adobe/epubcheck/tools/CommandLineTest.java:[613,9] invalid method declaration; return type required
[ERROR] /workspaces/xxxx/code_cure_agent/cca_workspace/epubcheck/src/test/java/com/adobe/epubcheck/tools/CommandLineTest.java:[614,17] illegal start of type
[ERROR] /workspaces/xxxx/code_cure_agent/cca_workspace/epubcheck/src/test/java/com/adobe/epubcheck/tools/CommandLineTest.java:[625,12] class, interface, or enum expected
[ERROR] /workspaces/xxxx/code_cure_agent/cca_workspace/epubcheck/src/test/java/com/adobe/epubcheck/tools/CommandLineTest.java:[627,46] <identifier> expected
[ERROR] /workspaces/xxxx/code_cure_agent/cca_workspace/epubcheck/src/test/java/com/adobe/epubcheck/tools/CommandLineTest.java:[630,9] invalid method declaration; return type required
[ERROR] /workspaces/xxxx/code_cure_agent/cca_workspace/epubcheck/src/test/java/com/adobe/epubcheck/tools/CommandLineTest.java:[631,17] illegal start of type
[ERROR] /workspaces/xxxx/code_cure_agent/cca_workspace/epubcheck/src/test/java/com/adobe/epubcheck/tools/CommandLineTest.java:[635,9] invalid method declaration; return type required
[ERROR] /workspaces/xxxx/code_cure_agent/cca_workspace/epubcheck/src/test/java/com/adobe/epubcheck/tools/CommandLineTest.java:[636,17] illegal start of type
[ERROR] /workspaces/xxxx/code_cure_agent/cca_workspace/epubcheck/src/test/java/com/adobe/epubcheck/tools/CommandLineTest.java:[646,12] class, interface, or enum expected
[ERROR] /workspaces/xxxx/code_cure_agent/cca_workspace/epubcheck/src/test/java/com/adobe/epubcheck/tools/CommandLineTest.java:[648,46] <identifier> expected
[ERROR] /workspaces/xxxx/code_cure_agent/cca_workspace/epubcheck/src/test/java/com/adobe/epubcheck/tools/CommandLineTest.java:[651,9] invalid method declaration; return type required
[ERROR] /workspaces/xxxx/code_cure_agent/cca_workspace/epubcheck/src/test/java/com/adobe/epubcheck/tools/CommandLineTest.java:[652,17] illegal start of type
[ERROR] /workspaces/xxxx/code_cure_agent/cca_workspace/epubcheck/src/test/java/com/adobe/epubcheck/tools/CommandLineTest.java:[656,9] invalid method declaration; return type required
[ERROR] /workspaces/xxxx/code_cure_agent/cca_workspace/epubcheck/src/test/java/com/adobe/epubcheck/tools/CommandLineTest.java:[657,17] illegal start of type
[ERROR] /workspaces/xxxx/code_cure_agent/cca_workspace/epubcheck/src/test/java/com/adobe/epubcheck/tools/CommandLineTest.java:[667,12] class, interface, or enum expected
[ERROR] /workspaces/xxxx/code_cure_agent/cca_workspace/epubcheck/src/test/java/com/adobe/epubcheck/tools/CommandLineTest.java:[669,46] <identifier> expected
[ERROR] /workspaces/xxxx/code_cure_agent/cca_workspace/epubcheck/src/test/java/com/adobe/epubcheck/tools/CommandLineTest.java:[672,9] invalid method declaration; return type required
[ERROR] /workspaces/xxxx/code_cure_agent/cca_workspace/epubcheck/src/test/java/com/adobe/epubcheck/tools/CommandLineTest.java:[673,17] illegal start of type
[ERROR] /workspaces/xxxx/code_cure_agent/cca_workspace/epubcheck/src/test/java/com/adobe/epubcheck/tools/CommandLineTest.java:[677,9] invalid method declaration; return type required
[ERROR] /workspaces/xxxx/code_cure_agent/cca_workspace/epubcheck/src/test/java/com/adobe/epubcheck/tools/CommandLineTest.java:[678,17] illegal start of type
[ERROR] /workspaces/xxxx/code_cure_agent/cca_workspace/epubcheck/src/test/java/com/adobe/epubcheck/tools/CommandLineTest.java:[687,12] class, interface, or enum expected
[ERROR] /workspaces/xxxx/code_cure_agent/cca_workspace/epubcheck/src/test/java/com/adobe/epubcheck/tools/CommandLineTest.java:[689,45] <identifier> expected
[ERROR] /workspaces/xxxx/code_cure_agent/cca_workspace/epubcheck/src/test/java/com/adobe/epubcheck/tools/CommandLineTest.java:[691,9] invalid method declaration; return type required
[ERROR] /workspaces/xxxx/code_cure_agent/cca_workspace/epubcheck/src/test/java/com/adobe/epubcheck/tools/CommandLineTest.java:[692,17] illegal start of type
[ERROR] /workspaces/xxxx/code_cure_agent/cca_workspace/epubcheck/src/test/java/com/adobe/epubcheck/tools/CommandLineTest.java:[702,12] class, interface, or enum expected
[ERROR] /workspaces/xxxx/code_cure_agent/cca_workspace/epubcheck/src/test/java/com/adobe/epubcheck/tools/CommandLineTest.java:[704,45] <identifier> expected
[ERROR] /workspaces/xxxx/code_cure_agent/cca_workspace/epubcheck/src/test/java/com/adobe/epubcheck/tools/CommandLineTest.java:[706,9] invalid method declaration; return type required
[ERROR] /workspaces/xxxx/code_cure_agent/cca_workspace/epubcheck/src/test/java/com/adobe/epubcheck/tools/CommandLineTest.java:[707,17] illegal start of type
[ERROR] /workspaces/xxxx/code_cure_agent/cca_workspace/epubcheck/src/test/java/com/adobe/epubcheck/tools/CommandLineTest.java:[718,12] class, interface, or enum expected
[ERROR] /workspaces/xxxx/code_cure_agent/cca_workspace/epubcheck/src/test/java/com/adobe/epubcheck/tools/CommandLineTest.java:[720,45] <identifier> expected
[ERROR] /workspaces/xxxx/code_cure_agent/cca_workspace/epubcheck/src/test/java/com/adobe/epubcheck/tools/CommandLineTest.java:[723,9] invalid method declaration; return type required
[ERROR] /workspaces/xxxx/code_cure_agent/cca_workspace/epubcheck/src/test/java/com/adobe/epubcheck/tools/CommandLineTest.java:[724,17] illegal start of type
[ERROR] /workspaces/xxxx/code_cure_agent/cca_workspace/epubcheck/src/test/java/com/adobe/epubcheck/tools/CommandLineTest.java:[729,9] invalid method declaration; return type required
[ERROR] /workspaces/xxxx/code_cure_agent/cca_workspace/epubcheck/src/test/java/com/adobe/epubcheck/tools/CommandLineTest.java:[729,23] illegal start of type
[ERROR] /workspaces/xxxx/code_cure_agent/cca_workspace/epubcheck/src/test/java/com/adobe/epubcheck/tools/CommandLineTest.java:[731,9] illegal start of type
[ERROR] /workspaces/xxxx/code_cure_agent/cca_workspace/epubcheck/src/test/java/com/adobe/epubcheck/tools/CommandLineTest.java:[731,26] <identifier> expected
[ERROR] /workspaces/xxxx/code_cure_agent/cca_workspace/epubcheck/src/test/java/com/adobe/epubcheck/tools/CommandLineTest.java:[731,28] ';' expected
[ERROR] /workspaces/xxxx/code_cure_agent/cca_workspace/epubcheck/src/test/java/com/adobe/epubcheck/tools/CommandLineTest.java:[744,12] class, interface, or enum expected
[ERROR] /workspaces/xxxx/code_cure_agent/cca_workspace/epubcheck/src/test/java/com/adobe/epubcheck/tools/CommandLineTest.java:[746,45] <identifier> expected
[ERROR] /workspaces/xxxx/code_cure_agent/cca_workspace/epubcheck/src/test/java/com/adobe/epubcheck/tools/CommandLineTest.java:[749,9] invalid method declaration; return type required
[ERROR] /workspaces/xxxx/code_cure_agent/cca_workspace/epubcheck/src/test/java/com/adobe/epubcheck/tools/CommandLineTest.java:[750,17] illegal start of type
[ERROR] /workspaces/xxxx/code_cure_agent/cca_workspace/epubcheck/src/test/java/com/adobe/epubcheck/tools/CommandLineTest.java:[756,17] <identifier> expected
[ERROR] /workspaces/xxxx/code_cure_agent/cca_workspace/epubcheck/src/test/java/com/adobe/epubcheck/tools/CommandLineTest.java:[756,25] <identifier> expected
[ERROR] /workspaces/xxxx/code_cure_agent/cca_workspace/epubcheck/src/test/java/com/adobe/epubcheck/tools/CommandLineTest.java:[758,9] illegal start of type
[ERROR] /workspaces/xxxx/code_cure_agent/cca_workspace/epubcheck/src/test/java/com/adobe/epubcheck/tools/CommandLineTest.java:[758,26] <identifier> expected
[ERROR] /workspaces/xxxx/code_cure_agent/cca_workspace/epubcheck/src/test/java/com/adobe/epubcheck/tools/CommandLineTest.java:[758,28] ';' expected
[ERROR] /workspaces/xxxx/code_cure_agent/cca_workspace/epubcheck/src/test/java/com/adobe/epubcheck/tools/CommandLineTest.java:[770,12] class, interface, or enum expected
[INFO] 100 errors 
[INFO] -------------------------------------------------------------
[INFO] ------------------------------------------------------------------------
[INFO] BUILD FAILURE
[INFO] ------------------------------------------------------------------------
[INFO] Total time:  7.907 s
[INFO] Finished at: 2025-08-20T22:58:39Z
[INFO] ------------------------------------------------------------------------
[ERROR] Failed to execute goal org.apache.maven.plugins:maven-compiler-plugin:3.7.0:testCompile (default-testCompile) on project epubcheck: Compilation failure: Compilation failure: 
[ERROR] /workspaces/xxxx/code_cure_agent/cca_workspace/epubcheck/src/test/java/com/adobe/epubcheck/tools/CommandLineTest.java:[510,1] illegal start of type
[ERROR] /workspaces/xxxx/code_cure_agent/cca_workspace/epubcheck/src/test/java/com/adobe/epubcheck/tools/CommandLineTest.java:[512,12] class, interface, or enum expected
[ERROR] /workspaces/xxxx/code_cure_agent/cca_workspace/epubcheck/src/test/java/com/adobe/epubcheck/tools/CommandLineTest.java:[514,45] <identifier> expected
[ERROR] /workspaces/xxxx/code_cure_agent/cca_workspace/epubcheck/src/test/java/com/adobe/epubcheck/tools/CommandLineTest.java:[515,9] invalid method declaration; return type required
[ERROR] /workspaces/xxxx/code_cure_agent/cca_workspace/epubcheck/src/test/java/com/adobe/epubcheck/tools/CommandLineTest.java:[515,28] illegal start of type
[ERROR] /workspaces/xxxx/code_cure_agent/cca_workspace/epubcheck/src/test/java/com/adobe/epubcheck/tools/CommandLineTest.java:[517,9] invalid method declaration; return type required
[ERROR] /workspaces/xxxx/code_cure_agent/cca_workspace/epubcheck/src/test/java/com/adobe/epubcheck/tools/CommandLineTest.java:[517,20] illegal start of type
[ERROR] /workspaces/xxxx/code_cure_agent/cca_workspace/epubcheck/src/test/java/com/adobe/epubcheck/tools/CommandLineTest.java:[518,9] invalid method declaration; return type required
[ERROR] /workspaces/xxxx/code_cure_agent/cca_workspace/epubcheck/src/test/java/com/adobe/epubcheck/tools/CommandLineTest.java:[518,20] illegal start of type
[ERROR] /workspaces/xxxx/code_cure_agent/cca_workspace/epubcheck/src/test/java/com/adobe/epubcheck/tools/CommandLineTest.java:[519,9] invalid method declaration; return type required
[ERROR] /workspaces/xxxx/code_cure_agent/cca_workspace/epubcheck/src/test/java/com/adobe/epubcheck/tools/CommandLineTest.java:[519,20] illegal start of type
[ERROR] /workspaces/xxxx/code_cure_agent/cca_workspace/epubcheck/src/test/java/com/adobe/epubcheck/tools/CommandLineTest.java:[527,12] class, interface, or enum expected
[ERROR] /workspaces/xxxx/code_cure_agent/cca_workspace/epubcheck/src/test/java/com/adobe/epubcheck/tools/CommandLineTest.java:[529,45] <identifier> expected
[ERROR] /workspaces/xxxx/code_cure_agent/cca_workspace/epubcheck/src/test/java/com/adobe/epubcheck/tools/CommandLineTest.java:[530,9] invalid method declaration; return type required
[ERROR] /workspaces/xxxx/code_cure_agent/cca_workspace/epubcheck/src/test/java/com/adobe/epubcheck/tools/CommandLineTest.java:[530,28] illegal start of type
[ERROR] /workspaces/xxxx/code_cure_agent/cca_workspace/epubcheck/src/test/java/com/adobe/epubcheck/tools/CommandLineTest.java:[532,9] invalid method declaration; return type required
[ERROR] /workspaces/xxxx/code_cure_agent/cca_workspace/epubcheck/src/test/java/com/adobe/epubcheck/tools/CommandLineTest.java:[532,20] illegal start of type
[ERROR] /workspaces/xxxx/code_cure_agent/cca_workspace/epubcheck/src/test/java/com/adobe/epubcheck/tools/CommandLineTest.java:[533,9] invalid method declaration; return type required
[ERROR] /workspaces/xxxx/code_cure_agent/cca_workspace/epubcheck/src/test/java/com/adobe/epubcheck/tools/CommandLineTest.java:[533,20] illegal start of type
[ERROR] /workspaces/xxxx/code_cure_agent/cca_workspace/epubcheck/src/test/java/com/adobe/epubcheck/tools/CommandLineTest.java:[534,9] invalid method declaration; return type required
[ERROR] /workspaces/xxxx/code_cure_agent/cca_workspace/epubcheck/src/test/java/com/adobe/epubcheck/tools/CommandLineTest.java:[534,20] illegal start of type
[ERROR] /workspaces/xxxx/code_cure_agent/cca_workspace/epubcheck/src/test/java/com/adobe/epubcheck/tools/CommandLineTest.java:[541,12] class, interface, or enum expected
[ERROR] /workspaces/xxxx/code_cure_agent/cca_workspace/epubcheck/src/test/java/com/adobe/epubcheck/tools/CommandLineTest.java:[543,45] <identifier> expected
[ERROR] /workspaces/xxxx/code_cure_agent/cca_workspace/epubcheck/src/test/java/com/adobe/epubcheck/tools/CommandLineTest.java:[544,9] invalid method declaration; return type required
[ERROR] /workspaces/xxxx/code_cure_agent/cca_workspace/epubcheck/src/test/java/com/adobe/epubcheck/tools/CommandLineTest.java:[544,28] illegal start of type
[ERROR] /workspaces/xxxx/code_cure_agent/cca_workspace/epubcheck/src/test/java/com/adobe/epubcheck/tools/CommandLineTest.java:[546,9] invalid method declaration; return type required
[ERROR] /workspaces/xxxx/code_cure_agent/cca_workspace/epubcheck/src/test/java/com/adobe/epubcheck/tools/CommandLineTest.java:[546,20] illegal start of type
[ERROR] /workspaces/xxxx/code_cure_agent/cca_workspace/epubcheck/src/test/java/com/adobe/epubcheck/tools/CommandLineTest.java:[547,9] invalid method declaration; return type required
[ERROR] /workspaces/xxxx/code_cure_agent/cca_workspace/epubcheck/src/test/java/com/adobe/epubcheck/tools/CommandLineTest.java:[547,20] illegal start of type
[ERROR] /workspaces/xxxx/code_cure_agent/cca_workspace/epubcheck/src/test/java/com/adobe/epubcheck/tools/CommandLineTest.java:[548,9] invalid method declaration; return type required
[ERROR] /workspaces/xxxx/code_cure_agent/cca_workspace/epubcheck/src/test/java/com/adobe/epubcheck/tools/CommandLineTest.java:[548,20] illegal start of type
[ERROR] /workspaces/xxxx/code_cure_agent/cca_workspace/epubcheck/src/test/java/com/adobe/epubcheck/tools/CommandLineTest.java:[556,12] class, interface, or enum expected
[ERROR] /workspaces/xxxx/code_cure_agent/cca_workspace/epubcheck/src/test/java/com/adobe/epubcheck/tools/CommandLineTest.java:[558,46] <identifier> expected
[ERROR] /workspaces/xxxx/code_cure_agent/cca_workspace/epubcheck/src/test/java/com/adobe/epubcheck/tools/CommandLineTest.java:[561,9] invalid method declaration; return type required
[ERROR] /workspaces/xxxx/code_cure_agent/cca_workspace/epubcheck/src/test/java/com/adobe/epubcheck/tools/CommandLineTest.java:[562,17] illegal start of type
[ERROR] /workspaces/xxxx/code_cure_agent/cca_workspace/epubcheck/src/test/java/com/adobe/epubcheck/tools/CommandLineTest.java:[566,9] invalid method declaration; return type required
[ERROR] /workspaces/xxxx/code_cure_agent/cca_workspace/epubcheck/src/test/java/com/adobe/epubcheck/tools/CommandLineTest.java:[566,20] illegal start of type
[ERROR] /workspaces/xxxx/code_cure_agent/cca_workspace/epubcheck/src/test/java/com/adobe/epubcheck/tools/CommandLineTest.java:[567,9] invalid method declaration; return type required
[ERROR] /workspaces/xxxx/code_cure_agent/cca_workspace/epubcheck/src/test/java/com/adobe/epubcheck/tools/CommandLineTest.java:[567,20] illegal start of type
[ERROR] /workspaces/xxxx/code_cure_agent/cca_workspace/epubcheck/src/test/java/com/adobe/epubcheck/tools/CommandLineTest.java:[568,9] invalid method declaration; return type required
[ERROR] /workspaces/xxxx/code_cure_agent/cca_workspace/epubcheck/src/test/java/com/adobe/epubcheck/tools/CommandLineTest.java:[568,20] illegal start of type
[ERROR] /workspaces/xxxx/code_cure_agent/cca_workspace/epubcheck/src/test/java/com/adobe/epubcheck/tools/CommandLineTest.java:[570,9] invalid method declaration; return type required
[ERROR] /workspaces/xxxx/code_cure_agent/cca_workspace/epubcheck/src/test/java/com/adobe/epubcheck/tools/CommandLineTest.java:[571,17] illegal start of type
[ERROR] /workspaces/xxxx/code_cure_agent/cca_workspace/epubcheck/src/test/java/com/adobe/epubcheck/tools/CommandLineTest.java:[581,12] class, interface, or enum expected
[ERROR] /workspaces/xxxx/code_cure_agent/cca_workspace/epubcheck/src/test/java/com/adobe/epubcheck/tools/CommandLineTest.java:[583,46] <identifier> expected
[ERROR] /workspaces/xxxx/code_cure_agent/cca_workspace/epubcheck/src/test/java/com/adobe/epubcheck/tools/CommandLineTest.java:[587,9] invalid method declaration; return type required
[ERROR] /workspaces/xxxx/code_cure_agent/cca_workspace/epubcheck/src/test/java/com/adobe/epubcheck/tools/CommandLineTest.java:[588,17] illegal start of type
[ERROR] /workspaces/xxxx/code_cure_agent/cca_workspace/epubcheck/src/test/java/com/adobe/epubcheck/tools/CommandLineTest.java:[592,9] invalid method declaration; return type required
[ERROR] /workspaces/xxxx/code_cure_agent/cca_workspace/epubcheck/src/test/java/com/adobe/epubcheck/tools/CommandLineTest.java:[593,17] illegal start of type
[ERROR] /workspaces/xxxx/code_cure_agent/cca_workspace/epubcheck/src/test/java/com/adobe/epubcheck/tools/CommandLineTest.java:[603,12] class, interface, or enum expected
[ERROR] /workspaces/xxxx/code_cure_agent/cca_workspace/epubcheck/src/test/java/com/adobe/epubcheck/tools/CommandLineTest.java:[605,46] <identifier> expected
[ERROR] /workspaces/xxxx/code_cure_agent/cca_workspace/epubcheck/src/test/java/com/adobe/epubcheck/tools/CommandLineTest.java:[608,9] invalid method declaration; return type required
[ERROR] /workspaces/xxxx/code_cure_agent/cca_workspace/epubcheck/src/test/java/com/adobe/epubcheck/tools/CommandLineTest.java:[609,17] illegal start of type
[ERROR] /workspaces/xxxx/code_cure_agent/cca_workspace/epubcheck/src/test/java/com/adobe/epubcheck/tools/CommandLineTest.java:[613,9] invalid method declaration; return type required
[ERROR] /workspaces/xxxx/code_cure_agent/cca_workspace/epubcheck/src/test/java/com/adobe/epubcheck/tools/CommandLineTest.java:[614,17] illegal start of type
[ERROR] /workspaces/xxxx/code_cure_agent/cca_workspace/epubcheck/src/test/java/com/adobe/epubcheck/tools/CommandLineTest.java:[625,12] class, interface, or enum expected
[ERROR] /workspaces/xxxx/code_cure_agent/cca_workspace/epubcheck/src/test/java/com/adobe/epubcheck/tools/CommandLineTest.java:[627,46] <identifier> expected
[ERROR] /workspaces/xxxx/code_cure_agent/cca_workspace/epubcheck/src/test/java/com/adobe/epubcheck/tools/CommandLineTest.java:[630,9] invalid method declaration; return type required
[ERROR] /workspaces/xxxx/code_cure_agent/cca_workspace/epubcheck/src/test/java/com/adobe/epubcheck/tools/CommandLineTest.java:[631,17] illegal start of type
[ERROR] /workspaces/xxxx/code_cure_agent/cca_workspace/epubcheck/src/test/java/com/adobe/epubcheck/tools/CommandLineTest.java:[635,9] invalid method declaration; return type required
[ERROR] /workspaces/xxxx/code_cure_agent/cca_workspace/epubcheck/src/test/java/com/adobe/epubcheck/tools/CommandLineTest.java:[636,17] illegal start of type
[ERROR] /workspaces/xxxx/code_cure_agent/cca_workspace/epubcheck/src/test/java/com/adobe/epubcheck/tools/CommandLineTest.java:[646,12] class, interface, or enum expected
[ERROR] /workspaces/xxxx/code_cure_agent/cca_workspace/epubcheck/src/test/java/com/adobe/epubcheck/tools/CommandLineTest.java:[648,46] <identifier> expected
[ERROR] /workspaces/xxxx/code_cure_agent/cca_workspace/epubcheck/src/test/java/com/adobe/epubcheck/tools/CommandLineTest.java:[651,9] invalid method declaration; return type required
[ERROR] /workspaces/xxxx/code_cure_agent/cca_workspace/epubcheck/src/test/java/com/adobe/epubcheck/tools/CommandLineTest.java:[652,17] illegal start of type
[ERROR] /workspaces/xxxx/code_cure_agent/cca_workspace/epubcheck/src/test/java/com/adobe/epubcheck/tools/CommandLineTest.java:[656,9] invalid method declaration; return type required
[ERROR] /workspaces/xxxx/code_cure_agent/cca_workspace/epubcheck/src/test/java/com/adobe/epubcheck/tools/CommandLineTest.java:[657,17] illegal start of type
[ERROR] /workspaces/xxxx/code_cure_agent/cca_workspace/epubcheck/src/test/java/com/adobe/epubcheck/tools/CommandLineTest.java:[667,12] class, interface, or enum expected
[ERROR] /workspaces/xxxx/code_cure_agent/cca_workspace/epubcheck/src/test/java/com/adobe/epubcheck/tools/CommandLineTest.java:[669,46] <identifier> expected
[ERROR] /workspaces/xxxx/code_cure_agent/cca_workspace/epubcheck/src/test/java/com/adobe/epubcheck/tools/CommandLineTest.java:[672,9] invalid method declaration; return type required
[ERROR] /workspaces/xxxx/code_cure_agent/cca_workspace/epubcheck/src/test/java/com/adobe/epubcheck/tools/CommandLineTest.java:[673,17] illegal start of type
[ERROR] /workspaces/xxxx/code_cure_agent/cca_workspace/epubcheck/src/test/java/com/adobe/epubcheck/tools/CommandLineTest.java:[677,9] invalid method declaration; return type required
[ERROR] /workspaces/xxxx/code_cure_agent/cca_workspace/epubcheck/src/test/java/com/adobe/epubcheck/tools/CommandLineTest.java:[678,17] illegal start of type
[ERROR] /workspaces/xxxx/code_cure_agent/cca_workspace/epubcheck/src/test/java/com/adobe/epubcheck/tools/CommandLineTest.java:[687,12] class, interface, or enum expected
[ERROR] /workspaces/xxxx/code_cure_agent/cca_workspace/epubcheck/src/test/java/com/adobe/epubcheck/tools/CommandLineTest.java:[689,45] <identifier> expected
[ERROR] /workspaces/xxxx/code_cure_agent/cca_workspace/epubcheck/src/test/java/com/adobe/epubcheck/tools/CommandLineTest.java:[691,9] invalid method declaration; return type required
[ERROR] /workspaces/xxxx/code_cure_agent/cca_workspace/epubcheck/src/test/java/com/adobe/epubcheck/tools/CommandLineTest.java:[692,17] illegal start of type
[ERROR] /workspaces/xxxx/code_cure_agent/cca_workspace/epubcheck/src/test/java/com/adobe/epubcheck/tools/CommandLineTest.java:[702,12] class, interface, or enum expected
[ERROR] /workspaces/xxxx/code_cure_agent/cca_workspace/epubcheck/src/test/java/com/adobe/epubcheck/tools/CommandLineTest.java:[704,45] <identifier> expected
[ERROR] /workspaces/xxxx/code_cure_agent/cca_workspace/epubcheck/src/test/java/com/adobe/epubcheck/tools/CommandLineTest.java:[706,9] invalid method declaration; return type required
[ERROR] /workspaces/xxxx/code_cure_agent/cca_workspace/epubcheck/src/test/java/com/adobe/epubcheck/tools/CommandLineTest.java:[707,17] illegal start of type
[ERROR] /workspaces/xxxx/code_cure_agent/cca_workspace/epubcheck/src/test/java/com/adobe/epubcheck/tools/CommandLineTest.java:[718,12] class, interface, or enum expected
[ERROR] /workspaces/xxxx/code_cure_agent/cca_workspace/epubcheck/src/test/java/com/adobe/epubcheck/tools/CommandLineTest.java:[720,45] <identifier> expected
[ERROR] /workspaces/xxxx/code_cure_agent/cca_workspace/epubcheck/src/test/java/com/adobe/epubcheck/tools/CommandLineTest.java:[723,9] invalid method declaration; return type required
[ERROR] /workspaces/xxxx/code_cure_agent/cca_workspace/epubcheck/src/test/java/com/adobe/epubcheck/tools/CommandLineTest.java:[724,17] illegal start of type
[ERROR] /workspaces/xxxx/code_cure_agent/cca_workspace/epubcheck/src/test/java/com/adobe/epubcheck/tools/CommandLineTest.java:[729,9] invalid method declaration; return type required
[ERROR] /workspaces/xxxx/code_cure_agent/cca_workspace/epubcheck/src/test/java/com/adobe/epubcheck/tools/CommandLineTest.java:[729,23] illegal start of type
[ERROR] /workspaces/xxxx/code_cure_agent/cca_workspace/epubcheck/src/test/java/com/adobe/epubcheck/tools/CommandLineTest.java:[731,9] illegal start of type
[ERROR] /workspaces/xxxx/code_cure_agent/cca_workspace/epubcheck/src/test/java/com/adobe/epubcheck/tools/CommandLineTest.java:[731,26] <identifier> expected
[ERROR] /workspaces/xxxx/code_cure_agent/cca_workspace/epubcheck/src/test/java/com/adobe/epubcheck/tools/CommandLineTest.java:[731,28] ';' expected
[ERROR] /workspaces/xxxx/code_cure_agent/cca_workspace/epubcheck/src/test/java/com/adobe/epubcheck/tools/CommandLineTest.java:[744,12] class, interface, or enum expected
[ERROR] /workspaces/xxxx/code_cure_agent/cca_workspace/epubcheck/src/test/java/com/adobe/epubcheck/tools/CommandLineTest.java:[746,45] <identifier> expected
[ERROR] /workspaces/xxxx/code_cure_agent/cca_workspace/epubcheck/src/test/java/com/adobe/epubcheck/tools/CommandLineTest.java:[749,9] invalid method declaration; return type required
[ERROR] /workspaces/xxxx/code_cure_agent/cca_workspace/epubcheck/src/test/java/com/adobe/epubcheck/tools/CommandLineTest.java:[750,17] illegal start of type
[ERROR] /workspaces/xxxx/code_cure_agent/cca_workspace/epubcheck/src/test/java/com/adobe/epubcheck/tools/CommandLineTest.java:[756,17] <identifier> expected
[ERROR] /workspaces/xxxx/code_cure_agent/cca_workspace/epubcheck/src/test/java/com/adobe/epubcheck/tools/CommandLineTest.java:[756,25] <identifier> expected
[ERROR] /workspaces/xxxx/code_cure_agent/cca_workspace/epubcheck/src/test/java/com/adobe/epubcheck/tools/CommandLineTest.java:[758,9] illegal start of type
[ERROR] /workspaces/xxxx/code_cure_agent/cca_workspace/epubcheck/src/test/java/com/adobe/epubcheck/tools/CommandLineTest.java:[758,26] <identifier> expected
[ERROR] /workspaces/xxxx/code_cure_agent/cca_workspace/epubcheck/src/test/java/com/adobe/epubcheck/tools/CommandLineTest.java:[758,28] ';' expected
[ERROR] /workspaces/xxxx/code_cure_agent/cca_workspace/epubcheck/src/test/java/com/adobe/epubcheck/tools/CommandLineTest.java:[770,12] class, interface, or enum expected
[ERROR] -> [Help 1]
[ERROR] 
[ERROR] To see the full stack trace of the errors, re-run Maven with the -e switch.
[ERROR] Re-run Maven using the -X switch to enable full debug logging.
[ERROR] 
[ERROR] For more information about the errors and possible solutions, please read the following articles:
[ERROR] [Help 1] http://cwiki.apache.org/confluence/display/MAVEN/MojoFailureException
