[INFO] Scanning for projects...
[INFO] ------------------------------------------------------------------------
[INFO] Reactor Build Order:
[INFO] 
[INFO] OpenStack4j Parent                                                 [pom]
[INFO] OpenStack4j Core                                                   [jar]
[INFO] OpenStack4j Test Cases                                             [jar]
[INFO] OpenStack4j Connectors                                             [pom]
[INFO] OpenStack4j Jersey2 Connector                                      [jar]
[INFO] OpenStack4j RestEasy Connector                                     [jar]
[INFO] OpenStack4j HttpComponents-HttpClient Connector                    [jar]
[INFO] OpenStack4j OKHttp Connector                                       [jar]
[INFO] OpenStack4j HttpURL Connector                                      [jar]
[INFO] OpenStack4j Distribution                                           [jar]
[INFO] OpenStack4j Integration test Cases                                 [pom]
[INFO] OpenStack4j IntegrationTest Jersey2 Connector                      [jar]
[INFO] OpenStack4j IntegrationTest RestEasy Connector                     [jar]
[INFO] OpenStack4j IntegrationTest OKHttp Connector                       [jar]
[INFO] OpenStack4j IntegrationTest Apache HttpClient                      [jar]
[INFO] 
[INFO] -------------------< org.pacesys:openstack4j-parent >-------------------
[INFO] Building OpenStack4j Parent 3.2.1-SNAPSHOT                        [1/15]
[INFO] --------------------------------[ pom ]---------------------------------
[INFO] 
[INFO] --- maven-clean-plugin:2.5:clean (default-clean) @ openstack4j-parent ---
[INFO] 
[INFO] --- maven-resources-plugin:2.6:copy-resources (copy-resources) @ openstack4j-parent ---
[INFO] Using 'UTF-8' encoding to copy filtered resources.
[INFO] Copying 1 resource
[INFO] 
[INFO] --- maven-enforcer-plugin:1.4.1:enforce (enforce-maven) @ openstack4j-parent ---
[INFO] 
[INFO] --- build-helper-maven-plugin:1.9.1:attach-artifact (attach-artifacts) @ openstack4j-parent ---
[INFO] 
[INFO] --------------------< org.pacesys:openstack4j-core >--------------------
[INFO] Building OpenStack4j Core 3.2.1-SNAPSHOT                          [2/15]
[INFO] --------------------------------[ jar ]---------------------------------
[INFO] 
[INFO] --- maven-clean-plugin:2.5:clean (default-clean) @ openstack4j-core ---
[INFO] 
[INFO] --- maven-enforcer-plugin:1.4.1:enforce (enforce-maven) @ openstack4j-core ---
[INFO] 
[INFO] --- maven-resources-plugin:2.6:resources (default-resources) @ openstack4j-core ---
[INFO] Using 'UTF-8' encoding to copy filtered resources.
[INFO] Copying 1 resource
[INFO] 
[INFO] --- maven-compiler-plugin:3.0:compile (default-compile) @ openstack4j-core ---
[INFO] Changes detected - recompiling the module!
[INFO] Compiling 1517 source files to /workspaces/CodeCureAgent/code_cure_agent/cca_workspace/openstack4j/core/target/classes
[WARNING] /workspaces/CodeCureAgent/code_cure_agent/cca_workspace/openstack4j/core/src/main/java/org/openstack4j/openstack/murano/v1/domain/MuranoEnvironment.java:[9,46] sun.reflect.generics.reflectiveObjects.NotImplementedException is internal proprietary API and may be removed in a future release
[WARNING] /workspaces/CodeCureAgent/code_cure_agent/cca_workspace/openstack4j/core/src/main/java/org/openstack4j/openstack/compute/domain/actions/BasicActions.java: Some input files use or override a deprecated API.
[WARNING] /workspaces/CodeCureAgent/code_cure_agent/cca_workspace/openstack4j/core/src/main/java/org/openstack4j/openstack/compute/domain/actions/BasicActions.java: Recompile with -Xlint:deprecation for details.
[WARNING] /workspaces/CodeCureAgent/code_cure_agent/cca_workspace/openstack4j/core/src/main/java/org/openstack4j/openstack/internal/BaseOpenStackService.java: Some input files use unchecked or unsafe operations.
[WARNING] /workspaces/CodeCureAgent/code_cure_agent/cca_workspace/openstack4j/core/src/main/java/org/openstack4j/openstack/internal/BaseOpenStackService.java: Recompile with -Xlint:unchecked for details.
[INFO] 
[INFO] --- maven-bundle-plugin:2.5.3:manifest (bundle-manifest) @ openstack4j-core ---
[WARNING] Manifest org.pacesys:openstack4j-core:jar:3.2.1-SNAPSHOT : Export org.openstack4j.openstack.gbp.internal,  has 1,  private references [org.openstack4j.openstack.networking.internal], 
[WARNING] Manifest org.pacesys:openstack4j-core:jar:3.2.1-SNAPSHOT : Unknown directive cardinality: in Require-Capability, allowed directives are effective:,resolution:,filter:, and 'x-*'.
[INFO] 
[INFO] --- maven-resources-plugin:2.6:testResources (default-testResources) @ openstack4j-core ---
[INFO] Using 'UTF-8' encoding to copy filtered resources.
[INFO] skip non existing resourceDirectory /workspaces/CodeCureAgent/code_cure_agent/cca_workspace/openstack4j/core/src/test/resources
[INFO] 
[INFO] --- maven-compiler-plugin:3.0:testCompile (default-testCompile) @ openstack4j-core ---
[INFO] Changes detected - recompiling the module!
[INFO] Compiling 4 source files to /workspaces/CodeCureAgent/code_cure_agent/cca_workspace/openstack4j/core/target/test-classes
[INFO] 
[INFO] --- maven-surefire-plugin:2.12.4:test (default-test) @ openstack4j-core ---
[INFO] Tests are skipped.
[INFO] 
[INFO] --- maven-jar-plugin:2.6:jar (default-jar) @ openstack4j-core ---
[INFO] Building jar: /workspaces/CodeCureAgent/code_cure_agent/cca_workspace/openstack4j/core/target/openstack4j-core-2.0.0.jar
[INFO] 
[INFO] --- maven-shade-plugin:1.3.3:shade (default) @ openstack4j-core ---
[INFO] Including org.yaml:snakeyaml:jar:1.15 in the shaded jar.
[INFO] Including com.google.guava:guava:jar:20.0 in the shaded jar.
[INFO] Including com.fasterxml.jackson.core:jackson-databind:jar:2.7.3 in the shaded jar.
[INFO] Including com.fasterxml.jackson.core:jackson-annotations:jar:2.7.0 in the shaded jar.
[INFO] Including com.fasterxml.jackson.core:jackson-core:jar:2.7.3 in the shaded jar.
[INFO] Including com.fasterxml.jackson.dataformat:jackson-dataformat-yaml:jar:2.7.3 in the shaded jar.
[INFO] Including com.google.code.findbugs:jsr305:jar:2.0.0 in the shaded jar.
[INFO] Including org.slf4j:slf4j-api:jar:1.7.21 in the shaded jar.
[INFO] Including com.github.fge:json-patch:jar:1.9 in the shaded jar.
[INFO] Including com.github.fge:jackson-coreutils:jar:1.6 in the shaded jar.
[INFO] Including com.github.fge:msg-simple:jar:1.1 in the shaded jar.
[INFO] Including com.github.fge:btf:jar:1.2 in the shaded jar.
[INFO] Attaching shaded artifact.
[INFO] 
[INFO] -----------------< org.pacesys:openstack4j-core-test >------------------
[INFO] Building OpenStack4j Test Cases 3.2.1-SNAPSHOT                    [3/15]
[INFO] --------------------------------[ jar ]---------------------------------
[INFO] 
[INFO] --- maven-clean-plugin:2.5:clean (default-clean) @ openstack4j-core-test ---
[INFO] 
[INFO] --- maven-enforcer-plugin:1.4.1:enforce (enforce-maven) @ openstack4j-core-test ---
[INFO] 
[INFO] --- maven-resources-plugin:2.6:resources (default-resources) @ openstack4j-core-test ---
[INFO] Using 'UTF-8' encoding to copy filtered resources.
[INFO] Copying 374 resources
[INFO] 
[INFO] --- maven-compiler-plugin:3.0:compile (default-compile) @ openstack4j-core-test ---
[INFO] Changes detected - recompiling the module!
[INFO] Compiling 143 source files to /workspaces/CodeCureAgent/code_cure_agent/cca_workspace/openstack4j/core-test/target/classes
[WARNING] /workspaces/CodeCureAgent/code_cure_agent/cca_workspace/openstack4j/core-test/src/main/java/org/openstack4j/api/storage/VolumeTests.java: /workspaces/CodeCureAgent/code_cure_agent/cca_workspace/openstack4j/core-test/src/main/java/org/openstack4j/api/storage/VolumeTests.java uses or overrides a deprecated API.
[WARNING] /workspaces/CodeCureAgent/code_cure_agent/cca_workspace/openstack4j/core-test/src/main/java/org/openstack4j/api/storage/VolumeTests.java: Recompile with -Xlint:deprecation for details.
[WARNING] /workspaces/CodeCureAgent/code_cure_agent/cca_workspace/openstack4j/core-test/src/main/java/org/openstack4j/openstack/common/ServiceTypeTest.java: Some input files use unchecked or unsafe operations.
[WARNING] /workspaces/CodeCureAgent/code_cure_agent/cca_workspace/openstack4j/core-test/src/main/java/org/openstack4j/openstack/common/ServiceTypeTest.java: Recompile with -Xlint:unchecked for details.
[INFO] 
[INFO] --- maven-resources-plugin:2.6:testResources (default-testResources) @ openstack4j-core-test ---
[INFO] Using 'UTF-8' encoding to copy filtered resources.
[INFO] skip non existing resourceDirectory /workspaces/CodeCureAgent/code_cure_agent/cca_workspace/openstack4j/core-test/src/test/resources
[INFO] 
[INFO] --- maven-compiler-plugin:3.0:testCompile (default-testCompile) @ openstack4j-core-test ---
[INFO] No sources to compile
[INFO] 
[INFO] --- maven-surefire-plugin:2.12.4:test (default-test) @ openstack4j-core-test ---
[INFO] Tests are skipped.
[INFO] 
[INFO] --- maven-jar-plugin:2.6:jar (default-jar) @ openstack4j-core-test ---
[INFO] Building jar: /workspaces/CodeCureAgent/code_cure_agent/cca_workspace/openstack4j/core-test/target/openstack4j-core-test-2.0.0.jar
[INFO] 
[INFO] -----< org.pacesys.openstack4j.connectors:openstack4j-connectors >------
[INFO] Building OpenStack4j Connectors 3.2.1-SNAPSHOT                    [4/15]
[INFO] --------------------------------[ pom ]---------------------------------
[INFO] 
[INFO] --- maven-clean-plugin:2.5:clean (default-clean) @ openstack4j-connectors ---
[INFO] 
[INFO] --- maven-enforcer-plugin:1.4.1:enforce (enforce-maven) @ openstack4j-connectors ---
[INFO] 
[INFO] -------< org.pacesys.openstack4j.connectors:openstack4j-jersey2 >-------
[INFO] Building OpenStack4j Jersey2 Connector 3.2.1-SNAPSHOT             [5/15]
[INFO] --------------------------------[ jar ]---------------------------------
[INFO] 
[INFO] --- maven-clean-plugin:2.5:clean (default-clean) @ openstack4j-jersey2 ---
[INFO] Deleting /workspaces/CodeCureAgent/code_cure_agent/cca_workspace/openstack4j/connectors/jersey2/target
[INFO] 
[INFO] --- maven-enforcer-plugin:1.4.1:enforce (enforce-maven) @ openstack4j-jersey2 ---
[INFO] 
[INFO] --- maven-resources-plugin:2.6:resources (default-resources) @ openstack4j-jersey2 ---
[INFO] Using 'UTF-8' encoding to copy filtered resources.
[INFO] Copying 1 resource
[INFO] 
[INFO] --- maven-compiler-plugin:3.0:compile (default-compile) @ openstack4j-jersey2 ---
[INFO] Changes detected - recompiling the module!
[INFO] Compiling 4 source files to /workspaces/CodeCureAgent/code_cure_agent/cca_workspace/openstack4j/connectors/jersey2/target/classes
[INFO] 
[INFO] --- maven-bundle-plugin:2.5.3:manifest (bundle-manifest) @ openstack4j-jersey2 ---
[INFO] 
[INFO] --- maven-resources-plugin:2.6:testResources (default-testResources) @ openstack4j-jersey2 ---
[INFO] Using 'UTF-8' encoding to copy filtered resources.
[INFO] skip non existing resourceDirectory /workspaces/CodeCureAgent/code_cure_agent/cca_workspace/openstack4j/connectors/jersey2/src/test/resources
[INFO] 
[INFO] --- maven-compiler-plugin:3.0:testCompile (default-testCompile) @ openstack4j-jersey2 ---
[INFO] No sources to compile
[INFO] 
[INFO] --- maven-surefire-plugin:2.18.1:test (default-test) @ openstack4j-jersey2 ---
[INFO] Tests are skipped.
[INFO] 
[INFO] --- maven-jar-plugin:2.6:jar (default-jar) @ openstack4j-jersey2 ---
[INFO] Building jar: /workspaces/CodeCureAgent/code_cure_agent/cca_workspace/openstack4j/connectors/jersey2/target/openstack4j-jersey2-2.0.0.jar
[INFO] 
[INFO] ------< org.pacesys.openstack4j.connectors:openstack4j-resteasy >-------
[INFO] Building OpenStack4j RestEasy Connector 3.2.1-SNAPSHOT            [6/15]
[INFO] --------------------------------[ jar ]---------------------------------
[INFO] 
[INFO] --- maven-clean-plugin:2.5:clean (default-clean) @ openstack4j-resteasy ---
[INFO] Deleting /workspaces/CodeCureAgent/code_cure_agent/cca_workspace/openstack4j/connectors/resteasy/target
[INFO] 
[INFO] --- maven-enforcer-plugin:1.4.1:enforce (enforce-maven) @ openstack4j-resteasy ---
[INFO] 
[INFO] --- maven-resources-plugin:2.6:resources (default-resources) @ openstack4j-resteasy ---
[INFO] Using 'UTF-8' encoding to copy filtered resources.
[INFO] Copying 1 resource
[INFO] 
[INFO] --- maven-compiler-plugin:3.0:compile (default-compile) @ openstack4j-resteasy ---
[INFO] Changes detected - recompiling the module!
[INFO] Compiling 5 source files to /workspaces/CodeCureAgent/code_cure_agent/cca_workspace/openstack4j/connectors/resteasy/target/classes
[INFO] 
[INFO] --- maven-bundle-plugin:2.5.3:manifest (bundle-manifest) @ openstack4j-resteasy ---
[INFO] 
[INFO] --- maven-resources-plugin:2.6:testResources (default-testResources) @ openstack4j-resteasy ---
[INFO] Using 'UTF-8' encoding to copy filtered resources.
[INFO] skip non existing resourceDirectory /workspaces/CodeCureAgent/code_cure_agent/cca_workspace/openstack4j/connectors/resteasy/src/test/resources
[INFO] 
[INFO] --- maven-compiler-plugin:3.0:testCompile (default-testCompile) @ openstack4j-resteasy ---
[INFO] No sources to compile
[INFO] 
[INFO] --- maven-surefire-plugin:2.18.1:test (default-test) @ openstack4j-resteasy ---
[INFO] Tests are skipped.
[INFO] 
[INFO] --- maven-jar-plugin:2.6:jar (default-jar) @ openstack4j-resteasy ---
[INFO] Building jar: /workspaces/CodeCureAgent/code_cure_agent/cca_workspace/openstack4j/connectors/resteasy/target/openstack4j-resteasy-2.0.0.jar
[INFO] 
[INFO] -----< org.pacesys.openstack4j.connectors:openstack4j-httpclient >------
[INFO] Building OpenStack4j HttpComponents-HttpClient Connector 3.2.1-SNAPSHOT [7/15]
[INFO] --------------------------------[ jar ]---------------------------------
[INFO] 
[INFO] --- maven-clean-plugin:2.5:clean (default-clean) @ openstack4j-httpclient ---
[INFO] Deleting /workspaces/CodeCureAgent/code_cure_agent/cca_workspace/openstack4j/connectors/httpclient/target
[INFO] 
[INFO] --- maven-enforcer-plugin:1.4.1:enforce (enforce-maven) @ openstack4j-httpclient ---
[INFO] 
[INFO] --- maven-resources-plugin:2.6:resources (default-resources) @ openstack4j-httpclient ---
[INFO] Using 'UTF-8' encoding to copy filtered resources.
[INFO] Copying 1 resource
[INFO] 
[INFO] --- maven-compiler-plugin:3.0:compile (default-compile) @ openstack4j-httpclient ---
[INFO] Changes detected - recompiling the module!
[INFO] Compiling 5 source files to /workspaces/CodeCureAgent/code_cure_agent/cca_workspace/openstack4j/connectors/httpclient/target/classes
[INFO] 
[INFO] --- maven-bundle-plugin:2.5.3:manifest (bundle-manifest) @ openstack4j-httpclient ---
[INFO] 
[INFO] --- maven-resources-plugin:2.6:testResources (default-testResources) @ openstack4j-httpclient ---
[INFO] Using 'UTF-8' encoding to copy filtered resources.
[INFO] skip non existing resourceDirectory /workspaces/CodeCureAgent/code_cure_agent/cca_workspace/openstack4j/connectors/httpclient/src/test/resources
[INFO] 
[INFO] --- maven-compiler-plugin:3.0:testCompile (default-testCompile) @ openstack4j-httpclient ---
[INFO] No sources to compile
[INFO] 
[INFO] --- maven-surefire-plugin:2.18.1:test (default-test) @ openstack4j-httpclient ---
[INFO] Tests are skipped.
[INFO] 
[INFO] --- maven-jar-plugin:2.6:jar (default-jar) @ openstack4j-httpclient ---
[INFO] Building jar: /workspaces/CodeCureAgent/code_cure_agent/cca_workspace/openstack4j/connectors/httpclient/target/openstack4j-httpclient-2.0.0.jar
[INFO] 
[INFO] -------< org.pacesys.openstack4j.connectors:openstack4j-okhttp >--------
[INFO] Building OpenStack4j OKHttp Connector 3.2.1-SNAPSHOT              [8/15]
[INFO] --------------------------------[ jar ]---------------------------------
[INFO] 
[INFO] --- maven-clean-plugin:2.5:clean (default-clean) @ openstack4j-okhttp ---
[INFO] Deleting /workspaces/CodeCureAgent/code_cure_agent/cca_workspace/openstack4j/connectors/okhttp/target
[INFO] 
[INFO] --- maven-enforcer-plugin:1.4.1:enforce (enforce-maven) @ openstack4j-okhttp ---
[INFO] 
[INFO] --- maven-resources-plugin:2.6:resources (default-resources) @ openstack4j-okhttp ---
[INFO] Using 'UTF-8' encoding to copy filtered resources.
[INFO] Copying 1 resource
[INFO] 
[INFO] --- maven-compiler-plugin:3.0:compile (default-compile) @ openstack4j-okhttp ---
[INFO] Changes detected - recompiling the module!
[INFO] Compiling 3 source files to /workspaces/CodeCureAgent/code_cure_agent/cca_workspace/openstack4j/connectors/okhttp/target/classes
[WARNING] /workspaces/CodeCureAgent/code_cure_agent/cca_workspace/openstack4j/connectors/okhttp/src/main/java/org/openstack4j/connectors/okhttp/HttpResponseImpl.java: /workspaces/CodeCureAgent/code_cure_agent/cca_workspace/openstack4j/connectors/okhttp/src/main/java/org/openstack4j/connectors/okhttp/HttpResponseImpl.java uses or overrides a deprecated API.
[WARNING] /workspaces/CodeCureAgent/code_cure_agent/cca_workspace/openstack4j/connectors/okhttp/src/main/java/org/openstack4j/connectors/okhttp/HttpResponseImpl.java: Recompile with -Xlint:deprecation for details.
[INFO] 
[INFO] --- maven-bundle-plugin:2.5.3:manifest (bundle-manifest) @ openstack4j-okhttp ---
[INFO] 
[INFO] --- maven-resources-plugin:2.6:testResources (default-testResources) @ openstack4j-okhttp ---
[INFO] Using 'UTF-8' encoding to copy filtered resources.
[INFO] skip non existing resourceDirectory /workspaces/CodeCureAgent/code_cure_agent/cca_workspace/openstack4j/connectors/okhttp/src/test/resources
[INFO] 
[INFO] --- maven-compiler-plugin:3.0:testCompile (default-testCompile) @ openstack4j-okhttp ---
[INFO] No sources to compile
[INFO] 
[INFO] --- maven-surefire-plugin:2.18.1:test (default-test) @ openstack4j-okhttp ---
[INFO] Tests are skipped.
[INFO] 
[INFO] --- maven-jar-plugin:2.6:jar (default-jar) @ openstack4j-okhttp ---
[INFO] Building jar: /workspaces/CodeCureAgent/code_cure_agent/cca_workspace/openstack4j/connectors/okhttp/target/openstack4j-okhttp-2.0.0.jar
[INFO] 
[INFO] ---< org.pacesys.openstack4j.connectors:openstack4j-http-connector >----
[INFO] Building OpenStack4j HttpURL Connector 3.2.1-SNAPSHOT             [9/15]
[INFO] --------------------------------[ jar ]---------------------------------
[INFO] 
[INFO] --- maven-clean-plugin:2.5:clean (default-clean) @ openstack4j-http-connector ---
[INFO] 
[INFO] --- maven-enforcer-plugin:1.4.1:enforce (enforce-maven) @ openstack4j-http-connector ---
[INFO] 
[INFO] --- maven-resources-plugin:2.6:resources (default-resources) @ openstack4j-http-connector ---
[INFO] Using 'UTF-8' encoding to copy filtered resources.
[INFO] Copying 1 resource
[INFO] 
[INFO] --- maven-compiler-plugin:3.0:compile (default-compile) @ openstack4j-http-connector ---
[INFO] Changes detected - recompiling the module!
[INFO] Compiling 3 source files to /workspaces/CodeCureAgent/code_cure_agent/cca_workspace/openstack4j/connectors/http-connector/target/classes
[WARNING] /workspaces/CodeCureAgent/code_cure_agent/cca_workspace/openstack4j/connectors/http-connector/src/main/java/org/openstack4j/connectors/http/HttpResponseImpl.java: /workspaces/CodeCureAgent/code_cure_agent/cca_workspace/openstack4j/connectors/http-connector/src/main/java/org/openstack4j/connectors/http/HttpResponseImpl.java uses or overrides a deprecated API.
[WARNING] /workspaces/CodeCureAgent/code_cure_agent/cca_workspace/openstack4j/connectors/http-connector/src/main/java/org/openstack4j/connectors/http/HttpResponseImpl.java: Recompile with -Xlint:deprecation for details.
[INFO] 
[INFO] --- maven-bundle-plugin:1.0.0:manifest (bundle-manifest) @ openstack4j-http-connector ---
[INFO] 
[INFO] --- maven-resources-plugin:2.6:testResources (default-testResources) @ openstack4j-http-connector ---
[INFO] Using 'UTF-8' encoding to copy filtered resources.
[INFO] skip non existing resourceDirectory /workspaces/CodeCureAgent/code_cure_agent/cca_workspace/openstack4j/connectors/http-connector/src/test/resources
[INFO] 
[INFO] --- maven-compiler-plugin:3.0:testCompile (default-testCompile) @ openstack4j-http-connector ---
[INFO] No sources to compile
[INFO] 
[INFO] --- maven-surefire-plugin:2.18.1:test (default-test) @ openstack4j-http-connector ---
[INFO] Tests are skipped.
[INFO] 
[INFO] --- maven-jar-plugin:2.6:jar (default-jar) @ openstack4j-http-connector ---
[INFO] Building jar: /workspaces/CodeCureAgent/code_cure_agent/cca_workspace/openstack4j/connectors/http-connector/target/openstack4j-http-connector-2.0.0.jar
[INFO] 
[INFO] ----------------------< org.pacesys:openstack4j >-----------------------
[INFO] Building OpenStack4j Distribution 3.2.1-SNAPSHOT                 [10/15]
[INFO] --------------------------------[ jar ]---------------------------------
[INFO] 
[INFO] --- maven-clean-plugin:2.5:clean (default-clean) @ openstack4j ---
[INFO] 
[INFO] --- maven-enforcer-plugin:1.4.1:enforce (enforce-maven) @ openstack4j ---
[INFO] 
[INFO] --- maven-resources-plugin:2.6:resources (default-resources) @ openstack4j ---
[INFO] Using 'UTF-8' encoding to copy filtered resources.
[INFO] skip non existing resourceDirectory /workspaces/CodeCureAgent/code_cure_agent/cca_workspace/openstack4j/distribution/src/main/resources
[INFO] 
[INFO] --- maven-compiler-plugin:3.0:compile (default-compile) @ openstack4j ---
[INFO] No sources to compile
[INFO] 
[INFO] --- maven-resources-plugin:2.6:testResources (default-testResources) @ openstack4j ---
[INFO] Using 'UTF-8' encoding to copy filtered resources.
[INFO] skip non existing resourceDirectory /workspaces/CodeCureAgent/code_cure_agent/cca_workspace/openstack4j/distribution/src/test/resources
[INFO] 
[INFO] --- maven-compiler-plugin:3.0:testCompile (default-testCompile) @ openstack4j ---
[INFO] No sources to compile
[INFO] 
[INFO] --- maven-surefire-plugin:2.12.4:test (default-test) @ openstack4j ---
[INFO] Tests are skipped.
[INFO] 
[INFO] --- maven-jar-plugin:2.6:jar (default-jar) @ openstack4j ---
[WARNING] JAR will be empty - no content was marked for inclusion!
[INFO] Building jar: /workspaces/CodeCureAgent/code_cure_agent/cca_workspace/openstack4j/distribution/target/openstack4j-2.0.0.jar
[INFO] 
[INFO] --- maven-javadoc-plugin:2.9.1:jar (attach-javadocs) @ openstack4j ---
[INFO] 
[INFO] --- maven-shade-plugin:1.3.3:shade (withdeps-shade) @ openstack4j ---
[INFO] Including org.pacesys:openstack4j-core:jar:3.2.1-SNAPSHOT in the shaded jar.
[INFO] Including org.yaml:snakeyaml:jar:1.15 in the shaded jar.
[INFO] Including org.pacesys.openstack4j.connectors:openstack4j-resteasy:jar:3.2.1-SNAPSHOT in the shaded jar.
[INFO] Including org.jboss.resteasy:resteasy-client:jar:3.1.4.Final in the shaded jar.
[INFO] Including org.jboss.resteasy:resteasy-jaxrs:jar:3.1.4.Final in the shaded jar.
[INFO] Including org.jboss.spec.javax.ws.rs:jboss-jaxrs-api_2.0_spec:jar:1.0.1.Beta1 in the shaded jar.
[INFO] Including org.jboss.spec.javax.annotation:jboss-annotations-api_1.2_spec:jar:1.0.0.Final in the shaded jar.
[INFO] Including javax.activation:activation:jar:1.1.1 in the shaded jar.
[INFO] Including commons-io:commons-io:jar:2.5 in the shaded jar.
[INFO] Including net.jcip:jcip-annotations:jar:1.0 in the shaded jar.
[INFO] Including org.jboss.resteasy:resteasy-jaxrs-services:jar:3.1.4.Final in the shaded jar.
[INFO] Including org.jboss.logging:jboss-logging:jar:3.3.0.Final in the shaded jar.
[INFO] Including com.fasterxml.jackson.jaxrs:jackson-jaxrs-json-provider:jar:2.7.3 in the shaded jar.
[INFO] Including com.fasterxml.jackson.jaxrs:jackson-jaxrs-base:jar:2.7.3 in the shaded jar.
[INFO] Including com.fasterxml.jackson.module:jackson-module-jaxb-annotations:jar:2.7.3 in the shaded jar.
[INFO] Including commons-logging:commons-logging:jar:1.2 in the shaded jar.
[INFO] Including org.apache.httpcomponents:httpclient:jar:4.5.3 in the shaded jar.
[INFO] Including org.apache.httpcomponents:httpcore:jar:4.4.6 in the shaded jar.
[INFO] Including commons-codec:commons-codec:jar:1.9 in the shaded jar.
[INFO] Including com.google.guava:guava:jar:20.0 in the shaded jar.
[INFO] Including com.fasterxml.jackson.core:jackson-databind:jar:2.7.3 in the shaded jar.
[INFO] Including com.fasterxml.jackson.core:jackson-annotations:jar:2.7.0 in the shaded jar.
[INFO] Including com.fasterxml.jackson.core:jackson-core:jar:2.7.3 in the shaded jar.
[INFO] Including com.fasterxml.jackson.dataformat:jackson-dataformat-yaml:jar:2.7.3 in the shaded jar.
[INFO] Including com.google.code.findbugs:jsr305:jar:2.0.0 in the shaded jar.
[INFO] Including org.slf4j:slf4j-api:jar:1.7.21 in the shaded jar.
[INFO] Including com.github.fge:json-patch:jar:1.9 in the shaded jar.
[INFO] Including com.github.fge:jackson-coreutils:jar:1.6 in the shaded jar.
[INFO] Including com.github.fge:msg-simple:jar:1.1 in the shaded jar.
[INFO] Including com.github.fge:btf:jar:1.2 in the shaded jar.
[INFO] Attaching shaded artifact.
[INFO] 
[INFO] --- maven-shade-plugin:1.3.3:shade (mainartifact-shade) @ openstack4j ---
[INFO] Including org.pacesys:openstack4j-core:jar:3.2.1-SNAPSHOT in the shaded jar.
[INFO] Excluding org.yaml:snakeyaml:jar:1.15 from the shaded jar.
[INFO] Excluding org.pacesys.openstack4j.connectors:openstack4j-resteasy:jar:3.2.1-SNAPSHOT from the shaded jar.
[INFO] Excluding org.jboss.resteasy:resteasy-client:jar:3.1.4.Final from the shaded jar.
[INFO] Excluding org.jboss.resteasy:resteasy-jaxrs:jar:3.1.4.Final from the shaded jar.
[INFO] Excluding org.jboss.spec.javax.ws.rs:jboss-jaxrs-api_2.0_spec:jar:1.0.1.Beta1 from the shaded jar.
[INFO] Excluding org.jboss.spec.javax.annotation:jboss-annotations-api_1.2_spec:jar:1.0.0.Final from the shaded jar.
[INFO] Excluding javax.activation:activation:jar:1.1.1 from the shaded jar.
[INFO] Excluding commons-io:commons-io:jar:2.5 from the shaded jar.
[INFO] Excluding net.jcip:jcip-annotations:jar:1.0 from the shaded jar.
[INFO] Excluding org.jboss.resteasy:resteasy-jaxrs-services:jar:3.1.4.Final from the shaded jar.
[INFO] Excluding org.jboss.logging:jboss-logging:jar:3.3.0.Final from the shaded jar.
[INFO] Excluding com.fasterxml.jackson.jaxrs:jackson-jaxrs-json-provider:jar:2.7.3 from the shaded jar.
[INFO] Excluding com.fasterxml.jackson.jaxrs:jackson-jaxrs-base:jar:2.7.3 from the shaded jar.
[INFO] Excluding com.fasterxml.jackson.module:jackson-module-jaxb-annotations:jar:2.7.3 from the shaded jar.
[INFO] Excluding commons-logging:commons-logging:jar:1.2 from the shaded jar.
[INFO] Excluding org.apache.httpcomponents:httpclient:jar:4.5.3 from the shaded jar.
[INFO] Excluding org.apache.httpcomponents:httpcore:jar:4.4.6 from the shaded jar.
[INFO] Excluding commons-codec:commons-codec:jar:1.9 from the shaded jar.
[INFO] Excluding com.google.guava:guava:jar:20.0 from the shaded jar.
[INFO] Excluding com.fasterxml.jackson.core:jackson-databind:jar:2.7.3 from the shaded jar.
[INFO] Excluding com.fasterxml.jackson.core:jackson-annotations:jar:2.7.0 from the shaded jar.
[INFO] Excluding com.fasterxml.jackson.core:jackson-core:jar:2.7.3 from the shaded jar.
[INFO] Excluding com.fasterxml.jackson.dataformat:jackson-dataformat-yaml:jar:2.7.3 from the shaded jar.
[INFO] Excluding com.google.code.findbugs:jsr305:jar:2.0.0 from the shaded jar.
[INFO] Excluding org.slf4j:slf4j-api:jar:1.7.21 from the shaded jar.
[INFO] Excluding com.github.fge:json-patch:jar:1.9 from the shaded jar.
[INFO] Excluding com.github.fge:jackson-coreutils:jar:1.6 from the shaded jar.
[INFO] Excluding com.github.fge:msg-simple:jar:1.1 from the shaded jar.
[INFO] Excluding com.github.fge:btf:jar:1.2 from the shaded jar.
[INFO] Replacing original artifact with shaded artifact.
[INFO] Replacing /workspaces/CodeCureAgent/code_cure_agent/cca_workspace/openstack4j/distribution/target/openstack4j-2.0.0.jar with /workspaces/CodeCureAgent/code_cure_agent/cca_workspace/openstack4j/distribution/target/openstack4j-3.2.1-SNAPSHOT-shaded.jar
[INFO] Replacing /workspaces/CodeCureAgent/code_cure_agent/cca_workspace/openstack4j/distribution/target/openstack4j-sources.jar with /workspaces/CodeCureAgent/code_cure_agent/cca_workspace/openstack4j/distribution/target/openstack4j-3.2.1-SNAPSHOT-shaded-sources.jar
[INFO] 
[INFO] -----------< org.pacesys:openstack4j-core-integration-test >------------
[INFO] Building OpenStack4j Integration test Cases 3.2.1-SNAPSHOT       [11/15]
[INFO] --------------------------------[ pom ]---------------------------------
[WARNING] The POM for software.betamax:betamax-junit:jar:2.1.0-SNAPSHOT is missing, no dependency information available
[WARNING] The POM for software.betamax:betamax-core:jar:2.1.0-20160705.041750-6 is missing, no dependency information available
[INFO] ------------------------------------------------------------------------
[INFO] Reactor Summary for OpenStack4j Parent 3.2.1-SNAPSHOT:
[INFO] 
[INFO] OpenStack4j Parent ................................. SUCCESS [  0.427 s]
[INFO] OpenStack4j Core ................................... SUCCESS [ 10.098 s]
[INFO] OpenStack4j Test Cases ............................. SUCCESS [  1.025 s]
[INFO] OpenStack4j Connectors ............................. SUCCESS [  0.003 s]
[INFO] OpenStack4j Jersey2 Connector ...................... SUCCESS [  0.373 s]
[INFO] OpenStack4j RestEasy Connector ..................... SUCCESS [  0.232 s]
[INFO] OpenStack4j HttpComponents-HttpClient Connector .... SUCCESS [  0.154 s]
[INFO] OpenStack4j OKHttp Connector ....................... SUCCESS [  0.140 s]
[INFO] OpenStack4j HttpURL Connector ...................... SUCCESS [  0.392 s]
[INFO] OpenStack4j Distribution ........................... SUCCESS [  4.559 s]
[INFO] OpenStack4j Integration test Cases ................. FAILURE [  0.018 s]
[INFO] OpenStack4j IntegrationTest Jersey2 Connector ...... SKIPPED
[INFO] OpenStack4j IntegrationTest RestEasy Connector ..... SKIPPED
[INFO] OpenStack4j IntegrationTest OKHttp Connector ....... SKIPPED
[INFO] OpenStack4j IntegrationTest Apache HttpClient ...... SKIPPED
[INFO] ------------------------------------------------------------------------
[INFO] BUILD FAILURE
[INFO] ------------------------------------------------------------------------
[INFO] Total time:  18.150 s
[INFO] Finished at: 2026-01-29T12:51:41Z
[INFO] ------------------------------------------------------------------------
[ERROR] Failed to execute goal on project openstack4j-core-integration-test: Could not resolve dependencies for project org.pacesys:openstack4j-core-integration-test:pom:3.2.1-SNAPSHOT: The following artifacts could not be resolved: software.betamax:betamax-junit:jar:2.1.0-SNAPSHOT, software.betamax:betamax-core:jar:2.1.0-20160705.041750-6: Failure to find software.betamax:betamax-junit:jar:2.1.0-SNAPSHOT in https://oss.sonatype.org/content/repositories/snapshots/ was cached in the local repository, resolution will not be reattempted until the update interval of sonatype-snapshots has elapsed or updates are forced -> [Help 1]
[ERROR] 
[ERROR] To see the full stack trace of the errors, re-run Maven with the -e switch.
[ERROR] Re-run Maven using the -X switch to enable full debug logging.
[ERROR] 
[ERROR] For more information about the errors and possible solutions, please read the following articles:
[ERROR] [Help 1] http://cwiki.apache.org/confluence/display/MAVEN/DependencyResolutionException
[ERROR] 
[ERROR] After correcting the problems, you can resume the build with the command
[ERROR]   mvn <args> -rf :openstack4j-core-integration-test
