[INFO] Scanning for projects...
[INFO] 
[INFO] ----------------------< org.apache.joshua:joshua >----------------------
[INFO] Building Apache Joshua Machine Translation Toolkit 6.3-SNAPSHOT
[INFO] --------------------------------[ jar ]---------------------------------
[INFO] 
[INFO] --- maven-clean-plugin:3.0.0:clean (default-clean) @ joshua ---
[INFO] Deleting /workspaces/xxxx/code_cure_agent/cca_workspace/joshua/target
[INFO] 
[INFO] --- maven-remote-resources-plugin:1.5:process (process-resource-bundles) @ joshua ---
[INFO] 
[INFO] --- maven-resources-plugin:2.7:resources (default-resources) @ joshua ---
[INFO] Using 'UTF-8' encoding to copy filtered resources.
[INFO] Copying 1 resource
[INFO] Copying 3 resources
[INFO] 
[INFO] --- maven-compiler-plugin:3.5.1:compile (default-compile) @ joshua ---
[INFO] Changes detected - recompiling the module!
[INFO] Compiling 259 source files to /workspaces/xxxx/code_cure_agent/cca_workspace/joshua/target/classes
[INFO] /workspaces/xxxx/code_cure_agent/cca_workspace/joshua/src/main/java/org/apache/joshua/ui/tree_visualizer/DerivationViewerApplet.java: Some input files use or override a deprecated API.
[INFO] /workspaces/xxxx/code_cure_agent/cca_workspace/joshua/src/main/java/org/apache/joshua/ui/tree_visualizer/DerivationViewerApplet.java: Recompile with -Xlint:deprecation for details.
[INFO] /workspaces/xxxx/code_cure_agent/cca_workspace/joshua/src/main/java/org/apache/joshua/decoder/chart_parser/Chart.java: Some input files use unchecked or unsafe operations.
[INFO] /workspaces/xxxx/code_cure_agent/cca_workspace/joshua/src/main/java/org/apache/joshua/decoder/chart_parser/Chart.java: Recompile with -Xlint:unchecked for details.
[INFO] -------------------------------------------------------------
[ERROR] COMPILATION ERROR : 
[INFO] -------------------------------------------------------------
[ERROR] /workspaces/xxxx/code_cure_agent/cca_workspace/joshua/src/main/java/org/apache/joshua/decoder/ff/lm/bloomfilter_lm/BloomFilterLanguageModel.java:[52,5] no suitable constructor found for DefaultNGramLanguageModel(no arguments)
    constructor org.apache.joshua.decoder.ff.lm.DefaultNGramLanguageModel.DefaultNGramLanguageModel(int,float) is not applicable
      (actual and formal argument lists differ in length)
    constructor org.apache.joshua.decoder.ff.lm.DefaultNGramLanguageModel.DefaultNGramLanguageModel(int) is not applicable
      (actual and formal argument lists differ in length)
[INFO] 1 error
[INFO] -------------------------------------------------------------
[INFO] ------------------------------------------------------------------------
[INFO] BUILD FAILURE
[INFO] ------------------------------------------------------------------------
[INFO] Total time:  4.226 s
[INFO] Finished at: 2025-08-20T20:31:53Z
[INFO] ------------------------------------------------------------------------
[ERROR] Failed to execute goal org.apache.maven.plugins:maven-compiler-plugin:3.5.1:compile (default-compile) on project joshua: Compilation failure
[ERROR] /workspaces/xxxx/code_cure_agent/cca_workspace/joshua/src/main/java/org/apache/joshua/decoder/ff/lm/bloomfilter_lm/BloomFilterLanguageModel.java:[52,5] no suitable constructor found for DefaultNGramLanguageModel(no arguments)
[ERROR]     constructor org.apache.joshua.decoder.ff.lm.DefaultNGramLanguageModel.DefaultNGramLanguageModel(int,float) is not applicable
[ERROR]       (actual and formal argument lists differ in length)
[ERROR]     constructor org.apache.joshua.decoder.ff.lm.DefaultNGramLanguageModel.DefaultNGramLanguageModel(int) is not applicable
[ERROR]       (actual and formal argument lists differ in length)
[ERROR] -> [Help 1]
[ERROR] 
[ERROR] To see the full stack trace of the errors, re-run Maven with the -e switch.
[ERROR] Re-run Maven using the -X switch to enable full debug logging.
[ERROR] 
[ERROR] For more information about the errors and possible solutions, please read the following articles:
[ERROR] [Help 1] http://cwiki.apache.org/confluence/display/MAVEN/MojoFailureException
