[INFO] Scanning for projects...
[INFO] ------------------------------------------------------------------------
[INFO] Reactor Build Order:
[INFO] 
[INFO] Wikidata Toolkit                                                   [pom]
[INFO] Wikidata Toolkit Utilities                                         [jar]
[INFO] Wikidata Toolkit Testing Utilities                                 [jar]
[INFO] Wikidata Toolkit Data Model                                        [jar]
[INFO] Wikidata Toolkit Storage                                           [jar]
[INFO] Wikidata Toolkit Dump File Handling                                [jar]
[INFO] Wikidata Toolkit Wikibase API                                      [jar]
[INFO] Wikidata Toolkit RDF                                               [jar]
[INFO] Wikidata Toolkit Examples                                          [jar]
[INFO] Wikidata Toolkit Distribution                                      [jar]
[INFO] 
[INFO] -------------------< org.wikidata.wdtk:wdtk-parent >--------------------
[INFO] Building Wikidata Toolkit 0.11.1                                  [1/10]
[INFO] --------------------------------[ pom ]---------------------------------
[INFO] 
[INFO] --- maven-clean-plugin:2.5:clean (default-clean) @ wdtk-parent ---
[INFO] 
[INFO] --- jacoco-maven-plugin:0.8.4:prepare-agent (prepare-agent) @ wdtk-parent ---
[INFO] argLine set to -javaagent:/home/vscode/.m2/repository/org/jacoco/org.jacoco.agent/0.8.4/org.jacoco.agent-0.8.4-runtime.jar=destfile=/workspaces/master-thesis-pascal-joos/code_cure_agent/cca_workspace/Wikidata-Toolkit/target/jacoco.exec
[INFO] 
[INFO] --- license-maven-plugin:1.20:update-file-header (first) @ wdtk-parent ---
[WARNING] No file to scan.
[INFO] 
[INFO] 
[INFO] --- license-maven-plugin:1.20:update-project-license (first) @ wdtk-parent ---
[INFO] 
[INFO] --------------------< org.wikidata.wdtk:wdtk-util >---------------------
[INFO] Building Wikidata Toolkit Utilities 0.11.1                        [2/10]
[INFO] --------------------------------[ jar ]---------------------------------
[INFO] 
[INFO] --- maven-clean-plugin:2.5:clean (default-clean) @ wdtk-util ---
[INFO] Deleting /workspaces/master-thesis-pascal-joos/code_cure_agent/cca_workspace/Wikidata-Toolkit/wdtk-util/target
[INFO] 
[INFO] --- jacoco-maven-plugin:0.8.4:prepare-agent (prepare-agent) @ wdtk-util ---
[INFO] argLine set to -javaagent:/home/vscode/.m2/repository/org/jacoco/org.jacoco.agent/0.8.4/org.jacoco.agent-0.8.4-runtime.jar=destfile=/workspaces/master-thesis-pascal-joos/code_cure_agent/cca_workspace/Wikidata-Toolkit/wdtk-util/target/jacoco.exec
[INFO] 
[INFO] --- license-maven-plugin:1.20:update-file-header (first) @ wdtk-util ---
[INFO] Will search files to update from root /workspaces/master-thesis-pascal-joos/code_cure_agent/cca_workspace/Wikidata-Toolkit/wdtk-util/src/main/java
[INFO] Will search files to update from root /workspaces/master-thesis-pascal-joos/code_cure_agent/cca_workspace/Wikidata-Toolkit/wdtk-util/src/test/java
[INFO] Scan 14 files header done in 33.187ms.
[INFO] All files are up-to-date.
[INFO] 
[INFO] --- license-maven-plugin:1.20:update-project-license (first) @ wdtk-util ---
[INFO] 
[INFO] --- maven-resources-plugin:2.6:resources (default-resources) @ wdtk-util ---
[INFO] Using 'UTF-8' encoding to copy filtered resources.
[INFO] skip non existing resourceDirectory /workspaces/master-thesis-pascal-joos/code_cure_agent/cca_workspace/Wikidata-Toolkit/wdtk-util/src/main/resources
[INFO] Copying 1 resource
[INFO] 
[INFO] --- maven-compiler-plugin:3.8.0:compile (default-compile) @ wdtk-util ---
[INFO] Changes detected - recompiling the module!
[INFO] Compiling 9 source files to /workspaces/master-thesis-pascal-joos/code_cure_agent/cca_workspace/Wikidata-Toolkit/wdtk-util/target/classes
[INFO] 
[INFO] --- maven-resources-plugin:2.6:testResources (default-testResources) @ wdtk-util ---
[INFO] Using 'UTF-8' encoding to copy filtered resources.
[INFO] skip non existing resourceDirectory /workspaces/master-thesis-pascal-joos/code_cure_agent/cca_workspace/Wikidata-Toolkit/wdtk-util/src/test/resources
[INFO] 
[INFO] --- maven-compiler-plugin:3.8.0:testCompile (default-testCompile) @ wdtk-util ---
[INFO] Changes detected - recompiling the module!
[INFO] Compiling 5 source files to /workspaces/master-thesis-pascal-joos/code_cure_agent/cca_workspace/Wikidata-Toolkit/wdtk-util/target/test-classes
[INFO] 
[INFO] --- maven-surefire-plugin:2.12.4:test (default-test) @ wdtk-util ---
[INFO] Tests are skipped.
[INFO] 
[INFO] --- maven-jar-plugin:2.4:jar (default-jar) @ wdtk-util ---
[INFO] Building jar: /workspaces/master-thesis-pascal-joos/code_cure_agent/cca_workspace/Wikidata-Toolkit/wdtk-util/target/wdtk-util-0.11.1.jar
[INFO] 
[INFO] -------------------< org.wikidata.wdtk:wdtk-testing >-------------------
[INFO] Building Wikidata Toolkit Testing Utilities 0.11.1                [3/10]
[INFO] --------------------------------[ jar ]---------------------------------
[INFO] 
[INFO] --- maven-clean-plugin:2.5:clean (default-clean) @ wdtk-testing ---
[INFO] Deleting /workspaces/master-thesis-pascal-joos/code_cure_agent/cca_workspace/Wikidata-Toolkit/wdtk-testing/target
[INFO] 
[INFO] --- jacoco-maven-plugin:0.8.4:prepare-agent (prepare-agent) @ wdtk-testing ---
[INFO] argLine set to -javaagent:/home/vscode/.m2/repository/org/jacoco/org.jacoco.agent/0.8.4/org.jacoco.agent-0.8.4-runtime.jar=destfile=/workspaces/master-thesis-pascal-joos/code_cure_agent/cca_workspace/Wikidata-Toolkit/wdtk-testing/target/jacoco.exec
[INFO] 
[INFO] --- license-maven-plugin:1.20:update-file-header (first) @ wdtk-testing ---
[INFO] Will search files to update from root /workspaces/master-thesis-pascal-joos/code_cure_agent/cca_workspace/Wikidata-Toolkit/wdtk-testing/src/main/java
[INFO] Will search files to update from root /workspaces/master-thesis-pascal-joos/code_cure_agent/cca_workspace/Wikidata-Toolkit/wdtk-testing/src/test/java
[INFO] Scan 7 files header done in 7.716ms.
[INFO] All files are up-to-date.
[INFO] 
[INFO] --- license-maven-plugin:1.20:update-project-license (first) @ wdtk-testing ---
[INFO] 
[INFO] --- maven-resources-plugin:2.6:resources (default-resources) @ wdtk-testing ---
[INFO] Using 'UTF-8' encoding to copy filtered resources.
[INFO] skip non existing resourceDirectory /workspaces/master-thesis-pascal-joos/code_cure_agent/cca_workspace/Wikidata-Toolkit/wdtk-testing/src/main/resources
[INFO] Copying 1 resource
[INFO] 
[INFO] --- maven-compiler-plugin:3.8.0:compile (default-compile) @ wdtk-testing ---
[INFO] Changes detected - recompiling the module!
[INFO] Compiling 5 source files to /workspaces/master-thesis-pascal-joos/code_cure_agent/cca_workspace/Wikidata-Toolkit/wdtk-testing/target/classes
[INFO] 
[INFO] --- maven-resources-plugin:2.6:testResources (default-testResources) @ wdtk-testing ---
[INFO] Using 'UTF-8' encoding to copy filtered resources.
[INFO] Copying 1 resource
[INFO] 
[INFO] --- maven-compiler-plugin:3.8.0:testCompile (default-testCompile) @ wdtk-testing ---
[INFO] Changes detected - recompiling the module!
[INFO] Compiling 2 source files to /workspaces/master-thesis-pascal-joos/code_cure_agent/cca_workspace/Wikidata-Toolkit/wdtk-testing/target/test-classes
[INFO] 
[INFO] --- maven-surefire-plugin:2.12.4:test (default-test) @ wdtk-testing ---
[INFO] Tests are skipped.
[INFO] 
[INFO] --- maven-jar-plugin:2.4:jar (default-jar) @ wdtk-testing ---
[INFO] Building jar: /workspaces/master-thesis-pascal-joos/code_cure_agent/cca_workspace/Wikidata-Toolkit/wdtk-testing/target/wdtk-testing-0.11.1.jar
[INFO] 
[INFO] ------------------< org.wikidata.wdtk:wdtk-datamodel >------------------
[INFO] Building Wikidata Toolkit Data Model 0.11.1                       [4/10]
[INFO] --------------------------------[ jar ]---------------------------------
[INFO] 
[INFO] --- maven-clean-plugin:2.5:clean (default-clean) @ wdtk-datamodel ---
[INFO] Deleting /workspaces/master-thesis-pascal-joos/code_cure_agent/cca_workspace/Wikidata-Toolkit/wdtk-datamodel/target
[INFO] 
[INFO] --- jacoco-maven-plugin:0.8.4:prepare-agent (prepare-agent) @ wdtk-datamodel ---
[INFO] argLine set to -javaagent:/home/vscode/.m2/repository/org/jacoco/org.jacoco.agent/0.8.4/org.jacoco.agent-0.8.4-runtime.jar=destfile=/workspaces/master-thesis-pascal-joos/code_cure_agent/cca_workspace/Wikidata-Toolkit/wdtk-datamodel/target/jacoco.exec
[INFO] 
[INFO] --- license-maven-plugin:1.20:update-file-header (first) @ wdtk-datamodel ---
[INFO] Will search files to update from root /workspaces/master-thesis-pascal-joos/code_cure_agent/cca_workspace/Wikidata-Toolkit/wdtk-datamodel/src/main/java
[INFO] Will search files to update from root /workspaces/master-thesis-pascal-joos/code_cure_agent/cca_workspace/Wikidata-Toolkit/wdtk-datamodel/src/test/java
[INFO] Scan 159 files header done in 188.611ms.
[INFO] All files are up-to-date.
[INFO] 
[INFO] --- license-maven-plugin:1.20:update-project-license (first) @ wdtk-datamodel ---
[INFO] 
[INFO] --- maven-resources-plugin:2.6:resources (default-resources) @ wdtk-datamodel ---
[INFO] Using 'UTF-8' encoding to copy filtered resources.
[INFO] skip non existing resourceDirectory /workspaces/master-thesis-pascal-joos/code_cure_agent/cca_workspace/Wikidata-Toolkit/wdtk-datamodel/src/main/resources
[INFO] Copying 1 resource
[INFO] 
[INFO] --- maven-compiler-plugin:3.8.0:compile (default-compile) @ wdtk-datamodel ---
[INFO] Changes detected - recompiling the module!
[INFO] Compiling 110 source files to /workspaces/master-thesis-pascal-joos/code_cure_agent/cca_workspace/Wikidata-Toolkit/wdtk-datamodel/target/classes
[INFO] /workspaces/master-thesis-pascal-joos/code_cure_agent/cca_workspace/Wikidata-Toolkit/wdtk-datamodel/src/main/java/org/wikidata/wdtk/datamodel/interfaces/ValueSnak.java: Some input files use or override a deprecated API.
[INFO] /workspaces/master-thesis-pascal-joos/code_cure_agent/cca_workspace/Wikidata-Toolkit/wdtk-datamodel/src/main/java/org/wikidata/wdtk/datamodel/interfaces/ValueSnak.java: Recompile with -Xlint:deprecation for details.
[INFO] 
[INFO] --- maven-resources-plugin:2.6:testResources (default-testResources) @ wdtk-datamodel ---
[INFO] Using 'UTF-8' encoding to copy filtered resources.
[INFO] Copying 4 resources
[INFO] 
[INFO] --- maven-compiler-plugin:3.8.0:testCompile (default-testCompile) @ wdtk-datamodel ---
[INFO] Changes detected - recompiling the module!
[INFO] Compiling 49 source files to /workspaces/master-thesis-pascal-joos/code_cure_agent/cca_workspace/Wikidata-Toolkit/wdtk-datamodel/target/test-classes
[INFO] /workspaces/master-thesis-pascal-joos/code_cure_agent/cca_workspace/Wikidata-Toolkit/wdtk-datamodel/src/test/java/org/wikidata/wdtk/datamodel/helpers/JsonSerializerTest.java: Some input files use or override a deprecated API.
[INFO] /workspaces/master-thesis-pascal-joos/code_cure_agent/cca_workspace/Wikidata-Toolkit/wdtk-datamodel/src/test/java/org/wikidata/wdtk/datamodel/helpers/JsonSerializerTest.java: Recompile with -Xlint:deprecation for details.
[INFO] 
[INFO] --- maven-surefire-plugin:2.12.4:test (default-test) @ wdtk-datamodel ---
[INFO] Tests are skipped.
[INFO] 
[INFO] --- maven-jar-plugin:2.4:jar (default-jar) @ wdtk-datamodel ---
[INFO] Building jar: /workspaces/master-thesis-pascal-joos/code_cure_agent/cca_workspace/Wikidata-Toolkit/wdtk-datamodel/target/wdtk-datamodel-0.11.1.jar
[INFO] 
[INFO] -------------------< org.wikidata.wdtk:wdtk-storage >-------------------
[INFO] Building Wikidata Toolkit Storage 0.11.1                          [5/10]
[INFO] --------------------------------[ jar ]---------------------------------
[INFO] 
[INFO] --- maven-clean-plugin:2.5:clean (default-clean) @ wdtk-storage ---
[INFO] Deleting /workspaces/master-thesis-pascal-joos/code_cure_agent/cca_workspace/Wikidata-Toolkit/wdtk-storage/target
[INFO] 
[INFO] --- jacoco-maven-plugin:0.8.4:prepare-agent (prepare-agent) @ wdtk-storage ---
[INFO] argLine set to -javaagent:/home/vscode/.m2/repository/org/jacoco/org.jacoco.agent/0.8.4/org.jacoco.agent-0.8.4-runtime.jar=destfile=/workspaces/master-thesis-pascal-joos/code_cure_agent/cca_workspace/Wikidata-Toolkit/wdtk-storage/target/jacoco.exec
[INFO] 
[INFO] --- license-maven-plugin:1.20:update-file-header (first) @ wdtk-storage ---
[INFO] Will search files to update from root /workspaces/master-thesis-pascal-joos/code_cure_agent/cca_workspace/Wikidata-Toolkit/wdtk-storage/src/main/java
[INFO] Will search files to update from root /workspaces/master-thesis-pascal-joos/code_cure_agent/cca_workspace/Wikidata-Toolkit/wdtk-storage/src/test/java
[INFO] Scan 12 files header done in 9.899ms.
[INFO] All files are up-to-date.
[INFO] 
[INFO] --- license-maven-plugin:1.20:update-project-license (first) @ wdtk-storage ---
[INFO] 
[INFO] --- maven-resources-plugin:2.6:resources (default-resources) @ wdtk-storage ---
[INFO] Using 'UTF-8' encoding to copy filtered resources.
[INFO] skip non existing resourceDirectory /workspaces/master-thesis-pascal-joos/code_cure_agent/cca_workspace/Wikidata-Toolkit/wdtk-storage/src/main/resources
[INFO] Copying 1 resource
[INFO] 
[INFO] --- maven-compiler-plugin:3.8.0:compile (default-compile) @ wdtk-storage ---
[INFO] Changes detected - recompiling the module!
[INFO] Compiling 8 source files to /workspaces/master-thesis-pascal-joos/code_cure_agent/cca_workspace/Wikidata-Toolkit/wdtk-storage/target/classes
[INFO] 
[INFO] --- maven-resources-plugin:2.6:testResources (default-testResources) @ wdtk-storage ---
[INFO] Using 'UTF-8' encoding to copy filtered resources.
[INFO] skip non existing resourceDirectory /workspaces/master-thesis-pascal-joos/code_cure_agent/cca_workspace/Wikidata-Toolkit/wdtk-storage/src/test/resources
[INFO] 
[INFO] --- maven-compiler-plugin:3.8.0:testCompile (default-testCompile) @ wdtk-storage ---
[INFO] Changes detected - recompiling the module!
[INFO] Compiling 4 source files to /workspaces/master-thesis-pascal-joos/code_cure_agent/cca_workspace/Wikidata-Toolkit/wdtk-storage/target/test-classes
[INFO] 
[INFO] --- maven-surefire-plugin:2.12.4:test (default-test) @ wdtk-storage ---
[INFO] Tests are skipped.
[INFO] 
[INFO] --- maven-jar-plugin:2.4:jar (default-jar) @ wdtk-storage ---
[INFO] Building jar: /workspaces/master-thesis-pascal-joos/code_cure_agent/cca_workspace/Wikidata-Toolkit/wdtk-storage/target/wdtk-storage-0.11.1.jar
[INFO] 
[INFO] ------------------< org.wikidata.wdtk:wdtk-dumpfiles >------------------
[INFO] Building Wikidata Toolkit Dump File Handling 0.11.1               [6/10]
[INFO] --------------------------------[ jar ]---------------------------------
[INFO] 
[INFO] --- maven-clean-plugin:2.5:clean (default-clean) @ wdtk-dumpfiles ---
[INFO] Deleting /workspaces/master-thesis-pascal-joos/code_cure_agent/cca_workspace/Wikidata-Toolkit/wdtk-dumpfiles/target
[INFO] 
[INFO] --- jacoco-maven-plugin:0.8.4:prepare-agent (prepare-agent) @ wdtk-dumpfiles ---
[INFO] argLine set to -javaagent:/home/vscode/.m2/repository/org/jacoco/org.jacoco.agent/0.8.4/org.jacoco.agent-0.8.4-runtime.jar=destfile=/workspaces/master-thesis-pascal-joos/code_cure_agent/cca_workspace/Wikidata-Toolkit/wdtk-dumpfiles/target/jacoco.exec
[INFO] 
[INFO] --- license-maven-plugin:1.20:update-file-header (first) @ wdtk-dumpfiles ---
[INFO] Will search files to update from root /workspaces/master-thesis-pascal-joos/code_cure_agent/cca_workspace/Wikidata-Toolkit/wdtk-dumpfiles/src/main/java
[INFO] Will search files to update from root /workspaces/master-thesis-pascal-joos/code_cure_agent/cca_workspace/Wikidata-Toolkit/wdtk-dumpfiles/src/test/java
[INFO] Scan 33 files header done in 88.398ms.
[INFO] All files are up-to-date.
[INFO] 
[INFO] --- license-maven-plugin:1.20:update-project-license (first) @ wdtk-dumpfiles ---
[INFO] 
[INFO] --- maven-resources-plugin:2.6:resources (default-resources) @ wdtk-dumpfiles ---
[INFO] Using 'UTF-8' encoding to copy filtered resources.
[INFO] skip non existing resourceDirectory /workspaces/master-thesis-pascal-joos/code_cure_agent/cca_workspace/Wikidata-Toolkit/wdtk-dumpfiles/src/main/resources
[INFO] Copying 1 resource
[INFO] 
[INFO] --- maven-compiler-plugin:3.8.0:compile (default-compile) @ wdtk-dumpfiles ---
[INFO] Changes detected - recompiling the module!
[INFO] Compiling 24 source files to /workspaces/master-thesis-pascal-joos/code_cure_agent/cca_workspace/Wikidata-Toolkit/wdtk-dumpfiles/target/classes
[INFO] 
[INFO] --- maven-resources-plugin:2.6:testResources (default-testResources) @ wdtk-dumpfiles ---
[INFO] Using 'UTF-8' encoding to copy filtered resources.
[INFO] Copying 17 resources
[INFO] 
[INFO] --- maven-compiler-plugin:3.8.0:testCompile (default-testCompile) @ wdtk-dumpfiles ---
[INFO] Changes detected - recompiling the module!
[INFO] Compiling 9 source files to /workspaces/master-thesis-pascal-joos/code_cure_agent/cca_workspace/Wikidata-Toolkit/wdtk-dumpfiles/target/test-classes
[INFO] -------------------------------------------------------------
[ERROR] COMPILATION ERROR : 
[INFO] -------------------------------------------------------------
[ERROR] /workspaces/master-thesis-pascal-joos/code_cure_agent/cca_workspace/Wikidata-Toolkit/wdtk-dumpfiles/src/test/java/org/wikidata/wdtk/dumpfiles/MwDumpFileProcessingTest.java:[150,94] cannot find symbol
  symbol:   variable resourceUrl
  location: class org.wikidata.wdtk.dumpfiles.MwDumpFileProcessingTest
[ERROR] /workspaces/master-thesis-pascal-joos/code_cure_agent/cca_workspace/Wikidata-Toolkit/wdtk-dumpfiles/src/test/java/org/wikidata/wdtk/dumpfiles/MwDumpFileProcessingTest.java:[151,43] cannot find symbol
  symbol:   variable baseId
  location: class org.wikidata.wdtk.dumpfiles.MwDumpFileProcessingTest
[ERROR] /workspaces/master-thesis-pascal-joos/code_cure_agent/cca_workspace/Wikidata-Toolkit/wdtk-dumpfiles/src/test/java/org/wikidata/wdtk/dumpfiles/MwDumpFileProcessingTest.java:[151,60] cannot find symbol
  symbol:   variable baseId
  location: class org.wikidata.wdtk.dumpfiles.MwDumpFileProcessingTest
[ERROR] /workspaces/master-thesis-pascal-joos/code_cure_agent/cca_workspace/Wikidata-Toolkit/wdtk-dumpfiles/src/test/java/org/wikidata/wdtk/dumpfiles/MwDumpFileProcessingTest.java:[156,66] cannot find symbol
  symbol:   variable baseId
  location: class org.wikidata.wdtk.dumpfiles.MwDumpFileProcessingTest
[ERROR] /workspaces/master-thesis-pascal-joos/code_cure_agent/cca_workspace/Wikidata-Toolkit/wdtk-dumpfiles/src/test/java/org/wikidata/wdtk/dumpfiles/MwDumpFileProcessingTest.java:[156,102] cannot find symbol
  symbol:   variable baseId
  location: class org.wikidata.wdtk.dumpfiles.MwDumpFileProcessingTest
[ERROR] /workspaces/master-thesis-pascal-joos/code_cure_agent/cca_workspace/Wikidata-Toolkit/wdtk-dumpfiles/src/test/java/org/wikidata/wdtk/dumpfiles/MwDumpFileProcessingTest.java:[176,80] cannot find symbol
  symbol:   variable dateStamp
  location: class org.wikidata.wdtk.dumpfiles.MwDumpFileProcessingTest
[ERROR] /workspaces/master-thesis-pascal-joos/code_cure_agent/cca_workspace/Wikidata-Toolkit/wdtk-dumpfiles/src/test/java/org/wikidata/wdtk/dumpfiles/MwDumpFileProcessingTest.java:[177,74] cannot find symbol
  symbol:   variable dumpContentType
  location: class org.wikidata.wdtk.dumpfiles.MwDumpFileProcessingTest
[ERROR] /workspaces/master-thesis-pascal-joos/code_cure_agent/cca_workspace/Wikidata-Toolkit/wdtk-dumpfiles/src/test/java/org/wikidata/wdtk/dumpfiles/MwDumpFileProcessingTest.java:[176,41] cannot find symbol
  symbol:   variable thisDumpPath
  location: class org.wikidata.wdtk.dumpfiles.MwDumpFileProcessingTest
[ERROR] /workspaces/master-thesis-pascal-joos/code_cure_agent/cca_workspace/Wikidata-Toolkit/wdtk-dumpfiles/src/test/java/org/wikidata/wdtk/dumpfiles/MwDumpFileProcessingTest.java:[178,25] cannot find symbol
  symbol:   variable dm
  location: class org.wikidata.wdtk.dumpfiles.MwDumpFileProcessingTest
[ERROR] /workspaces/master-thesis-pascal-joos/code_cure_agent/cca_workspace/Wikidata-Toolkit/wdtk-dumpfiles/src/test/java/org/wikidata/wdtk/dumpfiles/MwDumpFileProcessingTest.java:[180,72] cannot find symbol
  symbol:   variable dm
  location: class org.wikidata.wdtk.dumpfiles.MwDumpFileProcessingTest
[ERROR] /workspaces/master-thesis-pascal-joos/code_cure_agent/cca_workspace/Wikidata-Toolkit/wdtk-dumpfiles/src/test/java/org/wikidata/wdtk/dumpfiles/MwDumpFileProcessingTest.java:[184,48] cannot find symbol
  symbol:   variable dm
  location: class org.wikidata.wdtk.dumpfiles.MwDumpFileProcessingTest
[ERROR] /workspaces/master-thesis-pascal-joos/code_cure_agent/cca_workspace/Wikidata-Toolkit/wdtk-dumpfiles/src/test/java/org/wikidata/wdtk/dumpfiles/MwDumpFileProcessingTest.java:[201,17] cannot find symbol
  symbol:   method mockLocalDumpFile(java.lang.String,int,org.wikidata.wdtk.dumpfiles.DumpContentType,org.wikidata.wdtk.testing.MockDirectoryManager)
  location: class org.wikidata.wdtk.dumpfiles.MwDumpFileProcessingTest
[INFO] 12 errors 
[INFO] -------------------------------------------------------------
[INFO] ------------------------------------------------------------------------
[INFO] Reactor Summary for Wikidata Toolkit 0.11.1:
[INFO] 
[INFO] Wikidata Toolkit ................................... SUCCESS [  1.021 s]
[INFO] Wikidata Toolkit Utilities ......................... SUCCESS [  1.282 s]
[INFO] Wikidata Toolkit Testing Utilities ................. SUCCESS [  0.207 s]
[INFO] Wikidata Toolkit Data Model ........................ SUCCESS [  1.839 s]
[INFO] Wikidata Toolkit Storage ........................... SUCCESS [  0.162 s]
[INFO] Wikidata Toolkit Dump File Handling ................ FAILURE [  0.432 s]
[INFO] Wikidata Toolkit Wikibase API ...................... SKIPPED
[INFO] Wikidata Toolkit RDF ............................... SKIPPED
[INFO] Wikidata Toolkit Examples .......................... SKIPPED
[INFO] Wikidata Toolkit Distribution ...................... SKIPPED
[INFO] ------------------------------------------------------------------------
[INFO] BUILD FAILURE
[INFO] ------------------------------------------------------------------------
[INFO] Total time:  5.077 s
[INFO] Finished at: 2025-08-29T21:15:59Z
[INFO] ------------------------------------------------------------------------
[ERROR] Failed to execute goal org.apache.maven.plugins:maven-compiler-plugin:3.8.0:testCompile (default-testCompile) on project wdtk-dumpfiles: Compilation failure: Compilation failure: 
[ERROR] /workspaces/master-thesis-pascal-joos/code_cure_agent/cca_workspace/Wikidata-Toolkit/wdtk-dumpfiles/src/test/java/org/wikidata/wdtk/dumpfiles/MwDumpFileProcessingTest.java:[150,94] cannot find symbol
[ERROR]   symbol:   variable resourceUrl
[ERROR]   location: class org.wikidata.wdtk.dumpfiles.MwDumpFileProcessingTest
[ERROR] /workspaces/master-thesis-pascal-joos/code_cure_agent/cca_workspace/Wikidata-Toolkit/wdtk-dumpfiles/src/test/java/org/wikidata/wdtk/dumpfiles/MwDumpFileProcessingTest.java:[151,43] cannot find symbol
[ERROR]   symbol:   variable baseId
[ERROR]   location: class org.wikidata.wdtk.dumpfiles.MwDumpFileProcessingTest
[ERROR] /workspaces/master-thesis-pascal-joos/code_cure_agent/cca_workspace/Wikidata-Toolkit/wdtk-dumpfiles/src/test/java/org/wikidata/wdtk/dumpfiles/MwDumpFileProcessingTest.java:[151,60] cannot find symbol
[ERROR]   symbol:   variable baseId
[ERROR]   location: class org.wikidata.wdtk.dumpfiles.MwDumpFileProcessingTest
[ERROR] /workspaces/master-thesis-pascal-joos/code_cure_agent/cca_workspace/Wikidata-Toolkit/wdtk-dumpfiles/src/test/java/org/wikidata/wdtk/dumpfiles/MwDumpFileProcessingTest.java:[156,66] cannot find symbol
[ERROR]   symbol:   variable baseId
[ERROR]   location: class org.wikidata.wdtk.dumpfiles.MwDumpFileProcessingTest
[ERROR] /workspaces/master-thesis-pascal-joos/code_cure_agent/cca_workspace/Wikidata-Toolkit/wdtk-dumpfiles/src/test/java/org/wikidata/wdtk/dumpfiles/MwDumpFileProcessingTest.java:[156,102] cannot find symbol
[ERROR]   symbol:   variable baseId
[ERROR]   location: class org.wikidata.wdtk.dumpfiles.MwDumpFileProcessingTest
[ERROR] /workspaces/master-thesis-pascal-joos/code_cure_agent/cca_workspace/Wikidata-Toolkit/wdtk-dumpfiles/src/test/java/org/wikidata/wdtk/dumpfiles/MwDumpFileProcessingTest.java:[176,80] cannot find symbol
[ERROR]   symbol:   variable dateStamp
[ERROR]   location: class org.wikidata.wdtk.dumpfiles.MwDumpFileProcessingTest
[ERROR] /workspaces/master-thesis-pascal-joos/code_cure_agent/cca_workspace/Wikidata-Toolkit/wdtk-dumpfiles/src/test/java/org/wikidata/wdtk/dumpfiles/MwDumpFileProcessingTest.java:[177,74] cannot find symbol
[ERROR]   symbol:   variable dumpContentType
[ERROR]   location: class org.wikidata.wdtk.dumpfiles.MwDumpFileProcessingTest
[ERROR] /workspaces/master-thesis-pascal-joos/code_cure_agent/cca_workspace/Wikidata-Toolkit/wdtk-dumpfiles/src/test/java/org/wikidata/wdtk/dumpfiles/MwDumpFileProcessingTest.java:[176,41] cannot find symbol
[ERROR]   symbol:   variable thisDumpPath
[ERROR]   location: class org.wikidata.wdtk.dumpfiles.MwDumpFileProcessingTest
[ERROR] /workspaces/master-thesis-pascal-joos/code_cure_agent/cca_workspace/Wikidata-Toolkit/wdtk-dumpfiles/src/test/java/org/wikidata/wdtk/dumpfiles/MwDumpFileProcessingTest.java:[178,25] cannot find symbol
[ERROR]   symbol:   variable dm
[ERROR]   location: class org.wikidata.wdtk.dumpfiles.MwDumpFileProcessingTest
[ERROR] /workspaces/master-thesis-pascal-joos/code_cure_agent/cca_workspace/Wikidata-Toolkit/wdtk-dumpfiles/src/test/java/org/wikidata/wdtk/dumpfiles/MwDumpFileProcessingTest.java:[180,72] cannot find symbol
[ERROR]   symbol:   variable dm
[ERROR]   location: class org.wikidata.wdtk.dumpfiles.MwDumpFileProcessingTest
[ERROR] /workspaces/master-thesis-pascal-joos/code_cure_agent/cca_workspace/Wikidata-Toolkit/wdtk-dumpfiles/src/test/java/org/wikidata/wdtk/dumpfiles/MwDumpFileProcessingTest.java:[184,48] cannot find symbol
[ERROR]   symbol:   variable dm
[ERROR]   location: class org.wikidata.wdtk.dumpfiles.MwDumpFileProcessingTest
[ERROR] /workspaces/master-thesis-pascal-joos/code_cure_agent/cca_workspace/Wikidata-Toolkit/wdtk-dumpfiles/src/test/java/org/wikidata/wdtk/dumpfiles/MwDumpFileProcessingTest.java:[201,17] cannot find symbol
[ERROR]   symbol:   method mockLocalDumpFile(java.lang.String,int,org.wikidata.wdtk.dumpfiles.DumpContentType,org.wikidata.wdtk.testing.MockDirectoryManager)
[ERROR]   location: class org.wikidata.wdtk.dumpfiles.MwDumpFileProcessingTest
[ERROR] -> [Help 1]
[ERROR] 
[ERROR] To see the full stack trace of the errors, re-run Maven with the -e switch.
[ERROR] Re-run Maven using the -X switch to enable full debug logging.
[ERROR] 
[ERROR] For more information about the errors and possible solutions, please read the following articles:
[ERROR] [Help 1] http://cwiki.apache.org/confluence/display/MAVEN/MojoFailureException
[ERROR] 
[ERROR] After correcting the problems, you can resume the build with the command
[ERROR]   mvn <args> -rf :wdtk-dumpfiles
