[INFO] Scanning for projects...
[INFO] Inspecting build with total of 1 modules...
[INFO] Installing Nexus Staging features:
[INFO]   ... total of 1 executions of maven-deploy-plugin replaced with nexus-staging-maven-plugin
[INFO] 
[INFO] ------------< org.piwik.java.tracking:matomo-java-tracker >-------------
[INFO] Building Matomo Java Tracker 1.6-SNAPSHOT
[INFO] --------------------------------[ jar ]---------------------------------
[INFO] 
[INFO] --- maven-clean-plugin:2.5:clean (default-clean) @ matomo-java-tracker ---
[INFO] Deleting /workspaces/xxxx/code_cure_agent/cca_workspace/matomo-java-tracker/target
[INFO] 
[INFO] --- jacoco-maven-plugin:0.8.5:prepare-agent (prepare-agent) @ matomo-java-tracker ---
[INFO] argLine set to -javaagent:/home/vscode/.m2/repository/org/jacoco/org.jacoco.agent/0.8.5/org.jacoco.agent-0.8.5-runtime.jar=destfile=/workspaces/xxxx/code_cure_agent/cca_workspace/matomo-java-tracker/target/jacoco.exec
[INFO] 
[INFO] --- maven-resources-plugin:2.6:resources (default-resources) @ matomo-java-tracker ---
[INFO] Using 'UTF-8' encoding to copy filtered resources.
[INFO] skip non existing resourceDirectory /workspaces/xxxx/code_cure_agent/cca_workspace/matomo-java-tracker/src/main/resources
[INFO] 
[INFO] --- maven-compiler-plugin:3.8.1:compile (default-compile) @ matomo-java-tracker ---
[INFO] Changes detected - recompiling the module!
[INFO] Compiling 9 source files to /workspaces/xxxx/code_cure_agent/cca_workspace/matomo-java-tracker/target/classes
[INFO] /workspaces/xxxx/code_cure_agent/cca_workspace/matomo-java-tracker/src/main/java/org/piwik/java/tracking/PiwikRequest.java: /workspaces/xxxx/code_cure_agent/cca_workspace/matomo-java-tracker/src/main/java/org/piwik/java/tracking/PiwikRequest.java uses unchecked or unsafe operations.
[INFO] /workspaces/xxxx/code_cure_agent/cca_workspace/matomo-java-tracker/src/main/java/org/piwik/java/tracking/PiwikRequest.java: Recompile with -Xlint:unchecked for details.
[INFO] -------------------------------------------------------------
[ERROR] COMPILATION ERROR : 
[INFO] -------------------------------------------------------------
[ERROR] /workspaces/xxxx/code_cure_agent/cca_workspace/matomo-java-tracker/src/main/java/org/piwik/java/tracking/PiwikRequest.java:[1676,101] incompatible types: java.util.Map.Entry<java.lang.String,java.util.List> cannot be converted to java.util.Map.Entry<java.lang.String,java.util.List<java.lang.Object>>
[ERROR] /workspaces/xxxx/code_cure_agent/cca_workspace/matomo-java-tracker/src/main/java/org/piwik/java/tracking/PiwikRequest.java:[1711,101] incompatible types: java.util.Map.Entry<java.lang.String,java.util.List> cannot be converted to java.util.Map.Entry<java.lang.String,java.util.List<java.lang.Object>>
[INFO] 2 errors 
[INFO] -------------------------------------------------------------
[INFO] ------------------------------------------------------------------------
[INFO] BUILD FAILURE
[INFO] ------------------------------------------------------------------------
[INFO] Total time:  1.980 s
[INFO] Finished at: 2025-08-31T05:14:54Z
[INFO] ------------------------------------------------------------------------
[ERROR] Failed to execute goal org.apache.maven.plugins:maven-compiler-plugin:3.8.1:compile (default-compile) on project matomo-java-tracker: Compilation failure: Compilation failure: 
[ERROR] /workspaces/xxxx/code_cure_agent/cca_workspace/matomo-java-tracker/src/main/java/org/piwik/java/tracking/PiwikRequest.java:[1676,101] incompatible types: java.util.Map.Entry<java.lang.String,java.util.List> cannot be converted to java.util.Map.Entry<java.lang.String,java.util.List<java.lang.Object>>
[ERROR] /workspaces/xxxx/code_cure_agent/cca_workspace/matomo-java-tracker/src/main/java/org/piwik/java/tracking/PiwikRequest.java:[1711,101] incompatible types: java.util.Map.Entry<java.lang.String,java.util.List> cannot be converted to java.util.Map.Entry<java.lang.String,java.util.List<java.lang.Object>>
[ERROR] -> [Help 1]
[ERROR] 
[ERROR] To see the full stack trace of the errors, re-run Maven with the -e switch.
[ERROR] Re-run Maven using the -X switch to enable full debug logging.
[ERROR] 
[ERROR] For more information about the errors and possible solutions, please read the following articles:
[ERROR] [Help 1] http://cwiki.apache.org/confluence/display/MAVEN/MojoFailureException
