[INFO] Scanning for projects...
[INFO] 
[INFO] -----------------------< org.xerial:sqlite-jdbc >-----------------------
[INFO] Building SQLite JDBC 3.32.3.3-SNAPSHOT
[INFO] --------------------------------[ jar ]---------------------------------
[INFO] 
[INFO] --- maven-clean-plugin:2.5:clean (default-clean) @ sqlite-jdbc ---
[INFO] Deleting /workspaces/master-thesis-pascal-joos/code_cure_agent/cca_workspace/sqlite-jdbc/target
[INFO] 
[INFO] --- maven-enforcer-plugin:1.2:enforce (enforce-maven) @ sqlite-jdbc ---
[INFO] 
[INFO] --- maven-resources-plugin:2.6:resources (default-resources) @ sqlite-jdbc ---
[INFO] Using 'UTF-8' encoding to copy filtered resources.
[INFO] Copying 13 resources
[INFO] Copying 1 resource to META-INF/services
[INFO] Copying 1 resource
[INFO] Copying 3 resources to META-INF/maven/org.xerial/sqlite-jdbc
[INFO] 
[INFO] --- maven-compiler-plugin:3.1:compile (default-compile) @ sqlite-jdbc ---
[INFO] Changes detected - recompiling the module!
[INFO] Compiling 49 source files to /workspaces/master-thesis-pascal-joos/code_cure_agent/cca_workspace/sqlite-jdbc/target/classes
[WARNING] /workspaces/master-thesis-pascal-joos/code_cure_agent/cca_workspace/sqlite-jdbc/src/main/java/org/sqlite/jdbc3/JDBC3ResultSet.java: Some input files use or override a deprecated API.
[WARNING] /workspaces/master-thesis-pascal-joos/code_cure_agent/cca_workspace/sqlite-jdbc/src/main/java/org/sqlite/jdbc3/JDBC3ResultSet.java: Recompile with -Xlint:deprecation for details.
[WARNING] /workspaces/master-thesis-pascal-joos/code_cure_agent/cca_workspace/sqlite-jdbc/src/main/java/org/sqlite/jdbc3/JDBC3Connection.java: /workspaces/master-thesis-pascal-joos/code_cure_agent/cca_workspace/sqlite-jdbc/src/main/java/org/sqlite/jdbc3/JDBC3Connection.java uses unchecked or unsafe operations.
[WARNING] /workspaces/master-thesis-pascal-joos/code_cure_agent/cca_workspace/sqlite-jdbc/src/main/java/org/sqlite/jdbc3/JDBC3Connection.java: Recompile with -Xlint:unchecked for details.
[INFO] 
[INFO] --- maven-bundle-plugin:2.4.0:manifest (default) @ sqlite-jdbc ---
[INFO] 
[INFO] --- maven-resources-plugin:2.6:testResources (default-testResources) @ sqlite-jdbc ---
[INFO] Using 'UTF-8' encoding to copy filtered resources.
[INFO] Copying 3 resources
[INFO] skip non existing resourceDirectory /workspaces/master-thesis-pascal-joos/code_cure_agent/cca_workspace/sqlite-jdbc/src/test/resources
[INFO] 
[INFO] --- maven-compiler-plugin:3.1:testCompile (default-testCompile) @ sqlite-jdbc ---
[INFO] Changes detected - recompiling the module!
[INFO] Compiling 29 source files to /workspaces/master-thesis-pascal-joos/code_cure_agent/cca_workspace/sqlite-jdbc/target/test-classes
[INFO] -------------------------------------------------------------
[WARNING] COMPILATION WARNING : 
[INFO] -------------------------------------------------------------
[WARNING] /workspaces/master-thesis-pascal-joos/code_cure_agent/cca_workspace/sqlite-jdbc/src/test/java/org/sqlite/PrepStmtTest.java: Some input files use or override a deprecated API.
[WARNING] /workspaces/master-thesis-pascal-joos/code_cure_agent/cca_workspace/sqlite-jdbc/src/test/java/org/sqlite/PrepStmtTest.java: Recompile with -Xlint:deprecation for details.
[INFO] 2 warnings 
[INFO] -------------------------------------------------------------
[INFO] -------------------------------------------------------------
[ERROR] COMPILATION ERROR : 
[INFO] -------------------------------------------------------------
[ERROR] /workspaces/master-thesis-pascal-joos/code_cure_agent/cca_workspace/sqlite-jdbc/src/test/java/org/sqlite/JSON1Test.java:[269,14] cannot find symbol
  symbol:   class Statement
  location: class org.sqlite.JSON1Test
[ERROR] /workspaces/master-thesis-pascal-joos/code_cure_agent/cca_workspace/sqlite-jdbc/src/test/java/org/sqlite/JSON1Test.java:[279,14] cannot find symbol
  symbol:   class Statement
  location: class org.sqlite.JSON1Test
[ERROR] /workspaces/master-thesis-pascal-joos/code_cure_agent/cca_workspace/sqlite-jdbc/src/test/java/org/sqlite/JSON1Test.java:[289,14] cannot find symbol
  symbol:   class Statement
  location: class org.sqlite.JSON1Test
[ERROR] /workspaces/master-thesis-pascal-joos/code_cure_agent/cca_workspace/sqlite-jdbc/src/test/java/org/sqlite/JSON1Test.java:[299,14] cannot find symbol
  symbol:   class Statement
  location: class org.sqlite.JSON1Test
[ERROR] /workspaces/master-thesis-pascal-joos/code_cure_agent/cca_workspace/sqlite-jdbc/src/test/java/org/sqlite/JSON1Test.java:[309,14] cannot find symbol
  symbol:   class Statement
  location: class org.sqlite.JSON1Test
[ERROR] /workspaces/master-thesis-pascal-joos/code_cure_agent/cca_workspace/sqlite-jdbc/src/test/java/org/sqlite/JSON1Test.java:[319,14] cannot find symbol
  symbol:   class Statement
  location: class org.sqlite.JSON1Test
[ERROR] /workspaces/master-thesis-pascal-joos/code_cure_agent/cca_workspace/sqlite-jdbc/src/test/java/org/sqlite/JSON1Test.java:[329,14] cannot find symbol
  symbol:   class Statement
  location: class org.sqlite.JSON1Test
[ERROR] /workspaces/master-thesis-pascal-joos/code_cure_agent/cca_workspace/sqlite-jdbc/src/test/java/org/sqlite/JSON1Test.java:[339,14] cannot find symbol
  symbol:   class Statement
  location: class org.sqlite.JSON1Test
[ERROR] /workspaces/master-thesis-pascal-joos/code_cure_agent/cca_workspace/sqlite-jdbc/src/test/java/org/sqlite/JSON1Test.java:[349,14] cannot find symbol
  symbol:   class Statement
  location: class org.sqlite.JSON1Test
[ERROR] /workspaces/master-thesis-pascal-joos/code_cure_agent/cca_workspace/sqlite-jdbc/src/test/java/org/sqlite/JSON1Test.java:[359,14] cannot find symbol
  symbol:   class Statement
  location: class org.sqlite.JSON1Test
[ERROR] /workspaces/master-thesis-pascal-joos/code_cure_agent/cca_workspace/sqlite-jdbc/src/test/java/org/sqlite/JSON1Test.java:[369,14] cannot find symbol
  symbol:   class Statement
  location: class org.sqlite.JSON1Test
[ERROR] /workspaces/master-thesis-pascal-joos/code_cure_agent/cca_workspace/sqlite-jdbc/src/test/java/org/sqlite/JSON1Test.java:[379,14] cannot find symbol
  symbol:   class Statement
  location: class org.sqlite.JSON1Test
[ERROR] /workspaces/master-thesis-pascal-joos/code_cure_agent/cca_workspace/sqlite-jdbc/src/test/java/org/sqlite/JSON1Test.java:[389,14] cannot find symbol
  symbol:   class Statement
  location: class org.sqlite.JSON1Test
[ERROR] /workspaces/master-thesis-pascal-joos/code_cure_agent/cca_workspace/sqlite-jdbc/src/test/java/org/sqlite/JSON1Test.java:[399,14] cannot find symbol
  symbol:   class Statement
  location: class org.sqlite.JSON1Test
[ERROR] /workspaces/master-thesis-pascal-joos/code_cure_agent/cca_workspace/sqlite-jdbc/src/test/java/org/sqlite/JSON1Test.java:[409,14] cannot find symbol
  symbol:   class Statement
  location: class org.sqlite.JSON1Test
[ERROR] /workspaces/master-thesis-pascal-joos/code_cure_agent/cca_workspace/sqlite-jdbc/src/test/java/org/sqlite/JSON1Test.java:[419,14] cannot find symbol
  symbol:   class Statement
  location: class org.sqlite.JSON1Test
[ERROR] /workspaces/master-thesis-pascal-joos/code_cure_agent/cca_workspace/sqlite-jdbc/src/test/java/org/sqlite/JSON1Test.java:[429,14] cannot find symbol
  symbol:   class Statement
  location: class org.sqlite.JSON1Test
[ERROR] /workspaces/master-thesis-pascal-joos/code_cure_agent/cca_workspace/sqlite-jdbc/src/test/java/org/sqlite/JSON1Test.java:[439,14] cannot find symbol
  symbol:   class Statement
  location: class org.sqlite.JSON1Test
[ERROR] /workspaces/master-thesis-pascal-joos/code_cure_agent/cca_workspace/sqlite-jdbc/src/test/java/org/sqlite/JSON1Test.java:[449,14] cannot find symbol
  symbol:   class Statement
  location: class org.sqlite.JSON1Test
[ERROR] /workspaces/master-thesis-pascal-joos/code_cure_agent/cca_workspace/sqlite-jdbc/src/test/java/org/sqlite/JSON1Test.java:[459,14] cannot find symbol
  symbol:   class Statement
  location: class org.sqlite.JSON1Test
[ERROR] /workspaces/master-thesis-pascal-joos/code_cure_agent/cca_workspace/sqlite-jdbc/src/test/java/org/sqlite/JSON1Test.java:[469,14] cannot find symbol
  symbol:   class Statement
  location: class org.sqlite.JSON1Test
[ERROR] /workspaces/master-thesis-pascal-joos/code_cure_agent/cca_workspace/sqlite-jdbc/src/test/java/org/sqlite/JSON1Test.java:[479,14] cannot find symbol
  symbol:   class Statement
  location: class org.sqlite.JSON1Test
[ERROR] /workspaces/master-thesis-pascal-joos/code_cure_agent/cca_workspace/sqlite-jdbc/src/test/java/org/sqlite/JSON1Test.java:[489,14] cannot find symbol
  symbol:   class Statement
  location: class org.sqlite.JSON1Test
[ERROR] /workspaces/master-thesis-pascal-joos/code_cure_agent/cca_workspace/sqlite-jdbc/src/test/java/org/sqlite/JSON1Test.java:[499,14] cannot find symbol
  symbol:   class Statement
  location: class org.sqlite.JSON1Test
[ERROR] /workspaces/master-thesis-pascal-joos/code_cure_agent/cca_workspace/sqlite-jdbc/src/test/java/org/sqlite/JSON1Test.java:[509,14] cannot find symbol
  symbol:   class Statement
  location: class org.sqlite.JSON1Test
[ERROR] /workspaces/master-thesis-pascal-joos/code_cure_agent/cca_workspace/sqlite-jdbc/src/test/java/org/sqlite/JSON1Test.java:[519,14] cannot find symbol
  symbol:   class Statement
  location: class org.sqlite.JSON1Test
[ERROR] /workspaces/master-thesis-pascal-joos/code_cure_agent/cca_workspace/sqlite-jdbc/src/test/java/org/sqlite/JSON1Test.java:[529,14] cannot find symbol
  symbol:   class Statement
  location: class org.sqlite.JSON1Test
[ERROR] /workspaces/master-thesis-pascal-joos/code_cure_agent/cca_workspace/sqlite-jdbc/src/test/java/org/sqlite/JSON1Test.java:[555,14] cannot find symbol
  symbol:   class Statement
  location: class org.sqlite.JSON1Test
[ERROR] /workspaces/master-thesis-pascal-joos/code_cure_agent/cca_workspace/sqlite-jdbc/src/test/java/org/sqlite/JSON1Test.java:[582,14] cannot find symbol
  symbol:   class Statement
  location: class org.sqlite.JSON1Test
[ERROR] /workspaces/master-thesis-pascal-joos/code_cure_agent/cca_workspace/sqlite-jdbc/src/test/java/org/sqlite/JSON1Test.java:[611,14] cannot find symbol
  symbol:   class Statement
  location: class org.sqlite.JSON1Test
[INFO] 30 errors 
[INFO] -------------------------------------------------------------
[INFO] ------------------------------------------------------------------------
[INFO] BUILD FAILURE
[INFO] ------------------------------------------------------------------------
[INFO] Total time:  3.288 s
[INFO] Finished at: 2025-08-30T20:19:49Z
[INFO] ------------------------------------------------------------------------
[ERROR] Failed to execute goal org.apache.maven.plugins:maven-compiler-plugin:3.1:testCompile (default-testCompile) on project sqlite-jdbc: Compilation failure: Compilation failure: 
[ERROR] /workspaces/master-thesis-pascal-joos/code_cure_agent/cca_workspace/sqlite-jdbc/src/test/java/org/sqlite/JSON1Test.java:[269,14] cannot find symbol
[ERROR]   symbol:   class Statement
[ERROR]   location: class org.sqlite.JSON1Test
[ERROR] /workspaces/master-thesis-pascal-joos/code_cure_agent/cca_workspace/sqlite-jdbc/src/test/java/org/sqlite/JSON1Test.java:[279,14] cannot find symbol
[ERROR]   symbol:   class Statement
[ERROR]   location: class org.sqlite.JSON1Test
[ERROR] /workspaces/master-thesis-pascal-joos/code_cure_agent/cca_workspace/sqlite-jdbc/src/test/java/org/sqlite/JSON1Test.java:[289,14] cannot find symbol
[ERROR]   symbol:   class Statement
[ERROR]   location: class org.sqlite.JSON1Test
[ERROR] /workspaces/master-thesis-pascal-joos/code_cure_agent/cca_workspace/sqlite-jdbc/src/test/java/org/sqlite/JSON1Test.java:[299,14] cannot find symbol
[ERROR]   symbol:   class Statement
[ERROR]   location: class org.sqlite.JSON1Test
[ERROR] /workspaces/master-thesis-pascal-joos/code_cure_agent/cca_workspace/sqlite-jdbc/src/test/java/org/sqlite/JSON1Test.java:[309,14] cannot find symbol
[ERROR]   symbol:   class Statement
[ERROR]   location: class org.sqlite.JSON1Test
[ERROR] /workspaces/master-thesis-pascal-joos/code_cure_agent/cca_workspace/sqlite-jdbc/src/test/java/org/sqlite/JSON1Test.java:[319,14] cannot find symbol
[ERROR]   symbol:   class Statement
[ERROR]   location: class org.sqlite.JSON1Test
[ERROR] /workspaces/master-thesis-pascal-joos/code_cure_agent/cca_workspace/sqlite-jdbc/src/test/java/org/sqlite/JSON1Test.java:[329,14] cannot find symbol
[ERROR]   symbol:   class Statement
[ERROR]   location: class org.sqlite.JSON1Test
[ERROR] /workspaces/master-thesis-pascal-joos/code_cure_agent/cca_workspace/sqlite-jdbc/src/test/java/org/sqlite/JSON1Test.java:[339,14] cannot find symbol
[ERROR]   symbol:   class Statement
[ERROR]   location: class org.sqlite.JSON1Test
[ERROR] /workspaces/master-thesis-pascal-joos/code_cure_agent/cca_workspace/sqlite-jdbc/src/test/java/org/sqlite/JSON1Test.java:[349,14] cannot find symbol
[ERROR]   symbol:   class Statement
[ERROR]   location: class org.sqlite.JSON1Test
[ERROR] /workspaces/master-thesis-pascal-joos/code_cure_agent/cca_workspace/sqlite-jdbc/src/test/java/org/sqlite/JSON1Test.java:[359,14] cannot find symbol
[ERROR]   symbol:   class Statement
[ERROR]   location: class org.sqlite.JSON1Test
[ERROR] /workspaces/master-thesis-pascal-joos/code_cure_agent/cca_workspace/sqlite-jdbc/src/test/java/org/sqlite/JSON1Test.java:[369,14] cannot find symbol
[ERROR]   symbol:   class Statement
[ERROR]   location: class org.sqlite.JSON1Test
[ERROR] /workspaces/master-thesis-pascal-joos/code_cure_agent/cca_workspace/sqlite-jdbc/src/test/java/org/sqlite/JSON1Test.java:[379,14] cannot find symbol
[ERROR]   symbol:   class Statement
[ERROR]   location: class org.sqlite.JSON1Test
[ERROR] /workspaces/master-thesis-pascal-joos/code_cure_agent/cca_workspace/sqlite-jdbc/src/test/java/org/sqlite/JSON1Test.java:[389,14] cannot find symbol
[ERROR]   symbol:   class Statement
[ERROR]   location: class org.sqlite.JSON1Test
[ERROR] /workspaces/master-thesis-pascal-joos/code_cure_agent/cca_workspace/sqlite-jdbc/src/test/java/org/sqlite/JSON1Test.java:[399,14] cannot find symbol
[ERROR]   symbol:   class Statement
[ERROR]   location: class org.sqlite.JSON1Test
[ERROR] /workspaces/master-thesis-pascal-joos/code_cure_agent/cca_workspace/sqlite-jdbc/src/test/java/org/sqlite/JSON1Test.java:[409,14] cannot find symbol
[ERROR]   symbol:   class Statement
[ERROR]   location: class org.sqlite.JSON1Test
[ERROR] /workspaces/master-thesis-pascal-joos/code_cure_agent/cca_workspace/sqlite-jdbc/src/test/java/org/sqlite/JSON1Test.java:[419,14] cannot find symbol
[ERROR]   symbol:   class Statement
[ERROR]   location: class org.sqlite.JSON1Test
[ERROR] /workspaces/master-thesis-pascal-joos/code_cure_agent/cca_workspace/sqlite-jdbc/src/test/java/org/sqlite/JSON1Test.java:[429,14] cannot find symbol
[ERROR]   symbol:   class Statement
[ERROR]   location: class org.sqlite.JSON1Test
[ERROR] /workspaces/master-thesis-pascal-joos/code_cure_agent/cca_workspace/sqlite-jdbc/src/test/java/org/sqlite/JSON1Test.java:[439,14] cannot find symbol
[ERROR]   symbol:   class Statement
[ERROR]   location: class org.sqlite.JSON1Test
[ERROR] /workspaces/master-thesis-pascal-joos/code_cure_agent/cca_workspace/sqlite-jdbc/src/test/java/org/sqlite/JSON1Test.java:[449,14] cannot find symbol
[ERROR]   symbol:   class Statement
[ERROR]   location: class org.sqlite.JSON1Test
[ERROR] /workspaces/master-thesis-pascal-joos/code_cure_agent/cca_workspace/sqlite-jdbc/src/test/java/org/sqlite/JSON1Test.java:[459,14] cannot find symbol
[ERROR]   symbol:   class Statement
[ERROR]   location: class org.sqlite.JSON1Test
[ERROR] /workspaces/master-thesis-pascal-joos/code_cure_agent/cca_workspace/sqlite-jdbc/src/test/java/org/sqlite/JSON1Test.java:[469,14] cannot find symbol
[ERROR]   symbol:   class Statement
[ERROR]   location: class org.sqlite.JSON1Test
[ERROR] /workspaces/master-thesis-pascal-joos/code_cure_agent/cca_workspace/sqlite-jdbc/src/test/java/org/sqlite/JSON1Test.java:[479,14] cannot find symbol
[ERROR]   symbol:   class Statement
[ERROR]   location: class org.sqlite.JSON1Test
[ERROR] /workspaces/master-thesis-pascal-joos/code_cure_agent/cca_workspace/sqlite-jdbc/src/test/java/org/sqlite/JSON1Test.java:[489,14] cannot find symbol
[ERROR]   symbol:   class Statement
[ERROR]   location: class org.sqlite.JSON1Test
[ERROR] /workspaces/master-thesis-pascal-joos/code_cure_agent/cca_workspace/sqlite-jdbc/src/test/java/org/sqlite/JSON1Test.java:[499,14] cannot find symbol
[ERROR]   symbol:   class Statement
[ERROR]   location: class org.sqlite.JSON1Test
[ERROR] /workspaces/master-thesis-pascal-joos/code_cure_agent/cca_workspace/sqlite-jdbc/src/test/java/org/sqlite/JSON1Test.java:[509,14] cannot find symbol
[ERROR]   symbol:   class Statement
[ERROR]   location: class org.sqlite.JSON1Test
[ERROR] /workspaces/master-thesis-pascal-joos/code_cure_agent/cca_workspace/sqlite-jdbc/src/test/java/org/sqlite/JSON1Test.java:[519,14] cannot find symbol
[ERROR]   symbol:   class Statement
[ERROR]   location: class org.sqlite.JSON1Test
[ERROR] /workspaces/master-thesis-pascal-joos/code_cure_agent/cca_workspace/sqlite-jdbc/src/test/java/org/sqlite/JSON1Test.java:[529,14] cannot find symbol
[ERROR]   symbol:   class Statement
[ERROR]   location: class org.sqlite.JSON1Test
[ERROR] /workspaces/master-thesis-pascal-joos/code_cure_agent/cca_workspace/sqlite-jdbc/src/test/java/org/sqlite/JSON1Test.java:[555,14] cannot find symbol
[ERROR]   symbol:   class Statement
[ERROR]   location: class org.sqlite.JSON1Test
[ERROR] /workspaces/master-thesis-pascal-joos/code_cure_agent/cca_workspace/sqlite-jdbc/src/test/java/org/sqlite/JSON1Test.java:[582,14] cannot find symbol
[ERROR]   symbol:   class Statement
[ERROR]   location: class org.sqlite.JSON1Test
[ERROR] /workspaces/master-thesis-pascal-joos/code_cure_agent/cca_workspace/sqlite-jdbc/src/test/java/org/sqlite/JSON1Test.java:[611,14] cannot find symbol
[ERROR]   symbol:   class Statement
[ERROR]   location: class org.sqlite.JSON1Test
[ERROR] -> [Help 1]
[ERROR] 
[ERROR] To see the full stack trace of the errors, re-run Maven with the -e switch.
[ERROR] Re-run Maven using the -X switch to enable full debug logging.
[ERROR] 
[ERROR] For more information about the errors and possible solutions, please read the following articles:
[ERROR] [Help 1] http://cwiki.apache.org/confluence/display/MAVEN/MojoFailureException
