[INFO] Scanning for projects...
[INFO] 
[INFO] -----------------------< org.xerial:sqlite-jdbc >-----------------------
[INFO] Building SQLite JDBC 3.32.3.3-SNAPSHOT
[INFO] --------------------------------[ jar ]---------------------------------
[INFO] 
[INFO] --- maven-clean-plugin:2.5:clean (default-clean) @ sqlite-jdbc ---
[INFO] Deleting /workspaces/master-thesis-pascal-joos/code_cure_agent/cca_workspace/sqlite-jdbc/target
[INFO] 
[INFO] --- maven-enforcer-plugin:1.2:enforce (enforce-maven) @ sqlite-jdbc ---
[INFO] 
[INFO] --- maven-resources-plugin:2.6:resources (default-resources) @ sqlite-jdbc ---
[INFO] Using 'UTF-8' encoding to copy filtered resources.
[INFO] Copying 13 resources
[INFO] Copying 1 resource to META-INF/services
[INFO] Copying 1 resource
[INFO] Copying 3 resources to META-INF/maven/org.xerial/sqlite-jdbc
[INFO] 
[INFO] --- maven-compiler-plugin:3.1:compile (default-compile) @ sqlite-jdbc ---
[INFO] Changes detected - recompiling the module!
[INFO] Compiling 49 source files to /workspaces/master-thesis-pascal-joos/code_cure_agent/cca_workspace/sqlite-jdbc/target/classes
[WARNING] /workspaces/master-thesis-pascal-joos/code_cure_agent/cca_workspace/sqlite-jdbc/src/main/java/org/sqlite/jdbc3/JDBC3ResultSet.java: Some input files use or override a deprecated API.
[WARNING] /workspaces/master-thesis-pascal-joos/code_cure_agent/cca_workspace/sqlite-jdbc/src/main/java/org/sqlite/jdbc3/JDBC3ResultSet.java: Recompile with -Xlint:deprecation for details.
[WARNING] /workspaces/master-thesis-pascal-joos/code_cure_agent/cca_workspace/sqlite-jdbc/src/main/java/org/sqlite/jdbc3/JDBC3Connection.java: /workspaces/master-thesis-pascal-joos/code_cure_agent/cca_workspace/sqlite-jdbc/src/main/java/org/sqlite/jdbc3/JDBC3Connection.java uses unchecked or unsafe operations.
[WARNING] /workspaces/master-thesis-pascal-joos/code_cure_agent/cca_workspace/sqlite-jdbc/src/main/java/org/sqlite/jdbc3/JDBC3Connection.java: Recompile with -Xlint:unchecked for details.
[INFO] 
[INFO] --- maven-bundle-plugin:2.4.0:manifest (default) @ sqlite-jdbc ---
[INFO] 
[INFO] --- maven-resources-plugin:2.6:testResources (default-testResources) @ sqlite-jdbc ---
[INFO] Using 'UTF-8' encoding to copy filtered resources.
[INFO] Copying 3 resources
[INFO] skip non existing resourceDirectory /workspaces/master-thesis-pascal-joos/code_cure_agent/cca_workspace/sqlite-jdbc/src/test/resources
[INFO] 
[INFO] --- maven-compiler-plugin:3.1:testCompile (default-testCompile) @ sqlite-jdbc ---
[INFO] Changes detected - recompiling the module!
[INFO] Compiling 29 source files to /workspaces/master-thesis-pascal-joos/code_cure_agent/cca_workspace/sqlite-jdbc/target/test-classes
[INFO] -------------------------------------------------------------
[ERROR] COMPILATION ERROR : 
[INFO] -------------------------------------------------------------
[ERROR] /workspaces/master-thesis-pascal-joos/code_cure_agent/cca_workspace/sqlite-jdbc/src/test/java/org/sqlite/JSON1Test.java:[486,18] ';' expected
[ERROR] /workspaces/master-thesis-pascal-joos/code_cure_agent/cca_workspace/sqlite-jdbc/src/test/java/org/sqlite/JSON1Test.java:[487,9] invalid method declaration; return type required
[ERROR] /workspaces/master-thesis-pascal-joos/code_cure_agent/cca_workspace/sqlite-jdbc/src/test/java/org/sqlite/JSON1Test.java:[487,27] <identifier> expected
[ERROR] /workspaces/master-thesis-pascal-joos/code_cure_agent/cca_workspace/sqlite-jdbc/src/test/java/org/sqlite/JSON1Test.java:[488,9] invalid method declaration; return type required
[ERROR] /workspaces/master-thesis-pascal-joos/code_cure_agent/cca_workspace/sqlite-jdbc/src/test/java/org/sqlite/JSON1Test.java:[488,22] illegal start of type
[ERROR] /workspaces/master-thesis-pascal-joos/code_cure_agent/cca_workspace/sqlite-jdbc/src/test/java/org/sqlite/JSON1Test.java:[492,12] class, interface, or enum expected
[ERROR] /workspaces/master-thesis-pascal-joos/code_cure_agent/cca_workspace/sqlite-jdbc/src/test/java/org/sqlite/JSON1Test.java:[495,9] class, interface, or enum expected
[ERROR] /workspaces/master-thesis-pascal-joos/code_cure_agent/cca_workspace/sqlite-jdbc/src/test/java/org/sqlite/JSON1Test.java:[496,9] class, interface, or enum expected
[ERROR] /workspaces/master-thesis-pascal-joos/code_cure_agent/cca_workspace/sqlite-jdbc/src/test/java/org/sqlite/JSON1Test.java:[497,9] class, interface, or enum expected
[ERROR] /workspaces/master-thesis-pascal-joos/code_cure_agent/cca_workspace/sqlite-jdbc/src/test/java/org/sqlite/JSON1Test.java:[498,5] class, interface, or enum expected
[ERROR] /workspaces/master-thesis-pascal-joos/code_cure_agent/cca_workspace/sqlite-jdbc/src/test/java/org/sqlite/JSON1Test.java:[501,12] class, interface, or enum expected
[ERROR] /workspaces/master-thesis-pascal-joos/code_cure_agent/cca_workspace/sqlite-jdbc/src/test/java/org/sqlite/JSON1Test.java:[504,9] class, interface, or enum expected
[ERROR] /workspaces/master-thesis-pascal-joos/code_cure_agent/cca_workspace/sqlite-jdbc/src/test/java/org/sqlite/JSON1Test.java:[505,9] class, interface, or enum expected
[ERROR] /workspaces/master-thesis-pascal-joos/code_cure_agent/cca_workspace/sqlite-jdbc/src/test/java/org/sqlite/JSON1Test.java:[506,9] class, interface, or enum expected
[ERROR] /workspaces/master-thesis-pascal-joos/code_cure_agent/cca_workspace/sqlite-jdbc/src/test/java/org/sqlite/JSON1Test.java:[507,5] class, interface, or enum expected
[ERROR] /workspaces/master-thesis-pascal-joos/code_cure_agent/cca_workspace/sqlite-jdbc/src/test/java/org/sqlite/JSON1Test.java:[510,12] class, interface, or enum expected
[ERROR] /workspaces/master-thesis-pascal-joos/code_cure_agent/cca_workspace/sqlite-jdbc/src/test/java/org/sqlite/JSON1Test.java:[513,9] class, interface, or enum expected
[ERROR] /workspaces/master-thesis-pascal-joos/code_cure_agent/cca_workspace/sqlite-jdbc/src/test/java/org/sqlite/JSON1Test.java:[515,9] class, interface, or enum expected
[ERROR] /workspaces/master-thesis-pascal-joos/code_cure_agent/cca_workspace/sqlite-jdbc/src/test/java/org/sqlite/JSON1Test.java:[516,9] class, interface, or enum expected
[ERROR] /workspaces/master-thesis-pascal-joos/code_cure_agent/cca_workspace/sqlite-jdbc/src/test/java/org/sqlite/JSON1Test.java:[517,9] class, interface, or enum expected
[ERROR] /workspaces/master-thesis-pascal-joos/code_cure_agent/cca_workspace/sqlite-jdbc/src/test/java/org/sqlite/JSON1Test.java:[518,9] class, interface, or enum expected
[ERROR] /workspaces/master-thesis-pascal-joos/code_cure_agent/cca_workspace/sqlite-jdbc/src/test/java/org/sqlite/JSON1Test.java:[520,9] class, interface, or enum expected
[ERROR] /workspaces/master-thesis-pascal-joos/code_cure_agent/cca_workspace/sqlite-jdbc/src/test/java/org/sqlite/JSON1Test.java:[524,9] class, interface, or enum expected
[ERROR] /workspaces/master-thesis-pascal-joos/code_cure_agent/cca_workspace/sqlite-jdbc/src/test/java/org/sqlite/JSON1Test.java:[525,9] class, interface, or enum expected
[ERROR] /workspaces/master-thesis-pascal-joos/code_cure_agent/cca_workspace/sqlite-jdbc/src/test/java/org/sqlite/JSON1Test.java:[526,9] class, interface, or enum expected
[ERROR] /workspaces/master-thesis-pascal-joos/code_cure_agent/cca_workspace/sqlite-jdbc/src/test/java/org/sqlite/JSON1Test.java:[527,9] class, interface, or enum expected
[ERROR] /workspaces/master-thesis-pascal-joos/code_cure_agent/cca_workspace/sqlite-jdbc/src/test/java/org/sqlite/JSON1Test.java:[528,9] class, interface, or enum expected
[ERROR] /workspaces/master-thesis-pascal-joos/code_cure_agent/cca_workspace/sqlite-jdbc/src/test/java/org/sqlite/JSON1Test.java:[529,9] class, interface, or enum expected
[ERROR] /workspaces/master-thesis-pascal-joos/code_cure_agent/cca_workspace/sqlite-jdbc/src/test/java/org/sqlite/JSON1Test.java:[530,5] class, interface, or enum expected
[ERROR] /workspaces/master-thesis-pascal-joos/code_cure_agent/cca_workspace/sqlite-jdbc/src/test/java/org/sqlite/JSON1Test.java:[533,12] class, interface, or enum expected
[ERROR] /workspaces/master-thesis-pascal-joos/code_cure_agent/cca_workspace/sqlite-jdbc/src/test/java/org/sqlite/JSON1Test.java:[536,9] class, interface, or enum expected
[ERROR] /workspaces/master-thesis-pascal-joos/code_cure_agent/cca_workspace/sqlite-jdbc/src/test/java/org/sqlite/JSON1Test.java:[538,9] class, interface, or enum expected
[ERROR] /workspaces/master-thesis-pascal-joos/code_cure_agent/cca_workspace/sqlite-jdbc/src/test/java/org/sqlite/JSON1Test.java:[539,9] class, interface, or enum expected
[ERROR] /workspaces/master-thesis-pascal-joos/code_cure_agent/cca_workspace/sqlite-jdbc/src/test/java/org/sqlite/JSON1Test.java:[540,9] class, interface, or enum expected
[ERROR] /workspaces/master-thesis-pascal-joos/code_cure_agent/cca_workspace/sqlite-jdbc/src/test/java/org/sqlite/JSON1Test.java:[541,9] class, interface, or enum expected
[ERROR] /workspaces/master-thesis-pascal-joos/code_cure_agent/cca_workspace/sqlite-jdbc/src/test/java/org/sqlite/JSON1Test.java:[543,9] class, interface, or enum expected
[ERROR] /workspaces/master-thesis-pascal-joos/code_cure_agent/cca_workspace/sqlite-jdbc/src/test/java/org/sqlite/JSON1Test.java:[550,9] class, interface, or enum expected
[ERROR] /workspaces/master-thesis-pascal-joos/code_cure_agent/cca_workspace/sqlite-jdbc/src/test/java/org/sqlite/JSON1Test.java:[551,9] class, interface, or enum expected
[ERROR] /workspaces/master-thesis-pascal-joos/code_cure_agent/cca_workspace/sqlite-jdbc/src/test/java/org/sqlite/JSON1Test.java:[552,9] class, interface, or enum expected
[ERROR] /workspaces/master-thesis-pascal-joos/code_cure_agent/cca_workspace/sqlite-jdbc/src/test/java/org/sqlite/JSON1Test.java:[553,9] class, interface, or enum expected
[ERROR] /workspaces/master-thesis-pascal-joos/code_cure_agent/cca_workspace/sqlite-jdbc/src/test/java/org/sqlite/JSON1Test.java:[554,5] class, interface, or enum expected
[ERROR] /workspaces/master-thesis-pascal-joos/code_cure_agent/cca_workspace/sqlite-jdbc/src/test/java/org/sqlite/JSON1Test.java:[557,12] class, interface, or enum expected
[ERROR] /workspaces/master-thesis-pascal-joos/code_cure_agent/cca_workspace/sqlite-jdbc/src/test/java/org/sqlite/JSON1Test.java:[560,9] class, interface, or enum expected
[ERROR] /workspaces/master-thesis-pascal-joos/code_cure_agent/cca_workspace/sqlite-jdbc/src/test/java/org/sqlite/JSON1Test.java:[562,9] class, interface, or enum expected
[ERROR] /workspaces/master-thesis-pascal-joos/code_cure_agent/cca_workspace/sqlite-jdbc/src/test/java/org/sqlite/JSON1Test.java:[564,9] class, interface, or enum expected
[ERROR] /workspaces/master-thesis-pascal-joos/code_cure_agent/cca_workspace/sqlite-jdbc/src/test/java/org/sqlite/JSON1Test.java:[568,9] class, interface, or enum expected
[ERROR] /workspaces/master-thesis-pascal-joos/code_cure_agent/cca_workspace/sqlite-jdbc/src/test/java/org/sqlite/JSON1Test.java:[569,9] class, interface, or enum expected
[ERROR] /workspaces/master-thesis-pascal-joos/code_cure_agent/cca_workspace/sqlite-jdbc/src/test/java/org/sqlite/JSON1Test.java:[570,9] class, interface, or enum expected
[ERROR] /workspaces/master-thesis-pascal-joos/code_cure_agent/cca_workspace/sqlite-jdbc/src/test/java/org/sqlite/JSON1Test.java:[571,9] class, interface, or enum expected
[ERROR] /workspaces/master-thesis-pascal-joos/code_cure_agent/cca_workspace/sqlite-jdbc/src/test/java/org/sqlite/JSON1Test.java:[572,9] class, interface, or enum expected
[ERROR] /workspaces/master-thesis-pascal-joos/code_cure_agent/cca_workspace/sqlite-jdbc/src/test/java/org/sqlite/JSON1Test.java:[574,9] class, interface, or enum expected
[ERROR] /workspaces/master-thesis-pascal-joos/code_cure_agent/cca_workspace/sqlite-jdbc/src/test/java/org/sqlite/JSON1Test.java:[575,9] class, interface, or enum expected
[ERROR] /workspaces/master-thesis-pascal-joos/code_cure_agent/cca_workspace/sqlite-jdbc/src/test/java/org/sqlite/JSON1Test.java:[576,9] class, interface, or enum expected
[ERROR] /workspaces/master-thesis-pascal-joos/code_cure_agent/cca_workspace/sqlite-jdbc/src/test/java/org/sqlite/JSON1Test.java:[577,9] class, interface, or enum expected
[ERROR] /workspaces/master-thesis-pascal-joos/code_cure_agent/cca_workspace/sqlite-jdbc/src/test/java/org/sqlite/JSON1Test.java:[579,9] class, interface, or enum expected
[ERROR] /workspaces/master-thesis-pascal-joos/code_cure_agent/cca_workspace/sqlite-jdbc/src/test/java/org/sqlite/JSON1Test.java:[580,5] class, interface, or enum expected
[ERROR] /workspaces/master-thesis-pascal-joos/code_cure_agent/cca_workspace/sqlite-jdbc/src/test/java/org/sqlite/JSON1Test.java:[583,12] class, interface, or enum expected
[ERROR] /workspaces/master-thesis-pascal-joos/code_cure_agent/cca_workspace/sqlite-jdbc/src/test/java/org/sqlite/JSON1Test.java:[586,9] class, interface, or enum expected
[ERROR] /workspaces/master-thesis-pascal-joos/code_cure_agent/cca_workspace/sqlite-jdbc/src/test/java/org/sqlite/JSON1Test.java:[588,9] class, interface, or enum expected
[ERROR] /workspaces/master-thesis-pascal-joos/code_cure_agent/cca_workspace/sqlite-jdbc/src/test/java/org/sqlite/JSON1Test.java:[590,9] class, interface, or enum expected
[ERROR] /workspaces/master-thesis-pascal-joos/code_cure_agent/cca_workspace/sqlite-jdbc/src/test/java/org/sqlite/JSON1Test.java:[594,9] class, interface, or enum expected
[ERROR] /workspaces/master-thesis-pascal-joos/code_cure_agent/cca_workspace/sqlite-jdbc/src/test/java/org/sqlite/JSON1Test.java:[595,9] class, interface, or enum expected
[ERROR] /workspaces/master-thesis-pascal-joos/code_cure_agent/cca_workspace/sqlite-jdbc/src/test/java/org/sqlite/JSON1Test.java:[596,9] class, interface, or enum expected
[ERROR] /workspaces/master-thesis-pascal-joos/code_cure_agent/cca_workspace/sqlite-jdbc/src/test/java/org/sqlite/JSON1Test.java:[597,9] class, interface, or enum expected
[ERROR] /workspaces/master-thesis-pascal-joos/code_cure_agent/cca_workspace/sqlite-jdbc/src/test/java/org/sqlite/JSON1Test.java:[598,9] class, interface, or enum expected
[ERROR] /workspaces/master-thesis-pascal-joos/code_cure_agent/cca_workspace/sqlite-jdbc/src/test/java/org/sqlite/JSON1Test.java:[600,9] class, interface, or enum expected
[ERROR] /workspaces/master-thesis-pascal-joos/code_cure_agent/cca_workspace/sqlite-jdbc/src/test/java/org/sqlite/JSON1Test.java:[601,9] class, interface, or enum expected
[ERROR] /workspaces/master-thesis-pascal-joos/code_cure_agent/cca_workspace/sqlite-jdbc/src/test/java/org/sqlite/JSON1Test.java:[602,9] class, interface, or enum expected
[ERROR] /workspaces/master-thesis-pascal-joos/code_cure_agent/cca_workspace/sqlite-jdbc/src/test/java/org/sqlite/JSON1Test.java:[603,9] class, interface, or enum expected
[ERROR] /workspaces/master-thesis-pascal-joos/code_cure_agent/cca_workspace/sqlite-jdbc/src/test/java/org/sqlite/JSON1Test.java:[605,9] class, interface, or enum expected
[ERROR] /workspaces/master-thesis-pascal-joos/code_cure_agent/cca_workspace/sqlite-jdbc/src/test/java/org/sqlite/JSON1Test.java:[606,5] class, interface, or enum expected
[INFO] 71 errors 
[INFO] -------------------------------------------------------------
[INFO] ------------------------------------------------------------------------
[INFO] BUILD FAILURE
[INFO] ------------------------------------------------------------------------
[INFO] Total time:  2.873 s
[INFO] Finished at: 2025-08-30T21:46:52Z
[INFO] ------------------------------------------------------------------------
[ERROR] Failed to execute goal org.apache.maven.plugins:maven-compiler-plugin:3.1:testCompile (default-testCompile) on project sqlite-jdbc: Compilation failure: Compilation failure: 
[ERROR] /workspaces/master-thesis-pascal-joos/code_cure_agent/cca_workspace/sqlite-jdbc/src/test/java/org/sqlite/JSON1Test.java:[486,18] ';' expected
[ERROR] /workspaces/master-thesis-pascal-joos/code_cure_agent/cca_workspace/sqlite-jdbc/src/test/java/org/sqlite/JSON1Test.java:[487,9] invalid method declaration; return type required
[ERROR] /workspaces/master-thesis-pascal-joos/code_cure_agent/cca_workspace/sqlite-jdbc/src/test/java/org/sqlite/JSON1Test.java:[487,27] <identifier> expected
[ERROR] /workspaces/master-thesis-pascal-joos/code_cure_agent/cca_workspace/sqlite-jdbc/src/test/java/org/sqlite/JSON1Test.java:[488,9] invalid method declaration; return type required
[ERROR] /workspaces/master-thesis-pascal-joos/code_cure_agent/cca_workspace/sqlite-jdbc/src/test/java/org/sqlite/JSON1Test.java:[488,22] illegal start of type
[ERROR] /workspaces/master-thesis-pascal-joos/code_cure_agent/cca_workspace/sqlite-jdbc/src/test/java/org/sqlite/JSON1Test.java:[492,12] class, interface, or enum expected
[ERROR] /workspaces/master-thesis-pascal-joos/code_cure_agent/cca_workspace/sqlite-jdbc/src/test/java/org/sqlite/JSON1Test.java:[495,9] class, interface, or enum expected
[ERROR] /workspaces/master-thesis-pascal-joos/code_cure_agent/cca_workspace/sqlite-jdbc/src/test/java/org/sqlite/JSON1Test.java:[496,9] class, interface, or enum expected
[ERROR] /workspaces/master-thesis-pascal-joos/code_cure_agent/cca_workspace/sqlite-jdbc/src/test/java/org/sqlite/JSON1Test.java:[497,9] class, interface, or enum expected
[ERROR] /workspaces/master-thesis-pascal-joos/code_cure_agent/cca_workspace/sqlite-jdbc/src/test/java/org/sqlite/JSON1Test.java:[498,5] class, interface, or enum expected
[ERROR] /workspaces/master-thesis-pascal-joos/code_cure_agent/cca_workspace/sqlite-jdbc/src/test/java/org/sqlite/JSON1Test.java:[501,12] class, interface, or enum expected
[ERROR] /workspaces/master-thesis-pascal-joos/code_cure_agent/cca_workspace/sqlite-jdbc/src/test/java/org/sqlite/JSON1Test.java:[504,9] class, interface, or enum expected
[ERROR] /workspaces/master-thesis-pascal-joos/code_cure_agent/cca_workspace/sqlite-jdbc/src/test/java/org/sqlite/JSON1Test.java:[505,9] class, interface, or enum expected
[ERROR] /workspaces/master-thesis-pascal-joos/code_cure_agent/cca_workspace/sqlite-jdbc/src/test/java/org/sqlite/JSON1Test.java:[506,9] class, interface, or enum expected
[ERROR] /workspaces/master-thesis-pascal-joos/code_cure_agent/cca_workspace/sqlite-jdbc/src/test/java/org/sqlite/JSON1Test.java:[507,5] class, interface, or enum expected
[ERROR] /workspaces/master-thesis-pascal-joos/code_cure_agent/cca_workspace/sqlite-jdbc/src/test/java/org/sqlite/JSON1Test.java:[510,12] class, interface, or enum expected
[ERROR] /workspaces/master-thesis-pascal-joos/code_cure_agent/cca_workspace/sqlite-jdbc/src/test/java/org/sqlite/JSON1Test.java:[513,9] class, interface, or enum expected
[ERROR] /workspaces/master-thesis-pascal-joos/code_cure_agent/cca_workspace/sqlite-jdbc/src/test/java/org/sqlite/JSON1Test.java:[515,9] class, interface, or enum expected
[ERROR] /workspaces/master-thesis-pascal-joos/code_cure_agent/cca_workspace/sqlite-jdbc/src/test/java/org/sqlite/JSON1Test.java:[516,9] class, interface, or enum expected
[ERROR] /workspaces/master-thesis-pascal-joos/code_cure_agent/cca_workspace/sqlite-jdbc/src/test/java/org/sqlite/JSON1Test.java:[517,9] class, interface, or enum expected
[ERROR] /workspaces/master-thesis-pascal-joos/code_cure_agent/cca_workspace/sqlite-jdbc/src/test/java/org/sqlite/JSON1Test.java:[518,9] class, interface, or enum expected
[ERROR] /workspaces/master-thesis-pascal-joos/code_cure_agent/cca_workspace/sqlite-jdbc/src/test/java/org/sqlite/JSON1Test.java:[520,9] class, interface, or enum expected
[ERROR] /workspaces/master-thesis-pascal-joos/code_cure_agent/cca_workspace/sqlite-jdbc/src/test/java/org/sqlite/JSON1Test.java:[524,9] class, interface, or enum expected
[ERROR] /workspaces/master-thesis-pascal-joos/code_cure_agent/cca_workspace/sqlite-jdbc/src/test/java/org/sqlite/JSON1Test.java:[525,9] class, interface, or enum expected
[ERROR] /workspaces/master-thesis-pascal-joos/code_cure_agent/cca_workspace/sqlite-jdbc/src/test/java/org/sqlite/JSON1Test.java:[526,9] class, interface, or enum expected
[ERROR] /workspaces/master-thesis-pascal-joos/code_cure_agent/cca_workspace/sqlite-jdbc/src/test/java/org/sqlite/JSON1Test.java:[527,9] class, interface, or enum expected
[ERROR] /workspaces/master-thesis-pascal-joos/code_cure_agent/cca_workspace/sqlite-jdbc/src/test/java/org/sqlite/JSON1Test.java:[528,9] class, interface, or enum expected
[ERROR] /workspaces/master-thesis-pascal-joos/code_cure_agent/cca_workspace/sqlite-jdbc/src/test/java/org/sqlite/JSON1Test.java:[529,9] class, interface, or enum expected
[ERROR] /workspaces/master-thesis-pascal-joos/code_cure_agent/cca_workspace/sqlite-jdbc/src/test/java/org/sqlite/JSON1Test.java:[530,5] class, interface, or enum expected
[ERROR] /workspaces/master-thesis-pascal-joos/code_cure_agent/cca_workspace/sqlite-jdbc/src/test/java/org/sqlite/JSON1Test.java:[533,12] class, interface, or enum expected
[ERROR] /workspaces/master-thesis-pascal-joos/code_cure_agent/cca_workspace/sqlite-jdbc/src/test/java/org/sqlite/JSON1Test.java:[536,9] class, interface, or enum expected
[ERROR] /workspaces/master-thesis-pascal-joos/code_cure_agent/cca_workspace/sqlite-jdbc/src/test/java/org/sqlite/JSON1Test.java:[538,9] class, interface, or enum expected
[ERROR] /workspaces/master-thesis-pascal-joos/code_cure_agent/cca_workspace/sqlite-jdbc/src/test/java/org/sqlite/JSON1Test.java:[539,9] class, interface, or enum expected
[ERROR] /workspaces/master-thesis-pascal-joos/code_cure_agent/cca_workspace/sqlite-jdbc/src/test/java/org/sqlite/JSON1Test.java:[540,9] class, interface, or enum expected
[ERROR] /workspaces/master-thesis-pascal-joos/code_cure_agent/cca_workspace/sqlite-jdbc/src/test/java/org/sqlite/JSON1Test.java:[541,9] class, interface, or enum expected
[ERROR] /workspaces/master-thesis-pascal-joos/code_cure_agent/cca_workspace/sqlite-jdbc/src/test/java/org/sqlite/JSON1Test.java:[543,9] class, interface, or enum expected
[ERROR] /workspaces/master-thesis-pascal-joos/code_cure_agent/cca_workspace/sqlite-jdbc/src/test/java/org/sqlite/JSON1Test.java:[550,9] class, interface, or enum expected
[ERROR] /workspaces/master-thesis-pascal-joos/code_cure_agent/cca_workspace/sqlite-jdbc/src/test/java/org/sqlite/JSON1Test.java:[551,9] class, interface, or enum expected
[ERROR] /workspaces/master-thesis-pascal-joos/code_cure_agent/cca_workspace/sqlite-jdbc/src/test/java/org/sqlite/JSON1Test.java:[552,9] class, interface, or enum expected
[ERROR] /workspaces/master-thesis-pascal-joos/code_cure_agent/cca_workspace/sqlite-jdbc/src/test/java/org/sqlite/JSON1Test.java:[553,9] class, interface, or enum expected
[ERROR] /workspaces/master-thesis-pascal-joos/code_cure_agent/cca_workspace/sqlite-jdbc/src/test/java/org/sqlite/JSON1Test.java:[554,5] class, interface, or enum expected
[ERROR] /workspaces/master-thesis-pascal-joos/code_cure_agent/cca_workspace/sqlite-jdbc/src/test/java/org/sqlite/JSON1Test.java:[557,12] class, interface, or enum expected
[ERROR] /workspaces/master-thesis-pascal-joos/code_cure_agent/cca_workspace/sqlite-jdbc/src/test/java/org/sqlite/JSON1Test.java:[560,9] class, interface, or enum expected
[ERROR] /workspaces/master-thesis-pascal-joos/code_cure_agent/cca_workspace/sqlite-jdbc/src/test/java/org/sqlite/JSON1Test.java:[562,9] class, interface, or enum expected
[ERROR] /workspaces/master-thesis-pascal-joos/code_cure_agent/cca_workspace/sqlite-jdbc/src/test/java/org/sqlite/JSON1Test.java:[564,9] class, interface, or enum expected
[ERROR] /workspaces/master-thesis-pascal-joos/code_cure_agent/cca_workspace/sqlite-jdbc/src/test/java/org/sqlite/JSON1Test.java:[568,9] class, interface, or enum expected
[ERROR] /workspaces/master-thesis-pascal-joos/code_cure_agent/cca_workspace/sqlite-jdbc/src/test/java/org/sqlite/JSON1Test.java:[569,9] class, interface, or enum expected
[ERROR] /workspaces/master-thesis-pascal-joos/code_cure_agent/cca_workspace/sqlite-jdbc/src/test/java/org/sqlite/JSON1Test.java:[570,9] class, interface, or enum expected
[ERROR] /workspaces/master-thesis-pascal-joos/code_cure_agent/cca_workspace/sqlite-jdbc/src/test/java/org/sqlite/JSON1Test.java:[571,9] class, interface, or enum expected
[ERROR] /workspaces/master-thesis-pascal-joos/code_cure_agent/cca_workspace/sqlite-jdbc/src/test/java/org/sqlite/JSON1Test.java:[572,9] class, interface, or enum expected
[ERROR] /workspaces/master-thesis-pascal-joos/code_cure_agent/cca_workspace/sqlite-jdbc/src/test/java/org/sqlite/JSON1Test.java:[574,9] class, interface, or enum expected
[ERROR] /workspaces/master-thesis-pascal-joos/code_cure_agent/cca_workspace/sqlite-jdbc/src/test/java/org/sqlite/JSON1Test.java:[575,9] class, interface, or enum expected
[ERROR] /workspaces/master-thesis-pascal-joos/code_cure_agent/cca_workspace/sqlite-jdbc/src/test/java/org/sqlite/JSON1Test.java:[576,9] class, interface, or enum expected
[ERROR] /workspaces/master-thesis-pascal-joos/code_cure_agent/cca_workspace/sqlite-jdbc/src/test/java/org/sqlite/JSON1Test.java:[577,9] class, interface, or enum expected
[ERROR] /workspaces/master-thesis-pascal-joos/code_cure_agent/cca_workspace/sqlite-jdbc/src/test/java/org/sqlite/JSON1Test.java:[579,9] class, interface, or enum expected
[ERROR] /workspaces/master-thesis-pascal-joos/code_cure_agent/cca_workspace/sqlite-jdbc/src/test/java/org/sqlite/JSON1Test.java:[580,5] class, interface, or enum expected
[ERROR] /workspaces/master-thesis-pascal-joos/code_cure_agent/cca_workspace/sqlite-jdbc/src/test/java/org/sqlite/JSON1Test.java:[583,12] class, interface, or enum expected
[ERROR] /workspaces/master-thesis-pascal-joos/code_cure_agent/cca_workspace/sqlite-jdbc/src/test/java/org/sqlite/JSON1Test.java:[586,9] class, interface, or enum expected
[ERROR] /workspaces/master-thesis-pascal-joos/code_cure_agent/cca_workspace/sqlite-jdbc/src/test/java/org/sqlite/JSON1Test.java:[588,9] class, interface, or enum expected
[ERROR] /workspaces/master-thesis-pascal-joos/code_cure_agent/cca_workspace/sqlite-jdbc/src/test/java/org/sqlite/JSON1Test.java:[590,9] class, interface, or enum expected
[ERROR] /workspaces/master-thesis-pascal-joos/code_cure_agent/cca_workspace/sqlite-jdbc/src/test/java/org/sqlite/JSON1Test.java:[594,9] class, interface, or enum expected
[ERROR] /workspaces/master-thesis-pascal-joos/code_cure_agent/cca_workspace/sqlite-jdbc/src/test/java/org/sqlite/JSON1Test.java:[595,9] class, interface, or enum expected
[ERROR] /workspaces/master-thesis-pascal-joos/code_cure_agent/cca_workspace/sqlite-jdbc/src/test/java/org/sqlite/JSON1Test.java:[596,9] class, interface, or enum expected
[ERROR] /workspaces/master-thesis-pascal-joos/code_cure_agent/cca_workspace/sqlite-jdbc/src/test/java/org/sqlite/JSON1Test.java:[597,9] class, interface, or enum expected
[ERROR] /workspaces/master-thesis-pascal-joos/code_cure_agent/cca_workspace/sqlite-jdbc/src/test/java/org/sqlite/JSON1Test.java:[598,9] class, interface, or enum expected
[ERROR] /workspaces/master-thesis-pascal-joos/code_cure_agent/cca_workspace/sqlite-jdbc/src/test/java/org/sqlite/JSON1Test.java:[600,9] class, interface, or enum expected
[ERROR] /workspaces/master-thesis-pascal-joos/code_cure_agent/cca_workspace/sqlite-jdbc/src/test/java/org/sqlite/JSON1Test.java:[601,9] class, interface, or enum expected
[ERROR] /workspaces/master-thesis-pascal-joos/code_cure_agent/cca_workspace/sqlite-jdbc/src/test/java/org/sqlite/JSON1Test.java:[602,9] class, interface, or enum expected
[ERROR] /workspaces/master-thesis-pascal-joos/code_cure_agent/cca_workspace/sqlite-jdbc/src/test/java/org/sqlite/JSON1Test.java:[603,9] class, interface, or enum expected
[ERROR] /workspaces/master-thesis-pascal-joos/code_cure_agent/cca_workspace/sqlite-jdbc/src/test/java/org/sqlite/JSON1Test.java:[605,9] class, interface, or enum expected
[ERROR] /workspaces/master-thesis-pascal-joos/code_cure_agent/cca_workspace/sqlite-jdbc/src/test/java/org/sqlite/JSON1Test.java:[606,5] class, interface, or enum expected
[ERROR] -> [Help 1]
[ERROR] 
[ERROR] To see the full stack trace of the errors, re-run Maven with the -e switch.
[ERROR] Re-run Maven using the -X switch to enable full debug logging.
[ERROR] 
[ERROR] For more information about the errors and possible solutions, please read the following articles:
[ERROR] [Help 1] http://cwiki.apache.org/confluence/display/MAVEN/MojoFailureException
