[INFO] Scanning for projects...
[INFO] Inspecting build with total of 1 modules...
[INFO] Installing Nexus Staging features:
[INFO]   ... total of 1 executions of maven-deploy-plugin replaced with nexus-staging-maven-plugin
[INFO] 
[INFO] ----------------------< org.opentripplanner:otp >-----------------------
[INFO] Building OpenTripPlanner 2.1.0-SNAPSHOT
[INFO] --------------------------------[ jar ]---------------------------------
[INFO] 
[INFO] --- maven-clean-plugin:2.5:clean (default-clean) @ otp ---
[INFO] 
[INFO] --- git-commit-id-plugin:4.0.0:revision (default) @ otp ---
[INFO] 
[INFO] --- build-helper-maven-plugin:3.0.0:add-source (build-helper-generate-sources) @ otp ---
[INFO] Source directory: /workspaces/master-thesis-pascal-joos/code_cure_agent/cca_workspace/OpenTripPlanner/src/main/java added.
[INFO] Source directory: /workspaces/master-thesis-pascal-joos/code_cure_agent/cca_workspace/OpenTripPlanner/src/ext/java added.
[INFO] 
[INFO] --- maven-resources-plugin:2.6:resources (default-resources) @ otp ---
[INFO] Using 'UTF-8' encoding to copy filtered resources.
[INFO] Copying 24 resources
[INFO] Copying 1 resource
[INFO] Copying 287 resources to client
[INFO] 
[INFO] --- maven-compiler-plugin:3.8.1:compile (default-compile) @ otp ---
[INFO] Changes detected - recompiling the module!
[INFO] Compiling 1243 source files to /workspaces/master-thesis-pascal-joos/code_cure_agent/cca_workspace/OpenTripPlanner/target/classes
[INFO] /workspaces/master-thesis-pascal-joos/code_cure_agent/cca_workspace/OpenTripPlanner/src/main/java/org/opentripplanner/routing/RoutingService.java: Some input files use or override a deprecated API.
[INFO] /workspaces/master-thesis-pascal-joos/code_cure_agent/cca_workspace/OpenTripPlanner/src/main/java/org/opentripplanner/routing/RoutingService.java: Recompile with -Xlint:deprecation for details.
[INFO] /workspaces/master-thesis-pascal-joos/code_cure_agent/cca_workspace/OpenTripPlanner/src/main/java/org/opentripplanner/routing/graph/Graph.java: Some input files use unchecked or unsafe operations.
[INFO] /workspaces/master-thesis-pascal-joos/code_cure_agent/cca_workspace/OpenTripPlanner/src/main/java/org/opentripplanner/routing/graph/Graph.java: Recompile with -Xlint:unchecked for details.
[INFO] 
[INFO] --- build-helper-maven-plugin:3.0.0:add-test-source (build-helper-generate-test-sources) @ otp ---
[INFO] Test Source directory: /workspaces/master-thesis-pascal-joos/code_cure_agent/cca_workspace/OpenTripPlanner/src/test/java added.
[INFO] Test Source directory: /workspaces/master-thesis-pascal-joos/code_cure_agent/cca_workspace/OpenTripPlanner/src/ext-test/java added.
[INFO] 
[INFO] --- maven-resources-plugin:2.6:testResources (default-testResources) @ otp ---
[INFO] Using 'UTF-8' encoding to copy filtered resources.
[INFO] Copying 235 resources
[INFO] Copying 1 resource
[INFO] Copying 2 resources to ../..
[INFO] 
[INFO] --- maven-compiler-plugin:3.8.1:testCompile (default-testCompile) @ otp ---
[INFO] Changes detected - recompiling the module!
[INFO] Compiling 315 source files to /workspaces/master-thesis-pascal-joos/code_cure_agent/cca_workspace/OpenTripPlanner/target/test-classes
[INFO] /workspaces/master-thesis-pascal-joos/code_cure_agent/cca_workspace/OpenTripPlanner/src/test/java/org/opentripplanner/routing/algorithm/TestAStar.java: Some input files use or override a deprecated API.
[INFO] /workspaces/master-thesis-pascal-joos/code_cure_agent/cca_workspace/OpenTripPlanner/src/test/java/org/opentripplanner/routing/algorithm/TestAStar.java: Recompile with -Xlint:deprecation for details.
[INFO] -------------------------------------------------------------
[ERROR] COMPILATION ERROR : 
[INFO] -------------------------------------------------------------
[ERROR] /workspaces/master-thesis-pascal-joos/code_cure_agent/cca_workspace/OpenTripPlanner/src/test/java/org/opentripplanner/routing/TestHalfEdges.java:[150,42] cannot find symbol
  symbol:   variable br
  location: class org.opentripplanner.routing.TestHalfEdges
[ERROR] /workspaces/master-thesis-pascal-joos/code_cure_agent/cca_workspace/OpenTripPlanner/src/test/java/org/opentripplanner/routing/TestHalfEdges.java:[157,42] cannot find symbol
  symbol:   variable tr
  location: class org.opentripplanner.routing.TestHalfEdges
[ERROR] /workspaces/master-thesis-pascal-joos/code_cure_agent/cca_workspace/OpenTripPlanner/src/test/java/org/opentripplanner/routing/TestHalfEdges.java:[447,37] cannot find symbol
  symbol:   variable station1
  location: class org.opentripplanner.routing.TestHalfEdges
[ERROR] /workspaces/master-thesis-pascal-joos/code_cure_agent/cca_workspace/OpenTripPlanner/src/test/java/org/opentripplanner/routing/TestHalfEdges.java:[454,20] cannot find symbol
  symbol:   variable station2
  location: class org.opentripplanner.routing.TestHalfEdges
[INFO] 4 errors 
[INFO] -------------------------------------------------------------
[INFO] ------------------------------------------------------------------------
[INFO] BUILD FAILURE
[INFO] ------------------------------------------------------------------------
[INFO] Total time:  19.522 s
[INFO] Finished at: 2025-08-30T07:24:26Z
[INFO] ------------------------------------------------------------------------
[ERROR] Failed to execute goal org.apache.maven.plugins:maven-compiler-plugin:3.8.1:testCompile (default-testCompile) on project otp: Compilation failure: Compilation failure: 
[ERROR] /workspaces/master-thesis-pascal-joos/code_cure_agent/cca_workspace/OpenTripPlanner/src/test/java/org/opentripplanner/routing/TestHalfEdges.java:[150,42] cannot find symbol
[ERROR]   symbol:   variable br
[ERROR]   location: class org.opentripplanner.routing.TestHalfEdges
[ERROR] /workspaces/master-thesis-pascal-joos/code_cure_agent/cca_workspace/OpenTripPlanner/src/test/java/org/opentripplanner/routing/TestHalfEdges.java:[157,42] cannot find symbol
[ERROR]   symbol:   variable tr
[ERROR]   location: class org.opentripplanner.routing.TestHalfEdges
[ERROR] /workspaces/master-thesis-pascal-joos/code_cure_agent/cca_workspace/OpenTripPlanner/src/test/java/org/opentripplanner/routing/TestHalfEdges.java:[447,37] cannot find symbol
[ERROR]   symbol:   variable station1
[ERROR]   location: class org.opentripplanner.routing.TestHalfEdges
[ERROR] /workspaces/master-thesis-pascal-joos/code_cure_agent/cca_workspace/OpenTripPlanner/src/test/java/org/opentripplanner/routing/TestHalfEdges.java:[454,20] cannot find symbol
[ERROR]   symbol:   variable station2
[ERROR]   location: class org.opentripplanner.routing.TestHalfEdges
[ERROR] -> [Help 1]
[ERROR] 
[ERROR] To see the full stack trace of the errors, re-run Maven with the -e switch.
[ERROR] Re-run Maven using the -X switch to enable full debug logging.
[ERROR] 
[ERROR] For more information about the errors and possible solutions, please read the following articles:
[ERROR] [Help 1] http://cwiki.apache.org/confluence/display/MAVEN/MojoFailureException
