[INFO] Scanning for projects...
[INFO] Inspecting build with total of 1 modules...
[INFO] Installing Nexus Staging features:
[INFO]   ... total of 1 executions of maven-deploy-plugin replaced with nexus-staging-maven-plugin
[INFO] 
[INFO] ----------------------< org.organicdesign:Paguro >----------------------
[INFO] Building Paguro 3.5.8
[INFO] --------------------------------[ jar ]---------------------------------
[INFO] 
[INFO] --- maven-clean-plugin:2.5:clean (default-clean) @ Paguro ---
[INFO] 
[INFO] --- maven-enforcer-plugin:3.0.0-M3:enforce (enforce-maven) @ Paguro ---
[INFO] 
[INFO] --- jacoco-maven-plugin:0.8.6:prepare-agent (default) @ Paguro ---
[INFO] argLine set to -javaagent:/home/vscode/.m2/repository/org/jacoco/org.jacoco.agent/0.8.6/org.jacoco.agent-0.8.6-runtime.jar=destfile=/workspaces/CodeCureAgent/code_cure_agent/cca_workspace_4/Paguro/target/jacoco.exec
[INFO] 
[INFO] --- maven-resources-plugin:2.6:resources (default-resources) @ Paguro ---
[INFO] Using 'UTF-8' encoding to copy filtered resources.
[INFO] skip non existing resourceDirectory /workspaces/CodeCureAgent/code_cure_agent/cca_workspace_4/Paguro/src/main/resources
[INFO] 
[INFO] --- maven-compiler-plugin:3.1:compile (default-compile) @ Paguro ---
[INFO] Changes detected - recompiling the module!
[INFO] Compiling 69 source files to /workspaces/CodeCureAgent/code_cure_agent/cca_workspace_4/Paguro/target/classes
[INFO] 
[INFO] --- maven-resources-plugin:2.6:testResources (default-testResources) @ Paguro ---
[INFO] Using 'UTF-8' encoding to copy filtered resources.
[INFO] skip non existing resourceDirectory /workspaces/CodeCureAgent/code_cure_agent/cca_workspace_4/Paguro/src/test/resources
[INFO] 
[INFO] --- maven-compiler-plugin:3.1:testCompile (default-testCompile) @ Paguro ---
[INFO] Changes detected - recompiling the module!
[INFO] Compiling 63 source files to /workspaces/CodeCureAgent/code_cure_agent/cca_workspace_4/Paguro/target/test-classes
[INFO] -------------------------------------------------------------
[ERROR] COMPILATION ERROR : 
[INFO] -------------------------------------------------------------
[ERROR] /workspaces/CodeCureAgent/code_cure_agent/cca_workspace_4/Paguro/src/test/java/org/organicdesign/fp/tuple/Tuple11Test.java:[36,30] cannot find symbol
  symbol:   method _4()
  location: variable a of type org.organicdesign.fp.tuple.Tuple11<java.lang.String,java.lang.String,java.lang.String,java.lang.String,java.lang.String,java.lang.String,java.lang.String,java.lang.String,java.lang.String,java.lang.String,java.lang.String>
[ERROR] /workspaces/CodeCureAgent/code_cure_agent/cca_workspace_4/Paguro/src/test/java/org/organicdesign/fp/tuple/Tuple11Test.java:[48,32] cannot find symbol
  symbol:   method _4()
  location: variable ser of type org.organicdesign.fp.tuple.Tuple11<java.lang.String,java.lang.String,java.lang.String,java.lang.String,java.lang.String,java.lang.String,java.lang.String,java.lang.String,java.lang.String,java.lang.String,java.lang.String>
[INFO] 2 errors 
[INFO] -------------------------------------------------------------
[INFO] ------------------------------------------------------------------------
[INFO] BUILD FAILURE
[INFO] ------------------------------------------------------------------------
[INFO] Total time:  7.599 s
[INFO] Finished at: 2026-01-30T10:41:24Z
[INFO] ------------------------------------------------------------------------
[ERROR] Failed to execute goal org.apache.maven.plugins:maven-compiler-plugin:3.1:testCompile (default-testCompile) on project Paguro: Compilation failure: Compilation failure: 
[ERROR] /workspaces/CodeCureAgent/code_cure_agent/cca_workspace_4/Paguro/src/test/java/org/organicdesign/fp/tuple/Tuple11Test.java:[36,30] cannot find symbol
[ERROR]   symbol:   method _4()
[ERROR]   location: variable a of type org.organicdesign.fp.tuple.Tuple11<java.lang.String,java.lang.String,java.lang.String,java.lang.String,java.lang.String,java.lang.String,java.lang.String,java.lang.String,java.lang.String,java.lang.String,java.lang.String>
[ERROR] /workspaces/CodeCureAgent/code_cure_agent/cca_workspace_4/Paguro/src/test/java/org/organicdesign/fp/tuple/Tuple11Test.java:[48,32] cannot find symbol
[ERROR]   symbol:   method _4()
[ERROR]   location: variable ser of type org.organicdesign.fp.tuple.Tuple11<java.lang.String,java.lang.String,java.lang.String,java.lang.String,java.lang.String,java.lang.String,java.lang.String,java.lang.String,java.lang.String,java.lang.String,java.lang.String>
[ERROR] -> [Help 1]
[ERROR] 
[ERROR] To see the full stack trace of the errors, re-run Maven with the -e switch.
[ERROR] Re-run Maven using the -X switch to enable full debug logging.
[ERROR] 
[ERROR] For more information about the errors and possible solutions, please read the following articles:
[ERROR] [Help 1] http://cwiki.apache.org/confluence/display/MAVEN/MojoFailureException
