[INFO] Scanning for projects...
[INFO] Inspecting build with total of 1 modules...
[INFO] Installing Nexus Staging features:
[INFO]   ... total of 1 executions of maven-deploy-plugin replaced with nexus-staging-maven-plugin
[INFO] 
[INFO] ----------------------< org.opentripplanner:otp >-----------------------
[INFO] Building OpenTripPlanner 2.1.0-SNAPSHOT
[INFO] --------------------------------[ jar ]---------------------------------
[INFO] 
[INFO] --- maven-clean-plugin:2.5:clean (default-clean) @ otp ---
[INFO] Deleting /workspaces/master-thesis-pascal-joos/code_cure_agent/cca_workspace/OpenTripPlanner/target
[INFO] 
[INFO] --- git-commit-id-plugin:4.0.0:revision (default) @ otp ---
[INFO] 
[INFO] --- build-helper-maven-plugin:3.0.0:add-source (build-helper-generate-sources) @ otp ---
[INFO] Source directory: /workspaces/master-thesis-pascal-joos/code_cure_agent/cca_workspace/OpenTripPlanner/src/main/java added.
[INFO] Source directory: /workspaces/master-thesis-pascal-joos/code_cure_agent/cca_workspace/OpenTripPlanner/src/ext/java added.
[INFO] 
[INFO] --- maven-resources-plugin:2.6:resources (default-resources) @ otp ---
[INFO] Using 'UTF-8' encoding to copy filtered resources.
[INFO] Copying 24 resources
[INFO] Copying 1 resource
[INFO] Copying 287 resources to client
[INFO] 
[INFO] --- maven-compiler-plugin:3.8.1:compile (default-compile) @ otp ---
[INFO] Changes detected - recompiling the module!
[INFO] Compiling 1243 source files to /workspaces/master-thesis-pascal-joos/code_cure_agent/cca_workspace/OpenTripPlanner/target/classes
[INFO] -------------------------------------------------------------
[ERROR] COMPILATION ERROR : 
[INFO] -------------------------------------------------------------
[ERROR] /workspaces/master-thesis-pascal-joos/code_cure_agent/cca_workspace/OpenTripPlanner/src/main/java/org/opentripplanner/graph_builder/module/ned/ElevationModule.java:[412,1] illegal character: '`'
[ERROR] /workspaces/master-thesis-pascal-joos/code_cure_agent/cca_workspace/OpenTripPlanner/src/main/java/org/opentripplanner/graph_builder/module/ned/ElevationModule.java:[412,2] illegal character: '`'
[ERROR] /workspaces/master-thesis-pascal-joos/code_cure_agent/cca_workspace/OpenTripPlanner/src/main/java/org/opentripplanner/graph_builder/module/ned/ElevationModule.java:[412,3] illegal character: '`'
[ERROR] /workspaces/master-thesis-pascal-joos/code_cure_agent/cca_workspace/OpenTripPlanner/src/main/java/org/opentripplanner/graph_builder/module/ned/ElevationModule.java:[412,4] not a statement
[ERROR] /workspaces/master-thesis-pascal-joos/code_cure_agent/cca_workspace/OpenTripPlanner/src/main/java/org/opentripplanner/graph_builder/module/ned/ElevationModule.java:[412,8] ';' expected
[INFO] 5 errors 
[INFO] -------------------------------------------------------------
[INFO] ------------------------------------------------------------------------
[INFO] BUILD FAILURE
[INFO] ------------------------------------------------------------------------
[INFO] Total time:  4.158 s
[INFO] Finished at: 2025-08-20T11:02:02Z
[INFO] ------------------------------------------------------------------------
[ERROR] Failed to execute goal org.apache.maven.plugins:maven-compiler-plugin:3.8.1:compile (default-compile) on project otp: Compilation failure: Compilation failure: 
[ERROR] /workspaces/master-thesis-pascal-joos/code_cure_agent/cca_workspace/OpenTripPlanner/src/main/java/org/opentripplanner/graph_builder/module/ned/ElevationModule.java:[412,1] illegal character: '`'
[ERROR] /workspaces/master-thesis-pascal-joos/code_cure_agent/cca_workspace/OpenTripPlanner/src/main/java/org/opentripplanner/graph_builder/module/ned/ElevationModule.java:[412,2] illegal character: '`'
[ERROR] /workspaces/master-thesis-pascal-joos/code_cure_agent/cca_workspace/OpenTripPlanner/src/main/java/org/opentripplanner/graph_builder/module/ned/ElevationModule.java:[412,3] illegal character: '`'
[ERROR] /workspaces/master-thesis-pascal-joos/code_cure_agent/cca_workspace/OpenTripPlanner/src/main/java/org/opentripplanner/graph_builder/module/ned/ElevationModule.java:[412,4] not a statement
[ERROR] /workspaces/master-thesis-pascal-joos/code_cure_agent/cca_workspace/OpenTripPlanner/src/main/java/org/opentripplanner/graph_builder/module/ned/ElevationModule.java:[412,8] ';' expected
[ERROR] -> [Help 1]
[ERROR] 
[ERROR] To see the full stack trace of the errors, re-run Maven with the -e switch.
[ERROR] Re-run Maven using the -X switch to enable full debug logging.
[ERROR] 
[ERROR] For more information about the errors and possible solutions, please read the following articles:
[ERROR] [Help 1] http://cwiki.apache.org/confluence/display/MAVEN/MojoFailureException
