[INFO] Scanning for projects...
[INFO] 
[INFO] ----------------------< org.apache.joshua:joshua >----------------------
[INFO] Building Apache Joshua Machine Translation Toolkit 6.3-SNAPSHOT
[INFO] --------------------------------[ jar ]---------------------------------
[INFO] 
[INFO] --- maven-clean-plugin:3.0.0:clean (default-clean) @ joshua ---
[INFO] 
[INFO] --- maven-remote-resources-plugin:1.5:process (process-resource-bundles) @ joshua ---
[INFO] 
[INFO] --- maven-resources-plugin:2.7:resources (default-resources) @ joshua ---
[INFO] Using 'UTF-8' encoding to copy filtered resources.
[INFO] Copying 1 resource
[INFO] Copying 3 resources
[INFO] 
[INFO] --- maven-compiler-plugin:3.5.1:compile (default-compile) @ joshua ---
[INFO] Changes detected - recompiling the module!
[INFO] Compiling 259 source files to /workspaces/CodeCureAgent/code_cure_agent/cca_workspace_2/joshua/target/classes
[INFO] -------------------------------------------------------------
[ERROR] COMPILATION ERROR : 
[INFO] -------------------------------------------------------------
[ERROR] /workspaces/CodeCureAgent/code_cure_agent/cca_workspace_2/joshua/src/main/java/org/apache/joshua/pro/PROCore.java:[3,9] class, interface, or enum expected
[ERROR] /workspaces/CodeCureAgent/code_cure_agent/cca_workspace_2/joshua/src/main/java/org/apache/joshua/pro/PROCore.java:[3,25] class, interface, or enum expected
[ERROR] /workspaces/CodeCureAgent/code_cure_agent/cca_workspace_2/joshua/src/main/java/org/apache/joshua/pro/PROCore.java:[3,43] class, interface, or enum expected
[ERROR] /workspaces/CodeCureAgent/code_cure_agent/cca_workspace_2/joshua/src/main/java/org/apache/joshua/pro/PROCore.java:[5,34] class, interface, or enum expected
[ERROR] /workspaces/CodeCureAgent/code_cure_agent/cca_workspace_2/joshua/src/main/java/org/apache/joshua/pro/PROCore.java:[5,50] class, interface, or enum expected
[ERROR] /workspaces/CodeCureAgent/code_cure_agent/cca_workspace_2/joshua/src/main/java/org/apache/joshua/pro/PROCore.java:[6,29] class, interface, or enum expected
[ERROR] /workspaces/CodeCureAgent/code_cure_agent/cca_workspace_2/joshua/src/main/java/org/apache/joshua/pro/PROCore.java:[6,47] class, interface, or enum expected
[ERROR] /workspaces/CodeCureAgent/code_cure_agent/cca_workspace_2/joshua/src/main/java/org/apache/joshua/pro/PROCore.java:[8,15] class, interface, or enum expected
[ERROR] /workspaces/CodeCureAgent/code_cure_agent/cca_workspace_2/joshua/src/main/java/org/apache/joshua/pro/PROCore.java:[10,15] class, interface, or enum expected
[ERROR] /workspaces/CodeCureAgent/code_cure_agent/cca_workspace_2/joshua/src/main/java/org/apache/joshua/pro/PROCore.java:[12,15] class, interface, or enum expected
[ERROR] /workspaces/CodeCureAgent/code_cure_agent/cca_workspace_2/joshua/src/main/java/org/apache/joshua/pro/PROCore.java:[14,15] class, interface, or enum expected
[ERROR] /workspaces/CodeCureAgent/code_cure_agent/cca_workspace_2/joshua/src/main/java/org/apache/joshua/pro/PROCore.java:[20,11] class, interface, or enum expected
[ERROR] /workspaces/CodeCureAgent/code_cure_agent/cca_workspace_2/joshua/src/main/java/org/apache/joshua/pro/PROCore.java:[22,13] class, interface, or enum expected
[ERROR] /workspaces/CodeCureAgent/code_cure_agent/cca_workspace_2/joshua/src/main/java/org/apache/joshua/pro/PROCore.java:[23,11] class, interface, or enum expected
[ERROR] /workspaces/CodeCureAgent/code_cure_agent/cca_workspace_2/joshua/src/main/java/org/apache/joshua/pro/PROCore.java:[27,11] class, interface, or enum expected
[ERROR] /workspaces/CodeCureAgent/code_cure_agent/cca_workspace_2/joshua/src/main/java/org/apache/joshua/pro/PROCore.java:[27,27] class, interface, or enum expected
[ERROR] /workspaces/CodeCureAgent/code_cure_agent/cca_workspace_2/joshua/src/main/java/org/apache/joshua/pro/PROCore.java:[27,45] class, interface, or enum expected
[ERROR] /workspaces/CodeCureAgent/code_cure_agent/cca_workspace_2/joshua/src/main/java/org/apache/joshua/pro/PROCore.java:[29,13] class, interface, or enum expected
[ERROR] /workspaces/CodeCureAgent/code_cure_agent/cca_workspace_2/joshua/src/main/java/org/apache/joshua/pro/PROCore.java:[31,13] class, interface, or enum expected
[ERROR] /workspaces/CodeCureAgent/code_cure_agent/cca_workspace_2/joshua/src/main/java/org/apache/joshua/pro/PROCore.java:[33,13] class, interface, or enum expected
[ERROR] /workspaces/CodeCureAgent/code_cure_agent/cca_workspace_2/joshua/src/main/java/org/apache/joshua/pro/PROCore.java:[38,17] class, interface, or enum expected
[ERROR] /workspaces/CodeCureAgent/code_cure_agent/cca_workspace_2/joshua/src/main/java/org/apache/joshua/pro/PROCore.java:[39,17] class, interface, or enum expected
[ERROR] /workspaces/CodeCureAgent/code_cure_agent/cca_workspace_2/joshua/src/main/java/org/apache/joshua/pro/PROCore.java:[39,33] class, interface, or enum expected
[ERROR] /workspaces/CodeCureAgent/code_cure_agent/cca_workspace_2/joshua/src/main/java/org/apache/joshua/pro/PROCore.java:[39,53] class, interface, or enum expected
[ERROR] /workspaces/CodeCureAgent/code_cure_agent/cca_workspace_2/joshua/src/main/java/org/apache/joshua/pro/PROCore.java:[41,17] class, interface, or enum expected
[ERROR] /workspaces/CodeCureAgent/code_cure_agent/cca_workspace_2/joshua/src/main/java/org/apache/joshua/pro/PROCore.java:[44,15] class, interface, or enum expected
[ERROR] /workspaces/CodeCureAgent/code_cure_agent/cca_workspace_2/joshua/src/main/java/org/apache/joshua/pro/PROCore.java:[47,17] class, interface, or enum expected
[ERROR] /workspaces/CodeCureAgent/code_cure_agent/cca_workspace_2/joshua/src/main/java/org/apache/joshua/pro/PROCore.java:[48,17] class, interface, or enum expected
[ERROR] /workspaces/CodeCureAgent/code_cure_agent/cca_workspace_2/joshua/src/main/java/org/apache/joshua/pro/PROCore.java:[48,33] class, interface, or enum expected
[ERROR] /workspaces/CodeCureAgent/code_cure_agent/cca_workspace_2/joshua/src/main/java/org/apache/joshua/pro/PROCore.java:[48,53] class, interface, or enum expected
[ERROR] /workspaces/CodeCureAgent/code_cure_agent/cca_workspace_2/joshua/src/main/java/org/apache/joshua/pro/PROCore.java:[50,17] class, interface, or enum expected
[ERROR] /workspaces/CodeCureAgent/code_cure_agent/cca_workspace_2/joshua/src/main/java/org/apache/joshua/pro/PROCore.java:[58,15] class, interface, or enum expected
[ERROR] /workspaces/CodeCureAgent/code_cure_agent/cca_workspace_2/joshua/src/main/java/org/apache/joshua/pro/PROCore.java:[59,15] class, interface, or enum expected
[ERROR] /workspaces/CodeCureAgent/code_cure_agent/cca_workspace_2/joshua/src/main/java/org/apache/joshua/pro/PROCore.java:[61,15] class, interface, or enum expected
[ERROR] /workspaces/CodeCureAgent/code_cure_agent/cca_workspace_2/joshua/src/main/java/org/apache/joshua/pro/PROCore.java:[63,15] class, interface, or enum expected
[ERROR] /workspaces/CodeCureAgent/code_cure_agent/cca_workspace_2/joshua/src/main/java/org/apache/joshua/pro/PROCore.java:[66,19] class, interface, or enum expected
[ERROR] /workspaces/CodeCureAgent/code_cure_agent/cca_workspace_2/joshua/src/main/java/org/apache/joshua/pro/PROCore.java:[67,19] class, interface, or enum expected
[ERROR] /workspaces/CodeCureAgent/code_cure_agent/cca_workspace_2/joshua/src/main/java/org/apache/joshua/pro/PROCore.java:[69,19] class, interface, or enum expected
[ERROR] /workspaces/CodeCureAgent/code_cure_agent/cca_workspace_2/joshua/src/main/java/org/apache/joshua/pro/PROCore.java:[71,21] class, interface, or enum expected
[ERROR] /workspaces/CodeCureAgent/code_cure_agent/cca_workspace_2/joshua/src/main/java/org/apache/joshua/pro/PROCore.java:[72,19] class, interface, or enum expected
[ERROR] /workspaces/CodeCureAgent/code_cure_agent/cca_workspace_2/joshua/src/main/java/org/apache/joshua/pro/PROCore.java:[76,15] class, interface, or enum expected
[ERROR] /workspaces/CodeCureAgent/code_cure_agent/cca_workspace_2/joshua/src/main/java/org/apache/joshua/pro/PROCore.java:[80,13] class, interface, or enum expected
[ERROR] /workspaces/CodeCureAgent/code_cure_agent/cca_workspace_2/joshua/src/main/java/org/apache/joshua/pro/PROCore.java:[83,15] class, interface, or enum expected
[ERROR] /workspaces/CodeCureAgent/code_cure_agent/cca_workspace_2/joshua/src/main/java/org/apache/joshua/pro/PROCore.java:[86,17] class, interface, or enum expected
[ERROR] /workspaces/CodeCureAgent/code_cure_agent/cca_workspace_2/joshua/src/main/java/org/apache/joshua/pro/PROCore.java:[87,15] class, interface, or enum expected
[ERROR] /workspaces/CodeCureAgent/code_cure_agent/cca_workspace_2/joshua/src/main/java/org/apache/joshua/pro/PROCore.java:[96,11] class, interface, or enum expected
[ERROR] /workspaces/CodeCureAgent/code_cure_agent/cca_workspace_2/joshua/src/main/java/org/apache/joshua/pro/PROCore.java:[99,11] class, interface, or enum expected
[ERROR] /workspaces/CodeCureAgent/code_cure_agent/cca_workspace_2/joshua/src/main/java/org/apache/joshua/pro/PROCore.java:[100,11] class, interface, or enum expected
[ERROR] /workspaces/CodeCureAgent/code_cure_agent/cca_workspace_2/joshua/src/main/java/org/apache/joshua/pro/PROCore.java:[103,11] class, interface, or enum expected
[ERROR] /workspaces/CodeCureAgent/code_cure_agent/cca_workspace_2/joshua/src/main/java/org/apache/joshua/pro/PROCore.java:[105,11] class, interface, or enum expected
[ERROR] /workspaces/CodeCureAgent/code_cure_agent/cca_workspace_2/joshua/src/main/java/org/apache/joshua/pro/PROCore.java:[107,11] class, interface, or enum expected
[ERROR] /workspaces/CodeCureAgent/code_cure_agent/cca_workspace_2/joshua/src/main/java/org/apache/joshua/pro/PROCore.java:[109,11] class, interface, or enum expected
[INFO] 52 errors 
[INFO] -------------------------------------------------------------
[INFO] ------------------------------------------------------------------------
[INFO] BUILD FAILURE
[INFO] ------------------------------------------------------------------------
[INFO] Total time:  2.040 s
[INFO] Finished at: 2026-01-29T13:05:42Z
[INFO] ------------------------------------------------------------------------
[ERROR] Failed to execute goal org.apache.maven.plugins:maven-compiler-plugin:3.5.1:compile (default-compile) on project joshua: Compilation failure: Compilation failure: 
[ERROR] /workspaces/CodeCureAgent/code_cure_agent/cca_workspace_2/joshua/src/main/java/org/apache/joshua/pro/PROCore.java:[3,9] class, interface, or enum expected
[ERROR] /workspaces/CodeCureAgent/code_cure_agent/cca_workspace_2/joshua/src/main/java/org/apache/joshua/pro/PROCore.java:[3,25] class, interface, or enum expected
[ERROR] /workspaces/CodeCureAgent/code_cure_agent/cca_workspace_2/joshua/src/main/java/org/apache/joshua/pro/PROCore.java:[3,43] class, interface, or enum expected
[ERROR] /workspaces/CodeCureAgent/code_cure_agent/cca_workspace_2/joshua/src/main/java/org/apache/joshua/pro/PROCore.java:[5,34] class, interface, or enum expected
[ERROR] /workspaces/CodeCureAgent/code_cure_agent/cca_workspace_2/joshua/src/main/java/org/apache/joshua/pro/PROCore.java:[5,50] class, interface, or enum expected
[ERROR] /workspaces/CodeCureAgent/code_cure_agent/cca_workspace_2/joshua/src/main/java/org/apache/joshua/pro/PROCore.java:[6,29] class, interface, or enum expected
[ERROR] /workspaces/CodeCureAgent/code_cure_agent/cca_workspace_2/joshua/src/main/java/org/apache/joshua/pro/PROCore.java:[6,47] class, interface, or enum expected
[ERROR] /workspaces/CodeCureAgent/code_cure_agent/cca_workspace_2/joshua/src/main/java/org/apache/joshua/pro/PROCore.java:[8,15] class, interface, or enum expected
[ERROR] /workspaces/CodeCureAgent/code_cure_agent/cca_workspace_2/joshua/src/main/java/org/apache/joshua/pro/PROCore.java:[10,15] class, interface, or enum expected
[ERROR] /workspaces/CodeCureAgent/code_cure_agent/cca_workspace_2/joshua/src/main/java/org/apache/joshua/pro/PROCore.java:[12,15] class, interface, or enum expected
[ERROR] /workspaces/CodeCureAgent/code_cure_agent/cca_workspace_2/joshua/src/main/java/org/apache/joshua/pro/PROCore.java:[14,15] class, interface, or enum expected
[ERROR] /workspaces/CodeCureAgent/code_cure_agent/cca_workspace_2/joshua/src/main/java/org/apache/joshua/pro/PROCore.java:[20,11] class, interface, or enum expected
[ERROR] /workspaces/CodeCureAgent/code_cure_agent/cca_workspace_2/joshua/src/main/java/org/apache/joshua/pro/PROCore.java:[22,13] class, interface, or enum expected
[ERROR] /workspaces/CodeCureAgent/code_cure_agent/cca_workspace_2/joshua/src/main/java/org/apache/joshua/pro/PROCore.java:[23,11] class, interface, or enum expected
[ERROR] /workspaces/CodeCureAgent/code_cure_agent/cca_workspace_2/joshua/src/main/java/org/apache/joshua/pro/PROCore.java:[27,11] class, interface, or enum expected
[ERROR] /workspaces/CodeCureAgent/code_cure_agent/cca_workspace_2/joshua/src/main/java/org/apache/joshua/pro/PROCore.java:[27,27] class, interface, or enum expected
[ERROR] /workspaces/CodeCureAgent/code_cure_agent/cca_workspace_2/joshua/src/main/java/org/apache/joshua/pro/PROCore.java:[27,45] class, interface, or enum expected
[ERROR] /workspaces/CodeCureAgent/code_cure_agent/cca_workspace_2/joshua/src/main/java/org/apache/joshua/pro/PROCore.java:[29,13] class, interface, or enum expected
[ERROR] /workspaces/CodeCureAgent/code_cure_agent/cca_workspace_2/joshua/src/main/java/org/apache/joshua/pro/PROCore.java:[31,13] class, interface, or enum expected
[ERROR] /workspaces/CodeCureAgent/code_cure_agent/cca_workspace_2/joshua/src/main/java/org/apache/joshua/pro/PROCore.java:[33,13] class, interface, or enum expected
[ERROR] /workspaces/CodeCureAgent/code_cure_agent/cca_workspace_2/joshua/src/main/java/org/apache/joshua/pro/PROCore.java:[38,17] class, interface, or enum expected
[ERROR] /workspaces/CodeCureAgent/code_cure_agent/cca_workspace_2/joshua/src/main/java/org/apache/joshua/pro/PROCore.java:[39,17] class, interface, or enum expected
[ERROR] /workspaces/CodeCureAgent/code_cure_agent/cca_workspace_2/joshua/src/main/java/org/apache/joshua/pro/PROCore.java:[39,33] class, interface, or enum expected
[ERROR] /workspaces/CodeCureAgent/code_cure_agent/cca_workspace_2/joshua/src/main/java/org/apache/joshua/pro/PROCore.java:[39,53] class, interface, or enum expected
[ERROR] /workspaces/CodeCureAgent/code_cure_agent/cca_workspace_2/joshua/src/main/java/org/apache/joshua/pro/PROCore.java:[41,17] class, interface, or enum expected
[ERROR] /workspaces/CodeCureAgent/code_cure_agent/cca_workspace_2/joshua/src/main/java/org/apache/joshua/pro/PROCore.java:[44,15] class, interface, or enum expected
[ERROR] /workspaces/CodeCureAgent/code_cure_agent/cca_workspace_2/joshua/src/main/java/org/apache/joshua/pro/PROCore.java:[47,17] class, interface, or enum expected
[ERROR] /workspaces/CodeCureAgent/code_cure_agent/cca_workspace_2/joshua/src/main/java/org/apache/joshua/pro/PROCore.java:[48,17] class, interface, or enum expected
[ERROR] /workspaces/CodeCureAgent/code_cure_agent/cca_workspace_2/joshua/src/main/java/org/apache/joshua/pro/PROCore.java:[48,33] class, interface, or enum expected
[ERROR] /workspaces/CodeCureAgent/code_cure_agent/cca_workspace_2/joshua/src/main/java/org/apache/joshua/pro/PROCore.java:[48,53] class, interface, or enum expected
[ERROR] /workspaces/CodeCureAgent/code_cure_agent/cca_workspace_2/joshua/src/main/java/org/apache/joshua/pro/PROCore.java:[50,17] class, interface, or enum expected
[ERROR] /workspaces/CodeCureAgent/code_cure_agent/cca_workspace_2/joshua/src/main/java/org/apache/joshua/pro/PROCore.java:[58,15] class, interface, or enum expected
[ERROR] /workspaces/CodeCureAgent/code_cure_agent/cca_workspace_2/joshua/src/main/java/org/apache/joshua/pro/PROCore.java:[59,15] class, interface, or enum expected
[ERROR] /workspaces/CodeCureAgent/code_cure_agent/cca_workspace_2/joshua/src/main/java/org/apache/joshua/pro/PROCore.java:[61,15] class, interface, or enum expected
[ERROR] /workspaces/CodeCureAgent/code_cure_agent/cca_workspace_2/joshua/src/main/java/org/apache/joshua/pro/PROCore.java:[63,15] class, interface, or enum expected
[ERROR] /workspaces/CodeCureAgent/code_cure_agent/cca_workspace_2/joshua/src/main/java/org/apache/joshua/pro/PROCore.java:[66,19] class, interface, or enum expected
[ERROR] /workspaces/CodeCureAgent/code_cure_agent/cca_workspace_2/joshua/src/main/java/org/apache/joshua/pro/PROCore.java:[67,19] class, interface, or enum expected
[ERROR] /workspaces/CodeCureAgent/code_cure_agent/cca_workspace_2/joshua/src/main/java/org/apache/joshua/pro/PROCore.java:[69,19] class, interface, or enum expected
[ERROR] /workspaces/CodeCureAgent/code_cure_agent/cca_workspace_2/joshua/src/main/java/org/apache/joshua/pro/PROCore.java:[71,21] class, interface, or enum expected
[ERROR] /workspaces/CodeCureAgent/code_cure_agent/cca_workspace_2/joshua/src/main/java/org/apache/joshua/pro/PROCore.java:[72,19] class, interface, or enum expected
[ERROR] /workspaces/CodeCureAgent/code_cure_agent/cca_workspace_2/joshua/src/main/java/org/apache/joshua/pro/PROCore.java:[76,15] class, interface, or enum expected
[ERROR] /workspaces/CodeCureAgent/code_cure_agent/cca_workspace_2/joshua/src/main/java/org/apache/joshua/pro/PROCore.java:[80,13] class, interface, or enum expected
[ERROR] /workspaces/CodeCureAgent/code_cure_agent/cca_workspace_2/joshua/src/main/java/org/apache/joshua/pro/PROCore.java:[83,15] class, interface, or enum expected
[ERROR] /workspaces/CodeCureAgent/code_cure_agent/cca_workspace_2/joshua/src/main/java/org/apache/joshua/pro/PROCore.java:[86,17] class, interface, or enum expected
[ERROR] /workspaces/CodeCureAgent/code_cure_agent/cca_workspace_2/joshua/src/main/java/org/apache/joshua/pro/PROCore.java:[87,15] class, interface, or enum expected
[ERROR] /workspaces/CodeCureAgent/code_cure_agent/cca_workspace_2/joshua/src/main/java/org/apache/joshua/pro/PROCore.java:[96,11] class, interface, or enum expected
[ERROR] /workspaces/CodeCureAgent/code_cure_agent/cca_workspace_2/joshua/src/main/java/org/apache/joshua/pro/PROCore.java:[99,11] class, interface, or enum expected
[ERROR] /workspaces/CodeCureAgent/code_cure_agent/cca_workspace_2/joshua/src/main/java/org/apache/joshua/pro/PROCore.java:[100,11] class, interface, or enum expected
[ERROR] /workspaces/CodeCureAgent/code_cure_agent/cca_workspace_2/joshua/src/main/java/org/apache/joshua/pro/PROCore.java:[103,11] class, interface, or enum expected
[ERROR] /workspaces/CodeCureAgent/code_cure_agent/cca_workspace_2/joshua/src/main/java/org/apache/joshua/pro/PROCore.java:[105,11] class, interface, or enum expected
[ERROR] /workspaces/CodeCureAgent/code_cure_agent/cca_workspace_2/joshua/src/main/java/org/apache/joshua/pro/PROCore.java:[107,11] class, interface, or enum expected
[ERROR] /workspaces/CodeCureAgent/code_cure_agent/cca_workspace_2/joshua/src/main/java/org/apache/joshua/pro/PROCore.java:[109,11] class, interface, or enum expected
[ERROR] -> [Help 1]
[ERROR] 
[ERROR] To see the full stack trace of the errors, re-run Maven with the -e switch.
[ERROR] Re-run Maven using the -X switch to enable full debug logging.
[ERROR] 
[ERROR] For more information about the errors and possible solutions, please read the following articles:
[ERROR] [Help 1] http://cwiki.apache.org/confluence/display/MAVEN/MojoFailureException
