[INFO] Scanning for projects...
[INFO] 
[INFO] -----< com.github.vincentrussell:sql-to-mongo-db-query-converter >------
[INFO] Building sql-to-mongo-db-query-converter 1.19-SNAPSHOT
[INFO] --------------------------------[ jar ]---------------------------------
[INFO] 
[INFO] --- maven-clean-plugin:2.5:clean (default-clean) @ sql-to-mongo-db-query-converter ---
[INFO] Deleting /workspaces/master-thesis-pascal-joos/code_cure_agent/cca_workspace/sql-to-mongo-db-query-converter/target
[INFO] 
[INFO] --- maven-resources-plugin:2.6:resources (default-resources) @ sql-to-mongo-db-query-converter ---
[INFO] Using 'UTF-8' encoding to copy filtered resources.
[INFO] skip non existing resourceDirectory /workspaces/master-thesis-pascal-joos/code_cure_agent/cca_workspace/sql-to-mongo-db-query-converter/src/main/resources
[INFO] 
[INFO] --- maven-compiler-plugin:3.5:compile (default-compile) @ sql-to-mongo-db-query-converter ---
[INFO] Changes detected - recompiling the module!
[INFO] Compiling 27 source files to /workspaces/master-thesis-pascal-joos/code_cure_agent/cca_workspace/sql-to-mongo-db-query-converter/target/classes
[INFO] -------------------------------------------------------------
[ERROR] COMPILATION ERROR : 
[INFO] -------------------------------------------------------------
[ERROR] /workspaces/master-thesis-pascal-joos/code_cure_agent/cca_workspace/sql-to-mongo-db-query-converter/src/main/java/com/github/vincentrussell/query/mongodb/sql/converter/util/SqlUtils.java:[277,6] illegal start of type
[ERROR] /workspaces/master-thesis-pascal-joos/code_cure_agent/cca_workspace/sql-to-mongo-db-query-converter/src/main/java/com/github/vincentrussell/query/mongodb/sql/converter/util/SqlUtils.java:[277,22] ';' expected
[ERROR] /workspaces/master-thesis-pascal-joos/code_cure_agent/cca_workspace/sql-to-mongo-db-query-converter/src/main/java/com/github/vincentrussell/query/mongodb/sql/converter/util/SqlUtils.java:[277,25] <identifier> expected
[ERROR] /workspaces/master-thesis-pascal-joos/code_cure_agent/cca_workspace/sql-to-mongo-db-query-converter/src/main/java/com/github/vincentrussell/query/mongodb/sql/converter/util/SqlUtils.java:[277,37] <identifier> expected
[ERROR] /workspaces/master-thesis-pascal-joos/code_cure_agent/cca_workspace/sql-to-mongo-db-query-converter/src/main/java/com/github/vincentrussell/query/mongodb/sql/converter/util/SqlUtils.java:[277,46] <identifier> expected
[ERROR] /workspaces/master-thesis-pascal-joos/code_cure_agent/cca_workspace/sql-to-mongo-db-query-converter/src/main/java/com/github/vincentrussell/query/mongodb/sql/converter/util/SqlUtils.java:[278,24] ';' expected
[ERROR] /workspaces/master-thesis-pascal-joos/code_cure_agent/cca_workspace/sql-to-mongo-db-query-converter/src/main/java/com/github/vincentrussell/query/mongodb/sql/converter/util/SqlUtils.java:[278,34] ';' expected
[ERROR] /workspaces/master-thesis-pascal-joos/code_cure_agent/cca_workspace/sql-to-mongo-db-query-converter/src/main/java/com/github/vincentrussell/query/mongodb/sql/converter/util/SqlUtils.java:[278,45] ';' expected
[ERROR] /workspaces/master-thesis-pascal-joos/code_cure_agent/cca_workspace/sql-to-mongo-db-query-converter/src/main/java/com/github/vincentrussell/query/mongodb/sql/converter/util/SqlUtils.java:[278,47] <identifier> expected
[ERROR] /workspaces/master-thesis-pascal-joos/code_cure_agent/cca_workspace/sql-to-mongo-db-query-converter/src/main/java/com/github/vincentrussell/query/mongodb/sql/converter/util/SqlUtils.java:[278,59] <identifier> expected
[ERROR] /workspaces/master-thesis-pascal-joos/code_cure_agent/cca_workspace/sql-to-mongo-db-query-converter/src/main/java/com/github/vincentrussell/query/mongodb/sql/converter/util/SqlUtils.java:[279,6] illegal start of type
[ERROR] /workspaces/master-thesis-pascal-joos/code_cure_agent/cca_workspace/sql-to-mongo-db-query-converter/src/main/java/com/github/vincentrussell/query/mongodb/sql/converter/util/SqlUtils.java:[279,9] <identifier> expected
[ERROR] /workspaces/master-thesis-pascal-joos/code_cure_agent/cca_workspace/sql-to-mongo-db-query-converter/src/main/java/com/github/vincentrussell/query/mongodb/sql/converter/util/SqlUtils.java:[279,27] ';' expected
[ERROR] /workspaces/master-thesis-pascal-joos/code_cure_agent/cca_workspace/sql-to-mongo-db-query-converter/src/main/java/com/github/vincentrussell/query/mongodb/sql/converter/util/SqlUtils.java:[280,9] <identifier> expected
[ERROR] /workspaces/master-thesis-pascal-joos/code_cure_agent/cca_workspace/sql-to-mongo-db-query-converter/src/main/java/com/github/vincentrussell/query/mongodb/sql/converter/util/SqlUtils.java:[280,30] <identifier> expected
[ERROR] /workspaces/master-thesis-pascal-joos/code_cure_agent/cca_workspace/sql-to-mongo-db-query-converter/src/main/java/com/github/vincentrussell/query/mongodb/sql/converter/util/SqlUtils.java:[280,42] ';' expected
[ERROR] /workspaces/master-thesis-pascal-joos/code_cure_agent/cca_workspace/sql-to-mongo-db-query-converter/src/main/java/com/github/vincentrussell/query/mongodb/sql/converter/util/SqlUtils.java:[280,51] ';' expected
[ERROR] /workspaces/master-thesis-pascal-joos/code_cure_agent/cca_workspace/sql-to-mongo-db-query-converter/src/main/java/com/github/vincentrussell/query/mongodb/sql/converter/util/SqlUtils.java:[280,63] ';' expected
[ERROR] /workspaces/master-thesis-pascal-joos/code_cure_agent/cca_workspace/sql-to-mongo-db-query-converter/src/main/java/com/github/vincentrussell/query/mongodb/sql/converter/util/SqlUtils.java:[280,69] <identifier> expected
[INFO] 19 errors 
[INFO] -------------------------------------------------------------
[INFO] ------------------------------------------------------------------------
[INFO] BUILD FAILURE
[INFO] ------------------------------------------------------------------------
[INFO] Total time:  1.146 s
[INFO] Finished at: 2025-08-20T12:34:32Z
[INFO] ------------------------------------------------------------------------
[ERROR] Failed to execute goal org.apache.maven.plugins:maven-compiler-plugin:3.5:compile (default-compile) on project sql-to-mongo-db-query-converter: Compilation failure: Compilation failure: 
[ERROR] /workspaces/master-thesis-pascal-joos/code_cure_agent/cca_workspace/sql-to-mongo-db-query-converter/src/main/java/com/github/vincentrussell/query/mongodb/sql/converter/util/SqlUtils.java:[277,6] illegal start of type
[ERROR] /workspaces/master-thesis-pascal-joos/code_cure_agent/cca_workspace/sql-to-mongo-db-query-converter/src/main/java/com/github/vincentrussell/query/mongodb/sql/converter/util/SqlUtils.java:[277,22] ';' expected
[ERROR] /workspaces/master-thesis-pascal-joos/code_cure_agent/cca_workspace/sql-to-mongo-db-query-converter/src/main/java/com/github/vincentrussell/query/mongodb/sql/converter/util/SqlUtils.java:[277,25] <identifier> expected
[ERROR] /workspaces/master-thesis-pascal-joos/code_cure_agent/cca_workspace/sql-to-mongo-db-query-converter/src/main/java/com/github/vincentrussell/query/mongodb/sql/converter/util/SqlUtils.java:[277,37] <identifier> expected
[ERROR] /workspaces/master-thesis-pascal-joos/code_cure_agent/cca_workspace/sql-to-mongo-db-query-converter/src/main/java/com/github/vincentrussell/query/mongodb/sql/converter/util/SqlUtils.java:[277,46] <identifier> expected
[ERROR] /workspaces/master-thesis-pascal-joos/code_cure_agent/cca_workspace/sql-to-mongo-db-query-converter/src/main/java/com/github/vincentrussell/query/mongodb/sql/converter/util/SqlUtils.java:[278,24] ';' expected
[ERROR] /workspaces/master-thesis-pascal-joos/code_cure_agent/cca_workspace/sql-to-mongo-db-query-converter/src/main/java/com/github/vincentrussell/query/mongodb/sql/converter/util/SqlUtils.java:[278,34] ';' expected
[ERROR] /workspaces/master-thesis-pascal-joos/code_cure_agent/cca_workspace/sql-to-mongo-db-query-converter/src/main/java/com/github/vincentrussell/query/mongodb/sql/converter/util/SqlUtils.java:[278,45] ';' expected
[ERROR] /workspaces/master-thesis-pascal-joos/code_cure_agent/cca_workspace/sql-to-mongo-db-query-converter/src/main/java/com/github/vincentrussell/query/mongodb/sql/converter/util/SqlUtils.java:[278,47] <identifier> expected
[ERROR] /workspaces/master-thesis-pascal-joos/code_cure_agent/cca_workspace/sql-to-mongo-db-query-converter/src/main/java/com/github/vincentrussell/query/mongodb/sql/converter/util/SqlUtils.java:[278,59] <identifier> expected
[ERROR] /workspaces/master-thesis-pascal-joos/code_cure_agent/cca_workspace/sql-to-mongo-db-query-converter/src/main/java/com/github/vincentrussell/query/mongodb/sql/converter/util/SqlUtils.java:[279,6] illegal start of type
[ERROR] /workspaces/master-thesis-pascal-joos/code_cure_agent/cca_workspace/sql-to-mongo-db-query-converter/src/main/java/com/github/vincentrussell/query/mongodb/sql/converter/util/SqlUtils.java:[279,9] <identifier> expected
[ERROR] /workspaces/master-thesis-pascal-joos/code_cure_agent/cca_workspace/sql-to-mongo-db-query-converter/src/main/java/com/github/vincentrussell/query/mongodb/sql/converter/util/SqlUtils.java:[279,27] ';' expected
[ERROR] /workspaces/master-thesis-pascal-joos/code_cure_agent/cca_workspace/sql-to-mongo-db-query-converter/src/main/java/com/github/vincentrussell/query/mongodb/sql/converter/util/SqlUtils.java:[280,9] <identifier> expected
[ERROR] /workspaces/master-thesis-pascal-joos/code_cure_agent/cca_workspace/sql-to-mongo-db-query-converter/src/main/java/com/github/vincentrussell/query/mongodb/sql/converter/util/SqlUtils.java:[280,30] <identifier> expected
[ERROR] /workspaces/master-thesis-pascal-joos/code_cure_agent/cca_workspace/sql-to-mongo-db-query-converter/src/main/java/com/github/vincentrussell/query/mongodb/sql/converter/util/SqlUtils.java:[280,42] ';' expected
[ERROR] /workspaces/master-thesis-pascal-joos/code_cure_agent/cca_workspace/sql-to-mongo-db-query-converter/src/main/java/com/github/vincentrussell/query/mongodb/sql/converter/util/SqlUtils.java:[280,51] ';' expected
[ERROR] /workspaces/master-thesis-pascal-joos/code_cure_agent/cca_workspace/sql-to-mongo-db-query-converter/src/main/java/com/github/vincentrussell/query/mongodb/sql/converter/util/SqlUtils.java:[280,63] ';' expected
[ERROR] /workspaces/master-thesis-pascal-joos/code_cure_agent/cca_workspace/sql-to-mongo-db-query-converter/src/main/java/com/github/vincentrussell/query/mongodb/sql/converter/util/SqlUtils.java:[280,69] <identifier> expected
[ERROR] -> [Help 1]
[ERROR] 
[ERROR] To see the full stack trace of the errors, re-run Maven with the -e switch.
[ERROR] Re-run Maven using the -X switch to enable full debug logging.
[ERROR] 
[ERROR] For more information about the errors and possible solutions, please read the following articles:
[ERROR] [Help 1] http://cwiki.apache.org/confluence/display/MAVEN/MojoFailureException
