[INFO] Scanning for projects...
[INFO] 
[INFO] --------------------------< cn.nukkit:nukkit >--------------------------
[INFO] Building Nukkit 1.0-SNAPSHOT
[INFO] --------------------------------[ jar ]---------------------------------
[INFO] 
[INFO] --- maven-clean-plugin:2.5:clean (default-clean) @ nukkit ---
[INFO] 
[INFO] --- maven-enforcer-plugin:3.0.0-M2:enforce (enforce) @ nukkit ---
[INFO] 
[INFO] --- git-commit-id-plugin:2.2.1:revision (get-the-git-infos) @ nukkit ---
[INFO] dotGitDirectory /workspaces/CodeCureAgent/code_cure_agent/cca_workspace_5/Nukkit/.git
[INFO] git.build.user.name Pascal-Joos
[INFO] git.build.user.email pascal.joos@outlook.de
[INFO] git.branch 47d54ad26109b5d89936e0d9123c591a99a2cf60
[INFO] --always = false
[INFO] --dirty = -dirty
[INFO] --abbrev = 7
[INFO] Tag refs [[Ref[refs/tags/1.14.30=d13b0de3a2102e380fe3f60931f7a2e564da4d35], Ref[refs/tags/1.14.60=b1dc91579c78db69cd07c306d66bfeba9b129b68], Ref[refs/tags/1.16=69c992fa963ea2b6558b43104eba1288432e5da0], Ref[refs/tags/1.16-beta=0477574e45d4815e080be7f96a9e85cabae0faa0], Ref[refs/tags/leveldb-snapshot=9ee7817045b08015e9952f597d81dc420a8ec40b], Ref[refs/tags/redrak-1.0=da00d034919361c10075b74b942752c0fad0ff5f], Ref[refs/tags/snapshot=55eba5640417b9be6f400b13ca45d8ca802145b1]]]
[INFO] Created map: [{}]
[INFO] HEAD is [47d54ad26109b5d89936e0d9123c591a99a2cf60]
[INFO] Repo is in dirty state [true]
[INFO] git.commit.id.describe 47d54ad-dirty
[INFO] git.commit.id 47d54ad26109b5d89936e0d9123c591a99a2cf60
[INFO] git.commit.id.abbrev 47d54ad
[INFO] git.dirty true
[INFO] git.commit.user.name VixikHD
[INFO] git.commit.user.email 40556088+VixikHD@users.noreply.github.com
[INFO] git.commit.message.full Fix level loading (#1681)
[INFO] git.commit.message.short Fix level loading (#1681)
[INFO] git.commit.time 17.11.2020 @ 17:24:56 UTC
[INFO] git.remote.origin.url https://github.com/CloudburstMC/Nukkit.git
[INFO] git.tags 
[INFO] Tag refs [[Ref[refs/tags/1.14.30=d13b0de3a2102e380fe3f60931f7a2e564da4d35], Ref[refs/tags/1.14.60=b1dc91579c78db69cd07c306d66bfeba9b129b68], Ref[refs/tags/1.16=69c992fa963ea2b6558b43104eba1288432e5da0], Ref[refs/tags/1.16-beta=0477574e45d4815e080be7f96a9e85cabae0faa0], Ref[refs/tags/leveldb-snapshot=9ee7817045b08015e9952f597d81dc420a8ec40b], Ref[refs/tags/redrak-1.0=da00d034919361c10075b74b942752c0fad0ff5f], Ref[refs/tags/snapshot=55eba5640417b9be6f400b13ca45d8ca802145b1]]]
[INFO] Including lightweight tag [refs/tags/1.14.30]
[INFO] Including lightweight tag [refs/tags/1.14.60]
[INFO] Including lightweight tag [refs/tags/1.16]
[INFO] Including lightweight tag [refs/tags/1.16-beta]
[INFO] Including lightweight tag [refs/tags/leveldb-snapshot]
[INFO] Including lightweight tag [refs/tags/redrak-1.0]
[INFO] Including lightweight tag [refs/tags/snapshot]
[INFO] key [AnyObjectId[b1dc91579c78db69cd07c306d66bfeba9b129b68]], tags => [[DatedRevTag{id=b1dc91579c78db69cd07c306d66bfeba9b129b68, tagName='refs/tags/1.14.60', date=January 30, 26 at 10:41:11 AM UTC}]] 
[INFO] key [AnyObjectId[da00d034919361c10075b74b942752c0fad0ff5f]], tags => [[DatedRevTag{id=da00d034919361c10075b74b942752c0fad0ff5f, tagName='refs/tags/redrak-1.0', date=January 30, 26 at 10:41:11 AM UTC}]] 
[INFO] key [AnyObjectId[9ee7817045b08015e9952f597d81dc420a8ec40b]], tags => [[DatedRevTag{id=9ee7817045b08015e9952f597d81dc420a8ec40b, tagName='refs/tags/leveldb-snapshot', date=January 30, 26 at 10:41:11 AM UTC}]] 
[INFO] key [AnyObjectId[d13b0de3a2102e380fe3f60931f7a2e564da4d35]], tags => [[DatedRevTag{id=d13b0de3a2102e380fe3f60931f7a2e564da4d35, tagName='refs/tags/1.14.30', date=January 30, 26 at 10:41:11 AM UTC}]] 
[INFO] key [AnyObjectId[69c992fa963ea2b6558b43104eba1288432e5da0]], tags => [[DatedRevTag{id=69c992fa963ea2b6558b43104eba1288432e5da0, tagName='refs/tags/1.16', date=January 30, 26 at 10:41:11 AM UTC}]] 
[INFO] key [AnyObjectId[55eba5640417b9be6f400b13ca45d8ca802145b1]], tags => [[DatedRevTag{id=55eba5640417b9be6f400b13ca45d8ca802145b1, tagName='refs/tags/snapshot', date=January 30, 26 at 10:41:11 AM UTC}]] 
[INFO] key [AnyObjectId[0477574e45d4815e080be7f96a9e85cabae0faa0]], tags => [[DatedRevTag{id=0477574e45d4815e080be7f96a9e85cabae0faa0, tagName='refs/tags/1.16-beta', date=January 30, 26 at 10:41:11 AM UTC}]] 
[INFO] git.closest.tag.name redrak-1.0
[INFO] Tag refs [[Ref[refs/tags/1.14.30=d13b0de3a2102e380fe3f60931f7a2e564da4d35], Ref[refs/tags/1.14.60=b1dc91579c78db69cd07c306d66bfeba9b129b68], Ref[refs/tags/1.16=69c992fa963ea2b6558b43104eba1288432e5da0], Ref[refs/tags/1.16-beta=0477574e45d4815e080be7f96a9e85cabae0faa0], Ref[refs/tags/leveldb-snapshot=9ee7817045b08015e9952f597d81dc420a8ec40b], Ref[refs/tags/redrak-1.0=da00d034919361c10075b74b942752c0fad0ff5f], Ref[refs/tags/snapshot=55eba5640417b9be6f400b13ca45d8ca802145b1]]]
[INFO] Including lightweight tag [refs/tags/1.14.30]
[INFO] Including lightweight tag [refs/tags/1.14.60]
[INFO] Including lightweight tag [refs/tags/1.16]
[INFO] Including lightweight tag [refs/tags/1.16-beta]
[INFO] Including lightweight tag [refs/tags/leveldb-snapshot]
[INFO] Including lightweight tag [refs/tags/redrak-1.0]
[INFO] Including lightweight tag [refs/tags/snapshot]
[INFO] key [AnyObjectId[b1dc91579c78db69cd07c306d66bfeba9b129b68]], tags => [[DatedRevTag{id=b1dc91579c78db69cd07c306d66bfeba9b129b68, tagName='refs/tags/1.14.60', date=January 30, 26 at 10:41:11 AM UTC}]] 
[INFO] key [AnyObjectId[da00d034919361c10075b74b942752c0fad0ff5f]], tags => [[DatedRevTag{id=da00d034919361c10075b74b942752c0fad0ff5f, tagName='refs/tags/redrak-1.0', date=January 30, 26 at 10:41:11 AM UTC}]] 
[INFO] key [AnyObjectId[9ee7817045b08015e9952f597d81dc420a8ec40b]], tags => [[DatedRevTag{id=9ee7817045b08015e9952f597d81dc420a8ec40b, tagName='refs/tags/leveldb-snapshot', date=January 30, 26 at 10:41:11 AM UTC}]] 
[INFO] key [AnyObjectId[d13b0de3a2102e380fe3f60931f7a2e564da4d35]], tags => [[DatedRevTag{id=d13b0de3a2102e380fe3f60931f7a2e564da4d35, tagName='refs/tags/1.14.30', date=January 30, 26 at 10:41:11 AM UTC}]] 
[INFO] key [AnyObjectId[69c992fa963ea2b6558b43104eba1288432e5da0]], tags => [[DatedRevTag{id=69c992fa963ea2b6558b43104eba1288432e5da0, tagName='refs/tags/1.16', date=January 30, 26 at 10:41:11 AM UTC}]] 
[INFO] key [AnyObjectId[55eba5640417b9be6f400b13ca45d8ca802145b1]], tags => [[DatedRevTag{id=55eba5640417b9be6f400b13ca45d8ca802145b1, tagName='refs/tags/snapshot', date=January 30, 26 at 10:41:11 AM UTC}]] 
[INFO] key [AnyObjectId[0477574e45d4815e080be7f96a9e85cabae0faa0]], tags => [[DatedRevTag{id=0477574e45d4815e080be7f96a9e85cabae0faa0, tagName='refs/tags/1.16-beta', date=January 30, 26 at 10:41:11 AM UTC}]] 
[INFO] git.closest.tag.commit.count 986
[INFO] git.build.time 30.01.2026 @ 10:41:11 UTC
[INFO] git.build.version 1.0-SNAPSHOT
[INFO] git.build.host a6a6de28bfba
[INFO] git.commit.id.describe-short 47d54ad-dirty
[INFO] found property git.tags
[INFO] found property git.closest.tag.commit.count
[INFO] found property git.build.version
[INFO] found property git.commit.user.name
[INFO] found property git.commit.id.abbrev
[INFO] found property git.branch
[INFO] found property git.build.host
[INFO] found property git.commit.id.describe-short
[INFO] found property git.commit.id.describe
[INFO] found property git.build.user.email
[INFO] found property git.commit.id
[INFO] found property git.commit.message.short
[INFO] found property git.commit.user.email
[INFO] found property git.closest.tag.name
[INFO] found property git.commit.time
[INFO] found property git.build.time
[INFO] found property git.build.user.name
[INFO] found property git.dirty
[INFO] found property git.commit.message.full
[INFO] found property git.remote.origin.url
[INFO] Writing properties file to [/workspaces/CodeCureAgent/code_cure_agent/cca_workspace_5/Nukkit/target/classes/git.properties] (for module Nukkit)...
[INFO] 
[INFO] --- maven-resources-plugin:2.6:resources (default-resources) @ nukkit ---
[INFO] Using 'UTF-8' encoding to copy filtered resources.
[INFO] Copying 9 resources
[INFO] 
[INFO] --- maven-compiler-plugin:3.1:compile (default-compile) @ nukkit ---
[INFO] Changes detected - recompiling the module!
[INFO] Compiling 1528 source files to /workspaces/CodeCureAgent/code_cure_agent/cca_workspace_5/Nukkit/target/classes
[INFO] -------------------------------------------------------------
[WARNING] COMPILATION WARNING : 
[INFO] -------------------------------------------------------------
[WARNING] /workspaces/CodeCureAgent/code_cure_agent/cca_workspace_5/Nukkit/src/main/java/cn/nukkit/level/format/leveldb/Chunk.java: Some input files use or override a deprecated API.
[WARNING] /workspaces/CodeCureAgent/code_cure_agent/cca_workspace_5/Nukkit/src/main/java/cn/nukkit/level/format/leveldb/Chunk.java: Recompile with -Xlint:deprecation for details.
[WARNING] /workspaces/CodeCureAgent/code_cure_agent/cca_workspace_5/Nukkit/src/main/java/cn/nukkit/item/Item.java: Some input files use unchecked or unsafe operations.
[WARNING] /workspaces/CodeCureAgent/code_cure_agent/cca_workspace_5/Nukkit/src/main/java/cn/nukkit/item/Item.java: Recompile with -Xlint:unchecked for details.
[INFO] 4 warnings 
[INFO] -------------------------------------------------------------
[INFO] -------------------------------------------------------------
[ERROR] COMPILATION ERROR : 
[INFO] -------------------------------------------------------------
[ERROR] /workspaces/CodeCureAgent/code_cure_agent/cca_workspace_5/Nukkit/src/main/java/cn/nukkit/level/Position.java:[81,69] cannot find symbol
  symbol:   method getName()
  location: class cn.nukkit.level.Level
[ERROR] /workspaces/CodeCureAgent/code_cure_agent/cca_workspace_5/Nukkit/src/main/java/cn/nukkit/level/Position.java:[93,46] cannot find symbol
  symbol:   method getBlock(cn.nukkit.level.Position)
  location: variable level of type cn.nukkit.level.Level
[ERROR] /workspaces/CodeCureAgent/code_cure_agent/cca_workspace_5/Nukkit/src/main/java/cn/nukkit/block/Block.java:[394,31] cannot find symbol
  symbol:   method setBlock(cn.nukkit.block.Block,cn.nukkit.block.Block,boolean,boolean)
  location: class cn.nukkit.level.Level
[ERROR] /workspaces/CodeCureAgent/code_cure_agent/cca_workspace_5/Nukkit/src/main/java/cn/nukkit/block/Block.java:[411,31] cannot find symbol
  symbol:   method setBlock(cn.nukkit.block.Block,cn.nukkit.block.Block,boolean,boolean)
  location: class cn.nukkit.level.Level
[ERROR] /workspaces/CodeCureAgent/code_cure_agent/cca_workspace_5/Nukkit/src/main/java/cn/nukkit/block/Block.java:[706,35] cannot find symbol
  symbol:   method getBlock(int,int,int)
  location: class cn.nukkit.level.Level
[ERROR] /workspaces/CodeCureAgent/code_cure_agent/cca_workspace_5/Nukkit/src/main/java/cn/nukkit/block/Block.java:[714,39] cannot find symbol
  symbol:   method getBlock(int,int,int)
  location: class cn.nukkit.level.Level
[ERROR] /workspaces/CodeCureAgent/code_cure_agent/cca_workspace_5/Nukkit/src/main/java/cn/nukkit/block/Block.java:[716,39] cannot find symbol
  symbol:   method getBlock(int,int,int)
  location: class cn.nukkit.level.Level
[ERROR] /workspaces/CodeCureAgent/code_cure_agent/cca_workspace_5/Nukkit/src/main/java/cn/nukkit/block/Block.java:[928,28] cannot find symbol
  symbol:   method getBlockMetadata()
  location: class cn.nukkit.level.Level
[ERROR] /workspaces/CodeCureAgent/code_cure_agent/cca_workspace_5/Nukkit/src/main/java/cn/nukkit/block/Block.java:[935,35] cannot find symbol
  symbol:   method getBlockMetadata()
  location: class cn.nukkit.level.Level
[ERROR] /workspaces/CodeCureAgent/code_cure_agent/cca_workspace_5/Nukkit/src/main/java/cn/nukkit/block/Block.java:[943,58] cannot find symbol
  symbol:   method getBlockMetadata()
  location: class cn.nukkit.level.Level
[ERROR] /workspaces/CodeCureAgent/code_cure_agent/cca_workspace_5/Nukkit/src/main/java/cn/nukkit/block/Block.java:[949,28] cannot find symbol
  symbol:   method getBlockMetadata()
  location: class cn.nukkit.level.Level
[ERROR] /workspaces/CodeCureAgent/code_cure_agent/cca_workspace_5/Nukkit/src/main/java/cn/nukkit/block/BlockTerracottaGlazed.java:[46,31] cannot find symbol
  symbol:   method setBlock(cn.nukkit.block.Block,cn.nukkit.block.BlockTerracottaGlazed,boolean,boolean)
  location: class cn.nukkit.level.Level
[ERROR] /workspaces/CodeCureAgent/code_cure_agent/cca_workspace_5/Nukkit/src/main/java/cn/nukkit/level/Location.java:[78,70] cannot find symbol
  symbol:   method getName()
  location: class cn.nukkit.level.Level
[ERROR] /workspaces/CodeCureAgent/code_cure_agent/cca_workspace_5/Nukkit/src/main/java/cn/nukkit/entity/Entity.java:[480,53] cannot find symbol
  symbol:   method getServer()
  location: class cn.nukkit.level.Level
[ERROR] /workspaces/CodeCureAgent/code_cure_agent/cca_workspace_5/Nukkit/src/main/java/cn/nukkit/entity/Entity.java:[536,19] cannot find symbol
  symbol:   method addEntity(cn.nukkit.entity.Entity)
  location: variable level of type cn.nukkit.level.Level
[ERROR] /workspaces/CodeCureAgent/code_cure_agent/cca_workspace_5/Nukkit/src/main/java/cn/nukkit/entity/Entity.java:[975,124] cannot find symbol
  symbol:   method chunkHash(int,int)
  location: class cn.nukkit.level.Level
[ERROR] /workspaces/CodeCureAgent/code_cure_agent/cca_workspace_5/Nukkit/src/main/java/cn/nukkit/entity/Entity.java:[1163,23] cannot find symbol
  symbol:   method getCollisionCubes(cn.nukkit.entity.Entity,cn.nukkit.math.AxisAlignedBB,boolean)
  location: variable level of type cn.nukkit.level.Level
[ERROR] /workspaces/CodeCureAgent/code_cure_agent/cca_workspace_5/Nukkit/src/main/java/cn/nukkit/entity/Entity.java:[1349,59] method getChunk in interface cn.nukkit.level.ChunkManager cannot be applied to given types;
  required: int,int
  found: int,int,boolean
  reason: actual and formal argument lists differ in length
[ERROR] /workspaces/CodeCureAgent/code_cure_agent/cca_workspace_5/Nukkit/src/main/java/cn/nukkit/entity/Entity.java:[1351,45] cannot find symbol
  symbol:   method generateChunk(int,int,boolean)
  location: variable level of type cn.nukkit.level.Level
[ERROR] /workspaces/CodeCureAgent/code_cure_agent/cca_workspace_5/Nukkit/src/main/java/cn/nukkit/entity/Entity.java:[1404,19] cannot find symbol
  symbol:   method addEntityMovement(cn.nukkit.entity.Entity,double,double,double,double,double,double)
  location: variable level of type cn.nukkit.level.Level
[ERROR] /workspaces/CodeCureAgent/code_cure_agent/cca_workspace_5/Nukkit/src/main/java/cn/nukkit/entity/Entity.java:[1645,40] cannot find symbol
  symbol:   method getGameRules()
  location: variable level of type cn.nukkit.level.Level
[ERROR] /workspaces/CodeCureAgent/code_cure_agent/cca_workspace_5/Nukkit/src/main/java/cn/nukkit/entity/Entity.java:[1651,36] cannot find symbol
  symbol:   method getBlock(cn.nukkit.math.Vector3)
  location: variable level of type cn.nukkit.level.Level
[ERROR] /workspaces/CodeCureAgent/code_cure_agent/cca_workspace_5/Nukkit/src/main/java/cn/nukkit/entity/Entity.java:[1666,27] cannot find symbol
  symbol:   method setBlock(cn.nukkit.block.Block,cn.nukkit.block.Block,boolean,boolean)
  location: variable level of type cn.nukkit.level.Level
[ERROR] /workspaces/CodeCureAgent/code_cure_agent/cca_workspace_5/Nukkit/src/main/java/cn/nukkit/entity/Entity.java:[1755,23] cannot find symbol
  symbol:   method removeEntity(cn.nukkit.entity.Entity)
  location: variable level of type cn.nukkit.level.Level
[ERROR] /workspaces/CodeCureAgent/code_cure_agent/cca_workspace_5/Nukkit/src/main/java/cn/nukkit/entity/Entity.java:[1763,19] cannot find symbol
  symbol:   method addEntity(cn.nukkit.entity.Entity)
  location: variable level of type cn.nukkit.level.Level
[ERROR] /workspaces/CodeCureAgent/code_cure_agent/cca_workspace_5/Nukkit/src/main/java/cn/nukkit/entity/Entity.java:[1779,33] cannot find symbol
  symbol:   method getBlock(cn.nukkit.math.Vector3)
  location: variable level of type cn.nukkit.level.Level
[ERROR] /workspaces/CodeCureAgent/code_cure_agent/cca_workspace_5/Nukkit/src/main/java/cn/nukkit/entity/Entity.java:[1791,33] cannot find symbol
  symbol:   method getBlock(cn.nukkit.math.Vector3)
  location: variable level of type cn.nukkit.level.Level
[ERROR] /workspaces/CodeCureAgent/code_cure_agent/cca_workspace_5/Nukkit/src/main/java/cn/nukkit/entity/Entity.java:[1829,51] cannot find symbol
  symbol:   method hasCollision(cn.nukkit.entity.Entity,cn.nukkit.math.AxisAlignedBB,boolean)
  location: variable level of type cn.nukkit.level.Level
[ERROR] /workspaces/CodeCureAgent/code_cure_agent/cca_workspace_5/Nukkit/src/main/java/cn/nukkit/entity/Entity.java:[1843,39] cannot find symbol
  symbol:   method getCollisionBlocks(cn.nukkit.math.AxisAlignedBB)
  location: variable level of type cn.nukkit.level.Level
[ERROR] /workspaces/CodeCureAgent/code_cure_agent/cca_workspace_5/Nukkit/src/main/java/cn/nukkit/entity/Entity.java:[1873,46] cannot find symbol
  symbol:   method getCollisionCubes(cn.nukkit.entity.Entity,cn.nukkit.math.AxisAlignedBB,boolean)
  location: variable level of type cn.nukkit.level.Level
[ERROR] /workspaces/CodeCureAgent/code_cure_agent/cca_workspace_5/Nukkit/src/main/java/cn/nukkit/entity/Entity.java:[1907,34] cannot find symbol
  symbol:   method getCollisionCubes(cn.nukkit.entity.Entity,cn.nukkit.math.AxisAlignedBB,boolean)
  location: variable level of type cn.nukkit.level.Level
[ERROR] /workspaces/CodeCureAgent/code_cure_agent/cca_workspace_5/Nukkit/src/main/java/cn/nukkit/entity/Entity.java:[1988,49] cannot find symbol
  symbol:   method getBlock(cn.nukkit.math.Vector3)
  location: variable level of type cn.nukkit.level.Level
[ERROR] /workspaces/CodeCureAgent/code_cure_agent/cca_workspace_5/Nukkit/src/main/java/cn/nukkit/entity/Entity.java:[2088,36] method getChunk in interface cn.nukkit.level.ChunkManager cannot be applied to given types;
  required: int,int
  found: int,int,boolean
  reason: actual and formal argument lists differ in length
[ERROR] /workspaces/CodeCureAgent/code_cure_agent/cca_workspace_5/Nukkit/src/main/java/cn/nukkit/entity/Entity.java:[2091,59] cannot find symbol
  symbol:   method getChunkPlayers(int,int)
  location: variable level of type cn.nukkit.level.Level
[ERROR] /workspaces/CodeCureAgent/code_cure_agent/cca_workspace_5/Nukkit/src/main/java/cn/nukkit/entity/Entity.java:[2239,40] cannot find symbol
  symbol:   method getChunkPlayers(int,int)
  location: variable level of type cn.nukkit.level.Level
[ERROR] /workspaces/CodeCureAgent/code_cure_agent/cca_workspace_5/Nukkit/src/main/java/cn/nukkit/entity/Entity.java:[2262,27] cannot find symbol
  symbol:   method removeEntity(cn.nukkit.entity.Entity)
  location: variable level of type cn.nukkit.level.Level
[ERROR] /workspaces/CodeCureAgent/code_cure_agent/cca_workspace_5/Nukkit/src/main/java/cn/nukkit/entity/EntityLiving.java:[128,36] cannot find symbol
  symbol:   method addChunkPacket(int,int,cn.nukkit.network.protocol.AnimatePacket)
  location: class cn.nukkit.level.Level
[ERROR] /workspaces/CodeCureAgent/code_cure_agent/cca_workspace_5/Nukkit/src/main/java/cn/nukkit/entity/EntityLiving.java:[129,36] cannot find symbol
  symbol:   method addLevelSoundEvent(cn.nukkit.entity.EntityLiving,int)
  location: class cn.nukkit.level.Level
[ERROR] /workspaces/CodeCureAgent/code_cure_agent/cca_workspace_5/Nukkit/src/main/java/cn/nukkit/entity/EntityLiving.java:[193,23] cannot find symbol
  symbol:   method getGameRules()
  location: variable level of type cn.nukkit.level.Level
[ERROR] /workspaces/CodeCureAgent/code_cure_agent/cca_workspace_5/Nukkit/src/main/java/cn/nukkit/entity/EntityLiving.java:[195,32] cannot find symbol
  symbol:   method dropItem(cn.nukkit.entity.EntityLiving,cn.nukkit.item.Item)
  location: class cn.nukkit.level.Level
[ERROR] /workspaces/CodeCureAgent/code_cure_agent/cca_workspace_5/Nukkit/src/main/java/cn/nukkit/entity/EntityLiving.java:[281,39] no suitable method found for getNearbyEntities(cn.nukkit.math.AxisAlignedBB,cn.nukkit.entity.EntityLiving)
    method cn.nukkit.level.Level.getNearbyEntities(cn.nukkit.math.AxisAlignedBB,cn.nukkit.entity.Entity,boolean) is not applicable
      (actual and formal argument lists differ in length)
    method cn.nukkit.level.Level.getNearbyEntities(cn.nukkit.math.AxisAlignedBB,cn.nukkit.entity.Entity,boolean,int) is not applicable
      (actual and formal argument lists differ in length)
[ERROR] /workspaces/CodeCureAgent/code_cure_agent/cca_workspace_5/Nukkit/src/main/java/cn/nukkit/entity/EntityLiving.java:[289,33] cannot find symbol
  symbol:   method getBlock(int,int,int)
  location: variable level of type cn.nukkit.level.Level
[ERROR] /workspaces/CodeCureAgent/code_cure_agent/cca_workspace_5/Nukkit/src/main/java/cn/nukkit/entity/EntityHuman.java:[275,19] cannot find symbol
  symbol:   method addPlayerMovement(cn.nukkit.entity.EntityHuman,double,double,double,double,double,double)
  location: variable level of type cn.nukkit.level.Level
[ERROR] /workspaces/CodeCureAgent/code_cure_agent/cca_workspace_5/Nukkit/src/main/java/cn/nukkit/Player.java:[613,30] cannot find symbol
  symbol:   method generateChunkLoaderId(cn.nukkit.Player)
  location: class cn.nukkit.level.Level
[ERROR] /workspaces/CodeCureAgent/code_cure_agent/cca_workspace_5/Nukkit/src/main/java/cn/nukkit/Player.java:[726,27] cannot find symbol
  symbol:   method chunkHash(int,int)
  location: class cn.nukkit.level.Level
[ERROR] /workspaces/CodeCureAgent/code_cure_agent/cca_workspace_5/Nukkit/src/main/java/cn/nukkit/Player.java:[728,39] cannot find symbol
  symbol:   method getChunkEntities(int,int)
  location: variable level of type cn.nukkit.level.Level
[ERROR] /workspaces/CodeCureAgent/code_cure_agent/cca_workspace_5/Nukkit/src/main/java/cn/nukkit/Player.java:[736,14] cannot find symbol
  symbol:   method unregisterChunkLoader(cn.nukkit.Player,int,int)
  location: variable level of type cn.nukkit.level.Level
[ERROR] /workspaces/CodeCureAgent/code_cure_agent/cca_workspace_5/Nukkit/src/main/java/cn/nukkit/Player.java:[744,49] cannot find symbol
  symbol:   method getSafeSpawn()
  location: class cn.nukkit.level.Level
[ERROR] /workspaces/CodeCureAgent/code_cure_agent/cca_workspace_5/Nukkit/src/main/java/cn/nukkit/Player.java:[753,34] cannot find symbol
  symbol:   method chunkHash(int,int)
  location: class cn.nukkit.level.Level
[ERROR] /workspaces/CodeCureAgent/code_cure_agent/cca_workspace_5/Nukkit/src/main/java/cn/nukkit/Player.java:[759,44] cannot find symbol
  symbol:   method getChunkEntities(int,int)
  location: variable level of type cn.nukkit.level.Level
[ERROR] /workspaces/CodeCureAgent/code_cure_agent/cca_workspace_5/Nukkit/src/main/java/cn/nukkit/Player.java:[772,34] cannot find symbol
  symbol:   method chunkHash(int,int)
  location: class cn.nukkit.level.Level
[ERROR] /workspaces/CodeCureAgent/code_cure_agent/cca_workspace_5/Nukkit/src/main/java/cn/nukkit/Player.java:[784,44] cannot find symbol
  symbol:   method getChunkEntities(int,int)
  location: variable level of type cn.nukkit.level.Level
[ERROR] /workspaces/CodeCureAgent/code_cure_agent/cca_workspace_5/Nukkit/src/main/java/cn/nukkit/Player.java:[809,35] cannot find symbol
  symbol:   method getHashX(long)
  location: class cn.nukkit.level.Level
[ERROR] /workspaces/CodeCureAgent/code_cure_agent/cca_workspace_5/Nukkit/src/main/java/cn/nukkit/Player.java:[810,35] cannot find symbol
  symbol:   method getHashZ(long)
  location: class cn.nukkit.level.Level
[ERROR] /workspaces/CodeCureAgent/code_cure_agent/cca_workspace_5/Nukkit/src/main/java/cn/nukkit/Player.java:[815,27] cannot find symbol
  symbol:   method registerChunkLoader(cn.nukkit.Player,int,int,boolean)
  location: variable level of type cn.nukkit.level.Level
[ERROR] /workspaces/CodeCureAgent/code_cure_agent/cca_workspace_5/Nukkit/src/main/java/cn/nukkit/Player.java:[817,32] cannot find symbol
  symbol:   method populateChunk(int,int)
  location: variable level of type cn.nukkit.level.Level
[ERROR] /workspaces/CodeCureAgent/code_cure_agent/cca_workspace_5/Nukkit/src/main/java/cn/nukkit/Player.java:[830,31] cannot find symbol
  symbol:   method requestChunk(int,int,cn.nukkit.Player)
  location: variable level of type cn.nukkit.level.Level
[ERROR] /workspaces/CodeCureAgent/code_cure_agent/cca_workspace_5/Nukkit/src/main/java/cn/nukkit/Player.java:[855,40] cannot find symbol
  symbol:   method getTime()
  location: variable level of type cn.nukkit.level.Level
[ERROR] /workspaces/CodeCureAgent/code_cure_agent/cca_workspace_5/Nukkit/src/main/java/cn/nukkit/Player.java:[858,34] cannot find symbol
  symbol:   method getSafeSpawn(cn.nukkit.Player)
  location: variable level of type cn.nukkit.level.Level
[ERROR] /workspaces/CodeCureAgent/code_cure_agent/cca_workspace_5/Nukkit/src/main/java/cn/nukkit/Player.java:[887,31] cannot find symbol
  symbol:   method getHashX(long)
  location: class cn.nukkit.level.Level
[ERROR] /workspaces/CodeCureAgent/code_cure_agent/cca_workspace_5/Nukkit/src/main/java/cn/nukkit/Player.java:[888,31] cannot find symbol
  symbol:   method getHashZ(long)
  location: class cn.nukkit.level.Level
[ERROR] /workspaces/CodeCureAgent/code_cure_agent/cca_workspace_5/Nukkit/src/main/java/cn/nukkit/Player.java:[889,44] cannot find symbol
  symbol:   method getChunkEntities(int,int)
  location: variable level of type cn.nukkit.level.Level
[ERROR] /workspaces/CodeCureAgent/code_cure_agent/cca_workspace_5/Nukkit/src/main/java/cn/nukkit/Player.java:[915,24] cannot find symbol
  symbol:   method sendWeather(cn.nukkit.Player)
  location: class cn.nukkit.level.Level
[ERROR] /workspaces/CodeCureAgent/code_cure_agent/cca_workspace_5/Nukkit/src/main/java/cn/nukkit/Player.java:[957,53] cannot find symbol
  symbol:   method chunkHash(int,int)
  location: class cn.nukkit.level.Level
[ERROR] /workspaces/CodeCureAgent/code_cure_agent/cca_workspace_5/Nukkit/src/main/java/cn/nukkit/Player.java:[962,53] cannot find symbol
  symbol:   method chunkHash(int,int)
  location: class cn.nukkit.level.Level
[ERROR] /workspaces/CodeCureAgent/code_cure_agent/cca_workspace_5/Nukkit/src/main/java/cn/nukkit/Player.java:[967,53] cannot find symbol
  symbol:   method chunkHash(int,int)
  location: class cn.nukkit.level.Level
[ERROR] /workspaces/CodeCureAgent/code_cure_agent/cca_workspace_5/Nukkit/src/main/java/cn/nukkit/Player.java:[972,53] cannot find symbol
  symbol:   method chunkHash(int,int)
  location: class cn.nukkit.level.Level
[ERROR] /workspaces/CodeCureAgent/code_cure_agent/cca_workspace_5/Nukkit/src/main/java/cn/nukkit/Player.java:[978,57] cannot find symbol
  symbol:   method chunkHash(int,int)
  location: class cn.nukkit.level.Level
[ERROR] /workspaces/CodeCureAgent/code_cure_agent/cca_workspace_5/Nukkit/src/main/java/cn/nukkit/Player.java:[983,57] cannot find symbol
  symbol:   method chunkHash(int,int)
  location: class cn.nukkit.level.Level
[ERROR] /workspaces/CodeCureAgent/code_cure_agent/cca_workspace_5/Nukkit/src/main/java/cn/nukkit/Player.java:[988,57] cannot find symbol
  symbol:   method chunkHash(int,int)
  location: class cn.nukkit.level.Level
[ERROR] /workspaces/CodeCureAgent/code_cure_agent/cca_workspace_5/Nukkit/src/main/java/cn/nukkit/Player.java:[993,57] cannot find symbol
  symbol:   method chunkHash(int,int)
  location: class cn.nukkit.level.Level
[ERROR] /workspaces/CodeCureAgent/code_cure_agent/cca_workspace_5/Nukkit/src/main/java/cn/nukkit/Player.java:[1004,35] cannot find symbol
  symbol:   method getHashX(long)
  location: class cn.nukkit.level.Level
[ERROR] /workspaces/CodeCureAgent/code_cure_agent/cca_workspace_5/Nukkit/src/main/java/cn/nukkit/Player.java:[1004,58] cannot find symbol
  symbol:   method getHashZ(long)
  location: class cn.nukkit.level.Level
[ERROR] /workspaces/CodeCureAgent/code_cure_agent/cca_workspace_5/Nukkit/src/main/java/cn/nukkit/Player.java:[1109,35] no suitable method found for getNearbyEntities(cn.nukkit.math.AxisAlignedBB,cn.nukkit.Player)
    method cn.nukkit.level.Level.getNearbyEntities(cn.nukkit.math.AxisAlignedBB,cn.nukkit.entity.Entity,boolean) is not applicable
      (actual and formal argument lists differ in length)
    method cn.nukkit.level.Level.getNearbyEntities(cn.nukkit.math.AxisAlignedBB,cn.nukkit.entity.Entity,boolean,int) is not applicable
      (actual and formal argument lists differ in length)
[ERROR] /workspaces/CodeCureAgent/code_cure_agent/cca_workspace_5/Nukkit/src/main/java/cn/nukkit/Player.java:[1118,95] cannot find symbol
  symbol:   method getBlock(cn.nukkit.math.Vector3)
  location: variable level of type cn.nukkit.level.Level
[ERROR] /workspaces/CodeCureAgent/code_cure_agent/cca_workspace_5/Nukkit/src/main/java/cn/nukkit/Player.java:[1154,94] cannot find symbol
  symbol:   method getBlock(cn.nukkit.math.Vector3)
  location: variable level of type cn.nukkit.level.Level
[ERROR] /workspaces/CodeCureAgent/code_cure_agent/cca_workspace_5/Nukkit/src/main/java/cn/nukkit/Player.java:[1362,49] cannot find symbol
  symbol:   method getBlock(cn.nukkit.math.Vector3)
  location: variable level of type cn.nukkit.level.Level
[ERROR] /workspaces/CodeCureAgent/code_cure_agent/cca_workspace_5/Nukkit/src/main/java/cn/nukkit/Player.java:[1403,40] no suitable method found for getNearbyEntities(cn.nukkit.math.AxisAlignedBB,cn.nukkit.Player)
    method cn.nukkit.level.Level.getNearbyEntities(cn.nukkit.math.AxisAlignedBB,cn.nukkit.entity.Entity,boolean) is not applicable
      (actual and formal argument lists differ in length)
    method cn.nukkit.level.Level.getNearbyEntities(cn.nukkit.math.AxisAlignedBB,cn.nukkit.entity.Entity,boolean,int) is not applicable
      (actual and formal argument lists differ in length)
[ERROR] /workspaces/CodeCureAgent/code_cure_agent/cca_workspace_5/Nukkit/src/main/java/cn/nukkit/Player.java:[1425,49] method getChunk in interface cn.nukkit.level.ChunkManager cannot be applied to given types;
  required: int,int
  found: int,int,boolean
  reason: actual and formal argument lists differ in length
[ERROR] /workspaces/CodeCureAgent/code_cure_agent/cca_workspace_5/Nukkit/src/main/java/cn/nukkit/Player.java:[1672,68] cannot find symbol
  symbol:   method getGameRules()
  location: variable level of type cn.nukkit.level.Level
[ERROR] /workspaces/CodeCureAgent/code_cure_agent/cca_workspace_5/Nukkit/src/main/java/cn/nukkit/Player.java:[1687,43] cannot find symbol
  symbol:   method isRaining()
  location: class cn.nukkit.level.Level
[ERROR] /workspaces/CodeCureAgent/code_cure_agent/cca_workspace_5/Nukkit/src/main/java/cn/nukkit/Player.java:[1688,40] cannot find symbol
  symbol:   method canBlockSeeSky(cn.nukkit.Player)
  location: class cn.nukkit.level.Level
[ERROR] /workspaces/CodeCureAgent/code_cure_agent/cca_workspace_5/Nukkit/src/main/java/cn/nukkit/Player.java:[1706,42] cannot find symbol
  symbol:   method getBlock(cn.nukkit.Player)
  location: variable level of type cn.nukkit.level.Level
[ERROR] /workspaces/CodeCureAgent/code_cure_agent/cca_workspace_5/Nukkit/src/main/java/cn/nukkit/Player.java:[1777,44] no suitable method found for getNearbyEntities(cn.nukkit.math.AxisAlignedBB,cn.nukkit.Player)
    method cn.nukkit.level.Level.getNearbyEntities(cn.nukkit.math.AxisAlignedBB,cn.nukkit.entity.Entity,boolean) is not applicable
      (actual and formal argument lists differ in length)
    method cn.nukkit.level.Level.getNearbyEntities(cn.nukkit.math.AxisAlignedBB,cn.nukkit.entity.Entity,boolean,int) is not applicable
      (actual and formal argument lists differ in length)
[ERROR] /workspaces/CodeCureAgent/code_cure_agent/cca_workspace_5/Nukkit/src/main/java/cn/nukkit/Player.java:[1937,46] cannot find symbol
  symbol:   method getName()
  location: variable level of type cn.nukkit.level.Level
[ERROR] /workspaces/CodeCureAgent/code_cure_agent/cca_workspace_5/Nukkit/src/main/java/cn/nukkit/Player.java:[1941,55] cannot find symbol
  symbol:   method getSpawnLocation()
  location: variable level of type cn.nukkit.level.Level
[ERROR] /workspaces/CodeCureAgent/code_cure_agent/cca_workspace_5/Nukkit/src/main/java/cn/nukkit/Player.java:[1940,55] cannot find symbol
  symbol:   method getSpawnLocation()
  location: variable level of type cn.nukkit.level.Level
[ERROR] /workspaces/CodeCureAgent/code_cure_agent/cca_workspace_5/Nukkit/src/main/java/cn/nukkit/Player.java:[1939,55] cannot find symbol
  symbol:   method getSpawnLocation()
  location: variable level of type cn.nukkit.level.Level
[ERROR] /workspaces/CodeCureAgent/code_cure_agent/cca_workspace_5/Nukkit/src/main/java/cn/nukkit/Player.java:[1971,30] method getChunk in interface cn.nukkit.level.ChunkManager cannot be applied to given types;
  required: int,int
  found: int,int,boolean
  reason: actual and formal argument lists differ in length
[ERROR] /workspaces/CodeCureAgent/code_cure_agent/cca_workspace_5/Nukkit/src/main/java/cn/nukkit/Player.java:[2005,44] cannot find symbol
  symbol:   method getSafeSpawn()
  location: variable level of type cn.nukkit.level.Level
[ERROR] /workspaces/CodeCureAgent/code_cure_agent/cca_workspace_5/Nukkit/src/main/java/cn/nukkit/Player.java:[2031,47] cannot find symbol
  symbol:   method getGameRules()
  location: class cn.nukkit.level.Level
[ERROR] /workspaces/CodeCureAgent/code_cure_agent/cca_workspace_5/Nukkit/src/main/java/cn/nukkit/Player.java:[2043,19] cannot find symbol
  symbol:   method sendTime(cn.nukkit.Player)
  location: variable level of type cn.nukkit.level.Level
[ERROR] /workspaces/CodeCureAgent/code_cure_agent/cca_workspace_5/Nukkit/src/main/java/cn/nukkit/Player.java:[2055,27] cannot find symbol
  symbol:   method getName()
  location: variable level of type cn.nukkit.level.Level
[ERROR] /workspaces/CodeCureAgent/code_cure_agent/cca_workspace_5/Nukkit/src/main/java/cn/nukkit/Player.java:[2419,54] cannot find symbol
  symbol:   method getBlock(cn.nukkit.math.Vector3)
  location: variable level of type cn.nukkit.level.Level
[ERROR] /workspaces/CodeCureAgent/code_cure_agent/cca_workspace_5/Nukkit/src/main/java/cn/nukkit/Player.java:[2436,43] cannot find symbol
  symbol:   method setBlock(cn.nukkit.block.Block,cn.nukkit.block.Block,boolean)
  location: variable level of type cn.nukkit.level.Level
[ERROR] /workspaces/CodeCureAgent/code_cure_agent/cca_workspace_5/Nukkit/src/main/java/cn/nukkit/Player.java:[2437,43] cannot find symbol
  symbol:   method addLevelSoundEvent(cn.nukkit.block.Block,int)
  location: variable level of type cn.nukkit.level.Level
[ERROR] /workspaces/CodeCureAgent/code_cure_agent/cca_workspace_5/Nukkit/src/main/java/cn/nukkit/Player.java:[2451,52] cannot find symbol
  symbol:   method addChunkPacket(int,int,cn.nukkit.network.protocol.LevelEventPacket)
  location: class cn.nukkit.level.Level
[ERROR] /workspaces/CodeCureAgent/code_cure_agent/cca_workspace_5/Nukkit/src/main/java/cn/nukkit/Player.java:[2468,44] cannot find symbol
  symbol:   method addChunkPacket(int,int,cn.nukkit.network.protocol.LevelEventPacket)
  location: class cn.nukkit.level.Level
[ERROR] /workspaces/CodeCureAgent/code_cure_agent/cca_workspace_5/Nukkit/src/main/java/cn/nukkit/Player.java:[2548,51] cannot find symbol
  symbol:   method getBlock(cn.nukkit.math.Vector3)
  location: variable level of type cn.nukkit.level.Level
[ERROR] /workspaces/CodeCureAgent/code_cure_agent/cca_workspace_5/Nukkit/src/main/java/cn/nukkit/Player.java:[2549,43] cannot find symbol
  symbol:   method addParticle(cn.nukkit.level.particle.PunchBlockParticle)
  location: variable level of type cn.nukkit.level.Level
[INFO] 100 errors 
[INFO] -------------------------------------------------------------
[INFO] ------------------------------------------------------------------------
[INFO] BUILD FAILURE
[INFO] ------------------------------------------------------------------------
[INFO] Total time:  13.685 s
[INFO] Finished at: 2026-01-30T10:41:23Z
[INFO] ------------------------------------------------------------------------
[ERROR] Failed to execute goal org.apache.maven.plugins:maven-compiler-plugin:3.1:compile (default-compile) on project nukkit: Compilation failure: Compilation failure: 
[ERROR] /workspaces/CodeCureAgent/code_cure_agent/cca_workspace_5/Nukkit/src/main/java/cn/nukkit/level/Position.java:[81,69] cannot find symbol
[ERROR]   symbol:   method getName()
[ERROR]   location: class cn.nukkit.level.Level
[ERROR] /workspaces/CodeCureAgent/code_cure_agent/cca_workspace_5/Nukkit/src/main/java/cn/nukkit/level/Position.java:[93,46] cannot find symbol
[ERROR]   symbol:   method getBlock(cn.nukkit.level.Position)
[ERROR]   location: variable level of type cn.nukkit.level.Level
[ERROR] /workspaces/CodeCureAgent/code_cure_agent/cca_workspace_5/Nukkit/src/main/java/cn/nukkit/block/Block.java:[394,31] cannot find symbol
[ERROR]   symbol:   method setBlock(cn.nukkit.block.Block,cn.nukkit.block.Block,boolean,boolean)
[ERROR]   location: class cn.nukkit.level.Level
[ERROR] /workspaces/CodeCureAgent/code_cure_agent/cca_workspace_5/Nukkit/src/main/java/cn/nukkit/block/Block.java:[411,31] cannot find symbol
[ERROR]   symbol:   method setBlock(cn.nukkit.block.Block,cn.nukkit.block.Block,boolean,boolean)
[ERROR]   location: class cn.nukkit.level.Level
[ERROR] /workspaces/CodeCureAgent/code_cure_agent/cca_workspace_5/Nukkit/src/main/java/cn/nukkit/block/Block.java:[706,35] cannot find symbol
[ERROR]   symbol:   method getBlock(int,int,int)
[ERROR]   location: class cn.nukkit.level.Level
[ERROR] /workspaces/CodeCureAgent/code_cure_agent/cca_workspace_5/Nukkit/src/main/java/cn/nukkit/block/Block.java:[714,39] cannot find symbol
[ERROR]   symbol:   method getBlock(int,int,int)
[ERROR]   location: class cn.nukkit.level.Level
[ERROR] /workspaces/CodeCureAgent/code_cure_agent/cca_workspace_5/Nukkit/src/main/java/cn/nukkit/block/Block.java:[716,39] cannot find symbol
[ERROR]   symbol:   method getBlock(int,int,int)
[ERROR]   location: class cn.nukkit.level.Level
[ERROR] /workspaces/CodeCureAgent/code_cure_agent/cca_workspace_5/Nukkit/src/main/java/cn/nukkit/block/Block.java:[928,28] cannot find symbol
[ERROR]   symbol:   method getBlockMetadata()
[ERROR]   location: class cn.nukkit.level.Level
[ERROR] /workspaces/CodeCureAgent/code_cure_agent/cca_workspace_5/Nukkit/src/main/java/cn/nukkit/block/Block.java:[935,35] cannot find symbol
[ERROR]   symbol:   method getBlockMetadata()
[ERROR]   location: class cn.nukkit.level.Level
[ERROR] /workspaces/CodeCureAgent/code_cure_agent/cca_workspace_5/Nukkit/src/main/java/cn/nukkit/block/Block.java:[943,58] cannot find symbol
[ERROR]   symbol:   method getBlockMetadata()
[ERROR]   location: class cn.nukkit.level.Level
[ERROR] /workspaces/CodeCureAgent/code_cure_agent/cca_workspace_5/Nukkit/src/main/java/cn/nukkit/block/Block.java:[949,28] cannot find symbol
[ERROR]   symbol:   method getBlockMetadata()
[ERROR]   location: class cn.nukkit.level.Level
[ERROR] /workspaces/CodeCureAgent/code_cure_agent/cca_workspace_5/Nukkit/src/main/java/cn/nukkit/block/BlockTerracottaGlazed.java:[46,31] cannot find symbol
[ERROR]   symbol:   method setBlock(cn.nukkit.block.Block,cn.nukkit.block.BlockTerracottaGlazed,boolean,boolean)
[ERROR]   location: class cn.nukkit.level.Level
[ERROR] /workspaces/CodeCureAgent/code_cure_agent/cca_workspace_5/Nukkit/src/main/java/cn/nukkit/level/Location.java:[78,70] cannot find symbol
[ERROR]   symbol:   method getName()
[ERROR]   location: class cn.nukkit.level.Level
[ERROR] /workspaces/CodeCureAgent/code_cure_agent/cca_workspace_5/Nukkit/src/main/java/cn/nukkit/entity/Entity.java:[480,53] cannot find symbol
[ERROR]   symbol:   method getServer()
[ERROR]   location: class cn.nukkit.level.Level
[ERROR] /workspaces/CodeCureAgent/code_cure_agent/cca_workspace_5/Nukkit/src/main/java/cn/nukkit/entity/Entity.java:[536,19] cannot find symbol
[ERROR]   symbol:   method addEntity(cn.nukkit.entity.Entity)
[ERROR]   location: variable level of type cn.nukkit.level.Level
[ERROR] /workspaces/CodeCureAgent/code_cure_agent/cca_workspace_5/Nukkit/src/main/java/cn/nukkit/entity/Entity.java:[975,124] cannot find symbol
[ERROR]   symbol:   method chunkHash(int,int)
[ERROR]   location: class cn.nukkit.level.Level
[ERROR] /workspaces/CodeCureAgent/code_cure_agent/cca_workspace_5/Nukkit/src/main/java/cn/nukkit/entity/Entity.java:[1163,23] cannot find symbol
[ERROR]   symbol:   method getCollisionCubes(cn.nukkit.entity.Entity,cn.nukkit.math.AxisAlignedBB,boolean)
[ERROR]   location: variable level of type cn.nukkit.level.Level
[ERROR] /workspaces/CodeCureAgent/code_cure_agent/cca_workspace_5/Nukkit/src/main/java/cn/nukkit/entity/Entity.java:[1349,59] method getChunk in interface cn.nukkit.level.ChunkManager cannot be applied to given types;
[ERROR]   required: int,int
[ERROR]   found: int,int,boolean
[ERROR]   reason: actual and formal argument lists differ in length
[ERROR] /workspaces/CodeCureAgent/code_cure_agent/cca_workspace_5/Nukkit/src/main/java/cn/nukkit/entity/Entity.java:[1351,45] cannot find symbol
[ERROR]   symbol:   method generateChunk(int,int,boolean)
[ERROR]   location: variable level of type cn.nukkit.level.Level
[ERROR] /workspaces/CodeCureAgent/code_cure_agent/cca_workspace_5/Nukkit/src/main/java/cn/nukkit/entity/Entity.java:[1404,19] cannot find symbol
[ERROR]   symbol:   method addEntityMovement(cn.nukkit.entity.Entity,double,double,double,double,double,double)
[ERROR]   location: variable level of type cn.nukkit.level.Level
[ERROR] /workspaces/CodeCureAgent/code_cure_agent/cca_workspace_5/Nukkit/src/main/java/cn/nukkit/entity/Entity.java:[1645,40] cannot find symbol
[ERROR]   symbol:   method getGameRules()
[ERROR]   location: variable level of type cn.nukkit.level.Level
[ERROR] /workspaces/CodeCureAgent/code_cure_agent/cca_workspace_5/Nukkit/src/main/java/cn/nukkit/entity/Entity.java:[1651,36] cannot find symbol
[ERROR]   symbol:   method getBlock(cn.nukkit.math.Vector3)
[ERROR]   location: variable level of type cn.nukkit.level.Level
[ERROR] /workspaces/CodeCureAgent/code_cure_agent/cca_workspace_5/Nukkit/src/main/java/cn/nukkit/entity/Entity.java:[1666,27] cannot find symbol
[ERROR]   symbol:   method setBlock(cn.nukkit.block.Block,cn.nukkit.block.Block,boolean,boolean)
[ERROR]   location: variable level of type cn.nukkit.level.Level
[ERROR] /workspaces/CodeCureAgent/code_cure_agent/cca_workspace_5/Nukkit/src/main/java/cn/nukkit/entity/Entity.java:[1755,23] cannot find symbol
[ERROR]   symbol:   method removeEntity(cn.nukkit.entity.Entity)
[ERROR]   location: variable level of type cn.nukkit.level.Level
[ERROR] /workspaces/CodeCureAgent/code_cure_agent/cca_workspace_5/Nukkit/src/main/java/cn/nukkit/entity/Entity.java:[1763,19] cannot find symbol
[ERROR]   symbol:   method addEntity(cn.nukkit.entity.Entity)
[ERROR]   location: variable level of type cn.nukkit.level.Level
[ERROR] /workspaces/CodeCureAgent/code_cure_agent/cca_workspace_5/Nukkit/src/main/java/cn/nukkit/entity/Entity.java:[1779,33] cannot find symbol
[ERROR]   symbol:   method getBlock(cn.nukkit.math.Vector3)
[ERROR]   location: variable level of type cn.nukkit.level.Level
[ERROR] /workspaces/CodeCureAgent/code_cure_agent/cca_workspace_5/Nukkit/src/main/java/cn/nukkit/entity/Entity.java:[1791,33] cannot find symbol
[ERROR]   symbol:   method getBlock(cn.nukkit.math.Vector3)
[ERROR]   location: variable level of type cn.nukkit.level.Level
[ERROR] /workspaces/CodeCureAgent/code_cure_agent/cca_workspace_5/Nukkit/src/main/java/cn/nukkit/entity/Entity.java:[1829,51] cannot find symbol
[ERROR]   symbol:   method hasCollision(cn.nukkit.entity.Entity,cn.nukkit.math.AxisAlignedBB,boolean)
[ERROR]   location: variable level of type cn.nukkit.level.Level
[ERROR] /workspaces/CodeCureAgent/code_cure_agent/cca_workspace_5/Nukkit/src/main/java/cn/nukkit/entity/Entity.java:[1843,39] cannot find symbol
[ERROR]   symbol:   method getCollisionBlocks(cn.nukkit.math.AxisAlignedBB)
[ERROR]   location: variable level of type cn.nukkit.level.Level
[ERROR] /workspaces/CodeCureAgent/code_cure_agent/cca_workspace_5/Nukkit/src/main/java/cn/nukkit/entity/Entity.java:[1873,46] cannot find symbol
[ERROR]   symbol:   method getCollisionCubes(cn.nukkit.entity.Entity,cn.nukkit.math.AxisAlignedBB,boolean)
[ERROR]   location: variable level of type cn.nukkit.level.Level
[ERROR] /workspaces/CodeCureAgent/code_cure_agent/cca_workspace_5/Nukkit/src/main/java/cn/nukkit/entity/Entity.java:[1907,34] cannot find symbol
[ERROR]   symbol:   method getCollisionCubes(cn.nukkit.entity.Entity,cn.nukkit.math.AxisAlignedBB,boolean)
[ERROR]   location: variable level of type cn.nukkit.level.Level
[ERROR] /workspaces/CodeCureAgent/code_cure_agent/cca_workspace_5/Nukkit/src/main/java/cn/nukkit/entity/Entity.java:[1988,49] cannot find symbol
[ERROR]   symbol:   method getBlock(cn.nukkit.math.Vector3)
[ERROR]   location: variable level of type cn.nukkit.level.Level
[ERROR] /workspaces/CodeCureAgent/code_cure_agent/cca_workspace_5/Nukkit/src/main/java/cn/nukkit/entity/Entity.java:[2088,36] method getChunk in interface cn.nukkit.level.ChunkManager cannot be applied to given types;
[ERROR]   required: int,int
[ERROR]   found: int,int,boolean
[ERROR]   reason: actual and formal argument lists differ in length
[ERROR] /workspaces/CodeCureAgent/code_cure_agent/cca_workspace_5/Nukkit/src/main/java/cn/nukkit/entity/Entity.java:[2091,59] cannot find symbol
[ERROR]   symbol:   method getChunkPlayers(int,int)
[ERROR]   location: variable level of type cn.nukkit.level.Level
[ERROR] /workspaces/CodeCureAgent/code_cure_agent/cca_workspace_5/Nukkit/src/main/java/cn/nukkit/entity/Entity.java:[2239,40] cannot find symbol
[ERROR]   symbol:   method getChunkPlayers(int,int)
[ERROR]   location: variable level of type cn.nukkit.level.Level
[ERROR] /workspaces/CodeCureAgent/code_cure_agent/cca_workspace_5/Nukkit/src/main/java/cn/nukkit/entity/Entity.java:[2262,27] cannot find symbol
[ERROR]   symbol:   method removeEntity(cn.nukkit.entity.Entity)
[ERROR]   location: variable level of type cn.nukkit.level.Level
[ERROR] /workspaces/CodeCureAgent/code_cure_agent/cca_workspace_5/Nukkit/src/main/java/cn/nukkit/entity/EntityLiving.java:[128,36] cannot find symbol
[ERROR]   symbol:   method addChunkPacket(int,int,cn.nukkit.network.protocol.AnimatePacket)
[ERROR]   location: class cn.nukkit.level.Level
[ERROR] /workspaces/CodeCureAgent/code_cure_agent/cca_workspace_5/Nukkit/src/main/java/cn/nukkit/entity/EntityLiving.java:[129,36] cannot find symbol
[ERROR]   symbol:   method addLevelSoundEvent(cn.nukkit.entity.EntityLiving,int)
[ERROR]   location: class cn.nukkit.level.Level
[ERROR] /workspaces/CodeCureAgent/code_cure_agent/cca_workspace_5/Nukkit/src/main/java/cn/nukkit/entity/EntityLiving.java:[193,23] cannot find symbol
[ERROR]   symbol:   method getGameRules()
[ERROR]   location: variable level of type cn.nukkit.level.Level
[ERROR] /workspaces/CodeCureAgent/code_cure_agent/cca_workspace_5/Nukkit/src/main/java/cn/nukkit/entity/EntityLiving.java:[195,32] cannot find symbol
[ERROR]   symbol:   method dropItem(cn.nukkit.entity.EntityLiving,cn.nukkit.item.Item)
[ERROR]   location: class cn.nukkit.level.Level
[ERROR] /workspaces/CodeCureAgent/code_cure_agent/cca_workspace_5/Nukkit/src/main/java/cn/nukkit/entity/EntityLiving.java:[281,39] no suitable method found for getNearbyEntities(cn.nukkit.math.AxisAlignedBB,cn.nukkit.entity.EntityLiving)
[ERROR]     method cn.nukkit.level.Level.getNearbyEntities(cn.nukkit.math.AxisAlignedBB,cn.nukkit.entity.Entity,boolean) is not applicable
[ERROR]       (actual and formal argument lists differ in length)
[ERROR]     method cn.nukkit.level.Level.getNearbyEntities(cn.nukkit.math.AxisAlignedBB,cn.nukkit.entity.Entity,boolean,int) is not applicable
[ERROR]       (actual and formal argument lists differ in length)
[ERROR] /workspaces/CodeCureAgent/code_cure_agent/cca_workspace_5/Nukkit/src/main/java/cn/nukkit/entity/EntityLiving.java:[289,33] cannot find symbol
[ERROR]   symbol:   method getBlock(int,int,int)
[ERROR]   location: variable level of type cn.nukkit.level.Level
[ERROR] /workspaces/CodeCureAgent/code_cure_agent/cca_workspace_5/Nukkit/src/main/java/cn/nukkit/entity/EntityHuman.java:[275,19] cannot find symbol
[ERROR]   symbol:   method addPlayerMovement(cn.nukkit.entity.EntityHuman,double,double,double,double,double,double)
[ERROR]   location: variable level of type cn.nukkit.level.Level
[ERROR] /workspaces/CodeCureAgent/code_cure_agent/cca_workspace_5/Nukkit/src/main/java/cn/nukkit/Player.java:[613,30] cannot find symbol
[ERROR]   symbol:   method generateChunkLoaderId(cn.nukkit.Player)
[ERROR]   location: class cn.nukkit.level.Level
[ERROR] /workspaces/CodeCureAgent/code_cure_agent/cca_workspace_5/Nukkit/src/main/java/cn/nukkit/Player.java:[726,27] cannot find symbol
[ERROR]   symbol:   method chunkHash(int,int)
[ERROR]   location: class cn.nukkit.level.Level
[ERROR] /workspaces/CodeCureAgent/code_cure_agent/cca_workspace_5/Nukkit/src/main/java/cn/nukkit/Player.java:[728,39] cannot find symbol
[ERROR]   symbol:   method getChunkEntities(int,int)
[ERROR]   location: variable level of type cn.nukkit.level.Level
[ERROR] /workspaces/CodeCureAgent/code_cure_agent/cca_workspace_5/Nukkit/src/main/java/cn/nukkit/Player.java:[736,14] cannot find symbol
[ERROR]   symbol:   method unregisterChunkLoader(cn.nukkit.Player,int,int)
[ERROR]   location: variable level of type cn.nukkit.level.Level
[ERROR] /workspaces/CodeCureAgent/code_cure_agent/cca_workspace_5/Nukkit/src/main/java/cn/nukkit/Player.java:[744,49] cannot find symbol
[ERROR]   symbol:   method getSafeSpawn()
[ERROR]   location: class cn.nukkit.level.Level
[ERROR] /workspaces/CodeCureAgent/code_cure_agent/cca_workspace_5/Nukkit/src/main/java/cn/nukkit/Player.java:[753,34] cannot find symbol
[ERROR]   symbol:   method chunkHash(int,int)
[ERROR]   location: class cn.nukkit.level.Level
[ERROR] /workspaces/CodeCureAgent/code_cure_agent/cca_workspace_5/Nukkit/src/main/java/cn/nukkit/Player.java:[759,44] cannot find symbol
[ERROR]   symbol:   method getChunkEntities(int,int)
[ERROR]   location: variable level of type cn.nukkit.level.Level
[ERROR] /workspaces/CodeCureAgent/code_cure_agent/cca_workspace_5/Nukkit/src/main/java/cn/nukkit/Player.java:[772,34] cannot find symbol
[ERROR]   symbol:   method chunkHash(int,int)
[ERROR]   location: class cn.nukkit.level.Level
[ERROR] /workspaces/CodeCureAgent/code_cure_agent/cca_workspace_5/Nukkit/src/main/java/cn/nukkit/Player.java:[784,44] cannot find symbol
[ERROR]   symbol:   method getChunkEntities(int,int)
[ERROR]   location: variable level of type cn.nukkit.level.Level
[ERROR] /workspaces/CodeCureAgent/code_cure_agent/cca_workspace_5/Nukkit/src/main/java/cn/nukkit/Player.java:[809,35] cannot find symbol
[ERROR]   symbol:   method getHashX(long)
[ERROR]   location: class cn.nukkit.level.Level
[ERROR] /workspaces/CodeCureAgent/code_cure_agent/cca_workspace_5/Nukkit/src/main/java/cn/nukkit/Player.java:[810,35] cannot find symbol
[ERROR]   symbol:   method getHashZ(long)
[ERROR]   location: class cn.nukkit.level.Level
[ERROR] /workspaces/CodeCureAgent/code_cure_agent/cca_workspace_5/Nukkit/src/main/java/cn/nukkit/Player.java:[815,27] cannot find symbol
[ERROR]   symbol:   method registerChunkLoader(cn.nukkit.Player,int,int,boolean)
[ERROR]   location: variable level of type cn.nukkit.level.Level
[ERROR] /workspaces/CodeCureAgent/code_cure_agent/cca_workspace_5/Nukkit/src/main/java/cn/nukkit/Player.java:[817,32] cannot find symbol
[ERROR]   symbol:   method populateChunk(int,int)
[ERROR]   location: variable level of type cn.nukkit.level.Level
[ERROR] /workspaces/CodeCureAgent/code_cure_agent/cca_workspace_5/Nukkit/src/main/java/cn/nukkit/Player.java:[830,31] cannot find symbol
[ERROR]   symbol:   method requestChunk(int,int,cn.nukkit.Player)
[ERROR]   location: variable level of type cn.nukkit.level.Level
[ERROR] /workspaces/CodeCureAgent/code_cure_agent/cca_workspace_5/Nukkit/src/main/java/cn/nukkit/Player.java:[855,40] cannot find symbol
[ERROR]   symbol:   method getTime()
[ERROR]   location: variable level of type cn.nukkit.level.Level
[ERROR] /workspaces/CodeCureAgent/code_cure_agent/cca_workspace_5/Nukkit/src/main/java/cn/nukkit/Player.java:[858,34] cannot find symbol
[ERROR]   symbol:   method getSafeSpawn(cn.nukkit.Player)
[ERROR]   location: variable level of type cn.nukkit.level.Level
[ERROR] /workspaces/CodeCureAgent/code_cure_agent/cca_workspace_5/Nukkit/src/main/java/cn/nukkit/Player.java:[887,31] cannot find symbol
[ERROR]   symbol:   method getHashX(long)
[ERROR]   location: class cn.nukkit.level.Level
[ERROR] /workspaces/CodeCureAgent/code_cure_agent/cca_workspace_5/Nukkit/src/main/java/cn/nukkit/Player.java:[888,31] cannot find symbol
[ERROR]   symbol:   method getHashZ(long)
[ERROR]   location: class cn.nukkit.level.Level
[ERROR] /workspaces/CodeCureAgent/code_cure_agent/cca_workspace_5/Nukkit/src/main/java/cn/nukkit/Player.java:[889,44] cannot find symbol
[ERROR]   symbol:   method getChunkEntities(int,int)
[ERROR]   location: variable level of type cn.nukkit.level.Level
[ERROR] /workspaces/CodeCureAgent/code_cure_agent/cca_workspace_5/Nukkit/src/main/java/cn/nukkit/Player.java:[915,24] cannot find symbol
[ERROR]   symbol:   method sendWeather(cn.nukkit.Player)
[ERROR]   location: class cn.nukkit.level.Level
[ERROR] /workspaces/CodeCureAgent/code_cure_agent/cca_workspace_5/Nukkit/src/main/java/cn/nukkit/Player.java:[957,53] cannot find symbol
[ERROR]   symbol:   method chunkHash(int,int)
[ERROR]   location: class cn.nukkit.level.Level
[ERROR] /workspaces/CodeCureAgent/code_cure_agent/cca_workspace_5/Nukkit/src/main/java/cn/nukkit/Player.java:[962,53] cannot find symbol
[ERROR]   symbol:   method chunkHash(int,int)
[ERROR]   location: class cn.nukkit.level.Level
[ERROR] /workspaces/CodeCureAgent/code_cure_agent/cca_workspace_5/Nukkit/src/main/java/cn/nukkit/Player.java:[967,53] cannot find symbol
[ERROR]   symbol:   method chunkHash(int,int)
[ERROR]   location: class cn.nukkit.level.Level
[ERROR] /workspaces/CodeCureAgent/code_cure_agent/cca_workspace_5/Nukkit/src/main/java/cn/nukkit/Player.java:[972,53] cannot find symbol
[ERROR]   symbol:   method chunkHash(int,int)
[ERROR]   location: class cn.nukkit.level.Level
[ERROR] /workspaces/CodeCureAgent/code_cure_agent/cca_workspace_5/Nukkit/src/main/java/cn/nukkit/Player.java:[978,57] cannot find symbol
[ERROR]   symbol:   method chunkHash(int,int)
[ERROR]   location: class cn.nukkit.level.Level
[ERROR] /workspaces/CodeCureAgent/code_cure_agent/cca_workspace_5/Nukkit/src/main/java/cn/nukkit/Player.java:[983,57] cannot find symbol
[ERROR]   symbol:   method chunkHash(int,int)
[ERROR]   location: class cn.nukkit.level.Level
[ERROR] /workspaces/CodeCureAgent/code_cure_agent/cca_workspace_5/Nukkit/src/main/java/cn/nukkit/Player.java:[988,57] cannot find symbol
[ERROR]   symbol:   method chunkHash(int,int)
[ERROR]   location: class cn.nukkit.level.Level
[ERROR] /workspaces/CodeCureAgent/code_cure_agent/cca_workspace_5/Nukkit/src/main/java/cn/nukkit/Player.java:[993,57] cannot find symbol
[ERROR]   symbol:   method chunkHash(int,int)
[ERROR]   location: class cn.nukkit.level.Level
[ERROR] /workspaces/CodeCureAgent/code_cure_agent/cca_workspace_5/Nukkit/src/main/java/cn/nukkit/Player.java:[1004,35] cannot find symbol
[ERROR]   symbol:   method getHashX(long)
[ERROR]   location: class cn.nukkit.level.Level
[ERROR] /workspaces/CodeCureAgent/code_cure_agent/cca_workspace_5/Nukkit/src/main/java/cn/nukkit/Player.java:[1004,58] cannot find symbol
[ERROR]   symbol:   method getHashZ(long)
[ERROR]   location: class cn.nukkit.level.Level
[ERROR] /workspaces/CodeCureAgent/code_cure_agent/cca_workspace_5/Nukkit/src/main/java/cn/nukkit/Player.java:[1109,35] no suitable method found for getNearbyEntities(cn.nukkit.math.AxisAlignedBB,cn.nukkit.Player)
[ERROR]     method cn.nukkit.level.Level.getNearbyEntities(cn.nukkit.math.AxisAlignedBB,cn.nukkit.entity.Entity,boolean) is not applicable
[ERROR]       (actual and formal argument lists differ in length)
[ERROR]     method cn.nukkit.level.Level.getNearbyEntities(cn.nukkit.math.AxisAlignedBB,cn.nukkit.entity.Entity,boolean,int) is not applicable
[ERROR]       (actual and formal argument lists differ in length)
[ERROR] /workspaces/CodeCureAgent/code_cure_agent/cca_workspace_5/Nukkit/src/main/java/cn/nukkit/Player.java:[1118,95] cannot find symbol
[ERROR]   symbol:   method getBlock(cn.nukkit.math.Vector3)
[ERROR]   location: variable level of type cn.nukkit.level.Level
[ERROR] /workspaces/CodeCureAgent/code_cure_agent/cca_workspace_5/Nukkit/src/main/java/cn/nukkit/Player.java:[1154,94] cannot find symbol
[ERROR]   symbol:   method getBlock(cn.nukkit.math.Vector3)
[ERROR]   location: variable level of type cn.nukkit.level.Level
[ERROR] /workspaces/CodeCureAgent/code_cure_agent/cca_workspace_5/Nukkit/src/main/java/cn/nukkit/Player.java:[1362,49] cannot find symbol
[ERROR]   symbol:   method getBlock(cn.nukkit.math.Vector3)
[ERROR]   location: variable level of type cn.nukkit.level.Level
[ERROR] /workspaces/CodeCureAgent/code_cure_agent/cca_workspace_5/Nukkit/src/main/java/cn/nukkit/Player.java:[1403,40] no suitable method found for getNearbyEntities(cn.nukkit.math.AxisAlignedBB,cn.nukkit.Player)
[ERROR]     method cn.nukkit.level.Level.getNearbyEntities(cn.nukkit.math.AxisAlignedBB,cn.nukkit.entity.Entity,boolean) is not applicable
[ERROR]       (actual and formal argument lists differ in length)
[ERROR]     method cn.nukkit.level.Level.getNearbyEntities(cn.nukkit.math.AxisAlignedBB,cn.nukkit.entity.Entity,boolean,int) is not applicable
[ERROR]       (actual and formal argument lists differ in length)
[ERROR] /workspaces/CodeCureAgent/code_cure_agent/cca_workspace_5/Nukkit/src/main/java/cn/nukkit/Player.java:[1425,49] method getChunk in interface cn.nukkit.level.ChunkManager cannot be applied to given types;
[ERROR]   required: int,int
[ERROR]   found: int,int,boolean
[ERROR]   reason: actual and formal argument lists differ in length
[ERROR] /workspaces/CodeCureAgent/code_cure_agent/cca_workspace_5/Nukkit/src/main/java/cn/nukkit/Player.java:[1672,68] cannot find symbol
[ERROR]   symbol:   method getGameRules()
[ERROR]   location: variable level of type cn.nukkit.level.Level
[ERROR] /workspaces/CodeCureAgent/code_cure_agent/cca_workspace_5/Nukkit/src/main/java/cn/nukkit/Player.java:[1687,43] cannot find symbol
[ERROR]   symbol:   method isRaining()
[ERROR]   location: class cn.nukkit.level.Level
[ERROR] /workspaces/CodeCureAgent/code_cure_agent/cca_workspace_5/Nukkit/src/main/java/cn/nukkit/Player.java:[1688,40] cannot find symbol
[ERROR]   symbol:   method canBlockSeeSky(cn.nukkit.Player)
[ERROR]   location: class cn.nukkit.level.Level
[ERROR] /workspaces/CodeCureAgent/code_cure_agent/cca_workspace_5/Nukkit/src/main/java/cn/nukkit/Player.java:[1706,42] cannot find symbol
[ERROR]   symbol:   method getBlock(cn.nukkit.Player)
[ERROR]   location: variable level of type cn.nukkit.level.Level
[ERROR] /workspaces/CodeCureAgent/code_cure_agent/cca_workspace_5/Nukkit/src/main/java/cn/nukkit/Player.java:[1777,44] no suitable method found for getNearbyEntities(cn.nukkit.math.AxisAlignedBB,cn.nukkit.Player)
[ERROR]     method cn.nukkit.level.Level.getNearbyEntities(cn.nukkit.math.AxisAlignedBB,cn.nukkit.entity.Entity,boolean) is not applicable
[ERROR]       (actual and formal argument lists differ in length)
[ERROR]     method cn.nukkit.level.Level.getNearbyEntities(cn.nukkit.math.AxisAlignedBB,cn.nukkit.entity.Entity,boolean,int) is not applicable
[ERROR]       (actual and formal argument lists differ in length)
[ERROR] /workspaces/CodeCureAgent/code_cure_agent/cca_workspace_5/Nukkit/src/main/java/cn/nukkit/Player.java:[1937,46] cannot find symbol
[ERROR]   symbol:   method getName()
[ERROR]   location: variable level of type cn.nukkit.level.Level
[ERROR] /workspaces/CodeCureAgent/code_cure_agent/cca_workspace_5/Nukkit/src/main/java/cn/nukkit/Player.java:[1941,55] cannot find symbol
[ERROR]   symbol:   method getSpawnLocation()
[ERROR]   location: variable level of type cn.nukkit.level.Level
[ERROR] /workspaces/CodeCureAgent/code_cure_agent/cca_workspace_5/Nukkit/src/main/java/cn/nukkit/Player.java:[1940,55] cannot find symbol
[ERROR]   symbol:   method getSpawnLocation()
[ERROR]   location: variable level of type cn.nukkit.level.Level
[ERROR] /workspaces/CodeCureAgent/code_cure_agent/cca_workspace_5/Nukkit/src/main/java/cn/nukkit/Player.java:[1939,55] cannot find symbol
[ERROR]   symbol:   method getSpawnLocation()
[ERROR]   location: variable level of type cn.nukkit.level.Level
[ERROR] /workspaces/CodeCureAgent/code_cure_agent/cca_workspace_5/Nukkit/src/main/java/cn/nukkit/Player.java:[1971,30] method getChunk in interface cn.nukkit.level.ChunkManager cannot be applied to given types;
[ERROR]   required: int,int
[ERROR]   found: int,int,boolean
[ERROR]   reason: actual and formal argument lists differ in length
[ERROR] /workspaces/CodeCureAgent/code_cure_agent/cca_workspace_5/Nukkit/src/main/java/cn/nukkit/Player.java:[2005,44] cannot find symbol
[ERROR]   symbol:   method getSafeSpawn()
[ERROR]   location: variable level of type cn.nukkit.level.Level
[ERROR] /workspaces/CodeCureAgent/code_cure_agent/cca_workspace_5/Nukkit/src/main/java/cn/nukkit/Player.java:[2031,47] cannot find symbol
[ERROR]   symbol:   method getGameRules()
[ERROR]   location: class cn.nukkit.level.Level
[ERROR] /workspaces/CodeCureAgent/code_cure_agent/cca_workspace_5/Nukkit/src/main/java/cn/nukkit/Player.java:[2043,19] cannot find symbol
[ERROR]   symbol:   method sendTime(cn.nukkit.Player)
[ERROR]   location: variable level of type cn.nukkit.level.Level
[ERROR] /workspaces/CodeCureAgent/code_cure_agent/cca_workspace_5/Nukkit/src/main/java/cn/nukkit/Player.java:[2055,27] cannot find symbol
[ERROR]   symbol:   method getName()
[ERROR]   location: variable level of type cn.nukkit.level.Level
[ERROR] /workspaces/CodeCureAgent/code_cure_agent/cca_workspace_5/Nukkit/src/main/java/cn/nukkit/Player.java:[2419,54] cannot find symbol
[ERROR]   symbol:   method getBlock(cn.nukkit.math.Vector3)
[ERROR]   location: variable level of type cn.nukkit.level.Level
[ERROR] /workspaces/CodeCureAgent/code_cure_agent/cca_workspace_5/Nukkit/src/main/java/cn/nukkit/Player.java:[2436,43] cannot find symbol
[ERROR]   symbol:   method setBlock(cn.nukkit.block.Block,cn.nukkit.block.Block,boolean)
[ERROR]   location: variable level of type cn.nukkit.level.Level
[ERROR] /workspaces/CodeCureAgent/code_cure_agent/cca_workspace_5/Nukkit/src/main/java/cn/nukkit/Player.java:[2437,43] cannot find symbol
[ERROR]   symbol:   method addLevelSoundEvent(cn.nukkit.block.Block,int)
[ERROR]   location: variable level of type cn.nukkit.level.Level
[ERROR] /workspaces/CodeCureAgent/code_cure_agent/cca_workspace_5/Nukkit/src/main/java/cn/nukkit/Player.java:[2451,52] cannot find symbol
[ERROR]   symbol:   method addChunkPacket(int,int,cn.nukkit.network.protocol.LevelEventPacket)
[ERROR]   location: class cn.nukkit.level.Level
[ERROR] /workspaces/CodeCureAgent/code_cure_agent/cca_workspace_5/Nukkit/src/main/java/cn/nukkit/Player.java:[2468,44] cannot find symbol
[ERROR]   symbol:   method addChunkPacket(int,int,cn.nukkit.network.protocol.LevelEventPacket)
[ERROR]   location: class cn.nukkit.level.Level
[ERROR] /workspaces/CodeCureAgent/code_cure_agent/cca_workspace_5/Nukkit/src/main/java/cn/nukkit/Player.java:[2548,51] cannot find symbol
[ERROR]   symbol:   method getBlock(cn.nukkit.math.Vector3)
[ERROR]   location: variable level of type cn.nukkit.level.Level
[ERROR] /workspaces/CodeCureAgent/code_cure_agent/cca_workspace_5/Nukkit/src/main/java/cn/nukkit/Player.java:[2549,43] cannot find symbol
[ERROR]   symbol:   method addParticle(cn.nukkit.level.particle.PunchBlockParticle)
[ERROR]   location: variable level of type cn.nukkit.level.Level
[ERROR] -> [Help 1]
[ERROR] 
[ERROR] To see the full stack trace of the errors, re-run Maven with the -e switch.
[ERROR] Re-run Maven using the -X switch to enable full debug logging.
[ERROR] 
[ERROR] For more information about the errors and possible solutions, please read the following articles:
[ERROR] [Help 1] http://cwiki.apache.org/confluence/display/MAVEN/MojoFailureException
