[INFO] Scanning for projects...
[INFO] ------------------------------------------------------------------------
[INFO] Reactor Build Order:
[INFO] 
[INFO] Vitro                                                              [pom]
[INFO] Vitro Dependencies                                                 [pom]
[INFO] Vitro API                                                          [jar]
[INFO] Vitro Web App                                                      [war]
[INFO] Vitro Home                                                         [pom]
[INFO] Vitro Installer                                                    [pom]
[INFO] Vitro Install Home                                                 [pom]
[INFO] Vitro Install Web App                                              [war]
[INFO] 
[INFO] ---------------------< org.vivoweb:vitro-project >----------------------
[INFO] Building Vitro 1.11.2-SNAPSHOT                                     [1/8]
[INFO] --------------------------------[ pom ]---------------------------------
[INFO] 
[INFO] --- maven-clean-plugin:3.0.0:clean (default-clean) @ vitro-project ---
[INFO] 
[INFO] --- buildnumber-maven-plugin:1.4:create (default) @ vitro-project ---
[INFO] ShortRevision tag detected. The value is '7'.
[INFO] Executing: /bin/sh -c cd '/workspaces/master-thesis-pascal-joos/code_cure_agent/cca_workspace/Vitro' && 'git' 'rev-parse' '--verify' '--short=7' 'HEAD'
[INFO] Working directory: /workspaces/master-thesis-pascal-joos/code_cure_agent/cca_workspace/Vitro
[INFO] Storing buildNumber: 1194134 at timestamp: 1756496567718
[WARNING] Cannot get the branch information from the git repository: 
Detecting the current branch failed: fatal: ref HEAD is not a symbolic ref

[INFO] ShortRevision tag detected. The value is '7'.
[INFO] Executing: /bin/sh -c cd '/workspaces/master-thesis-pascal-joos/code_cure_agent/cca_workspace/Vitro' && 'git' 'rev-parse' '--verify' '--short=7' 'HEAD'
[INFO] Working directory: /workspaces/master-thesis-pascal-joos/code_cure_agent/cca_workspace/Vitro
[INFO] Storing buildScmBranch: UNKNOWN
[INFO] 
[INFO] -------------------< org.vivoweb:vitro-dependencies >-------------------
[INFO] Building Vitro Dependencies 1.11.2-SNAPSHOT                        [2/8]
[INFO] --------------------------------[ pom ]---------------------------------
[INFO] 
[INFO] --- maven-clean-plugin:3.0.0:clean (default-clean) @ vitro-dependencies ---
[INFO] 
[INFO] --- buildnumber-maven-plugin:1.4:create (default) @ vitro-dependencies ---
[INFO] ShortRevision tag detected. The value is '7'.
[INFO] Executing: /bin/sh -c cd '/workspaces/master-thesis-pascal-joos/code_cure_agent/cca_workspace/Vitro/dependencies' && 'git' 'rev-parse' '--verify' '--short=7' 'HEAD'
[INFO] Working directory: /workspaces/master-thesis-pascal-joos/code_cure_agent/cca_workspace/Vitro/dependencies
[INFO] Storing buildNumber: 1194134 at timestamp: 1756496567765
[WARNING] Cannot get the branch information from the git repository: 
Detecting the current branch failed: fatal: ref HEAD is not a symbolic ref

[INFO] ShortRevision tag detected. The value is '7'.
[INFO] Executing: /bin/sh -c cd '/workspaces/master-thesis-pascal-joos/code_cure_agent/cca_workspace/Vitro/dependencies' && 'git' 'rev-parse' '--verify' '--short=7' 'HEAD'
[INFO] Working directory: /workspaces/master-thesis-pascal-joos/code_cure_agent/cca_workspace/Vitro/dependencies
[INFO] Storing buildScmBranch: UNKNOWN
[INFO] 
[INFO] -----------------------< org.vivoweb:vitro-api >------------------------
[INFO] Building Vitro API 1.11.2-SNAPSHOT                                 [3/8]
[INFO] --------------------------------[ jar ]---------------------------------
[INFO] 
[INFO] --- maven-clean-plugin:3.0.0:clean (default-clean) @ vitro-api ---
[INFO] Deleting /workspaces/master-thesis-pascal-joos/code_cure_agent/cca_workspace/Vitro/api/target
[INFO] 
[INFO] --- buildnumber-maven-plugin:1.4:create (default) @ vitro-api ---
[INFO] ShortRevision tag detected. The value is '7'.
[INFO] Executing: /bin/sh -c cd '/workspaces/master-thesis-pascal-joos/code_cure_agent/cca_workspace/Vitro/api' && 'git' 'rev-parse' '--verify' '--short=7' 'HEAD'
[INFO] Working directory: /workspaces/master-thesis-pascal-joos/code_cure_agent/cca_workspace/Vitro/api
[INFO] Storing buildNumber: 1194134 at timestamp: 1756496568113
[WARNING] Cannot get the branch information from the git repository: 
Detecting the current branch failed: fatal: ref HEAD is not a symbolic ref

[INFO] ShortRevision tag detected. The value is '7'.
[INFO] Executing: /bin/sh -c cd '/workspaces/master-thesis-pascal-joos/code_cure_agent/cca_workspace/Vitro/api' && 'git' 'rev-parse' '--verify' '--short=7' 'HEAD'
[INFO] Working directory: /workspaces/master-thesis-pascal-joos/code_cure_agent/cca_workspace/Vitro/api
[INFO] Storing buildScmBranch: UNKNOWN
[INFO] 
[INFO] --- maven-resources-plugin:2.6:resources (default-resources) @ vitro-api ---
[INFO] Using 'UTF-8' encoding to copy filtered resources.
[INFO] Copying 15 resources
[INFO] 
[INFO] --- maven-compiler-plugin:3.8.0:compile (default-compile) @ vitro-api ---
[INFO] Changes detected - recompiling the module!
[INFO] Compiling 1105 source files to /workspaces/master-thesis-pascal-joos/code_cure_agent/cca_workspace/Vitro/api/target/classes
[INFO] -------------------------------------------------------------
[ERROR] COMPILATION ERROR : 
[INFO] -------------------------------------------------------------
[ERROR] /workspaces/master-thesis-pascal-joos/code_cure_agent/cca_workspace/Vitro/api/src/main/java/edu/cornell/mannlib/vitro/webapp/dao/jena/VClassDaoJena.java:[552,12] error: invalid method declaration; return type required
[ERROR] /workspaces/master-thesis-pascal-joos/code_cure_agent/cca_workspace/Vitro/api/src/main/java/edu/cornell/mannlib/vitro/webapp/dao/jena/VClassDaoJena.java:[552,41] error: <identifier> expected
[ERROR] /workspaces/master-thesis-pascal-joos/code_cure_agent/cca_workspace/Vitro/api/src/main/java/edu/cornell/mannlib/vitro/webapp/dao/jena/VClassDaoJena.java:[552,71] error: <identifier> expected
[ERROR] /workspaces/master-thesis-pascal-joos/code_cure_agent/cca_workspace/Vitro/api/src/main/java/edu/cornell/mannlib/vitro/webapp/dao/jena/VClassDaoJena.java:[552,94] error: <identifier> expected
[ERROR] /workspaces/master-thesis-pascal-joos/code_cure_agent/cca_workspace/Vitro/api/src/main/java/edu/cornell/mannlib/vitro/webapp/dao/jena/VClassDaoJena.java:[553,12] error: invalid method declaration; return type required
[ERROR] /workspaces/master-thesis-pascal-joos/code_cure_agent/cca_workspace/Vitro/api/src/main/java/edu/cornell/mannlib/vitro/webapp/dao/jena/VClassDaoJena.java:[553,41] error: <identifier> expected
[ERROR] /workspaces/master-thesis-pascal-joos/code_cure_agent/cca_workspace/Vitro/api/src/main/java/edu/cornell/mannlib/vitro/webapp/dao/jena/VClassDaoJena.java:[553,73] error: <identifier> expected
[ERROR] /workspaces/master-thesis-pascal-joos/code_cure_agent/cca_workspace/Vitro/api/src/main/java/edu/cornell/mannlib/vitro/webapp/dao/jena/VClassDaoJena.java:[553,98] error: <identifier> expected
[ERROR] /workspaces/master-thesis-pascal-joos/code_cure_agent/cca_workspace/Vitro/api/src/main/java/edu/cornell/mannlib/vitro/webapp/dao/jena/VClassDaoJena.java:[554,12] error: invalid method declaration; return type required
[ERROR] /workspaces/master-thesis-pascal-joos/code_cure_agent/cca_workspace/Vitro/api/src/main/java/edu/cornell/mannlib/vitro/webapp/dao/jena/VClassDaoJena.java:[554,41] error: <identifier> expected
[ERROR] /workspaces/master-thesis-pascal-joos/code_cure_agent/cca_workspace/Vitro/api/src/main/java/edu/cornell/mannlib/vitro/webapp/dao/jena/VClassDaoJena.java:[554,71] error: <identifier> expected
[ERROR] /workspaces/master-thesis-pascal-joos/code_cure_agent/cca_workspace/Vitro/api/src/main/java/edu/cornell/mannlib/vitro/webapp/dao/jena/VClassDaoJena.java:[554,94] error: <identifier> expected
[ERROR] /workspaces/master-thesis-pascal-joos/code_cure_agent/cca_workspace/Vitro/api/src/main/java/edu/cornell/mannlib/vitro/webapp/dao/jena/VClassDaoJena.java:[555,12] error: invalid method declaration; return type required
[ERROR] /workspaces/master-thesis-pascal-joos/code_cure_agent/cca_workspace/Vitro/api/src/main/java/edu/cornell/mannlib/vitro/webapp/dao/jena/VClassDaoJena.java:[555,41] error: <identifier> expected
[ERROR] /workspaces/master-thesis-pascal-joos/code_cure_agent/cca_workspace/Vitro/api/src/main/java/edu/cornell/mannlib/vitro/webapp/dao/jena/VClassDaoJena.java:[555,72] error: <identifier> expected
[ERROR] /workspaces/master-thesis-pascal-joos/code_cure_agent/cca_workspace/Vitro/api/src/main/java/edu/cornell/mannlib/vitro/webapp/dao/jena/VClassDaoJena.java:[555,96] error: <identifier> expected
[ERROR] /workspaces/master-thesis-pascal-joos/code_cure_agent/cca_workspace/Vitro/api/src/main/java/edu/cornell/mannlib/vitro/webapp/dao/jena/VClassDaoJena.java:[556,12] error: invalid method declaration; return type required
[ERROR] /workspaces/master-thesis-pascal-joos/code_cure_agent/cca_workspace/Vitro/api/src/main/java/edu/cornell/mannlib/vitro/webapp/dao/jena/VClassDaoJena.java:[556,40] error: <identifier> expected
[ERROR] /workspaces/master-thesis-pascal-joos/code_cure_agent/cca_workspace/Vitro/api/src/main/java/edu/cornell/mannlib/vitro/webapp/dao/jena/VClassDaoJena.java:[556,60] error: <identifier> expected
[ERROR] /workspaces/master-thesis-pascal-joos/code_cure_agent/cca_workspace/Vitro/api/src/main/java/edu/cornell/mannlib/vitro/webapp/dao/jena/VClassDaoJena.java:[556,80] error: <identifier> expected
[ERROR] /workspaces/master-thesis-pascal-joos/code_cure_agent/cca_workspace/Vitro/api/src/main/java/edu/cornell/mannlib/vitro/webapp/dao/jena/VClassDaoJena.java:[557,10] error: class, interface, or enum expected
[ERROR] /workspaces/master-thesis-pascal-joos/code_cure_agent/cca_workspace/Vitro/api/src/main/java/edu/cornell/mannlib/vitro/webapp/dao/jena/VClassDaoJena.java:[559,12] error: class, interface, or enum expected
[ERROR] /workspaces/master-thesis-pascal-joos/code_cure_agent/cca_workspace/Vitro/api/src/main/java/edu/cornell/mannlib/vitro/webapp/dao/jena/VClassDaoJena.java:[560,8] error: class, interface, or enum expected
[ERROR] /workspaces/master-thesis-pascal-joos/code_cure_agent/cca_workspace/Vitro/api/src/main/java/edu/cornell/mannlib/vitro/webapp/dao/jena/VClassDaoJena.java:[562,4] error: class, interface, or enum expected
[ERROR] /workspaces/master-thesis-pascal-joos/code_cure_agent/cca_workspace/Vitro/api/src/main/java/edu/cornell/mannlib/vitro/webapp/dao/jena/VClassDaoJena.java:[564,11] error: class, interface, or enum expected
[ERROR] /workspaces/master-thesis-pascal-joos/code_cure_agent/cca_workspace/Vitro/api/src/main/java/edu/cornell/mannlib/vitro/webapp/dao/jena/VClassDaoJena.java:[566,4] error: class, interface, or enum expected
[ERROR] /workspaces/master-thesis-pascal-joos/code_cure_agent/cca_workspace/Vitro/api/src/main/java/edu/cornell/mannlib/vitro/webapp/dao/jena/VClassDaoJena.java:[568,11] error: class, interface, or enum expected
[ERROR] /workspaces/master-thesis-pascal-joos/code_cure_agent/cca_workspace/Vitro/api/src/main/java/edu/cornell/mannlib/vitro/webapp/dao/jena/VClassDaoJena.java:[570,8] error: class, interface, or enum expected
[ERROR] /workspaces/master-thesis-pascal-joos/code_cure_agent/cca_workspace/Vitro/api/src/main/java/edu/cornell/mannlib/vitro/webapp/dao/jena/VClassDaoJena.java:[571,8] error: class, interface, or enum expected
[ERROR] /workspaces/master-thesis-pascal-joos/code_cure_agent/cca_workspace/Vitro/api/src/main/java/edu/cornell/mannlib/vitro/webapp/dao/jena/VClassDaoJena.java:[574,12] error: class, interface, or enum expected
[ERROR] /workspaces/master-thesis-pascal-joos/code_cure_agent/cca_workspace/Vitro/api/src/main/java/edu/cornell/mannlib/vitro/webapp/dao/jena/VClassDaoJena.java:[576,16] error: class, interface, or enum expected
[ERROR] /workspaces/master-thesis-pascal-joos/code_cure_agent/cca_workspace/Vitro/api/src/main/java/edu/cornell/mannlib/vitro/webapp/dao/jena/VClassDaoJena.java:[577,16] error: class, interface, or enum expected
[ERROR] /workspaces/master-thesis-pascal-joos/code_cure_agent/cca_workspace/Vitro/api/src/main/java/edu/cornell/mannlib/vitro/webapp/dao/jena/VClassDaoJena.java:[578,16] error: class, interface, or enum expected
[ERROR] /workspaces/master-thesis-pascal-joos/code_cure_agent/cca_workspace/Vitro/api/src/main/java/edu/cornell/mannlib/vitro/webapp/dao/jena/VClassDaoJena.java:[579,16] error: class, interface, or enum expected
[ERROR] /workspaces/master-thesis-pascal-joos/code_cure_agent/cca_workspace/Vitro/api/src/main/java/edu/cornell/mannlib/vitro/webapp/dao/jena/VClassDaoJena.java:[580,16] error: class, interface, or enum expected
[ERROR] /workspaces/master-thesis-pascal-joos/code_cure_agent/cca_workspace/Vitro/api/src/main/java/edu/cornell/mannlib/vitro/webapp/dao/jena/VClassDaoJena.java:[581,16] error: class, interface, or enum expected
[ERROR] /workspaces/master-thesis-pascal-joos/code_cure_agent/cca_workspace/Vitro/api/src/main/java/edu/cornell/mannlib/vitro/webapp/dao/jena/VClassDaoJena.java:[582,16] error: class, interface, or enum expected
[ERROR] /workspaces/master-thesis-pascal-joos/code_cure_agent/cca_workspace/Vitro/api/src/main/java/edu/cornell/mannlib/vitro/webapp/dao/jena/VClassDaoJena.java:[584,16] error: class, interface, or enum expected
[ERROR] /workspaces/master-thesis-pascal-joos/code_cure_agent/cca_workspace/Vitro/api/src/main/java/edu/cornell/mannlib/vitro/webapp/dao/jena/VClassDaoJena.java:[586,16] error: class, interface, or enum expected
[ERROR] /workspaces/master-thesis-pascal-joos/code_cure_agent/cca_workspace/Vitro/api/src/main/java/edu/cornell/mannlib/vitro/webapp/dao/jena/VClassDaoJena.java:[590,16] error: class, interface, or enum expected
[ERROR] /workspaces/master-thesis-pascal-joos/code_cure_agent/cca_workspace/Vitro/api/src/main/java/edu/cornell/mannlib/vitro/webapp/dao/jena/VClassDaoJena.java:[594,16] error: class, interface, or enum expected
[ERROR] /workspaces/master-thesis-pascal-joos/code_cure_agent/cca_workspace/Vitro/api/src/main/java/edu/cornell/mannlib/vitro/webapp/dao/jena/VClassDaoJena.java:[597,16] error: class, interface, or enum expected
[ERROR] /workspaces/master-thesis-pascal-joos/code_cure_agent/cca_workspace/Vitro/api/src/main/java/edu/cornell/mannlib/vitro/webapp/dao/jena/VClassDaoJena.java:[598,16] error: class, interface, or enum expected
[ERROR] /workspaces/master-thesis-pascal-joos/code_cure_agent/cca_workspace/Vitro/api/src/main/java/edu/cornell/mannlib/vitro/webapp/dao/jena/VClassDaoJena.java:[599,16] error: class, interface, or enum expected
[ERROR] /workspaces/master-thesis-pascal-joos/code_cure_agent/cca_workspace/Vitro/api/src/main/java/edu/cornell/mannlib/vitro/webapp/dao/jena/VClassDaoJena.java:[600,12] error: class, interface, or enum expected
[ERROR] /workspaces/master-thesis-pascal-joos/code_cure_agent/cca_workspace/Vitro/api/src/main/java/edu/cornell/mannlib/vitro/webapp/dao/jena/VClassDaoJena.java:[602,12] error: class, interface, or enum expected
[ERROR] /workspaces/master-thesis-pascal-joos/code_cure_agent/cca_workspace/Vitro/api/src/main/java/edu/cornell/mannlib/vitro/webapp/dao/jena/VClassDaoJena.java:[605,12] error: class, interface, or enum expected
[ERROR] /workspaces/master-thesis-pascal-joos/code_cure_agent/cca_workspace/Vitro/api/src/main/java/edu/cornell/mannlib/vitro/webapp/dao/jena/VClassDaoJena.java:[606,8] error: class, interface, or enum expected
[ERROR] /workspaces/master-thesis-pascal-joos/code_cure_agent/cca_workspace/Vitro/api/src/main/java/edu/cornell/mannlib/vitro/webapp/dao/jena/VClassDaoJena.java:[609,11] error: class, interface, or enum expected
[ERROR] /workspaces/master-thesis-pascal-joos/code_cure_agent/cca_workspace/Vitro/api/src/main/java/edu/cornell/mannlib/vitro/webapp/dao/jena/VClassDaoJena.java:[611,4] error: class, interface, or enum expected
[ERROR] /workspaces/master-thesis-pascal-joos/code_cure_agent/cca_workspace/Vitro/api/src/main/java/edu/cornell/mannlib/vitro/webapp/dao/jena/VClassDaoJena.java:[613,11] error: class, interface, or enum expected
[ERROR] /workspaces/master-thesis-pascal-joos/code_cure_agent/cca_workspace/Vitro/api/src/main/java/edu/cornell/mannlib/vitro/webapp/dao/jena/VClassDaoJena.java:[616,8] error: class, interface, or enum expected
[ERROR] /workspaces/master-thesis-pascal-joos/code_cure_agent/cca_workspace/Vitro/api/src/main/java/edu/cornell/mannlib/vitro/webapp/dao/jena/VClassDaoJena.java:[617,8] error: class, interface, or enum expected
[ERROR] /workspaces/master-thesis-pascal-joos/code_cure_agent/cca_workspace/Vitro/api/src/main/java/edu/cornell/mannlib/vitro/webapp/dao/jena/VClassDaoJena.java:[619,12] error: class, interface, or enum expected
[ERROR] /workspaces/master-thesis-pascal-joos/code_cure_agent/cca_workspace/Vitro/api/src/main/java/edu/cornell/mannlib/vitro/webapp/dao/jena/VClassDaoJena.java:[620,12] error: class, interface, or enum expected
[ERROR] /workspaces/master-thesis-pascal-joos/code_cure_agent/cca_workspace/Vitro/api/src/main/java/edu/cornell/mannlib/vitro/webapp/dao/jena/VClassDaoJena.java:[623,16] error: class, interface, or enum expected
[ERROR] /workspaces/master-thesis-pascal-joos/code_cure_agent/cca_workspace/Vitro/api/src/main/java/edu/cornell/mannlib/vitro/webapp/dao/jena/VClassDaoJena.java:[625,16] error: class, interface, or enum expected
[ERROR] /workspaces/master-thesis-pascal-joos/code_cure_agent/cca_workspace/Vitro/api/src/main/java/edu/cornell/mannlib/vitro/webapp/dao/jena/VClassDaoJena.java:[628,16] error: class, interface, or enum expected
[ERROR] /workspaces/master-thesis-pascal-joos/code_cure_agent/cca_workspace/Vitro/api/src/main/java/edu/cornell/mannlib/vitro/webapp/dao/jena/VClassDaoJena.java:[630,12] error: class, interface, or enum expected
[ERROR] /workspaces/master-thesis-pascal-joos/code_cure_agent/cca_workspace/Vitro/api/src/main/java/edu/cornell/mannlib/vitro/webapp/dao/jena/VClassDaoJena.java:[632,12] error: class, interface, or enum expected
[ERROR] /workspaces/master-thesis-pascal-joos/code_cure_agent/cca_workspace/Vitro/api/src/main/java/edu/cornell/mannlib/vitro/webapp/dao/jena/VClassDaoJena.java:[633,12] error: class, interface, or enum expected
[ERROR] /workspaces/master-thesis-pascal-joos/code_cure_agent/cca_workspace/Vitro/api/src/main/java/edu/cornell/mannlib/vitro/webapp/dao/jena/VClassDaoJena.java:[634,12] error: class, interface, or enum expected
[ERROR] /workspaces/master-thesis-pascal-joos/code_cure_agent/cca_workspace/Vitro/api/src/main/java/edu/cornell/mannlib/vitro/webapp/dao/jena/VClassDaoJena.java:[636,16] error: class, interface, or enum expected
[ERROR] /workspaces/master-thesis-pascal-joos/code_cure_agent/cca_workspace/Vitro/api/src/main/java/edu/cornell/mannlib/vitro/webapp/dao/jena/VClassDaoJena.java:[637,16] error: class, interface, or enum expected
[ERROR] /workspaces/master-thesis-pascal-joos/code_cure_agent/cca_workspace/Vitro/api/src/main/java/edu/cornell/mannlib/vitro/webapp/dao/jena/VClassDaoJena.java:[638,12] error: class, interface, or enum expected
[ERROR] /workspaces/master-thesis-pascal-joos/code_cure_agent/cca_workspace/Vitro/api/src/main/java/edu/cornell/mannlib/vitro/webapp/dao/jena/VClassDaoJena.java:[641,16] error: class, interface, or enum expected
[ERROR] /workspaces/master-thesis-pascal-joos/code_cure_agent/cca_workspace/Vitro/api/src/main/java/edu/cornell/mannlib/vitro/webapp/dao/jena/VClassDaoJena.java:[642,16] error: class, interface, or enum expected
[ERROR] /workspaces/master-thesis-pascal-joos/code_cure_agent/cca_workspace/Vitro/api/src/main/java/edu/cornell/mannlib/vitro/webapp/dao/jena/VClassDaoJena.java:[643,12] error: class, interface, or enum expected
[ERROR] /workspaces/master-thesis-pascal-joos/code_cure_agent/cca_workspace/Vitro/api/src/main/java/edu/cornell/mannlib/vitro/webapp/dao/jena/VClassDaoJena.java:[645,12] error: class, interface, or enum expected
[ERROR] /workspaces/master-thesis-pascal-joos/code_cure_agent/cca_workspace/Vitro/api/src/main/java/edu/cornell/mannlib/vitro/webapp/dao/jena/VClassDaoJena.java:[646,8] error: class, interface, or enum expected
[ERROR] /workspaces/master-thesis-pascal-joos/code_cure_agent/cca_workspace/Vitro/api/src/main/java/edu/cornell/mannlib/vitro/webapp/dao/jena/VClassDaoJena.java:[648,12] error: class, interface, or enum expected
[ERROR] /workspaces/master-thesis-pascal-joos/code_cure_agent/cca_workspace/Vitro/api/src/main/java/edu/cornell/mannlib/vitro/webapp/dao/jena/VClassDaoJena.java:[649,8] error: class, interface, or enum expected
[ERROR] /workspaces/master-thesis-pascal-joos/code_cure_agent/cca_workspace/Vitro/api/src/main/java/edu/cornell/mannlib/vitro/webapp/dao/jena/VClassDaoJena.java:[652,11] error: class, interface, or enum expected
[ERROR] /workspaces/master-thesis-pascal-joos/code_cure_agent/cca_workspace/Vitro/api/src/main/java/edu/cornell/mannlib/vitro/webapp/dao/jena/VClassDaoJena.java:[654,4] error: class, interface, or enum expected
[ERROR] /workspaces/master-thesis-pascal-joos/code_cure_agent/cca_workspace/Vitro/api/src/main/java/edu/cornell/mannlib/vitro/webapp/dao/jena/VClassDaoJena.java:[656,11] error: class, interface, or enum expected
[ERROR] /workspaces/master-thesis-pascal-joos/code_cure_agent/cca_workspace/Vitro/api/src/main/java/edu/cornell/mannlib/vitro/webapp/dao/jena/VClassDaoJena.java:[659,8] error: class, interface, or enum expected
[ERROR] /workspaces/master-thesis-pascal-joos/code_cure_agent/cca_workspace/Vitro/api/src/main/java/edu/cornell/mannlib/vitro/webapp/dao/jena/VClassDaoJena.java:[660,8] error: class, interface, or enum expected
[ERROR] /workspaces/master-thesis-pascal-joos/code_cure_agent/cca_workspace/Vitro/api/src/main/java/edu/cornell/mannlib/vitro/webapp/dao/jena/VClassDaoJena.java:[662,12] error: class, interface, or enum expected
[ERROR] /workspaces/master-thesis-pascal-joos/code_cure_agent/cca_workspace/Vitro/api/src/main/java/edu/cornell/mannlib/vitro/webapp/dao/jena/VClassDaoJena.java:[663,12] error: class, interface, or enum expected
[ERROR] /workspaces/master-thesis-pascal-joos/code_cure_agent/cca_workspace/Vitro/api/src/main/java/edu/cornell/mannlib/vitro/webapp/dao/jena/VClassDaoJena.java:[665,12] error: class, interface, or enum expected
[ERROR] /workspaces/master-thesis-pascal-joos/code_cure_agent/cca_workspace/Vitro/api/src/main/java/edu/cornell/mannlib/vitro/webapp/dao/jena/VClassDaoJena.java:[668,12] error: class, interface, or enum expected
[ERROR] /workspaces/master-thesis-pascal-joos/code_cure_agent/cca_workspace/Vitro/api/src/main/java/edu/cornell/mannlib/vitro/webapp/dao/jena/VClassDaoJena.java:[669,8] error: class, interface, or enum expected
[ERROR] /workspaces/master-thesis-pascal-joos/code_cure_agent/cca_workspace/Vitro/api/src/main/java/edu/cornell/mannlib/vitro/webapp/dao/jena/VClassDaoJena.java:[672,11] error: class, interface, or enum expected
[ERROR] /workspaces/master-thesis-pascal-joos/code_cure_agent/cca_workspace/Vitro/api/src/main/java/edu/cornell/mannlib/vitro/webapp/dao/jena/VClassDaoJena.java:[675,8] error: class, interface, or enum expected
[ERROR] /workspaces/master-thesis-pascal-joos/code_cure_agent/cca_workspace/Vitro/api/src/main/java/edu/cornell/mannlib/vitro/webapp/dao/jena/VClassDaoJena.java:[677,4] error: class, interface, or enum expected
[ERROR] /workspaces/master-thesis-pascal-joos/code_cure_agent/cca_workspace/Vitro/api/src/main/java/edu/cornell/mannlib/vitro/webapp/dao/jena/VClassDaoJena.java:[679,11] error: class, interface, or enum expected
[ERROR] /workspaces/master-thesis-pascal-joos/code_cure_agent/cca_workspace/Vitro/api/src/main/java/edu/cornell/mannlib/vitro/webapp/dao/jena/VClassDaoJena.java:[682,8] error: class, interface, or enum expected
[ERROR] /workspaces/master-thesis-pascal-joos/code_cure_agent/cca_workspace/Vitro/api/src/main/java/edu/cornell/mannlib/vitro/webapp/dao/jena/VClassDaoJena.java:[684,8] error: class, interface, or enum expected
[ERROR] /workspaces/master-thesis-pascal-joos/code_cure_agent/cca_workspace/Vitro/api/src/main/java/edu/cornell/mannlib/vitro/webapp/dao/jena/VClassDaoJena.java:[686,12] error: class, interface, or enum expected
[ERROR] /workspaces/master-thesis-pascal-joos/code_cure_agent/cca_workspace/Vitro/api/src/main/java/edu/cornell/mannlib/vitro/webapp/dao/jena/VClassDaoJena.java:[687,12] error: class, interface, or enum expected
[ERROR] /workspaces/master-thesis-pascal-joos/code_cure_agent/cca_workspace/Vitro/api/src/main/java/edu/cornell/mannlib/vitro/webapp/dao/jena/VClassDaoJena.java:[688,12] error: class, interface, or enum expected
[ERROR] /workspaces/master-thesis-pascal-joos/code_cure_agent/cca_workspace/Vitro/api/src/main/java/edu/cornell/mannlib/vitro/webapp/dao/jena/VClassDaoJena.java:[689,8] error: class, interface, or enum expected
[ERROR] /workspaces/master-thesis-pascal-joos/code_cure_agent/cca_workspace/Vitro/api/src/main/java/edu/cornell/mannlib/vitro/webapp/dao/jena/VClassDaoJena.java:[691,8] error: class, interface, or enum expected
[INFO] 93 errors 
[INFO] -------------------------------------------------------------
[INFO] ------------------------------------------------------------------------
[INFO] Reactor Summary for Vitro 1.11.2-SNAPSHOT:
[INFO] 
[INFO] Vitro .............................................. SUCCESS [  0.352 s]
[INFO] Vitro Dependencies ................................. SUCCESS [  0.017 s]
[INFO] Vitro API .......................................... FAILURE [  2.550 s]
[INFO] Vitro Web App ...................................... SKIPPED
[INFO] Vitro Home ......................................... SKIPPED
[INFO] Vitro Installer .................................... SKIPPED
[INFO] Vitro Install Home ................................. SKIPPED
[INFO] Vitro Install Web App .............................. SKIPPED
[INFO] ------------------------------------------------------------------------
[INFO] BUILD FAILURE
[INFO] ------------------------------------------------------------------------
[INFO] Total time:  3.275 s
[INFO] Finished at: 2025-08-29T19:42:50Z
[INFO] ------------------------------------------------------------------------
[ERROR] Failed to execute goal org.apache.maven.plugins:maven-compiler-plugin:3.8.0:compile (default-compile) on project vitro-api: Compilation failure: Compilation failure: 
[ERROR] /workspaces/master-thesis-pascal-joos/code_cure_agent/cca_workspace/Vitro/api/src/main/java/edu/cornell/mannlib/vitro/webapp/dao/jena/VClassDaoJena.java:[552,12] error: invalid method declaration; return type required
[ERROR] /workspaces/master-thesis-pascal-joos/code_cure_agent/cca_workspace/Vitro/api/src/main/java/edu/cornell/mannlib/vitro/webapp/dao/jena/VClassDaoJena.java:[552,41] error: <identifier> expected
[ERROR] /workspaces/master-thesis-pascal-joos/code_cure_agent/cca_workspace/Vitro/api/src/main/java/edu/cornell/mannlib/vitro/webapp/dao/jena/VClassDaoJena.java:[552,71] error: <identifier> expected
[ERROR] /workspaces/master-thesis-pascal-joos/code_cure_agent/cca_workspace/Vitro/api/src/main/java/edu/cornell/mannlib/vitro/webapp/dao/jena/VClassDaoJena.java:[552,94] error: <identifier> expected
[ERROR] /workspaces/master-thesis-pascal-joos/code_cure_agent/cca_workspace/Vitro/api/src/main/java/edu/cornell/mannlib/vitro/webapp/dao/jena/VClassDaoJena.java:[553,12] error: invalid method declaration; return type required
[ERROR] /workspaces/master-thesis-pascal-joos/code_cure_agent/cca_workspace/Vitro/api/src/main/java/edu/cornell/mannlib/vitro/webapp/dao/jena/VClassDaoJena.java:[553,41] error: <identifier> expected
[ERROR] /workspaces/master-thesis-pascal-joos/code_cure_agent/cca_workspace/Vitro/api/src/main/java/edu/cornell/mannlib/vitro/webapp/dao/jena/VClassDaoJena.java:[553,73] error: <identifier> expected
[ERROR] /workspaces/master-thesis-pascal-joos/code_cure_agent/cca_workspace/Vitro/api/src/main/java/edu/cornell/mannlib/vitro/webapp/dao/jena/VClassDaoJena.java:[553,98] error: <identifier> expected
[ERROR] /workspaces/master-thesis-pascal-joos/code_cure_agent/cca_workspace/Vitro/api/src/main/java/edu/cornell/mannlib/vitro/webapp/dao/jena/VClassDaoJena.java:[554,12] error: invalid method declaration; return type required
[ERROR] /workspaces/master-thesis-pascal-joos/code_cure_agent/cca_workspace/Vitro/api/src/main/java/edu/cornell/mannlib/vitro/webapp/dao/jena/VClassDaoJena.java:[554,41] error: <identifier> expected
[ERROR] /workspaces/master-thesis-pascal-joos/code_cure_agent/cca_workspace/Vitro/api/src/main/java/edu/cornell/mannlib/vitro/webapp/dao/jena/VClassDaoJena.java:[554,71] error: <identifier> expected
[ERROR] /workspaces/master-thesis-pascal-joos/code_cure_agent/cca_workspace/Vitro/api/src/main/java/edu/cornell/mannlib/vitro/webapp/dao/jena/VClassDaoJena.java:[554,94] error: <identifier> expected
[ERROR] /workspaces/master-thesis-pascal-joos/code_cure_agent/cca_workspace/Vitro/api/src/main/java/edu/cornell/mannlib/vitro/webapp/dao/jena/VClassDaoJena.java:[555,12] error: invalid method declaration; return type required
[ERROR] /workspaces/master-thesis-pascal-joos/code_cure_agent/cca_workspace/Vitro/api/src/main/java/edu/cornell/mannlib/vitro/webapp/dao/jena/VClassDaoJena.java:[555,41] error: <identifier> expected
[ERROR] /workspaces/master-thesis-pascal-joos/code_cure_agent/cca_workspace/Vitro/api/src/main/java/edu/cornell/mannlib/vitro/webapp/dao/jena/VClassDaoJena.java:[555,72] error: <identifier> expected
[ERROR] /workspaces/master-thesis-pascal-joos/code_cure_agent/cca_workspace/Vitro/api/src/main/java/edu/cornell/mannlib/vitro/webapp/dao/jena/VClassDaoJena.java:[555,96] error: <identifier> expected
[ERROR] /workspaces/master-thesis-pascal-joos/code_cure_agent/cca_workspace/Vitro/api/src/main/java/edu/cornell/mannlib/vitro/webapp/dao/jena/VClassDaoJena.java:[556,12] error: invalid method declaration; return type required
[ERROR] /workspaces/master-thesis-pascal-joos/code_cure_agent/cca_workspace/Vitro/api/src/main/java/edu/cornell/mannlib/vitro/webapp/dao/jena/VClassDaoJena.java:[556,40] error: <identifier> expected
[ERROR] /workspaces/master-thesis-pascal-joos/code_cure_agent/cca_workspace/Vitro/api/src/main/java/edu/cornell/mannlib/vitro/webapp/dao/jena/VClassDaoJena.java:[556,60] error: <identifier> expected
[ERROR] /workspaces/master-thesis-pascal-joos/code_cure_agent/cca_workspace/Vitro/api/src/main/java/edu/cornell/mannlib/vitro/webapp/dao/jena/VClassDaoJena.java:[556,80] error: <identifier> expected
[ERROR] /workspaces/master-thesis-pascal-joos/code_cure_agent/cca_workspace/Vitro/api/src/main/java/edu/cornell/mannlib/vitro/webapp/dao/jena/VClassDaoJena.java:[557,10] error: class, interface, or enum expected
[ERROR] /workspaces/master-thesis-pascal-joos/code_cure_agent/cca_workspace/Vitro/api/src/main/java/edu/cornell/mannlib/vitro/webapp/dao/jena/VClassDaoJena.java:[559,12] error: class, interface, or enum expected
[ERROR] /workspaces/master-thesis-pascal-joos/code_cure_agent/cca_workspace/Vitro/api/src/main/java/edu/cornell/mannlib/vitro/webapp/dao/jena/VClassDaoJena.java:[560,8] error: class, interface, or enum expected
[ERROR] /workspaces/master-thesis-pascal-joos/code_cure_agent/cca_workspace/Vitro/api/src/main/java/edu/cornell/mannlib/vitro/webapp/dao/jena/VClassDaoJena.java:[562,4] error: class, interface, or enum expected
[ERROR] /workspaces/master-thesis-pascal-joos/code_cure_agent/cca_workspace/Vitro/api/src/main/java/edu/cornell/mannlib/vitro/webapp/dao/jena/VClassDaoJena.java:[564,11] error: class, interface, or enum expected
[ERROR] /workspaces/master-thesis-pascal-joos/code_cure_agent/cca_workspace/Vitro/api/src/main/java/edu/cornell/mannlib/vitro/webapp/dao/jena/VClassDaoJena.java:[566,4] error: class, interface, or enum expected
[ERROR] /workspaces/master-thesis-pascal-joos/code_cure_agent/cca_workspace/Vitro/api/src/main/java/edu/cornell/mannlib/vitro/webapp/dao/jena/VClassDaoJena.java:[568,11] error: class, interface, or enum expected
[ERROR] /workspaces/master-thesis-pascal-joos/code_cure_agent/cca_workspace/Vitro/api/src/main/java/edu/cornell/mannlib/vitro/webapp/dao/jena/VClassDaoJena.java:[570,8] error: class, interface, or enum expected
[ERROR] /workspaces/master-thesis-pascal-joos/code_cure_agent/cca_workspace/Vitro/api/src/main/java/edu/cornell/mannlib/vitro/webapp/dao/jena/VClassDaoJena.java:[571,8] error: class, interface, or enum expected
[ERROR] /workspaces/master-thesis-pascal-joos/code_cure_agent/cca_workspace/Vitro/api/src/main/java/edu/cornell/mannlib/vitro/webapp/dao/jena/VClassDaoJena.java:[574,12] error: class, interface, or enum expected
[ERROR] /workspaces/master-thesis-pascal-joos/code_cure_agent/cca_workspace/Vitro/api/src/main/java/edu/cornell/mannlib/vitro/webapp/dao/jena/VClassDaoJena.java:[576,16] error: class, interface, or enum expected
[ERROR] /workspaces/master-thesis-pascal-joos/code_cure_agent/cca_workspace/Vitro/api/src/main/java/edu/cornell/mannlib/vitro/webapp/dao/jena/VClassDaoJena.java:[577,16] error: class, interface, or enum expected
[ERROR] /workspaces/master-thesis-pascal-joos/code_cure_agent/cca_workspace/Vitro/api/src/main/java/edu/cornell/mannlib/vitro/webapp/dao/jena/VClassDaoJena.java:[578,16] error: class, interface, or enum expected
[ERROR] /workspaces/master-thesis-pascal-joos/code_cure_agent/cca_workspace/Vitro/api/src/main/java/edu/cornell/mannlib/vitro/webapp/dao/jena/VClassDaoJena.java:[579,16] error: class, interface, or enum expected
[ERROR] /workspaces/master-thesis-pascal-joos/code_cure_agent/cca_workspace/Vitro/api/src/main/java/edu/cornell/mannlib/vitro/webapp/dao/jena/VClassDaoJena.java:[580,16] error: class, interface, or enum expected
[ERROR] /workspaces/master-thesis-pascal-joos/code_cure_agent/cca_workspace/Vitro/api/src/main/java/edu/cornell/mannlib/vitro/webapp/dao/jena/VClassDaoJena.java:[581,16] error: class, interface, or enum expected
[ERROR] /workspaces/master-thesis-pascal-joos/code_cure_agent/cca_workspace/Vitro/api/src/main/java/edu/cornell/mannlib/vitro/webapp/dao/jena/VClassDaoJena.java:[582,16] error: class, interface, or enum expected
[ERROR] /workspaces/master-thesis-pascal-joos/code_cure_agent/cca_workspace/Vitro/api/src/main/java/edu/cornell/mannlib/vitro/webapp/dao/jena/VClassDaoJena.java:[584,16] error: class, interface, or enum expected
[ERROR] /workspaces/master-thesis-pascal-joos/code_cure_agent/cca_workspace/Vitro/api/src/main/java/edu/cornell/mannlib/vitro/webapp/dao/jena/VClassDaoJena.java:[586,16] error: class, interface, or enum expected
[ERROR] /workspaces/master-thesis-pascal-joos/code_cure_agent/cca_workspace/Vitro/api/src/main/java/edu/cornell/mannlib/vitro/webapp/dao/jena/VClassDaoJena.java:[590,16] error: class, interface, or enum expected
[ERROR] /workspaces/master-thesis-pascal-joos/code_cure_agent/cca_workspace/Vitro/api/src/main/java/edu/cornell/mannlib/vitro/webapp/dao/jena/VClassDaoJena.java:[594,16] error: class, interface, or enum expected
[ERROR] /workspaces/master-thesis-pascal-joos/code_cure_agent/cca_workspace/Vitro/api/src/main/java/edu/cornell/mannlib/vitro/webapp/dao/jena/VClassDaoJena.java:[597,16] error: class, interface, or enum expected
[ERROR] /workspaces/master-thesis-pascal-joos/code_cure_agent/cca_workspace/Vitro/api/src/main/java/edu/cornell/mannlib/vitro/webapp/dao/jena/VClassDaoJena.java:[598,16] error: class, interface, or enum expected
[ERROR] /workspaces/master-thesis-pascal-joos/code_cure_agent/cca_workspace/Vitro/api/src/main/java/edu/cornell/mannlib/vitro/webapp/dao/jena/VClassDaoJena.java:[599,16] error: class, interface, or enum expected
[ERROR] /workspaces/master-thesis-pascal-joos/code_cure_agent/cca_workspace/Vitro/api/src/main/java/edu/cornell/mannlib/vitro/webapp/dao/jena/VClassDaoJena.java:[600,12] error: class, interface, or enum expected
[ERROR] /workspaces/master-thesis-pascal-joos/code_cure_agent/cca_workspace/Vitro/api/src/main/java/edu/cornell/mannlib/vitro/webapp/dao/jena/VClassDaoJena.java:[602,12] error: class, interface, or enum expected
[ERROR] /workspaces/master-thesis-pascal-joos/code_cure_agent/cca_workspace/Vitro/api/src/main/java/edu/cornell/mannlib/vitro/webapp/dao/jena/VClassDaoJena.java:[605,12] error: class, interface, or enum expected
[ERROR] /workspaces/master-thesis-pascal-joos/code_cure_agent/cca_workspace/Vitro/api/src/main/java/edu/cornell/mannlib/vitro/webapp/dao/jena/VClassDaoJena.java:[606,8] error: class, interface, or enum expected
[ERROR] /workspaces/master-thesis-pascal-joos/code_cure_agent/cca_workspace/Vitro/api/src/main/java/edu/cornell/mannlib/vitro/webapp/dao/jena/VClassDaoJena.java:[609,11] error: class, interface, or enum expected
[ERROR] /workspaces/master-thesis-pascal-joos/code_cure_agent/cca_workspace/Vitro/api/src/main/java/edu/cornell/mannlib/vitro/webapp/dao/jena/VClassDaoJena.java:[611,4] error: class, interface, or enum expected
[ERROR] /workspaces/master-thesis-pascal-joos/code_cure_agent/cca_workspace/Vitro/api/src/main/java/edu/cornell/mannlib/vitro/webapp/dao/jena/VClassDaoJena.java:[613,11] error: class, interface, or enum expected
[ERROR] /workspaces/master-thesis-pascal-joos/code_cure_agent/cca_workspace/Vitro/api/src/main/java/edu/cornell/mannlib/vitro/webapp/dao/jena/VClassDaoJena.java:[616,8] error: class, interface, or enum expected
[ERROR] /workspaces/master-thesis-pascal-joos/code_cure_agent/cca_workspace/Vitro/api/src/main/java/edu/cornell/mannlib/vitro/webapp/dao/jena/VClassDaoJena.java:[617,8] error: class, interface, or enum expected
[ERROR] /workspaces/master-thesis-pascal-joos/code_cure_agent/cca_workspace/Vitro/api/src/main/java/edu/cornell/mannlib/vitro/webapp/dao/jena/VClassDaoJena.java:[619,12] error: class, interface, or enum expected
[ERROR] /workspaces/master-thesis-pascal-joos/code_cure_agent/cca_workspace/Vitro/api/src/main/java/edu/cornell/mannlib/vitro/webapp/dao/jena/VClassDaoJena.java:[620,12] error: class, interface, or enum expected
[ERROR] /workspaces/master-thesis-pascal-joos/code_cure_agent/cca_workspace/Vitro/api/src/main/java/edu/cornell/mannlib/vitro/webapp/dao/jena/VClassDaoJena.java:[623,16] error: class, interface, or enum expected
[ERROR] /workspaces/master-thesis-pascal-joos/code_cure_agent/cca_workspace/Vitro/api/src/main/java/edu/cornell/mannlib/vitro/webapp/dao/jena/VClassDaoJena.java:[625,16] error: class, interface, or enum expected
[ERROR] /workspaces/master-thesis-pascal-joos/code_cure_agent/cca_workspace/Vitro/api/src/main/java/edu/cornell/mannlib/vitro/webapp/dao/jena/VClassDaoJena.java:[628,16] error: class, interface, or enum expected
[ERROR] /workspaces/master-thesis-pascal-joos/code_cure_agent/cca_workspace/Vitro/api/src/main/java/edu/cornell/mannlib/vitro/webapp/dao/jena/VClassDaoJena.java:[630,12] error: class, interface, or enum expected
[ERROR] /workspaces/master-thesis-pascal-joos/code_cure_agent/cca_workspace/Vitro/api/src/main/java/edu/cornell/mannlib/vitro/webapp/dao/jena/VClassDaoJena.java:[632,12] error: class, interface, or enum expected
[ERROR] /workspaces/master-thesis-pascal-joos/code_cure_agent/cca_workspace/Vitro/api/src/main/java/edu/cornell/mannlib/vitro/webapp/dao/jena/VClassDaoJena.java:[633,12] error: class, interface, or enum expected
[ERROR] /workspaces/master-thesis-pascal-joos/code_cure_agent/cca_workspace/Vitro/api/src/main/java/edu/cornell/mannlib/vitro/webapp/dao/jena/VClassDaoJena.java:[634,12] error: class, interface, or enum expected
[ERROR] /workspaces/master-thesis-pascal-joos/code_cure_agent/cca_workspace/Vitro/api/src/main/java/edu/cornell/mannlib/vitro/webapp/dao/jena/VClassDaoJena.java:[636,16] error: class, interface, or enum expected
[ERROR] /workspaces/master-thesis-pascal-joos/code_cure_agent/cca_workspace/Vitro/api/src/main/java/edu/cornell/mannlib/vitro/webapp/dao/jena/VClassDaoJena.java:[637,16] error: class, interface, or enum expected
[ERROR] /workspaces/master-thesis-pascal-joos/code_cure_agent/cca_workspace/Vitro/api/src/main/java/edu/cornell/mannlib/vitro/webapp/dao/jena/VClassDaoJena.java:[638,12] error: class, interface, or enum expected
[ERROR] /workspaces/master-thesis-pascal-joos/code_cure_agent/cca_workspace/Vitro/api/src/main/java/edu/cornell/mannlib/vitro/webapp/dao/jena/VClassDaoJena.java:[641,16] error: class, interface, or enum expected
[ERROR] /workspaces/master-thesis-pascal-joos/code_cure_agent/cca_workspace/Vitro/api/src/main/java/edu/cornell/mannlib/vitro/webapp/dao/jena/VClassDaoJena.java:[642,16] error: class, interface, or enum expected
[ERROR] /workspaces/master-thesis-pascal-joos/code_cure_agent/cca_workspace/Vitro/api/src/main/java/edu/cornell/mannlib/vitro/webapp/dao/jena/VClassDaoJena.java:[643,12] error: class, interface, or enum expected
[ERROR] /workspaces/master-thesis-pascal-joos/code_cure_agent/cca_workspace/Vitro/api/src/main/java/edu/cornell/mannlib/vitro/webapp/dao/jena/VClassDaoJena.java:[645,12] error: class, interface, or enum expected
[ERROR] /workspaces/master-thesis-pascal-joos/code_cure_agent/cca_workspace/Vitro/api/src/main/java/edu/cornell/mannlib/vitro/webapp/dao/jena/VClassDaoJena.java:[646,8] error: class, interface, or enum expected
[ERROR] /workspaces/master-thesis-pascal-joos/code_cure_agent/cca_workspace/Vitro/api/src/main/java/edu/cornell/mannlib/vitro/webapp/dao/jena/VClassDaoJena.java:[648,12] error: class, interface, or enum expected
[ERROR] /workspaces/master-thesis-pascal-joos/code_cure_agent/cca_workspace/Vitro/api/src/main/java/edu/cornell/mannlib/vitro/webapp/dao/jena/VClassDaoJena.java:[649,8] error: class, interface, or enum expected
[ERROR] /workspaces/master-thesis-pascal-joos/code_cure_agent/cca_workspace/Vitro/api/src/main/java/edu/cornell/mannlib/vitro/webapp/dao/jena/VClassDaoJena.java:[652,11] error: class, interface, or enum expected
[ERROR] /workspaces/master-thesis-pascal-joos/code_cure_agent/cca_workspace/Vitro/api/src/main/java/edu/cornell/mannlib/vitro/webapp/dao/jena/VClassDaoJena.java:[654,4] error: class, interface, or enum expected
[ERROR] /workspaces/master-thesis-pascal-joos/code_cure_agent/cca_workspace/Vitro/api/src/main/java/edu/cornell/mannlib/vitro/webapp/dao/jena/VClassDaoJena.java:[656,11] error: class, interface, or enum expected
[ERROR] /workspaces/master-thesis-pascal-joos/code_cure_agent/cca_workspace/Vitro/api/src/main/java/edu/cornell/mannlib/vitro/webapp/dao/jena/VClassDaoJena.java:[659,8] error: class, interface, or enum expected
[ERROR] /workspaces/master-thesis-pascal-joos/code_cure_agent/cca_workspace/Vitro/api/src/main/java/edu/cornell/mannlib/vitro/webapp/dao/jena/VClassDaoJena.java:[660,8] error: class, interface, or enum expected
[ERROR] /workspaces/master-thesis-pascal-joos/code_cure_agent/cca_workspace/Vitro/api/src/main/java/edu/cornell/mannlib/vitro/webapp/dao/jena/VClassDaoJena.java:[662,12] error: class, interface, or enum expected
[ERROR] /workspaces/master-thesis-pascal-joos/code_cure_agent/cca_workspace/Vitro/api/src/main/java/edu/cornell/mannlib/vitro/webapp/dao/jena/VClassDaoJena.java:[663,12] error: class, interface, or enum expected
[ERROR] /workspaces/master-thesis-pascal-joos/code_cure_agent/cca_workspace/Vitro/api/src/main/java/edu/cornell/mannlib/vitro/webapp/dao/jena/VClassDaoJena.java:[665,12] error: class, interface, or enum expected
[ERROR] /workspaces/master-thesis-pascal-joos/code_cure_agent/cca_workspace/Vitro/api/src/main/java/edu/cornell/mannlib/vitro/webapp/dao/jena/VClassDaoJena.java:[668,12] error: class, interface, or enum expected
[ERROR] /workspaces/master-thesis-pascal-joos/code_cure_agent/cca_workspace/Vitro/api/src/main/java/edu/cornell/mannlib/vitro/webapp/dao/jena/VClassDaoJena.java:[669,8] error: class, interface, or enum expected
[ERROR] /workspaces/master-thesis-pascal-joos/code_cure_agent/cca_workspace/Vitro/api/src/main/java/edu/cornell/mannlib/vitro/webapp/dao/jena/VClassDaoJena.java:[672,11] error: class, interface, or enum expected
[ERROR] /workspaces/master-thesis-pascal-joos/code_cure_agent/cca_workspace/Vitro/api/src/main/java/edu/cornell/mannlib/vitro/webapp/dao/jena/VClassDaoJena.java:[675,8] error: class, interface, or enum expected
[ERROR] /workspaces/master-thesis-pascal-joos/code_cure_agent/cca_workspace/Vitro/api/src/main/java/edu/cornell/mannlib/vitro/webapp/dao/jena/VClassDaoJena.java:[677,4] error: class, interface, or enum expected
[ERROR] /workspaces/master-thesis-pascal-joos/code_cure_agent/cca_workspace/Vitro/api/src/main/java/edu/cornell/mannlib/vitro/webapp/dao/jena/VClassDaoJena.java:[679,11] error: class, interface, or enum expected
[ERROR] /workspaces/master-thesis-pascal-joos/code_cure_agent/cca_workspace/Vitro/api/src/main/java/edu/cornell/mannlib/vitro/webapp/dao/jena/VClassDaoJena.java:[682,8] error: class, interface, or enum expected
[ERROR] /workspaces/master-thesis-pascal-joos/code_cure_agent/cca_workspace/Vitro/api/src/main/java/edu/cornell/mannlib/vitro/webapp/dao/jena/VClassDaoJena.java:[684,8] error: class, interface, or enum expected
[ERROR] /workspaces/master-thesis-pascal-joos/code_cure_agent/cca_workspace/Vitro/api/src/main/java/edu/cornell/mannlib/vitro/webapp/dao/jena/VClassDaoJena.java:[686,12] error: class, interface, or enum expected
[ERROR] /workspaces/master-thesis-pascal-joos/code_cure_agent/cca_workspace/Vitro/api/src/main/java/edu/cornell/mannlib/vitro/webapp/dao/jena/VClassDaoJena.java:[687,12] error: class, interface, or enum expected
[ERROR] /workspaces/master-thesis-pascal-joos/code_cure_agent/cca_workspace/Vitro/api/src/main/java/edu/cornell/mannlib/vitro/webapp/dao/jena/VClassDaoJena.java:[688,12] error: class, interface, or enum expected
[ERROR] /workspaces/master-thesis-pascal-joos/code_cure_agent/cca_workspace/Vitro/api/src/main/java/edu/cornell/mannlib/vitro/webapp/dao/jena/VClassDaoJena.java:[689,8] error: class, interface, or enum expected
[ERROR] /workspaces/master-thesis-pascal-joos/code_cure_agent/cca_workspace/Vitro/api/src/main/java/edu/cornell/mannlib/vitro/webapp/dao/jena/VClassDaoJena.java:[691,8] error: class, interface, or enum expected
[ERROR] -> [Help 1]
[ERROR] 
[ERROR] To see the full stack trace of the errors, re-run Maven with the -e switch.
[ERROR] Re-run Maven using the -X switch to enable full debug logging.
[ERROR] 
[ERROR] For more information about the errors and possible solutions, please read the following articles:
[ERROR] [Help 1] http://cwiki.apache.org/confluence/display/MAVEN/MojoFailureException
[ERROR] 
[ERROR] After correcting the problems, you can resume the build with the command
[ERROR]   mvn <args> -rf :vitro-api
