[INFO] Scanning for projects...
[INFO] 
[INFO] -----------------------< org.xerial:sqlite-jdbc >-----------------------
[INFO] Building SQLite JDBC 3.32.3.3-SNAPSHOT
[INFO] --------------------------------[ jar ]---------------------------------
[INFO] 
[INFO] --- maven-clean-plugin:2.5:clean (default-clean) @ sqlite-jdbc ---
[INFO] Deleting /workspaces/master-thesis-pascal-joos/code_cure_agent/cca_workspace/sqlite-jdbc/target
[INFO] 
[INFO] --- maven-enforcer-plugin:1.2:enforce (enforce-maven) @ sqlite-jdbc ---
[INFO] 
[INFO] --- maven-resources-plugin:2.6:resources (default-resources) @ sqlite-jdbc ---
[INFO] Using 'UTF-8' encoding to copy filtered resources.
[INFO] Copying 13 resources
[INFO] Copying 1 resource to META-INF/services
[INFO] Copying 1 resource
[INFO] Copying 3 resources to META-INF/maven/org.xerial/sqlite-jdbc
[INFO] 
[INFO] --- maven-compiler-plugin:3.1:compile (default-compile) @ sqlite-jdbc ---
[INFO] Changes detected - recompiling the module!
[INFO] Compiling 49 source files to /workspaces/master-thesis-pascal-joos/code_cure_agent/cca_workspace/sqlite-jdbc/target/classes
[INFO] -------------------------------------------------------------
[ERROR] COMPILATION ERROR : 
[INFO] -------------------------------------------------------------
[ERROR] /workspaces/master-thesis-pascal-joos/code_cure_agent/cca_workspace/sqlite-jdbc/src/main/java/org/sqlite/jdbc4/JDBC4ResultSet.java:[529,15] <identifier> expected
[INFO] 1 error
[INFO] -------------------------------------------------------------
[INFO] ------------------------------------------------------------------------
[INFO] BUILD FAILURE
[INFO] ------------------------------------------------------------------------
[INFO] Total time:  1.276 s
[INFO] Finished at: 2025-08-29T22:06:49Z
[INFO] ------------------------------------------------------------------------
[ERROR] Failed to execute goal org.apache.maven.plugins:maven-compiler-plugin:3.1:compile (default-compile) on project sqlite-jdbc: Compilation failure
[ERROR] /workspaces/master-thesis-pascal-joos/code_cure_agent/cca_workspace/sqlite-jdbc/src/main/java/org/sqlite/jdbc4/JDBC4ResultSet.java:[529,15] <identifier> expected
[ERROR] -> [Help 1]
[ERROR] 
[ERROR] To see the full stack trace of the errors, re-run Maven with the -e switch.
[ERROR] Re-run Maven using the -X switch to enable full debug logging.
[ERROR] 
[ERROR] For more information about the errors and possible solutions, please read the following articles:
[ERROR] [Help 1] http://cwiki.apache.org/confluence/display/MAVEN/MojoFailureException
