[INFO] Scanning for projects...
[INFO] 
[INFO] -----< com.github.vincentrussell:sql-to-mongo-db-query-converter >------
[INFO] Building sql-to-mongo-db-query-converter 1.19-SNAPSHOT
[INFO] --------------------------------[ jar ]---------------------------------
[INFO] 
[INFO] --- maven-clean-plugin:2.5:clean (default-clean) @ sql-to-mongo-db-query-converter ---
[INFO] Deleting /workspaces/master-thesis-pascal-joos/code_cure_agent/cca_workspace/sql-to-mongo-db-query-converter/target
[INFO] 
[INFO] --- maven-resources-plugin:2.6:resources (default-resources) @ sql-to-mongo-db-query-converter ---
[INFO] Using 'UTF-8' encoding to copy filtered resources.
[INFO] skip non existing resourceDirectory /workspaces/master-thesis-pascal-joos/code_cure_agent/cca_workspace/sql-to-mongo-db-query-converter/src/main/resources
[INFO] 
[INFO] --- maven-compiler-plugin:3.5:compile (default-compile) @ sql-to-mongo-db-query-converter ---
[INFO] Changes detected - recompiling the module!
[INFO] Compiling 27 source files to /workspaces/master-thesis-pascal-joos/code_cure_agent/cca_workspace/sql-to-mongo-db-query-converter/target/classes
[INFO] /workspaces/master-thesis-pascal-joos/code_cure_agent/cca_workspace/sql-to-mongo-db-query-converter/src/main/java/com/github/vincentrussell/query/mongodb/sql/converter/QueryConverter.java: Some input files use or override a deprecated API.
[INFO] /workspaces/master-thesis-pascal-joos/code_cure_agent/cca_workspace/sql-to-mongo-db-query-converter/src/main/java/com/github/vincentrussell/query/mongodb/sql/converter/QueryConverter.java: Recompile with -Xlint:deprecation for details.
[INFO] /workspaces/master-thesis-pascal-joos/code_cure_agent/cca_workspace/sql-to-mongo-db-query-converter/src/main/java/com/github/vincentrussell/query/mongodb/sql/converter/processor/WhereClauseProcessor.java: Some input files use unchecked or unsafe operations.
[INFO] /workspaces/master-thesis-pascal-joos/code_cure_agent/cca_workspace/sql-to-mongo-db-query-converter/src/main/java/com/github/vincentrussell/query/mongodb/sql/converter/processor/WhereClauseProcessor.java: Recompile with -Xlint:unchecked for details.
[INFO] 
[INFO] --- maven-checkstyle-plugin:3.1.1:check (validate) @ sql-to-mongo-db-query-converter ---
[INFO] Starting audit...
Audit done.
[INFO] You have 0 Checkstyle violations.
[INFO] 
[INFO] >>> spotbugs-maven-plugin:4.0.0:check (spotbugs) > :spotbugs @ sql-to-mongo-db-query-converter >>>
[INFO] 
[INFO] --- spotbugs-maven-plugin:4.0.0:spotbugs (spotbugs) @ sql-to-mongo-db-query-converter ---
[INFO] Fork Value is true
[INFO] Done SpotBugs Analysis....
[INFO] 
[INFO] <<< spotbugs-maven-plugin:4.0.0:check (spotbugs) < :spotbugs @ sql-to-mongo-db-query-converter <<<
[INFO] 
[INFO] 
[INFO] --- spotbugs-maven-plugin:4.0.0:check (spotbugs) @ sql-to-mongo-db-query-converter ---
[INFO] BugInstance size is 0
[INFO] Error size is 0
[INFO] No errors/warnings found
[INFO] 
[INFO] --- maven-resources-plugin:2.6:testResources (default-testResources) @ sql-to-mongo-db-query-converter ---
[INFO] Using 'UTF-8' encoding to copy filtered resources.
[INFO] Copying 6 resources
[INFO] 
[INFO] --- maven-compiler-plugin:3.5:testCompile (default-testCompile) @ sql-to-mongo-db-query-converter ---
[INFO] Changes detected - recompiling the module!
[INFO] Compiling 9 source files to /workspaces/master-thesis-pascal-joos/code_cure_agent/cca_workspace/sql-to-mongo-db-query-converter/target/test-classes
[INFO] -------------------------------------------------------------
[ERROR] COMPILATION ERROR : 
[INFO] -------------------------------------------------------------
[ERROR] /workspaces/master-thesis-pascal-joos/code_cure_agent/cca_workspace/sql-to-mongo-db-query-converter/src/test/java/com/github/vincentrussell/query/mongodb/sql/converter/QueryConverterTest.java:[444,9] '(' or '[' expected
[INFO] 1 error
[INFO] -------------------------------------------------------------
[INFO] ------------------------------------------------------------------------
[INFO] BUILD FAILURE
[INFO] ------------------------------------------------------------------------
[INFO] Total time:  10.093 s
[INFO] Finished at: 2025-08-21T14:05:10Z
[INFO] ------------------------------------------------------------------------
[ERROR] Failed to execute goal org.apache.maven.plugins:maven-compiler-plugin:3.5:testCompile (default-testCompile) on project sql-to-mongo-db-query-converter: Compilation failure
[ERROR] /workspaces/master-thesis-pascal-joos/code_cure_agent/cca_workspace/sql-to-mongo-db-query-converter/src/test/java/com/github/vincentrussell/query/mongodb/sql/converter/QueryConverterTest.java:[444,9] '(' or '[' expected
[ERROR] -> [Help 1]
[ERROR] 
[ERROR] To see the full stack trace of the errors, re-run Maven with the -e switch.
[ERROR] Re-run Maven using the -X switch to enable full debug logging.
[ERROR] 
[ERROR] For more information about the errors and possible solutions, please read the following articles:
[ERROR] [Help 1] http://cwiki.apache.org/confluence/display/MAVEN/MojoFailureException
