[INFO] Scanning for projects...
[INFO] ------------------------------------------------------------------------
[INFO] Reactor Build Order:
[INFO] 
[INFO] parent                                                             [pom]
[INFO] FrameWorkMinimized                                                 [jar]
[INFO] msgparser                                                          [jar]
[INFO] MSGViewer                                                          [jar]
[INFO] 
[INFO] ------------------< net.sourceforge.msgviewer:parent >------------------
[INFO] Building parent 1.9.0-SNAPSHOT                                     [1/4]
[INFO] --------------------------------[ pom ]---------------------------------
[INFO] 
[INFO] --- maven-clean-plugin:2.5:clean (default-clean) @ parent ---
[INFO] 
[INFO] --------------------< at.redeye:FrameWorkMinimized >--------------------
[INFO] Building FrameWorkMinimized 1.9.0-SNAPSHOT                         [2/4]
[INFO] --------------------------------[ jar ]---------------------------------
[INFO] 
[INFO] --- maven-clean-plugin:2.5:clean (default-clean) @ FrameWorkMinimized ---
[INFO] 
[INFO] --- maven-resources-plugin:2.4.3:resources (default-resources) @ FrameWorkMinimized ---
[INFO] Using 'UTF-8' encoding to copy filtered resources.
[INFO] Copying 75 resources
[INFO] 
[INFO] --- maven-compiler-plugin:2.3.2:compile (default-compile) @ FrameWorkMinimized ---
[INFO] Compiling 177 source files to /workspaces/CodeCureAgent/code_cure_agent/cca_workspace_1/MsgViewer/FrameWorkMinimized/target/classes
[INFO] -------------------------------------------------------------
[ERROR] COMPILATION ERROR : 
[INFO] -------------------------------------------------------------
[ERROR] /workspaces/CodeCureAgent/code_cure_agent/cca_workspace_1/MsgViewer/FrameWorkMinimized/src/main/java/at/redeye/FrameWork/base/bindtypes/CurrencyEnumHandler.java:[10,48] error: package at.redeye.framework.base.bindtypes.DBEnum does not exist
[ERROR] /workspaces/CodeCureAgent/code_cure_agent/cca_workspace_1/MsgViewer/FrameWorkMinimized/src/main/java/at/redeye/FrameWork/base/bindtypes/CurrencyEnumHandler.java:[17,51] error: package DBEnum does not exist
[ERROR] /workspaces/CodeCureAgent/code_cure_agent/cca_workspace_1/MsgViewer/FrameWorkMinimized/src/main/java/at/redeye/FrameWork/base/bindtypes/CurrencyEnumHandler.java:[227,15] error: cannot find symbol
[INFO] 3 errors 
[INFO] -------------------------------------------------------------
[INFO] ------------------------------------------------------------------------
[INFO] Reactor Summary for parent 1.9.0-SNAPSHOT:
[INFO] 
[INFO] parent ............................................. SUCCESS [  0.113 s]
[INFO] FrameWorkMinimized ................................. FAILURE [  1.633 s]
[INFO] msgparser .......................................... SKIPPED
[INFO] MSGViewer .......................................... SKIPPED
[INFO] ------------------------------------------------------------------------
[INFO] BUILD FAILURE
[INFO] ------------------------------------------------------------------------
[INFO] Total time:  1.851 s
[INFO] Finished at: 2026-01-30T11:28:18Z
[INFO] ------------------------------------------------------------------------
[ERROR] Failed to execute goal org.apache.maven.plugins:maven-compiler-plugin:2.3.2:compile (default-compile) on project FrameWorkMinimized: Compilation failure: Compilation failure: 
[ERROR] /workspaces/CodeCureAgent/code_cure_agent/cca_workspace_1/MsgViewer/FrameWorkMinimized/src/main/java/at/redeye/FrameWork/base/bindtypes/CurrencyEnumHandler.java:[10,48] error: package at.redeye.framework.base.bindtypes.DBEnum does not exist
[ERROR] /workspaces/CodeCureAgent/code_cure_agent/cca_workspace_1/MsgViewer/FrameWorkMinimized/src/main/java/at/redeye/FrameWork/base/bindtypes/CurrencyEnumHandler.java:[17,51] error: package DBEnum does not exist
[ERROR] /workspaces/CodeCureAgent/code_cure_agent/cca_workspace_1/MsgViewer/FrameWorkMinimized/src/main/java/at/redeye/FrameWork/base/bindtypes/CurrencyEnumHandler.java:[227,15] error: cannot find symbol
[ERROR] -> [Help 1]
[ERROR] 
[ERROR] To see the full stack trace of the errors, re-run Maven with the -e switch.
[ERROR] Re-run Maven using the -X switch to enable full debug logging.
[ERROR] 
[ERROR] For more information about the errors and possible solutions, please read the following articles:
[ERROR] [Help 1] http://cwiki.apache.org/confluence/display/MAVEN/MojoFailureException
[ERROR] 
[ERROR] After correcting the problems, you can resume the build with the command
[ERROR]   mvn <args> -rf :FrameWorkMinimized
