[INFO] Scanning for projects...
[INFO] Inspecting build with total of 1 modules...
[INFO] Installing Nexus Staging features:
[INFO]   ... total of 1 executions of maven-deploy-plugin replaced with nexus-staging-maven-plugin
[INFO] 
[INFO] ----------------< com.esri.geometry:esri-geometry-api >-----------------
[INFO] Building Esri Geometry API for Java 2.2.4
[INFO] --------------------------------[ jar ]---------------------------------
[INFO] 
[INFO] --- maven-clean-plugin:2.5:clean (default-clean) @ esri-geometry-api ---
[INFO] Deleting /workspaces/xxxx/code_cure_agent/cca_workspace/geometry-api-java/target
[INFO] 
[INFO] --- maven-resources-plugin:2.6:resources (default-resources) @ esri-geometry-api ---
[INFO] Using 'UTF-8' encoding to copy filtered resources.
[INFO] Copying 6 resources
[INFO] 
[INFO] --- maven-compiler-plugin:2.3.1:compile (default-compile) @ esri-geometry-api ---
[INFO] Compiling 262 source files to /workspaces/xxxx/code_cure_agent/cca_workspace/geometry-api-java/target/classes
[WARNING] /workspaces/xxxx/code_cure_agent/cca_workspace/geometry-api-java/src/main/java/com/esri/core/geometry/SizeOf.java:[27,22] Unsafe is internal proprietary API and may be removed in a future release

[WARNING] /workspaces/xxxx/code_cure_agent/cca_workspace/geometry-api-java/src/main/java/com/esri/core/geometry/SizeOf.java:[28,22] Unsafe is internal proprietary API and may be removed in a future release

[WARNING] /workspaces/xxxx/code_cure_agent/cca_workspace/geometry-api-java/src/main/java/com/esri/core/geometry/SizeOf.java:[29,22] Unsafe is internal proprietary API and may be removed in a future release

[WARNING] /workspaces/xxxx/code_cure_agent/cca_workspace/geometry-api-java/src/main/java/com/esri/core/geometry/SizeOf.java:[30,22] Unsafe is internal proprietary API and may be removed in a future release

[WARNING] /workspaces/xxxx/code_cure_agent/cca_workspace/geometry-api-java/src/main/java/com/esri/core/geometry/SizeOf.java:[31,22] Unsafe is internal proprietary API and may be removed in a future release

[WARNING] /workspaces/xxxx/code_cure_agent/cca_workspace/geometry-api-java/src/main/java/com/esri/core/geometry/SizeOf.java:[32,22] Unsafe is internal proprietary API and may be removed in a future release

[WARNING] /workspaces/xxxx/code_cure_agent/cca_workspace/geometry-api-java/src/main/java/com/esri/core/geometry/SizeOf.java:[33,22] Unsafe is internal proprietary API and may be removed in a future release

[WARNING] /workspaces/xxxx/code_cure_agent/cca_workspace/geometry-api-java/src/main/java/com/esri/core/geometry/SizeOf.java:[34,22] Unsafe is internal proprietary API and may be removed in a future release

[WARNING] /workspaces/xxxx/code_cure_agent/cca_workspace/geometry-api-java/src/main/java/com/esri/core/geometry/SizeOf.java:[35,22] Unsafe is internal proprietary API and may be removed in a future release

[WARNING] /workspaces/xxxx/code_cure_agent/cca_workspace/geometry-api-java/src/main/java/com/esri/core/geometry/SizeOf.java:[36,22] Unsafe is internal proprietary API and may be removed in a future release

[WARNING] /workspaces/xxxx/code_cure_agent/cca_workspace/geometry-api-java/src/main/java/com/esri/core/geometry/SizeOf.java:[37,22] Unsafe is internal proprietary API and may be removed in a future release

[WARNING] /workspaces/xxxx/code_cure_agent/cca_workspace/geometry-api-java/src/main/java/com/esri/core/geometry/SizeOf.java:[38,22] Unsafe is internal proprietary API and may be removed in a future release

[WARNING] /workspaces/xxxx/code_cure_agent/cca_workspace/geometry-api-java/src/main/java/com/esri/core/geometry/SizeOf.java:[39,22] Unsafe is internal proprietary API and may be removed in a future release

[WARNING] /workspaces/xxxx/code_cure_agent/cca_workspace/geometry-api-java/src/main/java/com/esri/core/geometry/SizeOf.java:[40,22] Unsafe is internal proprietary API and may be removed in a future release

[WARNING] /workspaces/xxxx/code_cure_agent/cca_workspace/geometry-api-java/src/main/java/com/esri/core/geometry/SizeOf.java:[41,22] Unsafe is internal proprietary API and may be removed in a future release

[WARNING] /workspaces/xxxx/code_cure_agent/cca_workspace/geometry-api-java/src/main/java/com/esri/core/geometry/SizeOf.java:[42,22] Unsafe is internal proprietary API and may be removed in a future release

[INFO] 
[INFO] --- maven-resources-plugin:2.6:testResources (default-testResources) @ esri-geometry-api ---
[INFO] Using 'UTF-8' encoding to copy filtered resources.
[INFO] Copying 16 resources
[INFO] 
[INFO] --- maven-compiler-plugin:2.3.1:testCompile (default-testCompile) @ esri-geometry-api ---
[INFO] Compiling 59 source files to /workspaces/xxxx/code_cure_agent/cca_workspace/geometry-api-java/target/test-classes
[INFO] -------------------------------------------------------------
[ERROR] COMPILATION ERROR : 
[INFO] -------------------------------------------------------------
[ERROR] /workspaces/xxxx/code_cure_agent/cca_workspace/geometry-api-java/src/test/java/com/esri/core/geometry/TestRelation.java:[520,17] error: <identifier> expected

[ERROR] /workspaces/xxxx/code_cure_agent/cca_workspace/geometry-api-java/src/test/java/com/esri/core/geometry/TestRelation.java:[520,18] error: illegal start of type

[ERROR] /workspaces/xxxx/code_cure_agent/cca_workspace/geometry-api-java/src/test/java/com/esri/core/geometry/TestRelation.java:[521,18] error: <identifier> expected

[ERROR] /workspaces/xxxx/code_cure_agent/cca_workspace/geometry-api-java/src/test/java/com/esri/core/geometry/TestRelation.java:[521,20] error: ';' expected

[ERROR] /workspaces/xxxx/code_cure_agent/cca_workspace/geometry-api-java/src/test/java/com/esri/core/geometry/TestRelation.java:[524,3] error: invalid method declaration; return type required

[ERROR] /workspaces/xxxx/code_cure_agent/cca_workspace/geometry-api-java/src/test/java/com/esri/core/geometry/TestRelation.java:[524,14] error: illegal start of type

[ERROR] /workspaces/xxxx/code_cure_agent/cca_workspace/geometry-api-java/src/test/java/com/esri/core/geometry/TestRelation.java:[525,6] error: <identifier> expected

[ERROR] /workspaces/xxxx/code_cure_agent/cca_workspace/geometry-api-java/src/test/java/com/esri/core/geometry/TestRelation.java:[527,3] error: invalid method declaration; return type required

[ERROR] /workspaces/xxxx/code_cure_agent/cca_workspace/geometry-api-java/src/test/java/com/esri/core/geometry/TestRelation.java:[527,14] error: illegal start of type

[ERROR] /workspaces/xxxx/code_cure_agent/cca_workspace/geometry-api-java/src/test/java/com/esri/core/geometry/TestRelation.java:[529,2] error: class, interface, or enum expected

[ERROR] /workspaces/xxxx/code_cure_agent/cca_workspace/geometry-api-java/src/test/java/com/esri/core/geometry/TestRelation.java:[532,3] error: class, interface, or enum expected

[ERROR] /workspaces/xxxx/code_cure_agent/cca_workspace/geometry-api-java/src/test/java/com/esri/core/geometry/TestRelation.java:[533,3] error: class, interface, or enum expected

[ERROR] /workspaces/xxxx/code_cure_agent/cca_workspace/geometry-api-java/src/test/java/com/esri/core/geometry/TestRelation.java:[534,3] error: class, interface, or enum expected

[ERROR] /workspaces/xxxx/code_cure_agent/cca_workspace/geometry-api-java/src/test/java/com/esri/core/geometry/TestRelation.java:[535,3] error: class, interface, or enum expected

[ERROR] /workspaces/xxxx/code_cure_agent/cca_workspace/geometry-api-java/src/test/java/com/esri/core/geometry/TestRelation.java:[536,3] error: class, interface, or enum expected

[ERROR] /workspaces/xxxx/code_cure_agent/cca_workspace/geometry-api-java/src/test/java/com/esri/core/geometry/TestRelation.java:[537,3] error: class, interface, or enum expected

[ERROR] /workspaces/xxxx/code_cure_agent/cca_workspace/geometry-api-java/src/test/java/com/esri/core/geometry/TestRelation.java:[538,3] error: class, interface, or enum expected

[ERROR] /workspaces/xxxx/code_cure_agent/cca_workspace/geometry-api-java/src/test/java/com/esri/core/geometry/TestRelation.java:[540,3] error: class, interface, or enum expected

[ERROR] /workspaces/xxxx/code_cure_agent/cca_workspace/geometry-api-java/src/test/java/com/esri/core/geometry/TestRelation.java:[541,3] error: class, interface, or enum expected

[ERROR] /workspaces/xxxx/code_cure_agent/cca_workspace/geometry-api-java/src/test/java/com/esri/core/geometry/TestRelation.java:[543,3] error: class, interface, or enum expected

[ERROR] /workspaces/xxxx/code_cure_agent/cca_workspace/geometry-api-java/src/test/java/com/esri/core/geometry/TestRelation.java:[544,2] error: class, interface, or enum expected

[ERROR] /workspaces/xxxx/code_cure_agent/cca_workspace/geometry-api-java/src/test/java/com/esri/core/geometry/TestRelation.java:[548,3] error: class, interface, or enum expected

[ERROR] /workspaces/xxxx/code_cure_agent/cca_workspace/geometry-api-java/src/test/java/com/esri/core/geometry/TestRelation.java:[549,3] error: class, interface, or enum expected

[ERROR] /workspaces/xxxx/code_cure_agent/cca_workspace/geometry-api-java/src/test/java/com/esri/core/geometry/TestRelation.java:[550,3] error: class, interface, or enum expected

[ERROR] /workspaces/xxxx/code_cure_agent/cca_workspace/geometry-api-java/src/test/java/com/esri/core/geometry/TestRelation.java:[551,3] error: class, interface, or enum expected

[ERROR] /workspaces/xxxx/code_cure_agent/cca_workspace/geometry-api-java/src/test/java/com/esri/core/geometry/TestRelation.java:[552,3] error: class, interface, or enum expected

[ERROR] /workspaces/xxxx/code_cure_agent/cca_workspace/geometry-api-java/src/test/java/com/esri/core/geometry/TestRelation.java:[553,3] error: class, interface, or enum expected

[ERROR] /workspaces/xxxx/code_cure_agent/cca_workspace/geometry-api-java/src/test/java/com/esri/core/geometry/TestRelation.java:[554,3] error: class, interface, or enum expected

[ERROR] /workspaces/xxxx/code_cure_agent/cca_workspace/geometry-api-java/src/test/java/com/esri/core/geometry/TestRelation.java:[556,3] error: class, interface, or enum expected

[ERROR] /workspaces/xxxx/code_cure_agent/cca_workspace/geometry-api-java/src/test/java/com/esri/core/geometry/TestRelation.java:[557,3] error: class, interface, or enum expected

[ERROR] /workspaces/xxxx/code_cure_agent/cca_workspace/geometry-api-java/src/test/java/com/esri/core/geometry/TestRelation.java:[559,3] error: class, interface, or enum expected

[ERROR] /workspaces/xxxx/code_cure_agent/cca_workspace/geometry-api-java/src/test/java/com/esri/core/geometry/TestRelation.java:[560,2] error: class, interface, or enum expected

[ERROR] /workspaces/xxxx/code_cure_agent/cca_workspace/geometry-api-java/src/test/java/com/esri/core/geometry/TestRelation.java:[565,3] error: class, interface, or enum expected

[ERROR] /workspaces/xxxx/code_cure_agent/cca_workspace/geometry-api-java/src/test/java/com/esri/core/geometry/TestRelation.java:[566,3] error: class, interface, or enum expected

[ERROR] /workspaces/xxxx/code_cure_agent/cca_workspace/geometry-api-java/src/test/java/com/esri/core/geometry/TestRelation.java:[567,3] error: class, interface, or enum expected

[ERROR] /workspaces/xxxx/code_cure_agent/cca_workspace/geometry-api-java/src/test/java/com/esri/core/geometry/TestRelation.java:[568,3] error: class, interface, or enum expected

[ERROR] /workspaces/xxxx/code_cure_agent/cca_workspace/geometry-api-java/src/test/java/com/esri/core/geometry/TestRelation.java:[569,3] error: class, interface, or enum expected

[ERROR] /workspaces/xxxx/code_cure_agent/cca_workspace/geometry-api-java/src/test/java/com/esri/core/geometry/TestRelation.java:[570,3] error: class, interface, or enum expected

[ERROR] /workspaces/xxxx/code_cure_agent/cca_workspace/geometry-api-java/src/test/java/com/esri/core/geometry/TestRelation.java:[571,3] error: class, interface, or enum expected

[ERROR] /workspaces/xxxx/code_cure_agent/cca_workspace/geometry-api-java/src/test/java/com/esri/core/geometry/TestRelation.java:[573,3] error: class, interface, or enum expected

[ERROR] /workspaces/xxxx/code_cure_agent/cca_workspace/geometry-api-java/src/test/java/com/esri/core/geometry/TestRelation.java:[574,3] error: class, interface, or enum expected

[ERROR] /workspaces/xxxx/code_cure_agent/cca_workspace/geometry-api-java/src/test/java/com/esri/core/geometry/TestRelation.java:[576,3] error: class, interface, or enum expected

[ERROR] /workspaces/xxxx/code_cure_agent/cca_workspace/geometry-api-java/src/test/java/com/esri/core/geometry/TestRelation.java:[577,2] error: class, interface, or enum expected

[ERROR] /workspaces/xxxx/code_cure_agent/cca_workspace/geometry-api-java/src/test/java/com/esri/core/geometry/TestRelation.java:[582,3] error: class, interface, or enum expected

[ERROR] /workspaces/xxxx/code_cure_agent/cca_workspace/geometry-api-java/src/test/java/com/esri/core/geometry/TestRelation.java:[583,3] error: class, interface, or enum expected

[ERROR] /workspaces/xxxx/code_cure_agent/cca_workspace/geometry-api-java/src/test/java/com/esri/core/geometry/TestRelation.java:[584,3] error: class, interface, or enum expected

[ERROR] /workspaces/xxxx/code_cure_agent/cca_workspace/geometry-api-java/src/test/java/com/esri/core/geometry/TestRelation.java:[585,3] error: class, interface, or enum expected

[ERROR] /workspaces/xxxx/code_cure_agent/cca_workspace/geometry-api-java/src/test/java/com/esri/core/geometry/TestRelation.java:[586,3] error: class, interface, or enum expected

[ERROR] /workspaces/xxxx/code_cure_agent/cca_workspace/geometry-api-java/src/test/java/com/esri/core/geometry/TestRelation.java:[587,3] error: class, interface, or enum expected

[ERROR] /workspaces/xxxx/code_cure_agent/cca_workspace/geometry-api-java/src/test/java/com/esri/core/geometry/TestRelation.java:[588,3] error: class, interface, or enum expected

[ERROR] /workspaces/xxxx/code_cure_agent/cca_workspace/geometry-api-java/src/test/java/com/esri/core/geometry/TestRelation.java:[590,3] error: class, interface, or enum expected

[ERROR] /workspaces/xxxx/code_cure_agent/cca_workspace/geometry-api-java/src/test/java/com/esri/core/geometry/TestRelation.java:[591,3] error: class, interface, or enum expected

[ERROR] /workspaces/xxxx/code_cure_agent/cca_workspace/geometry-api-java/src/test/java/com/esri/core/geometry/TestRelation.java:[593,3] error: class, interface, or enum expected

[ERROR] /workspaces/xxxx/code_cure_agent/cca_workspace/geometry-api-java/src/test/java/com/esri/core/geometry/TestRelation.java:[594,2] error: class, interface, or enum expected

[ERROR] /workspaces/xxxx/code_cure_agent/cca_workspace/geometry-api-java/src/test/java/com/esri/core/geometry/TestRelation.java:[599,3] error: class, interface, or enum expected

[ERROR] /workspaces/xxxx/code_cure_agent/cca_workspace/geometry-api-java/src/test/java/com/esri/core/geometry/TestRelation.java:[600,3] error: class, interface, or enum expected

[ERROR] /workspaces/xxxx/code_cure_agent/cca_workspace/geometry-api-java/src/test/java/com/esri/core/geometry/TestRelation.java:[601,3] error: class, interface, or enum expected

[ERROR] /workspaces/xxxx/code_cure_agent/cca_workspace/geometry-api-java/src/test/java/com/esri/core/geometry/TestRelation.java:[602,3] error: class, interface, or enum expected

[ERROR] /workspaces/xxxx/code_cure_agent/cca_workspace/geometry-api-java/src/test/java/com/esri/core/geometry/TestRelation.java:[603,3] error: class, interface, or enum expected

[ERROR] /workspaces/xxxx/code_cure_agent/cca_workspace/geometry-api-java/src/test/java/com/esri/core/geometry/TestRelation.java:[604,3] error: class, interface, or enum expected

[ERROR] /workspaces/xxxx/code_cure_agent/cca_workspace/geometry-api-java/src/test/java/com/esri/core/geometry/TestRelation.java:[605,3] error: class, interface, or enum expected

[ERROR] /workspaces/xxxx/code_cure_agent/cca_workspace/geometry-api-java/src/test/java/com/esri/core/geometry/TestRelation.java:[607,3] error: class, interface, or enum expected

[ERROR] /workspaces/xxxx/code_cure_agent/cca_workspace/geometry-api-java/src/test/java/com/esri/core/geometry/TestRelation.java:[608,3] error: class, interface, or enum expected

[ERROR] /workspaces/xxxx/code_cure_agent/cca_workspace/geometry-api-java/src/test/java/com/esri/core/geometry/TestRelation.java:[610,3] error: class, interface, or enum expected

[ERROR] /workspaces/xxxx/code_cure_agent/cca_workspace/geometry-api-java/src/test/java/com/esri/core/geometry/TestRelation.java:[611,2] error: class, interface, or enum expected

[ERROR] /workspaces/xxxx/code_cure_agent/cca_workspace/geometry-api-java/src/test/java/com/esri/core/geometry/TestRelation.java:[616,3] error: class, interface, or enum expected

[ERROR] /workspaces/xxxx/code_cure_agent/cca_workspace/geometry-api-java/src/test/java/com/esri/core/geometry/TestRelation.java:[617,3] error: class, interface, or enum expected

[ERROR] /workspaces/xxxx/code_cure_agent/cca_workspace/geometry-api-java/src/test/java/com/esri/core/geometry/TestRelation.java:[618,3] error: class, interface, or enum expected

[ERROR] /workspaces/xxxx/code_cure_agent/cca_workspace/geometry-api-java/src/test/java/com/esri/core/geometry/TestRelation.java:[619,3] error: class, interface, or enum expected

[ERROR] /workspaces/xxxx/code_cure_agent/cca_workspace/geometry-api-java/src/test/java/com/esri/core/geometry/TestRelation.java:[620,3] error: class, interface, or enum expected

[ERROR] /workspaces/xxxx/code_cure_agent/cca_workspace/geometry-api-java/src/test/java/com/esri/core/geometry/TestRelation.java:[621,3] error: class, interface, or enum expected

[ERROR] /workspaces/xxxx/code_cure_agent/cca_workspace/geometry-api-java/src/test/java/com/esri/core/geometry/TestRelation.java:[622,3] error: class, interface, or enum expected

[ERROR] /workspaces/xxxx/code_cure_agent/cca_workspace/geometry-api-java/src/test/java/com/esri/core/geometry/TestRelation.java:[624,3] error: class, interface, or enum expected

[ERROR] /workspaces/xxxx/code_cure_agent/cca_workspace/geometry-api-java/src/test/java/com/esri/core/geometry/TestRelation.java:[625,3] error: class, interface, or enum expected

[ERROR] /workspaces/xxxx/code_cure_agent/cca_workspace/geometry-api-java/src/test/java/com/esri/core/geometry/TestRelation.java:[627,3] error: class, interface, or enum expected

[ERROR] /workspaces/xxxx/code_cure_agent/cca_workspace/geometry-api-java/src/test/java/com/esri/core/geometry/TestRelation.java:[628,2] error: class, interface, or enum expected

[ERROR] /workspaces/xxxx/code_cure_agent/cca_workspace/geometry-api-java/src/test/java/com/esri/core/geometry/TestRelation.java:[632,3] error: class, interface, or enum expected

[ERROR] /workspaces/xxxx/code_cure_agent/cca_workspace/geometry-api-java/src/test/java/com/esri/core/geometry/TestRelation.java:[633,3] error: class, interface, or enum expected

[ERROR] /workspaces/xxxx/code_cure_agent/cca_workspace/geometry-api-java/src/test/java/com/esri/core/geometry/TestRelation.java:[634,3] error: class, interface, or enum expected

[ERROR] /workspaces/xxxx/code_cure_agent/cca_workspace/geometry-api-java/src/test/java/com/esri/core/geometry/TestRelation.java:[635,3] error: class, interface, or enum expected

[ERROR] /workspaces/xxxx/code_cure_agent/cca_workspace/geometry-api-java/src/test/java/com/esri/core/geometry/TestRelation.java:[636,3] error: class, interface, or enum expected

[ERROR] /workspaces/xxxx/code_cure_agent/cca_workspace/geometry-api-java/src/test/java/com/esri/core/geometry/TestRelation.java:[638,3] error: class, interface, or enum expected

[ERROR] /workspaces/xxxx/code_cure_agent/cca_workspace/geometry-api-java/src/test/java/com/esri/core/geometry/TestRelation.java:[639,3] error: class, interface, or enum expected

[ERROR] /workspaces/xxxx/code_cure_agent/cca_workspace/geometry-api-java/src/test/java/com/esri/core/geometry/TestRelation.java:[641,3] error: class, interface, or enum expected

[ERROR] /workspaces/xxxx/code_cure_agent/cca_workspace/geometry-api-java/src/test/java/com/esri/core/geometry/TestRelation.java:[642,2] error: class, interface, or enum expected

[ERROR] /workspaces/xxxx/code_cure_agent/cca_workspace/geometry-api-java/src/test/java/com/esri/core/geometry/TestRelation.java:[646,3] error: class, interface, or enum expected

[ERROR] /workspaces/xxxx/code_cure_agent/cca_workspace/geometry-api-java/src/test/java/com/esri/core/geometry/TestRelation.java:[647,3] error: class, interface, or enum expected

[ERROR] /workspaces/xxxx/code_cure_agent/cca_workspace/geometry-api-java/src/test/java/com/esri/core/geometry/TestRelation.java:[648,3] error: class, interface, or enum expected

[ERROR] /workspaces/xxxx/code_cure_agent/cca_workspace/geometry-api-java/src/test/java/com/esri/core/geometry/TestRelation.java:[649,3] error: class, interface, or enum expected

[ERROR] /workspaces/xxxx/code_cure_agent/cca_workspace/geometry-api-java/src/test/java/com/esri/core/geometry/TestRelation.java:[650,3] error: class, interface, or enum expected

[ERROR] /workspaces/xxxx/code_cure_agent/cca_workspace/geometry-api-java/src/test/java/com/esri/core/geometry/TestRelation.java:[652,3] error: class, interface, or enum expected

[ERROR] /workspaces/xxxx/code_cure_agent/cca_workspace/geometry-api-java/src/test/java/com/esri/core/geometry/TestRelation.java:[653,3] error: class, interface, or enum expected

[ERROR] /workspaces/xxxx/code_cure_agent/cca_workspace/geometry-api-java/src/test/java/com/esri/core/geometry/TestRelation.java:[655,3] error: class, interface, or enum expected

[ERROR] /workspaces/xxxx/code_cure_agent/cca_workspace/geometry-api-java/src/test/java/com/esri/core/geometry/TestRelation.java:[656,2] error: class, interface, or enum expected

[ERROR] /workspaces/xxxx/code_cure_agent/cca_workspace/geometry-api-java/src/test/java/com/esri/core/geometry/TestRelation.java:[660,8] error: class, interface, or enum expected

[ERROR] /workspaces/xxxx/code_cure_agent/cca_workspace/geometry-api-java/src/test/java/com/esri/core/geometry/TestRelation.java:[663,2] error: class, interface, or enum expected

[ERROR] /workspaces/xxxx/code_cure_agent/cca_workspace/geometry-api-java/src/test/java/com/esri/core/geometry/TestRelation.java:[665,2] error: class, interface, or enum expected

[ERROR] /workspaces/xxxx/code_cure_agent/cca_workspace/geometry-api-java/src/test/java/com/esri/core/geometry/TestRelation.java:[670,2] error: class, interface, or enum expected

[ERROR] /workspaces/xxxx/code_cure_agent/cca_workspace/geometry-api-java/src/test/java/com/esri/core/geometry/TestRelation.java:[671,2] error: class, interface, or enum expected

[ERROR] /workspaces/xxxx/code_cure_agent/cca_workspace/geometry-api-java/src/test/java/com/esri/core/geometry/TestRelation.java:[673,2] error: class, interface, or enum expected

[INFO] 100 errors 
[INFO] -------------------------------------------------------------
[INFO] ------------------------------------------------------------------------
[INFO] BUILD FAILURE
[INFO] ------------------------------------------------------------------------
[INFO] Total time:  3.874 s
[INFO] Finished at: 2025-08-20T12:22:18Z
[INFO] ------------------------------------------------------------------------
[ERROR] Failed to execute goal org.apache.maven.plugins:maven-compiler-plugin:2.3.1:testCompile (default-testCompile) on project esri-geometry-api: Compilation failure: Compilation failure: 
[ERROR] /workspaces/xxxx/code_cure_agent/cca_workspace/geometry-api-java/src/test/java/com/esri/core/geometry/TestRelation.java:[520,17] error: <identifier> expected
[ERROR] 
[ERROR] /workspaces/xxxx/code_cure_agent/cca_workspace/geometry-api-java/src/test/java/com/esri/core/geometry/TestRelation.java:[520,18] error: illegal start of type
[ERROR] 
[ERROR] /workspaces/xxxx/code_cure_agent/cca_workspace/geometry-api-java/src/test/java/com/esri/core/geometry/TestRelation.java:[521,18] error: <identifier> expected
[ERROR] 
[ERROR] /workspaces/xxxx/code_cure_agent/cca_workspace/geometry-api-java/src/test/java/com/esri/core/geometry/TestRelation.java:[521,20] error: ';' expected
[ERROR] 
[ERROR] /workspaces/xxxx/code_cure_agent/cca_workspace/geometry-api-java/src/test/java/com/esri/core/geometry/TestRelation.java:[524,3] error: invalid method declaration; return type required
[ERROR] 
[ERROR] /workspaces/xxxx/code_cure_agent/cca_workspace/geometry-api-java/src/test/java/com/esri/core/geometry/TestRelation.java:[524,14] error: illegal start of type
[ERROR] 
[ERROR] /workspaces/xxxx/code_cure_agent/cca_workspace/geometry-api-java/src/test/java/com/esri/core/geometry/TestRelation.java:[525,6] error: <identifier> expected
[ERROR] 
[ERROR] /workspaces/xxxx/code_cure_agent/cca_workspace/geometry-api-java/src/test/java/com/esri/core/geometry/TestRelation.java:[527,3] error: invalid method declaration; return type required
[ERROR] 
[ERROR] /workspaces/xxxx/code_cure_agent/cca_workspace/geometry-api-java/src/test/java/com/esri/core/geometry/TestRelation.java:[527,14] error: illegal start of type
[ERROR] 
[ERROR] /workspaces/xxxx/code_cure_agent/cca_workspace/geometry-api-java/src/test/java/com/esri/core/geometry/TestRelation.java:[529,2] error: class, interface, or enum expected
[ERROR] 
[ERROR] /workspaces/xxxx/code_cure_agent/cca_workspace/geometry-api-java/src/test/java/com/esri/core/geometry/TestRelation.java:[532,3] error: class, interface, or enum expected
[ERROR] 
[ERROR] /workspaces/xxxx/code_cure_agent/cca_workspace/geometry-api-java/src/test/java/com/esri/core/geometry/TestRelation.java:[533,3] error: class, interface, or enum expected
[ERROR] 
[ERROR] /workspaces/xxxx/code_cure_agent/cca_workspace/geometry-api-java/src/test/java/com/esri/core/geometry/TestRelation.java:[534,3] error: class, interface, or enum expected
[ERROR] 
[ERROR] /workspaces/xxxx/code_cure_agent/cca_workspace/geometry-api-java/src/test/java/com/esri/core/geometry/TestRelation.java:[535,3] error: class, interface, or enum expected
[ERROR] 
[ERROR] /workspaces/xxxx/code_cure_agent/cca_workspace/geometry-api-java/src/test/java/com/esri/core/geometry/TestRelation.java:[536,3] error: class, interface, or enum expected
[ERROR] 
[ERROR] /workspaces/xxxx/code_cure_agent/cca_workspace/geometry-api-java/src/test/java/com/esri/core/geometry/TestRelation.java:[537,3] error: class, interface, or enum expected
[ERROR] 
[ERROR] /workspaces/xxxx/code_cure_agent/cca_workspace/geometry-api-java/src/test/java/com/esri/core/geometry/TestRelation.java:[538,3] error: class, interface, or enum expected
[ERROR] 
[ERROR] /workspaces/xxxx/code_cure_agent/cca_workspace/geometry-api-java/src/test/java/com/esri/core/geometry/TestRelation.java:[540,3] error: class, interface, or enum expected
[ERROR] 
[ERROR] /workspaces/xxxx/code_cure_agent/cca_workspace/geometry-api-java/src/test/java/com/esri/core/geometry/TestRelation.java:[541,3] error: class, interface, or enum expected
[ERROR] 
[ERROR] /workspaces/xxxx/code_cure_agent/cca_workspace/geometry-api-java/src/test/java/com/esri/core/geometry/TestRelation.java:[543,3] error: class, interface, or enum expected
[ERROR] 
[ERROR] /workspaces/xxxx/code_cure_agent/cca_workspace/geometry-api-java/src/test/java/com/esri/core/geometry/TestRelation.java:[544,2] error: class, interface, or enum expected
[ERROR] 
[ERROR] /workspaces/xxxx/code_cure_agent/cca_workspace/geometry-api-java/src/test/java/com/esri/core/geometry/TestRelation.java:[548,3] error: class, interface, or enum expected
[ERROR] 
[ERROR] /workspaces/xxxx/code_cure_agent/cca_workspace/geometry-api-java/src/test/java/com/esri/core/geometry/TestRelation.java:[549,3] error: class, interface, or enum expected
[ERROR] 
[ERROR] /workspaces/xxxx/code_cure_agent/cca_workspace/geometry-api-java/src/test/java/com/esri/core/geometry/TestRelation.java:[550,3] error: class, interface, or enum expected
[ERROR] 
[ERROR] /workspaces/xxxx/code_cure_agent/cca_workspace/geometry-api-java/src/test/java/com/esri/core/geometry/TestRelation.java:[551,3] error: class, interface, or enum expected
[ERROR] 
[ERROR] /workspaces/xxxx/code_cure_agent/cca_workspace/geometry-api-java/src/test/java/com/esri/core/geometry/TestRelation.java:[552,3] error: class, interface, or enum expected
[ERROR] 
[ERROR] /workspaces/xxxx/code_cure_agent/cca_workspace/geometry-api-java/src/test/java/com/esri/core/geometry/TestRelation.java:[553,3] error: class, interface, or enum expected
[ERROR] 
[ERROR] /workspaces/xxxx/code_cure_agent/cca_workspace/geometry-api-java/src/test/java/com/esri/core/geometry/TestRelation.java:[554,3] error: class, interface, or enum expected
[ERROR] 
[ERROR] /workspaces/xxxx/code_cure_agent/cca_workspace/geometry-api-java/src/test/java/com/esri/core/geometry/TestRelation.java:[556,3] error: class, interface, or enum expected
[ERROR] 
[ERROR] /workspaces/xxxx/code_cure_agent/cca_workspace/geometry-api-java/src/test/java/com/esri/core/geometry/TestRelation.java:[557,3] error: class, interface, or enum expected
[ERROR] 
[ERROR] /workspaces/xxxx/code_cure_agent/cca_workspace/geometry-api-java/src/test/java/com/esri/core/geometry/TestRelation.java:[559,3] error: class, interface, or enum expected
[ERROR] 
[ERROR] /workspaces/xxxx/code_cure_agent/cca_workspace/geometry-api-java/src/test/java/com/esri/core/geometry/TestRelation.java:[560,2] error: class, interface, or enum expected
[ERROR] 
[ERROR] /workspaces/xxxx/code_cure_agent/cca_workspace/geometry-api-java/src/test/java/com/esri/core/geometry/TestRelation.java:[565,3] error: class, interface, or enum expected
[ERROR] 
[ERROR] /workspaces/xxxx/code_cure_agent/cca_workspace/geometry-api-java/src/test/java/com/esri/core/geometry/TestRelation.java:[566,3] error: class, interface, or enum expected
[ERROR] 
[ERROR] /workspaces/xxxx/code_cure_agent/cca_workspace/geometry-api-java/src/test/java/com/esri/core/geometry/TestRelation.java:[567,3] error: class, interface, or enum expected
[ERROR] 
[ERROR] /workspaces/xxxx/code_cure_agent/cca_workspace/geometry-api-java/src/test/java/com/esri/core/geometry/TestRelation.java:[568,3] error: class, interface, or enum expected
[ERROR] 
[ERROR] /workspaces/xxxx/code_cure_agent/cca_workspace/geometry-api-java/src/test/java/com/esri/core/geometry/TestRelation.java:[569,3] error: class, interface, or enum expected
[ERROR] 
[ERROR] /workspaces/xxxx/code_cure_agent/cca_workspace/geometry-api-java/src/test/java/com/esri/core/geometry/TestRelation.java:[570,3] error: class, interface, or enum expected
[ERROR] 
[ERROR] /workspaces/xxxx/code_cure_agent/cca_workspace/geometry-api-java/src/test/java/com/esri/core/geometry/TestRelation.java:[571,3] error: class, interface, or enum expected
[ERROR] 
[ERROR] /workspaces/xxxx/code_cure_agent/cca_workspace/geometry-api-java/src/test/java/com/esri/core/geometry/TestRelation.java:[573,3] error: class, interface, or enum expected
[ERROR] 
[ERROR] /workspaces/xxxx/code_cure_agent/cca_workspace/geometry-api-java/src/test/java/com/esri/core/geometry/TestRelation.java:[574,3] error: class, interface, or enum expected
[ERROR] 
[ERROR] /workspaces/xxxx/code_cure_agent/cca_workspace/geometry-api-java/src/test/java/com/esri/core/geometry/TestRelation.java:[576,3] error: class, interface, or enum expected
[ERROR] 
[ERROR] /workspaces/xxxx/code_cure_agent/cca_workspace/geometry-api-java/src/test/java/com/esri/core/geometry/TestRelation.java:[577,2] error: class, interface, or enum expected
[ERROR] 
[ERROR] /workspaces/xxxx/code_cure_agent/cca_workspace/geometry-api-java/src/test/java/com/esri/core/geometry/TestRelation.java:[582,3] error: class, interface, or enum expected
[ERROR] 
[ERROR] /workspaces/xxxx/code_cure_agent/cca_workspace/geometry-api-java/src/test/java/com/esri/core/geometry/TestRelation.java:[583,3] error: class, interface, or enum expected
[ERROR] 
[ERROR] /workspaces/xxxx/code_cure_agent/cca_workspace/geometry-api-java/src/test/java/com/esri/core/geometry/TestRelation.java:[584,3] error: class, interface, or enum expected
[ERROR] 
[ERROR] /workspaces/xxxx/code_cure_agent/cca_workspace/geometry-api-java/src/test/java/com/esri/core/geometry/TestRelation.java:[585,3] error: class, interface, or enum expected
[ERROR] 
[ERROR] /workspaces/xxxx/code_cure_agent/cca_workspace/geometry-api-java/src/test/java/com/esri/core/geometry/TestRelation.java:[586,3] error: class, interface, or enum expected
[ERROR] 
[ERROR] /workspaces/xxxx/code_cure_agent/cca_workspace/geometry-api-java/src/test/java/com/esri/core/geometry/TestRelation.java:[587,3] error: class, interface, or enum expected
[ERROR] 
[ERROR] /workspaces/xxxx/code_cure_agent/cca_workspace/geometry-api-java/src/test/java/com/esri/core/geometry/TestRelation.java:[588,3] error: class, interface, or enum expected
[ERROR] 
[ERROR] /workspaces/xxxx/code_cure_agent/cca_workspace/geometry-api-java/src/test/java/com/esri/core/geometry/TestRelation.java:[590,3] error: class, interface, or enum expected
[ERROR] 
[ERROR] /workspaces/xxxx/code_cure_agent/cca_workspace/geometry-api-java/src/test/java/com/esri/core/geometry/TestRelation.java:[591,3] error: class, interface, or enum expected
[ERROR] 
[ERROR] /workspaces/xxxx/code_cure_agent/cca_workspace/geometry-api-java/src/test/java/com/esri/core/geometry/TestRelation.java:[593,3] error: class, interface, or enum expected
[ERROR] 
[ERROR] /workspaces/xxxx/code_cure_agent/cca_workspace/geometry-api-java/src/test/java/com/esri/core/geometry/TestRelation.java:[594,2] error: class, interface, or enum expected
[ERROR] 
[ERROR] /workspaces/xxxx/code_cure_agent/cca_workspace/geometry-api-java/src/test/java/com/esri/core/geometry/TestRelation.java:[599,3] error: class, interface, or enum expected
[ERROR] 
[ERROR] /workspaces/xxxx/code_cure_agent/cca_workspace/geometry-api-java/src/test/java/com/esri/core/geometry/TestRelation.java:[600,3] error: class, interface, or enum expected
[ERROR] 
[ERROR] /workspaces/xxxx/code_cure_agent/cca_workspace/geometry-api-java/src/test/java/com/esri/core/geometry/TestRelation.java:[601,3] error: class, interface, or enum expected
[ERROR] 
[ERROR] /workspaces/xxxx/code_cure_agent/cca_workspace/geometry-api-java/src/test/java/com/esri/core/geometry/TestRelation.java:[602,3] error: class, interface, or enum expected
[ERROR] 
[ERROR] /workspaces/xxxx/code_cure_agent/cca_workspace/geometry-api-java/src/test/java/com/esri/core/geometry/TestRelation.java:[603,3] error: class, interface, or enum expected
[ERROR] 
[ERROR] /workspaces/xxxx/code_cure_agent/cca_workspace/geometry-api-java/src/test/java/com/esri/core/geometry/TestRelation.java:[604,3] error: class, interface, or enum expected
[ERROR] 
[ERROR] /workspaces/xxxx/code_cure_agent/cca_workspace/geometry-api-java/src/test/java/com/esri/core/geometry/TestRelation.java:[605,3] error: class, interface, or enum expected
[ERROR] 
[ERROR] /workspaces/xxxx/code_cure_agent/cca_workspace/geometry-api-java/src/test/java/com/esri/core/geometry/TestRelation.java:[607,3] error: class, interface, or enum expected
[ERROR] 
[ERROR] /workspaces/xxxx/code_cure_agent/cca_workspace/geometry-api-java/src/test/java/com/esri/core/geometry/TestRelation.java:[608,3] error: class, interface, or enum expected
[ERROR] 
[ERROR] /workspaces/xxxx/code_cure_agent/cca_workspace/geometry-api-java/src/test/java/com/esri/core/geometry/TestRelation.java:[610,3] error: class, interface, or enum expected
[ERROR] 
[ERROR] /workspaces/xxxx/code_cure_agent/cca_workspace/geometry-api-java/src/test/java/com/esri/core/geometry/TestRelation.java:[611,2] error: class, interface, or enum expected
[ERROR] 
[ERROR] /workspaces/xxxx/code_cure_agent/cca_workspace/geometry-api-java/src/test/java/com/esri/core/geometry/TestRelation.java:[616,3] error: class, interface, or enum expected
[ERROR] 
[ERROR] /workspaces/xxxx/code_cure_agent/cca_workspace/geometry-api-java/src/test/java/com/esri/core/geometry/TestRelation.java:[617,3] error: class, interface, or enum expected
[ERROR] 
[ERROR] /workspaces/xxxx/code_cure_agent/cca_workspace/geometry-api-java/src/test/java/com/esri/core/geometry/TestRelation.java:[618,3] error: class, interface, or enum expected
[ERROR] 
[ERROR] /workspaces/xxxx/code_cure_agent/cca_workspace/geometry-api-java/src/test/java/com/esri/core/geometry/TestRelation.java:[619,3] error: class, interface, or enum expected
[ERROR] 
[ERROR] /workspaces/xxxx/code_cure_agent/cca_workspace/geometry-api-java/src/test/java/com/esri/core/geometry/TestRelation.java:[620,3] error: class, interface, or enum expected
[ERROR] 
[ERROR] /workspaces/xxxx/code_cure_agent/cca_workspace/geometry-api-java/src/test/java/com/esri/core/geometry/TestRelation.java:[621,3] error: class, interface, or enum expected
[ERROR] 
[ERROR] /workspaces/xxxx/code_cure_agent/cca_workspace/geometry-api-java/src/test/java/com/esri/core/geometry/TestRelation.java:[622,3] error: class, interface, or enum expected
[ERROR] 
[ERROR] /workspaces/xxxx/code_cure_agent/cca_workspace/geometry-api-java/src/test/java/com/esri/core/geometry/TestRelation.java:[624,3] error: class, interface, or enum expected
[ERROR] 
[ERROR] /workspaces/xxxx/code_cure_agent/cca_workspace/geometry-api-java/src/test/java/com/esri/core/geometry/TestRelation.java:[625,3] error: class, interface, or enum expected
[ERROR] 
[ERROR] /workspaces/xxxx/code_cure_agent/cca_workspace/geometry-api-java/src/test/java/com/esri/core/geometry/TestRelation.java:[627,3] error: class, interface, or enum expected
[ERROR] 
[ERROR] /workspaces/xxxx/code_cure_agent/cca_workspace/geometry-api-java/src/test/java/com/esri/core/geometry/TestRelation.java:[628,2] error: class, interface, or enum expected
[ERROR] 
[ERROR] /workspaces/xxxx/code_cure_agent/cca_workspace/geometry-api-java/src/test/java/com/esri/core/geometry/TestRelation.java:[632,3] error: class, interface, or enum expected
[ERROR] 
[ERROR] /workspaces/xxxx/code_cure_agent/cca_workspace/geometry-api-java/src/test/java/com/esri/core/geometry/TestRelation.java:[633,3] error: class, interface, or enum expected
[ERROR] 
[ERROR] /workspaces/xxxx/code_cure_agent/cca_workspace/geometry-api-java/src/test/java/com/esri/core/geometry/TestRelation.java:[634,3] error: class, interface, or enum expected
[ERROR] 
[ERROR] /workspaces/xxxx/code_cure_agent/cca_workspace/geometry-api-java/src/test/java/com/esri/core/geometry/TestRelation.java:[635,3] error: class, interface, or enum expected
[ERROR] 
[ERROR] /workspaces/xxxx/code_cure_agent/cca_workspace/geometry-api-java/src/test/java/com/esri/core/geometry/TestRelation.java:[636,3] error: class, interface, or enum expected
[ERROR] 
[ERROR] /workspaces/xxxx/code_cure_agent/cca_workspace/geometry-api-java/src/test/java/com/esri/core/geometry/TestRelation.java:[638,3] error: class, interface, or enum expected
[ERROR] 
[ERROR] /workspaces/xxxx/code_cure_agent/cca_workspace/geometry-api-java/src/test/java/com/esri/core/geometry/TestRelation.java:[639,3] error: class, interface, or enum expected
[ERROR] 
[ERROR] /workspaces/xxxx/code_cure_agent/cca_workspace/geometry-api-java/src/test/java/com/esri/core/geometry/TestRelation.java:[641,3] error: class, interface, or enum expected
[ERROR] 
[ERROR] /workspaces/xxxx/code_cure_agent/cca_workspace/geometry-api-java/src/test/java/com/esri/core/geometry/TestRelation.java:[642,2] error: class, interface, or enum expected
[ERROR] 
[ERROR] /workspaces/xxxx/code_cure_agent/cca_workspace/geometry-api-java/src/test/java/com/esri/core/geometry/TestRelation.java:[646,3] error: class, interface, or enum expected
[ERROR] 
[ERROR] /workspaces/xxxx/code_cure_agent/cca_workspace/geometry-api-java/src/test/java/com/esri/core/geometry/TestRelation.java:[647,3] error: class, interface, or enum expected
[ERROR] 
[ERROR] /workspaces/xxxx/code_cure_agent/cca_workspace/geometry-api-java/src/test/java/com/esri/core/geometry/TestRelation.java:[648,3] error: class, interface, or enum expected
[ERROR] 
[ERROR] /workspaces/xxxx/code_cure_agent/cca_workspace/geometry-api-java/src/test/java/com/esri/core/geometry/TestRelation.java:[649,3] error: class, interface, or enum expected
[ERROR] 
[ERROR] /workspaces/xxxx/code_cure_agent/cca_workspace/geometry-api-java/src/test/java/com/esri/core/geometry/TestRelation.java:[650,3] error: class, interface, or enum expected
[ERROR] 
[ERROR] /workspaces/xxxx/code_cure_agent/cca_workspace/geometry-api-java/src/test/java/com/esri/core/geometry/TestRelation.java:[652,3] error: class, interface, or enum expected
[ERROR] 
[ERROR] /workspaces/xxxx/code_cure_agent/cca_workspace/geometry-api-java/src/test/java/com/esri/core/geometry/TestRelation.java:[653,3] error: class, interface, or enum expected
[ERROR] 
[ERROR] /workspaces/xxxx/code_cure_agent/cca_workspace/geometry-api-java/src/test/java/com/esri/core/geometry/TestRelation.java:[655,3] error: class, interface, or enum expected
[ERROR] 
[ERROR] /workspaces/xxxx/code_cure_agent/cca_workspace/geometry-api-java/src/test/java/com/esri/core/geometry/TestRelation.java:[656,2] error: class, interface, or enum expected
[ERROR] 
[ERROR] /workspaces/xxxx/code_cure_agent/cca_workspace/geometry-api-java/src/test/java/com/esri/core/geometry/TestRelation.java:[660,8] error: class, interface, or enum expected
[ERROR] 
[ERROR] /workspaces/xxxx/code_cure_agent/cca_workspace/geometry-api-java/src/test/java/com/esri/core/geometry/TestRelation.java:[663,2] error: class, interface, or enum expected
[ERROR] 
[ERROR] /workspaces/xxxx/code_cure_agent/cca_workspace/geometry-api-java/src/test/java/com/esri/core/geometry/TestRelation.java:[665,2] error: class, interface, or enum expected
[ERROR] 
[ERROR] /workspaces/xxxx/code_cure_agent/cca_workspace/geometry-api-java/src/test/java/com/esri/core/geometry/TestRelation.java:[670,2] error: class, interface, or enum expected
[ERROR] 
[ERROR] /workspaces/xxxx/code_cure_agent/cca_workspace/geometry-api-java/src/test/java/com/esri/core/geometry/TestRelation.java:[671,2] error: class, interface, or enum expected
[ERROR] 
[ERROR] /workspaces/xxxx/code_cure_agent/cca_workspace/geometry-api-java/src/test/java/com/esri/core/geometry/TestRelation.java:[673,2] error: class, interface, or enum expected
[ERROR] -> [Help 1]
[ERROR] 
[ERROR] To see the full stack trace of the errors, re-run Maven with the -e switch.
[ERROR] Re-run Maven using the -X switch to enable full debug logging.
[ERROR] 
[ERROR] For more information about the errors and possible solutions, please read the following articles:
[ERROR] [Help 1] http://cwiki.apache.org/confluence/display/MAVEN/MojoFailureException
