[INFO] Scanning for projects...
[INFO] 
[INFO] ----------------------< com.garbagemule:mobarena >----------------------
[INFO] Building MobArena 0.105.1-SNAPSHOT
[INFO] --------------------------------[ jar ]---------------------------------
[INFO] 
[INFO] --- maven-clean-plugin:2.5:clean (default-clean) @ mobarena ---
[INFO] 
[INFO] --- maven-resources-plugin:2.6:resources (default-resources) @ mobarena ---
[INFO] Using 'UTF-8' encoding to copy filtered resources.
[INFO] Copying 9 resources
[INFO] 
[INFO] --- maven-compiler-plugin:3.8.1:compile (default-compile) @ mobarena ---
[INFO] Changes detected - recompiling the module!
[INFO] Compiling 245 source files to /workspaces/CodeCureAgent/code_cure_agent/cca_workspace_3/MobArena/target/classes
[INFO] /workspaces/CodeCureAgent/code_cure_agent/cca_workspace_3/MobArena/src/main/java/com/garbagemule/MobArena/commands/admin/AddRewardCommand.java: Some input files use or override a deprecated API.
[INFO] /workspaces/CodeCureAgent/code_cure_agent/cca_workspace_3/MobArena/src/main/java/com/garbagemule/MobArena/commands/admin/AddRewardCommand.java: Recompile with -Xlint:deprecation for details.
[INFO] -------------------------------------------------------------
[ERROR] COMPILATION ERROR : 
[INFO] -------------------------------------------------------------
[ERROR] /workspaces/CodeCureAgent/code_cure_agent/cca_workspace_3/MobArena/src/main/java/com/garbagemule/MobArena/waves/ability/core/ObsidianBomb.java:[20,8] duplicate class: com.garbagemule.mobarena.waves.ability.core.ObsidianBomb
[ERROR] /workspaces/CodeCureAgent/code_cure_agent/cca_workspace_3/MobArena/src/main/java/com/garbagemule/MobArena/waves/ability/AbilityManager.java:[14,51] cannot access com.garbagemule.MobArena.waves.ability.core.ObsidianBomb
  bad source file: /workspaces/CodeCureAgent/code_cure_agent/cca_workspace_3/MobArena/src/main/java/com/garbagemule/MobArena/waves/ability/core/ObsidianBomb.java
    file does not contain class com.garbagemule.MobArena.waves.ability.core.ObsidianBomb
    Please remove or make sure it appears in the correct subdirectory of the sourcepath.
[ERROR] /workspaces/CodeCureAgent/code_cure_agent/cca_workspace_3/MobArena/src/main/java/com/garbagemule/MobArena/waves/ability/core/ObsidianBomb.java:[3,42] package com.garbagemule.mobarena.framework does not exist
[ERROR] /workspaces/CodeCureAgent/code_cure_agent/cca_workspace_3/MobArena/src/main/java/com/garbagemule/MobArena/waves/ability/core/ObsidianBomb.java:[4,38] cannot find symbol
  symbol:   class MABoss
  location: package com.garbagemule.mobarena.waves
[ERROR] /workspaces/CodeCureAgent/code_cure_agent/cca_workspace_3/MobArena/src/main/java/com/garbagemule/MobArena/waves/ability/core/ObsidianBomb.java:[5,46] cannot find symbol
  symbol:   class Ability
  location: package com.garbagemule.mobarena.waves.ability
[ERROR] /workspaces/CodeCureAgent/code_cure_agent/cca_workspace_3/MobArena/src/main/java/com/garbagemule/MobArena/waves/ability/core/ObsidianBomb.java:[6,46] cannot find symbol
  symbol:   class AbilityInfo
  location: package com.garbagemule.mobarena.waves.ability
[ERROR] /workspaces/CodeCureAgent/code_cure_agent/cca_workspace_3/MobArena/src/main/java/com/garbagemule/MobArena/waves/ability/core/ObsidianBomb.java:[7,46] cannot find symbol
  symbol:   class AbilityUtils
  location: package com.garbagemule.mobarena.waves.ability
[ERROR] /workspaces/CodeCureAgent/code_cure_agent/cca_workspace_3/MobArena/src/main/java/com/garbagemule/MobArena/waves/ability/core/ObsidianBomb.java:[20,38] cannot find symbol
  symbol: class Ability
[ERROR] /workspaces/CodeCureAgent/code_cure_agent/cca_workspace_3/MobArena/src/main/java/com/garbagemule/MobArena/waves/ability/core/ObsidianBomb.java:[16,2] cannot find symbol
  symbol: class AbilityInfo
[ERROR] /workspaces/CodeCureAgent/code_cure_agent/cca_workspace_3/MobArena/src/main/java/com/garbagemule/MobArena/waves/ability/core/ObsidianBomb.java:[28,31] cannot find symbol
  symbol:   class Arena
  location: class com.garbagemule.mobarena.waves.ability.core.ObsidianBomb
[ERROR] /workspaces/CodeCureAgent/code_cure_agent/cca_workspace_3/MobArena/src/main/java/com/garbagemule/MobArena/waves/ability/core/ObsidianBomb.java:[28,44] cannot find symbol
  symbol:   class MABoss
  location: class com.garbagemule.mobarena.waves.ability.core.ObsidianBomb
[ERROR] /workspaces/CodeCureAgent/code_cure_agent/cca_workspace_3/MobArena/src/main/java/com/garbagemule/MobArena/waves/ability/AbilityManager.java:[80,18] cannot find symbol
  symbol:   class ObsidianBomb
  location: class com.garbagemule.MobArena.waves.ability.AbilityManager
[ERROR] /workspaces/CodeCureAgent/code_cure_agent/cca_workspace_3/MobArena/src/main/java/com/garbagemule/MobArena/waves/ability/core/ObsidianBomb.java:[27,5] method does not override or implement a method from a supertype
[ERROR] /workspaces/CodeCureAgent/code_cure_agent/cca_workspace_3/MobArena/src/main/java/com/garbagemule/MobArena/waves/ability/core/ObsidianBomb.java:[30,31] cannot find symbol
  symbol:   variable AbilityUtils
  location: class com.garbagemule.mobarena.waves.ability.core.ObsidianBomb
[INFO] 14 errors 
[INFO] -------------------------------------------------------------
[INFO] ------------------------------------------------------------------------
[INFO] BUILD FAILURE
[INFO] ------------------------------------------------------------------------
[INFO] Total time:  2.579 s
[INFO] Finished at: 2026-01-29T16:42:27Z
[INFO] ------------------------------------------------------------------------
[ERROR] Failed to execute goal org.apache.maven.plugins:maven-compiler-plugin:3.8.1:compile (default-compile) on project mobarena: Compilation failure: Compilation failure: 
[ERROR] /workspaces/CodeCureAgent/code_cure_agent/cca_workspace_3/MobArena/src/main/java/com/garbagemule/MobArena/waves/ability/core/ObsidianBomb.java:[20,8] duplicate class: com.garbagemule.mobarena.waves.ability.core.ObsidianBomb
[ERROR] /workspaces/CodeCureAgent/code_cure_agent/cca_workspace_3/MobArena/src/main/java/com/garbagemule/MobArena/waves/ability/AbilityManager.java:[14,51] cannot access com.garbagemule.MobArena.waves.ability.core.ObsidianBomb
[ERROR]   bad source file: /workspaces/CodeCureAgent/code_cure_agent/cca_workspace_3/MobArena/src/main/java/com/garbagemule/MobArena/waves/ability/core/ObsidianBomb.java
[ERROR]     file does not contain class com.garbagemule.MobArena.waves.ability.core.ObsidianBomb
[ERROR]     Please remove or make sure it appears in the correct subdirectory of the sourcepath.
[ERROR] /workspaces/CodeCureAgent/code_cure_agent/cca_workspace_3/MobArena/src/main/java/com/garbagemule/MobArena/waves/ability/core/ObsidianBomb.java:[3,42] package com.garbagemule.mobarena.framework does not exist
[ERROR] /workspaces/CodeCureAgent/code_cure_agent/cca_workspace_3/MobArena/src/main/java/com/garbagemule/MobArena/waves/ability/core/ObsidianBomb.java:[4,38] cannot find symbol
[ERROR]   symbol:   class MABoss
[ERROR]   location: package com.garbagemule.mobarena.waves
[ERROR] /workspaces/CodeCureAgent/code_cure_agent/cca_workspace_3/MobArena/src/main/java/com/garbagemule/MobArena/waves/ability/core/ObsidianBomb.java:[5,46] cannot find symbol
[ERROR]   symbol:   class Ability
[ERROR]   location: package com.garbagemule.mobarena.waves.ability
[ERROR] /workspaces/CodeCureAgent/code_cure_agent/cca_workspace_3/MobArena/src/main/java/com/garbagemule/MobArena/waves/ability/core/ObsidianBomb.java:[6,46] cannot find symbol
[ERROR]   symbol:   class AbilityInfo
[ERROR]   location: package com.garbagemule.mobarena.waves.ability
[ERROR] /workspaces/CodeCureAgent/code_cure_agent/cca_workspace_3/MobArena/src/main/java/com/garbagemule/MobArena/waves/ability/core/ObsidianBomb.java:[7,46] cannot find symbol
[ERROR]   symbol:   class AbilityUtils
[ERROR]   location: package com.garbagemule.mobarena.waves.ability
[ERROR] /workspaces/CodeCureAgent/code_cure_agent/cca_workspace_3/MobArena/src/main/java/com/garbagemule/MobArena/waves/ability/core/ObsidianBomb.java:[20,38] cannot find symbol
[ERROR]   symbol: class Ability
[ERROR] /workspaces/CodeCureAgent/code_cure_agent/cca_workspace_3/MobArena/src/main/java/com/garbagemule/MobArena/waves/ability/core/ObsidianBomb.java:[16,2] cannot find symbol
[ERROR]   symbol: class AbilityInfo
[ERROR] /workspaces/CodeCureAgent/code_cure_agent/cca_workspace_3/MobArena/src/main/java/com/garbagemule/MobArena/waves/ability/core/ObsidianBomb.java:[28,31] cannot find symbol
[ERROR]   symbol:   class Arena
[ERROR]   location: class com.garbagemule.mobarena.waves.ability.core.ObsidianBomb
[ERROR] /workspaces/CodeCureAgent/code_cure_agent/cca_workspace_3/MobArena/src/main/java/com/garbagemule/MobArena/waves/ability/core/ObsidianBomb.java:[28,44] cannot find symbol
[ERROR]   symbol:   class MABoss
[ERROR]   location: class com.garbagemule.mobarena.waves.ability.core.ObsidianBomb
[ERROR] /workspaces/CodeCureAgent/code_cure_agent/cca_workspace_3/MobArena/src/main/java/com/garbagemule/MobArena/waves/ability/AbilityManager.java:[80,18] cannot find symbol
[ERROR]   symbol:   class ObsidianBomb
[ERROR]   location: class com.garbagemule.MobArena.waves.ability.AbilityManager
[ERROR] /workspaces/CodeCureAgent/code_cure_agent/cca_workspace_3/MobArena/src/main/java/com/garbagemule/MobArena/waves/ability/core/ObsidianBomb.java:[27,5] method does not override or implement a method from a supertype
[ERROR] /workspaces/CodeCureAgent/code_cure_agent/cca_workspace_3/MobArena/src/main/java/com/garbagemule/MobArena/waves/ability/core/ObsidianBomb.java:[30,31] cannot find symbol
[ERROR]   symbol:   variable AbilityUtils
[ERROR]   location: class com.garbagemule.mobarena.waves.ability.core.ObsidianBomb
[ERROR] -> [Help 1]
[ERROR] 
[ERROR] To see the full stack trace of the errors, re-run Maven with the -e switch.
[ERROR] Re-run Maven using the -X switch to enable full debug logging.
[ERROR] 
[ERROR] For more information about the errors and possible solutions, please read the following articles:
[ERROR] [Help 1] http://cwiki.apache.org/confluence/display/MAVEN/MojoFailureException
