[INFO] Scanning for projects...
[INFO] 
[INFO] ------< com.urswolfer.gerrit.client.rest:gerrit-rest-java-client >------
[INFO] Building gerrit-rest-java-client 0.9.4-SNAPSHOT
[INFO] --------------------------------[ jar ]---------------------------------
[INFO] 
[INFO] --- maven-clean-plugin:2.5:clean (default-clean) @ gerrit-rest-java-client ---
[INFO] Deleting /workspaces/xxxx/code_cure_agent/cca_workspace/gerrit-rest-java-client/target
[INFO] 
[INFO] --- maven-resources-plugin:2.6:resources (default-resources) @ gerrit-rest-java-client ---
[INFO] Using 'UTF-8' encoding to copy filtered resources.
[INFO] Copying 2 resources
[INFO] 
[INFO] --- maven-compiler-plugin:3.3:compile (default-compile) @ gerrit-rest-java-client ---
[INFO] Changes detected - recompiling the module!
[INFO] Compiling 282 source files to /workspaces/xxxx/code_cure_agent/cca_workspace/gerrit-rest-java-client/target/classes
[INFO] /workspaces/xxxx/code_cure_agent/cca_workspace/gerrit-rest-java-client/src/main/java/com/urswolfer/gerrit/client/rest/http/changes/ChangeApiRestClient.java: Some input files use or override a deprecated API.
[INFO] /workspaces/xxxx/code_cure_agent/cca_workspace/gerrit-rest-java-client/src/main/java/com/urswolfer/gerrit/client/rest/http/changes/ChangeApiRestClient.java: Recompile with -Xlint:deprecation for details.
[INFO] 
[INFO] --- maven-resources-plugin:2.6:testResources (default-testResources) @ gerrit-rest-java-client ---
[INFO] Using 'UTF-8' encoding to copy filtered resources.
[INFO] Copying 45 resources
[INFO] 
[INFO] --- maven-compiler-plugin:3.3:testCompile (default-testCompile) @ gerrit-rest-java-client ---
[INFO] Changes detected - recompiling the module!
[INFO] Compiling 62 source files to /workspaces/xxxx/code_cure_agent/cca_workspace/gerrit-rest-java-client/target/test-classes
[INFO] /workspaces/xxxx/code_cure_agent/cca_workspace/gerrit-rest-java-client/src/test/java/com/urswolfer/gerrit/client/rest/http/changes/ChangeApiRestClientTest.java: Some input files use or override a deprecated API.
[INFO] /workspaces/xxxx/code_cure_agent/cca_workspace/gerrit-rest-java-client/src/test/java/com/urswolfer/gerrit/client/rest/http/changes/ChangeApiRestClientTest.java: Recompile with -Xlint:deprecation for details.
[INFO] -------------------------------------------------------------
[ERROR] COMPILATION ERROR : 
[INFO] -------------------------------------------------------------
[ERROR] /workspaces/xxxx/code_cure_agent/cca_workspace/gerrit-rest-java-client/src/test/java/com/urswolfer/gerrit/client/rest/http/changes/ChangeApiRestClientTest.java:[340,17] deletePatchSetIfCommitMissing has private access in com.google.gerrit.extensions.api.changes.FixInput
[ERROR] /workspaces/xxxx/code_cure_agent/cca_workspace/gerrit-rest-java-client/src/test/java/com/urswolfer/gerrit/client/rest/http/changes/ChangeApiRestClientTest.java:[341,17] expectMergedAs has private access in com.google.gerrit.extensions.api.changes.FixInput
[ERROR] /workspaces/xxxx/code_cure_agent/cca_workspace/gerrit-rest-java-client/src/test/java/com/urswolfer/gerrit/client/rest/http/changes/ChangeApiRestClientTest.java:[344,76] deletePatchSetIfCommitMissing has private access in com.google.gerrit.extensions.api.changes.FixInput
[ERROR] /workspaces/xxxx/code_cure_agent/cca_workspace/gerrit-rest-java-client/src/test/java/com/urswolfer/gerrit/client/rest/http/changes/ChangeApiRestClientTest.java:[345,52] expectMergedAs has private access in com.google.gerrit.extensions.api.changes.FixInput
[INFO] 4 errors 
[INFO] -------------------------------------------------------------
[INFO] ------------------------------------------------------------------------
[INFO] BUILD FAILURE
[INFO] ------------------------------------------------------------------------
[INFO] Total time:  3.202 s
[INFO] Finished at: 2025-08-30T15:18:06Z
[INFO] ------------------------------------------------------------------------
[ERROR] Failed to execute goal org.apache.maven.plugins:maven-compiler-plugin:3.3:testCompile (default-testCompile) on project gerrit-rest-java-client: Compilation failure: Compilation failure: 
[ERROR] /workspaces/xxxx/code_cure_agent/cca_workspace/gerrit-rest-java-client/src/test/java/com/urswolfer/gerrit/client/rest/http/changes/ChangeApiRestClientTest.java:[340,17] deletePatchSetIfCommitMissing has private access in com.google.gerrit.extensions.api.changes.FixInput
[ERROR] /workspaces/xxxx/code_cure_agent/cca_workspace/gerrit-rest-java-client/src/test/java/com/urswolfer/gerrit/client/rest/http/changes/ChangeApiRestClientTest.java:[341,17] expectMergedAs has private access in com.google.gerrit.extensions.api.changes.FixInput
[ERROR] /workspaces/xxxx/code_cure_agent/cca_workspace/gerrit-rest-java-client/src/test/java/com/urswolfer/gerrit/client/rest/http/changes/ChangeApiRestClientTest.java:[344,76] deletePatchSetIfCommitMissing has private access in com.google.gerrit.extensions.api.changes.FixInput
[ERROR] /workspaces/xxxx/code_cure_agent/cca_workspace/gerrit-rest-java-client/src/test/java/com/urswolfer/gerrit/client/rest/http/changes/ChangeApiRestClientTest.java:[345,52] expectMergedAs has private access in com.google.gerrit.extensions.api.changes.FixInput
[ERROR] -> [Help 1]
[ERROR] 
[ERROR] To see the full stack trace of the errors, re-run Maven with the -e switch.
[ERROR] Re-run Maven using the -X switch to enable full debug logging.
[ERROR] 
[ERROR] For more information about the errors and possible solutions, please read the following articles:
[ERROR] [Help 1] http://cwiki.apache.org/confluence/display/MAVEN/MojoFailureException
