[INFO] Scanning for projects...
[INFO] 
[INFO] --------------------------< cn.nukkit:nukkit >--------------------------
[INFO] Building Nukkit 1.0-SNAPSHOT
[INFO] --------------------------------[ jar ]---------------------------------
[INFO] 
[INFO] --- maven-clean-plugin:2.5:clean (default-clean) @ nukkit ---
[INFO] Deleting /workspaces/master-thesis-pascal-joos/code_cure_agent/cca_workspace/Nukkit/target
[INFO] 
[INFO] --- maven-enforcer-plugin:3.0.0-M2:enforce (enforce) @ nukkit ---
[INFO] 
[INFO] --- git-commit-id-plugin:2.2.1:revision (get-the-git-infos) @ nukkit ---
[INFO] dotGitDirectory /workspaces/master-thesis-pascal-joos/code_cure_agent/cca_workspace/Nukkit/.git
[INFO] git.build.user.name Pascal-Joos
[INFO] git.build.user.email pascal.joos12@outlook.com
[INFO] git.branch 47d54ad26109b5d89936e0d9123c591a99a2cf60
[INFO] --always = false
[INFO] --dirty = -dirty
[INFO] --abbrev = 7
[INFO] Tag refs [[Ref[refs/tags/1.14.30=d13b0de3a2102e380fe3f60931f7a2e564da4d35], Ref[refs/tags/1.14.60=b1dc91579c78db69cd07c306d66bfeba9b129b68], Ref[refs/tags/1.16=69c992fa963ea2b6558b43104eba1288432e5da0], Ref[refs/tags/1.16-beta=0477574e45d4815e080be7f96a9e85cabae0faa0], Ref[refs/tags/leveldb-snapshot=9ee7817045b08015e9952f597d81dc420a8ec40b], Ref[refs/tags/redrak-1.0=da00d034919361c10075b74b942752c0fad0ff5f], Ref[refs/tags/snapshot=55eba5640417b9be6f400b13ca45d8ca802145b1]]]
[INFO] Created map: [{}]
[INFO] HEAD is [47d54ad26109b5d89936e0d9123c591a99a2cf60]
[INFO] Repo is in dirty state [true]
[INFO] git.commit.id.describe 47d54ad-dirty
[INFO] git.commit.id 47d54ad26109b5d89936e0d9123c591a99a2cf60
[INFO] git.commit.id.abbrev 47d54ad
[INFO] git.dirty true
[INFO] git.commit.user.name VixikHD
[INFO] git.commit.user.email 40556088+VixikHD@users.noreply.github.com
[INFO] git.commit.message.full Fix level loading (#1681)
[INFO] git.commit.message.short Fix level loading (#1681)
[INFO] git.commit.time 17.11.2020 @ 17:24:56 GMT
[INFO] git.remote.origin.url https://github.com/CloudburstMC/Nukkit.git
[INFO] git.tags 
[INFO] Tag refs [[Ref[refs/tags/1.14.30=d13b0de3a2102e380fe3f60931f7a2e564da4d35], Ref[refs/tags/1.14.60=b1dc91579c78db69cd07c306d66bfeba9b129b68], Ref[refs/tags/1.16=69c992fa963ea2b6558b43104eba1288432e5da0], Ref[refs/tags/1.16-beta=0477574e45d4815e080be7f96a9e85cabae0faa0], Ref[refs/tags/leveldb-snapshot=9ee7817045b08015e9952f597d81dc420a8ec40b], Ref[refs/tags/redrak-1.0=da00d034919361c10075b74b942752c0fad0ff5f], Ref[refs/tags/snapshot=55eba5640417b9be6f400b13ca45d8ca802145b1]]]
[INFO] Including lightweight tag [refs/tags/1.14.30]
[INFO] Including lightweight tag [refs/tags/1.14.60]
[INFO] Including lightweight tag [refs/tags/1.16]
[INFO] Including lightweight tag [refs/tags/1.16-beta]
[INFO] Including lightweight tag [refs/tags/leveldb-snapshot]
[INFO] Including lightweight tag [refs/tags/redrak-1.0]
[INFO] Including lightweight tag [refs/tags/snapshot]
[INFO] key [AnyObjectId[b1dc91579c78db69cd07c306d66bfeba9b129b68]], tags => [[DatedRevTag{id=b1dc91579c78db69cd07c306d66bfeba9b129b68, tagName='refs/tags/1.14.60', date=August 30, 25 at 4:07:09 PM GMT}]] 
[INFO] key [AnyObjectId[da00d034919361c10075b74b942752c0fad0ff5f]], tags => [[DatedRevTag{id=da00d034919361c10075b74b942752c0fad0ff5f, tagName='refs/tags/redrak-1.0', date=August 30, 25 at 4:07:09 PM GMT}]] 
[INFO] key [AnyObjectId[9ee7817045b08015e9952f597d81dc420a8ec40b]], tags => [[DatedRevTag{id=9ee7817045b08015e9952f597d81dc420a8ec40b, tagName='refs/tags/leveldb-snapshot', date=August 30, 25 at 4:07:09 PM GMT}]] 
[INFO] key [AnyObjectId[d13b0de3a2102e380fe3f60931f7a2e564da4d35]], tags => [[DatedRevTag{id=d13b0de3a2102e380fe3f60931f7a2e564da4d35, tagName='refs/tags/1.14.30', date=August 30, 25 at 4:07:09 PM GMT}]] 
[INFO] key [AnyObjectId[69c992fa963ea2b6558b43104eba1288432e5da0]], tags => [[DatedRevTag{id=69c992fa963ea2b6558b43104eba1288432e5da0, tagName='refs/tags/1.16', date=August 30, 25 at 4:07:09 PM GMT}]] 
[INFO] key [AnyObjectId[55eba5640417b9be6f400b13ca45d8ca802145b1]], tags => [[DatedRevTag{id=55eba5640417b9be6f400b13ca45d8ca802145b1, tagName='refs/tags/snapshot', date=August 30, 25 at 4:07:09 PM GMT}]] 
[INFO] key [AnyObjectId[0477574e45d4815e080be7f96a9e85cabae0faa0]], tags => [[DatedRevTag{id=0477574e45d4815e080be7f96a9e85cabae0faa0, tagName='refs/tags/1.16-beta', date=August 30, 25 at 4:07:09 PM GMT}]] 
[INFO] git.closest.tag.name snapshot
[INFO] Tag refs [[Ref[refs/tags/1.14.30=d13b0de3a2102e380fe3f60931f7a2e564da4d35], Ref[refs/tags/1.14.60=b1dc91579c78db69cd07c306d66bfeba9b129b68], Ref[refs/tags/1.16=69c992fa963ea2b6558b43104eba1288432e5da0], Ref[refs/tags/1.16-beta=0477574e45d4815e080be7f96a9e85cabae0faa0], Ref[refs/tags/leveldb-snapshot=9ee7817045b08015e9952f597d81dc420a8ec40b], Ref[refs/tags/redrak-1.0=da00d034919361c10075b74b942752c0fad0ff5f], Ref[refs/tags/snapshot=55eba5640417b9be6f400b13ca45d8ca802145b1]]]
[INFO] Including lightweight tag [refs/tags/1.14.30]
[INFO] Including lightweight tag [refs/tags/1.14.60]
[INFO] Including lightweight tag [refs/tags/1.16]
[INFO] Including lightweight tag [refs/tags/1.16-beta]
[INFO] Including lightweight tag [refs/tags/leveldb-snapshot]
[INFO] Including lightweight tag [refs/tags/redrak-1.0]
[INFO] Including lightweight tag [refs/tags/snapshot]
[INFO] key [AnyObjectId[b1dc91579c78db69cd07c306d66bfeba9b129b68]], tags => [[DatedRevTag{id=b1dc91579c78db69cd07c306d66bfeba9b129b68, tagName='refs/tags/1.14.60', date=August 30, 25 at 4:07:09 PM GMT}]] 
[INFO] key [AnyObjectId[da00d034919361c10075b74b942752c0fad0ff5f]], tags => [[DatedRevTag{id=da00d034919361c10075b74b942752c0fad0ff5f, tagName='refs/tags/redrak-1.0', date=August 30, 25 at 4:07:09 PM GMT}]] 
[INFO] key [AnyObjectId[9ee7817045b08015e9952f597d81dc420a8ec40b]], tags => [[DatedRevTag{id=9ee7817045b08015e9952f597d81dc420a8ec40b, tagName='refs/tags/leveldb-snapshot', date=August 30, 25 at 4:07:09 PM GMT}]] 
[INFO] key [AnyObjectId[d13b0de3a2102e380fe3f60931f7a2e564da4d35]], tags => [[DatedRevTag{id=d13b0de3a2102e380fe3f60931f7a2e564da4d35, tagName='refs/tags/1.14.30', date=August 30, 25 at 4:07:09 PM GMT}]] 
[INFO] key [AnyObjectId[69c992fa963ea2b6558b43104eba1288432e5da0]], tags => [[DatedRevTag{id=69c992fa963ea2b6558b43104eba1288432e5da0, tagName='refs/tags/1.16', date=August 30, 25 at 4:07:09 PM GMT}]] 
[INFO] key [AnyObjectId[55eba5640417b9be6f400b13ca45d8ca802145b1]], tags => [[DatedRevTag{id=55eba5640417b9be6f400b13ca45d8ca802145b1, tagName='refs/tags/snapshot', date=August 30, 25 at 4:07:09 PM GMT}]] 
[INFO] key [AnyObjectId[0477574e45d4815e080be7f96a9e85cabae0faa0]], tags => [[DatedRevTag{id=0477574e45d4815e080be7f96a9e85cabae0faa0, tagName='refs/tags/1.16-beta', date=August 30, 25 at 4:07:09 PM GMT}]] 
[INFO] git.closest.tag.commit.count 3724
[INFO] git.build.time 30.08.2025 @ 16:07:09 GMT
[INFO] git.build.version 1.0-SNAPSHOT
[INFO] git.build.host f3e43084f8a4
[INFO] git.commit.id.describe-short 47d54ad-dirty
[INFO] found property git.tags
[INFO] found property git.closest.tag.commit.count
[INFO] found property git.build.version
[INFO] found property git.commit.user.name
[INFO] found property git.commit.id.abbrev
[INFO] found property git.branch
[INFO] found property git.build.host
[INFO] found property git.commit.id.describe-short
[INFO] found property git.commit.id.describe
[INFO] found property git.build.user.email
[INFO] found property git.commit.id
[INFO] found property git.commit.message.short
[INFO] found property git.commit.user.email
[INFO] found property git.closest.tag.name
[INFO] found property git.commit.time
[INFO] found property git.build.time
[INFO] found property git.build.user.name
[INFO] found property git.dirty
[INFO] found property git.commit.message.full
[INFO] found property git.remote.origin.url
[INFO] Writing properties file to [/workspaces/master-thesis-pascal-joos/code_cure_agent/cca_workspace/Nukkit/target/classes/git.properties] (for module Nukkit)...
[INFO] 
[INFO] --- maven-resources-plugin:2.6:resources (default-resources) @ nukkit ---
[INFO] Using 'UTF-8' encoding to copy filtered resources.
[INFO] Copying 9 resources
[INFO] 
[INFO] --- maven-compiler-plugin:3.1:compile (default-compile) @ nukkit ---
[INFO] Changes detected - recompiling the module!
[INFO] Compiling 1528 source files to /workspaces/master-thesis-pascal-joos/code_cure_agent/cca_workspace/Nukkit/target/classes
[INFO] -------------------------------------------------------------
[WARNING] COMPILATION WARNING : 
[INFO] -------------------------------------------------------------
[WARNING] /workspaces/master-thesis-pascal-joos/code_cure_agent/cca_workspace/Nukkit/src/main/java/cn/nukkit/level/format/leveldb/Chunk.java: Some input files use or override a deprecated API.
[WARNING] /workspaces/master-thesis-pascal-joos/code_cure_agent/cca_workspace/Nukkit/src/main/java/cn/nukkit/level/format/leveldb/Chunk.java: Recompile with -Xlint:deprecation for details.
[WARNING] /workspaces/master-thesis-pascal-joos/code_cure_agent/cca_workspace/Nukkit/src/main/java/cn/nukkit/nbt/tag/CompoundTag.java: Some input files use unchecked or unsafe operations.
[WARNING] /workspaces/master-thesis-pascal-joos/code_cure_agent/cca_workspace/Nukkit/src/main/java/cn/nukkit/nbt/tag/CompoundTag.java: Recompile with -Xlint:unchecked for details.
[INFO] 4 warnings 
[INFO] -------------------------------------------------------------
[INFO] -------------------------------------------------------------
[ERROR] COMPILATION ERROR : 
[INFO] -------------------------------------------------------------
[ERROR] /workspaces/master-thesis-pascal-joos/code_cure_agent/cca_workspace/Nukkit/src/main/java/cn/nukkit/entity/item/EntityPrimedTNT.java:[83,13] namedTag has private access in cn.nukkit.entity.Entity
[ERROR] /workspaces/master-thesis-pascal-joos/code_cure_agent/cca_workspace/Nukkit/src/main/java/cn/nukkit/entity/item/EntityPrimedTNT.java:[84,20] namedTag has private access in cn.nukkit.entity.Entity
[ERROR] /workspaces/master-thesis-pascal-joos/code_cure_agent/cca_workspace/Nukkit/src/main/java/cn/nukkit/entity/item/EntityPrimedTNT.java:[102,9] namedTag has private access in cn.nukkit.entity.Entity
[ERROR] /workspaces/master-thesis-pascal-joos/code_cure_agent/cca_workspace/Nukkit/src/main/java/cn/nukkit/entity/item/EntityPrimedTNT.java:[107,13] closed has private access in cn.nukkit.entity.Entity
[ERROR] /workspaces/master-thesis-pascal-joos/code_cure_agent/cca_workspace/Nukkit/src/main/java/cn/nukkit/entity/item/EntityPrimedTNT.java:[113,38] lastUpdate has private access in cn.nukkit.entity.Entity
[ERROR] /workspaces/master-thesis-pascal-joos/code_cure_agent/cca_workspace/Nukkit/src/main/java/cn/nukkit/entity/item/EntityPrimedTNT.java:[115,31] justCreated has private access in cn.nukkit.entity.Entity
[ERROR] /workspaces/master-thesis-pascal-joos/code_cure_agent/cca_workspace/Nukkit/src/main/java/cn/nukkit/entity/item/EntityPrimedTNT.java:[123,9] lastUpdate has private access in cn.nukkit.entity.Entity
[ERROR] /workspaces/master-thesis-pascal-joos/code_cure_agent/cca_workspace/Nukkit/src/main/java/cn/nukkit/entity/item/EntityPrimedTNT.java:[129,13] motionY has private access in cn.nukkit.entity.Entity
[ERROR] /workspaces/master-thesis-pascal-joos/code_cure_agent/cca_workspace/Nukkit/src/main/java/cn/nukkit/entity/item/EntityPrimedTNT.java:[131,18] motionX has private access in cn.nukkit.entity.Entity
[ERROR] /workspaces/master-thesis-pascal-joos/code_cure_agent/cca_workspace/Nukkit/src/main/java/cn/nukkit/entity/item/EntityPrimedTNT.java:[131,27] motionY has private access in cn.nukkit.entity.Entity
[ERROR] /workspaces/master-thesis-pascal-joos/code_cure_agent/cca_workspace/Nukkit/src/main/java/cn/nukkit/entity/item/EntityPrimedTNT.java:[131,36] motionZ has private access in cn.nukkit.entity.Entity
[ERROR] /workspaces/master-thesis-pascal-joos/code_cure_agent/cca_workspace/Nukkit/src/main/java/cn/nukkit/entity/item/EntityPrimedTNT.java:[135,13] motionX has private access in cn.nukkit.entity.Entity
[ERROR] /workspaces/master-thesis-pascal-joos/code_cure_agent/cca_workspace/Nukkit/src/main/java/cn/nukkit/entity/item/EntityPrimedTNT.java:[136,13] motionY has private access in cn.nukkit.entity.Entity
[ERROR] /workspaces/master-thesis-pascal-joos/code_cure_agent/cca_workspace/Nukkit/src/main/java/cn/nukkit/entity/item/EntityPrimedTNT.java:[137,13] motionZ has private access in cn.nukkit.entity.Entity
[ERROR] /workspaces/master-thesis-pascal-joos/code_cure_agent/cca_workspace/Nukkit/src/main/java/cn/nukkit/entity/item/EntityPrimedTNT.java:[141,17] onGround has private access in cn.nukkit.entity.Entity
[ERROR] /workspaces/master-thesis-pascal-joos/code_cure_agent/cca_workspace/Nukkit/src/main/java/cn/nukkit/entity/item/EntityPrimedTNT.java:[142,17] motionY has private access in cn.nukkit.entity.Entity
[ERROR] /workspaces/master-thesis-pascal-joos/code_cure_agent/cca_workspace/Nukkit/src/main/java/cn/nukkit/entity/item/EntityPrimedTNT.java:[143,17] motionX has private access in cn.nukkit.entity.Entity
[ERROR] /workspaces/master-thesis-pascal-joos/code_cure_agent/cca_workspace/Nukkit/src/main/java/cn/nukkit/entity/item/EntityPrimedTNT.java:[144,17] motionZ has private access in cn.nukkit.entity.Entity
[ERROR] /workspaces/master-thesis-pascal-joos/code_cure_agent/cca_workspace/Nukkit/src/main/java/cn/nukkit/entity/item/EntityPrimedTNT.java:[159,51] motionX has private access in cn.nukkit.entity.Entity
[ERROR] /workspaces/master-thesis-pascal-joos/code_cure_agent/cca_workspace/Nukkit/src/main/java/cn/nukkit/entity/item/EntityPrimedTNT.java:[159,82] motionY has private access in cn.nukkit.entity.Entity
[ERROR] /workspaces/master-thesis-pascal-joos/code_cure_agent/cca_workspace/Nukkit/src/main/java/cn/nukkit/entity/item/EntityPrimedTNT.java:[159,113] motionZ has private access in cn.nukkit.entity.Entity
[ERROR] /workspaces/master-thesis-pascal-joos/code_cure_agent/cca_workspace/Nukkit/src/main/java/cn/nukkit/entity/EntityLiving.java:[65,17] namedTag has private access in cn.nukkit.entity.Entity
[ERROR] /workspaces/master-thesis-pascal-joos/code_cure_agent/cca_workspace/Nukkit/src/main/java/cn/nukkit/entity/EntityLiving.java:[66,17] namedTag has private access in cn.nukkit.entity.Entity
[ERROR] /workspaces/master-thesis-pascal-joos/code_cure_agent/cca_workspace/Nukkit/src/main/java/cn/nukkit/entity/EntityLiving.java:[66,50] namedTag has private access in cn.nukkit.entity.Entity
[ERROR] /workspaces/master-thesis-pascal-joos/code_cure_agent/cca_workspace/Nukkit/src/main/java/cn/nukkit/entity/EntityLiving.java:[67,17] namedTag has private access in cn.nukkit.entity.Entity
[ERROR] /workspaces/master-thesis-pascal-joos/code_cure_agent/cca_workspace/Nukkit/src/main/java/cn/nukkit/entity/EntityLiving.java:[70,18] namedTag has private access in cn.nukkit.entity.Entity
[ERROR] /workspaces/master-thesis-pascal-joos/code_cure_agent/cca_workspace/Nukkit/src/main/java/cn/nukkit/entity/EntityLiving.java:[70,56] namedTag has private access in cn.nukkit.entity.Entity
[ERROR] /workspaces/master-thesis-pascal-joos/code_cure_agent/cca_workspace/Nukkit/src/main/java/cn/nukkit/entity/EntityLiving.java:[71,17] namedTag has private access in cn.nukkit.entity.Entity
[ERROR] /workspaces/master-thesis-pascal-joos/code_cure_agent/cca_workspace/Nukkit/src/main/java/cn/nukkit/entity/EntityLiving.java:[74,27] namedTag has private access in cn.nukkit.entity.Entity
[ERROR] /workspaces/master-thesis-pascal-joos/code_cure_agent/cca_workspace/Nukkit/src/main/java/cn/nukkit/entity/EntityLiving.java:[92,13] namedTag has private access in cn.nukkit.entity.Entity
[ERROR] /workspaces/master-thesis-pascal-joos/code_cure_agent/cca_workspace/Nukkit/src/main/java/cn/nukkit/entity/EntityLiving.java:[106,17] noDamageTicks has private access in cn.nukkit.entity.Entity
[ERROR] /workspaces/master-thesis-pascal-joos/code_cure_agent/cca_workspace/Nukkit/src/main/java/cn/nukkit/entity/EntityLiving.java:[123,58] onGround has private access in cn.nukkit.entity.Entity
[ERROR] /workspaces/master-thesis-pascal-joos/code_cure_agent/cca_workspace/Nukkit/src/main/java/cn/nukkit/entity/EntityLiving.java:[168,42] motionX has private access in cn.nukkit.entity.Entity
[ERROR] /workspaces/master-thesis-pascal-joos/code_cure_agent/cca_workspace/Nukkit/src/main/java/cn/nukkit/entity/EntityLiving.java:[168,56] motionY has private access in cn.nukkit.entity.Entity
[ERROR] /workspaces/master-thesis-pascal-joos/code_cure_agent/cca_workspace/Nukkit/src/main/java/cn/nukkit/entity/EntityLiving.java:[168,70] motionZ has private access in cn.nukkit.entity.Entity
[ERROR] /workspaces/master-thesis-pascal-joos/code_cure_agent/cca_workspace/Nukkit/src/main/java/cn/nukkit/entity/EntityLiving.java:[280,17] riding has private access in cn.nukkit.entity.Entity
[ERROR] /workspaces/master-thesis-pascal-joos/code_cure_agent/cca_workspace/Nukkit/src/main/java/cn/nukkit/entity/EntityLiving.java:[281,62] boundingBox has private access in cn.nukkit.entity.Entity
[ERROR] /workspaces/master-thesis-pascal-joos/code_cure_agent/cca_workspace/Nukkit/src/main/java/cn/nukkit/entity/EntityHumanType.java:[55,17] namedTag has private access in cn.nukkit.entity.Entity
[ERROR] /workspaces/master-thesis-pascal-joos/code_cure_agent/cca_workspace/Nukkit/src/main/java/cn/nukkit/entity/EntityHumanType.java:[55,56] namedTag has private access in cn.nukkit.entity.Entity
[ERROR] /workspaces/master-thesis-pascal-joos/code_cure_agent/cca_workspace/Nukkit/src/main/java/cn/nukkit/entity/EntityHumanType.java:[56,54] namedTag has private access in cn.nukkit.entity.Entity
[ERROR] /workspaces/master-thesis-pascal-joos/code_cure_agent/cca_workspace/Nukkit/src/main/java/cn/nukkit/entity/EntityHumanType.java:[74,17] namedTag has private access in cn.nukkit.entity.Entity
[ERROR] /workspaces/master-thesis-pascal-joos/code_cure_agent/cca_workspace/Nukkit/src/main/java/cn/nukkit/entity/EntityHumanType.java:[74,57] namedTag has private access in cn.nukkit.entity.Entity
[ERROR] /workspaces/master-thesis-pascal-joos/code_cure_agent/cca_workspace/Nukkit/src/main/java/cn/nukkit/entity/EntityHumanType.java:[75,54] namedTag has private access in cn.nukkit.entity.Entity
[ERROR] /workspaces/master-thesis-pascal-joos/code_cure_agent/cca_workspace/Nukkit/src/main/java/cn/nukkit/entity/EntityHumanType.java:[91,17] namedTag has private access in cn.nukkit.entity.Entity
[ERROR] /workspaces/master-thesis-pascal-joos/code_cure_agent/cca_workspace/Nukkit/src/main/java/cn/nukkit/entity/EntityHumanType.java:[122,25] namedTag has private access in cn.nukkit.entity.Entity
[ERROR] /workspaces/master-thesis-pascal-joos/code_cure_agent/cca_workspace/Nukkit/src/main/java/cn/nukkit/entity/EntityHumanType.java:[128,13] namedTag has private access in cn.nukkit.entity.Entity
[ERROR] /workspaces/master-thesis-pascal-joos/code_cure_agent/cca_workspace/Nukkit/src/main/java/cn/nukkit/entity/EntityHumanType.java:[133,25] namedTag has private access in cn.nukkit.entity.Entity
[ERROR] /workspaces/master-thesis-pascal-joos/code_cure_agent/cca_workspace/Nukkit/src/main/java/cn/nukkit/entity/EntityHuman.java:[97,21] namedTag has private access in cn.nukkit.entity.Entity
[ERROR] /workspaces/master-thesis-pascal-joos/code_cure_agent/cca_workspace/Nukkit/src/main/java/cn/nukkit/entity/EntityHuman.java:[98,37] namedTag has private access in cn.nukkit.entity.Entity
[ERROR] /workspaces/master-thesis-pascal-joos/code_cure_agent/cca_workspace/Nukkit/src/main/java/cn/nukkit/entity/EntityHuman.java:[101,21] namedTag has private access in cn.nukkit.entity.Entity
[ERROR] /workspaces/master-thesis-pascal-joos/code_cure_agent/cca_workspace/Nukkit/src/main/java/cn/nukkit/entity/EntityHuman.java:[101,55] namedTag has private access in cn.nukkit.entity.Entity
[ERROR] /workspaces/master-thesis-pascal-joos/code_cure_agent/cca_workspace/Nukkit/src/main/java/cn/nukkit/entity/EntityHuman.java:[102,43] namedTag has private access in cn.nukkit.entity.Entity
[ERROR] /workspaces/master-thesis-pascal-joos/code_cure_agent/cca_workspace/Nukkit/src/main/java/cn/nukkit/entity/EntityHuman.java:[269,17] namedTag has private access in cn.nukkit.entity.Entity
[ERROR] /workspaces/master-thesis-pascal-joos/code_cure_agent/cca_workspace/Nukkit/src/main/java/cn/nukkit/entity/EntityHuman.java:[300,37] motionX has private access in cn.nukkit.entity.Entity
[ERROR] /workspaces/master-thesis-pascal-joos/code_cure_agent/cca_workspace/Nukkit/src/main/java/cn/nukkit/entity/EntityHuman.java:[301,37] motionY has private access in cn.nukkit.entity.Entity
[ERROR] /workspaces/master-thesis-pascal-joos/code_cure_agent/cca_workspace/Nukkit/src/main/java/cn/nukkit/entity/EntityHuman.java:[302,37] motionZ has private access in cn.nukkit.entity.Entity
[ERROR] /workspaces/master-thesis-pascal-joos/code_cure_agent/cca_workspace/Nukkit/src/main/java/cn/nukkit/entity/EntityHuman.java:[312,21] riding has private access in cn.nukkit.entity.Entity
[ERROR] /workspaces/master-thesis-pascal-joos/code_cure_agent/cca_workspace/Nukkit/src/main/java/cn/nukkit/entity/EntityHuman.java:[314,43] riding has private access in cn.nukkit.entity.Entity
[ERROR] /workspaces/master-thesis-pascal-joos/code_cure_agent/cca_workspace/Nukkit/src/main/java/cn/nukkit/entity/EntityHuman.java:[341,18] closed has private access in cn.nukkit.entity.Entity
[ERROR] /workspaces/master-thesis-pascal-joos/code_cure_agent/cca_workspace/Nukkit/src/main/java/cn/nukkit/Player.java:[350,20] namedTag has private access in cn.nukkit.entity.Entity
[ERROR] /workspaces/master-thesis-pascal-joos/code_cure_agent/cca_workspace/Nukkit/src/main/java/cn/nukkit/Player.java:[350,44] namedTag has private access in cn.nukkit.entity.Entity
[ERROR] /workspaces/master-thesis-pascal-joos/code_cure_agent/cca_workspace/Nukkit/src/main/java/cn/nukkit/Player.java:[355,20] namedTag has private access in cn.nukkit.entity.Entity
[ERROR] /workspaces/master-thesis-pascal-joos/code_cure_agent/cca_workspace/Nukkit/src/main/java/cn/nukkit/Player.java:[355,44] namedTag has private access in cn.nukkit.entity.Entity
[ERROR] /workspaces/master-thesis-pascal-joos/code_cure_agent/cca_workspace/Nukkit/src/main/java/cn/nukkit/Player.java:[474,13] highestPosition has private access in cn.nukkit.entity.Entity
[ERROR] /workspaces/master-thesis-pascal-joos/code_cure_agent/cca_workspace/Nukkit/src/main/java/cn/nukkit/Player.java:[622,13] boundingBox has private access in cn.nukkit.entity.Entity
[ERROR] /workspaces/master-thesis-pascal-joos/code_cure_agent/cca_workspace/Nukkit/src/main/java/cn/nukkit/Player.java:[760,46] closed has private access in cn.nukkit.entity.Entity
[ERROR] /workspaces/master-thesis-pascal-joos/code_cure_agent/cca_workspace/Nukkit/src/main/java/cn/nukkit/Player.java:[785,46] closed has private access in cn.nukkit.entity.Entity
[ERROR] /workspaces/master-thesis-pascal-joos/code_cure_agent/cca_workspace/Nukkit/src/main/java/cn/nukkit/Player.java:[880,13] noDamageTicks has private access in cn.nukkit.entity.Entity
[ERROR] /workspaces/master-thesis-pascal-joos/code_cure_agent/cca_workspace/Nukkit/src/main/java/cn/nukkit/Player.java:[890,46] closed has private access in cn.nukkit.entity.Entity
[ERROR] /workspaces/master-thesis-pascal-joos/code_cure_agent/cca_workspace/Nukkit/src/main/java/cn/nukkit/Player.java:[1109,58] boundingBox has private access in cn.nukkit.entity.Entity
[ERROR] /workspaces/master-thesis-pascal-joos/code_cure_agent/cca_workspace/Nukkit/src/main/java/cn/nukkit/Player.java:[1249,17] keepMovement has private access in cn.nukkit.entity.Entity
[ERROR] /workspaces/master-thesis-pascal-joos/code_cure_agent/cca_workspace/Nukkit/src/main/java/cn/nukkit/Player.java:[1252,17] keepMovement has private access in cn.nukkit.entity.Entity
[ERROR] /workspaces/master-thesis-pascal-joos/code_cure_agent/cca_workspace/Nukkit/src/main/java/cn/nukkit/Player.java:[1256,13] namedTag has private access in cn.nukkit.entity.Entity
[ERROR] /workspaces/master-thesis-pascal-joos/code_cure_agent/cca_workspace/Nukkit/src/main/java/cn/nukkit/Player.java:[1268,31] temporalVector has private access in cn.nukkit.entity.Entity
[ERROR] /workspaces/master-thesis-pascal-joos/code_cure_agent/cca_workspace/Nukkit/src/main/java/cn/nukkit/Player.java:[1341,18] onGround has private access in cn.nukkit.entity.Entity
[ERROR] /workspaces/master-thesis-pascal-joos/code_cure_agent/cca_workspace/Nukkit/src/main/java/cn/nukkit/Player.java:[1344,36] boundingBox has private access in cn.nukkit.entity.Entity
[ERROR] /workspaces/master-thesis-pascal-joos/code_cure_agent/cca_workspace/Nukkit/src/main/java/cn/nukkit/Player.java:[1348,40] boundingBox has private access in cn.nukkit.entity.Entity
[ERROR] /workspaces/master-thesis-pascal-joos/code_cure_agent/cca_workspace/Nukkit/src/main/java/cn/nukkit/Player.java:[1362,63] temporalVector has private access in cn.nukkit.entity.Entity
[ERROR] /workspaces/master-thesis-pascal-joos/code_cure_agent/cca_workspace/Nukkit/src/main/java/cn/nukkit/Player.java:[1372,17] onGround has private access in cn.nukkit.entity.Entity
[ERROR] /workspaces/master-thesis-pascal-joos/code_cure_agent/cca_workspace/Nukkit/src/main/java/cn/nukkit/Player.java:[1375,13] isCollided has private access in cn.nukkit.entity.Entity
[ERROR] /workspaces/master-thesis-pascal-joos/code_cure_agent/cca_workspace/Nukkit/src/main/java/cn/nukkit/Player.java:[1375,31] onGround has private access in cn.nukkit.entity.Entity
[ERROR] /workspaces/master-thesis-pascal-joos/code_cure_agent/cca_workspace/Nukkit/src/main/java/cn/nukkit/Player.java:[1392,42] inPortalTicks has private access in cn.nukkit.entity.Entity
[ERROR] /workspaces/master-thesis-pascal-joos/code_cure_agent/cca_workspace/Nukkit/src/main/java/cn/nukkit/Player.java:[1393,21] inPortalTicks has private access in cn.nukkit.entity.Entity
[ERROR] /workspaces/master-thesis-pascal-joos/code_cure_agent/cca_workspace/Nukkit/src/main/java/cn/nukkit/Player.java:[1395,21] inPortalTicks has private access in cn.nukkit.entity.Entity
[ERROR] /workspaces/master-thesis-pascal-joos/code_cure_agent/cca_workspace/Nukkit/src/main/java/cn/nukkit/Player.java:[1398,17] inPortalTicks has private access in cn.nukkit.entity.Entity
[ERROR] /workspaces/master-thesis-pascal-joos/code_cure_agent/cca_workspace/Nukkit/src/main/java/cn/nukkit/Player.java:[1403,63] boundingBox has private access in cn.nukkit.entity.Entity
[ERROR] /workspaces/master-thesis-pascal-joos/code_cure_agent/cca_workspace/Nukkit/src/main/java/cn/nukkit/Player.java:[1424,21] chunk has private access in cn.nukkit.entity.Entity
[ERROR] /workspaces/master-thesis-pascal-joos/code_cure_agent/cca_workspace/Nukkit/src/main/java/cn/nukkit/Player.java:[1424,44] chunk has private access in cn.nukkit.entity.Entity
[ERROR] /workspaces/master-thesis-pascal-joos/code_cure_agent/cca_workspace/Nukkit/src/main/java/cn/nukkit/Player.java:[1430,29] chunk has private access in cn.nukkit.entity.Entity
[ERROR] /workspaces/master-thesis-pascal-joos/code_cure_agent/cca_workspace/Nukkit/src/main/java/cn/nukkit/Player.java:[1431,29] chunk has private access in cn.nukkit.entity.Entity
[ERROR] /workspaces/master-thesis-pascal-joos/code_cure_agent/cca_workspace/Nukkit/src/main/java/cn/nukkit/Player.java:[1433,25] chunk has private access in cn.nukkit.entity.Entity
[ERROR] /workspaces/master-thesis-pascal-joos/code_cure_agent/cca_workspace/Nukkit/src/main/java/cn/nukkit/Player.java:[1465,51] riding has private access in cn.nukkit.entity.Entity
[ERROR] /workspaces/master-thesis-pascal-joos/code_cure_agent/cca_workspace/Nukkit/src/main/java/cn/nukkit/Player.java:[1486,21] boundingBox has private access in cn.nukkit.entity.Entity
[ERROR] /workspaces/master-thesis-pascal-joos/code_cure_agent/cca_workspace/Nukkit/src/main/java/cn/nukkit/Player.java:[1491,21] lastX has private access in cn.nukkit.entity.Entity
[ERROR] /workspaces/master-thesis-pascal-joos/code_cure_agent/cca_workspace/Nukkit/src/main/java/cn/nukkit/Player.java:[1492,21] lastY has private access in cn.nukkit.entity.Entity
[ERROR] /workspaces/master-thesis-pascal-joos/code_cure_agent/cca_workspace/Nukkit/src/main/java/cn/nukkit/Player.java:[1493,21] lastZ has private access in cn.nukkit.entity.Entity
[ERROR] /workspaces/master-thesis-pascal-joos/code_cure_agent/cca_workspace/Nukkit/src/main/java/cn/nukkit/Player.java:[1494,21] lastYaw has private access in cn.nukkit.entity.Entity
[ERROR] /workspaces/master-thesis-pascal-joos/code_cure_agent/cca_workspace/Nukkit/src/main/java/cn/nukkit/Player.java:[1495,21] lastPitch has private access in cn.nukkit.entity.Entity
[ERROR] /workspaces/master-thesis-pascal-joos/code_cure_agent/cca_workspace/Nukkit/src/main/java/cn/nukkit/Player.java:[1499,37] lastX has private access in cn.nukkit.entity.Entity
[ERROR] /workspaces/master-thesis-pascal-joos/code_cure_agent/cca_workspace/Nukkit/src/main/java/cn/nukkit/Player.java:[1499,70] lastY has private access in cn.nukkit.entity.Entity
[INFO] 100 errors 
[INFO] -------------------------------------------------------------
[INFO] ------------------------------------------------------------------------
[INFO] BUILD FAILURE
[INFO] ------------------------------------------------------------------------
[INFO] Total time:  10.580 s
[INFO] Finished at: 2025-08-30T16:07:18Z
[INFO] ------------------------------------------------------------------------
[ERROR] Failed to execute goal org.apache.maven.plugins:maven-compiler-plugin:3.1:compile (default-compile) on project nukkit: Compilation failure: Compilation failure: 
[ERROR] /workspaces/master-thesis-pascal-joos/code_cure_agent/cca_workspace/Nukkit/src/main/java/cn/nukkit/entity/item/EntityPrimedTNT.java:[83,13] namedTag has private access in cn.nukkit.entity.Entity
[ERROR] /workspaces/master-thesis-pascal-joos/code_cure_agent/cca_workspace/Nukkit/src/main/java/cn/nukkit/entity/item/EntityPrimedTNT.java:[84,20] namedTag has private access in cn.nukkit.entity.Entity
[ERROR] /workspaces/master-thesis-pascal-joos/code_cure_agent/cca_workspace/Nukkit/src/main/java/cn/nukkit/entity/item/EntityPrimedTNT.java:[102,9] namedTag has private access in cn.nukkit.entity.Entity
[ERROR] /workspaces/master-thesis-pascal-joos/code_cure_agent/cca_workspace/Nukkit/src/main/java/cn/nukkit/entity/item/EntityPrimedTNT.java:[107,13] closed has private access in cn.nukkit.entity.Entity
[ERROR] /workspaces/master-thesis-pascal-joos/code_cure_agent/cca_workspace/Nukkit/src/main/java/cn/nukkit/entity/item/EntityPrimedTNT.java:[113,38] lastUpdate has private access in cn.nukkit.entity.Entity
[ERROR] /workspaces/master-thesis-pascal-joos/code_cure_agent/cca_workspace/Nukkit/src/main/java/cn/nukkit/entity/item/EntityPrimedTNT.java:[115,31] justCreated has private access in cn.nukkit.entity.Entity
[ERROR] /workspaces/master-thesis-pascal-joos/code_cure_agent/cca_workspace/Nukkit/src/main/java/cn/nukkit/entity/item/EntityPrimedTNT.java:[123,9] lastUpdate has private access in cn.nukkit.entity.Entity
[ERROR] /workspaces/master-thesis-pascal-joos/code_cure_agent/cca_workspace/Nukkit/src/main/java/cn/nukkit/entity/item/EntityPrimedTNT.java:[129,13] motionY has private access in cn.nukkit.entity.Entity
[ERROR] /workspaces/master-thesis-pascal-joos/code_cure_agent/cca_workspace/Nukkit/src/main/java/cn/nukkit/entity/item/EntityPrimedTNT.java:[131,18] motionX has private access in cn.nukkit.entity.Entity
[ERROR] /workspaces/master-thesis-pascal-joos/code_cure_agent/cca_workspace/Nukkit/src/main/java/cn/nukkit/entity/item/EntityPrimedTNT.java:[131,27] motionY has private access in cn.nukkit.entity.Entity
[ERROR] /workspaces/master-thesis-pascal-joos/code_cure_agent/cca_workspace/Nukkit/src/main/java/cn/nukkit/entity/item/EntityPrimedTNT.java:[131,36] motionZ has private access in cn.nukkit.entity.Entity
[ERROR] /workspaces/master-thesis-pascal-joos/code_cure_agent/cca_workspace/Nukkit/src/main/java/cn/nukkit/entity/item/EntityPrimedTNT.java:[135,13] motionX has private access in cn.nukkit.entity.Entity
[ERROR] /workspaces/master-thesis-pascal-joos/code_cure_agent/cca_workspace/Nukkit/src/main/java/cn/nukkit/entity/item/EntityPrimedTNT.java:[136,13] motionY has private access in cn.nukkit.entity.Entity
[ERROR] /workspaces/master-thesis-pascal-joos/code_cure_agent/cca_workspace/Nukkit/src/main/java/cn/nukkit/entity/item/EntityPrimedTNT.java:[137,13] motionZ has private access in cn.nukkit.entity.Entity
[ERROR] /workspaces/master-thesis-pascal-joos/code_cure_agent/cca_workspace/Nukkit/src/main/java/cn/nukkit/entity/item/EntityPrimedTNT.java:[141,17] onGround has private access in cn.nukkit.entity.Entity
[ERROR] /workspaces/master-thesis-pascal-joos/code_cure_agent/cca_workspace/Nukkit/src/main/java/cn/nukkit/entity/item/EntityPrimedTNT.java:[142,17] motionY has private access in cn.nukkit.entity.Entity
[ERROR] /workspaces/master-thesis-pascal-joos/code_cure_agent/cca_workspace/Nukkit/src/main/java/cn/nukkit/entity/item/EntityPrimedTNT.java:[143,17] motionX has private access in cn.nukkit.entity.Entity
[ERROR] /workspaces/master-thesis-pascal-joos/code_cure_agent/cca_workspace/Nukkit/src/main/java/cn/nukkit/entity/item/EntityPrimedTNT.java:[144,17] motionZ has private access in cn.nukkit.entity.Entity
[ERROR] /workspaces/master-thesis-pascal-joos/code_cure_agent/cca_workspace/Nukkit/src/main/java/cn/nukkit/entity/item/EntityPrimedTNT.java:[159,51] motionX has private access in cn.nukkit.entity.Entity
[ERROR] /workspaces/master-thesis-pascal-joos/code_cure_agent/cca_workspace/Nukkit/src/main/java/cn/nukkit/entity/item/EntityPrimedTNT.java:[159,82] motionY has private access in cn.nukkit.entity.Entity
[ERROR] /workspaces/master-thesis-pascal-joos/code_cure_agent/cca_workspace/Nukkit/src/main/java/cn/nukkit/entity/item/EntityPrimedTNT.java:[159,113] motionZ has private access in cn.nukkit.entity.Entity
[ERROR] /workspaces/master-thesis-pascal-joos/code_cure_agent/cca_workspace/Nukkit/src/main/java/cn/nukkit/entity/EntityLiving.java:[65,17] namedTag has private access in cn.nukkit.entity.Entity
[ERROR] /workspaces/master-thesis-pascal-joos/code_cure_agent/cca_workspace/Nukkit/src/main/java/cn/nukkit/entity/EntityLiving.java:[66,17] namedTag has private access in cn.nukkit.entity.Entity
[ERROR] /workspaces/master-thesis-pascal-joos/code_cure_agent/cca_workspace/Nukkit/src/main/java/cn/nukkit/entity/EntityLiving.java:[66,50] namedTag has private access in cn.nukkit.entity.Entity
[ERROR] /workspaces/master-thesis-pascal-joos/code_cure_agent/cca_workspace/Nukkit/src/main/java/cn/nukkit/entity/EntityLiving.java:[67,17] namedTag has private access in cn.nukkit.entity.Entity
[ERROR] /workspaces/master-thesis-pascal-joos/code_cure_agent/cca_workspace/Nukkit/src/main/java/cn/nukkit/entity/EntityLiving.java:[70,18] namedTag has private access in cn.nukkit.entity.Entity
[ERROR] /workspaces/master-thesis-pascal-joos/code_cure_agent/cca_workspace/Nukkit/src/main/java/cn/nukkit/entity/EntityLiving.java:[70,56] namedTag has private access in cn.nukkit.entity.Entity
[ERROR] /workspaces/master-thesis-pascal-joos/code_cure_agent/cca_workspace/Nukkit/src/main/java/cn/nukkit/entity/EntityLiving.java:[71,17] namedTag has private access in cn.nukkit.entity.Entity
[ERROR] /workspaces/master-thesis-pascal-joos/code_cure_agent/cca_workspace/Nukkit/src/main/java/cn/nukkit/entity/EntityLiving.java:[74,27] namedTag has private access in cn.nukkit.entity.Entity
[ERROR] /workspaces/master-thesis-pascal-joos/code_cure_agent/cca_workspace/Nukkit/src/main/java/cn/nukkit/entity/EntityLiving.java:[92,13] namedTag has private access in cn.nukkit.entity.Entity
[ERROR] /workspaces/master-thesis-pascal-joos/code_cure_agent/cca_workspace/Nukkit/src/main/java/cn/nukkit/entity/EntityLiving.java:[106,17] noDamageTicks has private access in cn.nukkit.entity.Entity
[ERROR] /workspaces/master-thesis-pascal-joos/code_cure_agent/cca_workspace/Nukkit/src/main/java/cn/nukkit/entity/EntityLiving.java:[123,58] onGround has private access in cn.nukkit.entity.Entity
[ERROR] /workspaces/master-thesis-pascal-joos/code_cure_agent/cca_workspace/Nukkit/src/main/java/cn/nukkit/entity/EntityLiving.java:[168,42] motionX has private access in cn.nukkit.entity.Entity
[ERROR] /workspaces/master-thesis-pascal-joos/code_cure_agent/cca_workspace/Nukkit/src/main/java/cn/nukkit/entity/EntityLiving.java:[168,56] motionY has private access in cn.nukkit.entity.Entity
[ERROR] /workspaces/master-thesis-pascal-joos/code_cure_agent/cca_workspace/Nukkit/src/main/java/cn/nukkit/entity/EntityLiving.java:[168,70] motionZ has private access in cn.nukkit.entity.Entity
[ERROR] /workspaces/master-thesis-pascal-joos/code_cure_agent/cca_workspace/Nukkit/src/main/java/cn/nukkit/entity/EntityLiving.java:[280,17] riding has private access in cn.nukkit.entity.Entity
[ERROR] /workspaces/master-thesis-pascal-joos/code_cure_agent/cca_workspace/Nukkit/src/main/java/cn/nukkit/entity/EntityLiving.java:[281,62] boundingBox has private access in cn.nukkit.entity.Entity
[ERROR] /workspaces/master-thesis-pascal-joos/code_cure_agent/cca_workspace/Nukkit/src/main/java/cn/nukkit/entity/EntityHumanType.java:[55,17] namedTag has private access in cn.nukkit.entity.Entity
[ERROR] /workspaces/master-thesis-pascal-joos/code_cure_agent/cca_workspace/Nukkit/src/main/java/cn/nukkit/entity/EntityHumanType.java:[55,56] namedTag has private access in cn.nukkit.entity.Entity
[ERROR] /workspaces/master-thesis-pascal-joos/code_cure_agent/cca_workspace/Nukkit/src/main/java/cn/nukkit/entity/EntityHumanType.java:[56,54] namedTag has private access in cn.nukkit.entity.Entity
[ERROR] /workspaces/master-thesis-pascal-joos/code_cure_agent/cca_workspace/Nukkit/src/main/java/cn/nukkit/entity/EntityHumanType.java:[74,17] namedTag has private access in cn.nukkit.entity.Entity
[ERROR] /workspaces/master-thesis-pascal-joos/code_cure_agent/cca_workspace/Nukkit/src/main/java/cn/nukkit/entity/EntityHumanType.java:[74,57] namedTag has private access in cn.nukkit.entity.Entity
[ERROR] /workspaces/master-thesis-pascal-joos/code_cure_agent/cca_workspace/Nukkit/src/main/java/cn/nukkit/entity/EntityHumanType.java:[75,54] namedTag has private access in cn.nukkit.entity.Entity
[ERROR] /workspaces/master-thesis-pascal-joos/code_cure_agent/cca_workspace/Nukkit/src/main/java/cn/nukkit/entity/EntityHumanType.java:[91,17] namedTag has private access in cn.nukkit.entity.Entity
[ERROR] /workspaces/master-thesis-pascal-joos/code_cure_agent/cca_workspace/Nukkit/src/main/java/cn/nukkit/entity/EntityHumanType.java:[122,25] namedTag has private access in cn.nukkit.entity.Entity
[ERROR] /workspaces/master-thesis-pascal-joos/code_cure_agent/cca_workspace/Nukkit/src/main/java/cn/nukkit/entity/EntityHumanType.java:[128,13] namedTag has private access in cn.nukkit.entity.Entity
[ERROR] /workspaces/master-thesis-pascal-joos/code_cure_agent/cca_workspace/Nukkit/src/main/java/cn/nukkit/entity/EntityHumanType.java:[133,25] namedTag has private access in cn.nukkit.entity.Entity
[ERROR] /workspaces/master-thesis-pascal-joos/code_cure_agent/cca_workspace/Nukkit/src/main/java/cn/nukkit/entity/EntityHuman.java:[97,21] namedTag has private access in cn.nukkit.entity.Entity
[ERROR] /workspaces/master-thesis-pascal-joos/code_cure_agent/cca_workspace/Nukkit/src/main/java/cn/nukkit/entity/EntityHuman.java:[98,37] namedTag has private access in cn.nukkit.entity.Entity
[ERROR] /workspaces/master-thesis-pascal-joos/code_cure_agent/cca_workspace/Nukkit/src/main/java/cn/nukkit/entity/EntityHuman.java:[101,21] namedTag has private access in cn.nukkit.entity.Entity
[ERROR] /workspaces/master-thesis-pascal-joos/code_cure_agent/cca_workspace/Nukkit/src/main/java/cn/nukkit/entity/EntityHuman.java:[101,55] namedTag has private access in cn.nukkit.entity.Entity
[ERROR] /workspaces/master-thesis-pascal-joos/code_cure_agent/cca_workspace/Nukkit/src/main/java/cn/nukkit/entity/EntityHuman.java:[102,43] namedTag has private access in cn.nukkit.entity.Entity
[ERROR] /workspaces/master-thesis-pascal-joos/code_cure_agent/cca_workspace/Nukkit/src/main/java/cn/nukkit/entity/EntityHuman.java:[269,17] namedTag has private access in cn.nukkit.entity.Entity
[ERROR] /workspaces/master-thesis-pascal-joos/code_cure_agent/cca_workspace/Nukkit/src/main/java/cn/nukkit/entity/EntityHuman.java:[300,37] motionX has private access in cn.nukkit.entity.Entity
[ERROR] /workspaces/master-thesis-pascal-joos/code_cure_agent/cca_workspace/Nukkit/src/main/java/cn/nukkit/entity/EntityHuman.java:[301,37] motionY has private access in cn.nukkit.entity.Entity
[ERROR] /workspaces/master-thesis-pascal-joos/code_cure_agent/cca_workspace/Nukkit/src/main/java/cn/nukkit/entity/EntityHuman.java:[302,37] motionZ has private access in cn.nukkit.entity.Entity
[ERROR] /workspaces/master-thesis-pascal-joos/code_cure_agent/cca_workspace/Nukkit/src/main/java/cn/nukkit/entity/EntityHuman.java:[312,21] riding has private access in cn.nukkit.entity.Entity
[ERROR] /workspaces/master-thesis-pascal-joos/code_cure_agent/cca_workspace/Nukkit/src/main/java/cn/nukkit/entity/EntityHuman.java:[314,43] riding has private access in cn.nukkit.entity.Entity
[ERROR] /workspaces/master-thesis-pascal-joos/code_cure_agent/cca_workspace/Nukkit/src/main/java/cn/nukkit/entity/EntityHuman.java:[341,18] closed has private access in cn.nukkit.entity.Entity
[ERROR] /workspaces/master-thesis-pascal-joos/code_cure_agent/cca_workspace/Nukkit/src/main/java/cn/nukkit/Player.java:[350,20] namedTag has private access in cn.nukkit.entity.Entity
[ERROR] /workspaces/master-thesis-pascal-joos/code_cure_agent/cca_workspace/Nukkit/src/main/java/cn/nukkit/Player.java:[350,44] namedTag has private access in cn.nukkit.entity.Entity
[ERROR] /workspaces/master-thesis-pascal-joos/code_cure_agent/cca_workspace/Nukkit/src/main/java/cn/nukkit/Player.java:[355,20] namedTag has private access in cn.nukkit.entity.Entity
[ERROR] /workspaces/master-thesis-pascal-joos/code_cure_agent/cca_workspace/Nukkit/src/main/java/cn/nukkit/Player.java:[355,44] namedTag has private access in cn.nukkit.entity.Entity
[ERROR] /workspaces/master-thesis-pascal-joos/code_cure_agent/cca_workspace/Nukkit/src/main/java/cn/nukkit/Player.java:[474,13] highestPosition has private access in cn.nukkit.entity.Entity
[ERROR] /workspaces/master-thesis-pascal-joos/code_cure_agent/cca_workspace/Nukkit/src/main/java/cn/nukkit/Player.java:[622,13] boundingBox has private access in cn.nukkit.entity.Entity
[ERROR] /workspaces/master-thesis-pascal-joos/code_cure_agent/cca_workspace/Nukkit/src/main/java/cn/nukkit/Player.java:[760,46] closed has private access in cn.nukkit.entity.Entity
[ERROR] /workspaces/master-thesis-pascal-joos/code_cure_agent/cca_workspace/Nukkit/src/main/java/cn/nukkit/Player.java:[785,46] closed has private access in cn.nukkit.entity.Entity
[ERROR] /workspaces/master-thesis-pascal-joos/code_cure_agent/cca_workspace/Nukkit/src/main/java/cn/nukkit/Player.java:[880,13] noDamageTicks has private access in cn.nukkit.entity.Entity
[ERROR] /workspaces/master-thesis-pascal-joos/code_cure_agent/cca_workspace/Nukkit/src/main/java/cn/nukkit/Player.java:[890,46] closed has private access in cn.nukkit.entity.Entity
[ERROR] /workspaces/master-thesis-pascal-joos/code_cure_agent/cca_workspace/Nukkit/src/main/java/cn/nukkit/Player.java:[1109,58] boundingBox has private access in cn.nukkit.entity.Entity
[ERROR] /workspaces/master-thesis-pascal-joos/code_cure_agent/cca_workspace/Nukkit/src/main/java/cn/nukkit/Player.java:[1249,17] keepMovement has private access in cn.nukkit.entity.Entity
[ERROR] /workspaces/master-thesis-pascal-joos/code_cure_agent/cca_workspace/Nukkit/src/main/java/cn/nukkit/Player.java:[1252,17] keepMovement has private access in cn.nukkit.entity.Entity
[ERROR] /workspaces/master-thesis-pascal-joos/code_cure_agent/cca_workspace/Nukkit/src/main/java/cn/nukkit/Player.java:[1256,13] namedTag has private access in cn.nukkit.entity.Entity
[ERROR] /workspaces/master-thesis-pascal-joos/code_cure_agent/cca_workspace/Nukkit/src/main/java/cn/nukkit/Player.java:[1268,31] temporalVector has private access in cn.nukkit.entity.Entity
[ERROR] /workspaces/master-thesis-pascal-joos/code_cure_agent/cca_workspace/Nukkit/src/main/java/cn/nukkit/Player.java:[1341,18] onGround has private access in cn.nukkit.entity.Entity
[ERROR] /workspaces/master-thesis-pascal-joos/code_cure_agent/cca_workspace/Nukkit/src/main/java/cn/nukkit/Player.java:[1344,36] boundingBox has private access in cn.nukkit.entity.Entity
[ERROR] /workspaces/master-thesis-pascal-joos/code_cure_agent/cca_workspace/Nukkit/src/main/java/cn/nukkit/Player.java:[1348,40] boundingBox has private access in cn.nukkit.entity.Entity
[ERROR] /workspaces/master-thesis-pascal-joos/code_cure_agent/cca_workspace/Nukkit/src/main/java/cn/nukkit/Player.java:[1362,63] temporalVector has private access in cn.nukkit.entity.Entity
[ERROR] /workspaces/master-thesis-pascal-joos/code_cure_agent/cca_workspace/Nukkit/src/main/java/cn/nukkit/Player.java:[1372,17] onGround has private access in cn.nukkit.entity.Entity
[ERROR] /workspaces/master-thesis-pascal-joos/code_cure_agent/cca_workspace/Nukkit/src/main/java/cn/nukkit/Player.java:[1375,13] isCollided has private access in cn.nukkit.entity.Entity
[ERROR] /workspaces/master-thesis-pascal-joos/code_cure_agent/cca_workspace/Nukkit/src/main/java/cn/nukkit/Player.java:[1375,31] onGround has private access in cn.nukkit.entity.Entity
[ERROR] /workspaces/master-thesis-pascal-joos/code_cure_agent/cca_workspace/Nukkit/src/main/java/cn/nukkit/Player.java:[1392,42] inPortalTicks has private access in cn.nukkit.entity.Entity
[ERROR] /workspaces/master-thesis-pascal-joos/code_cure_agent/cca_workspace/Nukkit/src/main/java/cn/nukkit/Player.java:[1393,21] inPortalTicks has private access in cn.nukkit.entity.Entity
[ERROR] /workspaces/master-thesis-pascal-joos/code_cure_agent/cca_workspace/Nukkit/src/main/java/cn/nukkit/Player.java:[1395,21] inPortalTicks has private access in cn.nukkit.entity.Entity
[ERROR] /workspaces/master-thesis-pascal-joos/code_cure_agent/cca_workspace/Nukkit/src/main/java/cn/nukkit/Player.java:[1398,17] inPortalTicks has private access in cn.nukkit.entity.Entity
[ERROR] /workspaces/master-thesis-pascal-joos/code_cure_agent/cca_workspace/Nukkit/src/main/java/cn/nukkit/Player.java:[1403,63] boundingBox has private access in cn.nukkit.entity.Entity
[ERROR] /workspaces/master-thesis-pascal-joos/code_cure_agent/cca_workspace/Nukkit/src/main/java/cn/nukkit/Player.java:[1424,21] chunk has private access in cn.nukkit.entity.Entity
[ERROR] /workspaces/master-thesis-pascal-joos/code_cure_agent/cca_workspace/Nukkit/src/main/java/cn/nukkit/Player.java:[1424,44] chunk has private access in cn.nukkit.entity.Entity
[ERROR] /workspaces/master-thesis-pascal-joos/code_cure_agent/cca_workspace/Nukkit/src/main/java/cn/nukkit/Player.java:[1430,29] chunk has private access in cn.nukkit.entity.Entity
[ERROR] /workspaces/master-thesis-pascal-joos/code_cure_agent/cca_workspace/Nukkit/src/main/java/cn/nukkit/Player.java:[1431,29] chunk has private access in cn.nukkit.entity.Entity
[ERROR] /workspaces/master-thesis-pascal-joos/code_cure_agent/cca_workspace/Nukkit/src/main/java/cn/nukkit/Player.java:[1433,25] chunk has private access in cn.nukkit.entity.Entity
[ERROR] /workspaces/master-thesis-pascal-joos/code_cure_agent/cca_workspace/Nukkit/src/main/java/cn/nukkit/Player.java:[1465,51] riding has private access in cn.nukkit.entity.Entity
[ERROR] /workspaces/master-thesis-pascal-joos/code_cure_agent/cca_workspace/Nukkit/src/main/java/cn/nukkit/Player.java:[1486,21] boundingBox has private access in cn.nukkit.entity.Entity
[ERROR] /workspaces/master-thesis-pascal-joos/code_cure_agent/cca_workspace/Nukkit/src/main/java/cn/nukkit/Player.java:[1491,21] lastX has private access in cn.nukkit.entity.Entity
[ERROR] /workspaces/master-thesis-pascal-joos/code_cure_agent/cca_workspace/Nukkit/src/main/java/cn/nukkit/Player.java:[1492,21] lastY has private access in cn.nukkit.entity.Entity
[ERROR] /workspaces/master-thesis-pascal-joos/code_cure_agent/cca_workspace/Nukkit/src/main/java/cn/nukkit/Player.java:[1493,21] lastZ has private access in cn.nukkit.entity.Entity
[ERROR] /workspaces/master-thesis-pascal-joos/code_cure_agent/cca_workspace/Nukkit/src/main/java/cn/nukkit/Player.java:[1494,21] lastYaw has private access in cn.nukkit.entity.Entity
[ERROR] /workspaces/master-thesis-pascal-joos/code_cure_agent/cca_workspace/Nukkit/src/main/java/cn/nukkit/Player.java:[1495,21] lastPitch has private access in cn.nukkit.entity.Entity
[ERROR] /workspaces/master-thesis-pascal-joos/code_cure_agent/cca_workspace/Nukkit/src/main/java/cn/nukkit/Player.java:[1499,37] lastX has private access in cn.nukkit.entity.Entity
[ERROR] /workspaces/master-thesis-pascal-joos/code_cure_agent/cca_workspace/Nukkit/src/main/java/cn/nukkit/Player.java:[1499,70] lastY has private access in cn.nukkit.entity.Entity
[ERROR] -> [Help 1]
[ERROR] 
[ERROR] To see the full stack trace of the errors, re-run Maven with the -e switch.
[ERROR] Re-run Maven using the -X switch to enable full debug logging.
[ERROR] 
[ERROR] For more information about the errors and possible solutions, please read the following articles:
[ERROR] [Help 1] http://cwiki.apache.org/confluence/display/MAVEN/MojoFailureException
