[INFO] Scanning for projects...
[INFO] ------------------------------------------------------------------------
[INFO] Reactor Build Order:
[INFO] 
[INFO] OWASP Security Logging                                             [pom]
[INFO] OWASP Security Logging Common                                      [jar]
[INFO] OWASP Security Logging Log4j                                       [jar]
[INFO] OWASP Security Logging Logback                                     [jar]
[INFO] 
[INFO] ---------------------< org.owasp:security-logging >---------------------
[INFO] Building OWASP Security Logging 1.1.6                              [1/4]
[INFO] --------------------------------[ pom ]---------------------------------
[INFO] 
[INFO] --- maven-clean-plugin:2.5:clean (default-clean) @ security-logging ---
[INFO] 
[INFO] --- jacoco-maven-plugin:0.8.5:prepare-agent (default) @ security-logging ---
[INFO] argLine set to -javaagent:/home/vscode/.m2/repository/org/jacoco/org.jacoco.agent/0.8.5/org.jacoco.agent-0.8.5-runtime.jar=destfile=/workspaces/master-thesis-pascal-joos/code_cure_agent/cca_workspace/owasp-security-logging/target/jacoco.exec
[INFO] 
[INFO] --- jacoco-maven-plugin:0.8.5:report (report) @ security-logging ---
[INFO] Skipping JaCoCo execution due to missing execution data file.
[INFO] 
[INFO] -----------------< org.owasp:security-logging-common >------------------
[INFO] Building OWASP Security Logging Common 1.1.6                       [2/4]
[INFO] --------------------------------[ jar ]---------------------------------
[INFO] 
[INFO] --- maven-clean-plugin:2.5:clean (default-clean) @ security-logging-common ---
[INFO] Deleting /workspaces/master-thesis-pascal-joos/code_cure_agent/cca_workspace/owasp-security-logging/owasp-security-logging-common/target
[INFO] 
[INFO] --- jacoco-maven-plugin:0.8.5:prepare-agent (default) @ security-logging-common ---
[INFO] argLine set to -javaagent:/home/vscode/.m2/repository/org/jacoco/org.jacoco.agent/0.8.5/org.jacoco.agent-0.8.5-runtime.jar=destfile=/workspaces/master-thesis-pascal-joos/code_cure_agent/cca_workspace/owasp-security-logging/owasp-security-logging-common/target/jacoco.exec
[INFO] 
[INFO] --- maven-resources-plugin:2.6:resources (default-resources) @ security-logging-common ---
[INFO] Using 'UTF-8' encoding to copy filtered resources.
[INFO] skip non existing resourceDirectory /workspaces/master-thesis-pascal-joos/code_cure_agent/cca_workspace/owasp-security-logging/owasp-security-logging-common/src/main/resources
[INFO] 
[INFO] --- maven-compiler-plugin:3.7.0:compile (default-compile) @ security-logging-common ---
[INFO] Changes detected - recompiling the module!
[INFO] Compiling 22 source files to /workspaces/master-thesis-pascal-joos/code_cure_agent/cca_workspace/owasp-security-logging/owasp-security-logging-common/target/classes
[INFO] /workspaces/master-thesis-pascal-joos/code_cure_agent/cca_workspace/owasp-security-logging/owasp-security-logging-common/src/main/java/org/owasp/security/logging/mdc/MDCFilter.java: Some input files use or override a deprecated API.
[INFO] /workspaces/master-thesis-pascal-joos/code_cure_agent/cca_workspace/owasp-security-logging/owasp-security-logging-common/src/main/java/org/owasp/security/logging/mdc/MDCFilter.java: Recompile with -Xlint:deprecation for details.
[INFO] -------------------------------------------------------------
[ERROR] COMPILATION ERROR : 
[INFO] -------------------------------------------------------------
[ERROR] /workspaces/master-thesis-pascal-joos/code_cure_agent/cca_workspace/owasp-security-logging/owasp-security-logging-common/src/main/java/org/owasp/security/logging/util/DefaultIntervalLoggerModel.java:[42,24] cannot find symbol
  symbol:   class ThreadMXBean
  location: class org.owasp.security.logging.util.DefaultIntervalLoggerModel
[INFO] 1 error
[INFO] -------------------------------------------------------------
[INFO] ------------------------------------------------------------------------
[INFO] Reactor Summary for OWASP Security Logging 1.1.6:
[INFO] 
[INFO] OWASP Security Logging ............................. SUCCESS [  0.551 s]
[INFO] OWASP Security Logging Common ...................... FAILURE [  0.868 s]
[INFO] OWASP Security Logging Log4j ....................... SKIPPED
[INFO] OWASP Security Logging Logback ..................... SKIPPED
[INFO] ------------------------------------------------------------------------
[INFO] BUILD FAILURE
[INFO] ------------------------------------------------------------------------
[INFO] Total time:  1.518 s
[INFO] Finished at: 2025-08-20T09:50:46Z
[INFO] ------------------------------------------------------------------------
[ERROR] Failed to execute goal org.apache.maven.plugins:maven-compiler-plugin:3.7.0:compile (default-compile) on project security-logging-common: Compilation failure
[ERROR] /workspaces/master-thesis-pascal-joos/code_cure_agent/cca_workspace/owasp-security-logging/owasp-security-logging-common/src/main/java/org/owasp/security/logging/util/DefaultIntervalLoggerModel.java:[42,24] cannot find symbol
[ERROR]   symbol:   class ThreadMXBean
[ERROR]   location: class org.owasp.security.logging.util.DefaultIntervalLoggerModel
[ERROR] -> [Help 1]
[ERROR] 
[ERROR] To see the full stack trace of the errors, re-run Maven with the -e switch.
[ERROR] Re-run Maven using the -X switch to enable full debug logging.
[ERROR] 
[ERROR] For more information about the errors and possible solutions, please read the following articles:
[ERROR] [Help 1] http://cwiki.apache.org/confluence/display/MAVEN/MojoFailureException
[ERROR] 
[ERROR] After correcting the problems, you can resume the build with the command
[ERROR]   mvn <args> -rf :security-logging-common
