[INFO] Scanning for projects...
[WARNING] Could not transfer metadata org.codehaus.groovy:groovy-eclipse-batch/maven-metadata.xml from/to codehaus.org (http://repository.codehaus.org): Transfer failed for http://repository.codehaus.org/org/codehaus/groovy/groovy-eclipse-batch/maven-metadata.xml
[WARNING] Could not transfer metadata org.codehaus.groovy:groovy-eclipse-batch/maven-metadata.xml from/to codehaus-snapshots (http://nexus.codehaus.org/snapshots/): Transfer failed for http://nexus.codehaus.org/snapshots/org/codehaus/groovy/groovy-eclipse-batch/maven-metadata.xml
[INFO] ------------------------------------------------------------------------
[INFO] Reactor Build Order:
[INFO] 
[INFO] license-maven-plugin-parent                                        [pom]
[INFO] license-maven-plugin                                      [maven-plugin]
[INFO] license-maven-plugin-git                                           [jar]
[INFO] license-maven-plugin-svn                                           [jar]
[INFO] 
[INFO] ---------------< com.mycila:license-maven-plugin-parent >---------------
[INFO] Building license-maven-plugin-parent 4.0-SNAPSHOT                  [1/4]
[INFO] --------------------------------[ pom ]---------------------------------
[INFO] 
[INFO] --- maven-clean-plugin:2.5:clean (default-clean) @ license-maven-plugin-parent ---
[INFO] Deleting /workspaces/xxxx/code_cure_agent/cca_workspace/license-maven-plugin (includes = [dependency-reduced-pom.xml, dependency-reduced-pom-*.xml], excludes = [])
[INFO] 
[INFO] --- maven-enforcer-plugin:1.1.1:enforce (enforce-maven) @ license-maven-plugin-parent ---
[INFO] 
[INFO] >>> maven-source-plugin:2.2.1:jar (default) > generate-sources @ license-maven-plugin-parent >>>
[INFO] 
[INFO] --- maven-enforcer-plugin:1.1.1:enforce (enforce-maven) @ license-maven-plugin-parent ---
[INFO] 
[INFO] <<< maven-source-plugin:2.2.1:jar (default) < generate-sources @ license-maven-plugin-parent <<<
[INFO] 
[INFO] 
[INFO] --- maven-source-plugin:2.2.1:jar (default) @ license-maven-plugin-parent ---
[INFO] 
[INFO] --- maven-site-plugin:3.9.0:attach-descriptor (attach-descriptor) @ license-maven-plugin-parent ---
[INFO] No site descriptor found: nothing to attach.
[INFO] 
[INFO] ------------------< com.mycila:license-maven-plugin >-------------------
[INFO] Building license-maven-plugin 4.0-SNAPSHOT                         [2/4]
[INFO] ----------------------------[ maven-plugin ]----------------------------
[INFO] 
[INFO] --- maven-clean-plugin:2.5:clean (default-clean) @ license-maven-plugin ---
[INFO] Deleting /workspaces/xxxx/code_cure_agent/cca_workspace/license-maven-plugin/license-maven-plugin (includes = [dependency-reduced-pom.xml, dependency-reduced-pom-*.xml], excludes = [])
[INFO] 
[INFO] --- maven-enforcer-plugin:1.1.1:enforce (enforce-maven) @ license-maven-plugin ---
[INFO] 
[INFO] --- groovy-eclipse-compiler:2.8.0-01:add-groovy-build-paths (default-add-groovy-build-paths) @ license-maven-plugin ---
[INFO] Adding /src/main/groovy to the list of source folders
[INFO] Adding /src/test/groovy to the list of test source folders
[INFO] 
[INFO] --- maven-plugin-plugin:3.2:helpmojo (generate-helpmojo) @ license-maven-plugin ---
[INFO] Using 'UTF-8' encoding to read mojo metadata.
[INFO] Applying mojo extractor for language: java
[INFO] ------------------------------------------------------------------------
[INFO] Reactor Summary for license-maven-plugin-parent 4.0-SNAPSHOT:
[INFO] 
[INFO] license-maven-plugin-parent ........................ SUCCESS [  1.005 s]
[INFO] license-maven-plugin ............................... FAILURE [  0.413 s]
[INFO] license-maven-plugin-git ........................... SKIPPED
[INFO] license-maven-plugin-svn ........................... SKIPPED
[INFO] ------------------------------------------------------------------------
[INFO] BUILD FAILURE
[INFO] ------------------------------------------------------------------------
[INFO] Total time:  2.695 s
[INFO] Finished at: 2025-08-21T14:02:21Z
[INFO] ------------------------------------------------------------------------
[ERROR] Failed to execute goal org.apache.maven.plugins:maven-plugin-plugin:3.2:helpmojo (generate-helpmojo) on project license-maven-plugin: Execution generate-helpmojo of goal org.apache.maven.plugins:maven-plugin-plugin:3.2:helpmojo failed: syntax error @[516,1] in file:/workspaces/xxxx/code_cure_agent/cca_workspace/license-maven-plugin/license-maven-plugin/src/main/java/com/mycila/maven/plugin/license/AbstractLicenseMojo.java -> [Help 1]
[ERROR] 
[ERROR] To see the full stack trace of the errors, re-run Maven with the -e switch.
[ERROR] Re-run Maven using the -X switch to enable full debug logging.
[ERROR] 
[ERROR] For more information about the errors and possible solutions, please read the following articles:
[ERROR] [Help 1] http://cwiki.apache.org/confluence/display/MAVEN/PluginExecutionException
[ERROR] 
[ERROR] After correcting the problems, you can resume the build with the command
[ERROR]   mvn <args> -rf :license-maven-plugin
