[INFO] Scanning for projects...
[WARNING] 
[WARNING] Some problems were encountered while building the effective model for com.github.valfirst:jbehave-junit-runner:jar:2.3.1-SNAPSHOT
[WARNING] 'build.plugins.plugin.version' for org.apache.maven.plugins:maven-surefire-plugin is missing. @ line 116, column 12
[WARNING] 
[WARNING] It is highly recommended to fix these problems because they threaten the stability of your build.
[WARNING] 
[WARNING] For this reason, future Maven versions might no longer support building such malformed projects.
[WARNING] 
[INFO] 
[INFO] --------------< com.github.valfirst:jbehave-junit-runner >--------------
[INFO] Building JBehave JUnit Runner 2.3.1-SNAPSHOT
[INFO] --------------------------------[ jar ]---------------------------------
[INFO] 
[INFO] --- maven-clean-plugin:2.5:clean (default-clean) @ jbehave-junit-runner ---
[INFO] 
[INFO] --- maven-resources-plugin:2.6:resources (default-resources) @ jbehave-junit-runner ---
[INFO] Using 'UTF-8' encoding to copy filtered resources.
[INFO] skip non existing resourceDirectory /workspaces/master-thesis-pascal-joos/code_cure_agent/cca_workspace/jbehave-junit-runner/src/main/resources
[INFO] 
[INFO] --- maven-compiler-plugin:3.8.1:compile (default-compile) @ jbehave-junit-runner ---
[INFO] Changes detected - recompiling the module!
[INFO] Compiling 6 source files to /workspaces/master-thesis-pascal-joos/code_cure_agent/cca_workspace/jbehave-junit-runner/target/classes
[INFO] -------------------------------------------------------------
[WARNING] COMPILATION WARNING : 
[INFO] -------------------------------------------------------------
[WARNING] bootstrap class path not set in conjunction with -source 8
[INFO] 1 warning
[INFO] -------------------------------------------------------------
[INFO] -------------------------------------------------------------
[ERROR] COMPILATION ERROR : 
[INFO] -------------------------------------------------------------
[ERROR] /workspaces/master-thesis-pascal-joos/code_cure_agent/cca_workspace/jbehave-junit-runner/src/main/java/com/github/valfirst/jbehave/junit/monitoring/JUnitScenarioReporter.java:[420,1] illegal character: '`'
[ERROR] /workspaces/master-thesis-pascal-joos/code_cure_agent/cca_workspace/jbehave-junit-runner/src/main/java/com/github/valfirst/jbehave/junit/monitoring/JUnitScenarioReporter.java:[420,2] illegal character: '`'
[ERROR] /workspaces/master-thesis-pascal-joos/code_cure_agent/cca_workspace/jbehave-junit-runner/src/main/java/com/github/valfirst/jbehave/junit/monitoring/JUnitScenarioReporter.java:[420,3] illegal character: '`'
[ERROR] /workspaces/master-thesis-pascal-joos/code_cure_agent/cca_workspace/jbehave-junit-runner/src/main/java/com/github/valfirst/jbehave/junit/monitoring/JUnitScenarioReporter.java:[421,5] class, interface, or enum expected
[ERROR] /workspaces/master-thesis-pascal-joos/code_cure_agent/cca_workspace/jbehave-junit-runner/src/main/java/com/github/valfirst/jbehave/junit/monitoring/JUnitScenarioReporter.java:[421,40] illegal character: '`'
[ERROR] /workspaces/master-thesis-pascal-joos/code_cure_agent/cca_workspace/jbehave-junit-runner/src/main/java/com/github/valfirst/jbehave/junit/monitoring/JUnitScenarioReporter.java:[421,74] illegal character: '`'
[ERROR] /workspaces/master-thesis-pascal-joos/code_cure_agent/cca_workspace/jbehave-junit-runner/src/main/java/com/github/valfirst/jbehave/junit/monitoring/JUnitScenarioReporter.java:[421,97] illegal character: '`'
[ERROR] /workspaces/master-thesis-pascal-joos/code_cure_agent/cca_workspace/jbehave-junit-runner/src/main/java/com/github/valfirst/jbehave/junit/monitoring/JUnitScenarioReporter.java:[421,100] illegal character: '`'
[ERROR] /workspaces/master-thesis-pascal-joos/code_cure_agent/cca_workspace/jbehave-junit-runner/src/main/java/com/github/valfirst/jbehave/junit/monitoring/JUnitScenarioReporter.java:[421,151] illegal character: '`'
[ERROR] /workspaces/master-thesis-pascal-joos/code_cure_agent/cca_workspace/jbehave-junit-runner/src/main/java/com/github/valfirst/jbehave/junit/monitoring/JUnitScenarioReporter.java:[421,189] illegal character: '`'
[ERROR] /workspaces/master-thesis-pascal-joos/code_cure_agent/cca_workspace/jbehave-junit-runner/src/main/java/com/github/valfirst/jbehave/junit/monitoring/JUnitScenarioReporter.java:[421,206] illegal character: '`'
[ERROR] /workspaces/master-thesis-pascal-joos/code_cure_agent/cca_workspace/jbehave-junit-runner/src/main/java/com/github/valfirst/jbehave/junit/monitoring/JUnitScenarioReporter.java:[421,259] illegal character: '`'
[ERROR] /workspaces/master-thesis-pascal-joos/code_cure_agent/cca_workspace/jbehave-junit-runner/src/main/java/com/github/valfirst/jbehave/junit/monitoring/JUnitScenarioReporter.java:[421,266] class, interface, or enum expected
[INFO] 13 errors 
[INFO] -------------------------------------------------------------
[INFO] ------------------------------------------------------------------------
[INFO] BUILD FAILURE
[INFO] ------------------------------------------------------------------------
[INFO] Total time:  1.045 s
[INFO] Finished at: 2025-08-30T16:06:01Z
[INFO] ------------------------------------------------------------------------
[ERROR] Failed to execute goal org.apache.maven.plugins:maven-compiler-plugin:3.8.1:compile (default-compile) on project jbehave-junit-runner: Compilation failure: Compilation failure: 
[ERROR] /workspaces/master-thesis-pascal-joos/code_cure_agent/cca_workspace/jbehave-junit-runner/src/main/java/com/github/valfirst/jbehave/junit/monitoring/JUnitScenarioReporter.java:[420,1] illegal character: '`'
[ERROR] /workspaces/master-thesis-pascal-joos/code_cure_agent/cca_workspace/jbehave-junit-runner/src/main/java/com/github/valfirst/jbehave/junit/monitoring/JUnitScenarioReporter.java:[420,2] illegal character: '`'
[ERROR] /workspaces/master-thesis-pascal-joos/code_cure_agent/cca_workspace/jbehave-junit-runner/src/main/java/com/github/valfirst/jbehave/junit/monitoring/JUnitScenarioReporter.java:[420,3] illegal character: '`'
[ERROR] /workspaces/master-thesis-pascal-joos/code_cure_agent/cca_workspace/jbehave-junit-runner/src/main/java/com/github/valfirst/jbehave/junit/monitoring/JUnitScenarioReporter.java:[421,5] class, interface, or enum expected
[ERROR] /workspaces/master-thesis-pascal-joos/code_cure_agent/cca_workspace/jbehave-junit-runner/src/main/java/com/github/valfirst/jbehave/junit/monitoring/JUnitScenarioReporter.java:[421,40] illegal character: '`'
[ERROR] /workspaces/master-thesis-pascal-joos/code_cure_agent/cca_workspace/jbehave-junit-runner/src/main/java/com/github/valfirst/jbehave/junit/monitoring/JUnitScenarioReporter.java:[421,74] illegal character: '`'
[ERROR] /workspaces/master-thesis-pascal-joos/code_cure_agent/cca_workspace/jbehave-junit-runner/src/main/java/com/github/valfirst/jbehave/junit/monitoring/JUnitScenarioReporter.java:[421,97] illegal character: '`'
[ERROR] /workspaces/master-thesis-pascal-joos/code_cure_agent/cca_workspace/jbehave-junit-runner/src/main/java/com/github/valfirst/jbehave/junit/monitoring/JUnitScenarioReporter.java:[421,100] illegal character: '`'
[ERROR] /workspaces/master-thesis-pascal-joos/code_cure_agent/cca_workspace/jbehave-junit-runner/src/main/java/com/github/valfirst/jbehave/junit/monitoring/JUnitScenarioReporter.java:[421,151] illegal character: '`'
[ERROR] /workspaces/master-thesis-pascal-joos/code_cure_agent/cca_workspace/jbehave-junit-runner/src/main/java/com/github/valfirst/jbehave/junit/monitoring/JUnitScenarioReporter.java:[421,189] illegal character: '`'
[ERROR] /workspaces/master-thesis-pascal-joos/code_cure_agent/cca_workspace/jbehave-junit-runner/src/main/java/com/github/valfirst/jbehave/junit/monitoring/JUnitScenarioReporter.java:[421,206] illegal character: '`'
[ERROR] /workspaces/master-thesis-pascal-joos/code_cure_agent/cca_workspace/jbehave-junit-runner/src/main/java/com/github/valfirst/jbehave/junit/monitoring/JUnitScenarioReporter.java:[421,259] illegal character: '`'
[ERROR] /workspaces/master-thesis-pascal-joos/code_cure_agent/cca_workspace/jbehave-junit-runner/src/main/java/com/github/valfirst/jbehave/junit/monitoring/JUnitScenarioReporter.java:[421,266] class, interface, or enum expected
[ERROR] -> [Help 1]
[ERROR] 
[ERROR] To see the full stack trace of the errors, re-run Maven with the -e switch.
[ERROR] Re-run Maven using the -X switch to enable full debug logging.
[ERROR] 
[ERROR] For more information about the errors and possible solutions, please read the following articles:
[ERROR] [Help 1] http://cwiki.apache.org/confluence/display/MAVEN/MojoFailureException
