[INFO] Scanning for projects...
[INFO] 
[INFO] ----------------------< com.github.wmixvideo:nfe >----------------------
[INFO] Building nfe 3.0.27-SNAPSHOT
[INFO] --------------------------------[ jar ]---------------------------------
[INFO] 
[INFO] --- maven-clean-plugin:2.5:clean (default-clean) @ nfe ---
[INFO] 
[INFO] --- jacoco-maven-plugin:0.8.6:prepare-agent (prepare-agent) @ nfe ---
[INFO] argLine set to -javaagent:/home/vscode/.m2/repository/org/jacoco/org.jacoco.agent/0.8.6/org.jacoco.agent-0.8.6-runtime.jar=destfile=/workspaces/CodeCureAgent/code_cure_agent/cca_workspace_3/nfe/target/jacoco.exec,excludes=**/webservices/**/*
[INFO] 
[INFO] --- maven-resources-plugin:2.6:resources (default-resources) @ nfe ---
[INFO] Using 'UTF-8' encoding to copy filtered resources.
[INFO] Copying 444 resources
[INFO] Copying 0 resource
[INFO] 
[INFO] --- maven-compiler-plugin:3.8.1:compile (default-compile) @ nfe ---
[INFO] Changes detected - recompiling the module!
[INFO] Compiling 1032 source files to /workspaces/CodeCureAgent/code_cure_agent/cca_workspace_3/nfe/target/classes
[INFO] -------------------------------------------------------------
[ERROR] COMPILATION ERROR : 
[INFO] -------------------------------------------------------------
[ERROR] /workspaces/CodeCureAgent/code_cure_agent/cca_workspace_3/nfe/src/main/java/com/fincatto/documentofiscal/nfe310/webservices/statusservico/consulta/NfeStatusServico2CallbackHandler.java:[19,81] cannot find symbol
  symbol:   class NfeStatusServicoNF2Result
  location: class com.fincatto.documentofiscal.nfe310.webservices.statusservico.consulta.NfeStatusServico2Stub
[ERROR] /workspaces/CodeCureAgent/code_cure_agent/cca_workspace_3/nfe/src/main/java/com/fincatto/documentofiscal/nfe310/webservices/statusservico/consulta/NfeStatusServico2Stub.java:[64,107] cannot find symbol
  symbol:   class NfeDadosMsg
  location: class com.fincatto.documentofiscal.nfe310.webservices.statusservico.consulta.NfeStatusServico2Stub
[ERROR] /workspaces/CodeCureAgent/code_cure_agent/cca_workspace_3/nfe/src/main/java/com/fincatto/documentofiscal/nfe310/webservices/statusservico/consulta/NfeStatusServico2Stub.java:[64,161] cannot find symbol
  symbol:   class NfeCabecMsgE
  location: class com.fincatto.documentofiscal.nfe310.webservices.statusservico.consulta.NfeStatusServico2Stub
[ERROR] /workspaces/CodeCureAgent/code_cure_agent/cca_workspace_3/nfe/src/main/java/com/fincatto/documentofiscal/nfe310/webservices/statusservico/consulta/NfeStatusServico2Stub.java:[64,33] cannot find symbol
  symbol:   class NfeStatusServicoNF2Result
  location: class com.fincatto.documentofiscal.nfe310.webservices.statusservico.consulta.NfeStatusServico2Stub
[ERROR] /workspaces/CodeCureAgent/code_cure_agent/cca_workspace_3/nfe/src/main/java/com/fincatto/documentofiscal/nfe310/webservices/statusservico/consulta/NfeStatusServico2Stub.java:[128,69] cannot find symbol
  symbol:   class NfeDadosMsg
  location: class com.fincatto.documentofiscal.nfe310.webservices.statusservico.consulta.NfeStatusServico2Stub
[ERROR] /workspaces/CodeCureAgent/code_cure_agent/cca_workspace_3/nfe/src/main/java/com/fincatto/documentofiscal/nfe310/webservices/statusservico/consulta/NfeStatusServico2Stub.java:[128,123] cannot find symbol
  symbol:   class NfeCabecMsgE
  location: class com.fincatto.documentofiscal.nfe310.webservices.statusservico.consulta.NfeStatusServico2Stub
[ERROR] /workspaces/CodeCureAgent/code_cure_agent/cca_workspace_3/nfe/src/main/java/com/fincatto/documentofiscal/nfe310/webservices/statusservico/consulta/NfeStatusServico2Stub.java:[92,118] cannot find symbol
  symbol:   class NfeStatusServicoNF2Result
  location: class com.fincatto.documentofiscal.nfe310.webservices.statusservico.consulta.NfeStatusServico2Stub
[ERROR] /workspaces/CodeCureAgent/code_cure_agent/cca_workspace_3/nfe/src/main/java/com/fincatto/documentofiscal/nfe310/webservices/statusservico/consulta/NfeStatusServico2Stub.java:[93,42] cannot find symbol
  symbol:   class NfeStatusServicoNF2Result
  location: class com.fincatto.documentofiscal.nfe310.webservices.statusservico.consulta.NfeStatusServico2Stub
[ERROR] /workspaces/CodeCureAgent/code_cure_agent/cca_workspace_3/nfe/src/main/java/com/fincatto/documentofiscal/nfe310/webservices/statusservico/consulta/NfeStatusServico2Stub.java:[107,68] cannot find symbol
  symbol: method fromOM(org.apache.axiom.om.OMElement,java.lang.Class,<nulltype>)
[ERROR] /workspaces/CodeCureAgent/code_cure_agent/cca_workspace_3/nfe/src/main/java/com/fincatto/documentofiscal/nfe310/webservices/statusservico/consulta/NfeStatusServico2Stub.java:[154,147] cannot find symbol
  symbol:   class NfeStatusServicoNF2Result
  location: class com.fincatto.documentofiscal.nfe310.webservices.statusservico.consulta.NfeStatusServico2Stub
[ERROR] /workspaces/CodeCureAgent/code_cure_agent/cca_workspace_3/nfe/src/main/java/com/fincatto/documentofiscal/nfe310/webservices/statusservico/consulta/NfeStatusServico2Stub.java:[155,85] cannot find symbol
  symbol:   class NfeStatusServicoNF2Result
  location: class com.fincatto.documentofiscal.nfe310.webservices.statusservico.consulta.NfeStatusServico2Stub
[ERROR] /workspaces/CodeCureAgent/code_cure_agent/cca_workspace_3/nfe/src/main/java/com/fincatto/documentofiscal/nfe310/webservices/statusservico/consulta/NfeStatusServico2Stub.java:[177,98] cannot find symbol
  symbol: method fromOM(org.apache.axiom.om.OMElement,java.lang.Class,<nulltype>)
[ERROR] /workspaces/CodeCureAgent/code_cure_agent/cca_workspace_3/nfe/src/main/java/com/fincatto/documentofiscal/nfe310/webservices/WSStatusConsulta.java:[47,36] cannot find symbol
  symbol:   class NfeCabecMsg
  location: class com.fincatto.documentofiscal.nfe310.webservices.statusservico.consulta.NfeStatusServico2Stub
[ERROR] /workspaces/CodeCureAgent/code_cure_agent/cca_workspace_3/nfe/src/main/java/com/fincatto/documentofiscal/nfe310/webservices/WSStatusConsulta.java:[47,82] cannot find symbol
  symbol:   class NfeCabecMsg
  location: class com.fincatto.documentofiscal.nfe310.webservices.statusservico.consulta.NfeStatusServico2Stub
[ERROR] /workspaces/CodeCureAgent/code_cure_agent/cca_workspace_3/nfe/src/main/java/com/fincatto/documentofiscal/nfe310/webservices/WSStatusConsulta.java:[51,36] cannot find symbol
  symbol:   class NfeCabecMsgE
  location: class com.fincatto.documentofiscal.nfe310.webservices.statusservico.consulta.NfeStatusServico2Stub
[ERROR] /workspaces/CodeCureAgent/code_cure_agent/cca_workspace_3/nfe/src/main/java/com/fincatto/documentofiscal/nfe310/webservices/WSStatusConsulta.java:[51,86] cannot find symbol
  symbol:   class NfeCabecMsgE
  location: class com.fincatto.documentofiscal.nfe310.webservices.statusservico.consulta.NfeStatusServico2Stub
[ERROR] /workspaces/CodeCureAgent/code_cure_agent/cca_workspace_3/nfe/src/main/java/com/fincatto/documentofiscal/nfe310/webservices/WSStatusConsulta.java:[54,36] cannot find symbol
  symbol:   class NfeDadosMsg
  location: class com.fincatto.documentofiscal.nfe310.webservices.statusservico.consulta.NfeStatusServico2Stub
[ERROR] /workspaces/CodeCureAgent/code_cure_agent/cca_workspace_3/nfe/src/main/java/com/fincatto/documentofiscal/nfe310/webservices/WSStatusConsulta.java:[54,82] cannot find symbol
  symbol:   class NfeDadosMsg
  location: class com.fincatto.documentofiscal.nfe310.webservices.statusservico.consulta.NfeStatusServico2Stub
[INFO] 18 errors 
[INFO] -------------------------------------------------------------
[INFO] ------------------------------------------------------------------------
[INFO] BUILD FAILURE
[INFO] ------------------------------------------------------------------------
[INFO] Total time:  5.719 s
[INFO] Finished at: 2026-01-29T17:02:26Z
[INFO] ------------------------------------------------------------------------
[ERROR] Failed to execute goal org.apache.maven.plugins:maven-compiler-plugin:3.8.1:compile (default-compile) on project nfe: Compilation failure: Compilation failure: 
[ERROR] /workspaces/CodeCureAgent/code_cure_agent/cca_workspace_3/nfe/src/main/java/com/fincatto/documentofiscal/nfe310/webservices/statusservico/consulta/NfeStatusServico2CallbackHandler.java:[19,81] cannot find symbol
[ERROR]   symbol:   class NfeStatusServicoNF2Result
[ERROR]   location: class com.fincatto.documentofiscal.nfe310.webservices.statusservico.consulta.NfeStatusServico2Stub
[ERROR] /workspaces/CodeCureAgent/code_cure_agent/cca_workspace_3/nfe/src/main/java/com/fincatto/documentofiscal/nfe310/webservices/statusservico/consulta/NfeStatusServico2Stub.java:[64,107] cannot find symbol
[ERROR]   symbol:   class NfeDadosMsg
[ERROR]   location: class com.fincatto.documentofiscal.nfe310.webservices.statusservico.consulta.NfeStatusServico2Stub
[ERROR] /workspaces/CodeCureAgent/code_cure_agent/cca_workspace_3/nfe/src/main/java/com/fincatto/documentofiscal/nfe310/webservices/statusservico/consulta/NfeStatusServico2Stub.java:[64,161] cannot find symbol
[ERROR]   symbol:   class NfeCabecMsgE
[ERROR]   location: class com.fincatto.documentofiscal.nfe310.webservices.statusservico.consulta.NfeStatusServico2Stub
[ERROR] /workspaces/CodeCureAgent/code_cure_agent/cca_workspace_3/nfe/src/main/java/com/fincatto/documentofiscal/nfe310/webservices/statusservico/consulta/NfeStatusServico2Stub.java:[64,33] cannot find symbol
[ERROR]   symbol:   class NfeStatusServicoNF2Result
[ERROR]   location: class com.fincatto.documentofiscal.nfe310.webservices.statusservico.consulta.NfeStatusServico2Stub
[ERROR] /workspaces/CodeCureAgent/code_cure_agent/cca_workspace_3/nfe/src/main/java/com/fincatto/documentofiscal/nfe310/webservices/statusservico/consulta/NfeStatusServico2Stub.java:[128,69] cannot find symbol
[ERROR]   symbol:   class NfeDadosMsg
[ERROR]   location: class com.fincatto.documentofiscal.nfe310.webservices.statusservico.consulta.NfeStatusServico2Stub
[ERROR] /workspaces/CodeCureAgent/code_cure_agent/cca_workspace_3/nfe/src/main/java/com/fincatto/documentofiscal/nfe310/webservices/statusservico/consulta/NfeStatusServico2Stub.java:[128,123] cannot find symbol
[ERROR]   symbol:   class NfeCabecMsgE
[ERROR]   location: class com.fincatto.documentofiscal.nfe310.webservices.statusservico.consulta.NfeStatusServico2Stub
[ERROR] /workspaces/CodeCureAgent/code_cure_agent/cca_workspace_3/nfe/src/main/java/com/fincatto/documentofiscal/nfe310/webservices/statusservico/consulta/NfeStatusServico2Stub.java:[92,118] cannot find symbol
[ERROR]   symbol:   class NfeStatusServicoNF2Result
[ERROR]   location: class com.fincatto.documentofiscal.nfe310.webservices.statusservico.consulta.NfeStatusServico2Stub
[ERROR] /workspaces/CodeCureAgent/code_cure_agent/cca_workspace_3/nfe/src/main/java/com/fincatto/documentofiscal/nfe310/webservices/statusservico/consulta/NfeStatusServico2Stub.java:[93,42] cannot find symbol
[ERROR]   symbol:   class NfeStatusServicoNF2Result
[ERROR]   location: class com.fincatto.documentofiscal.nfe310.webservices.statusservico.consulta.NfeStatusServico2Stub
[ERROR] /workspaces/CodeCureAgent/code_cure_agent/cca_workspace_3/nfe/src/main/java/com/fincatto/documentofiscal/nfe310/webservices/statusservico/consulta/NfeStatusServico2Stub.java:[107,68] cannot find symbol
[ERROR]   symbol: method fromOM(org.apache.axiom.om.OMElement,java.lang.Class,<nulltype>)
[ERROR] /workspaces/CodeCureAgent/code_cure_agent/cca_workspace_3/nfe/src/main/java/com/fincatto/documentofiscal/nfe310/webservices/statusservico/consulta/NfeStatusServico2Stub.java:[154,147] cannot find symbol
[ERROR]   symbol:   class NfeStatusServicoNF2Result
[ERROR]   location: class com.fincatto.documentofiscal.nfe310.webservices.statusservico.consulta.NfeStatusServico2Stub
[ERROR] /workspaces/CodeCureAgent/code_cure_agent/cca_workspace_3/nfe/src/main/java/com/fincatto/documentofiscal/nfe310/webservices/statusservico/consulta/NfeStatusServico2Stub.java:[155,85] cannot find symbol
[ERROR]   symbol:   class NfeStatusServicoNF2Result
[ERROR]   location: class com.fincatto.documentofiscal.nfe310.webservices.statusservico.consulta.NfeStatusServico2Stub
[ERROR] /workspaces/CodeCureAgent/code_cure_agent/cca_workspace_3/nfe/src/main/java/com/fincatto/documentofiscal/nfe310/webservices/statusservico/consulta/NfeStatusServico2Stub.java:[177,98] cannot find symbol
[ERROR]   symbol: method fromOM(org.apache.axiom.om.OMElement,java.lang.Class,<nulltype>)
[ERROR] /workspaces/CodeCureAgent/code_cure_agent/cca_workspace_3/nfe/src/main/java/com/fincatto/documentofiscal/nfe310/webservices/WSStatusConsulta.java:[47,36] cannot find symbol
[ERROR]   symbol:   class NfeCabecMsg
[ERROR]   location: class com.fincatto.documentofiscal.nfe310.webservices.statusservico.consulta.NfeStatusServico2Stub
[ERROR] /workspaces/CodeCureAgent/code_cure_agent/cca_workspace_3/nfe/src/main/java/com/fincatto/documentofiscal/nfe310/webservices/WSStatusConsulta.java:[47,82] cannot find symbol
[ERROR]   symbol:   class NfeCabecMsg
[ERROR]   location: class com.fincatto.documentofiscal.nfe310.webservices.statusservico.consulta.NfeStatusServico2Stub
[ERROR] /workspaces/CodeCureAgent/code_cure_agent/cca_workspace_3/nfe/src/main/java/com/fincatto/documentofiscal/nfe310/webservices/WSStatusConsulta.java:[51,36] cannot find symbol
[ERROR]   symbol:   class NfeCabecMsgE
[ERROR]   location: class com.fincatto.documentofiscal.nfe310.webservices.statusservico.consulta.NfeStatusServico2Stub
[ERROR] /workspaces/CodeCureAgent/code_cure_agent/cca_workspace_3/nfe/src/main/java/com/fincatto/documentofiscal/nfe310/webservices/WSStatusConsulta.java:[51,86] cannot find symbol
[ERROR]   symbol:   class NfeCabecMsgE
[ERROR]   location: class com.fincatto.documentofiscal.nfe310.webservices.statusservico.consulta.NfeStatusServico2Stub
[ERROR] /workspaces/CodeCureAgent/code_cure_agent/cca_workspace_3/nfe/src/main/java/com/fincatto/documentofiscal/nfe310/webservices/WSStatusConsulta.java:[54,36] cannot find symbol
[ERROR]   symbol:   class NfeDadosMsg
[ERROR]   location: class com.fincatto.documentofiscal.nfe310.webservices.statusservico.consulta.NfeStatusServico2Stub
[ERROR] /workspaces/CodeCureAgent/code_cure_agent/cca_workspace_3/nfe/src/main/java/com/fincatto/documentofiscal/nfe310/webservices/WSStatusConsulta.java:[54,82] cannot find symbol
[ERROR]   symbol:   class NfeDadosMsg
[ERROR]   location: class com.fincatto.documentofiscal.nfe310.webservices.statusservico.consulta.NfeStatusServico2Stub
[ERROR] -> [Help 1]
[ERROR] 
[ERROR] To see the full stack trace of the errors, re-run Maven with the -e switch.
[ERROR] Re-run Maven using the -X switch to enable full debug logging.
[ERROR] 
[ERROR] For more information about the errors and possible solutions, please read the following articles:
[ERROR] [Help 1] http://cwiki.apache.org/confluence/display/MAVEN/MojoFailureException
