[INFO] Scanning for projects...
[INFO] ------------------------------------------------------------------------
[INFO] Reactor Build Order:
[INFO] 
[INFO] robot                                                              [pom]
[INFO] robot-maven-plugin                                        [maven-plugin]
[INFO] robot-core                                                         [jar]
[INFO] robot-command                                                      [jar]
[INFO] 
[INFO] ---------------------< org.obolibrary.robot:robot >---------------------
[INFO] Building robot 1.8.0-SNAPSHOT                                      [1/4]
[INFO] --------------------------------[ pom ]---------------------------------
[INFO] 
[INFO] --- maven-clean-plugin:2.5:clean (default-clean) @ robot ---
[INFO] 
[INFO] --------------< org.obolibrary.robot:robot-maven-plugin >---------------
[INFO] Building robot-maven-plugin 1.8.0-SNAPSHOT                         [2/4]
[INFO] ----------------------------[ maven-plugin ]----------------------------
[INFO] 
[INFO] --- maven-clean-plugin:2.5:clean (default-clean) @ robot-maven-plugin ---
[INFO] 
[INFO] --- fmt-maven-plugin:2.1.0:format (default) @ robot-maven-plugin ---
[warn] Test source directory '/workspaces/CodeCureAgent/code_cure_agent/cca_workspace_2/robot/robot-maven-plugin/src/test/java' does not exist, ignoring.
[INFO] Processed 1 files (0 reformatted).
[INFO] 
[INFO] --- maven-resources-plugin:2.6:resources (default-resources) @ robot-maven-plugin ---
[INFO] Using 'UTF-8' encoding to copy filtered resources.
[INFO] skip non existing resourceDirectory /workspaces/CodeCureAgent/code_cure_agent/cca_workspace_2/robot/robot-maven-plugin/src/main/resources
[INFO] 
[INFO] --- maven-compiler-plugin:3.1:compile (default-compile) @ robot-maven-plugin ---
[INFO] Changes detected - recompiling the module!
[INFO] Compiling 1 source file to /workspaces/CodeCureAgent/code_cure_agent/cca_workspace_2/robot/robot-maven-plugin/target/classes
[INFO] 
[INFO] --- maven-plugin-plugin:3.3:descriptor (default-descriptor) @ robot-maven-plugin ---
[INFO] Using 'UTF-8' encoding to read mojo metadata.
[INFO] Applying mojo extractor for language: java
[INFO] Mojo extractor for language: java found 0 mojo descriptors.
[INFO] Applying mojo extractor for language: bsh
[INFO] Mojo extractor for language: bsh found 0 mojo descriptors.
[INFO] Applying mojo extractor for language: java-annotations
[INFO] Mojo extractor for language: java-annotations found 1 mojo descriptors.
[INFO] 
[INFO] --- maven-resources-plugin:2.6:testResources (default-testResources) @ robot-maven-plugin ---
[INFO] Using 'UTF-8' encoding to copy filtered resources.
[INFO] skip non existing resourceDirectory /workspaces/CodeCureAgent/code_cure_agent/cca_workspace_2/robot/robot-maven-plugin/src/test/resources
[INFO] 
[INFO] --- maven-compiler-plugin:3.1:testCompile (default-testCompile) @ robot-maven-plugin ---
[INFO] No sources to compile
[INFO] 
[INFO] --- maven-surefire-plugin:2.12.4:test (default-test) @ robot-maven-plugin ---
[INFO] Tests are skipped.
[INFO] 
[INFO] --- maven-jar-plugin:2.4:jar (default-jar) @ robot-maven-plugin ---
[INFO] Building jar: /workspaces/CodeCureAgent/code_cure_agent/cca_workspace_2/robot/robot-maven-plugin/target/robot-maven-plugin-1.8.0-SNAPSHOT.jar
[INFO] 
[INFO] --- maven-plugin-plugin:3.3:addPluginArtifactMetadata (default-addPluginArtifactMetadata) @ robot-maven-plugin ---
[INFO] 
[INFO] ------------------< org.obolibrary.robot:robot-core >-------------------
[INFO] Building robot-core 1.8.0-SNAPSHOT                                 [3/4]
[INFO] --------------------------------[ jar ]---------------------------------
[INFO] 
[INFO] --- maven-clean-plugin:2.5:clean (default-clean) @ robot-core ---
[INFO] 
[INFO] --- fmt-maven-plugin:2.1.0:format (default) @ robot-core ---
[INFO] Processed 91 files (2 reformatted).
[INFO] 
[INFO] --- maven-resources-plugin:2.6:resources (default-resources) @ robot-core ---
[INFO] Using 'UTF-8' encoding to copy filtered resources.
[INFO] Copying 32 resources
[INFO] 
[INFO] --- maven-compiler-plugin:3.1:compile (default-compile) @ robot-core ---
[INFO] Changes detected - recompiling the module!
[INFO] Compiling 64 source files to /workspaces/CodeCureAgent/code_cure_agent/cca_workspace_2/robot/robot-core/target/classes
[INFO] -------------------------------------------------------------
[ERROR] COMPILATION ERROR : 
[INFO] -------------------------------------------------------------
[ERROR] /workspaces/CodeCureAgent/code_cure_agent/cca_workspace_2/robot/robot-core/src/main/java/org/obolibrary/robot/OntologyHelper.java:[200,41] cannot find symbol
  symbol:   method spanGaps(org.semanticweb.owlapi.model.OWLOntology,java.util.Set<org.semanticweb.owlapi.model.OWLObject>)
  location: class org.obolibrary.robot.RelatedObjectsHelper
[ERROR] /workspaces/CodeCureAgent/code_cure_agent/cca_workspace_2/robot/robot-core/src/main/java/org/obolibrary/robot/RelatedObjectsHelper.java:[184,18] cannot find symbol
  symbol:   method setDefaultAxiomType(java.util.Set<java.lang.Class<? extends org.semanticweb.owlapi.model.OWLAxiom>>)
  location: class org.obolibrary.robot.RelatedObjectsHelper
[ERROR] /workspaces/CodeCureAgent/code_cure_agent/cca_workspace_2/robot/robot-core/src/main/java/org/obolibrary/robot/RelatedObjectsHelper.java:[186,14] cannot find symbol
  symbol:   method getCompleteAxiomsNamedOnly(java.util.Set<org.semanticweb.owlapi.model.OWLAxiom>,java.util.Set<org.semanticweb.owlapi.model.OWLObject>,java.util.Set<java.lang.Class<? extends org.semanticweb.owlapi.model.OWLAxiom>>)
  location: class org.obolibrary.robot.RelatedObjectsHelper
[ERROR] /workspaces/CodeCureAgent/code_cure_agent/cca_workspace_2/robot/robot-core/src/main/java/org/obolibrary/robot/RelatedObjectsHelper.java:[188,14] cannot find symbol
  symbol:   method getCompleteAxiomsIncludeAnonymous(java.util.Set<org.semanticweb.owlapi.model.OWLAxiom>,java.util.Set<org.semanticweb.owlapi.model.OWLObject>,java.util.Set<java.lang.Class<? extends org.semanticweb.owlapi.model.OWLAxiom>>)
  location: class org.obolibrary.robot.RelatedObjectsHelper
[ERROR] /workspaces/CodeCureAgent/code_cure_agent/cca_workspace_2/robot/robot-core/src/main/java/org/obolibrary/robot/RelatedObjectsHelper.java:[204,27] cannot find symbol
  symbol:   method getAxiomSubjects(org.semanticweb.owlapi.model.OWLAxiom)
  location: class org.obolibrary.robot.RelatedObjectsHelper
[ERROR] /workspaces/CodeCureAgent/code_cure_agent/cca_workspace_2/robot/robot-core/src/main/java/org/obolibrary/robot/RelatedObjectsHelper.java:[205,12] cannot find symbol
  symbol:   method isBase(java.util.List<java.lang.String>,java.util.Set<org.semanticweb.owlapi.model.IRI>)
  location: class org.obolibrary.robot.RelatedObjectsHelper
[ERROR] /workspaces/CodeCureAgent/code_cure_agent/cca_workspace_2/robot/robot-core/src/main/java/org/obolibrary/robot/RelatedObjectsHelper.java:[224,27] cannot find symbol
  symbol:   method getAxiomSubjects(org.semanticweb.owlapi.model.OWLAxiom)
  location: class org.obolibrary.robot.RelatedObjectsHelper
[ERROR] /workspaces/CodeCureAgent/code_cure_agent/cca_workspace_2/robot/robot-core/src/main/java/org/obolibrary/robot/RelatedObjectsHelper.java:[225,11] cannot find symbol
  symbol:   method isBase(java.util.List<java.lang.String>,java.util.Set<org.semanticweb.owlapi.model.IRI>)
  location: class org.obolibrary.robot.RelatedObjectsHelper
[ERROR] /workspaces/CodeCureAgent/code_cure_agent/cca_workspace_2/robot/robot-core/src/main/java/org/obolibrary/robot/RelatedObjectsHelper.java:[247,18] cannot find symbol
  symbol:   method setDefaultAxiomType(java.util.Set<java.lang.Class<? extends org.semanticweb.owlapi.model.OWLAxiom>>)
  location: class org.obolibrary.robot.RelatedObjectsHelper
[ERROR] /workspaces/CodeCureAgent/code_cure_agent/cca_workspace_2/robot/robot-core/src/main/java/org/obolibrary/robot/RelatedObjectsHelper.java:[249,14] cannot find symbol
  symbol:   method getPartialAxiomsNamedOnly(java.util.Set<org.semanticweb.owlapi.model.OWLAxiom>,java.util.Set<org.semanticweb.owlapi.model.OWLObject>,java.util.Set<java.lang.Class<? extends org.semanticweb.owlapi.model.OWLAxiom>>)
  location: class org.obolibrary.robot.RelatedObjectsHelper
[ERROR] /workspaces/CodeCureAgent/code_cure_agent/cca_workspace_2/robot/robot-core/src/main/java/org/obolibrary/robot/RelatedObjectsHelper.java:[251,14] cannot find symbol
  symbol:   method getPartialAxiomsIncludeAnonymous(java.util.Set<org.semanticweb.owlapi.model.OWLAxiom>,java.util.Set<org.semanticweb.owlapi.model.OWLObject>,java.util.Set<java.lang.Class<? extends org.semanticweb.owlapi.model.OWLAxiom>>)
  location: class org.obolibrary.robot.RelatedObjectsHelper
[ERROR] /workspaces/CodeCureAgent/code_cure_agent/cca_workspace_2/robot/robot-core/src/main/java/org/obolibrary/robot/ExtractOperation.java:[369,37] cannot find symbol
  symbol:   method selectComplement(org.semanticweb.owlapi.model.OWLOntology,java.util.Set<org.semanticweb.owlapi.model.OWLObject>)
  location: class org.obolibrary.robot.RelatedObjectsHelper
[INFO] 12 errors 
[INFO] -------------------------------------------------------------
[INFO] ------------------------------------------------------------------------
[INFO] Reactor Summary for robot 1.8.0-SNAPSHOT:
[INFO] 
[INFO] robot .............................................. SUCCESS [  0.147 s]
[INFO] robot-maven-plugin ................................. SUCCESS [  5.391 s]
[INFO] robot-core ......................................... FAILURE [  4.794 s]
[INFO] robot-command ...................................... SKIPPED
[INFO] ------------------------------------------------------------------------
[INFO] BUILD FAILURE
[INFO] ------------------------------------------------------------------------
[INFO] Total time:  10.465 s
[INFO] Finished at: 2026-01-30T11:06:57Z
[INFO] ------------------------------------------------------------------------
[ERROR] Failed to execute goal org.apache.maven.plugins:maven-compiler-plugin:3.1:compile (default-compile) on project robot-core: Compilation failure: Compilation failure: 
[ERROR] /workspaces/CodeCureAgent/code_cure_agent/cca_workspace_2/robot/robot-core/src/main/java/org/obolibrary/robot/OntologyHelper.java:[200,41] cannot find symbol
[ERROR]   symbol:   method spanGaps(org.semanticweb.owlapi.model.OWLOntology,java.util.Set<org.semanticweb.owlapi.model.OWLObject>)
[ERROR]   location: class org.obolibrary.robot.RelatedObjectsHelper
[ERROR] /workspaces/CodeCureAgent/code_cure_agent/cca_workspace_2/robot/robot-core/src/main/java/org/obolibrary/robot/RelatedObjectsHelper.java:[184,18] cannot find symbol
[ERROR]   symbol:   method setDefaultAxiomType(java.util.Set<java.lang.Class<? extends org.semanticweb.owlapi.model.OWLAxiom>>)
[ERROR]   location: class org.obolibrary.robot.RelatedObjectsHelper
[ERROR] /workspaces/CodeCureAgent/code_cure_agent/cca_workspace_2/robot/robot-core/src/main/java/org/obolibrary/robot/RelatedObjectsHelper.java:[186,14] cannot find symbol
[ERROR]   symbol:   method getCompleteAxiomsNamedOnly(java.util.Set<org.semanticweb.owlapi.model.OWLAxiom>,java.util.Set<org.semanticweb.owlapi.model.OWLObject>,java.util.Set<java.lang.Class<? extends org.semanticweb.owlapi.model.OWLAxiom>>)
[ERROR]   location: class org.obolibrary.robot.RelatedObjectsHelper
[ERROR] /workspaces/CodeCureAgent/code_cure_agent/cca_workspace_2/robot/robot-core/src/main/java/org/obolibrary/robot/RelatedObjectsHelper.java:[188,14] cannot find symbol
[ERROR]   symbol:   method getCompleteAxiomsIncludeAnonymous(java.util.Set<org.semanticweb.owlapi.model.OWLAxiom>,java.util.Set<org.semanticweb.owlapi.model.OWLObject>,java.util.Set<java.lang.Class<? extends org.semanticweb.owlapi.model.OWLAxiom>>)
[ERROR]   location: class org.obolibrary.robot.RelatedObjectsHelper
[ERROR] /workspaces/CodeCureAgent/code_cure_agent/cca_workspace_2/robot/robot-core/src/main/java/org/obolibrary/robot/RelatedObjectsHelper.java:[204,27] cannot find symbol
[ERROR]   symbol:   method getAxiomSubjects(org.semanticweb.owlapi.model.OWLAxiom)
[ERROR]   location: class org.obolibrary.robot.RelatedObjectsHelper
[ERROR] /workspaces/CodeCureAgent/code_cure_agent/cca_workspace_2/robot/robot-core/src/main/java/org/obolibrary/robot/RelatedObjectsHelper.java:[205,12] cannot find symbol
[ERROR]   symbol:   method isBase(java.util.List<java.lang.String>,java.util.Set<org.semanticweb.owlapi.model.IRI>)
[ERROR]   location: class org.obolibrary.robot.RelatedObjectsHelper
[ERROR] /workspaces/CodeCureAgent/code_cure_agent/cca_workspace_2/robot/robot-core/src/main/java/org/obolibrary/robot/RelatedObjectsHelper.java:[224,27] cannot find symbol
[ERROR]   symbol:   method getAxiomSubjects(org.semanticweb.owlapi.model.OWLAxiom)
[ERROR]   location: class org.obolibrary.robot.RelatedObjectsHelper
[ERROR] /workspaces/CodeCureAgent/code_cure_agent/cca_workspace_2/robot/robot-core/src/main/java/org/obolibrary/robot/RelatedObjectsHelper.java:[225,11] cannot find symbol
[ERROR]   symbol:   method isBase(java.util.List<java.lang.String>,java.util.Set<org.semanticweb.owlapi.model.IRI>)
[ERROR]   location: class org.obolibrary.robot.RelatedObjectsHelper
[ERROR] /workspaces/CodeCureAgent/code_cure_agent/cca_workspace_2/robot/robot-core/src/main/java/org/obolibrary/robot/RelatedObjectsHelper.java:[247,18] cannot find symbol
[ERROR]   symbol:   method setDefaultAxiomType(java.util.Set<java.lang.Class<? extends org.semanticweb.owlapi.model.OWLAxiom>>)
[ERROR]   location: class org.obolibrary.robot.RelatedObjectsHelper
[ERROR] /workspaces/CodeCureAgent/code_cure_agent/cca_workspace_2/robot/robot-core/src/main/java/org/obolibrary/robot/RelatedObjectsHelper.java:[249,14] cannot find symbol
[ERROR]   symbol:   method getPartialAxiomsNamedOnly(java.util.Set<org.semanticweb.owlapi.model.OWLAxiom>,java.util.Set<org.semanticweb.owlapi.model.OWLObject>,java.util.Set<java.lang.Class<? extends org.semanticweb.owlapi.model.OWLAxiom>>)
[ERROR]   location: class org.obolibrary.robot.RelatedObjectsHelper
[ERROR] /workspaces/CodeCureAgent/code_cure_agent/cca_workspace_2/robot/robot-core/src/main/java/org/obolibrary/robot/RelatedObjectsHelper.java:[251,14] cannot find symbol
[ERROR]   symbol:   method getPartialAxiomsIncludeAnonymous(java.util.Set<org.semanticweb.owlapi.model.OWLAxiom>,java.util.Set<org.semanticweb.owlapi.model.OWLObject>,java.util.Set<java.lang.Class<? extends org.semanticweb.owlapi.model.OWLAxiom>>)
[ERROR]   location: class org.obolibrary.robot.RelatedObjectsHelper
[ERROR] /workspaces/CodeCureAgent/code_cure_agent/cca_workspace_2/robot/robot-core/src/main/java/org/obolibrary/robot/ExtractOperation.java:[369,37] cannot find symbol
[ERROR]   symbol:   method selectComplement(org.semanticweb.owlapi.model.OWLOntology,java.util.Set<org.semanticweb.owlapi.model.OWLObject>)
[ERROR]   location: class org.obolibrary.robot.RelatedObjectsHelper
[ERROR] -> [Help 1]
[ERROR] 
[ERROR] To see the full stack trace of the errors, re-run Maven with the -e switch.
[ERROR] Re-run Maven using the -X switch to enable full debug logging.
[ERROR] 
[ERROR] For more information about the errors and possible solutions, please read the following articles:
[ERROR] [Help 1] http://cwiki.apache.org/confluence/display/MAVEN/MojoFailureException
[ERROR] 
[ERROR] After correcting the problems, you can resume the build with the command
[ERROR]   mvn <args> -rf :robot-core
