[INFO] Scanning for projects...
[INFO] Inspecting build with total of 1 modules...
[INFO] Installing Nexus Staging features:
[INFO]   ... total of 1 executions of maven-deploy-plugin replaced with nexus-staging-maven-plugin
[INFO] 
[INFO] ----------------< com.esri.geometry:esri-geometry-api >-----------------
[INFO] Building Esri Geometry API for Java 2.2.4
[INFO] --------------------------------[ jar ]---------------------------------
[INFO] 
[INFO] --- maven-clean-plugin:2.5:clean (default-clean) @ esri-geometry-api ---
[INFO] Deleting /workspaces/xxxx/code_cure_agent/cca_workspace/geometry-api-java/target
[INFO] 
[INFO] --- maven-resources-plugin:2.6:resources (default-resources) @ esri-geometry-api ---
[INFO] Using 'UTF-8' encoding to copy filtered resources.
[INFO] Copying 6 resources
[INFO] 
[INFO] --- maven-compiler-plugin:2.3.1:compile (default-compile) @ esri-geometry-api ---
[INFO] Compiling 262 source files to /workspaces/xxxx/code_cure_agent/cca_workspace/geometry-api-java/target/classes
[INFO] -------------------------------------------------------------
[ERROR] COMPILATION ERROR : 
[INFO] -------------------------------------------------------------
[ERROR] /workspaces/xxxx/code_cure_agent/cca_workspace/geometry-api-java/src/main/java/com/esri/core/geometry/RelationalOperations.java:[3899,0] error: illegal start of expression

[ERROR] /workspaces/xxxx/code_cure_agent/cca_workspace/geometry-api-java/src/main/java/com/esri/core/geometry/RelationalOperations.java:[4004,5] error: illegal start of type

[ERROR] /workspaces/xxxx/code_cure_agent/cca_workspace/geometry-api-java/src/main/java/com/esri/core/geometry/RelationalOperations.java:[4004,31] error: <identifier> expected

[ERROR] /workspaces/xxxx/code_cure_agent/cca_workspace/geometry-api-java/src/main/java/com/esri/core/geometry/RelationalOperations.java:[4004,38] error: <identifier> expected

[ERROR] /workspaces/xxxx/code_cure_agent/cca_workspace/geometry-api-java/src/main/java/com/esri/core/geometry/RelationalOperations.java:[4004,49] error: <identifier> expected

[ERROR] /workspaces/xxxx/code_cure_agent/cca_workspace/geometry-api-java/src/main/java/com/esri/core/geometry/RelationalOperations.java:[4004,50] error: ';' expected

[ERROR] /workspaces/xxxx/code_cure_agent/cca_workspace/geometry-api-java/src/main/java/com/esri/core/geometry/RelationalOperations.java:[4007,5] error: illegal start of type

[ERROR] /workspaces/xxxx/code_cure_agent/cca_workspace/geometry-api-java/src/main/java/com/esri/core/geometry/RelationalOperations.java:[4007,31] error: <identifier> expected

[ERROR] /workspaces/xxxx/code_cure_agent/cca_workspace/geometry-api-java/src/main/java/com/esri/core/geometry/RelationalOperations.java:[4007,37] error: <identifier> expected

[ERROR] /workspaces/xxxx/code_cure_agent/cca_workspace/geometry-api-java/src/main/java/com/esri/core/geometry/RelationalOperations.java:[4007,48] error: <identifier> expected

[ERROR] /workspaces/xxxx/code_cure_agent/cca_workspace/geometry-api-java/src/main/java/com/esri/core/geometry/RelationalOperations.java:[4007,49] error: ';' expected

[ERROR] /workspaces/xxxx/code_cure_agent/cca_workspace/geometry-api-java/src/main/java/com/esri/core/geometry/RelationalOperations.java:[4010,5] error: illegal start of type

[ERROR] /workspaces/xxxx/code_cure_agent/cca_workspace/geometry-api-java/src/main/java/com/esri/core/geometry/RelationalOperations.java:[4010,31] error: <identifier> expected

[ERROR] /workspaces/xxxx/code_cure_agent/cca_workspace/geometry-api-java/src/main/java/com/esri/core/geometry/RelationalOperations.java:[4010,37] error: <identifier> expected

[ERROR] /workspaces/xxxx/code_cure_agent/cca_workspace/geometry-api-java/src/main/java/com/esri/core/geometry/RelationalOperations.java:[4010,48] error: <identifier> expected

[ERROR] /workspaces/xxxx/code_cure_agent/cca_workspace/geometry-api-java/src/main/java/com/esri/core/geometry/RelationalOperations.java:[4010,49] error: ';' expected

[ERROR] /workspaces/xxxx/code_cure_agent/cca_workspace/geometry-api-java/src/main/java/com/esri/core/geometry/RelationalOperations.java:[4013,3] error: class, interface, or enum expected

[ERROR] /workspaces/xxxx/code_cure_agent/cca_workspace/geometry-api-java/src/main/java/com/esri/core/geometry/RelationalOperations.java:[4017,1] error: class, interface, or enum expected

[ERROR] /workspaces/xxxx/code_cure_agent/cca_workspace/geometry-api-java/src/main/java/com/esri/core/geometry/RelationalOperations.java:[4026,2] error: class, interface, or enum expected

[ERROR] /workspaces/xxxx/code_cure_agent/cca_workspace/geometry-api-java/src/main/java/com/esri/core/geometry/RelationalOperations.java:[4027,2] error: class, interface, or enum expected

[ERROR] /workspaces/xxxx/code_cure_agent/cca_workspace/geometry-api-java/src/main/java/com/esri/core/geometry/RelationalOperations.java:[4031,4] error: class, interface, or enum expected

[ERROR] /workspaces/xxxx/code_cure_agent/cca_workspace/geometry-api-java/src/main/java/com/esri/core/geometry/RelationalOperations.java:[4032,4] error: class, interface, or enum expected

[ERROR] /workspaces/xxxx/code_cure_agent/cca_workspace/geometry-api-java/src/main/java/com/esri/core/geometry/RelationalOperations.java:[4034,5] error: class, interface, or enum expected

[ERROR] /workspaces/xxxx/code_cure_agent/cca_workspace/geometry-api-java/src/main/java/com/esri/core/geometry/RelationalOperations.java:[4037,7] error: class, interface, or enum expected

[ERROR] /workspaces/xxxx/code_cure_agent/cca_workspace/geometry-api-java/src/main/java/com/esri/core/geometry/RelationalOperations.java:[4039,7] error: class, interface, or enum expected

[ERROR] /workspaces/xxxx/code_cure_agent/cca_workspace/geometry-api-java/src/main/java/com/esri/core/geometry/RelationalOperations.java:[4041,7] error: class, interface, or enum expected

[ERROR] /workspaces/xxxx/code_cure_agent/cca_workspace/geometry-api-java/src/main/java/com/esri/core/geometry/RelationalOperations.java:[4043,7] error: class, interface, or enum expected

[ERROR] /workspaces/xxxx/code_cure_agent/cca_workspace/geometry-api-java/src/main/java/com/esri/core/geometry/RelationalOperations.java:[4045,6] error: class, interface, or enum expected

[ERROR] /workspaces/xxxx/code_cure_agent/cca_workspace/geometry-api-java/src/main/java/com/esri/core/geometry/RelationalOperations.java:[4047,6] error: class, interface, or enum expected

[ERROR] /workspaces/xxxx/code_cure_agent/cca_workspace/geometry-api-java/src/main/java/com/esri/core/geometry/RelationalOperations.java:[4048,6] error: class, interface, or enum expected

[ERROR] /workspaces/xxxx/code_cure_agent/cca_workspace/geometry-api-java/src/main/java/com/esri/core/geometry/RelationalOperations.java:[4050,6] error: class, interface, or enum expected

[ERROR] /workspaces/xxxx/code_cure_agent/cca_workspace/geometry-api-java/src/main/java/com/esri/core/geometry/RelationalOperations.java:[4052,6] error: class, interface, or enum expected

[ERROR] /workspaces/xxxx/code_cure_agent/cca_workspace/geometry-api-java/src/main/java/com/esri/core/geometry/RelationalOperations.java:[4054,6] error: class, interface, or enum expected

[ERROR] /workspaces/xxxx/code_cure_agent/cca_workspace/geometry-api-java/src/main/java/com/esri/core/geometry/RelationalOperations.java:[4060,7] error: class, interface, or enum expected

[ERROR] /workspaces/xxxx/code_cure_agent/cca_workspace/geometry-api-java/src/main/java/com/esri/core/geometry/RelationalOperations.java:[4064,5] error: class, interface, or enum expected

[ERROR] /workspaces/xxxx/code_cure_agent/cca_workspace/geometry-api-java/src/main/java/com/esri/core/geometry/RelationalOperations.java:[4069,2] error: class, interface, or enum expected

[ERROR] /workspaces/xxxx/code_cure_agent/cca_workspace/geometry-api-java/src/main/java/com/esri/core/geometry/RelationalOperations.java:[4073,4] error: class, interface, or enum expected

[ERROR] /workspaces/xxxx/code_cure_agent/cca_workspace/geometry-api-java/src/main/java/com/esri/core/geometry/RelationalOperations.java:[4074,4] error: class, interface, or enum expected

[ERROR] /workspaces/xxxx/code_cure_agent/cca_workspace/geometry-api-java/src/main/java/com/esri/core/geometry/RelationalOperations.java:[4076,5] error: class, interface, or enum expected

[ERROR] /workspaces/xxxx/code_cure_agent/cca_workspace/geometry-api-java/src/main/java/com/esri/core/geometry/RelationalOperations.java:[4079,7] error: class, interface, or enum expected

[ERROR] /workspaces/xxxx/code_cure_agent/cca_workspace/geometry-api-java/src/main/java/com/esri/core/geometry/RelationalOperations.java:[4081,7] error: class, interface, or enum expected

[ERROR] /workspaces/xxxx/code_cure_agent/cca_workspace/geometry-api-java/src/main/java/com/esri/core/geometry/RelationalOperations.java:[4083,7] error: class, interface, or enum expected

[ERROR] /workspaces/xxxx/code_cure_agent/cca_workspace/geometry-api-java/src/main/java/com/esri/core/geometry/RelationalOperations.java:[4085,7] error: class, interface, or enum expected

[ERROR] /workspaces/xxxx/code_cure_agent/cca_workspace/geometry-api-java/src/main/java/com/esri/core/geometry/RelationalOperations.java:[4087,6] error: class, interface, or enum expected

[ERROR] /workspaces/xxxx/code_cure_agent/cca_workspace/geometry-api-java/src/main/java/com/esri/core/geometry/RelationalOperations.java:[4090,6] error: class, interface, or enum expected

[ERROR] /workspaces/xxxx/code_cure_agent/cca_workspace/geometry-api-java/src/main/java/com/esri/core/geometry/RelationalOperations.java:[4091,6] error: class, interface, or enum expected

[ERROR] /workspaces/xxxx/code_cure_agent/cca_workspace/geometry-api-java/src/main/java/com/esri/core/geometry/RelationalOperations.java:[4093,6] error: class, interface, or enum expected

[ERROR] /workspaces/xxxx/code_cure_agent/cca_workspace/geometry-api-java/src/main/java/com/esri/core/geometry/RelationalOperations.java:[4095,6] error: class, interface, or enum expected

[ERROR] /workspaces/xxxx/code_cure_agent/cca_workspace/geometry-api-java/src/main/java/com/esri/core/geometry/RelationalOperations.java:[4097,6] error: class, interface, or enum expected

[ERROR] /workspaces/xxxx/code_cure_agent/cca_workspace/geometry-api-java/src/main/java/com/esri/core/geometry/RelationalOperations.java:[4103,7] error: class, interface, or enum expected

[ERROR] /workspaces/xxxx/code_cure_agent/cca_workspace/geometry-api-java/src/main/java/com/esri/core/geometry/RelationalOperations.java:[4107,5] error: class, interface, or enum expected

[ERROR] /workspaces/xxxx/code_cure_agent/cca_workspace/geometry-api-java/src/main/java/com/esri/core/geometry/RelationalOperations.java:[4112,2] error: class, interface, or enum expected

[ERROR] /workspaces/xxxx/code_cure_agent/cca_workspace/geometry-api-java/src/main/java/com/esri/core/geometry/RelationalOperations.java:[4113,1] error: class, interface, or enum expected

[ERROR] /workspaces/xxxx/code_cure_agent/cca_workspace/geometry-api-java/src/main/java/com/esri/core/geometry/RelationalOperations.java:[4121,2] error: class, interface, or enum expected

[ERROR] /workspaces/xxxx/code_cure_agent/cca_workspace/geometry-api-java/src/main/java/com/esri/core/geometry/RelationalOperations.java:[4122,2] error: class, interface, or enum expected

[ERROR] /workspaces/xxxx/code_cure_agent/cca_workspace/geometry-api-java/src/main/java/com/esri/core/geometry/RelationalOperations.java:[4122,23] error: class, interface, or enum expected

[ERROR] /workspaces/xxxx/code_cure_agent/cca_workspace/geometry-api-java/src/main/java/com/esri/core/geometry/RelationalOperations.java:[4122,44] error: class, interface, or enum expected

[ERROR] /workspaces/xxxx/code_cure_agent/cca_workspace/geometry-api-java/src/main/java/com/esri/core/geometry/RelationalOperations.java:[4124,3] error: class, interface, or enum expected

[ERROR] /workspaces/xxxx/code_cure_agent/cca_workspace/geometry-api-java/src/main/java/com/esri/core/geometry/RelationalOperations.java:[4126,3] error: class, interface, or enum expected

[ERROR] /workspaces/xxxx/code_cure_agent/cca_workspace/geometry-api-java/src/main/java/com/esri/core/geometry/RelationalOperations.java:[4128,3] error: class, interface, or enum expected

[ERROR] /workspaces/xxxx/code_cure_agent/cca_workspace/geometry-api-java/src/main/java/com/esri/core/geometry/RelationalOperations.java:[4132,1] error: class, interface, or enum expected

[ERROR] /workspaces/xxxx/code_cure_agent/cca_workspace/geometry-api-java/src/main/java/com/esri/core/geometry/RelationalOperations.java:[4137,2] error: class, interface, or enum expected

[ERROR] /workspaces/xxxx/code_cure_agent/cca_workspace/geometry-api-java/src/main/java/com/esri/core/geometry/RelationalOperations.java:[4140,2] error: class, interface, or enum expected

[ERROR] /workspaces/xxxx/code_cure_agent/cca_workspace/geometry-api-java/src/main/java/com/esri/core/geometry/RelationalOperations.java:[4143,2] error: class, interface, or enum expected

[ERROR] /workspaces/xxxx/code_cure_agent/cca_workspace/geometry-api-java/src/main/java/com/esri/core/geometry/RelationalOperations.java:[4144,2] error: class, interface, or enum expected

[ERROR] /workspaces/xxxx/code_cure_agent/cca_workspace/geometry-api-java/src/main/java/com/esri/core/geometry/RelationalOperations.java:[4145,2] error: class, interface, or enum expected

[ERROR] /workspaces/xxxx/code_cure_agent/cca_workspace/geometry-api-java/src/main/java/com/esri/core/geometry/RelationalOperations.java:[4146,2] error: class, interface, or enum expected

[ERROR] /workspaces/xxxx/code_cure_agent/cca_workspace/geometry-api-java/src/main/java/com/esri/core/geometry/RelationalOperations.java:[4148,2] error: class, interface, or enum expected

[ERROR] /workspaces/xxxx/code_cure_agent/cca_workspace/geometry-api-java/src/main/java/com/esri/core/geometry/RelationalOperations.java:[4151,2] error: class, interface, or enum expected

[ERROR] /workspaces/xxxx/code_cure_agent/cca_workspace/geometry-api-java/src/main/java/com/esri/core/geometry/RelationalOperations.java:[4153,2] error: class, interface, or enum expected

[ERROR] /workspaces/xxxx/code_cure_agent/cca_workspace/geometry-api-java/src/main/java/com/esri/core/geometry/RelationalOperations.java:[4155,3] error: class, interface, or enum expected

[ERROR] /workspaces/xxxx/code_cure_agent/cca_workspace/geometry-api-java/src/main/java/com/esri/core/geometry/RelationalOperations.java:[4157,3] error: class, interface, or enum expected

[ERROR] /workspaces/xxxx/code_cure_agent/cca_workspace/geometry-api-java/src/main/java/com/esri/core/geometry/RelationalOperations.java:[4158,3] error: class, interface, or enum expected

[ERROR] /workspaces/xxxx/code_cure_agent/cca_workspace/geometry-api-java/src/main/java/com/esri/core/geometry/RelationalOperations.java:[4159,3] error: class, interface, or enum expected

[ERROR] /workspaces/xxxx/code_cure_agent/cca_workspace/geometry-api-java/src/main/java/com/esri/core/geometry/RelationalOperations.java:[4160,3] error: class, interface, or enum expected

[ERROR] /workspaces/xxxx/code_cure_agent/cca_workspace/geometry-api-java/src/main/java/com/esri/core/geometry/RelationalOperations.java:[4162,3] error: class, interface, or enum expected

[ERROR] /workspaces/xxxx/code_cure_agent/cca_workspace/geometry-api-java/src/main/java/com/esri/core/geometry/RelationalOperations.java:[4165,3] error: class, interface, or enum expected

[ERROR] /workspaces/xxxx/code_cure_agent/cca_workspace/geometry-api-java/src/main/java/com/esri/core/geometry/RelationalOperations.java:[4167,4] error: class, interface, or enum expected

[ERROR] /workspaces/xxxx/code_cure_agent/cca_workspace/geometry-api-java/src/main/java/com/esri/core/geometry/RelationalOperations.java:[4168,4] error: class, interface, or enum expected

[ERROR] /workspaces/xxxx/code_cure_agent/cca_workspace/geometry-api-java/src/main/java/com/esri/core/geometry/RelationalOperations.java:[4170,4] error: class, interface, or enum expected

[ERROR] /workspaces/xxxx/code_cure_agent/cca_workspace/geometry-api-java/src/main/java/com/esri/core/geometry/RelationalOperations.java:[4175,4] error: class, interface, or enum expected

[ERROR] /workspaces/xxxx/code_cure_agent/cca_workspace/geometry-api-java/src/main/java/com/esri/core/geometry/RelationalOperations.java:[4178,3] error: class, interface, or enum expected

[ERROR] /workspaces/xxxx/code_cure_agent/cca_workspace/geometry-api-java/src/main/java/com/esri/core/geometry/RelationalOperations.java:[4180,4] error: class, interface, or enum expected

[ERROR] /workspaces/xxxx/code_cure_agent/cca_workspace/geometry-api-java/src/main/java/com/esri/core/geometry/RelationalOperations.java:[4182,4] error: class, interface, or enum expected

[ERROR] /workspaces/xxxx/code_cure_agent/cca_workspace/geometry-api-java/src/main/java/com/esri/core/geometry/RelationalOperations.java:[4185,4] error: class, interface, or enum expected

[ERROR] /workspaces/xxxx/code_cure_agent/cca_workspace/geometry-api-java/src/main/java/com/esri/core/geometry/RelationalOperations.java:[4188,3] error: class, interface, or enum expected

[ERROR] /workspaces/xxxx/code_cure_agent/cca_workspace/geometry-api-java/src/main/java/com/esri/core/geometry/RelationalOperations.java:[4193,2] error: class, interface, or enum expected

[ERROR] /workspaces/xxxx/code_cure_agent/cca_workspace/geometry-api-java/src/main/java/com/esri/core/geometry/RelationalOperations.java:[4196,2] error: class, interface, or enum expected

[ERROR] /workspaces/xxxx/code_cure_agent/cca_workspace/geometry-api-java/src/main/java/com/esri/core/geometry/RelationalOperations.java:[4197,2] error: class, interface, or enum expected

[ERROR] /workspaces/xxxx/code_cure_agent/cca_workspace/geometry-api-java/src/main/java/com/esri/core/geometry/RelationalOperations.java:[4198,2] error: class, interface, or enum expected

[ERROR] /workspaces/xxxx/code_cure_agent/cca_workspace/geometry-api-java/src/main/java/com/esri/core/geometry/RelationalOperations.java:[4199,2] error: class, interface, or enum expected

[ERROR] /workspaces/xxxx/code_cure_agent/cca_workspace/geometry-api-java/src/main/java/com/esri/core/geometry/RelationalOperations.java:[4200,2] error: class, interface, or enum expected

[ERROR] /workspaces/xxxx/code_cure_agent/cca_workspace/geometry-api-java/src/main/java/com/esri/core/geometry/RelationalOperations.java:[4201,2] error: class, interface, or enum expected

[ERROR] /workspaces/xxxx/code_cure_agent/cca_workspace/geometry-api-java/src/main/java/com/esri/core/geometry/RelationalOperations.java:[4203,2] error: class, interface, or enum expected

[ERROR] /workspaces/xxxx/code_cure_agent/cca_workspace/geometry-api-java/src/main/java/com/esri/core/geometry/RelationalOperations.java:[4204,2] error: class, interface, or enum expected

[ERROR] /workspaces/xxxx/code_cure_agent/cca_workspace/geometry-api-java/src/main/java/com/esri/core/geometry/RelationalOperations.java:[4206,2] error: class, interface, or enum expected

[ERROR] /workspaces/xxxx/code_cure_agent/cca_workspace/geometry-api-java/src/main/java/com/esri/core/geometry/RelationalOperations.java:[4209,3] error: class, interface, or enum expected

[ERROR] /workspaces/xxxx/code_cure_agent/cca_workspace/geometry-api-java/src/main/java/com/esri/core/geometry/RelationalOperations.java:[4211,3] error: class, interface, or enum expected

[ERROR] /workspaces/xxxx/code_cure_agent/cca_workspace/geometry-api-java/src/main/java/com/esri/core/geometry/RelationalOperations.java:[4214,2] error: class, interface, or enum expected

[ERROR] /workspaces/xxxx/code_cure_agent/cca_workspace/geometry-api-java/src/main/java/com/esri/core/geometry/RelationalOperations.java:[4219,3] error: class, interface, or enum expected

[INFO] 100 errors 
[INFO] -------------------------------------------------------------
[INFO] ------------------------------------------------------------------------
[INFO] BUILD FAILURE
[INFO] ------------------------------------------------------------------------
[INFO] Total time:  1.478 s
[INFO] Finished at: 2025-08-29T22:13:45Z
[INFO] ------------------------------------------------------------------------
[ERROR] Failed to execute goal org.apache.maven.plugins:maven-compiler-plugin:2.3.1:compile (default-compile) on project esri-geometry-api: Compilation failure: Compilation failure: 
[ERROR] /workspaces/xxxx/code_cure_agent/cca_workspace/geometry-api-java/src/main/java/com/esri/core/geometry/RelationalOperations.java:[3899,0] error: illegal start of expression
[ERROR] 
[ERROR] /workspaces/xxxx/code_cure_agent/cca_workspace/geometry-api-java/src/main/java/com/esri/core/geometry/RelationalOperations.java:[4004,5] error: illegal start of type
[ERROR] 
[ERROR] /workspaces/xxxx/code_cure_agent/cca_workspace/geometry-api-java/src/main/java/com/esri/core/geometry/RelationalOperations.java:[4004,31] error: <identifier> expected
[ERROR] 
[ERROR] /workspaces/xxxx/code_cure_agent/cca_workspace/geometry-api-java/src/main/java/com/esri/core/geometry/RelationalOperations.java:[4004,38] error: <identifier> expected
[ERROR] 
[ERROR] /workspaces/xxxx/code_cure_agent/cca_workspace/geometry-api-java/src/main/java/com/esri/core/geometry/RelationalOperations.java:[4004,49] error: <identifier> expected
[ERROR] 
[ERROR] /workspaces/xxxx/code_cure_agent/cca_workspace/geometry-api-java/src/main/java/com/esri/core/geometry/RelationalOperations.java:[4004,50] error: ';' expected
[ERROR] 
[ERROR] /workspaces/xxxx/code_cure_agent/cca_workspace/geometry-api-java/src/main/java/com/esri/core/geometry/RelationalOperations.java:[4007,5] error: illegal start of type
[ERROR] 
[ERROR] /workspaces/xxxx/code_cure_agent/cca_workspace/geometry-api-java/src/main/java/com/esri/core/geometry/RelationalOperations.java:[4007,31] error: <identifier> expected
[ERROR] 
[ERROR] /workspaces/xxxx/code_cure_agent/cca_workspace/geometry-api-java/src/main/java/com/esri/core/geometry/RelationalOperations.java:[4007,37] error: <identifier> expected
[ERROR] 
[ERROR] /workspaces/xxxx/code_cure_agent/cca_workspace/geometry-api-java/src/main/java/com/esri/core/geometry/RelationalOperations.java:[4007,48] error: <identifier> expected
[ERROR] 
[ERROR] /workspaces/xxxx/code_cure_agent/cca_workspace/geometry-api-java/src/main/java/com/esri/core/geometry/RelationalOperations.java:[4007,49] error: ';' expected
[ERROR] 
[ERROR] /workspaces/xxxx/code_cure_agent/cca_workspace/geometry-api-java/src/main/java/com/esri/core/geometry/RelationalOperations.java:[4010,5] error: illegal start of type
[ERROR] 
[ERROR] /workspaces/xxxx/code_cure_agent/cca_workspace/geometry-api-java/src/main/java/com/esri/core/geometry/RelationalOperations.java:[4010,31] error: <identifier> expected
[ERROR] 
[ERROR] /workspaces/xxxx/code_cure_agent/cca_workspace/geometry-api-java/src/main/java/com/esri/core/geometry/RelationalOperations.java:[4010,37] error: <identifier> expected
[ERROR] 
[ERROR] /workspaces/xxxx/code_cure_agent/cca_workspace/geometry-api-java/src/main/java/com/esri/core/geometry/RelationalOperations.java:[4010,48] error: <identifier> expected
[ERROR] 
[ERROR] /workspaces/xxxx/code_cure_agent/cca_workspace/geometry-api-java/src/main/java/com/esri/core/geometry/RelationalOperations.java:[4010,49] error: ';' expected
[ERROR] 
[ERROR] /workspaces/xxxx/code_cure_agent/cca_workspace/geometry-api-java/src/main/java/com/esri/core/geometry/RelationalOperations.java:[4013,3] error: class, interface, or enum expected
[ERROR] 
[ERROR] /workspaces/xxxx/code_cure_agent/cca_workspace/geometry-api-java/src/main/java/com/esri/core/geometry/RelationalOperations.java:[4017,1] error: class, interface, or enum expected
[ERROR] 
[ERROR] /workspaces/xxxx/code_cure_agent/cca_workspace/geometry-api-java/src/main/java/com/esri/core/geometry/RelationalOperations.java:[4026,2] error: class, interface, or enum expected
[ERROR] 
[ERROR] /workspaces/xxxx/code_cure_agent/cca_workspace/geometry-api-java/src/main/java/com/esri/core/geometry/RelationalOperations.java:[4027,2] error: class, interface, or enum expected
[ERROR] 
[ERROR] /workspaces/xxxx/code_cure_agent/cca_workspace/geometry-api-java/src/main/java/com/esri/core/geometry/RelationalOperations.java:[4031,4] error: class, interface, or enum expected
[ERROR] 
[ERROR] /workspaces/xxxx/code_cure_agent/cca_workspace/geometry-api-java/src/main/java/com/esri/core/geometry/RelationalOperations.java:[4032,4] error: class, interface, or enum expected
[ERROR] 
[ERROR] /workspaces/xxxx/code_cure_agent/cca_workspace/geometry-api-java/src/main/java/com/esri/core/geometry/RelationalOperations.java:[4034,5] error: class, interface, or enum expected
[ERROR] 
[ERROR] /workspaces/xxxx/code_cure_agent/cca_workspace/geometry-api-java/src/main/java/com/esri/core/geometry/RelationalOperations.java:[4037,7] error: class, interface, or enum expected
[ERROR] 
[ERROR] /workspaces/xxxx/code_cure_agent/cca_workspace/geometry-api-java/src/main/java/com/esri/core/geometry/RelationalOperations.java:[4039,7] error: class, interface, or enum expected
[ERROR] 
[ERROR] /workspaces/xxxx/code_cure_agent/cca_workspace/geometry-api-java/src/main/java/com/esri/core/geometry/RelationalOperations.java:[4041,7] error: class, interface, or enum expected
[ERROR] 
[ERROR] /workspaces/xxxx/code_cure_agent/cca_workspace/geometry-api-java/src/main/java/com/esri/core/geometry/RelationalOperations.java:[4043,7] error: class, interface, or enum expected
[ERROR] 
[ERROR] /workspaces/xxxx/code_cure_agent/cca_workspace/geometry-api-java/src/main/java/com/esri/core/geometry/RelationalOperations.java:[4045,6] error: class, interface, or enum expected
[ERROR] 
[ERROR] /workspaces/xxxx/code_cure_agent/cca_workspace/geometry-api-java/src/main/java/com/esri/core/geometry/RelationalOperations.java:[4047,6] error: class, interface, or enum expected
[ERROR] 
[ERROR] /workspaces/xxxx/code_cure_agent/cca_workspace/geometry-api-java/src/main/java/com/esri/core/geometry/RelationalOperations.java:[4048,6] error: class, interface, or enum expected
[ERROR] 
[ERROR] /workspaces/xxxx/code_cure_agent/cca_workspace/geometry-api-java/src/main/java/com/esri/core/geometry/RelationalOperations.java:[4050,6] error: class, interface, or enum expected
[ERROR] 
[ERROR] /workspaces/xxxx/code_cure_agent/cca_workspace/geometry-api-java/src/main/java/com/esri/core/geometry/RelationalOperations.java:[4052,6] error: class, interface, or enum expected
[ERROR] 
[ERROR] /workspaces/xxxx/code_cure_agent/cca_workspace/geometry-api-java/src/main/java/com/esri/core/geometry/RelationalOperations.java:[4054,6] error: class, interface, or enum expected
[ERROR] 
[ERROR] /workspaces/xxxx/code_cure_agent/cca_workspace/geometry-api-java/src/main/java/com/esri/core/geometry/RelationalOperations.java:[4060,7] error: class, interface, or enum expected
[ERROR] 
[ERROR] /workspaces/xxxx/code_cure_agent/cca_workspace/geometry-api-java/src/main/java/com/esri/core/geometry/RelationalOperations.java:[4064,5] error: class, interface, or enum expected
[ERROR] 
[ERROR] /workspaces/xxxx/code_cure_agent/cca_workspace/geometry-api-java/src/main/java/com/esri/core/geometry/RelationalOperations.java:[4069,2] error: class, interface, or enum expected
[ERROR] 
[ERROR] /workspaces/xxxx/code_cure_agent/cca_workspace/geometry-api-java/src/main/java/com/esri/core/geometry/RelationalOperations.java:[4073,4] error: class, interface, or enum expected
[ERROR] 
[ERROR] /workspaces/xxxx/code_cure_agent/cca_workspace/geometry-api-java/src/main/java/com/esri/core/geometry/RelationalOperations.java:[4074,4] error: class, interface, or enum expected
[ERROR] 
[ERROR] /workspaces/xxxx/code_cure_agent/cca_workspace/geometry-api-java/src/main/java/com/esri/core/geometry/RelationalOperations.java:[4076,5] error: class, interface, or enum expected
[ERROR] 
[ERROR] /workspaces/xxxx/code_cure_agent/cca_workspace/geometry-api-java/src/main/java/com/esri/core/geometry/RelationalOperations.java:[4079,7] error: class, interface, or enum expected
[ERROR] 
[ERROR] /workspaces/xxxx/code_cure_agent/cca_workspace/geometry-api-java/src/main/java/com/esri/core/geometry/RelationalOperations.java:[4081,7] error: class, interface, or enum expected
[ERROR] 
[ERROR] /workspaces/xxxx/code_cure_agent/cca_workspace/geometry-api-java/src/main/java/com/esri/core/geometry/RelationalOperations.java:[4083,7] error: class, interface, or enum expected
[ERROR] 
[ERROR] /workspaces/xxxx/code_cure_agent/cca_workspace/geometry-api-java/src/main/java/com/esri/core/geometry/RelationalOperations.java:[4085,7] error: class, interface, or enum expected
[ERROR] 
[ERROR] /workspaces/xxxx/code_cure_agent/cca_workspace/geometry-api-java/src/main/java/com/esri/core/geometry/RelationalOperations.java:[4087,6] error: class, interface, or enum expected
[ERROR] 
[ERROR] /workspaces/xxxx/code_cure_agent/cca_workspace/geometry-api-java/src/main/java/com/esri/core/geometry/RelationalOperations.java:[4090,6] error: class, interface, or enum expected
[ERROR] 
[ERROR] /workspaces/xxxx/code_cure_agent/cca_workspace/geometry-api-java/src/main/java/com/esri/core/geometry/RelationalOperations.java:[4091,6] error: class, interface, or enum expected
[ERROR] 
[ERROR] /workspaces/xxxx/code_cure_agent/cca_workspace/geometry-api-java/src/main/java/com/esri/core/geometry/RelationalOperations.java:[4093,6] error: class, interface, or enum expected
[ERROR] 
[ERROR] /workspaces/xxxx/code_cure_agent/cca_workspace/geometry-api-java/src/main/java/com/esri/core/geometry/RelationalOperations.java:[4095,6] error: class, interface, or enum expected
[ERROR] 
[ERROR] /workspaces/xxxx/code_cure_agent/cca_workspace/geometry-api-java/src/main/java/com/esri/core/geometry/RelationalOperations.java:[4097,6] error: class, interface, or enum expected
[ERROR] 
[ERROR] /workspaces/xxxx/code_cure_agent/cca_workspace/geometry-api-java/src/main/java/com/esri/core/geometry/RelationalOperations.java:[4103,7] error: class, interface, or enum expected
[ERROR] 
[ERROR] /workspaces/xxxx/code_cure_agent/cca_workspace/geometry-api-java/src/main/java/com/esri/core/geometry/RelationalOperations.java:[4107,5] error: class, interface, or enum expected
[ERROR] 
[ERROR] /workspaces/xxxx/code_cure_agent/cca_workspace/geometry-api-java/src/main/java/com/esri/core/geometry/RelationalOperations.java:[4112,2] error: class, interface, or enum expected
[ERROR] 
[ERROR] /workspaces/xxxx/code_cure_agent/cca_workspace/geometry-api-java/src/main/java/com/esri/core/geometry/RelationalOperations.java:[4113,1] error: class, interface, or enum expected
[ERROR] 
[ERROR] /workspaces/xxxx/code_cure_agent/cca_workspace/geometry-api-java/src/main/java/com/esri/core/geometry/RelationalOperations.java:[4121,2] error: class, interface, or enum expected
[ERROR] 
[ERROR] /workspaces/xxxx/code_cure_agent/cca_workspace/geometry-api-java/src/main/java/com/esri/core/geometry/RelationalOperations.java:[4122,2] error: class, interface, or enum expected
[ERROR] 
[ERROR] /workspaces/xxxx/code_cure_agent/cca_workspace/geometry-api-java/src/main/java/com/esri/core/geometry/RelationalOperations.java:[4122,23] error: class, interface, or enum expected
[ERROR] 
[ERROR] /workspaces/xxxx/code_cure_agent/cca_workspace/geometry-api-java/src/main/java/com/esri/core/geometry/RelationalOperations.java:[4122,44] error: class, interface, or enum expected
[ERROR] 
[ERROR] /workspaces/xxxx/code_cure_agent/cca_workspace/geometry-api-java/src/main/java/com/esri/core/geometry/RelationalOperations.java:[4124,3] error: class, interface, or enum expected
[ERROR] 
[ERROR] /workspaces/xxxx/code_cure_agent/cca_workspace/geometry-api-java/src/main/java/com/esri/core/geometry/RelationalOperations.java:[4126,3] error: class, interface, or enum expected
[ERROR] 
[ERROR] /workspaces/xxxx/code_cure_agent/cca_workspace/geometry-api-java/src/main/java/com/esri/core/geometry/RelationalOperations.java:[4128,3] error: class, interface, or enum expected
[ERROR] 
[ERROR] /workspaces/xxxx/code_cure_agent/cca_workspace/geometry-api-java/src/main/java/com/esri/core/geometry/RelationalOperations.java:[4132,1] error: class, interface, or enum expected
[ERROR] 
[ERROR] /workspaces/xxxx/code_cure_agent/cca_workspace/geometry-api-java/src/main/java/com/esri/core/geometry/RelationalOperations.java:[4137,2] error: class, interface, or enum expected
[ERROR] 
[ERROR] /workspaces/xxxx/code_cure_agent/cca_workspace/geometry-api-java/src/main/java/com/esri/core/geometry/RelationalOperations.java:[4140,2] error: class, interface, or enum expected
[ERROR] 
[ERROR] /workspaces/xxxx/code_cure_agent/cca_workspace/geometry-api-java/src/main/java/com/esri/core/geometry/RelationalOperations.java:[4143,2] error: class, interface, or enum expected
[ERROR] 
[ERROR] /workspaces/xxxx/code_cure_agent/cca_workspace/geometry-api-java/src/main/java/com/esri/core/geometry/RelationalOperations.java:[4144,2] error: class, interface, or enum expected
[ERROR] 
[ERROR] /workspaces/xxxx/code_cure_agent/cca_workspace/geometry-api-java/src/main/java/com/esri/core/geometry/RelationalOperations.java:[4145,2] error: class, interface, or enum expected
[ERROR] 
[ERROR] /workspaces/xxxx/code_cure_agent/cca_workspace/geometry-api-java/src/main/java/com/esri/core/geometry/RelationalOperations.java:[4146,2] error: class, interface, or enum expected
[ERROR] 
[ERROR] /workspaces/xxxx/code_cure_agent/cca_workspace/geometry-api-java/src/main/java/com/esri/core/geometry/RelationalOperations.java:[4148,2] error: class, interface, or enum expected
[ERROR] 
[ERROR] /workspaces/xxxx/code_cure_agent/cca_workspace/geometry-api-java/src/main/java/com/esri/core/geometry/RelationalOperations.java:[4151,2] error: class, interface, or enum expected
[ERROR] 
[ERROR] /workspaces/xxxx/code_cure_agent/cca_workspace/geometry-api-java/src/main/java/com/esri/core/geometry/RelationalOperations.java:[4153,2] error: class, interface, or enum expected
[ERROR] 
[ERROR] /workspaces/xxxx/code_cure_agent/cca_workspace/geometry-api-java/src/main/java/com/esri/core/geometry/RelationalOperations.java:[4155,3] error: class, interface, or enum expected
[ERROR] 
[ERROR] /workspaces/xxxx/code_cure_agent/cca_workspace/geometry-api-java/src/main/java/com/esri/core/geometry/RelationalOperations.java:[4157,3] error: class, interface, or enum expected
[ERROR] 
[ERROR] /workspaces/xxxx/code_cure_agent/cca_workspace/geometry-api-java/src/main/java/com/esri/core/geometry/RelationalOperations.java:[4158,3] error: class, interface, or enum expected
[ERROR] 
[ERROR] /workspaces/xxxx/code_cure_agent/cca_workspace/geometry-api-java/src/main/java/com/esri/core/geometry/RelationalOperations.java:[4159,3] error: class, interface, or enum expected
[ERROR] 
[ERROR] /workspaces/xxxx/code_cure_agent/cca_workspace/geometry-api-java/src/main/java/com/esri/core/geometry/RelationalOperations.java:[4160,3] error: class, interface, or enum expected
[ERROR] 
[ERROR] /workspaces/xxxx/code_cure_agent/cca_workspace/geometry-api-java/src/main/java/com/esri/core/geometry/RelationalOperations.java:[4162,3] error: class, interface, or enum expected
[ERROR] 
[ERROR] /workspaces/xxxx/code_cure_agent/cca_workspace/geometry-api-java/src/main/java/com/esri/core/geometry/RelationalOperations.java:[4165,3] error: class, interface, or enum expected
[ERROR] 
[ERROR] /workspaces/xxxx/code_cure_agent/cca_workspace/geometry-api-java/src/main/java/com/esri/core/geometry/RelationalOperations.java:[4167,4] error: class, interface, or enum expected
[ERROR] 
[ERROR] /workspaces/xxxx/code_cure_agent/cca_workspace/geometry-api-java/src/main/java/com/esri/core/geometry/RelationalOperations.java:[4168,4] error: class, interface, or enum expected
[ERROR] 
[ERROR] /workspaces/xxxx/code_cure_agent/cca_workspace/geometry-api-java/src/main/java/com/esri/core/geometry/RelationalOperations.java:[4170,4] error: class, interface, or enum expected
[ERROR] 
[ERROR] /workspaces/xxxx/code_cure_agent/cca_workspace/geometry-api-java/src/main/java/com/esri/core/geometry/RelationalOperations.java:[4175,4] error: class, interface, or enum expected
[ERROR] 
[ERROR] /workspaces/xxxx/code_cure_agent/cca_workspace/geometry-api-java/src/main/java/com/esri/core/geometry/RelationalOperations.java:[4178,3] error: class, interface, or enum expected
[ERROR] 
[ERROR] /workspaces/xxxx/code_cure_agent/cca_workspace/geometry-api-java/src/main/java/com/esri/core/geometry/RelationalOperations.java:[4180,4] error: class, interface, or enum expected
[ERROR] 
[ERROR] /workspaces/xxxx/code_cure_agent/cca_workspace/geometry-api-java/src/main/java/com/esri/core/geometry/RelationalOperations.java:[4182,4] error: class, interface, or enum expected
[ERROR] 
[ERROR] /workspaces/xxxx/code_cure_agent/cca_workspace/geometry-api-java/src/main/java/com/esri/core/geometry/RelationalOperations.java:[4185,4] error: class, interface, or enum expected
[ERROR] 
[ERROR] /workspaces/xxxx/code_cure_agent/cca_workspace/geometry-api-java/src/main/java/com/esri/core/geometry/RelationalOperations.java:[4188,3] error: class, interface, or enum expected
[ERROR] 
[ERROR] /workspaces/xxxx/code_cure_agent/cca_workspace/geometry-api-java/src/main/java/com/esri/core/geometry/RelationalOperations.java:[4193,2] error: class, interface, or enum expected
[ERROR] 
[ERROR] /workspaces/xxxx/code_cure_agent/cca_workspace/geometry-api-java/src/main/java/com/esri/core/geometry/RelationalOperations.java:[4196,2] error: class, interface, or enum expected
[ERROR] 
[ERROR] /workspaces/xxxx/code_cure_agent/cca_workspace/geometry-api-java/src/main/java/com/esri/core/geometry/RelationalOperations.java:[4197,2] error: class, interface, or enum expected
[ERROR] 
[ERROR] /workspaces/xxxx/code_cure_agent/cca_workspace/geometry-api-java/src/main/java/com/esri/core/geometry/RelationalOperations.java:[4198,2] error: class, interface, or enum expected
[ERROR] 
[ERROR] /workspaces/xxxx/code_cure_agent/cca_workspace/geometry-api-java/src/main/java/com/esri/core/geometry/RelationalOperations.java:[4199,2] error: class, interface, or enum expected
[ERROR] 
[ERROR] /workspaces/xxxx/code_cure_agent/cca_workspace/geometry-api-java/src/main/java/com/esri/core/geometry/RelationalOperations.java:[4200,2] error: class, interface, or enum expected
[ERROR] 
[ERROR] /workspaces/xxxx/code_cure_agent/cca_workspace/geometry-api-java/src/main/java/com/esri/core/geometry/RelationalOperations.java:[4201,2] error: class, interface, or enum expected
[ERROR] 
[ERROR] /workspaces/xxxx/code_cure_agent/cca_workspace/geometry-api-java/src/main/java/com/esri/core/geometry/RelationalOperations.java:[4203,2] error: class, interface, or enum expected
[ERROR] 
[ERROR] /workspaces/xxxx/code_cure_agent/cca_workspace/geometry-api-java/src/main/java/com/esri/core/geometry/RelationalOperations.java:[4204,2] error: class, interface, or enum expected
[ERROR] 
[ERROR] /workspaces/xxxx/code_cure_agent/cca_workspace/geometry-api-java/src/main/java/com/esri/core/geometry/RelationalOperations.java:[4206,2] error: class, interface, or enum expected
[ERROR] 
[ERROR] /workspaces/xxxx/code_cure_agent/cca_workspace/geometry-api-java/src/main/java/com/esri/core/geometry/RelationalOperations.java:[4209,3] error: class, interface, or enum expected
[ERROR] 
[ERROR] /workspaces/xxxx/code_cure_agent/cca_workspace/geometry-api-java/src/main/java/com/esri/core/geometry/RelationalOperations.java:[4211,3] error: class, interface, or enum expected
[ERROR] 
[ERROR] /workspaces/xxxx/code_cure_agent/cca_workspace/geometry-api-java/src/main/java/com/esri/core/geometry/RelationalOperations.java:[4214,2] error: class, interface, or enum expected
[ERROR] 
[ERROR] /workspaces/xxxx/code_cure_agent/cca_workspace/geometry-api-java/src/main/java/com/esri/core/geometry/RelationalOperations.java:[4219,3] error: class, interface, or enum expected
[ERROR] -> [Help 1]
[ERROR] 
[ERROR] To see the full stack trace of the errors, re-run Maven with the -e switch.
[ERROR] Re-run Maven using the -X switch to enable full debug logging.
[ERROR] 
[ERROR] For more information about the errors and possible solutions, please read the following articles:
[ERROR] [Help 1] http://cwiki.apache.org/confluence/display/MAVEN/MojoFailureException
