[INFO] Scanning for projects...
[INFO] 
[INFO] ----------------------< com.github.wmixvideo:nfe >----------------------
[INFO] Building nfe 3.0.27-SNAPSHOT
[INFO] --------------------------------[ jar ]---------------------------------
[INFO] 
[INFO] --- maven-clean-plugin:2.5:clean (default-clean) @ nfe ---
[INFO] Deleting /workspaces/xxxx/code_cure_agent/cca_workspace/nfe/target
[INFO] 
[INFO] --- jacoco-maven-plugin:0.8.6:prepare-agent (prepare-agent) @ nfe ---
[INFO] argLine set to -javaagent:/home/vscode/.m2/repository/org/jacoco/org.jacoco.agent/0.8.6/org.jacoco.agent-0.8.6-runtime.jar=destfile=/workspaces/xxxx/code_cure_agent/cca_workspace/nfe/target/jacoco.exec,excludes=**/webservices/**/*
[INFO] 
[INFO] --- maven-resources-plugin:2.6:resources (default-resources) @ nfe ---
[INFO] Using 'UTF-8' encoding to copy filtered resources.
[INFO] Copying 444 resources
[INFO] Copying 0 resource
[INFO] 
[INFO] --- maven-compiler-plugin:3.8.1:compile (default-compile) @ nfe ---
[INFO] Changes detected - recompiling the module!
[INFO] Compiling 1032 source files to /workspaces/xxxx/code_cure_agent/cca_workspace/nfe/target/classes
[INFO] -------------------------------------------------------------
[ERROR] COMPILATION ERROR : 
[INFO] -------------------------------------------------------------
[ERROR] /workspaces/xxxx/code_cure_agent/cca_workspace/nfe/src/main/java/com/fincatto/documentofiscal/nfe310/webservices/nota/consulta/NfeConsulta2Stub.java:[152,9] illegal start of expression
[ERROR] /workspaces/xxxx/code_cure_agent/cca_workspace/nfe/src/main/java/com/fincatto/documentofiscal/nfe310/webservices/nota/consulta/NfeConsulta2Stub.java:[206,36] <identifier> expected
[ERROR] /workspaces/xxxx/code_cure_agent/cca_workspace/nfe/src/main/java/com/fincatto/documentofiscal/nfe310/webservices/nota/consulta/NfeConsulta2Stub.java:[206,101] <identifier> expected
[ERROR] /workspaces/xxxx/code_cure_agent/cca_workspace/nfe/src/main/java/com/fincatto/documentofiscal/nfe310/webservices/nota/consulta/NfeConsulta2Stub.java:[207,19] class, interface, or enum expected
[ERROR] /workspaces/xxxx/code_cure_agent/cca_workspace/nfe/src/main/java/com/fincatto/documentofiscal/nfe310/webservices/nota/consulta/NfeConsulta2Stub.java:[209,17] class, interface, or enum expected
[ERROR] /workspaces/xxxx/code_cure_agent/cca_workspace/nfe/src/main/java/com/fincatto/documentofiscal/nfe310/webservices/nota/consulta/NfeConsulta2Stub.java:[213,17] class, interface, or enum expected
[ERROR] /workspaces/xxxx/code_cure_agent/cca_workspace/nfe/src/main/java/com/fincatto/documentofiscal/nfe310/webservices/nota/consulta/NfeConsulta2Stub.java:[215,17] class, interface, or enum expected
[ERROR] /workspaces/xxxx/code_cure_agent/cca_workspace/nfe/src/main/java/com/fincatto/documentofiscal/nfe310/webservices/nota/consulta/NfeConsulta2Stub.java:[217,17] class, interface, or enum expected
[ERROR] /workspaces/xxxx/code_cure_agent/cca_workspace/nfe/src/main/java/com/fincatto/documentofiscal/nfe310/webservices/nota/consulta/NfeConsulta2Stub.java:[221,17] class, interface, or enum expected
[ERROR] /workspaces/xxxx/code_cure_agent/cca_workspace/nfe/src/main/java/com/fincatto/documentofiscal/nfe310/webservices/nota/consulta/NfeConsulta2Stub.java:[222,13] class, interface, or enum expected
[ERROR] /workspaces/xxxx/code_cure_agent/cca_workspace/nfe/src/main/java/com/fincatto/documentofiscal/nfe310/webservices/nota/consulta/NfeConsulta2Stub.java:[224,9] class, interface, or enum expected
[ERROR] /workspaces/xxxx/code_cure_agent/cca_workspace/nfe/src/main/java/com/fincatto/documentofiscal/nfe310/webservices/nota/consulta/NfeConsulta2Stub.java:[307,5] class, interface, or enum expected
[ERROR] /workspaces/xxxx/code_cure_agent/cca_workspace/nfe/src/main/java/com/fincatto/documentofiscal/nfe310/webservices/nota/consulta/NfeConsulta2Stub.java:[1033,13] class, interface, or enum expected
[ERROR] /workspaces/xxxx/code_cure_agent/cca_workspace/nfe/src/main/java/com/fincatto/documentofiscal/nfe310/webservices/nota/consulta/NfeConsulta2Stub.java:[1033,54] class, interface, or enum expected
[ERROR] /workspaces/xxxx/code_cure_agent/cca_workspace/nfe/src/main/java/com/fincatto/documentofiscal/nfe310/webservices/nota/consulta/NfeConsulta2Stub.java:[1033,96] class, interface, or enum expected
[ERROR] /workspaces/xxxx/code_cure_agent/cca_workspace/nfe/src/main/java/com/fincatto/documentofiscal/nfe310/webservices/nota/consulta/NfeConsulta2Stub.java:[1039,5] class, interface, or enum expected
[ERROR] /workspaces/xxxx/code_cure_agent/cca_workspace/nfe/src/main/java/com/fincatto/documentofiscal/nfe310/webservices/nota/consulta/NfeConsulta2Stub.java:[1041,54] class, interface, or enum expected
[ERROR] /workspaces/xxxx/code_cure_agent/cca_workspace/nfe/src/main/java/com/fincatto/documentofiscal/nfe310/webservices/nota/consulta/NfeConsulta2Stub.java:[1041,105] class, interface, or enum expected
[ERROR] /workspaces/xxxx/code_cure_agent/cca_workspace/nfe/src/main/java/com/fincatto/documentofiscal/nfe310/webservices/nota/consulta/NfeConsulta2Stub.java:[1047,5] class, interface, or enum expected
[ERROR] /workspaces/xxxx/code_cure_agent/cca_workspace/nfe/src/main/java/com/fincatto/documentofiscal/nfe310/webservices/nota/consulta/NfeConsulta2Stub.java:[1049,54] class, interface, or enum expected
[ERROR] /workspaces/xxxx/code_cure_agent/cca_workspace/nfe/src/main/java/com/fincatto/documentofiscal/nfe310/webservices/nota/consulta/NfeConsulta2Stub.java:[1049,97] class, interface, or enum expected
[ERROR] /workspaces/xxxx/code_cure_agent/cca_workspace/nfe/src/main/java/com/fincatto/documentofiscal/nfe310/webservices/nota/consulta/NfeConsulta2Stub.java:[1055,5] class, interface, or enum expected
[ERROR] /workspaces/xxxx/code_cure_agent/cca_workspace/nfe/src/main/java/com/fincatto/documentofiscal/nfe310/webservices/nota/consulta/NfeConsulta2Stub.java:[1057,65] class, interface, or enum expected
[ERROR] /workspaces/xxxx/code_cure_agent/cca_workspace/nfe/src/main/java/com/fincatto/documentofiscal/nfe310/webservices/nota/consulta/NfeConsulta2Stub.java:[1057,114] class, interface, or enum expected
[ERROR] /workspaces/xxxx/code_cure_agent/cca_workspace/nfe/src/main/java/com/fincatto/documentofiscal/nfe310/webservices/nota/consulta/NfeConsulta2Stub.java:[1057,156] class, interface, or enum expected
[ERROR] /workspaces/xxxx/code_cure_agent/cca_workspace/nfe/src/main/java/com/fincatto/documentofiscal/nfe310/webservices/nota/consulta/NfeConsulta2Stub.java:[1057,187] class, interface, or enum expected
[ERROR] /workspaces/xxxx/code_cure_agent/cca_workspace/nfe/src/main/java/com/fincatto/documentofiscal/nfe310/webservices/nota/consulta/NfeConsulta2Stub.java:[1060,9] class, interface, or enum expected
[ERROR] /workspaces/xxxx/code_cure_agent/cca_workspace/nfe/src/main/java/com/fincatto/documentofiscal/nfe310/webservices/nota/consulta/NfeConsulta2Stub.java:[1061,9] class, interface, or enum expected
[ERROR] /workspaces/xxxx/code_cure_agent/cca_workspace/nfe/src/main/java/com/fincatto/documentofiscal/nfe310/webservices/nota/consulta/NfeConsulta2Stub.java:[1065,5] class, interface, or enum expected
[ERROR] /workspaces/xxxx/code_cure_agent/cca_workspace/nfe/src/main/java/com/fincatto/documentofiscal/nfe310/webservices/nota/consulta/NfeConsulta2Stub.java:[1068,65] class, interface, or enum expected
[ERROR] /workspaces/xxxx/code_cure_agent/cca_workspace/nfe/src/main/java/com/fincatto/documentofiscal/nfe310/webservices/nota/consulta/NfeConsulta2Stub.java:[1070,5] class, interface, or enum expected
[ERROR] /workspaces/xxxx/code_cure_agent/cca_workspace/nfe/src/main/java/com/fincatto/documentofiscal/nfe310/webservices/nota/consulta/NfeConsulta2Stub.java:[1072,43] class, interface, or enum expected
[ERROR] /workspaces/xxxx/code_cure_agent/cca_workspace/nfe/src/main/java/com/fincatto/documentofiscal/nfe310/webservices/nota/consulta/NfeConsulta2Stub.java:[1072,86] class, interface, or enum expected
[ERROR] /workspaces/xxxx/code_cure_agent/cca_workspace/nfe/src/main/java/com/fincatto/documentofiscal/nfe310/webservices/nota/consulta/NfeConsulta2Stub.java:[1072,114] class, interface, or enum expected
[ERROR] /workspaces/xxxx/code_cure_agent/cca_workspace/nfe/src/main/java/com/fincatto/documentofiscal/nfe310/webservices/nota/consulta/NfeConsulta2Stub.java:[1074,51] <identifier> expected
[ERROR] /workspaces/xxxx/code_cure_agent/cca_workspace/nfe/src/main/java/com/fincatto/documentofiscal/nfe310/webservices/nota/consulta/NfeConsulta2Stub.java:[1075,17] illegal start of type
[ERROR] /workspaces/xxxx/code_cure_agent/cca_workspace/nfe/src/main/java/com/fincatto/documentofiscal/nfe310/webservices/nota/consulta/NfeConsulta2Stub.java:[1075,66] <identifier> expected
[ERROR] /workspaces/xxxx/code_cure_agent/cca_workspace/nfe/src/main/java/com/fincatto/documentofiscal/nfe310/webservices/nota/consulta/NfeConsulta2Stub.java:[1075,105] <identifier> expected
[ERROR] /workspaces/xxxx/code_cure_agent/cca_workspace/nfe/src/main/java/com/fincatto/documentofiscal/nfe310/webservices/nota/consulta/NfeConsulta2Stub.java:[1077,13] class, interface, or enum expected
[ERROR] /workspaces/xxxx/code_cure_agent/cca_workspace/nfe/src/main/java/com/fincatto/documentofiscal/nfe310/webservices/nota/consulta/NfeConsulta2Stub.java:[1077,60] <identifier> expected
[ERROR] /workspaces/xxxx/code_cure_agent/cca_workspace/nfe/src/main/java/com/fincatto/documentofiscal/nfe310/webservices/nota/consulta/NfeConsulta2Stub.java:[1078,17] illegal start of type
[ERROR] /workspaces/xxxx/code_cure_agent/cca_workspace/nfe/src/main/java/com/fincatto/documentofiscal/nfe310/webservices/nota/consulta/NfeConsulta2Stub.java:[1078,75] <identifier> expected
[ERROR] /workspaces/xxxx/code_cure_agent/cca_workspace/nfe/src/main/java/com/fincatto/documentofiscal/nfe310/webservices/nota/consulta/NfeConsulta2Stub.java:[1078,114] <identifier> expected
[ERROR] /workspaces/xxxx/code_cure_agent/cca_workspace/nfe/src/main/java/com/fincatto/documentofiscal/nfe310/webservices/nota/consulta/NfeConsulta2Stub.java:[1080,13] class, interface, or enum expected
[ERROR] /workspaces/xxxx/code_cure_agent/cca_workspace/nfe/src/main/java/com/fincatto/documentofiscal/nfe310/webservices/nota/consulta/NfeConsulta2Stub.java:[1080,52] <identifier> expected
[ERROR] /workspaces/xxxx/code_cure_agent/cca_workspace/nfe/src/main/java/com/fincatto/documentofiscal/nfe310/webservices/nota/consulta/NfeConsulta2Stub.java:[1081,17] illegal start of type
[ERROR] /workspaces/xxxx/code_cure_agent/cca_workspace/nfe/src/main/java/com/fincatto/documentofiscal/nfe310/webservices/nota/consulta/NfeConsulta2Stub.java:[1081,67] <identifier> expected
[ERROR] /workspaces/xxxx/code_cure_agent/cca_workspace/nfe/src/main/java/com/fincatto/documentofiscal/nfe310/webservices/nota/consulta/NfeConsulta2Stub.java:[1081,106] <identifier> expected
[ERROR] /workspaces/xxxx/code_cure_agent/cca_workspace/nfe/src/main/java/com/fincatto/documentofiscal/nfe310/webservices/nota/consulta/NfeConsulta2Stub.java:[1083,9] class, interface, or enum expected
[ERROR] /workspaces/xxxx/code_cure_agent/cca_workspace/nfe/src/main/java/com/fincatto/documentofiscal/nfe310/webservices/nota/consulta/NfeConsulta2Stub.java:[1085,9] class, interface, or enum expected
[ERROR] /workspaces/xxxx/code_cure_agent/cca_workspace/nfe/src/main/java/com/fincatto/documentofiscal/nfe310/webservices/nota/consulta/NfeConsulta2Stub.java:[1087,5] class, interface, or enum expected
[INFO] 51 errors 
[INFO] -------------------------------------------------------------
[INFO] ------------------------------------------------------------------------
[INFO] BUILD FAILURE
[INFO] ------------------------------------------------------------------------
[INFO] Total time:  2.213 s
[INFO] Finished at: 2025-08-30T00:38:18Z
[INFO] ------------------------------------------------------------------------
[ERROR] Failed to execute goal org.apache.maven.plugins:maven-compiler-plugin:3.8.1:compile (default-compile) on project nfe: Compilation failure: Compilation failure: 
[ERROR] /workspaces/xxxx/code_cure_agent/cca_workspace/nfe/src/main/java/com/fincatto/documentofiscal/nfe310/webservices/nota/consulta/NfeConsulta2Stub.java:[152,9] illegal start of expression
[ERROR] /workspaces/xxxx/code_cure_agent/cca_workspace/nfe/src/main/java/com/fincatto/documentofiscal/nfe310/webservices/nota/consulta/NfeConsulta2Stub.java:[206,36] <identifier> expected
[ERROR] /workspaces/xxxx/code_cure_agent/cca_workspace/nfe/src/main/java/com/fincatto/documentofiscal/nfe310/webservices/nota/consulta/NfeConsulta2Stub.java:[206,101] <identifier> expected
[ERROR] /workspaces/xxxx/code_cure_agent/cca_workspace/nfe/src/main/java/com/fincatto/documentofiscal/nfe310/webservices/nota/consulta/NfeConsulta2Stub.java:[207,19] class, interface, or enum expected
[ERROR] /workspaces/xxxx/code_cure_agent/cca_workspace/nfe/src/main/java/com/fincatto/documentofiscal/nfe310/webservices/nota/consulta/NfeConsulta2Stub.java:[209,17] class, interface, or enum expected
[ERROR] /workspaces/xxxx/code_cure_agent/cca_workspace/nfe/src/main/java/com/fincatto/documentofiscal/nfe310/webservices/nota/consulta/NfeConsulta2Stub.java:[213,17] class, interface, or enum expected
[ERROR] /workspaces/xxxx/code_cure_agent/cca_workspace/nfe/src/main/java/com/fincatto/documentofiscal/nfe310/webservices/nota/consulta/NfeConsulta2Stub.java:[215,17] class, interface, or enum expected
[ERROR] /workspaces/xxxx/code_cure_agent/cca_workspace/nfe/src/main/java/com/fincatto/documentofiscal/nfe310/webservices/nota/consulta/NfeConsulta2Stub.java:[217,17] class, interface, or enum expected
[ERROR] /workspaces/xxxx/code_cure_agent/cca_workspace/nfe/src/main/java/com/fincatto/documentofiscal/nfe310/webservices/nota/consulta/NfeConsulta2Stub.java:[221,17] class, interface, or enum expected
[ERROR] /workspaces/xxxx/code_cure_agent/cca_workspace/nfe/src/main/java/com/fincatto/documentofiscal/nfe310/webservices/nota/consulta/NfeConsulta2Stub.java:[222,13] class, interface, or enum expected
[ERROR] /workspaces/xxxx/code_cure_agent/cca_workspace/nfe/src/main/java/com/fincatto/documentofiscal/nfe310/webservices/nota/consulta/NfeConsulta2Stub.java:[224,9] class, interface, or enum expected
[ERROR] /workspaces/xxxx/code_cure_agent/cca_workspace/nfe/src/main/java/com/fincatto/documentofiscal/nfe310/webservices/nota/consulta/NfeConsulta2Stub.java:[307,5] class, interface, or enum expected
[ERROR] /workspaces/xxxx/code_cure_agent/cca_workspace/nfe/src/main/java/com/fincatto/documentofiscal/nfe310/webservices/nota/consulta/NfeConsulta2Stub.java:[1033,13] class, interface, or enum expected
[ERROR] /workspaces/xxxx/code_cure_agent/cca_workspace/nfe/src/main/java/com/fincatto/documentofiscal/nfe310/webservices/nota/consulta/NfeConsulta2Stub.java:[1033,54] class, interface, or enum expected
[ERROR] /workspaces/xxxx/code_cure_agent/cca_workspace/nfe/src/main/java/com/fincatto/documentofiscal/nfe310/webservices/nota/consulta/NfeConsulta2Stub.java:[1033,96] class, interface, or enum expected
[ERROR] /workspaces/xxxx/code_cure_agent/cca_workspace/nfe/src/main/java/com/fincatto/documentofiscal/nfe310/webservices/nota/consulta/NfeConsulta2Stub.java:[1039,5] class, interface, or enum expected
[ERROR] /workspaces/xxxx/code_cure_agent/cca_workspace/nfe/src/main/java/com/fincatto/documentofiscal/nfe310/webservices/nota/consulta/NfeConsulta2Stub.java:[1041,54] class, interface, or enum expected
[ERROR] /workspaces/xxxx/code_cure_agent/cca_workspace/nfe/src/main/java/com/fincatto/documentofiscal/nfe310/webservices/nota/consulta/NfeConsulta2Stub.java:[1041,105] class, interface, or enum expected
[ERROR] /workspaces/xxxx/code_cure_agent/cca_workspace/nfe/src/main/java/com/fincatto/documentofiscal/nfe310/webservices/nota/consulta/NfeConsulta2Stub.java:[1047,5] class, interface, or enum expected
[ERROR] /workspaces/xxxx/code_cure_agent/cca_workspace/nfe/src/main/java/com/fincatto/documentofiscal/nfe310/webservices/nota/consulta/NfeConsulta2Stub.java:[1049,54] class, interface, or enum expected
[ERROR] /workspaces/xxxx/code_cure_agent/cca_workspace/nfe/src/main/java/com/fincatto/documentofiscal/nfe310/webservices/nota/consulta/NfeConsulta2Stub.java:[1049,97] class, interface, or enum expected
[ERROR] /workspaces/xxxx/code_cure_agent/cca_workspace/nfe/src/main/java/com/fincatto/documentofiscal/nfe310/webservices/nota/consulta/NfeConsulta2Stub.java:[1055,5] class, interface, or enum expected
[ERROR] /workspaces/xxxx/code_cure_agent/cca_workspace/nfe/src/main/java/com/fincatto/documentofiscal/nfe310/webservices/nota/consulta/NfeConsulta2Stub.java:[1057,65] class, interface, or enum expected
[ERROR] /workspaces/xxxx/code_cure_agent/cca_workspace/nfe/src/main/java/com/fincatto/documentofiscal/nfe310/webservices/nota/consulta/NfeConsulta2Stub.java:[1057,114] class, interface, or enum expected
[ERROR] /workspaces/xxxx/code_cure_agent/cca_workspace/nfe/src/main/java/com/fincatto/documentofiscal/nfe310/webservices/nota/consulta/NfeConsulta2Stub.java:[1057,156] class, interface, or enum expected
[ERROR] /workspaces/xxxx/code_cure_agent/cca_workspace/nfe/src/main/java/com/fincatto/documentofiscal/nfe310/webservices/nota/consulta/NfeConsulta2Stub.java:[1057,187] class, interface, or enum expected
[ERROR] /workspaces/xxxx/code_cure_agent/cca_workspace/nfe/src/main/java/com/fincatto/documentofiscal/nfe310/webservices/nota/consulta/NfeConsulta2Stub.java:[1060,9] class, interface, or enum expected
[ERROR] /workspaces/xxxx/code_cure_agent/cca_workspace/nfe/src/main/java/com/fincatto/documentofiscal/nfe310/webservices/nota/consulta/NfeConsulta2Stub.java:[1061,9] class, interface, or enum expected
[ERROR] /workspaces/xxxx/code_cure_agent/cca_workspace/nfe/src/main/java/com/fincatto/documentofiscal/nfe310/webservices/nota/consulta/NfeConsulta2Stub.java:[1065,5] class, interface, or enum expected
[ERROR] /workspaces/xxxx/code_cure_agent/cca_workspace/nfe/src/main/java/com/fincatto/documentofiscal/nfe310/webservices/nota/consulta/NfeConsulta2Stub.java:[1068,65] class, interface, or enum expected
[ERROR] /workspaces/xxxx/code_cure_agent/cca_workspace/nfe/src/main/java/com/fincatto/documentofiscal/nfe310/webservices/nota/consulta/NfeConsulta2Stub.java:[1070,5] class, interface, or enum expected
[ERROR] /workspaces/xxxx/code_cure_agent/cca_workspace/nfe/src/main/java/com/fincatto/documentofiscal/nfe310/webservices/nota/consulta/NfeConsulta2Stub.java:[1072,43] class, interface, or enum expected
[ERROR] /workspaces/xxxx/code_cure_agent/cca_workspace/nfe/src/main/java/com/fincatto/documentofiscal/nfe310/webservices/nota/consulta/NfeConsulta2Stub.java:[1072,86] class, interface, or enum expected
[ERROR] /workspaces/xxxx/code_cure_agent/cca_workspace/nfe/src/main/java/com/fincatto/documentofiscal/nfe310/webservices/nota/consulta/NfeConsulta2Stub.java:[1072,114] class, interface, or enum expected
[ERROR] /workspaces/xxxx/code_cure_agent/cca_workspace/nfe/src/main/java/com/fincatto/documentofiscal/nfe310/webservices/nota/consulta/NfeConsulta2Stub.java:[1074,51] <identifier> expected
[ERROR] /workspaces/xxxx/code_cure_agent/cca_workspace/nfe/src/main/java/com/fincatto/documentofiscal/nfe310/webservices/nota/consulta/NfeConsulta2Stub.java:[1075,17] illegal start of type
[ERROR] /workspaces/xxxx/code_cure_agent/cca_workspace/nfe/src/main/java/com/fincatto/documentofiscal/nfe310/webservices/nota/consulta/NfeConsulta2Stub.java:[1075,66] <identifier> expected
[ERROR] /workspaces/xxxx/code_cure_agent/cca_workspace/nfe/src/main/java/com/fincatto/documentofiscal/nfe310/webservices/nota/consulta/NfeConsulta2Stub.java:[1075,105] <identifier> expected
[ERROR] /workspaces/xxxx/code_cure_agent/cca_workspace/nfe/src/main/java/com/fincatto/documentofiscal/nfe310/webservices/nota/consulta/NfeConsulta2Stub.java:[1077,13] class, interface, or enum expected
[ERROR] /workspaces/xxxx/code_cure_agent/cca_workspace/nfe/src/main/java/com/fincatto/documentofiscal/nfe310/webservices/nota/consulta/NfeConsulta2Stub.java:[1077,60] <identifier> expected
[ERROR] /workspaces/xxxx/code_cure_agent/cca_workspace/nfe/src/main/java/com/fincatto/documentofiscal/nfe310/webservices/nota/consulta/NfeConsulta2Stub.java:[1078,17] illegal start of type
[ERROR] /workspaces/xxxx/code_cure_agent/cca_workspace/nfe/src/main/java/com/fincatto/documentofiscal/nfe310/webservices/nota/consulta/NfeConsulta2Stub.java:[1078,75] <identifier> expected
[ERROR] /workspaces/xxxx/code_cure_agent/cca_workspace/nfe/src/main/java/com/fincatto/documentofiscal/nfe310/webservices/nota/consulta/NfeConsulta2Stub.java:[1078,114] <identifier> expected
[ERROR] /workspaces/xxxx/code_cure_agent/cca_workspace/nfe/src/main/java/com/fincatto/documentofiscal/nfe310/webservices/nota/consulta/NfeConsulta2Stub.java:[1080,13] class, interface, or enum expected
[ERROR] /workspaces/xxxx/code_cure_agent/cca_workspace/nfe/src/main/java/com/fincatto/documentofiscal/nfe310/webservices/nota/consulta/NfeConsulta2Stub.java:[1080,52] <identifier> expected
[ERROR] /workspaces/xxxx/code_cure_agent/cca_workspace/nfe/src/main/java/com/fincatto/documentofiscal/nfe310/webservices/nota/consulta/NfeConsulta2Stub.java:[1081,17] illegal start of type
[ERROR] /workspaces/xxxx/code_cure_agent/cca_workspace/nfe/src/main/java/com/fincatto/documentofiscal/nfe310/webservices/nota/consulta/NfeConsulta2Stub.java:[1081,67] <identifier> expected
[ERROR] /workspaces/xxxx/code_cure_agent/cca_workspace/nfe/src/main/java/com/fincatto/documentofiscal/nfe310/webservices/nota/consulta/NfeConsulta2Stub.java:[1081,106] <identifier> expected
[ERROR] /workspaces/xxxx/code_cure_agent/cca_workspace/nfe/src/main/java/com/fincatto/documentofiscal/nfe310/webservices/nota/consulta/NfeConsulta2Stub.java:[1083,9] class, interface, or enum expected
[ERROR] /workspaces/xxxx/code_cure_agent/cca_workspace/nfe/src/main/java/com/fincatto/documentofiscal/nfe310/webservices/nota/consulta/NfeConsulta2Stub.java:[1085,9] class, interface, or enum expected
[ERROR] /workspaces/xxxx/code_cure_agent/cca_workspace/nfe/src/main/java/com/fincatto/documentofiscal/nfe310/webservices/nota/consulta/NfeConsulta2Stub.java:[1087,5] class, interface, or enum expected
[ERROR] -> [Help 1]
[ERROR] 
[ERROR] To see the full stack trace of the errors, re-run Maven with the -e switch.
[ERROR] Re-run Maven using the -X switch to enable full debug logging.
[ERROR] 
[ERROR] For more information about the errors and possible solutions, please read the following articles:
[ERROR] [Help 1] http://cwiki.apache.org/confluence/display/MAVEN/MojoFailureException
