[INFO] Scanning for projects...
[INFO] Inspecting build with total of 1 modules...
[INFO] Installing Nexus Staging features:
[INFO]   ... total of 1 executions of maven-deploy-plugin replaced with nexus-staging-maven-plugin
[INFO] 
[INFO] -------------------< com.googlecode.plist:dd-plist >--------------------
[INFO] Building dd-plist 1.24
[INFO] --------------------------------[ jar ]---------------------------------
[INFO] 
[INFO] --- maven-clean-plugin:2.5:clean (default-clean) @ dd-plist ---
[INFO] Deleting /workspaces/xxxx/code_cure_agent/cca_workspace/dd-plist/target
[INFO] 
[INFO] --- maven-enforcer-plugin:1.0:enforce (enforce-maven) @ dd-plist ---
[INFO] 
[INFO] --- maven-resources-plugin:2.6:resources (default-resources) @ dd-plist ---
[INFO] Using 'UTF-8' encoding to copy filtered resources.
[INFO] skip non existing resourceDirectory /workspaces/xxxx/code_cure_agent/cca_workspace/dd-plist/src/main/resources
[INFO] 
[INFO] --- maven-compiler-plugin:3.8.1:compile (default-compile) @ dd-plist ---
[INFO] Changes detected - recompiling the module!
[INFO] Compiling 16 source files to /workspaces/xxxx/code_cure_agent/cca_workspace/dd-plist/target/classes
[INFO] -------------------------------------------------------------
[ERROR] COMPILATION ERROR : 
[INFO] -------------------------------------------------------------
[ERROR] /workspaces/xxxx/code_cure_agent/cca_workspace/dd-plist/src/main/java/com/dd/plist/XMLPropertyListParser.java:[1,20] class, interface, or enum expected
[ERROR] /workspaces/xxxx/code_cure_agent/cca_workspace/dd-plist/src/main/java/com/dd/plist/XMLPropertyListParser.java:[4,13] class, interface, or enum expected
[ERROR] /workspaces/xxxx/code_cure_agent/cca_workspace/dd-plist/src/main/java/com/dd/plist/XMLPropertyListParser.java:[5,13] class, interface, or enum expected
[ERROR] /workspaces/xxxx/code_cure_agent/cca_workspace/dd-plist/src/main/java/com/dd/plist/XMLPropertyListParser.java:[7,13] class, interface, or enum expected
[ERROR] /workspaces/xxxx/code_cure_agent/cca_workspace/dd-plist/src/main/java/com/dd/plist/XMLPropertyListParser.java:[9,9] class, interface, or enum expected
[ERROR] /workspaces/xxxx/code_cure_agent/cca_workspace/dd-plist/src/main/java/com/dd/plist/XMLPropertyListParser.java:[13,17] class, interface, or enum expected
[ERROR] /workspaces/xxxx/code_cure_agent/cca_workspace/dd-plist/src/main/java/com/dd/plist/XMLPropertyListParser.java:[13,33] class, interface, or enum expected
[ERROR] /workspaces/xxxx/code_cure_agent/cca_workspace/dd-plist/src/main/java/com/dd/plist/XMLPropertyListParser.java:[13,59] class, interface, or enum expected
[ERROR] /workspaces/xxxx/code_cure_agent/cca_workspace/dd-plist/src/main/java/com/dd/plist/XMLPropertyListParser.java:[16,21] class, interface, or enum expected
[ERROR] /workspaces/xxxx/code_cure_agent/cca_workspace/dd-plist/src/main/java/com/dd/plist/XMLPropertyListParser.java:[18,25] class, interface, or enum expected
[ERROR] /workspaces/xxxx/code_cure_agent/cca_workspace/dd-plist/src/main/java/com/dd/plist/XMLPropertyListParser.java:[19,25] class, interface, or enum expected
[ERROR] /workspaces/xxxx/code_cure_agent/cca_workspace/dd-plist/src/main/java/com/dd/plist/XMLPropertyListParser.java:[21,25] class, interface, or enum expected
[ERROR] /workspaces/xxxx/code_cure_agent/cca_workspace/dd-plist/src/main/java/com/dd/plist/XMLPropertyListParser.java:[23,21] class, interface, or enum expected
[ERROR] /workspaces/xxxx/code_cure_agent/cca_workspace/dd-plist/src/main/java/com/dd/plist/XMLPropertyListParser.java:[27,13] class, interface, or enum expected
[ERROR] /workspaces/xxxx/code_cure_agent/cca_workspace/dd-plist/src/main/java/com/dd/plist/XMLPropertyListParser.java:[29,13] class, interface, or enum expected
[ERROR] /workspaces/xxxx/code_cure_agent/cca_workspace/dd-plist/src/main/java/com/dd/plist/XMLPropertyListParser.java:[32,1] illegal character: '`'
[ERROR] /workspaces/xxxx/code_cure_agent/cca_workspace/dd-plist/src/main/java/com/dd/plist/XMLPropertyListParser.java:[32,2] illegal character: '`'
[ERROR] /workspaces/xxxx/code_cure_agent/cca_workspace/dd-plist/src/main/java/com/dd/plist/XMLPropertyListParser.java:[32,3] illegal character: '`'
[ERROR] /workspaces/xxxx/code_cure_agent/cca_workspace/dd-plist/src/main/java/com/dd/plist/XMLPropertyListParser.java:[38,9] class, interface, or enum expected
[ERROR] /workspaces/xxxx/code_cure_agent/cca_workspace/dd-plist/src/main/java/com/dd/plist/XMLPropertyListParser.java:[40,9] class, interface, or enum expected
[ERROR] /workspaces/xxxx/code_cure_agent/cca_workspace/dd-plist/src/main/java/com/dd/plist/XMLPropertyListParser.java:[40,25] class, interface, or enum expected
[ERROR] /workspaces/xxxx/code_cure_agent/cca_workspace/dd-plist/src/main/java/com/dd/plist/XMLPropertyListParser.java:[40,51] class, interface, or enum expected
[ERROR] /workspaces/xxxx/code_cure_agent/cca_workspace/dd-plist/src/main/java/com/dd/plist/XMLPropertyListParser.java:[42,13] class, interface, or enum expected
[ERROR] /workspaces/xxxx/code_cure_agent/cca_workspace/dd-plist/src/main/java/com/dd/plist/XMLPropertyListParser.java:[44,17] class, interface, or enum expected
[ERROR] /workspaces/xxxx/code_cure_agent/cca_workspace/dd-plist/src/main/java/com/dd/plist/XMLPropertyListParser.java:[45,17] class, interface, or enum expected
[ERROR] /workspaces/xxxx/code_cure_agent/cca_workspace/dd-plist/src/main/java/com/dd/plist/XMLPropertyListParser.java:[47,17] class, interface, or enum expected
[ERROR] /workspaces/xxxx/code_cure_agent/cca_workspace/dd-plist/src/main/java/com/dd/plist/XMLPropertyListParser.java:[49,17] class, interface, or enum expected
[ERROR] /workspaces/xxxx/code_cure_agent/cca_workspace/dd-plist/src/main/java/com/dd/plist/XMLPropertyListParser.java:[53,5] class, interface, or enum expected
[ERROR] /workspaces/xxxx/code_cure_agent/cca_workspace/dd-plist/src/main/java/com/dd/plist/XMLPropertyListParser.java:[54,1] illegal character: '`'
[ERROR] /workspaces/xxxx/code_cure_agent/cca_workspace/dd-plist/src/main/java/com/dd/plist/XMLPropertyListParser.java:[54,2] illegal character: '`'
[ERROR] /workspaces/xxxx/code_cure_agent/cca_workspace/dd-plist/src/main/java/com/dd/plist/XMLPropertyListParser.java:[54,3] illegal character: '`'
[ERROR] /workspaces/xxxx/code_cure_agent/cca_workspace/dd-plist/src/main/java/com/dd/plist/XMLPropertyListParser.java:[61,13] class, interface, or enum expected
[ERROR] /workspaces/xxxx/code_cure_agent/cca_workspace/dd-plist/src/main/java/com/dd/plist/XMLPropertyListParser.java:[62,13] class, interface, or enum expected
[ERROR] /workspaces/xxxx/code_cure_agent/cca_workspace/dd-plist/src/main/java/com/dd/plist/XMLPropertyListParser.java:[64,13] class, interface, or enum expected
[ERROR] /workspaces/xxxx/code_cure_agent/cca_workspace/dd-plist/src/main/java/com/dd/plist/XMLPropertyListParser.java:[66,9] class, interface, or enum expected
[ERROR] /workspaces/xxxx/code_cure_agent/cca_workspace/dd-plist/src/main/java/com/dd/plist/XMLPropertyListParser.java:[68,9] class, interface, or enum expected
[ERROR] /workspaces/xxxx/code_cure_agent/cca_workspace/dd-plist/src/main/java/com/dd/plist/XMLPropertyListParser.java:[70,1] illegal character: '`'
[ERROR] /workspaces/xxxx/code_cure_agent/cca_workspace/dd-plist/src/main/java/com/dd/plist/XMLPropertyListParser.java:[70,2] illegal character: '`'
[ERROR] /workspaces/xxxx/code_cure_agent/cca_workspace/dd-plist/src/main/java/com/dd/plist/XMLPropertyListParser.java:[70,3] illegal character: '`'
[INFO] 39 errors 
[INFO] -------------------------------------------------------------
[INFO] ------------------------------------------------------------------------
[INFO] BUILD FAILURE
[INFO] ------------------------------------------------------------------------
[INFO] Total time:  1.681 s
[INFO] Finished at: 2025-08-30T07:23:46Z
[INFO] ------------------------------------------------------------------------
[ERROR] Failed to execute goal org.apache.maven.plugins:maven-compiler-plugin:3.8.1:compile (default-compile) on project dd-plist: Compilation failure: Compilation failure: 
[ERROR] /workspaces/xxxx/code_cure_agent/cca_workspace/dd-plist/src/main/java/com/dd/plist/XMLPropertyListParser.java:[1,20] class, interface, or enum expected
[ERROR] /workspaces/xxxx/code_cure_agent/cca_workspace/dd-plist/src/main/java/com/dd/plist/XMLPropertyListParser.java:[4,13] class, interface, or enum expected
[ERROR] /workspaces/xxxx/code_cure_agent/cca_workspace/dd-plist/src/main/java/com/dd/plist/XMLPropertyListParser.java:[5,13] class, interface, or enum expected
[ERROR] /workspaces/xxxx/code_cure_agent/cca_workspace/dd-plist/src/main/java/com/dd/plist/XMLPropertyListParser.java:[7,13] class, interface, or enum expected
[ERROR] /workspaces/xxxx/code_cure_agent/cca_workspace/dd-plist/src/main/java/com/dd/plist/XMLPropertyListParser.java:[9,9] class, interface, or enum expected
[ERROR] /workspaces/xxxx/code_cure_agent/cca_workspace/dd-plist/src/main/java/com/dd/plist/XMLPropertyListParser.java:[13,17] class, interface, or enum expected
[ERROR] /workspaces/xxxx/code_cure_agent/cca_workspace/dd-plist/src/main/java/com/dd/plist/XMLPropertyListParser.java:[13,33] class, interface, or enum expected
[ERROR] /workspaces/xxxx/code_cure_agent/cca_workspace/dd-plist/src/main/java/com/dd/plist/XMLPropertyListParser.java:[13,59] class, interface, or enum expected
[ERROR] /workspaces/xxxx/code_cure_agent/cca_workspace/dd-plist/src/main/java/com/dd/plist/XMLPropertyListParser.java:[16,21] class, interface, or enum expected
[ERROR] /workspaces/xxxx/code_cure_agent/cca_workspace/dd-plist/src/main/java/com/dd/plist/XMLPropertyListParser.java:[18,25] class, interface, or enum expected
[ERROR] /workspaces/xxxx/code_cure_agent/cca_workspace/dd-plist/src/main/java/com/dd/plist/XMLPropertyListParser.java:[19,25] class, interface, or enum expected
[ERROR] /workspaces/xxxx/code_cure_agent/cca_workspace/dd-plist/src/main/java/com/dd/plist/XMLPropertyListParser.java:[21,25] class, interface, or enum expected
[ERROR] /workspaces/xxxx/code_cure_agent/cca_workspace/dd-plist/src/main/java/com/dd/plist/XMLPropertyListParser.java:[23,21] class, interface, or enum expected
[ERROR] /workspaces/xxxx/code_cure_agent/cca_workspace/dd-plist/src/main/java/com/dd/plist/XMLPropertyListParser.java:[27,13] class, interface, or enum expected
[ERROR] /workspaces/xxxx/code_cure_agent/cca_workspace/dd-plist/src/main/java/com/dd/plist/XMLPropertyListParser.java:[29,13] class, interface, or enum expected
[ERROR] /workspaces/xxxx/code_cure_agent/cca_workspace/dd-plist/src/main/java/com/dd/plist/XMLPropertyListParser.java:[32,1] illegal character: '`'
[ERROR] /workspaces/xxxx/code_cure_agent/cca_workspace/dd-plist/src/main/java/com/dd/plist/XMLPropertyListParser.java:[32,2] illegal character: '`'
[ERROR] /workspaces/xxxx/code_cure_agent/cca_workspace/dd-plist/src/main/java/com/dd/plist/XMLPropertyListParser.java:[32,3] illegal character: '`'
[ERROR] /workspaces/xxxx/code_cure_agent/cca_workspace/dd-plist/src/main/java/com/dd/plist/XMLPropertyListParser.java:[38,9] class, interface, or enum expected
[ERROR] /workspaces/xxxx/code_cure_agent/cca_workspace/dd-plist/src/main/java/com/dd/plist/XMLPropertyListParser.java:[40,9] class, interface, or enum expected
[ERROR] /workspaces/xxxx/code_cure_agent/cca_workspace/dd-plist/src/main/java/com/dd/plist/XMLPropertyListParser.java:[40,25] class, interface, or enum expected
[ERROR] /workspaces/xxxx/code_cure_agent/cca_workspace/dd-plist/src/main/java/com/dd/plist/XMLPropertyListParser.java:[40,51] class, interface, or enum expected
[ERROR] /workspaces/xxxx/code_cure_agent/cca_workspace/dd-plist/src/main/java/com/dd/plist/XMLPropertyListParser.java:[42,13] class, interface, or enum expected
[ERROR] /workspaces/xxxx/code_cure_agent/cca_workspace/dd-plist/src/main/java/com/dd/plist/XMLPropertyListParser.java:[44,17] class, interface, or enum expected
[ERROR] /workspaces/xxxx/code_cure_agent/cca_workspace/dd-plist/src/main/java/com/dd/plist/XMLPropertyListParser.java:[45,17] class, interface, or enum expected
[ERROR] /workspaces/xxxx/code_cure_agent/cca_workspace/dd-plist/src/main/java/com/dd/plist/XMLPropertyListParser.java:[47,17] class, interface, or enum expected
[ERROR] /workspaces/xxxx/code_cure_agent/cca_workspace/dd-plist/src/main/java/com/dd/plist/XMLPropertyListParser.java:[49,17] class, interface, or enum expected
[ERROR] /workspaces/xxxx/code_cure_agent/cca_workspace/dd-plist/src/main/java/com/dd/plist/XMLPropertyListParser.java:[53,5] class, interface, or enum expected
[ERROR] /workspaces/xxxx/code_cure_agent/cca_workspace/dd-plist/src/main/java/com/dd/plist/XMLPropertyListParser.java:[54,1] illegal character: '`'
[ERROR] /workspaces/xxxx/code_cure_agent/cca_workspace/dd-plist/src/main/java/com/dd/plist/XMLPropertyListParser.java:[54,2] illegal character: '`'
[ERROR] /workspaces/xxxx/code_cure_agent/cca_workspace/dd-plist/src/main/java/com/dd/plist/XMLPropertyListParser.java:[54,3] illegal character: '`'
[ERROR] /workspaces/xxxx/code_cure_agent/cca_workspace/dd-plist/src/main/java/com/dd/plist/XMLPropertyListParser.java:[61,13] class, interface, or enum expected
[ERROR] /workspaces/xxxx/code_cure_agent/cca_workspace/dd-plist/src/main/java/com/dd/plist/XMLPropertyListParser.java:[62,13] class, interface, or enum expected
[ERROR] /workspaces/xxxx/code_cure_agent/cca_workspace/dd-plist/src/main/java/com/dd/plist/XMLPropertyListParser.java:[64,13] class, interface, or enum expected
[ERROR] /workspaces/xxxx/code_cure_agent/cca_workspace/dd-plist/src/main/java/com/dd/plist/XMLPropertyListParser.java:[66,9] class, interface, or enum expected
[ERROR] /workspaces/xxxx/code_cure_agent/cca_workspace/dd-plist/src/main/java/com/dd/plist/XMLPropertyListParser.java:[68,9] class, interface, or enum expected
[ERROR] /workspaces/xxxx/code_cure_agent/cca_workspace/dd-plist/src/main/java/com/dd/plist/XMLPropertyListParser.java:[70,1] illegal character: '`'
[ERROR] /workspaces/xxxx/code_cure_agent/cca_workspace/dd-plist/src/main/java/com/dd/plist/XMLPropertyListParser.java:[70,2] illegal character: '`'
[ERROR] /workspaces/xxxx/code_cure_agent/cca_workspace/dd-plist/src/main/java/com/dd/plist/XMLPropertyListParser.java:[70,3] illegal character: '`'
[ERROR] -> [Help 1]
[ERROR] 
[ERROR] To see the full stack trace of the errors, re-run Maven with the -e switch.
[ERROR] Re-run Maven using the -X switch to enable full debug logging.
[ERROR] 
[ERROR] For more information about the errors and possible solutions, please read the following articles:
[ERROR] [Help 1] http://cwiki.apache.org/confluence/display/MAVEN/MojoFailureException
