[INFO] Scanning for projects...
[INFO] 
[INFO] ----------------------< com.github.wmixvideo:nfe >----------------------
[INFO] Building nfe 3.0.27-SNAPSHOT
[INFO] --------------------------------[ jar ]---------------------------------
[INFO] 
[INFO] --- maven-clean-plugin:2.5:clean (default-clean) @ nfe ---
[INFO] 
[INFO] --- jacoco-maven-plugin:0.8.6:prepare-agent (prepare-agent) @ nfe ---
[INFO] argLine set to -javaagent:/home/vscode/.m2/repository/org/jacoco/org.jacoco.agent/0.8.6/org.jacoco.agent-0.8.6-runtime.jar=destfile=/workspaces/master-thesis-pascal-joos/code_cure_agent/cca_workspace/nfe/target/jacoco.exec,excludes=**/webservices/**/*
[INFO] 
[INFO] --- maven-resources-plugin:2.6:resources (default-resources) @ nfe ---
[INFO] Using 'UTF-8' encoding to copy filtered resources.
[INFO] Copying 444 resources
[INFO] Copying 0 resource
[INFO] 
[INFO] --- maven-compiler-plugin:3.8.1:compile (default-compile) @ nfe ---
[INFO] Changes detected - recompiling the module!
[INFO] Compiling 1032 source files to /workspaces/master-thesis-pascal-joos/code_cure_agent/cca_workspace/nfe/target/classes
[INFO] -------------------------------------------------------------
[ERROR] COMPILATION ERROR : 
[INFO] -------------------------------------------------------------
[ERROR] /workspaces/master-thesis-pascal-joos/code_cure_agent/cca_workspace/nfe/src/main/java/com/fincatto/documentofiscal/mdfe3/webservices/consulta/MDFeConsultaStub.java:[358,13] illegal start of expression
[ERROR] /workspaces/master-thesis-pascal-joos/code_cure_agent/cca_workspace/nfe/src/main/java/com/fincatto/documentofiscal/mdfe3/webservices/consulta/MDFeConsultaStub.java:[423,17] illegal start of type
[ERROR] /workspaces/master-thesis-pascal-joos/code_cure_agent/cca_workspace/nfe/src/main/java/com/fincatto/documentofiscal/mdfe3/webservices/consulta/MDFeConsultaStub.java:[423,27] <identifier> expected
[ERROR] /workspaces/master-thesis-pascal-joos/code_cure_agent/cca_workspace/nfe/src/main/java/com/fincatto/documentofiscal/mdfe3/webservices/consulta/MDFeConsultaStub.java:[428,17] illegal start of type
[ERROR] /workspaces/master-thesis-pascal-joos/code_cure_agent/cca_workspace/nfe/src/main/java/com/fincatto/documentofiscal/mdfe3/webservices/consulta/MDFeConsultaStub.java:[428,32] <identifier> expected
[ERROR] /workspaces/master-thesis-pascal-joos/code_cure_agent/cca_workspace/nfe/src/main/java/com/fincatto/documentofiscal/mdfe3/webservices/consulta/MDFeConsultaStub.java:[428,34] ';' expected
[ERROR] /workspaces/master-thesis-pascal-joos/code_cure_agent/cca_workspace/nfe/src/main/java/com/fincatto/documentofiscal/mdfe3/webservices/consulta/MDFeConsultaStub.java:[430,19] illegal start of type
[ERROR] /workspaces/master-thesis-pascal-joos/code_cure_agent/cca_workspace/nfe/src/main/java/com/fincatto/documentofiscal/mdfe3/webservices/consulta/MDFeConsultaStub.java:[434,15] illegal start of type
[ERROR] /workspaces/master-thesis-pascal-joos/code_cure_agent/cca_workspace/nfe/src/main/java/com/fincatto/documentofiscal/mdfe3/webservices/consulta/MDFeConsultaStub.java:[440,17] class, interface, or enum expected
[ERROR] /workspaces/master-thesis-pascal-joos/code_cure_agent/cca_workspace/nfe/src/main/java/com/fincatto/documentofiscal/mdfe3/webservices/consulta/MDFeConsultaStub.java:[440,40] class, interface, or enum expected
[ERROR] /workspaces/master-thesis-pascal-joos/code_cure_agent/cca_workspace/nfe/src/main/java/com/fincatto/documentofiscal/mdfe3/webservices/consulta/MDFeConsultaStub.java:[440,82] class, interface, or enum expected
[ERROR] /workspaces/master-thesis-pascal-joos/code_cure_agent/cca_workspace/nfe/src/main/java/com/fincatto/documentofiscal/mdfe3/webservices/consulta/MDFeConsultaStub.java:[444,23] class, interface, or enum expected
[ERROR] /workspaces/master-thesis-pascal-joos/code_cure_agent/cca_workspace/nfe/src/main/java/com/fincatto/documentofiscal/mdfe3/webservices/consulta/MDFeConsultaStub.java:[445,17] class, interface, or enum expected
[ERROR] /workspaces/master-thesis-pascal-joos/code_cure_agent/cca_workspace/nfe/src/main/java/com/fincatto/documentofiscal/mdfe3/webservices/consulta/MDFeConsultaStub.java:[446,17] class, interface, or enum expected
[ERROR] /workspaces/master-thesis-pascal-joos/code_cure_agent/cca_workspace/nfe/src/main/java/com/fincatto/documentofiscal/mdfe3/webservices/consulta/MDFeConsultaStub.java:[447,17] class, interface, or enum expected
[ERROR] /workspaces/master-thesis-pascal-joos/code_cure_agent/cca_workspace/nfe/src/main/java/com/fincatto/documentofiscal/mdfe3/webservices/consulta/MDFeConsultaStub.java:[447,33] class, interface, or enum expected
[ERROR] /workspaces/master-thesis-pascal-joos/code_cure_agent/cca_workspace/nfe/src/main/java/com/fincatto/documentofiscal/mdfe3/webservices/consulta/MDFeConsultaStub.java:[447,52] class, interface, or enum expected
[ERROR] /workspaces/master-thesis-pascal-joos/code_cure_agent/cca_workspace/nfe/src/main/java/com/fincatto/documentofiscal/mdfe3/webservices/consulta/MDFeConsultaStub.java:[450,21] class, interface, or enum expected
[ERROR] /workspaces/master-thesis-pascal-joos/code_cure_agent/cca_workspace/nfe/src/main/java/com/fincatto/documentofiscal/mdfe3/webservices/consulta/MDFeConsultaStub.java:[452,21] class, interface, or enum expected
[ERROR] /workspaces/master-thesis-pascal-joos/code_cure_agent/cca_workspace/nfe/src/main/java/com/fincatto/documentofiscal/mdfe3/webservices/consulta/MDFeConsultaStub.java:[454,25] class, interface, or enum expected
[ERROR] /workspaces/master-thesis-pascal-joos/code_cure_agent/cca_workspace/nfe/src/main/java/com/fincatto/documentofiscal/mdfe3/webservices/consulta/MDFeConsultaStub.java:[456,29] class, interface, or enum expected
[ERROR] /workspaces/master-thesis-pascal-joos/code_cure_agent/cca_workspace/nfe/src/main/java/com/fincatto/documentofiscal/mdfe3/webservices/consulta/MDFeConsultaStub.java:[457,29] class, interface, or enum expected
[ERROR] /workspaces/master-thesis-pascal-joos/code_cure_agent/cca_workspace/nfe/src/main/java/com/fincatto/documentofiscal/mdfe3/webservices/consulta/MDFeConsultaStub.java:[458,25] class, interface, or enum expected
[ERROR] /workspaces/master-thesis-pascal-joos/code_cure_agent/cca_workspace/nfe/src/main/java/com/fincatto/documentofiscal/mdfe3/webservices/consulta/MDFeConsultaStub.java:[461,25] class, interface, or enum expected
[ERROR] /workspaces/master-thesis-pascal-joos/code_cure_agent/cca_workspace/nfe/src/main/java/com/fincatto/documentofiscal/mdfe3/webservices/consulta/MDFeConsultaStub.java:[463,25] class, interface, or enum expected
[ERROR] /workspaces/master-thesis-pascal-joos/code_cure_agent/cca_workspace/nfe/src/main/java/com/fincatto/documentofiscal/mdfe3/webservices/consulta/MDFeConsultaStub.java:[466,21] class, interface, or enum expected
[ERROR] /workspaces/master-thesis-pascal-joos/code_cure_agent/cca_workspace/nfe/src/main/java/com/fincatto/documentofiscal/mdfe3/webservices/consulta/MDFeConsultaStub.java:[469,13] class, interface, or enum expected
[ERROR] /workspaces/master-thesis-pascal-joos/code_cure_agent/cca_workspace/nfe/src/main/java/com/fincatto/documentofiscal/mdfe3/webservices/consulta/MDFeConsultaStub.java:[475,55] class, interface, or enum expected
[ERROR] /workspaces/master-thesis-pascal-joos/code_cure_agent/cca_workspace/nfe/src/main/java/com/fincatto/documentofiscal/mdfe3/webservices/consulta/MDFeConsultaStub.java:[475,105] class, interface, or enum expected
[ERROR] /workspaces/master-thesis-pascal-joos/code_cure_agent/cca_workspace/nfe/src/main/java/com/fincatto/documentofiscal/mdfe3/webservices/consulta/MDFeConsultaStub.java:[477,13] class, interface, or enum expected
[ERROR] /workspaces/master-thesis-pascal-joos/code_cure_agent/cca_workspace/nfe/src/main/java/com/fincatto/documentofiscal/mdfe3/webservices/consulta/MDFeConsultaStub.java:[479,23] class, interface, or enum expected
[ERROR] /workspaces/master-thesis-pascal-joos/code_cure_agent/cca_workspace/nfe/src/main/java/com/fincatto/documentofiscal/mdfe3/webservices/consulta/MDFeConsultaStub.java:[480,17] class, interface, or enum expected
[ERROR] /workspaces/master-thesis-pascal-joos/code_cure_agent/cca_workspace/nfe/src/main/java/com/fincatto/documentofiscal/mdfe3/webservices/consulta/MDFeConsultaStub.java:[481,27] class, interface, or enum expected
[ERROR] /workspaces/master-thesis-pascal-joos/code_cure_agent/cca_workspace/nfe/src/main/java/com/fincatto/documentofiscal/mdfe3/webservices/consulta/MDFeConsultaStub.java:[482,21] class, interface, or enum expected
[ERROR] /workspaces/master-thesis-pascal-joos/code_cure_agent/cca_workspace/nfe/src/main/java/com/fincatto/documentofiscal/mdfe3/webservices/consulta/MDFeConsultaStub.java:[484,21] class, interface, or enum expected
[ERROR] /workspaces/master-thesis-pascal-joos/code_cure_agent/cca_workspace/nfe/src/main/java/com/fincatto/documentofiscal/mdfe3/webservices/consulta/MDFeConsultaStub.java:[486,17] class, interface, or enum expected
[ERROR] /workspaces/master-thesis-pascal-joos/code_cure_agent/cca_workspace/nfe/src/main/java/com/fincatto/documentofiscal/mdfe3/webservices/consulta/MDFeConsultaStub.java:[488,17] class, interface, or enum expected
[ERROR] /workspaces/master-thesis-pascal-joos/code_cure_agent/cca_workspace/nfe/src/main/java/com/fincatto/documentofiscal/mdfe3/webservices/consulta/MDFeConsultaStub.java:[489,13] class, interface, or enum expected
[ERROR] /workspaces/master-thesis-pascal-joos/code_cure_agent/cca_workspace/nfe/src/main/java/com/fincatto/documentofiscal/mdfe3/webservices/consulta/MDFeConsultaStub.java:[491,9] class, interface, or enum expected
[ERROR] /workspaces/master-thesis-pascal-joos/code_cure_agent/cca_workspace/nfe/src/main/java/com/fincatto/documentofiscal/mdfe3/webservices/consulta/MDFeConsultaStub.java:[497,16] class, interface, or enum expected
[ERROR] /workspaces/master-thesis-pascal-joos/code_cure_agent/cca_workspace/nfe/src/main/java/com/fincatto/documentofiscal/mdfe3/webservices/consulta/MDFeConsultaStub.java:[497,69] class, interface, or enum expected
[ERROR] /workspaces/master-thesis-pascal-joos/code_cure_agent/cca_workspace/nfe/src/main/java/com/fincatto/documentofiscal/mdfe3/webservices/consulta/MDFeConsultaStub.java:[500,9] class, interface, or enum expected
[ERROR] /workspaces/master-thesis-pascal-joos/code_cure_agent/cca_workspace/nfe/src/main/java/com/fincatto/documentofiscal/mdfe3/webservices/consulta/MDFeConsultaStub.java:[543,5] class, interface, or enum expected
[ERROR] /workspaces/master-thesis-pascal-joos/code_cure_agent/cca_workspace/nfe/src/main/java/com/fincatto/documentofiscal/mdfe3/webservices/consulta/MDFeConsultaStub.java:[1316,13] class, interface, or enum expected
[ERROR] /workspaces/master-thesis-pascal-joos/code_cure_agent/cca_workspace/nfe/src/main/java/com/fincatto/documentofiscal/mdfe3/webservices/consulta/MDFeConsultaStub.java:[1316,54] class, interface, or enum expected
[ERROR] /workspaces/master-thesis-pascal-joos/code_cure_agent/cca_workspace/nfe/src/main/java/com/fincatto/documentofiscal/mdfe3/webservices/consulta/MDFeConsultaStub.java:[1316,154] class, interface, or enum expected
[ERROR] /workspaces/master-thesis-pascal-joos/code_cure_agent/cca_workspace/nfe/src/main/java/com/fincatto/documentofiscal/mdfe3/webservices/consulta/MDFeConsultaStub.java:[1322,5] class, interface, or enum expected
[ERROR] /workspaces/master-thesis-pascal-joos/code_cure_agent/cca_workspace/nfe/src/main/java/com/fincatto/documentofiscal/mdfe3/webservices/consulta/MDFeConsultaStub.java:[1324,65] class, interface, or enum expected
[ERROR] /workspaces/master-thesis-pascal-joos/code_cure_agent/cca_workspace/nfe/src/main/java/com/fincatto/documentofiscal/mdfe3/webservices/consulta/MDFeConsultaStub.java:[1324,114] class, interface, or enum expected
[ERROR] /workspaces/master-thesis-pascal-joos/code_cure_agent/cca_workspace/nfe/src/main/java/com/fincatto/documentofiscal/mdfe3/webservices/consulta/MDFeConsultaStub.java:[1324,213] class, interface, or enum expected
[ERROR] /workspaces/master-thesis-pascal-joos/code_cure_agent/cca_workspace/nfe/src/main/java/com/fincatto/documentofiscal/mdfe3/webservices/consulta/MDFeConsultaStub.java:[1324,244] class, interface, or enum expected
[ERROR] /workspaces/master-thesis-pascal-joos/code_cure_agent/cca_workspace/nfe/src/main/java/com/fincatto/documentofiscal/mdfe3/webservices/consulta/MDFeConsultaStub.java:[1326,15] class, interface, or enum expected
[ERROR] /workspaces/master-thesis-pascal-joos/code_cure_agent/cca_workspace/nfe/src/main/java/com/fincatto/documentofiscal/mdfe3/webservices/consulta/MDFeConsultaStub.java:[1327,9] class, interface, or enum expected
[ERROR] /workspaces/master-thesis-pascal-joos/code_cure_agent/cca_workspace/nfe/src/main/java/com/fincatto/documentofiscal/mdfe3/webservices/consulta/MDFeConsultaStub.java:[1328,9] class, interface, or enum expected
[ERROR] /workspaces/master-thesis-pascal-joos/code_cure_agent/cca_workspace/nfe/src/main/java/com/fincatto/documentofiscal/mdfe3/webservices/consulta/MDFeConsultaStub.java:[1332,5] class, interface, or enum expected
[ERROR] /workspaces/master-thesis-pascal-joos/code_cure_agent/cca_workspace/nfe/src/main/java/com/fincatto/documentofiscal/mdfe3/webservices/consulta/MDFeConsultaStub.java:[1343,13] class, interface, or enum expected
[ERROR] /workspaces/master-thesis-pascal-joos/code_cure_agent/cca_workspace/nfe/src/main/java/com/fincatto/documentofiscal/mdfe3/webservices/consulta/MDFeConsultaStub.java:[1343,43] class, interface, or enum expected
[ERROR] /workspaces/master-thesis-pascal-joos/code_cure_agent/cca_workspace/nfe/src/main/java/com/fincatto/documentofiscal/mdfe3/webservices/consulta/MDFeConsultaStub.java:[1343,86] class, interface, or enum expected
[ERROR] /workspaces/master-thesis-pascal-joos/code_cure_agent/cca_workspace/nfe/src/main/java/com/fincatto/documentofiscal/mdfe3/webservices/consulta/MDFeConsultaStub.java:[1343,114] class, interface, or enum expected
[ERROR] /workspaces/master-thesis-pascal-joos/code_cure_agent/cca_workspace/nfe/src/main/java/com/fincatto/documentofiscal/mdfe3/webservices/consulta/MDFeConsultaStub.java:[1345,108] <identifier> expected
[ERROR] /workspaces/master-thesis-pascal-joos/code_cure_agent/cca_workspace/nfe/src/main/java/com/fincatto/documentofiscal/mdfe3/webservices/consulta/MDFeConsultaStub.java:[1346,17] illegal start of type
[ERROR] /workspaces/master-thesis-pascal-joos/code_cure_agent/cca_workspace/nfe/src/main/java/com/fincatto/documentofiscal/mdfe3/webservices/consulta/MDFeConsultaStub.java:[1346,123] <identifier> expected
[ERROR] /workspaces/master-thesis-pascal-joos/code_cure_agent/cca_workspace/nfe/src/main/java/com/fincatto/documentofiscal/mdfe3/webservices/consulta/MDFeConsultaStub.java:[1346,162] <identifier> expected
[ERROR] /workspaces/master-thesis-pascal-joos/code_cure_agent/cca_workspace/nfe/src/main/java/com/fincatto/documentofiscal/mdfe3/webservices/consulta/MDFeConsultaStub.java:[1348,13] class, interface, or enum expected
[ERROR] /workspaces/master-thesis-pascal-joos/code_cure_agent/cca_workspace/nfe/src/main/java/com/fincatto/documentofiscal/mdfe3/webservices/consulta/MDFeConsultaStub.java:[1348,117] <identifier> expected
[ERROR] /workspaces/master-thesis-pascal-joos/code_cure_agent/cca_workspace/nfe/src/main/java/com/fincatto/documentofiscal/mdfe3/webservices/consulta/MDFeConsultaStub.java:[1349,17] illegal start of type
[ERROR] /workspaces/master-thesis-pascal-joos/code_cure_agent/cca_workspace/nfe/src/main/java/com/fincatto/documentofiscal/mdfe3/webservices/consulta/MDFeConsultaStub.java:[1349,132] <identifier> expected
[ERROR] /workspaces/master-thesis-pascal-joos/code_cure_agent/cca_workspace/nfe/src/main/java/com/fincatto/documentofiscal/mdfe3/webservices/consulta/MDFeConsultaStub.java:[1349,171] <identifier> expected
[ERROR] /workspaces/master-thesis-pascal-joos/code_cure_agent/cca_workspace/nfe/src/main/java/com/fincatto/documentofiscal/mdfe3/webservices/consulta/MDFeConsultaStub.java:[1351,13] class, interface, or enum expected
[ERROR] /workspaces/master-thesis-pascal-joos/code_cure_agent/cca_workspace/nfe/src/main/java/com/fincatto/documentofiscal/mdfe3/webservices/consulta/MDFeConsultaStub.java:[1351,109] <identifier> expected
[ERROR] /workspaces/master-thesis-pascal-joos/code_cure_agent/cca_workspace/nfe/src/main/java/com/fincatto/documentofiscal/mdfe3/webservices/consulta/MDFeConsultaStub.java:[1352,17] illegal start of type
[ERROR] /workspaces/master-thesis-pascal-joos/code_cure_agent/cca_workspace/nfe/src/main/java/com/fincatto/documentofiscal/mdfe3/webservices/consulta/MDFeConsultaStub.java:[1352,124] <identifier> expected
[ERROR] /workspaces/master-thesis-pascal-joos/code_cure_agent/cca_workspace/nfe/src/main/java/com/fincatto/documentofiscal/mdfe3/webservices/consulta/MDFeConsultaStub.java:[1352,163] <identifier> expected
[ERROR] /workspaces/master-thesis-pascal-joos/code_cure_agent/cca_workspace/nfe/src/main/java/com/fincatto/documentofiscal/mdfe3/webservices/consulta/MDFeConsultaStub.java:[1354,9] class, interface, or enum expected
[ERROR] /workspaces/master-thesis-pascal-joos/code_cure_agent/cca_workspace/nfe/src/main/java/com/fincatto/documentofiscal/mdfe3/webservices/consulta/MDFeConsultaStub.java:[1354,24] class, interface, or enum expected
[ERROR] /workspaces/master-thesis-pascal-joos/code_cure_agent/cca_workspace/nfe/src/main/java/com/fincatto/documentofiscal/mdfe3/webservices/consulta/MDFeConsultaStub.java:[1356,9] class, interface, or enum expected
[ERROR] /workspaces/master-thesis-pascal-joos/code_cure_agent/cca_workspace/nfe/src/main/java/com/fincatto/documentofiscal/mdfe3/webservices/consulta/MDFeConsultaStub.java:[1358,5] class, interface, or enum expected
[INFO] 77 errors 
[INFO] -------------------------------------------------------------
[INFO] ------------------------------------------------------------------------
[INFO] BUILD FAILURE
[INFO] ------------------------------------------------------------------------
[INFO] Total time:  2.219 s
[INFO] Finished at: 2025-08-30T08:15:02Z
[INFO] ------------------------------------------------------------------------
[ERROR] Failed to execute goal org.apache.maven.plugins:maven-compiler-plugin:3.8.1:compile (default-compile) on project nfe: Compilation failure: Compilation failure: 
[ERROR] /workspaces/master-thesis-pascal-joos/code_cure_agent/cca_workspace/nfe/src/main/java/com/fincatto/documentofiscal/mdfe3/webservices/consulta/MDFeConsultaStub.java:[358,13] illegal start of expression
[ERROR] /workspaces/master-thesis-pascal-joos/code_cure_agent/cca_workspace/nfe/src/main/java/com/fincatto/documentofiscal/mdfe3/webservices/consulta/MDFeConsultaStub.java:[423,17] illegal start of type
[ERROR] /workspaces/master-thesis-pascal-joos/code_cure_agent/cca_workspace/nfe/src/main/java/com/fincatto/documentofiscal/mdfe3/webservices/consulta/MDFeConsultaStub.java:[423,27] <identifier> expected
[ERROR] /workspaces/master-thesis-pascal-joos/code_cure_agent/cca_workspace/nfe/src/main/java/com/fincatto/documentofiscal/mdfe3/webservices/consulta/MDFeConsultaStub.java:[428,17] illegal start of type
[ERROR] /workspaces/master-thesis-pascal-joos/code_cure_agent/cca_workspace/nfe/src/main/java/com/fincatto/documentofiscal/mdfe3/webservices/consulta/MDFeConsultaStub.java:[428,32] <identifier> expected
[ERROR] /workspaces/master-thesis-pascal-joos/code_cure_agent/cca_workspace/nfe/src/main/java/com/fincatto/documentofiscal/mdfe3/webservices/consulta/MDFeConsultaStub.java:[428,34] ';' expected
[ERROR] /workspaces/master-thesis-pascal-joos/code_cure_agent/cca_workspace/nfe/src/main/java/com/fincatto/documentofiscal/mdfe3/webservices/consulta/MDFeConsultaStub.java:[430,19] illegal start of type
[ERROR] /workspaces/master-thesis-pascal-joos/code_cure_agent/cca_workspace/nfe/src/main/java/com/fincatto/documentofiscal/mdfe3/webservices/consulta/MDFeConsultaStub.java:[434,15] illegal start of type
[ERROR] /workspaces/master-thesis-pascal-joos/code_cure_agent/cca_workspace/nfe/src/main/java/com/fincatto/documentofiscal/mdfe3/webservices/consulta/MDFeConsultaStub.java:[440,17] class, interface, or enum expected
[ERROR] /workspaces/master-thesis-pascal-joos/code_cure_agent/cca_workspace/nfe/src/main/java/com/fincatto/documentofiscal/mdfe3/webservices/consulta/MDFeConsultaStub.java:[440,40] class, interface, or enum expected
[ERROR] /workspaces/master-thesis-pascal-joos/code_cure_agent/cca_workspace/nfe/src/main/java/com/fincatto/documentofiscal/mdfe3/webservices/consulta/MDFeConsultaStub.java:[440,82] class, interface, or enum expected
[ERROR] /workspaces/master-thesis-pascal-joos/code_cure_agent/cca_workspace/nfe/src/main/java/com/fincatto/documentofiscal/mdfe3/webservices/consulta/MDFeConsultaStub.java:[444,23] class, interface, or enum expected
[ERROR] /workspaces/master-thesis-pascal-joos/code_cure_agent/cca_workspace/nfe/src/main/java/com/fincatto/documentofiscal/mdfe3/webservices/consulta/MDFeConsultaStub.java:[445,17] class, interface, or enum expected
[ERROR] /workspaces/master-thesis-pascal-joos/code_cure_agent/cca_workspace/nfe/src/main/java/com/fincatto/documentofiscal/mdfe3/webservices/consulta/MDFeConsultaStub.java:[446,17] class, interface, or enum expected
[ERROR] /workspaces/master-thesis-pascal-joos/code_cure_agent/cca_workspace/nfe/src/main/java/com/fincatto/documentofiscal/mdfe3/webservices/consulta/MDFeConsultaStub.java:[447,17] class, interface, or enum expected
[ERROR] /workspaces/master-thesis-pascal-joos/code_cure_agent/cca_workspace/nfe/src/main/java/com/fincatto/documentofiscal/mdfe3/webservices/consulta/MDFeConsultaStub.java:[447,33] class, interface, or enum expected
[ERROR] /workspaces/master-thesis-pascal-joos/code_cure_agent/cca_workspace/nfe/src/main/java/com/fincatto/documentofiscal/mdfe3/webservices/consulta/MDFeConsultaStub.java:[447,52] class, interface, or enum expected
[ERROR] /workspaces/master-thesis-pascal-joos/code_cure_agent/cca_workspace/nfe/src/main/java/com/fincatto/documentofiscal/mdfe3/webservices/consulta/MDFeConsultaStub.java:[450,21] class, interface, or enum expected
[ERROR] /workspaces/master-thesis-pascal-joos/code_cure_agent/cca_workspace/nfe/src/main/java/com/fincatto/documentofiscal/mdfe3/webservices/consulta/MDFeConsultaStub.java:[452,21] class, interface, or enum expected
[ERROR] /workspaces/master-thesis-pascal-joos/code_cure_agent/cca_workspace/nfe/src/main/java/com/fincatto/documentofiscal/mdfe3/webservices/consulta/MDFeConsultaStub.java:[454,25] class, interface, or enum expected
[ERROR] /workspaces/master-thesis-pascal-joos/code_cure_agent/cca_workspace/nfe/src/main/java/com/fincatto/documentofiscal/mdfe3/webservices/consulta/MDFeConsultaStub.java:[456,29] class, interface, or enum expected
[ERROR] /workspaces/master-thesis-pascal-joos/code_cure_agent/cca_workspace/nfe/src/main/java/com/fincatto/documentofiscal/mdfe3/webservices/consulta/MDFeConsultaStub.java:[457,29] class, interface, or enum expected
[ERROR] /workspaces/master-thesis-pascal-joos/code_cure_agent/cca_workspace/nfe/src/main/java/com/fincatto/documentofiscal/mdfe3/webservices/consulta/MDFeConsultaStub.java:[458,25] class, interface, or enum expected
[ERROR] /workspaces/master-thesis-pascal-joos/code_cure_agent/cca_workspace/nfe/src/main/java/com/fincatto/documentofiscal/mdfe3/webservices/consulta/MDFeConsultaStub.java:[461,25] class, interface, or enum expected
[ERROR] /workspaces/master-thesis-pascal-joos/code_cure_agent/cca_workspace/nfe/src/main/java/com/fincatto/documentofiscal/mdfe3/webservices/consulta/MDFeConsultaStub.java:[463,25] class, interface, or enum expected
[ERROR] /workspaces/master-thesis-pascal-joos/code_cure_agent/cca_workspace/nfe/src/main/java/com/fincatto/documentofiscal/mdfe3/webservices/consulta/MDFeConsultaStub.java:[466,21] class, interface, or enum expected
[ERROR] /workspaces/master-thesis-pascal-joos/code_cure_agent/cca_workspace/nfe/src/main/java/com/fincatto/documentofiscal/mdfe3/webservices/consulta/MDFeConsultaStub.java:[469,13] class, interface, or enum expected
[ERROR] /workspaces/master-thesis-pascal-joos/code_cure_agent/cca_workspace/nfe/src/main/java/com/fincatto/documentofiscal/mdfe3/webservices/consulta/MDFeConsultaStub.java:[475,55] class, interface, or enum expected
[ERROR] /workspaces/master-thesis-pascal-joos/code_cure_agent/cca_workspace/nfe/src/main/java/com/fincatto/documentofiscal/mdfe3/webservices/consulta/MDFeConsultaStub.java:[475,105] class, interface, or enum expected
[ERROR] /workspaces/master-thesis-pascal-joos/code_cure_agent/cca_workspace/nfe/src/main/java/com/fincatto/documentofiscal/mdfe3/webservices/consulta/MDFeConsultaStub.java:[477,13] class, interface, or enum expected
[ERROR] /workspaces/master-thesis-pascal-joos/code_cure_agent/cca_workspace/nfe/src/main/java/com/fincatto/documentofiscal/mdfe3/webservices/consulta/MDFeConsultaStub.java:[479,23] class, interface, or enum expected
[ERROR] /workspaces/master-thesis-pascal-joos/code_cure_agent/cca_workspace/nfe/src/main/java/com/fincatto/documentofiscal/mdfe3/webservices/consulta/MDFeConsultaStub.java:[480,17] class, interface, or enum expected
[ERROR] /workspaces/master-thesis-pascal-joos/code_cure_agent/cca_workspace/nfe/src/main/java/com/fincatto/documentofiscal/mdfe3/webservices/consulta/MDFeConsultaStub.java:[481,27] class, interface, or enum expected
[ERROR] /workspaces/master-thesis-pascal-joos/code_cure_agent/cca_workspace/nfe/src/main/java/com/fincatto/documentofiscal/mdfe3/webservices/consulta/MDFeConsultaStub.java:[482,21] class, interface, or enum expected
[ERROR] /workspaces/master-thesis-pascal-joos/code_cure_agent/cca_workspace/nfe/src/main/java/com/fincatto/documentofiscal/mdfe3/webservices/consulta/MDFeConsultaStub.java:[484,21] class, interface, or enum expected
[ERROR] /workspaces/master-thesis-pascal-joos/code_cure_agent/cca_workspace/nfe/src/main/java/com/fincatto/documentofiscal/mdfe3/webservices/consulta/MDFeConsultaStub.java:[486,17] class, interface, or enum expected
[ERROR] /workspaces/master-thesis-pascal-joos/code_cure_agent/cca_workspace/nfe/src/main/java/com/fincatto/documentofiscal/mdfe3/webservices/consulta/MDFeConsultaStub.java:[488,17] class, interface, or enum expected
[ERROR] /workspaces/master-thesis-pascal-joos/code_cure_agent/cca_workspace/nfe/src/main/java/com/fincatto/documentofiscal/mdfe3/webservices/consulta/MDFeConsultaStub.java:[489,13] class, interface, or enum expected
[ERROR] /workspaces/master-thesis-pascal-joos/code_cure_agent/cca_workspace/nfe/src/main/java/com/fincatto/documentofiscal/mdfe3/webservices/consulta/MDFeConsultaStub.java:[491,9] class, interface, or enum expected
[ERROR] /workspaces/master-thesis-pascal-joos/code_cure_agent/cca_workspace/nfe/src/main/java/com/fincatto/documentofiscal/mdfe3/webservices/consulta/MDFeConsultaStub.java:[497,16] class, interface, or enum expected
[ERROR] /workspaces/master-thesis-pascal-joos/code_cure_agent/cca_workspace/nfe/src/main/java/com/fincatto/documentofiscal/mdfe3/webservices/consulta/MDFeConsultaStub.java:[497,69] class, interface, or enum expected
[ERROR] /workspaces/master-thesis-pascal-joos/code_cure_agent/cca_workspace/nfe/src/main/java/com/fincatto/documentofiscal/mdfe3/webservices/consulta/MDFeConsultaStub.java:[500,9] class, interface, or enum expected
[ERROR] /workspaces/master-thesis-pascal-joos/code_cure_agent/cca_workspace/nfe/src/main/java/com/fincatto/documentofiscal/mdfe3/webservices/consulta/MDFeConsultaStub.java:[543,5] class, interface, or enum expected
[ERROR] /workspaces/master-thesis-pascal-joos/code_cure_agent/cca_workspace/nfe/src/main/java/com/fincatto/documentofiscal/mdfe3/webservices/consulta/MDFeConsultaStub.java:[1316,13] class, interface, or enum expected
[ERROR] /workspaces/master-thesis-pascal-joos/code_cure_agent/cca_workspace/nfe/src/main/java/com/fincatto/documentofiscal/mdfe3/webservices/consulta/MDFeConsultaStub.java:[1316,54] class, interface, or enum expected
[ERROR] /workspaces/master-thesis-pascal-joos/code_cure_agent/cca_workspace/nfe/src/main/java/com/fincatto/documentofiscal/mdfe3/webservices/consulta/MDFeConsultaStub.java:[1316,154] class, interface, or enum expected
[ERROR] /workspaces/master-thesis-pascal-joos/code_cure_agent/cca_workspace/nfe/src/main/java/com/fincatto/documentofiscal/mdfe3/webservices/consulta/MDFeConsultaStub.java:[1322,5] class, interface, or enum expected
[ERROR] /workspaces/master-thesis-pascal-joos/code_cure_agent/cca_workspace/nfe/src/main/java/com/fincatto/documentofiscal/mdfe3/webservices/consulta/MDFeConsultaStub.java:[1324,65] class, interface, or enum expected
[ERROR] /workspaces/master-thesis-pascal-joos/code_cure_agent/cca_workspace/nfe/src/main/java/com/fincatto/documentofiscal/mdfe3/webservices/consulta/MDFeConsultaStub.java:[1324,114] class, interface, or enum expected
[ERROR] /workspaces/master-thesis-pascal-joos/code_cure_agent/cca_workspace/nfe/src/main/java/com/fincatto/documentofiscal/mdfe3/webservices/consulta/MDFeConsultaStub.java:[1324,213] class, interface, or enum expected
[ERROR] /workspaces/master-thesis-pascal-joos/code_cure_agent/cca_workspace/nfe/src/main/java/com/fincatto/documentofiscal/mdfe3/webservices/consulta/MDFeConsultaStub.java:[1324,244] class, interface, or enum expected
[ERROR] /workspaces/master-thesis-pascal-joos/code_cure_agent/cca_workspace/nfe/src/main/java/com/fincatto/documentofiscal/mdfe3/webservices/consulta/MDFeConsultaStub.java:[1326,15] class, interface, or enum expected
[ERROR] /workspaces/master-thesis-pascal-joos/code_cure_agent/cca_workspace/nfe/src/main/java/com/fincatto/documentofiscal/mdfe3/webservices/consulta/MDFeConsultaStub.java:[1327,9] class, interface, or enum expected
[ERROR] /workspaces/master-thesis-pascal-joos/code_cure_agent/cca_workspace/nfe/src/main/java/com/fincatto/documentofiscal/mdfe3/webservices/consulta/MDFeConsultaStub.java:[1328,9] class, interface, or enum expected
[ERROR] /workspaces/master-thesis-pascal-joos/code_cure_agent/cca_workspace/nfe/src/main/java/com/fincatto/documentofiscal/mdfe3/webservices/consulta/MDFeConsultaStub.java:[1332,5] class, interface, or enum expected
[ERROR] /workspaces/master-thesis-pascal-joos/code_cure_agent/cca_workspace/nfe/src/main/java/com/fincatto/documentofiscal/mdfe3/webservices/consulta/MDFeConsultaStub.java:[1343,13] class, interface, or enum expected
[ERROR] /workspaces/master-thesis-pascal-joos/code_cure_agent/cca_workspace/nfe/src/main/java/com/fincatto/documentofiscal/mdfe3/webservices/consulta/MDFeConsultaStub.java:[1343,43] class, interface, or enum expected
[ERROR] /workspaces/master-thesis-pascal-joos/code_cure_agent/cca_workspace/nfe/src/main/java/com/fincatto/documentofiscal/mdfe3/webservices/consulta/MDFeConsultaStub.java:[1343,86] class, interface, or enum expected
[ERROR] /workspaces/master-thesis-pascal-joos/code_cure_agent/cca_workspace/nfe/src/main/java/com/fincatto/documentofiscal/mdfe3/webservices/consulta/MDFeConsultaStub.java:[1343,114] class, interface, or enum expected
[ERROR] /workspaces/master-thesis-pascal-joos/code_cure_agent/cca_workspace/nfe/src/main/java/com/fincatto/documentofiscal/mdfe3/webservices/consulta/MDFeConsultaStub.java:[1345,108] <identifier> expected
[ERROR] /workspaces/master-thesis-pascal-joos/code_cure_agent/cca_workspace/nfe/src/main/java/com/fincatto/documentofiscal/mdfe3/webservices/consulta/MDFeConsultaStub.java:[1346,17] illegal start of type
[ERROR] /workspaces/master-thesis-pascal-joos/code_cure_agent/cca_workspace/nfe/src/main/java/com/fincatto/documentofiscal/mdfe3/webservices/consulta/MDFeConsultaStub.java:[1346,123] <identifier> expected
[ERROR] /workspaces/master-thesis-pascal-joos/code_cure_agent/cca_workspace/nfe/src/main/java/com/fincatto/documentofiscal/mdfe3/webservices/consulta/MDFeConsultaStub.java:[1346,162] <identifier> expected
[ERROR] /workspaces/master-thesis-pascal-joos/code_cure_agent/cca_workspace/nfe/src/main/java/com/fincatto/documentofiscal/mdfe3/webservices/consulta/MDFeConsultaStub.java:[1348,13] class, interface, or enum expected
[ERROR] /workspaces/master-thesis-pascal-joos/code_cure_agent/cca_workspace/nfe/src/main/java/com/fincatto/documentofiscal/mdfe3/webservices/consulta/MDFeConsultaStub.java:[1348,117] <identifier> expected
[ERROR] /workspaces/master-thesis-pascal-joos/code_cure_agent/cca_workspace/nfe/src/main/java/com/fincatto/documentofiscal/mdfe3/webservices/consulta/MDFeConsultaStub.java:[1349,17] illegal start of type
[ERROR] /workspaces/master-thesis-pascal-joos/code_cure_agent/cca_workspace/nfe/src/main/java/com/fincatto/documentofiscal/mdfe3/webservices/consulta/MDFeConsultaStub.java:[1349,132] <identifier> expected
[ERROR] /workspaces/master-thesis-pascal-joos/code_cure_agent/cca_workspace/nfe/src/main/java/com/fincatto/documentofiscal/mdfe3/webservices/consulta/MDFeConsultaStub.java:[1349,171] <identifier> expected
[ERROR] /workspaces/master-thesis-pascal-joos/code_cure_agent/cca_workspace/nfe/src/main/java/com/fincatto/documentofiscal/mdfe3/webservices/consulta/MDFeConsultaStub.java:[1351,13] class, interface, or enum expected
[ERROR] /workspaces/master-thesis-pascal-joos/code_cure_agent/cca_workspace/nfe/src/main/java/com/fincatto/documentofiscal/mdfe3/webservices/consulta/MDFeConsultaStub.java:[1351,109] <identifier> expected
[ERROR] /workspaces/master-thesis-pascal-joos/code_cure_agent/cca_workspace/nfe/src/main/java/com/fincatto/documentofiscal/mdfe3/webservices/consulta/MDFeConsultaStub.java:[1352,17] illegal start of type
[ERROR] /workspaces/master-thesis-pascal-joos/code_cure_agent/cca_workspace/nfe/src/main/java/com/fincatto/documentofiscal/mdfe3/webservices/consulta/MDFeConsultaStub.java:[1352,124] <identifier> expected
[ERROR] /workspaces/master-thesis-pascal-joos/code_cure_agent/cca_workspace/nfe/src/main/java/com/fincatto/documentofiscal/mdfe3/webservices/consulta/MDFeConsultaStub.java:[1352,163] <identifier> expected
[ERROR] /workspaces/master-thesis-pascal-joos/code_cure_agent/cca_workspace/nfe/src/main/java/com/fincatto/documentofiscal/mdfe3/webservices/consulta/MDFeConsultaStub.java:[1354,9] class, interface, or enum expected
[ERROR] /workspaces/master-thesis-pascal-joos/code_cure_agent/cca_workspace/nfe/src/main/java/com/fincatto/documentofiscal/mdfe3/webservices/consulta/MDFeConsultaStub.java:[1354,24] class, interface, or enum expected
[ERROR] /workspaces/master-thesis-pascal-joos/code_cure_agent/cca_workspace/nfe/src/main/java/com/fincatto/documentofiscal/mdfe3/webservices/consulta/MDFeConsultaStub.java:[1356,9] class, interface, or enum expected
[ERROR] /workspaces/master-thesis-pascal-joos/code_cure_agent/cca_workspace/nfe/src/main/java/com/fincatto/documentofiscal/mdfe3/webservices/consulta/MDFeConsultaStub.java:[1358,5] class, interface, or enum expected
[ERROR] -> [Help 1]
[ERROR] 
[ERROR] To see the full stack trace of the errors, re-run Maven with the -e switch.
[ERROR] Re-run Maven using the -X switch to enable full debug logging.
[ERROR] 
[ERROR] For more information about the errors and possible solutions, please read the following articles:
[ERROR] [Help 1] http://cwiki.apache.org/confluence/display/MAVEN/MojoFailureException
