[INFO] Scanning for projects...
[INFO] 
[INFO] ----------------------< com.github.wmixvideo:nfe >----------------------
[INFO] Building nfe 3.0.27-SNAPSHOT
[INFO] --------------------------------[ jar ]---------------------------------
[INFO] 
[INFO] --- maven-clean-plugin:2.5:clean (default-clean) @ nfe ---
[INFO] Deleting /workspaces/master-thesis-pascal-joos/code_cure_agent/cca_workspace/nfe/target
[INFO] 
[INFO] --- jacoco-maven-plugin:0.8.6:prepare-agent (prepare-agent) @ nfe ---
[INFO] argLine set to -javaagent:/home/vscode/.m2/repository/org/jacoco/org.jacoco.agent/0.8.6/org.jacoco.agent-0.8.6-runtime.jar=destfile=/workspaces/master-thesis-pascal-joos/code_cure_agent/cca_workspace/nfe/target/jacoco.exec,excludes=**/webservices/**/*
[INFO] 
[INFO] --- maven-resources-plugin:2.6:resources (default-resources) @ nfe ---
[INFO] Using 'UTF-8' encoding to copy filtered resources.
[INFO] Copying 444 resources
[INFO] Copying 0 resource
[INFO] 
[INFO] --- maven-compiler-plugin:3.8.1:compile (default-compile) @ nfe ---
[INFO] Changes detected - recompiling the module!
[INFO] Compiling 1032 source files to /workspaces/master-thesis-pascal-joos/code_cure_agent/cca_workspace/nfe/target/classes
[INFO] -------------------------------------------------------------
[ERROR] COMPILATION ERROR : 
[INFO] -------------------------------------------------------------
[ERROR] /workspaces/master-thesis-pascal-joos/code_cure_agent/cca_workspace/nfe/src/main/java/com/fincatto/documentofiscal/mdfe3/webservices/consulta/MDFeConsultaStub.java:[358,13] illegal start of expression
[ERROR] /workspaces/master-thesis-pascal-joos/code_cure_agent/cca_workspace/nfe/src/main/java/com/fincatto/documentofiscal/mdfe3/webservices/consulta/MDFeConsultaStub.java:[414,17] illegal start of type
[ERROR] /workspaces/master-thesis-pascal-joos/code_cure_agent/cca_workspace/nfe/src/main/java/com/fincatto/documentofiscal/mdfe3/webservices/consulta/MDFeConsultaStub.java:[414,27] <identifier> expected
[ERROR] /workspaces/master-thesis-pascal-joos/code_cure_agent/cca_workspace/nfe/src/main/java/com/fincatto/documentofiscal/mdfe3/webservices/consulta/MDFeConsultaStub.java:[419,17] illegal start of type
[ERROR] /workspaces/master-thesis-pascal-joos/code_cure_agent/cca_workspace/nfe/src/main/java/com/fincatto/documentofiscal/mdfe3/webservices/consulta/MDFeConsultaStub.java:[419,32] <identifier> expected
[ERROR] /workspaces/master-thesis-pascal-joos/code_cure_agent/cca_workspace/nfe/src/main/java/com/fincatto/documentofiscal/mdfe3/webservices/consulta/MDFeConsultaStub.java:[419,34] ';' expected
[ERROR] /workspaces/master-thesis-pascal-joos/code_cure_agent/cca_workspace/nfe/src/main/java/com/fincatto/documentofiscal/mdfe3/webservices/consulta/MDFeConsultaStub.java:[421,19] illegal start of type
[ERROR] /workspaces/master-thesis-pascal-joos/code_cure_agent/cca_workspace/nfe/src/main/java/com/fincatto/documentofiscal/mdfe3/webservices/consulta/MDFeConsultaStub.java:[425,15] illegal start of type
[ERROR] /workspaces/master-thesis-pascal-joos/code_cure_agent/cca_workspace/nfe/src/main/java/com/fincatto/documentofiscal/mdfe3/webservices/consulta/MDFeConsultaStub.java:[431,17] class, interface, or enum expected
[ERROR] /workspaces/master-thesis-pascal-joos/code_cure_agent/cca_workspace/nfe/src/main/java/com/fincatto/documentofiscal/mdfe3/webservices/consulta/MDFeConsultaStub.java:[431,40] class, interface, or enum expected
[ERROR] /workspaces/master-thesis-pascal-joos/code_cure_agent/cca_workspace/nfe/src/main/java/com/fincatto/documentofiscal/mdfe3/webservices/consulta/MDFeConsultaStub.java:[431,82] class, interface, or enum expected
[ERROR] /workspaces/master-thesis-pascal-joos/code_cure_agent/cca_workspace/nfe/src/main/java/com/fincatto/documentofiscal/mdfe3/webservices/consulta/MDFeConsultaStub.java:[435,23] class, interface, or enum expected
[ERROR] /workspaces/master-thesis-pascal-joos/code_cure_agent/cca_workspace/nfe/src/main/java/com/fincatto/documentofiscal/mdfe3/webservices/consulta/MDFeConsultaStub.java:[436,17] class, interface, or enum expected
[ERROR] /workspaces/master-thesis-pascal-joos/code_cure_agent/cca_workspace/nfe/src/main/java/com/fincatto/documentofiscal/mdfe3/webservices/consulta/MDFeConsultaStub.java:[437,17] class, interface, or enum expected
[ERROR] /workspaces/master-thesis-pascal-joos/code_cure_agent/cca_workspace/nfe/src/main/java/com/fincatto/documentofiscal/mdfe3/webservices/consulta/MDFeConsultaStub.java:[438,17] class, interface, or enum expected
[ERROR] /workspaces/master-thesis-pascal-joos/code_cure_agent/cca_workspace/nfe/src/main/java/com/fincatto/documentofiscal/mdfe3/webservices/consulta/MDFeConsultaStub.java:[438,33] class, interface, or enum expected
[ERROR] /workspaces/master-thesis-pascal-joos/code_cure_agent/cca_workspace/nfe/src/main/java/com/fincatto/documentofiscal/mdfe3/webservices/consulta/MDFeConsultaStub.java:[438,52] class, interface, or enum expected
[ERROR] /workspaces/master-thesis-pascal-joos/code_cure_agent/cca_workspace/nfe/src/main/java/com/fincatto/documentofiscal/mdfe3/webservices/consulta/MDFeConsultaStub.java:[441,21] class, interface, or enum expected
[ERROR] /workspaces/master-thesis-pascal-joos/code_cure_agent/cca_workspace/nfe/src/main/java/com/fincatto/documentofiscal/mdfe3/webservices/consulta/MDFeConsultaStub.java:[443,21] class, interface, or enum expected
[ERROR] /workspaces/master-thesis-pascal-joos/code_cure_agent/cca_workspace/nfe/src/main/java/com/fincatto/documentofiscal/mdfe3/webservices/consulta/MDFeConsultaStub.java:[445,25] class, interface, or enum expected
[ERROR] /workspaces/master-thesis-pascal-joos/code_cure_agent/cca_workspace/nfe/src/main/java/com/fincatto/documentofiscal/mdfe3/webservices/consulta/MDFeConsultaStub.java:[447,29] class, interface, or enum expected
[ERROR] /workspaces/master-thesis-pascal-joos/code_cure_agent/cca_workspace/nfe/src/main/java/com/fincatto/documentofiscal/mdfe3/webservices/consulta/MDFeConsultaStub.java:[448,29] class, interface, or enum expected
[ERROR] /workspaces/master-thesis-pascal-joos/code_cure_agent/cca_workspace/nfe/src/main/java/com/fincatto/documentofiscal/mdfe3/webservices/consulta/MDFeConsultaStub.java:[449,25] class, interface, or enum expected
[ERROR] /workspaces/master-thesis-pascal-joos/code_cure_agent/cca_workspace/nfe/src/main/java/com/fincatto/documentofiscal/mdfe3/webservices/consulta/MDFeConsultaStub.java:[452,25] class, interface, or enum expected
[ERROR] /workspaces/master-thesis-pascal-joos/code_cure_agent/cca_workspace/nfe/src/main/java/com/fincatto/documentofiscal/mdfe3/webservices/consulta/MDFeConsultaStub.java:[454,25] class, interface, or enum expected
[ERROR] /workspaces/master-thesis-pascal-joos/code_cure_agent/cca_workspace/nfe/src/main/java/com/fincatto/documentofiscal/mdfe3/webservices/consulta/MDFeConsultaStub.java:[457,21] class, interface, or enum expected
[ERROR] /workspaces/master-thesis-pascal-joos/code_cure_agent/cca_workspace/nfe/src/main/java/com/fincatto/documentofiscal/mdfe3/webservices/consulta/MDFeConsultaStub.java:[460,13] class, interface, or enum expected
[ERROR] /workspaces/master-thesis-pascal-joos/code_cure_agent/cca_workspace/nfe/src/main/java/com/fincatto/documentofiscal/mdfe3/webservices/consulta/MDFeConsultaStub.java:[466,55] class, interface, or enum expected
[ERROR] /workspaces/master-thesis-pascal-joos/code_cure_agent/cca_workspace/nfe/src/main/java/com/fincatto/documentofiscal/mdfe3/webservices/consulta/MDFeConsultaStub.java:[466,105] class, interface, or enum expected
[ERROR] /workspaces/master-thesis-pascal-joos/code_cure_agent/cca_workspace/nfe/src/main/java/com/fincatto/documentofiscal/mdfe3/webservices/consulta/MDFeConsultaStub.java:[468,13] class, interface, or enum expected
[ERROR] /workspaces/master-thesis-pascal-joos/code_cure_agent/cca_workspace/nfe/src/main/java/com/fincatto/documentofiscal/mdfe3/webservices/consulta/MDFeConsultaStub.java:[470,23] class, interface, or enum expected
[ERROR] /workspaces/master-thesis-pascal-joos/code_cure_agent/cca_workspace/nfe/src/main/java/com/fincatto/documentofiscal/mdfe3/webservices/consulta/MDFeConsultaStub.java:[471,17] class, interface, or enum expected
[ERROR] /workspaces/master-thesis-pascal-joos/code_cure_agent/cca_workspace/nfe/src/main/java/com/fincatto/documentofiscal/mdfe3/webservices/consulta/MDFeConsultaStub.java:[472,27] class, interface, or enum expected
[ERROR] /workspaces/master-thesis-pascal-joos/code_cure_agent/cca_workspace/nfe/src/main/java/com/fincatto/documentofiscal/mdfe3/webservices/consulta/MDFeConsultaStub.java:[473,21] class, interface, or enum expected
[ERROR] /workspaces/master-thesis-pascal-joos/code_cure_agent/cca_workspace/nfe/src/main/java/com/fincatto/documentofiscal/mdfe3/webservices/consulta/MDFeConsultaStub.java:[475,21] class, interface, or enum expected
[ERROR] /workspaces/master-thesis-pascal-joos/code_cure_agent/cca_workspace/nfe/src/main/java/com/fincatto/documentofiscal/mdfe3/webservices/consulta/MDFeConsultaStub.java:[477,17] class, interface, or enum expected
[ERROR] /workspaces/master-thesis-pascal-joos/code_cure_agent/cca_workspace/nfe/src/main/java/com/fincatto/documentofiscal/mdfe3/webservices/consulta/MDFeConsultaStub.java:[479,17] class, interface, or enum expected
[ERROR] /workspaces/master-thesis-pascal-joos/code_cure_agent/cca_workspace/nfe/src/main/java/com/fincatto/documentofiscal/mdfe3/webservices/consulta/MDFeConsultaStub.java:[480,13] class, interface, or enum expected
[ERROR] /workspaces/master-thesis-pascal-joos/code_cure_agent/cca_workspace/nfe/src/main/java/com/fincatto/documentofiscal/mdfe3/webservices/consulta/MDFeConsultaStub.java:[482,9] class, interface, or enum expected
[ERROR] /workspaces/master-thesis-pascal-joos/code_cure_agent/cca_workspace/nfe/src/main/java/com/fincatto/documentofiscal/mdfe3/webservices/consulta/MDFeConsultaStub.java:[488,16] class, interface, or enum expected
[ERROR] /workspaces/master-thesis-pascal-joos/code_cure_agent/cca_workspace/nfe/src/main/java/com/fincatto/documentofiscal/mdfe3/webservices/consulta/MDFeConsultaStub.java:[488,69] class, interface, or enum expected
[ERROR] /workspaces/master-thesis-pascal-joos/code_cure_agent/cca_workspace/nfe/src/main/java/com/fincatto/documentofiscal/mdfe3/webservices/consulta/MDFeConsultaStub.java:[491,9] class, interface, or enum expected
[ERROR] /workspaces/master-thesis-pascal-joos/code_cure_agent/cca_workspace/nfe/src/main/java/com/fincatto/documentofiscal/mdfe3/webservices/consulta/MDFeConsultaStub.java:[534,5] class, interface, or enum expected
[ERROR] /workspaces/master-thesis-pascal-joos/code_cure_agent/cca_workspace/nfe/src/main/java/com/fincatto/documentofiscal/mdfe3/webservices/consulta/MDFeConsultaStub.java:[1307,13] class, interface, or enum expected
[ERROR] /workspaces/master-thesis-pascal-joos/code_cure_agent/cca_workspace/nfe/src/main/java/com/fincatto/documentofiscal/mdfe3/webservices/consulta/MDFeConsultaStub.java:[1307,54] class, interface, or enum expected
[ERROR] /workspaces/master-thesis-pascal-joos/code_cure_agent/cca_workspace/nfe/src/main/java/com/fincatto/documentofiscal/mdfe3/webservices/consulta/MDFeConsultaStub.java:[1307,154] class, interface, or enum expected
[ERROR] /workspaces/master-thesis-pascal-joos/code_cure_agent/cca_workspace/nfe/src/main/java/com/fincatto/documentofiscal/mdfe3/webservices/consulta/MDFeConsultaStub.java:[1313,5] class, interface, or enum expected
[ERROR] /workspaces/master-thesis-pascal-joos/code_cure_agent/cca_workspace/nfe/src/main/java/com/fincatto/documentofiscal/mdfe3/webservices/consulta/MDFeConsultaStub.java:[1315,65] class, interface, or enum expected
[ERROR] /workspaces/master-thesis-pascal-joos/code_cure_agent/cca_workspace/nfe/src/main/java/com/fincatto/documentofiscal/mdfe3/webservices/consulta/MDFeConsultaStub.java:[1315,114] class, interface, or enum expected
[ERROR] /workspaces/master-thesis-pascal-joos/code_cure_agent/cca_workspace/nfe/src/main/java/com/fincatto/documentofiscal/mdfe3/webservices/consulta/MDFeConsultaStub.java:[1315,213] class, interface, or enum expected
[ERROR] /workspaces/master-thesis-pascal-joos/code_cure_agent/cca_workspace/nfe/src/main/java/com/fincatto/documentofiscal/mdfe3/webservices/consulta/MDFeConsultaStub.java:[1315,244] class, interface, or enum expected
[ERROR] /workspaces/master-thesis-pascal-joos/code_cure_agent/cca_workspace/nfe/src/main/java/com/fincatto/documentofiscal/mdfe3/webservices/consulta/MDFeConsultaStub.java:[1317,15] class, interface, or enum expected
[ERROR] /workspaces/master-thesis-pascal-joos/code_cure_agent/cca_workspace/nfe/src/main/java/com/fincatto/documentofiscal/mdfe3/webservices/consulta/MDFeConsultaStub.java:[1318,9] class, interface, or enum expected
[ERROR] /workspaces/master-thesis-pascal-joos/code_cure_agent/cca_workspace/nfe/src/main/java/com/fincatto/documentofiscal/mdfe3/webservices/consulta/MDFeConsultaStub.java:[1319,9] class, interface, or enum expected
[ERROR] /workspaces/master-thesis-pascal-joos/code_cure_agent/cca_workspace/nfe/src/main/java/com/fincatto/documentofiscal/mdfe3/webservices/consulta/MDFeConsultaStub.java:[1323,5] class, interface, or enum expected
[ERROR] /workspaces/master-thesis-pascal-joos/code_cure_agent/cca_workspace/nfe/src/main/java/com/fincatto/documentofiscal/mdfe3/webservices/consulta/MDFeConsultaStub.java:[1334,13] class, interface, or enum expected
[ERROR] /workspaces/master-thesis-pascal-joos/code_cure_agent/cca_workspace/nfe/src/main/java/com/fincatto/documentofiscal/mdfe3/webservices/consulta/MDFeConsultaStub.java:[1334,43] class, interface, or enum expected
[ERROR] /workspaces/master-thesis-pascal-joos/code_cure_agent/cca_workspace/nfe/src/main/java/com/fincatto/documentofiscal/mdfe3/webservices/consulta/MDFeConsultaStub.java:[1334,86] class, interface, or enum expected
[ERROR] /workspaces/master-thesis-pascal-joos/code_cure_agent/cca_workspace/nfe/src/main/java/com/fincatto/documentofiscal/mdfe3/webservices/consulta/MDFeConsultaStub.java:[1334,114] class, interface, or enum expected
[ERROR] /workspaces/master-thesis-pascal-joos/code_cure_agent/cca_workspace/nfe/src/main/java/com/fincatto/documentofiscal/mdfe3/webservices/consulta/MDFeConsultaStub.java:[1336,108] <identifier> expected
[ERROR] /workspaces/master-thesis-pascal-joos/code_cure_agent/cca_workspace/nfe/src/main/java/com/fincatto/documentofiscal/mdfe3/webservices/consulta/MDFeConsultaStub.java:[1337,17] illegal start of type
[ERROR] /workspaces/master-thesis-pascal-joos/code_cure_agent/cca_workspace/nfe/src/main/java/com/fincatto/documentofiscal/mdfe3/webservices/consulta/MDFeConsultaStub.java:[1337,123] <identifier> expected
[ERROR] /workspaces/master-thesis-pascal-joos/code_cure_agent/cca_workspace/nfe/src/main/java/com/fincatto/documentofiscal/mdfe3/webservices/consulta/MDFeConsultaStub.java:[1337,162] <identifier> expected
[ERROR] /workspaces/master-thesis-pascal-joos/code_cure_agent/cca_workspace/nfe/src/main/java/com/fincatto/documentofiscal/mdfe3/webservices/consulta/MDFeConsultaStub.java:[1339,13] class, interface, or enum expected
[ERROR] /workspaces/master-thesis-pascal-joos/code_cure_agent/cca_workspace/nfe/src/main/java/com/fincatto/documentofiscal/mdfe3/webservices/consulta/MDFeConsultaStub.java:[1339,117] <identifier> expected
[ERROR] /workspaces/master-thesis-pascal-joos/code_cure_agent/cca_workspace/nfe/src/main/java/com/fincatto/documentofiscal/mdfe3/webservices/consulta/MDFeConsultaStub.java:[1340,17] illegal start of type
[ERROR] /workspaces/master-thesis-pascal-joos/code_cure_agent/cca_workspace/nfe/src/main/java/com/fincatto/documentofiscal/mdfe3/webservices/consulta/MDFeConsultaStub.java:[1340,132] <identifier> expected
[ERROR] /workspaces/master-thesis-pascal-joos/code_cure_agent/cca_workspace/nfe/src/main/java/com/fincatto/documentofiscal/mdfe3/webservices/consulta/MDFeConsultaStub.java:[1340,171] <identifier> expected
[ERROR] /workspaces/master-thesis-pascal-joos/code_cure_agent/cca_workspace/nfe/src/main/java/com/fincatto/documentofiscal/mdfe3/webservices/consulta/MDFeConsultaStub.java:[1342,13] class, interface, or enum expected
[ERROR] /workspaces/master-thesis-pascal-joos/code_cure_agent/cca_workspace/nfe/src/main/java/com/fincatto/documentofiscal/mdfe3/webservices/consulta/MDFeConsultaStub.java:[1342,109] <identifier> expected
[ERROR] /workspaces/master-thesis-pascal-joos/code_cure_agent/cca_workspace/nfe/src/main/java/com/fincatto/documentofiscal/mdfe3/webservices/consulta/MDFeConsultaStub.java:[1343,17] illegal start of type
[ERROR] /workspaces/master-thesis-pascal-joos/code_cure_agent/cca_workspace/nfe/src/main/java/com/fincatto/documentofiscal/mdfe3/webservices/consulta/MDFeConsultaStub.java:[1343,124] <identifier> expected
[ERROR] /workspaces/master-thesis-pascal-joos/code_cure_agent/cca_workspace/nfe/src/main/java/com/fincatto/documentofiscal/mdfe3/webservices/consulta/MDFeConsultaStub.java:[1343,163] <identifier> expected
[ERROR] /workspaces/master-thesis-pascal-joos/code_cure_agent/cca_workspace/nfe/src/main/java/com/fincatto/documentofiscal/mdfe3/webservices/consulta/MDFeConsultaStub.java:[1345,9] class, interface, or enum expected
[ERROR] /workspaces/master-thesis-pascal-joos/code_cure_agent/cca_workspace/nfe/src/main/java/com/fincatto/documentofiscal/mdfe3/webservices/consulta/MDFeConsultaStub.java:[1345,24] class, interface, or enum expected
[ERROR] /workspaces/master-thesis-pascal-joos/code_cure_agent/cca_workspace/nfe/src/main/java/com/fincatto/documentofiscal/mdfe3/webservices/consulta/MDFeConsultaStub.java:[1347,9] class, interface, or enum expected
[ERROR] /workspaces/master-thesis-pascal-joos/code_cure_agent/cca_workspace/nfe/src/main/java/com/fincatto/documentofiscal/mdfe3/webservices/consulta/MDFeConsultaStub.java:[1349,5] class, interface, or enum expected
[INFO] 77 errors 
[INFO] -------------------------------------------------------------
[INFO] ------------------------------------------------------------------------
[INFO] BUILD FAILURE
[INFO] ------------------------------------------------------------------------
[INFO] Total time:  2.195 s
[INFO] Finished at: 2025-08-30T08:15:08Z
[INFO] ------------------------------------------------------------------------
[ERROR] Failed to execute goal org.apache.maven.plugins:maven-compiler-plugin:3.8.1:compile (default-compile) on project nfe: Compilation failure: Compilation failure: 
[ERROR] /workspaces/master-thesis-pascal-joos/code_cure_agent/cca_workspace/nfe/src/main/java/com/fincatto/documentofiscal/mdfe3/webservices/consulta/MDFeConsultaStub.java:[358,13] illegal start of expression
[ERROR] /workspaces/master-thesis-pascal-joos/code_cure_agent/cca_workspace/nfe/src/main/java/com/fincatto/documentofiscal/mdfe3/webservices/consulta/MDFeConsultaStub.java:[414,17] illegal start of type
[ERROR] /workspaces/master-thesis-pascal-joos/code_cure_agent/cca_workspace/nfe/src/main/java/com/fincatto/documentofiscal/mdfe3/webservices/consulta/MDFeConsultaStub.java:[414,27] <identifier> expected
[ERROR] /workspaces/master-thesis-pascal-joos/code_cure_agent/cca_workspace/nfe/src/main/java/com/fincatto/documentofiscal/mdfe3/webservices/consulta/MDFeConsultaStub.java:[419,17] illegal start of type
[ERROR] /workspaces/master-thesis-pascal-joos/code_cure_agent/cca_workspace/nfe/src/main/java/com/fincatto/documentofiscal/mdfe3/webservices/consulta/MDFeConsultaStub.java:[419,32] <identifier> expected
[ERROR] /workspaces/master-thesis-pascal-joos/code_cure_agent/cca_workspace/nfe/src/main/java/com/fincatto/documentofiscal/mdfe3/webservices/consulta/MDFeConsultaStub.java:[419,34] ';' expected
[ERROR] /workspaces/master-thesis-pascal-joos/code_cure_agent/cca_workspace/nfe/src/main/java/com/fincatto/documentofiscal/mdfe3/webservices/consulta/MDFeConsultaStub.java:[421,19] illegal start of type
[ERROR] /workspaces/master-thesis-pascal-joos/code_cure_agent/cca_workspace/nfe/src/main/java/com/fincatto/documentofiscal/mdfe3/webservices/consulta/MDFeConsultaStub.java:[425,15] illegal start of type
[ERROR] /workspaces/master-thesis-pascal-joos/code_cure_agent/cca_workspace/nfe/src/main/java/com/fincatto/documentofiscal/mdfe3/webservices/consulta/MDFeConsultaStub.java:[431,17] class, interface, or enum expected
[ERROR] /workspaces/master-thesis-pascal-joos/code_cure_agent/cca_workspace/nfe/src/main/java/com/fincatto/documentofiscal/mdfe3/webservices/consulta/MDFeConsultaStub.java:[431,40] class, interface, or enum expected
[ERROR] /workspaces/master-thesis-pascal-joos/code_cure_agent/cca_workspace/nfe/src/main/java/com/fincatto/documentofiscal/mdfe3/webservices/consulta/MDFeConsultaStub.java:[431,82] class, interface, or enum expected
[ERROR] /workspaces/master-thesis-pascal-joos/code_cure_agent/cca_workspace/nfe/src/main/java/com/fincatto/documentofiscal/mdfe3/webservices/consulta/MDFeConsultaStub.java:[435,23] class, interface, or enum expected
[ERROR] /workspaces/master-thesis-pascal-joos/code_cure_agent/cca_workspace/nfe/src/main/java/com/fincatto/documentofiscal/mdfe3/webservices/consulta/MDFeConsultaStub.java:[436,17] class, interface, or enum expected
[ERROR] /workspaces/master-thesis-pascal-joos/code_cure_agent/cca_workspace/nfe/src/main/java/com/fincatto/documentofiscal/mdfe3/webservices/consulta/MDFeConsultaStub.java:[437,17] class, interface, or enum expected
[ERROR] /workspaces/master-thesis-pascal-joos/code_cure_agent/cca_workspace/nfe/src/main/java/com/fincatto/documentofiscal/mdfe3/webservices/consulta/MDFeConsultaStub.java:[438,17] class, interface, or enum expected
[ERROR] /workspaces/master-thesis-pascal-joos/code_cure_agent/cca_workspace/nfe/src/main/java/com/fincatto/documentofiscal/mdfe3/webservices/consulta/MDFeConsultaStub.java:[438,33] class, interface, or enum expected
[ERROR] /workspaces/master-thesis-pascal-joos/code_cure_agent/cca_workspace/nfe/src/main/java/com/fincatto/documentofiscal/mdfe3/webservices/consulta/MDFeConsultaStub.java:[438,52] class, interface, or enum expected
[ERROR] /workspaces/master-thesis-pascal-joos/code_cure_agent/cca_workspace/nfe/src/main/java/com/fincatto/documentofiscal/mdfe3/webservices/consulta/MDFeConsultaStub.java:[441,21] class, interface, or enum expected
[ERROR] /workspaces/master-thesis-pascal-joos/code_cure_agent/cca_workspace/nfe/src/main/java/com/fincatto/documentofiscal/mdfe3/webservices/consulta/MDFeConsultaStub.java:[443,21] class, interface, or enum expected
[ERROR] /workspaces/master-thesis-pascal-joos/code_cure_agent/cca_workspace/nfe/src/main/java/com/fincatto/documentofiscal/mdfe3/webservices/consulta/MDFeConsultaStub.java:[445,25] class, interface, or enum expected
[ERROR] /workspaces/master-thesis-pascal-joos/code_cure_agent/cca_workspace/nfe/src/main/java/com/fincatto/documentofiscal/mdfe3/webservices/consulta/MDFeConsultaStub.java:[447,29] class, interface, or enum expected
[ERROR] /workspaces/master-thesis-pascal-joos/code_cure_agent/cca_workspace/nfe/src/main/java/com/fincatto/documentofiscal/mdfe3/webservices/consulta/MDFeConsultaStub.java:[448,29] class, interface, or enum expected
[ERROR] /workspaces/master-thesis-pascal-joos/code_cure_agent/cca_workspace/nfe/src/main/java/com/fincatto/documentofiscal/mdfe3/webservices/consulta/MDFeConsultaStub.java:[449,25] class, interface, or enum expected
[ERROR] /workspaces/master-thesis-pascal-joos/code_cure_agent/cca_workspace/nfe/src/main/java/com/fincatto/documentofiscal/mdfe3/webservices/consulta/MDFeConsultaStub.java:[452,25] class, interface, or enum expected
[ERROR] /workspaces/master-thesis-pascal-joos/code_cure_agent/cca_workspace/nfe/src/main/java/com/fincatto/documentofiscal/mdfe3/webservices/consulta/MDFeConsultaStub.java:[454,25] class, interface, or enum expected
[ERROR] /workspaces/master-thesis-pascal-joos/code_cure_agent/cca_workspace/nfe/src/main/java/com/fincatto/documentofiscal/mdfe3/webservices/consulta/MDFeConsultaStub.java:[457,21] class, interface, or enum expected
[ERROR] /workspaces/master-thesis-pascal-joos/code_cure_agent/cca_workspace/nfe/src/main/java/com/fincatto/documentofiscal/mdfe3/webservices/consulta/MDFeConsultaStub.java:[460,13] class, interface, or enum expected
[ERROR] /workspaces/master-thesis-pascal-joos/code_cure_agent/cca_workspace/nfe/src/main/java/com/fincatto/documentofiscal/mdfe3/webservices/consulta/MDFeConsultaStub.java:[466,55] class, interface, or enum expected
[ERROR] /workspaces/master-thesis-pascal-joos/code_cure_agent/cca_workspace/nfe/src/main/java/com/fincatto/documentofiscal/mdfe3/webservices/consulta/MDFeConsultaStub.java:[466,105] class, interface, or enum expected
[ERROR] /workspaces/master-thesis-pascal-joos/code_cure_agent/cca_workspace/nfe/src/main/java/com/fincatto/documentofiscal/mdfe3/webservices/consulta/MDFeConsultaStub.java:[468,13] class, interface, or enum expected
[ERROR] /workspaces/master-thesis-pascal-joos/code_cure_agent/cca_workspace/nfe/src/main/java/com/fincatto/documentofiscal/mdfe3/webservices/consulta/MDFeConsultaStub.java:[470,23] class, interface, or enum expected
[ERROR] /workspaces/master-thesis-pascal-joos/code_cure_agent/cca_workspace/nfe/src/main/java/com/fincatto/documentofiscal/mdfe3/webservices/consulta/MDFeConsultaStub.java:[471,17] class, interface, or enum expected
[ERROR] /workspaces/master-thesis-pascal-joos/code_cure_agent/cca_workspace/nfe/src/main/java/com/fincatto/documentofiscal/mdfe3/webservices/consulta/MDFeConsultaStub.java:[472,27] class, interface, or enum expected
[ERROR] /workspaces/master-thesis-pascal-joos/code_cure_agent/cca_workspace/nfe/src/main/java/com/fincatto/documentofiscal/mdfe3/webservices/consulta/MDFeConsultaStub.java:[473,21] class, interface, or enum expected
[ERROR] /workspaces/master-thesis-pascal-joos/code_cure_agent/cca_workspace/nfe/src/main/java/com/fincatto/documentofiscal/mdfe3/webservices/consulta/MDFeConsultaStub.java:[475,21] class, interface, or enum expected
[ERROR] /workspaces/master-thesis-pascal-joos/code_cure_agent/cca_workspace/nfe/src/main/java/com/fincatto/documentofiscal/mdfe3/webservices/consulta/MDFeConsultaStub.java:[477,17] class, interface, or enum expected
[ERROR] /workspaces/master-thesis-pascal-joos/code_cure_agent/cca_workspace/nfe/src/main/java/com/fincatto/documentofiscal/mdfe3/webservices/consulta/MDFeConsultaStub.java:[479,17] class, interface, or enum expected
[ERROR] /workspaces/master-thesis-pascal-joos/code_cure_agent/cca_workspace/nfe/src/main/java/com/fincatto/documentofiscal/mdfe3/webservices/consulta/MDFeConsultaStub.java:[480,13] class, interface, or enum expected
[ERROR] /workspaces/master-thesis-pascal-joos/code_cure_agent/cca_workspace/nfe/src/main/java/com/fincatto/documentofiscal/mdfe3/webservices/consulta/MDFeConsultaStub.java:[482,9] class, interface, or enum expected
[ERROR] /workspaces/master-thesis-pascal-joos/code_cure_agent/cca_workspace/nfe/src/main/java/com/fincatto/documentofiscal/mdfe3/webservices/consulta/MDFeConsultaStub.java:[488,16] class, interface, or enum expected
[ERROR] /workspaces/master-thesis-pascal-joos/code_cure_agent/cca_workspace/nfe/src/main/java/com/fincatto/documentofiscal/mdfe3/webservices/consulta/MDFeConsultaStub.java:[488,69] class, interface, or enum expected
[ERROR] /workspaces/master-thesis-pascal-joos/code_cure_agent/cca_workspace/nfe/src/main/java/com/fincatto/documentofiscal/mdfe3/webservices/consulta/MDFeConsultaStub.java:[491,9] class, interface, or enum expected
[ERROR] /workspaces/master-thesis-pascal-joos/code_cure_agent/cca_workspace/nfe/src/main/java/com/fincatto/documentofiscal/mdfe3/webservices/consulta/MDFeConsultaStub.java:[534,5] class, interface, or enum expected
[ERROR] /workspaces/master-thesis-pascal-joos/code_cure_agent/cca_workspace/nfe/src/main/java/com/fincatto/documentofiscal/mdfe3/webservices/consulta/MDFeConsultaStub.java:[1307,13] class, interface, or enum expected
[ERROR] /workspaces/master-thesis-pascal-joos/code_cure_agent/cca_workspace/nfe/src/main/java/com/fincatto/documentofiscal/mdfe3/webservices/consulta/MDFeConsultaStub.java:[1307,54] class, interface, or enum expected
[ERROR] /workspaces/master-thesis-pascal-joos/code_cure_agent/cca_workspace/nfe/src/main/java/com/fincatto/documentofiscal/mdfe3/webservices/consulta/MDFeConsultaStub.java:[1307,154] class, interface, or enum expected
[ERROR] /workspaces/master-thesis-pascal-joos/code_cure_agent/cca_workspace/nfe/src/main/java/com/fincatto/documentofiscal/mdfe3/webservices/consulta/MDFeConsultaStub.java:[1313,5] class, interface, or enum expected
[ERROR] /workspaces/master-thesis-pascal-joos/code_cure_agent/cca_workspace/nfe/src/main/java/com/fincatto/documentofiscal/mdfe3/webservices/consulta/MDFeConsultaStub.java:[1315,65] class, interface, or enum expected
[ERROR] /workspaces/master-thesis-pascal-joos/code_cure_agent/cca_workspace/nfe/src/main/java/com/fincatto/documentofiscal/mdfe3/webservices/consulta/MDFeConsultaStub.java:[1315,114] class, interface, or enum expected
[ERROR] /workspaces/master-thesis-pascal-joos/code_cure_agent/cca_workspace/nfe/src/main/java/com/fincatto/documentofiscal/mdfe3/webservices/consulta/MDFeConsultaStub.java:[1315,213] class, interface, or enum expected
[ERROR] /workspaces/master-thesis-pascal-joos/code_cure_agent/cca_workspace/nfe/src/main/java/com/fincatto/documentofiscal/mdfe3/webservices/consulta/MDFeConsultaStub.java:[1315,244] class, interface, or enum expected
[ERROR] /workspaces/master-thesis-pascal-joos/code_cure_agent/cca_workspace/nfe/src/main/java/com/fincatto/documentofiscal/mdfe3/webservices/consulta/MDFeConsultaStub.java:[1317,15] class, interface, or enum expected
[ERROR] /workspaces/master-thesis-pascal-joos/code_cure_agent/cca_workspace/nfe/src/main/java/com/fincatto/documentofiscal/mdfe3/webservices/consulta/MDFeConsultaStub.java:[1318,9] class, interface, or enum expected
[ERROR] /workspaces/master-thesis-pascal-joos/code_cure_agent/cca_workspace/nfe/src/main/java/com/fincatto/documentofiscal/mdfe3/webservices/consulta/MDFeConsultaStub.java:[1319,9] class, interface, or enum expected
[ERROR] /workspaces/master-thesis-pascal-joos/code_cure_agent/cca_workspace/nfe/src/main/java/com/fincatto/documentofiscal/mdfe3/webservices/consulta/MDFeConsultaStub.java:[1323,5] class, interface, or enum expected
[ERROR] /workspaces/master-thesis-pascal-joos/code_cure_agent/cca_workspace/nfe/src/main/java/com/fincatto/documentofiscal/mdfe3/webservices/consulta/MDFeConsultaStub.java:[1334,13] class, interface, or enum expected
[ERROR] /workspaces/master-thesis-pascal-joos/code_cure_agent/cca_workspace/nfe/src/main/java/com/fincatto/documentofiscal/mdfe3/webservices/consulta/MDFeConsultaStub.java:[1334,43] class, interface, or enum expected
[ERROR] /workspaces/master-thesis-pascal-joos/code_cure_agent/cca_workspace/nfe/src/main/java/com/fincatto/documentofiscal/mdfe3/webservices/consulta/MDFeConsultaStub.java:[1334,86] class, interface, or enum expected
[ERROR] /workspaces/master-thesis-pascal-joos/code_cure_agent/cca_workspace/nfe/src/main/java/com/fincatto/documentofiscal/mdfe3/webservices/consulta/MDFeConsultaStub.java:[1334,114] class, interface, or enum expected
[ERROR] /workspaces/master-thesis-pascal-joos/code_cure_agent/cca_workspace/nfe/src/main/java/com/fincatto/documentofiscal/mdfe3/webservices/consulta/MDFeConsultaStub.java:[1336,108] <identifier> expected
[ERROR] /workspaces/master-thesis-pascal-joos/code_cure_agent/cca_workspace/nfe/src/main/java/com/fincatto/documentofiscal/mdfe3/webservices/consulta/MDFeConsultaStub.java:[1337,17] illegal start of type
[ERROR] /workspaces/master-thesis-pascal-joos/code_cure_agent/cca_workspace/nfe/src/main/java/com/fincatto/documentofiscal/mdfe3/webservices/consulta/MDFeConsultaStub.java:[1337,123] <identifier> expected
[ERROR] /workspaces/master-thesis-pascal-joos/code_cure_agent/cca_workspace/nfe/src/main/java/com/fincatto/documentofiscal/mdfe3/webservices/consulta/MDFeConsultaStub.java:[1337,162] <identifier> expected
[ERROR] /workspaces/master-thesis-pascal-joos/code_cure_agent/cca_workspace/nfe/src/main/java/com/fincatto/documentofiscal/mdfe3/webservices/consulta/MDFeConsultaStub.java:[1339,13] class, interface, or enum expected
[ERROR] /workspaces/master-thesis-pascal-joos/code_cure_agent/cca_workspace/nfe/src/main/java/com/fincatto/documentofiscal/mdfe3/webservices/consulta/MDFeConsultaStub.java:[1339,117] <identifier> expected
[ERROR] /workspaces/master-thesis-pascal-joos/code_cure_agent/cca_workspace/nfe/src/main/java/com/fincatto/documentofiscal/mdfe3/webservices/consulta/MDFeConsultaStub.java:[1340,17] illegal start of type
[ERROR] /workspaces/master-thesis-pascal-joos/code_cure_agent/cca_workspace/nfe/src/main/java/com/fincatto/documentofiscal/mdfe3/webservices/consulta/MDFeConsultaStub.java:[1340,132] <identifier> expected
[ERROR] /workspaces/master-thesis-pascal-joos/code_cure_agent/cca_workspace/nfe/src/main/java/com/fincatto/documentofiscal/mdfe3/webservices/consulta/MDFeConsultaStub.java:[1340,171] <identifier> expected
[ERROR] /workspaces/master-thesis-pascal-joos/code_cure_agent/cca_workspace/nfe/src/main/java/com/fincatto/documentofiscal/mdfe3/webservices/consulta/MDFeConsultaStub.java:[1342,13] class, interface, or enum expected
[ERROR] /workspaces/master-thesis-pascal-joos/code_cure_agent/cca_workspace/nfe/src/main/java/com/fincatto/documentofiscal/mdfe3/webservices/consulta/MDFeConsultaStub.java:[1342,109] <identifier> expected
[ERROR] /workspaces/master-thesis-pascal-joos/code_cure_agent/cca_workspace/nfe/src/main/java/com/fincatto/documentofiscal/mdfe3/webservices/consulta/MDFeConsultaStub.java:[1343,17] illegal start of type
[ERROR] /workspaces/master-thesis-pascal-joos/code_cure_agent/cca_workspace/nfe/src/main/java/com/fincatto/documentofiscal/mdfe3/webservices/consulta/MDFeConsultaStub.java:[1343,124] <identifier> expected
[ERROR] /workspaces/master-thesis-pascal-joos/code_cure_agent/cca_workspace/nfe/src/main/java/com/fincatto/documentofiscal/mdfe3/webservices/consulta/MDFeConsultaStub.java:[1343,163] <identifier> expected
[ERROR] /workspaces/master-thesis-pascal-joos/code_cure_agent/cca_workspace/nfe/src/main/java/com/fincatto/documentofiscal/mdfe3/webservices/consulta/MDFeConsultaStub.java:[1345,9] class, interface, or enum expected
[ERROR] /workspaces/master-thesis-pascal-joos/code_cure_agent/cca_workspace/nfe/src/main/java/com/fincatto/documentofiscal/mdfe3/webservices/consulta/MDFeConsultaStub.java:[1345,24] class, interface, or enum expected
[ERROR] /workspaces/master-thesis-pascal-joos/code_cure_agent/cca_workspace/nfe/src/main/java/com/fincatto/documentofiscal/mdfe3/webservices/consulta/MDFeConsultaStub.java:[1347,9] class, interface, or enum expected
[ERROR] /workspaces/master-thesis-pascal-joos/code_cure_agent/cca_workspace/nfe/src/main/java/com/fincatto/documentofiscal/mdfe3/webservices/consulta/MDFeConsultaStub.java:[1349,5] class, interface, or enum expected
[ERROR] -> [Help 1]
[ERROR] 
[ERROR] To see the full stack trace of the errors, re-run Maven with the -e switch.
[ERROR] Re-run Maven using the -X switch to enable full debug logging.
[ERROR] 
[ERROR] For more information about the errors and possible solutions, please read the following articles:
[ERROR] [Help 1] http://cwiki.apache.org/confluence/display/MAVEN/MojoFailureException
