[INFO] Scanning for projects...
[INFO] Inspecting build with total of 1 modules...
[INFO] Installing Nexus Staging features:
[INFO]   ... total of 1 executions of maven-deploy-plugin replaced with nexus-staging-maven-plugin
[INFO] 
[INFO] --------------------< com.shapesecurity:salvation2 >--------------------
[INFO] Building salvation 3.0.0
[INFO] --------------------------------[ jar ]---------------------------------
[INFO] 
[INFO] --- maven-clean-plugin:2.5:clean (default-clean) @ salvation2 ---
[INFO] Deleting /workspaces/xxxx/code_cure_agent/cca_workspace/salvation/target
[INFO] 
[INFO] --- maven-resources-plugin:2.6:resources (default-resources) @ salvation2 ---
[INFO] Using 'UTF-8' encoding to copy filtered resources.
[INFO] skip non existing resourceDirectory /workspaces/xxxx/code_cure_agent/cca_workspace/salvation/src/main/resources
[INFO] 
[INFO] --- maven-compiler-plugin:2.3.2:compile (default-compile) @ salvation2 ---
[INFO] Compiling 22 source files to /workspaces/xxxx/code_cure_agent/cca_workspace/salvation/target/classes
[INFO] 
[INFO] --- maven-resources-plugin:2.6:testResources (default-testResources) @ salvation2 ---
[INFO] Using 'UTF-8' encoding to copy filtered resources.
[INFO] Copying 1 resource
[INFO] 
[INFO] --- maven-compiler-plugin:2.3.2:testCompile (default-testCompile) @ salvation2 ---
[INFO] Compiling 5 source files to /workspaces/xxxx/code_cure_agent/cca_workspace/salvation/target/test-classes
[INFO] 
[INFO] --- maven-surefire-plugin:2.12.4:test (default-test) @ salvation2 ---
[INFO] Tests are skipped.
[INFO] 
[INFO] --- maven-checkstyle-plugin:3.1.1:check (test) @ salvation2 ---
[WARNING] Error injecting: org.apache.maven.plugins.checkstyle.CheckstyleViolationCheckMojo
java.lang.UnsupportedClassVersionError: com/puppycrawl/tools/checkstyle/api/CheckstyleException has been compiled by a more recent version of the Java Runtime (class file version 61.0), this version of the Java Runtime only recognizes class file versions up to 55.0
    at java.lang.ClassLoader.defineClass1 (Native Method)
    at java.lang.ClassLoader.defineClass (ClassLoader.java:1022)
    at java.security.SecureClassLoader.defineClass (SecureClassLoader.java:174)
    at java.net.URLClassLoader.defineClass (URLClassLoader.java:555)
    at java.net.URLClassLoader$1.run (URLClassLoader.java:458)
    at java.net.URLClassLoader$1.run (URLClassLoader.java:452)
    at java.security.AccessController.doPrivileged (Native Method)
    at java.net.URLClassLoader.findClass (URLClassLoader.java:451)
    at org.codehaus.plexus.classworlds.realm.ClassRealm.loadClassFromSelf (ClassRealm.java:425)
    at org.codehaus.plexus.classworlds.strategy.SelfFirstStrategy.loadClass (SelfFirstStrategy.java:42)
    at org.codehaus.plexus.classworlds.realm.ClassRealm.unsynchronizedLoadClass (ClassRealm.java:271)
    at org.codehaus.plexus.classworlds.realm.ClassRealm.loadClass (ClassRealm.java:247)
    at org.codehaus.plexus.classworlds.realm.ClassRealm.loadClass (ClassRealm.java:239)
    at java.lang.Class.getDeclaredConstructors0 (Native Method)
    at java.lang.Class.privateGetDeclaredConstructors (Class.java:3137)
    at java.lang.Class.getDeclaredConstructors (Class.java:2357)
    at com.google.inject.spi.InjectionPoint.forConstructorOf (InjectionPoint.java:243)
    at com.google.inject.internal.ConstructorBindingImpl.create (ConstructorBindingImpl.java:115)
    at com.google.inject.internal.InjectorImpl.createUninitializedBinding (InjectorImpl.java:717)
    at com.google.inject.internal.InjectorImpl.createJustInTimeBinding (InjectorImpl.java:941)
    at com.google.inject.internal.InjectorImpl.createJustInTimeBindingRecursive (InjectorImpl.java:863)
    at com.google.inject.internal.InjectorImpl.getJustInTimeBinding (InjectorImpl.java:300)
    at com.google.inject.internal.InjectorImpl.getBindingOrThrow (InjectorImpl.java:231)
    at com.google.inject.internal.InjectorImpl.getProviderOrThrow (InjectorImpl.java:1084)
    at com.google.inject.internal.InjectorImpl.getProvider (InjectorImpl.java:1116)
    at com.google.inject.internal.InjectorImpl.getProvider (InjectorImpl.java:1078)
    at com.google.inject.internal.InjectorImpl.getInstance (InjectorImpl.java:1131)
    at org.eclipse.sisu.space.AbstractDeferredClass.get (AbstractDeferredClass.java:48)
    at com.google.inject.internal.ProviderInternalFactory.provision (ProviderInternalFactory.java:85)
    at com.google.inject.internal.InternalFactoryToInitializableAdapter.provision (InternalFactoryToInitializableAdapter.java:57)
    at com.google.inject.internal.ProviderInternalFactory$1.call (ProviderInternalFactory.java:66)
    at com.google.inject.internal.ProvisionListenerStackCallback$Provision.provision (ProvisionListenerStackCallback.java:112)
    at com.google.inject.internal.ProvisionListenerStackCallback$Provision.provision (ProvisionListenerStackCallback.java:127)
    at com.google.inject.internal.ProvisionListenerStackCallback.provision (ProvisionListenerStackCallback.java:66)
    at com.google.inject.internal.ProviderInternalFactory.circularGet (ProviderInternalFactory.java:61)
    at com.google.inject.internal.InternalFactoryToInitializableAdapter.get (InternalFactoryToInitializableAdapter.java:47)
    at com.google.inject.internal.InjectorImpl$1.get (InjectorImpl.java:1094)
    at org.eclipse.sisu.inject.Guice4$1.get (Guice4.java:162)
    at org.eclipse.sisu.inject.LazyBeanEntry.getValue (LazyBeanEntry.java:81)
    at org.eclipse.sisu.plexus.LazyPlexusBean.getValue (LazyPlexusBean.java:51)
    at org.codehaus.plexus.DefaultPlexusContainer.lookup (DefaultPlexusContainer.java:263)
    at org.codehaus.plexus.DefaultPlexusContainer.lookup (DefaultPlexusContainer.java:255)
    at org.apache.maven.plugin.internal.DefaultMavenPluginManager.getConfiguredMojo (DefaultMavenPluginManager.java:520)
    at org.apache.maven.plugin.DefaultBuildPluginManager.executeMojo (DefaultBuildPluginManager.java:124)
    at org.apache.maven.lifecycle.internal.MojoExecutor.execute (MojoExecutor.java:210)
    at org.apache.maven.lifecycle.internal.MojoExecutor.execute (MojoExecutor.java:156)
    at org.apache.maven.lifecycle.internal.MojoExecutor.execute (MojoExecutor.java:148)
    at org.apache.maven.lifecycle.internal.LifecycleModuleBuilder.buildProject (LifecycleModuleBuilder.java:117)
    at org.apache.maven.lifecycle.internal.LifecycleModuleBuilder.buildProject (LifecycleModuleBuilder.java:81)
    at org.apache.maven.lifecycle.internal.builder.singlethreaded.SingleThreadedBuilder.build (SingleThreadedBuilder.java:56)
    at org.apache.maven.lifecycle.internal.LifecycleStarter.execute (LifecycleStarter.java:128)
    at org.apache.maven.DefaultMaven.doExecute (DefaultMaven.java:305)
    at org.apache.maven.DefaultMaven.doExecute (DefaultMaven.java:192)
    at org.apache.maven.DefaultMaven.execute (DefaultMaven.java:105)
    at org.apache.maven.cli.MavenCli.execute (MavenCli.java:957)
    at org.apache.maven.cli.MavenCli.doMain (MavenCli.java:289)
    at org.apache.maven.cli.MavenCli.main (MavenCli.java:193)
    at jdk.internal.reflect.NativeMethodAccessorImpl.invoke0 (Native Method)
    at jdk.internal.reflect.NativeMethodAccessorImpl.invoke (NativeMethodAccessorImpl.java:62)
    at jdk.internal.reflect.DelegatingMethodAccessorImpl.invoke (DelegatingMethodAccessorImpl.java:43)
    at java.lang.reflect.Method.invoke (Method.java:566)
    at org.codehaus.plexus.classworlds.launcher.Launcher.launchEnhanced (Launcher.java:282)
    at org.codehaus.plexus.classworlds.launcher.Launcher.launch (Launcher.java:225)
    at org.codehaus.plexus.classworlds.launcher.Launcher.mainWithExitCode (Launcher.java:406)
    at org.codehaus.plexus.classworlds.launcher.Launcher.main (Launcher.java:347)
[INFO] ------------------------------------------------------------------------
[INFO] BUILD FAILURE
[INFO] ------------------------------------------------------------------------
[INFO] Total time:  3.455 s
[INFO] Finished at: 2025-08-30T11:52:03Z
[INFO] ------------------------------------------------------------------------
[ERROR] Failed to execute goal org.apache.maven.plugins:maven-checkstyle-plugin:3.1.1:check (test) on project salvation2: Execution test of goal org.apache.maven.plugins:maven-checkstyle-plugin:3.1.1:check failed: An API incompatibility was encountered while executing org.apache.maven.plugins:maven-checkstyle-plugin:3.1.1:check: java.lang.UnsupportedClassVersionError: com/puppycrawl/tools/checkstyle/api/CheckstyleException has been compiled by a more recent version of the Java Runtime (class file version 61.0), this version of the Java Runtime only recognizes class file versions up to 55.0
[ERROR] -----------------------------------------------------
[ERROR] realm =    plugin>org.apache.maven.plugins:maven-checkstyle-plugin:3.1.1
[ERROR] strategy = org.codehaus.plexus.classworlds.strategy.SelfFirstStrategy
[ERROR] urls[0] = file:/home/vscode/.m2/repository/org/apache/maven/plugins/maven-checkstyle-plugin/3.1.1/maven-checkstyle-plugin-3.1.1.jar
[ERROR] urls[1] = file:/home/vscode/.m2/repository/com/puppycrawl/tools/checkstyle/11.0.0/checkstyle-11.0.0.jar
[ERROR] urls[2] = file:/home/vscode/.m2/repository/info/picocli/picocli/4.7.7/picocli-4.7.7.jar
[ERROR] urls[3] = file:/home/vscode/.m2/repository/org/antlr/antlr4-runtime/4.13.2/antlr4-runtime-4.13.2.jar
[ERROR] urls[4] = file:/home/vscode/.m2/repository/commons-beanutils/commons-beanutils/1.11.0/commons-beanutils-1.11.0.jar
[ERROR] urls[5] = file:/home/vscode/.m2/repository/com/google/guava/guava/33.4.8-jre/guava-33.4.8-jre.jar
[ERROR] urls[6] = file:/home/vscode/.m2/repository/com/google/guava/failureaccess/1.0.3/failureaccess-1.0.3.jar
[ERROR] urls[7] = file:/home/vscode/.m2/repository/com/google/guava/listenablefuture/9999.0-empty-to-avoid-conflict-with-guava/listenablefuture-9999.0-empty-to-avoid-conflict-with-guava.jar
[ERROR] urls[8] = file:/home/vscode/.m2/repository/org/jspecify/jspecify/1.0.0/jspecify-1.0.0.jar
[ERROR] urls[9] = file:/home/vscode/.m2/repository/com/google/errorprone/error_prone_annotations/2.36.0/error_prone_annotations-2.36.0.jar
[ERROR] urls[10] = file:/home/vscode/.m2/repository/com/google/j2objc/j2objc-annotations/3.0.0/j2objc-annotations-3.0.0.jar
[ERROR] urls[11] = file:/home/vscode/.m2/repository/org/reflections/reflections/0.10.2/reflections-0.10.2.jar
[ERROR] urls[12] = file:/home/vscode/.m2/repository/org/javassist/javassist/3.28.0-GA/javassist-3.28.0-GA.jar
[ERROR] urls[13] = file:/home/vscode/.m2/repository/com/google/code/findbugs/jsr305/3.0.2/jsr305-3.0.2.jar
[ERROR] urls[14] = file:/home/vscode/.m2/repository/net/sf/saxon/Saxon-HE/12.8/Saxon-HE-12.8.jar
[ERROR] urls[15] = file:/home/vscode/.m2/repository/org/xmlresolver/xmlresolver/5.3.3/xmlresolver-5.3.3.jar
[ERROR] urls[16] = file:/home/vscode/.m2/repository/org/xmlresolver/xmlresolver/5.3.3/xmlresolver-5.3.3-data.jar
[ERROR] urls[17] = file:/home/vscode/.m2/repository/org/checkerframework/checker-qual/3.49.5/checker-qual-3.49.5.jar
[ERROR] urls[18] = file:/home/vscode/.m2/repository/org/apache/maven/doxia/doxia-core/1.12.0/doxia-core-1.12.0.jar
[ERROR] urls[19] = file:/home/vscode/.m2/repository/org/apache/commons/commons-lang3/3.8.1/commons-lang3-3.8.1.jar
[ERROR] urls[20] = file:/home/vscode/.m2/repository/org/apache/commons/commons-text/1.3/commons-text-1.3.jar
[ERROR] urls[21] = file:/home/vscode/.m2/repository/org/apache/httpcomponents/httpclient/4.5.13/httpclient-4.5.13.jar
[ERROR] urls[22] = file:/home/vscode/.m2/repository/org/apache/httpcomponents/httpcore/4.4.14/httpcore-4.4.14.jar
[ERROR] urls[23] = file:/home/vscode/.m2/repository/org/apache/maven/doxia/doxia-module-xdoc/1.12.0/doxia-module-xdoc-1.12.0.jar
[ERROR] urls[24] = file:/home/vscode/.m2/repository/org/sonatype/aether/aether-util/1.7/aether-util-1.7.jar
[ERROR] urls[25] = file:/home/vscode/.m2/repository/org/sonatype/sisu/sisu-inject-bean/1.4.2/sisu-inject-bean-1.4.2.jar
[ERROR] urls[26] = file:/home/vscode/.m2/repository/org/sonatype/sisu/sisu-guice/2.1.7/sisu-guice-2.1.7-noaop.jar
[ERROR] urls[27] = file:/home/vscode/.m2/repository/org/sonatype/plexus/plexus-sec-dispatcher/1.3/plexus-sec-dispatcher-1.3.jar
[ERROR] urls[28] = file:/home/vscode/.m2/repository/org/sonatype/plexus/plexus-cipher/1.4/plexus-cipher-1.4.jar
[ERROR] urls[29] = file:/home/vscode/.m2/repository/org/apache/maven/reporting/maven-reporting-api/3.0/maven-reporting-api-3.0.jar
[ERROR] urls[30] = file:/home/vscode/.m2/repository/org/apache/maven/reporting/maven-reporting-impl/2.3/maven-reporting-impl-2.3.jar
[ERROR] urls[31] = file:/home/vscode/.m2/repository/org/apache/maven/shared/maven-shared-utils/0.6/maven-shared-utils-0.6.jar
[ERROR] urls[32] = file:/home/vscode/.m2/repository/commons-validator/commons-validator/1.3.1/commons-validator-1.3.1.jar
[ERROR] urls[33] = file:/home/vscode/.m2/repository/commons-digester/commons-digester/1.6/commons-digester-1.6.jar
[ERROR] urls[34] = file:/home/vscode/.m2/repository/xml-apis/xml-apis/1.0.b2/xml-apis-1.0.b2.jar
[ERROR] urls[35] = file:/home/vscode/.m2/repository/commons-logging/commons-logging/1.0.4/commons-logging-1.0.4.jar
[ERROR] urls[36] = file:/home/vscode/.m2/repository/org/apache/maven/doxia/doxia-sink-api/1.4/doxia-sink-api-1.4.jar
[ERROR] urls[37] = file:/home/vscode/.m2/repository/org/apache/maven/doxia/doxia-logging-api/1.4/doxia-logging-api-1.4.jar
[ERROR] urls[38] = file:/home/vscode/.m2/repository/org/apache/maven/doxia/doxia-decoration-model/1.4/doxia-decoration-model-1.4.jar
[ERROR] urls[39] = file:/home/vscode/.m2/repository/org/apache/maven/doxia/doxia-site-renderer/1.4/doxia-site-renderer-1.4.jar
[ERROR] urls[40] = file:/home/vscode/.m2/repository/org/apache/maven/doxia/doxia-module-xhtml/1.4/doxia-module-xhtml-1.4.jar
[ERROR] urls[41] = file:/home/vscode/.m2/repository/org/apache/maven/doxia/doxia-module-fml/1.4/doxia-module-fml-1.4.jar
[ERROR] urls[42] = file:/home/vscode/.m2/repository/org/codehaus/plexus/plexus-i18n/1.0-beta-7/plexus-i18n-1.0-beta-7.jar
[ERROR] urls[43] = file:/home/vscode/.m2/repository/org/apache/velocity/velocity-tools/2.0/velocity-tools-2.0.jar
[ERROR] urls[44] = file:/home/vscode/.m2/repository/commons-chain/commons-chain/1.1/commons-chain-1.1.jar
[ERROR] urls[45] = file:/home/vscode/.m2/repository/dom4j/dom4j/1.1/dom4j-1.1.jar
[ERROR] urls[46] = file:/home/vscode/.m2/repository/oro/oro/2.0.8/oro-2.0.8.jar
[ERROR] urls[47] = file:/home/vscode/.m2/repository/sslext/sslext/1.2-0/sslext-1.2-0.jar
[ERROR] urls[48] = file:/home/vscode/.m2/repository/org/apache/struts/struts-core/1.3.8/struts-core-1.3.8.jar
[ERROR] urls[49] = file:/home/vscode/.m2/repository/antlr/antlr/2.7.2/antlr-2.7.2.jar
[ERROR] urls[50] = file:/home/vscode/.m2/repository/org/apache/struts/struts-taglib/1.3.8/struts-taglib-1.3.8.jar
[ERROR] urls[51] = file:/home/vscode/.m2/repository/org/apache/struts/struts-tiles/1.3.8/struts-tiles-1.3.8.jar
[ERROR] urls[52] = file:/home/vscode/.m2/repository/org/apache/maven/doxia/doxia-integration-tools/1.6/doxia-integration-tools-1.6.jar
[ERROR] urls[53] = file:/home/vscode/.m2/repository/commons-io/commons-io/1.4/commons-io-1.4.jar
[ERROR] urls[54] = file:/home/vscode/.m2/repository/junit/junit/3.8.1/junit-3.8.1.jar
[ERROR] urls[55] = file:/home/vscode/.m2/repository/org/codehaus/plexus/plexus-component-annotations/2.0.0/plexus-component-annotations-2.0.0.jar
[ERROR] urls[56] = file:/home/vscode/.m2/repository/org/codehaus/plexus/plexus-resources/1.1.0/plexus-resources-1.1.0.jar
[ERROR] urls[57] = file:/home/vscode/.m2/repository/org/codehaus/plexus/plexus-utils/3.3.0/plexus-utils-3.3.0.jar
[ERROR] urls[58] = file:/home/vscode/.m2/repository/org/codehaus/plexus/plexus-interpolation/1.26/plexus-interpolation-1.26.jar
[ERROR] urls[59] = file:/home/vscode/.m2/repository/org/codehaus/plexus/plexus-velocity/1.2/plexus-velocity-1.2.jar
[ERROR] urls[60] = file:/home/vscode/.m2/repository/org/apache/velocity/velocity/1.7/velocity-1.7.jar
[ERROR] urls[61] = file:/home/vscode/.m2/repository/commons-lang/commons-lang/2.4/commons-lang-2.4.jar
[ERROR] urls[62] = file:/home/vscode/.m2/repository/commons-collections/commons-collections/3.2.2/commons-collections-3.2.2.jar
[ERROR] urls[63] = file:/home/vscode/.m2/repository/javax/xml/bind/jaxb-api/2.3.1/jaxb-api-2.3.1.jar
[ERROR] urls[64] = file:/home/vscode/.m2/repository/javax/activation/javax.activation-api/1.2.0/javax.activation-api-1.2.0.jar
[ERROR] Number of foreign imports: 1
[ERROR] import: Entry[import  from realm ClassRealm[project>com.shapesecurity:salvation2:3.0.0, parent: ClassRealm[maven.api, parent: null]]]
[ERROR] 
[ERROR] -----------------------------------------------------
[ERROR] -> [Help 1]
[ERROR] 
[ERROR] To see the full stack trace of the errors, re-run Maven with the -e switch.
[ERROR] Re-run Maven using the -X switch to enable full debug logging.
[ERROR] 
[ERROR] For more information about the errors and possible solutions, please read the following articles:
[ERROR] [Help 1] http://cwiki.apache.org/confluence/display/MAVEN/PluginContainerException
