[INFO] Scanning for projects...
[INFO] ------------------------------------------------------------------------
[INFO] Reactor Build Order:
[INFO] 
[INFO] robot                                                              [pom]
[INFO] robot-maven-plugin                                        [maven-plugin]
[INFO] robot-core                                                         [jar]
[INFO] robot-command                                                      [jar]
[INFO] 
[INFO] ---------------------< org.obolibrary.robot:robot >---------------------
[INFO] Building robot 1.8.0-SNAPSHOT                                      [1/4]
[INFO] --------------------------------[ pom ]---------------------------------
[INFO] 
[INFO] --- maven-clean-plugin:2.5:clean (default-clean) @ robot ---
[INFO] 
[INFO] --------------< org.obolibrary.robot:robot-maven-plugin >---------------
[INFO] Building robot-maven-plugin 1.8.0-SNAPSHOT                         [2/4]
[INFO] ----------------------------[ maven-plugin ]----------------------------
[INFO] 
[INFO] --- maven-clean-plugin:2.5:clean (default-clean) @ robot-maven-plugin ---
[INFO] Deleting /workspaces/master-thesis-pascal-joos/code_cure_agent/cca_workspace/robot/robot-maven-plugin/target
[INFO] 
[INFO] --- fmt-maven-plugin:2.1.0:format (default) @ robot-maven-plugin ---
[warn] Test source directory '/workspaces/master-thesis-pascal-joos/code_cure_agent/cca_workspace/robot/robot-maven-plugin/src/test/java' does not exist, ignoring.
[INFO] Processed 1 files (0 reformatted).
[INFO] 
[INFO] --- maven-resources-plugin:2.6:resources (default-resources) @ robot-maven-plugin ---
[INFO] Using 'UTF-8' encoding to copy filtered resources.
[INFO] skip non existing resourceDirectory /workspaces/master-thesis-pascal-joos/code_cure_agent/cca_workspace/robot/robot-maven-plugin/src/main/resources
[INFO] 
[INFO] --- maven-compiler-plugin:3.1:compile (default-compile) @ robot-maven-plugin ---
[INFO] Changes detected - recompiling the module!
[INFO] Compiling 1 source file to /workspaces/master-thesis-pascal-joos/code_cure_agent/cca_workspace/robot/robot-maven-plugin/target/classes
[INFO] 
[INFO] --- maven-plugin-plugin:3.3:descriptor (default-descriptor) @ robot-maven-plugin ---
[INFO] Using 'UTF-8' encoding to read mojo metadata.
[INFO] Applying mojo extractor for language: java
[INFO] Mojo extractor for language: java found 0 mojo descriptors.
[INFO] Applying mojo extractor for language: bsh
[INFO] Mojo extractor for language: bsh found 0 mojo descriptors.
[INFO] Applying mojo extractor for language: java-annotations
[INFO] Mojo extractor for language: java-annotations found 1 mojo descriptors.
[INFO] 
[INFO] --- maven-resources-plugin:2.6:testResources (default-testResources) @ robot-maven-plugin ---
[INFO] Using 'UTF-8' encoding to copy filtered resources.
[INFO] skip non existing resourceDirectory /workspaces/master-thesis-pascal-joos/code_cure_agent/cca_workspace/robot/robot-maven-plugin/src/test/resources
[INFO] 
[INFO] --- maven-compiler-plugin:3.1:testCompile (default-testCompile) @ robot-maven-plugin ---
[INFO] No sources to compile
[INFO] 
[INFO] --- maven-surefire-plugin:2.12.4:test (default-test) @ robot-maven-plugin ---
[INFO] Tests are skipped.
[INFO] 
[INFO] --- maven-jar-plugin:2.4:jar (default-jar) @ robot-maven-plugin ---
[INFO] Building jar: /workspaces/master-thesis-pascal-joos/code_cure_agent/cca_workspace/robot/robot-maven-plugin/target/robot-maven-plugin-1.8.0-SNAPSHOT.jar
[INFO] 
[INFO] --- maven-plugin-plugin:3.3:addPluginArtifactMetadata (default-addPluginArtifactMetadata) @ robot-maven-plugin ---
[INFO] 
[INFO] ------------------< org.obolibrary.robot:robot-core >-------------------
[INFO] Building robot-core 1.8.0-SNAPSHOT                                 [3/4]
[INFO] --------------------------------[ jar ]---------------------------------
[INFO] 
[INFO] --- maven-clean-plugin:2.5:clean (default-clean) @ robot-core ---
[INFO] Deleting /workspaces/master-thesis-pascal-joos/code_cure_agent/cca_workspace/robot/robot-core/target
[INFO] 
[INFO] --- fmt-maven-plugin:2.1.0:format (default) @ robot-core ---
[warn] Failed to format file '/workspaces/master-thesis-pascal-joos/code_cure_agent/cca_workspace/robot/robot-core/src/main/java/org/obolibrary/robot/TableValidator.java'.

com.google.googlejavaformat.java.FormatterException: 143:12: error: modifier private not allowed here
	at com.google.googlejavaformat.java.Formatter.getFormatReplacements(Formatter.java:260)
	at com.google.googlejavaformat.java.Formatter.formatSource(Formatter.java:234)
	at com.google.googlejavaformat.java.Formatter.formatSource(Formatter.java:202)
	at com.coveo.AbstractFMT.formatSourceFile(AbstractFMT.java:151)
	at com.coveo.AbstractFMT.formatSourceFilesInDirectory(AbstractFMT.java:121)
	at com.coveo.AbstractFMT.formatSourceFilesInDirectory(AbstractFMT.java:119)
	at com.coveo.AbstractFMT.formatSourceFilesInDirectory(AbstractFMT.java:119)
	at com.coveo.AbstractFMT.formatSourceFilesInDirectory(AbstractFMT.java:119)
	at com.coveo.AbstractFMT.execute(AbstractFMT.java:83)
	at org.apache.maven.plugin.DefaultBuildPluginManager.executeMojo(DefaultBuildPluginManager.java:137)
	at org.apache.maven.lifecycle.internal.MojoExecutor.execute(MojoExecutor.java:210)
	at org.apache.maven.lifecycle.internal.MojoExecutor.execute(MojoExecutor.java:156)
	at org.apache.maven.lifecycle.internal.MojoExecutor.execute(MojoExecutor.java:148)
	at org.apache.maven.lifecycle.internal.LifecycleModuleBuilder.buildProject(LifecycleModuleBuilder.java:117)
	at org.apache.maven.lifecycle.internal.LifecycleModuleBuilder.buildProject(LifecycleModuleBuilder.java:81)
	at org.apache.maven.lifecycle.internal.builder.singlethreaded.SingleThreadedBuilder.build(SingleThreadedBuilder.java:56)
	at org.apache.maven.lifecycle.internal.LifecycleStarter.execute(LifecycleStarter.java:128)
	at org.apache.maven.DefaultMaven.doExecute(DefaultMaven.java:305)
	at org.apache.maven.DefaultMaven.doExecute(DefaultMaven.java:192)
	at org.apache.maven.DefaultMaven.execute(DefaultMaven.java:105)
	at org.apache.maven.cli.MavenCli.execute(MavenCli.java:957)
	at org.apache.maven.cli.MavenCli.doMain(MavenCli.java:289)
	at org.apache.maven.cli.MavenCli.main(MavenCli.java:193)
	at java.base/jdk.internal.reflect.NativeMethodAccessorImpl.invoke0(Native Method)
	at java.base/jdk.internal.reflect.NativeMethodAccessorImpl.invoke(NativeMethodAccessorImpl.java:62)
	at java.base/jdk.internal.reflect.DelegatingMethodAccessorImpl.invoke(DelegatingMethodAccessorImpl.java:43)
	at java.base/java.lang.reflect.Method.invoke(Method.java:566)
	at org.codehaus.plexus.classworlds.launcher.Launcher.launchEnhanced(Launcher.java:282)
	at org.codehaus.plexus.classworlds.launcher.Launcher.launch(Launcher.java:225)
	at org.codehaus.plexus.classworlds.launcher.Launcher.mainWithExitCode(Launcher.java:406)
	at org.codehaus.plexus.classworlds.launcher.Launcher.main(Launcher.java:347)

[INFO] Processed 90 files (0 reformatted).
[INFO] 
[INFO] --- maven-resources-plugin:2.6:resources (default-resources) @ robot-core ---
[INFO] Using 'UTF-8' encoding to copy filtered resources.
[INFO] Copying 32 resources
[INFO] 
[INFO] --- maven-compiler-plugin:3.1:compile (default-compile) @ robot-core ---
[INFO] Changes detected - recompiling the module!
[INFO] Compiling 64 source files to /workspaces/master-thesis-pascal-joos/code_cure_agent/cca_workspace/robot/robot-core/target/classes
[INFO] -------------------------------------------------------------
[ERROR] COMPILATION ERROR : 
[INFO] -------------------------------------------------------------
[ERROR] /workspaces/master-thesis-pascal-joos/code_cure_agent/cca_workspace/robot/robot-core/src/main/java/org/obolibrary/robot/TableValidator.java:[143,11] modifier private not allowed here
[ERROR] /workspaces/master-thesis-pascal-joos/code_cure_agent/cca_workspace/robot/robot-core/src/main/java/org/obolibrary/robot/TableValidator.java:[143,36] ',', ')', or '[' expected
[ERROR] /workspaces/master-thesis-pascal-joos/code_cure_agent/cca_workspace/robot/robot-core/src/main/java/org/obolibrary/robot/TableValidator.java:[144,73] <identifier> expected
[ERROR] /workspaces/master-thesis-pascal-joos/code_cure_agent/cca_workspace/robot/robot-core/src/main/java/org/obolibrary/robot/TableValidator.java:[144,98] ';' expected
[ERROR] /workspaces/master-thesis-pascal-joos/code_cure_agent/cca_workspace/robot/robot-core/src/main/java/org/obolibrary/robot/TableValidator.java:[145,23] <identifier> expected
[ERROR] /workspaces/master-thesis-pascal-joos/code_cure_agent/cca_workspace/robot/robot-core/src/main/java/org/obolibrary/robot/TableValidator.java:[230,7] illegal start of type
[ERROR] /workspaces/master-thesis-pascal-joos/code_cure_agent/cca_workspace/robot/robot-core/src/main/java/org/obolibrary/robot/TableValidator.java:[230,23] <identifier> expected
[INFO] 7 errors 
[INFO] -------------------------------------------------------------
[INFO] ------------------------------------------------------------------------
[INFO] Reactor Summary for robot 1.8.0-SNAPSHOT:
[INFO] 
[INFO] robot .............................................. SUCCESS [  0.107 s]
[INFO] robot-maven-plugin ................................. SUCCESS [  3.340 s]
[INFO] robot-core ......................................... FAILURE [  2.235 s]
[INFO] robot-command ...................................... SKIPPED
[INFO] ------------------------------------------------------------------------
[INFO] BUILD FAILURE
[INFO] ------------------------------------------------------------------------
[INFO] Total time:  5.785 s
[INFO] Finished at: 2025-08-30T15:26:27Z
[INFO] ------------------------------------------------------------------------
[ERROR] Failed to execute goal org.apache.maven.plugins:maven-compiler-plugin:3.1:compile (default-compile) on project robot-core: Compilation failure: Compilation failure: 
[ERROR] /workspaces/master-thesis-pascal-joos/code_cure_agent/cca_workspace/robot/robot-core/src/main/java/org/obolibrary/robot/TableValidator.java:[143,11] modifier private not allowed here
[ERROR] /workspaces/master-thesis-pascal-joos/code_cure_agent/cca_workspace/robot/robot-core/src/main/java/org/obolibrary/robot/TableValidator.java:[143,36] ',', ')', or '[' expected
[ERROR] /workspaces/master-thesis-pascal-joos/code_cure_agent/cca_workspace/robot/robot-core/src/main/java/org/obolibrary/robot/TableValidator.java:[144,73] <identifier> expected
[ERROR] /workspaces/master-thesis-pascal-joos/code_cure_agent/cca_workspace/robot/robot-core/src/main/java/org/obolibrary/robot/TableValidator.java:[144,98] ';' expected
[ERROR] /workspaces/master-thesis-pascal-joos/code_cure_agent/cca_workspace/robot/robot-core/src/main/java/org/obolibrary/robot/TableValidator.java:[145,23] <identifier> expected
[ERROR] /workspaces/master-thesis-pascal-joos/code_cure_agent/cca_workspace/robot/robot-core/src/main/java/org/obolibrary/robot/TableValidator.java:[230,7] illegal start of type
[ERROR] /workspaces/master-thesis-pascal-joos/code_cure_agent/cca_workspace/robot/robot-core/src/main/java/org/obolibrary/robot/TableValidator.java:[230,23] <identifier> expected
[ERROR] -> [Help 1]
[ERROR] 
[ERROR] To see the full stack trace of the errors, re-run Maven with the -e switch.
[ERROR] Re-run Maven using the -X switch to enable full debug logging.
[ERROR] 
[ERROR] For more information about the errors and possible solutions, please read the following articles:
[ERROR] [Help 1] http://cwiki.apache.org/confluence/display/MAVEN/MojoFailureException
[ERROR] 
[ERROR] After correcting the problems, you can resume the build with the command
[ERROR]   mvn <args> -rf :robot-core
