[INFO] Scanning for projects...
[INFO] Inspecting build with total of 1 modules...
[INFO] Installing Nexus Staging features:
[INFO]   ... total of 1 executions of maven-deploy-plugin replaced with nexus-staging-maven-plugin
[INFO] 
[INFO] ----------------< com.esri.geometry:esri-geometry-api >-----------------
[INFO] Building Esri Geometry API for Java 2.2.4
[INFO] --------------------------------[ jar ]---------------------------------
[INFO] 
[INFO] --- maven-clean-plugin:2.5:clean (default-clean) @ esri-geometry-api ---
[INFO] Deleting /workspaces/master-thesis-pascal-joos/code_cure_agent/cca_workspace/geometry-api-java/target
[INFO] 
[INFO] --- maven-resources-plugin:2.6:resources (default-resources) @ esri-geometry-api ---
[INFO] Using 'UTF-8' encoding to copy filtered resources.
[INFO] Copying 6 resources
[INFO] 
[INFO] --- maven-compiler-plugin:2.3.1:compile (default-compile) @ esri-geometry-api ---
[INFO] Compiling 262 source files to /workspaces/master-thesis-pascal-joos/code_cure_agent/cca_workspace/geometry-api-java/target/classes
[INFO] -------------------------------------------------------------
[ERROR] COMPILATION ERROR : 
[INFO] -------------------------------------------------------------
[ERROR] /workspaces/master-thesis-pascal-joos/code_cure_agent/cca_workspace/geometry-api-java/src/main/java/com/esri/core/geometry/OperatorImportFromGeoJsonLocal.java:[231,2] error: illegal start of expression

[ERROR] /workspaces/master-thesis-pascal-joos/code_cure_agent/cca_workspace/geometry-api-java/src/main/java/com/esri/core/geometry/OperatorImportFromGeoJsonLocal.java:[316,3] error: invalid method declaration; return type required

[ERROR] /workspaces/master-thesis-pascal-joos/code_cure_agent/cca_workspace/geometry-api-java/src/main/java/com/esri/core/geometry/OperatorImportFromGeoJsonLocal.java:[316,37] error: illegal start of type

[ERROR] /workspaces/master-thesis-pascal-joos/code_cure_agent/cca_workspace/geometry-api-java/src/main/java/com/esri/core/geometry/OperatorImportFromGeoJsonLocal.java:[317,40] error: <identifier> expected

[ERROR] /workspaces/master-thesis-pascal-joos/code_cure_agent/cca_workspace/geometry-api-java/src/main/java/com/esri/core/geometry/OperatorImportFromGeoJsonLocal.java:[317,59] error: <identifier> expected

[ERROR] /workspaces/master-thesis-pascal-joos/code_cure_agent/cca_workspace/geometry-api-java/src/main/java/com/esri/core/geometry/OperatorImportFromGeoJsonLocal.java:[318,15] error: <identifier> expected

[ERROR] /workspaces/master-thesis-pascal-joos/code_cure_agent/cca_workspace/geometry-api-java/src/main/java/com/esri/core/geometry/OperatorImportFromGeoJsonLocal.java:[320,3] error: illegal start of type

[ERROR] /workspaces/master-thesis-pascal-joos/code_cure_agent/cca_workspace/geometry-api-java/src/main/java/com/esri/core/geometry/OperatorImportFromGeoJsonLocal.java:[320,17] error: <identifier> expected

[ERROR] /workspaces/master-thesis-pascal-joos/code_cure_agent/cca_workspace/geometry-api-java/src/main/java/com/esri/core/geometry/OperatorImportFromGeoJsonLocal.java:[325,3] error: illegal start of type

[ERROR] /workspaces/master-thesis-pascal-joos/code_cure_agent/cca_workspace/geometry-api-java/src/main/java/com/esri/core/geometry/OperatorImportFromGeoJsonLocal.java:[325,17] error: <identifier> expected

[ERROR] /workspaces/master-thesis-pascal-joos/code_cure_agent/cca_workspace/geometry-api-java/src/main/java/com/esri/core/geometry/OperatorImportFromGeoJsonLocal.java:[330,3] error: illegal start of type

[ERROR] /workspaces/master-thesis-pascal-joos/code_cure_agent/cca_workspace/geometry-api-java/src/main/java/com/esri/core/geometry/OperatorImportFromGeoJsonLocal.java:[330,19] error: <identifier> expected

[ERROR] /workspaces/master-thesis-pascal-joos/code_cure_agent/cca_workspace/geometry-api-java/src/main/java/com/esri/core/geometry/OperatorImportFromGeoJsonLocal.java:[343,35] error: <identifier> expected

[ERROR] /workspaces/master-thesis-pascal-joos/code_cure_agent/cca_workspace/geometry-api-java/src/main/java/com/esri/core/geometry/OperatorImportFromGeoJsonLocal.java:[343,43] error: <identifier> expected

[ERROR] /workspaces/master-thesis-pascal-joos/code_cure_agent/cca_workspace/geometry-api-java/src/main/java/com/esri/core/geometry/OperatorImportFromGeoJsonLocal.java:[344,40] error: <identifier> expected

[ERROR] /workspaces/master-thesis-pascal-joos/code_cure_agent/cca_workspace/geometry-api-java/src/main/java/com/esri/core/geometry/OperatorImportFromGeoJsonLocal.java:[344,53] error: <identifier> expected

[ERROR] /workspaces/master-thesis-pascal-joos/code_cure_agent/cca_workspace/geometry-api-java/src/main/java/com/esri/core/geometry/OperatorImportFromGeoJsonLocal.java:[346,20] error: <identifier> expected

[ERROR] /workspaces/master-thesis-pascal-joos/code_cure_agent/cca_workspace/geometry-api-java/src/main/java/com/esri/core/geometry/OperatorImportFromGeoJsonLocal.java:[346,64] error: <identifier> expected

[ERROR] /workspaces/master-thesis-pascal-joos/code_cure_agent/cca_workspace/geometry-api-java/src/main/java/com/esri/core/geometry/OperatorImportFromGeoJsonLocal.java:[351,3] error: illegal start of type

[ERROR] /workspaces/master-thesis-pascal-joos/code_cure_agent/cca_workspace/geometry-api-java/src/main/java/com/esri/core/geometry/OperatorImportFromGeoJsonLocal.java:[351,44] error: > expected

[ERROR] /workspaces/master-thesis-pascal-joos/code_cure_agent/cca_workspace/geometry-api-java/src/main/java/com/esri/core/geometry/OperatorImportFromGeoJsonLocal.java:[351,46] error: ';' expected

[ERROR] /workspaces/master-thesis-pascal-joos/code_cure_agent/cca_workspace/geometry-api-java/src/main/java/com/esri/core/geometry/OperatorImportFromGeoJsonLocal.java:[351,53] error: <identifier> expected

[ERROR] /workspaces/master-thesis-pascal-joos/code_cure_agent/cca_workspace/geometry-api-java/src/main/java/com/esri/core/geometry/OperatorImportFromGeoJsonLocal.java:[369,40] error: <identifier> expected

[ERROR] /workspaces/master-thesis-pascal-joos/code_cure_agent/cca_workspace/geometry-api-java/src/main/java/com/esri/core/geometry/OperatorImportFromGeoJsonLocal.java:[369,57] error: <identifier> expected

[ERROR] /workspaces/master-thesis-pascal-joos/code_cure_agent/cca_workspace/geometry-api-java/src/main/java/com/esri/core/geometry/OperatorImportFromGeoJsonLocal.java:[370,37] error: <identifier> expected

[ERROR] /workspaces/master-thesis-pascal-joos/code_cure_agent/cca_workspace/geometry-api-java/src/main/java/com/esri/core/geometry/OperatorImportFromGeoJsonLocal.java:[372,3] error: illegal start of type

[ERROR] /workspaces/master-thesis-pascal-joos/code_cure_agent/cca_workspace/geometry-api-java/src/main/java/com/esri/core/geometry/OperatorImportFromGeoJsonLocal.java:[372,17] error: <identifier> expected

[ERROR] /workspaces/master-thesis-pascal-joos/code_cure_agent/cca_workspace/geometry-api-java/src/main/java/com/esri/core/geometry/OperatorImportFromGeoJsonLocal.java:[849,8] error: class, interface, or enum expected

[ERROR] /workspaces/master-thesis-pascal-joos/code_cure_agent/cca_workspace/geometry-api-java/src/main/java/com/esri/core/geometry/OperatorImportFromGeoJsonLocal.java:[853,1] error: class, interface, or enum expected

[ERROR] /workspaces/master-thesis-pascal-joos/code_cure_agent/cca_workspace/geometry-api-java/src/main/java/com/esri/core/geometry/OperatorImportFromGeoJsonLocal.java:[855,8] error: class, interface, or enum expected

[ERROR] /workspaces/master-thesis-pascal-joos/code_cure_agent/cca_workspace/geometry-api-java/src/main/java/com/esri/core/geometry/OperatorImportFromGeoJsonLocal.java:[863,2] error: class, interface, or enum expected

[ERROR] /workspaces/master-thesis-pascal-joos/code_cure_agent/cca_workspace/geometry-api-java/src/main/java/com/esri/core/geometry/OperatorImportFromGeoJsonLocal.java:[864,2] error: class, interface, or enum expected

[ERROR] /workspaces/master-thesis-pascal-joos/code_cure_agent/cca_workspace/geometry-api-java/src/main/java/com/esri/core/geometry/OperatorImportFromGeoJsonLocal.java:[865,2] error: class, interface, or enum expected

[ERROR] /workspaces/master-thesis-pascal-joos/code_cure_agent/cca_workspace/geometry-api-java/src/main/java/com/esri/core/geometry/OperatorImportFromGeoJsonLocal.java:[866,2] error: class, interface, or enum expected

[ERROR] /workspaces/master-thesis-pascal-joos/code_cure_agent/cca_workspace/geometry-api-java/src/main/java/com/esri/core/geometry/OperatorImportFromGeoJsonLocal.java:[867,2] error: class, interface, or enum expected

[ERROR] /workspaces/master-thesis-pascal-joos/code_cure_agent/cca_workspace/geometry-api-java/src/main/java/com/esri/core/geometry/OperatorImportFromGeoJsonLocal.java:[868,2] error: class, interface, or enum expected

[ERROR] /workspaces/master-thesis-pascal-joos/code_cure_agent/cca_workspace/geometry-api-java/src/main/java/com/esri/core/geometry/OperatorImportFromGeoJsonLocal.java:[869,2] error: class, interface, or enum expected

[ERROR] /workspaces/master-thesis-pascal-joos/code_cure_agent/cca_workspace/geometry-api-java/src/main/java/com/esri/core/geometry/OperatorImportFromGeoJsonLocal.java:[870,1] error: class, interface, or enum expected

[INFO] 38 errors 
[INFO] -------------------------------------------------------------
[INFO] ------------------------------------------------------------------------
[INFO] BUILD FAILURE
[INFO] ------------------------------------------------------------------------
[INFO] Total time:  1.466 s
[INFO] Finished at: 2025-08-31T04:44:12Z
[INFO] ------------------------------------------------------------------------
[ERROR] Failed to execute goal org.apache.maven.plugins:maven-compiler-plugin:2.3.1:compile (default-compile) on project esri-geometry-api: Compilation failure: Compilation failure: 
[ERROR] /workspaces/master-thesis-pascal-joos/code_cure_agent/cca_workspace/geometry-api-java/src/main/java/com/esri/core/geometry/OperatorImportFromGeoJsonLocal.java:[231,2] error: illegal start of expression
[ERROR] 
[ERROR] /workspaces/master-thesis-pascal-joos/code_cure_agent/cca_workspace/geometry-api-java/src/main/java/com/esri/core/geometry/OperatorImportFromGeoJsonLocal.java:[316,3] error: invalid method declaration; return type required
[ERROR] 
[ERROR] /workspaces/master-thesis-pascal-joos/code_cure_agent/cca_workspace/geometry-api-java/src/main/java/com/esri/core/geometry/OperatorImportFromGeoJsonLocal.java:[316,37] error: illegal start of type
[ERROR] 
[ERROR] /workspaces/master-thesis-pascal-joos/code_cure_agent/cca_workspace/geometry-api-java/src/main/java/com/esri/core/geometry/OperatorImportFromGeoJsonLocal.java:[317,40] error: <identifier> expected
[ERROR] 
[ERROR] /workspaces/master-thesis-pascal-joos/code_cure_agent/cca_workspace/geometry-api-java/src/main/java/com/esri/core/geometry/OperatorImportFromGeoJsonLocal.java:[317,59] error: <identifier> expected
[ERROR] 
[ERROR] /workspaces/master-thesis-pascal-joos/code_cure_agent/cca_workspace/geometry-api-java/src/main/java/com/esri/core/geometry/OperatorImportFromGeoJsonLocal.java:[318,15] error: <identifier> expected
[ERROR] 
[ERROR] /workspaces/master-thesis-pascal-joos/code_cure_agent/cca_workspace/geometry-api-java/src/main/java/com/esri/core/geometry/OperatorImportFromGeoJsonLocal.java:[320,3] error: illegal start of type
[ERROR] 
[ERROR] /workspaces/master-thesis-pascal-joos/code_cure_agent/cca_workspace/geometry-api-java/src/main/java/com/esri/core/geometry/OperatorImportFromGeoJsonLocal.java:[320,17] error: <identifier> expected
[ERROR] 
[ERROR] /workspaces/master-thesis-pascal-joos/code_cure_agent/cca_workspace/geometry-api-java/src/main/java/com/esri/core/geometry/OperatorImportFromGeoJsonLocal.java:[325,3] error: illegal start of type
[ERROR] 
[ERROR] /workspaces/master-thesis-pascal-joos/code_cure_agent/cca_workspace/geometry-api-java/src/main/java/com/esri/core/geometry/OperatorImportFromGeoJsonLocal.java:[325,17] error: <identifier> expected
[ERROR] 
[ERROR] /workspaces/master-thesis-pascal-joos/code_cure_agent/cca_workspace/geometry-api-java/src/main/java/com/esri/core/geometry/OperatorImportFromGeoJsonLocal.java:[330,3] error: illegal start of type
[ERROR] 
[ERROR] /workspaces/master-thesis-pascal-joos/code_cure_agent/cca_workspace/geometry-api-java/src/main/java/com/esri/core/geometry/OperatorImportFromGeoJsonLocal.java:[330,19] error: <identifier> expected
[ERROR] 
[ERROR] /workspaces/master-thesis-pascal-joos/code_cure_agent/cca_workspace/geometry-api-java/src/main/java/com/esri/core/geometry/OperatorImportFromGeoJsonLocal.java:[343,35] error: <identifier> expected
[ERROR] 
[ERROR] /workspaces/master-thesis-pascal-joos/code_cure_agent/cca_workspace/geometry-api-java/src/main/java/com/esri/core/geometry/OperatorImportFromGeoJsonLocal.java:[343,43] error: <identifier> expected
[ERROR] 
[ERROR] /workspaces/master-thesis-pascal-joos/code_cure_agent/cca_workspace/geometry-api-java/src/main/java/com/esri/core/geometry/OperatorImportFromGeoJsonLocal.java:[344,40] error: <identifier> expected
[ERROR] 
[ERROR] /workspaces/master-thesis-pascal-joos/code_cure_agent/cca_workspace/geometry-api-java/src/main/java/com/esri/core/geometry/OperatorImportFromGeoJsonLocal.java:[344,53] error: <identifier> expected
[ERROR] 
[ERROR] /workspaces/master-thesis-pascal-joos/code_cure_agent/cca_workspace/geometry-api-java/src/main/java/com/esri/core/geometry/OperatorImportFromGeoJsonLocal.java:[346,20] error: <identifier> expected
[ERROR] 
[ERROR] /workspaces/master-thesis-pascal-joos/code_cure_agent/cca_workspace/geometry-api-java/src/main/java/com/esri/core/geometry/OperatorImportFromGeoJsonLocal.java:[346,64] error: <identifier> expected
[ERROR] 
[ERROR] /workspaces/master-thesis-pascal-joos/code_cure_agent/cca_workspace/geometry-api-java/src/main/java/com/esri/core/geometry/OperatorImportFromGeoJsonLocal.java:[351,3] error: illegal start of type
[ERROR] 
[ERROR] /workspaces/master-thesis-pascal-joos/code_cure_agent/cca_workspace/geometry-api-java/src/main/java/com/esri/core/geometry/OperatorImportFromGeoJsonLocal.java:[351,44] error: > expected
[ERROR] 
[ERROR] /workspaces/master-thesis-pascal-joos/code_cure_agent/cca_workspace/geometry-api-java/src/main/java/com/esri/core/geometry/OperatorImportFromGeoJsonLocal.java:[351,46] error: ';' expected
[ERROR] 
[ERROR] /workspaces/master-thesis-pascal-joos/code_cure_agent/cca_workspace/geometry-api-java/src/main/java/com/esri/core/geometry/OperatorImportFromGeoJsonLocal.java:[351,53] error: <identifier> expected
[ERROR] 
[ERROR] /workspaces/master-thesis-pascal-joos/code_cure_agent/cca_workspace/geometry-api-java/src/main/java/com/esri/core/geometry/OperatorImportFromGeoJsonLocal.java:[369,40] error: <identifier> expected
[ERROR] 
[ERROR] /workspaces/master-thesis-pascal-joos/code_cure_agent/cca_workspace/geometry-api-java/src/main/java/com/esri/core/geometry/OperatorImportFromGeoJsonLocal.java:[369,57] error: <identifier> expected
[ERROR] 
[ERROR] /workspaces/master-thesis-pascal-joos/code_cure_agent/cca_workspace/geometry-api-java/src/main/java/com/esri/core/geometry/OperatorImportFromGeoJsonLocal.java:[370,37] error: <identifier> expected
[ERROR] 
[ERROR] /workspaces/master-thesis-pascal-joos/code_cure_agent/cca_workspace/geometry-api-java/src/main/java/com/esri/core/geometry/OperatorImportFromGeoJsonLocal.java:[372,3] error: illegal start of type
[ERROR] 
[ERROR] /workspaces/master-thesis-pascal-joos/code_cure_agent/cca_workspace/geometry-api-java/src/main/java/com/esri/core/geometry/OperatorImportFromGeoJsonLocal.java:[372,17] error: <identifier> expected
[ERROR] 
[ERROR] /workspaces/master-thesis-pascal-joos/code_cure_agent/cca_workspace/geometry-api-java/src/main/java/com/esri/core/geometry/OperatorImportFromGeoJsonLocal.java:[849,8] error: class, interface, or enum expected
[ERROR] 
[ERROR] /workspaces/master-thesis-pascal-joos/code_cure_agent/cca_workspace/geometry-api-java/src/main/java/com/esri/core/geometry/OperatorImportFromGeoJsonLocal.java:[853,1] error: class, interface, or enum expected
[ERROR] 
[ERROR] /workspaces/master-thesis-pascal-joos/code_cure_agent/cca_workspace/geometry-api-java/src/main/java/com/esri/core/geometry/OperatorImportFromGeoJsonLocal.java:[855,8] error: class, interface, or enum expected
[ERROR] 
[ERROR] /workspaces/master-thesis-pascal-joos/code_cure_agent/cca_workspace/geometry-api-java/src/main/java/com/esri/core/geometry/OperatorImportFromGeoJsonLocal.java:[863,2] error: class, interface, or enum expected
[ERROR] 
[ERROR] /workspaces/master-thesis-pascal-joos/code_cure_agent/cca_workspace/geometry-api-java/src/main/java/com/esri/core/geometry/OperatorImportFromGeoJsonLocal.java:[864,2] error: class, interface, or enum expected
[ERROR] 
[ERROR] /workspaces/master-thesis-pascal-joos/code_cure_agent/cca_workspace/geometry-api-java/src/main/java/com/esri/core/geometry/OperatorImportFromGeoJsonLocal.java:[865,2] error: class, interface, or enum expected
[ERROR] 
[ERROR] /workspaces/master-thesis-pascal-joos/code_cure_agent/cca_workspace/geometry-api-java/src/main/java/com/esri/core/geometry/OperatorImportFromGeoJsonLocal.java:[866,2] error: class, interface, or enum expected
[ERROR] 
[ERROR] /workspaces/master-thesis-pascal-joos/code_cure_agent/cca_workspace/geometry-api-java/src/main/java/com/esri/core/geometry/OperatorImportFromGeoJsonLocal.java:[867,2] error: class, interface, or enum expected
[ERROR] 
[ERROR] /workspaces/master-thesis-pascal-joos/code_cure_agent/cca_workspace/geometry-api-java/src/main/java/com/esri/core/geometry/OperatorImportFromGeoJsonLocal.java:[868,2] error: class, interface, or enum expected
[ERROR] 
[ERROR] /workspaces/master-thesis-pascal-joos/code_cure_agent/cca_workspace/geometry-api-java/src/main/java/com/esri/core/geometry/OperatorImportFromGeoJsonLocal.java:[869,2] error: class, interface, or enum expected
[ERROR] 
[ERROR] /workspaces/master-thesis-pascal-joos/code_cure_agent/cca_workspace/geometry-api-java/src/main/java/com/esri/core/geometry/OperatorImportFromGeoJsonLocal.java:[870,1] error: class, interface, or enum expected
[ERROR] -> [Help 1]
[ERROR] 
[ERROR] To see the full stack trace of the errors, re-run Maven with the -e switch.
[ERROR] Re-run Maven using the -X switch to enable full debug logging.
[ERROR] 
[ERROR] For more information about the errors and possible solutions, please read the following articles:
[ERROR] [Help 1] http://cwiki.apache.org/confluence/display/MAVEN/MojoFailureException
