[INFO] Scanning for projects...
[INFO] Inspecting build with total of 1 modules...
[INFO] Installing Nexus Staging features:
[INFO]   ... total of 1 executions of maven-deploy-plugin replaced with nexus-staging-maven-plugin
[INFO] 
[INFO] ----------------< com.esri.geometry:esri-geometry-api >-----------------
[INFO] Building Esri Geometry API for Java 2.2.4
[INFO] --------------------------------[ jar ]---------------------------------
[INFO] 
[INFO] --- maven-clean-plugin:2.5:clean (default-clean) @ esri-geometry-api ---
[INFO] 
[INFO] --- maven-resources-plugin:2.6:resources (default-resources) @ esri-geometry-api ---
[INFO] Using 'UTF-8' encoding to copy filtered resources.
[INFO] Copying 6 resources
[INFO] 
[INFO] --- maven-compiler-plugin:2.3.1:compile (default-compile) @ esri-geometry-api ---
[INFO] Compiling 262 source files to /workspaces/xxxx/code_cure_agent/cca_workspace/geometry-api-java/target/classes
[INFO] -------------------------------------------------------------
[ERROR] COMPILATION ERROR : 
[INFO] -------------------------------------------------------------
[ERROR] /workspaces/xxxx/code_cure_agent/cca_workspace/geometry-api-java/src/main/java/com/esri/core/geometry/TopologicalOperations.java:[907,35] error: ';' expected

[ERROR] /workspaces/xxxx/code_cure_agent/cca_workspace/geometry-api-java/src/main/java/com/esri/core/geometry/TopologicalOperations.java:[907,52] error: <identifier> expected

[ERROR] /workspaces/xxxx/code_cure_agent/cca_workspace/geometry-api-java/src/main/java/com/esri/core/geometry/TopologicalOperations.java:[907,62] error: <identifier> expected

[ERROR] /workspaces/xxxx/code_cure_agent/cca_workspace/geometry-api-java/src/main/java/com/esri/core/geometry/TopologicalOperations.java:[908,20] error: <identifier> expected

[ERROR] /workspaces/xxxx/code_cure_agent/cca_workspace/geometry-api-java/src/main/java/com/esri/core/geometry/TopologicalOperations.java:[908,61] error: <identifier> expected

[ERROR] /workspaces/xxxx/code_cure_agent/cca_workspace/geometry-api-java/src/main/java/com/esri/core/geometry/TopologicalOperations.java:[909,40] error: ';' expected

[ERROR] /workspaces/xxxx/code_cure_agent/cca_workspace/geometry-api-java/src/main/java/com/esri/core/geometry/TopologicalOperations.java:[909,41] error: not a statement

[ERROR] /workspaces/xxxx/code_cure_agent/cca_workspace/geometry-api-java/src/main/java/com/esri/core/geometry/TopologicalOperations.java:[909,57] error: ';' expected

[ERROR] /workspaces/xxxx/code_cure_agent/cca_workspace/geometry-api-java/src/main/java/com/esri/core/geometry/TopologicalOperations.java:[985,1] error: illegal start of expression

[ERROR] /workspaces/xxxx/code_cure_agent/cca_workspace/geometry-api-java/src/main/java/com/esri/core/geometry/TopologicalOperations.java:[1005,3] error: illegal start of type

[ERROR] /workspaces/xxxx/code_cure_agent/cca_workspace/geometry-api-java/src/main/java/com/esri/core/geometry/TopologicalOperations.java:[1005,10] error: invalid method declaration; return type required

[ERROR] /workspaces/xxxx/code_cure_agent/cca_workspace/geometry-api-java/src/main/java/com/esri/core/geometry/TopologicalOperations.java:[1005,50] error: illegal start of type

[ERROR] /workspaces/xxxx/code_cure_agent/cca_workspace/geometry-api-java/src/main/java/com/esri/core/geometry/TopologicalOperations.java:[1006,2] error: illegal start of type

[ERROR] /workspaces/xxxx/code_cure_agent/cca_workspace/geometry-api-java/src/main/java/com/esri/core/geometry/TopologicalOperations.java:[1006,11] error: <identifier> expected

[ERROR] /workspaces/xxxx/code_cure_agent/cca_workspace/geometry-api-java/src/main/java/com/esri/core/geometry/TopologicalOperations.java:[1007,10] error: invalid method declaration; return type required

[ERROR] /workspaces/xxxx/code_cure_agent/cca_workspace/geometry-api-java/src/main/java/com/esri/core/geometry/TopologicalOperations.java:[1009,2] error: illegal start of type

[ERROR] /workspaces/xxxx/code_cure_agent/cca_workspace/geometry-api-java/src/main/java/com/esri/core/geometry/TopologicalOperations.java:[1009,47] error: <identifier> expected

[ERROR] /workspaces/xxxx/code_cure_agent/cca_workspace/geometry-api-java/src/main/java/com/esri/core/geometry/TopologicalOperations.java:[1012,1] error: class, interface, or enum expected

[ERROR] /workspaces/xxxx/code_cure_agent/cca_workspace/geometry-api-java/src/main/java/com/esri/core/geometry/TopologicalOperations.java:[1014,2] error: class, interface, or enum expected

[ERROR] /workspaces/xxxx/code_cure_agent/cca_workspace/geometry-api-java/src/main/java/com/esri/core/geometry/TopologicalOperations.java:[1015,2] error: class, interface, or enum expected

[ERROR] /workspaces/xxxx/code_cure_agent/cca_workspace/geometry-api-java/src/main/java/com/esri/core/geometry/TopologicalOperations.java:[1016,2] error: class, interface, or enum expected

[ERROR] /workspaces/xxxx/code_cure_agent/cca_workspace/geometry-api-java/src/main/java/com/esri/core/geometry/TopologicalOperations.java:[1017,2] error: class, interface, or enum expected

[ERROR] /workspaces/xxxx/code_cure_agent/cca_workspace/geometry-api-java/src/main/java/com/esri/core/geometry/TopologicalOperations.java:[1019,2] error: class, interface, or enum expected

[ERROR] /workspaces/xxxx/code_cure_agent/cca_workspace/geometry-api-java/src/main/java/com/esri/core/geometry/TopologicalOperations.java:[1023,2] error: class, interface, or enum expected

[ERROR] /workspaces/xxxx/code_cure_agent/cca_workspace/geometry-api-java/src/main/java/com/esri/core/geometry/TopologicalOperations.java:[1026,2] error: class, interface, or enum expected

[ERROR] /workspaces/xxxx/code_cure_agent/cca_workspace/geometry-api-java/src/main/java/com/esri/core/geometry/TopologicalOperations.java:[1027,2] error: class, interface, or enum expected

[ERROR] /workspaces/xxxx/code_cure_agent/cca_workspace/geometry-api-java/src/main/java/com/esri/core/geometry/TopologicalOperations.java:[1029,2] error: class, interface, or enum expected

[ERROR] /workspaces/xxxx/code_cure_agent/cca_workspace/geometry-api-java/src/main/java/com/esri/core/geometry/TopologicalOperations.java:[1030,2] error: class, interface, or enum expected

[ERROR] /workspaces/xxxx/code_cure_agent/cca_workspace/geometry-api-java/src/main/java/com/esri/core/geometry/TopologicalOperations.java:[1031,2] error: class, interface, or enum expected

[ERROR] /workspaces/xxxx/code_cure_agent/cca_workspace/geometry-api-java/src/main/java/com/esri/core/geometry/TopologicalOperations.java:[1034,2] error: class, interface, or enum expected

[ERROR] /workspaces/xxxx/code_cure_agent/cca_workspace/geometry-api-java/src/main/java/com/esri/core/geometry/TopologicalOperations.java:[1036,2] error: class, interface, or enum expected

[ERROR] /workspaces/xxxx/code_cure_agent/cca_workspace/geometry-api-java/src/main/java/com/esri/core/geometry/TopologicalOperations.java:[1038,2] error: class, interface, or enum expected

[ERROR] /workspaces/xxxx/code_cure_agent/cca_workspace/geometry-api-java/src/main/java/com/esri/core/geometry/TopologicalOperations.java:[1041,2] error: class, interface, or enum expected

[ERROR] /workspaces/xxxx/code_cure_agent/cca_workspace/geometry-api-java/src/main/java/com/esri/core/geometry/TopologicalOperations.java:[1042,1] error: class, interface, or enum expected

[ERROR] /workspaces/xxxx/code_cure_agent/cca_workspace/geometry-api-java/src/main/java/com/esri/core/geometry/TopologicalOperations.java:[1044,8] error: class, interface, or enum expected

[ERROR] /workspaces/xxxx/code_cure_agent/cca_workspace/geometry-api-java/src/main/java/com/esri/core/geometry/TopologicalOperations.java:[1046,2] error: class, interface, or enum expected

[ERROR] /workspaces/xxxx/code_cure_agent/cca_workspace/geometry-api-java/src/main/java/com/esri/core/geometry/TopologicalOperations.java:[1047,2] error: class, interface, or enum expected

[ERROR] /workspaces/xxxx/code_cure_agent/cca_workspace/geometry-api-java/src/main/java/com/esri/core/geometry/TopologicalOperations.java:[1048,2] error: class, interface, or enum expected

[ERROR] /workspaces/xxxx/code_cure_agent/cca_workspace/geometry-api-java/src/main/java/com/esri/core/geometry/TopologicalOperations.java:[1050,2] error: class, interface, or enum expected

[ERROR] /workspaces/xxxx/code_cure_agent/cca_workspace/geometry-api-java/src/main/java/com/esri/core/geometry/TopologicalOperations.java:[1051,2] error: class, interface, or enum expected

[ERROR] /workspaces/xxxx/code_cure_agent/cca_workspace/geometry-api-java/src/main/java/com/esri/core/geometry/TopologicalOperations.java:[1052,2] error: class, interface, or enum expected

[ERROR] /workspaces/xxxx/code_cure_agent/cca_workspace/geometry-api-java/src/main/java/com/esri/core/geometry/TopologicalOperations.java:[1054,2] error: class, interface, or enum expected

[ERROR] /workspaces/xxxx/code_cure_agent/cca_workspace/geometry-api-java/src/main/java/com/esri/core/geometry/TopologicalOperations.java:[1057,2] error: class, interface, or enum expected

[ERROR] /workspaces/xxxx/code_cure_agent/cca_workspace/geometry-api-java/src/main/java/com/esri/core/geometry/TopologicalOperations.java:[1058,2] error: class, interface, or enum expected

[ERROR] /workspaces/xxxx/code_cure_agent/cca_workspace/geometry-api-java/src/main/java/com/esri/core/geometry/TopologicalOperations.java:[1060,2] error: class, interface, or enum expected

[ERROR] /workspaces/xxxx/code_cure_agent/cca_workspace/geometry-api-java/src/main/java/com/esri/core/geometry/TopologicalOperations.java:[1063,2] error: class, interface, or enum expected

[ERROR] /workspaces/xxxx/code_cure_agent/cca_workspace/geometry-api-java/src/main/java/com/esri/core/geometry/TopologicalOperations.java:[1066,2] error: class, interface, or enum expected

[ERROR] /workspaces/xxxx/code_cure_agent/cca_workspace/geometry-api-java/src/main/java/com/esri/core/geometry/TopologicalOperations.java:[1073,2] error: class, interface, or enum expected

[ERROR] /workspaces/xxxx/code_cure_agent/cca_workspace/geometry-api-java/src/main/java/com/esri/core/geometry/TopologicalOperations.java:[1077,2] error: class, interface, or enum expected

[ERROR] /workspaces/xxxx/code_cure_agent/cca_workspace/geometry-api-java/src/main/java/com/esri/core/geometry/TopologicalOperations.java:[1078,1] error: class, interface, or enum expected

[ERROR] /workspaces/xxxx/code_cure_agent/cca_workspace/geometry-api-java/src/main/java/com/esri/core/geometry/TopologicalOperations.java:[1082,2] error: class, interface, or enum expected

[ERROR] /workspaces/xxxx/code_cure_agent/cca_workspace/geometry-api-java/src/main/java/com/esri/core/geometry/TopologicalOperations.java:[1083,2] error: class, interface, or enum expected

[ERROR] /workspaces/xxxx/code_cure_agent/cca_workspace/geometry-api-java/src/main/java/com/esri/core/geometry/TopologicalOperations.java:[1084,2] error: class, interface, or enum expected

[ERROR] /workspaces/xxxx/code_cure_agent/cca_workspace/geometry-api-java/src/main/java/com/esri/core/geometry/TopologicalOperations.java:[1086,2] error: class, interface, or enum expected

[ERROR] /workspaces/xxxx/code_cure_agent/cca_workspace/geometry-api-java/src/main/java/com/esri/core/geometry/TopologicalOperations.java:[1087,2] error: class, interface, or enum expected

[ERROR] /workspaces/xxxx/code_cure_agent/cca_workspace/geometry-api-java/src/main/java/com/esri/core/geometry/TopologicalOperations.java:[1088,2] error: class, interface, or enum expected

[ERROR] /workspaces/xxxx/code_cure_agent/cca_workspace/geometry-api-java/src/main/java/com/esri/core/geometry/TopologicalOperations.java:[1090,2] error: class, interface, or enum expected

[ERROR] /workspaces/xxxx/code_cure_agent/cca_workspace/geometry-api-java/src/main/java/com/esri/core/geometry/TopologicalOperations.java:[1093,2] error: class, interface, or enum expected

[ERROR] /workspaces/xxxx/code_cure_agent/cca_workspace/geometry-api-java/src/main/java/com/esri/core/geometry/TopologicalOperations.java:[1094,2] error: class, interface, or enum expected

[ERROR] /workspaces/xxxx/code_cure_agent/cca_workspace/geometry-api-java/src/main/java/com/esri/core/geometry/TopologicalOperations.java:[1096,2] error: class, interface, or enum expected

[ERROR] /workspaces/xxxx/code_cure_agent/cca_workspace/geometry-api-java/src/main/java/com/esri/core/geometry/TopologicalOperations.java:[1099,2] error: class, interface, or enum expected

[ERROR] /workspaces/xxxx/code_cure_agent/cca_workspace/geometry-api-java/src/main/java/com/esri/core/geometry/TopologicalOperations.java:[1102,2] error: class, interface, or enum expected

[ERROR] /workspaces/xxxx/code_cure_agent/cca_workspace/geometry-api-java/src/main/java/com/esri/core/geometry/TopologicalOperations.java:[1109,2] error: class, interface, or enum expected

[ERROR] /workspaces/xxxx/code_cure_agent/cca_workspace/geometry-api-java/src/main/java/com/esri/core/geometry/TopologicalOperations.java:[1113,3] error: class, interface, or enum expected

[ERROR] /workspaces/xxxx/code_cure_agent/cca_workspace/geometry-api-java/src/main/java/com/esri/core/geometry/TopologicalOperations.java:[1114,3] error: class, interface, or enum expected

[ERROR] /workspaces/xxxx/code_cure_agent/cca_workspace/geometry-api-java/src/main/java/com/esri/core/geometry/TopologicalOperations.java:[1115,2] error: class, interface, or enum expected

[ERROR] /workspaces/xxxx/code_cure_agent/cca_workspace/geometry-api-java/src/main/java/com/esri/core/geometry/TopologicalOperations.java:[1118,1] error: class, interface, or enum expected

[ERROR] /workspaces/xxxx/code_cure_agent/cca_workspace/geometry-api-java/src/main/java/com/esri/core/geometry/TopologicalOperations.java:[1120,8] error: class, interface, or enum expected

[ERROR] /workspaces/xxxx/code_cure_agent/cca_workspace/geometry-api-java/src/main/java/com/esri/core/geometry/TopologicalOperations.java:[1122,2] error: class, interface, or enum expected

[ERROR] /workspaces/xxxx/code_cure_agent/cca_workspace/geometry-api-java/src/main/java/com/esri/core/geometry/TopologicalOperations.java:[1123,2] error: class, interface, or enum expected

[ERROR] /workspaces/xxxx/code_cure_agent/cca_workspace/geometry-api-java/src/main/java/com/esri/core/geometry/TopologicalOperations.java:[1124,2] error: class, interface, or enum expected

[ERROR] /workspaces/xxxx/code_cure_agent/cca_workspace/geometry-api-java/src/main/java/com/esri/core/geometry/TopologicalOperations.java:[1126,2] error: class, interface, or enum expected

[ERROR] /workspaces/xxxx/code_cure_agent/cca_workspace/geometry-api-java/src/main/java/com/esri/core/geometry/TopologicalOperations.java:[1127,2] error: class, interface, or enum expected

[ERROR] /workspaces/xxxx/code_cure_agent/cca_workspace/geometry-api-java/src/main/java/com/esri/core/geometry/TopologicalOperations.java:[1128,2] error: class, interface, or enum expected

[ERROR] /workspaces/xxxx/code_cure_agent/cca_workspace/geometry-api-java/src/main/java/com/esri/core/geometry/TopologicalOperations.java:[1130,2] error: class, interface, or enum expected

[ERROR] /workspaces/xxxx/code_cure_agent/cca_workspace/geometry-api-java/src/main/java/com/esri/core/geometry/TopologicalOperations.java:[1131,2] error: class, interface, or enum expected

[ERROR] /workspaces/xxxx/code_cure_agent/cca_workspace/geometry-api-java/src/main/java/com/esri/core/geometry/TopologicalOperations.java:[1133,2] error: class, interface, or enum expected

[ERROR] /workspaces/xxxx/code_cure_agent/cca_workspace/geometry-api-java/src/main/java/com/esri/core/geometry/TopologicalOperations.java:[1135,2] error: class, interface, or enum expected

[ERROR] /workspaces/xxxx/code_cure_agent/cca_workspace/geometry-api-java/src/main/java/com/esri/core/geometry/TopologicalOperations.java:[1137,2] error: class, interface, or enum expected

[ERROR] /workspaces/xxxx/code_cure_agent/cca_workspace/geometry-api-java/src/main/java/com/esri/core/geometry/TopologicalOperations.java:[1140,2] error: class, interface, or enum expected

[ERROR] /workspaces/xxxx/code_cure_agent/cca_workspace/geometry-api-java/src/main/java/com/esri/core/geometry/TopologicalOperations.java:[1141,1] error: class, interface, or enum expected

[ERROR] /workspaces/xxxx/code_cure_agent/cca_workspace/geometry-api-java/src/main/java/com/esri/core/geometry/TopologicalOperations.java:[1145,2] error: class, interface, or enum expected

[ERROR] /workspaces/xxxx/code_cure_agent/cca_workspace/geometry-api-java/src/main/java/com/esri/core/geometry/TopologicalOperations.java:[1147,2] error: class, interface, or enum expected

[ERROR] /workspaces/xxxx/code_cure_agent/cca_workspace/geometry-api-java/src/main/java/com/esri/core/geometry/TopologicalOperations.java:[1148,2] error: class, interface, or enum expected

[ERROR] /workspaces/xxxx/code_cure_agent/cca_workspace/geometry-api-java/src/main/java/com/esri/core/geometry/TopologicalOperations.java:[1149,2] error: class, interface, or enum expected

[ERROR] /workspaces/xxxx/code_cure_agent/cca_workspace/geometry-api-java/src/main/java/com/esri/core/geometry/TopologicalOperations.java:[1163,2] error: class, interface, or enum expected

[ERROR] /workspaces/xxxx/code_cure_agent/cca_workspace/geometry-api-java/src/main/java/com/esri/core/geometry/TopologicalOperations.java:[1165,2] error: class, interface, or enum expected

[ERROR] /workspaces/xxxx/code_cure_agent/cca_workspace/geometry-api-java/src/main/java/com/esri/core/geometry/TopologicalOperations.java:[1167,2] error: class, interface, or enum expected

[ERROR] /workspaces/xxxx/code_cure_agent/cca_workspace/geometry-api-java/src/main/java/com/esri/core/geometry/TopologicalOperations.java:[1170,2] error: class, interface, or enum expected

[ERROR] /workspaces/xxxx/code_cure_agent/cca_workspace/geometry-api-java/src/main/java/com/esri/core/geometry/TopologicalOperations.java:[1171,1] error: class, interface, or enum expected

[ERROR] /workspaces/xxxx/code_cure_agent/cca_workspace/geometry-api-java/src/main/java/com/esri/core/geometry/TopologicalOperations.java:[1175,2] error: class, interface, or enum expected

[ERROR] /workspaces/xxxx/code_cure_agent/cca_workspace/geometry-api-java/src/main/java/com/esri/core/geometry/TopologicalOperations.java:[1177,3] error: class, interface, or enum expected

[ERROR] /workspaces/xxxx/code_cure_agent/cca_workspace/geometry-api-java/src/main/java/com/esri/core/geometry/TopologicalOperations.java:[1179,3] error: class, interface, or enum expected

[ERROR] /workspaces/xxxx/code_cure_agent/cca_workspace/geometry-api-java/src/main/java/com/esri/core/geometry/TopologicalOperations.java:[1180,2] error: class, interface, or enum expected

[ERROR] /workspaces/xxxx/code_cure_agent/cca_workspace/geometry-api-java/src/main/java/com/esri/core/geometry/TopologicalOperations.java:[1183,3] error: class, interface, or enum expected

[ERROR] /workspaces/xxxx/code_cure_agent/cca_workspace/geometry-api-java/src/main/java/com/esri/core/geometry/TopologicalOperations.java:[1185,3] error: class, interface, or enum expected

[ERROR] /workspaces/xxxx/code_cure_agent/cca_workspace/geometry-api-java/src/main/java/com/esri/core/geometry/TopologicalOperations.java:[1186,2] error: class, interface, or enum expected

[ERROR] /workspaces/xxxx/code_cure_agent/cca_workspace/geometry-api-java/src/main/java/com/esri/core/geometry/TopologicalOperations.java:[1189,3] error: class, interface, or enum expected

[ERROR] /workspaces/xxxx/code_cure_agent/cca_workspace/geometry-api-java/src/main/java/com/esri/core/geometry/TopologicalOperations.java:[1191,3] error: class, interface, or enum expected

[ERROR] /workspaces/xxxx/code_cure_agent/cca_workspace/geometry-api-java/src/main/java/com/esri/core/geometry/TopologicalOperations.java:[1192,2] error: class, interface, or enum expected

[INFO] 100 errors 
[INFO] -------------------------------------------------------------
[INFO] ------------------------------------------------------------------------
[INFO] BUILD FAILURE
[INFO] ------------------------------------------------------------------------
[INFO] Total time:  1.504 s
[INFO] Finished at: 2025-08-31T04:44:31Z
[INFO] ------------------------------------------------------------------------
[ERROR] Failed to execute goal org.apache.maven.plugins:maven-compiler-plugin:2.3.1:compile (default-compile) on project esri-geometry-api: Compilation failure: Compilation failure: 
[ERROR] /workspaces/xxxx/code_cure_agent/cca_workspace/geometry-api-java/src/main/java/com/esri/core/geometry/TopologicalOperations.java:[907,35] error: ';' expected
[ERROR] 
[ERROR] /workspaces/xxxx/code_cure_agent/cca_workspace/geometry-api-java/src/main/java/com/esri/core/geometry/TopologicalOperations.java:[907,52] error: <identifier> expected
[ERROR] 
[ERROR] /workspaces/xxxx/code_cure_agent/cca_workspace/geometry-api-java/src/main/java/com/esri/core/geometry/TopologicalOperations.java:[907,62] error: <identifier> expected
[ERROR] 
[ERROR] /workspaces/xxxx/code_cure_agent/cca_workspace/geometry-api-java/src/main/java/com/esri/core/geometry/TopologicalOperations.java:[908,20] error: <identifier> expected
[ERROR] 
[ERROR] /workspaces/xxxx/code_cure_agent/cca_workspace/geometry-api-java/src/main/java/com/esri/core/geometry/TopologicalOperations.java:[908,61] error: <identifier> expected
[ERROR] 
[ERROR] /workspaces/xxxx/code_cure_agent/cca_workspace/geometry-api-java/src/main/java/com/esri/core/geometry/TopologicalOperations.java:[909,40] error: ';' expected
[ERROR] 
[ERROR] /workspaces/xxxx/code_cure_agent/cca_workspace/geometry-api-java/src/main/java/com/esri/core/geometry/TopologicalOperations.java:[909,41] error: not a statement
[ERROR] 
[ERROR] /workspaces/xxxx/code_cure_agent/cca_workspace/geometry-api-java/src/main/java/com/esri/core/geometry/TopologicalOperations.java:[909,57] error: ';' expected
[ERROR] 
[ERROR] /workspaces/xxxx/code_cure_agent/cca_workspace/geometry-api-java/src/main/java/com/esri/core/geometry/TopologicalOperations.java:[985,1] error: illegal start of expression
[ERROR] 
[ERROR] /workspaces/xxxx/code_cure_agent/cca_workspace/geometry-api-java/src/main/java/com/esri/core/geometry/TopologicalOperations.java:[1005,3] error: illegal start of type
[ERROR] 
[ERROR] /workspaces/xxxx/code_cure_agent/cca_workspace/geometry-api-java/src/main/java/com/esri/core/geometry/TopologicalOperations.java:[1005,10] error: invalid method declaration; return type required
[ERROR] 
[ERROR] /workspaces/xxxx/code_cure_agent/cca_workspace/geometry-api-java/src/main/java/com/esri/core/geometry/TopologicalOperations.java:[1005,50] error: illegal start of type
[ERROR] 
[ERROR] /workspaces/xxxx/code_cure_agent/cca_workspace/geometry-api-java/src/main/java/com/esri/core/geometry/TopologicalOperations.java:[1006,2] error: illegal start of type
[ERROR] 
[ERROR] /workspaces/xxxx/code_cure_agent/cca_workspace/geometry-api-java/src/main/java/com/esri/core/geometry/TopologicalOperations.java:[1006,11] error: <identifier> expected
[ERROR] 
[ERROR] /workspaces/xxxx/code_cure_agent/cca_workspace/geometry-api-java/src/main/java/com/esri/core/geometry/TopologicalOperations.java:[1007,10] error: invalid method declaration; return type required
[ERROR] 
[ERROR] /workspaces/xxxx/code_cure_agent/cca_workspace/geometry-api-java/src/main/java/com/esri/core/geometry/TopologicalOperations.java:[1009,2] error: illegal start of type
[ERROR] 
[ERROR] /workspaces/xxxx/code_cure_agent/cca_workspace/geometry-api-java/src/main/java/com/esri/core/geometry/TopologicalOperations.java:[1009,47] error: <identifier> expected
[ERROR] 
[ERROR] /workspaces/xxxx/code_cure_agent/cca_workspace/geometry-api-java/src/main/java/com/esri/core/geometry/TopologicalOperations.java:[1012,1] error: class, interface, or enum expected
[ERROR] 
[ERROR] /workspaces/xxxx/code_cure_agent/cca_workspace/geometry-api-java/src/main/java/com/esri/core/geometry/TopologicalOperations.java:[1014,2] error: class, interface, or enum expected
[ERROR] 
[ERROR] /workspaces/xxxx/code_cure_agent/cca_workspace/geometry-api-java/src/main/java/com/esri/core/geometry/TopologicalOperations.java:[1015,2] error: class, interface, or enum expected
[ERROR] 
[ERROR] /workspaces/xxxx/code_cure_agent/cca_workspace/geometry-api-java/src/main/java/com/esri/core/geometry/TopologicalOperations.java:[1016,2] error: class, interface, or enum expected
[ERROR] 
[ERROR] /workspaces/xxxx/code_cure_agent/cca_workspace/geometry-api-java/src/main/java/com/esri/core/geometry/TopologicalOperations.java:[1017,2] error: class, interface, or enum expected
[ERROR] 
[ERROR] /workspaces/xxxx/code_cure_agent/cca_workspace/geometry-api-java/src/main/java/com/esri/core/geometry/TopologicalOperations.java:[1019,2] error: class, interface, or enum expected
[ERROR] 
[ERROR] /workspaces/xxxx/code_cure_agent/cca_workspace/geometry-api-java/src/main/java/com/esri/core/geometry/TopologicalOperations.java:[1023,2] error: class, interface, or enum expected
[ERROR] 
[ERROR] /workspaces/xxxx/code_cure_agent/cca_workspace/geometry-api-java/src/main/java/com/esri/core/geometry/TopologicalOperations.java:[1026,2] error: class, interface, or enum expected
[ERROR] 
[ERROR] /workspaces/xxxx/code_cure_agent/cca_workspace/geometry-api-java/src/main/java/com/esri/core/geometry/TopologicalOperations.java:[1027,2] error: class, interface, or enum expected
[ERROR] 
[ERROR] /workspaces/xxxx/code_cure_agent/cca_workspace/geometry-api-java/src/main/java/com/esri/core/geometry/TopologicalOperations.java:[1029,2] error: class, interface, or enum expected
[ERROR] 
[ERROR] /workspaces/xxxx/code_cure_agent/cca_workspace/geometry-api-java/src/main/java/com/esri/core/geometry/TopologicalOperations.java:[1030,2] error: class, interface, or enum expected
[ERROR] 
[ERROR] /workspaces/xxxx/code_cure_agent/cca_workspace/geometry-api-java/src/main/java/com/esri/core/geometry/TopologicalOperations.java:[1031,2] error: class, interface, or enum expected
[ERROR] 
[ERROR] /workspaces/xxxx/code_cure_agent/cca_workspace/geometry-api-java/src/main/java/com/esri/core/geometry/TopologicalOperations.java:[1034,2] error: class, interface, or enum expected
[ERROR] 
[ERROR] /workspaces/xxxx/code_cure_agent/cca_workspace/geometry-api-java/src/main/java/com/esri/core/geometry/TopologicalOperations.java:[1036,2] error: class, interface, or enum expected
[ERROR] 
[ERROR] /workspaces/xxxx/code_cure_agent/cca_workspace/geometry-api-java/src/main/java/com/esri/core/geometry/TopologicalOperations.java:[1038,2] error: class, interface, or enum expected
[ERROR] 
[ERROR] /workspaces/xxxx/code_cure_agent/cca_workspace/geometry-api-java/src/main/java/com/esri/core/geometry/TopologicalOperations.java:[1041,2] error: class, interface, or enum expected
[ERROR] 
[ERROR] /workspaces/xxxx/code_cure_agent/cca_workspace/geometry-api-java/src/main/java/com/esri/core/geometry/TopologicalOperations.java:[1042,1] error: class, interface, or enum expected
[ERROR] 
[ERROR] /workspaces/xxxx/code_cure_agent/cca_workspace/geometry-api-java/src/main/java/com/esri/core/geometry/TopologicalOperations.java:[1044,8] error: class, interface, or enum expected
[ERROR] 
[ERROR] /workspaces/xxxx/code_cure_agent/cca_workspace/geometry-api-java/src/main/java/com/esri/core/geometry/TopologicalOperations.java:[1046,2] error: class, interface, or enum expected
[ERROR] 
[ERROR] /workspaces/xxxx/code_cure_agent/cca_workspace/geometry-api-java/src/main/java/com/esri/core/geometry/TopologicalOperations.java:[1047,2] error: class, interface, or enum expected
[ERROR] 
[ERROR] /workspaces/xxxx/code_cure_agent/cca_workspace/geometry-api-java/src/main/java/com/esri/core/geometry/TopologicalOperations.java:[1048,2] error: class, interface, or enum expected
[ERROR] 
[ERROR] /workspaces/xxxx/code_cure_agent/cca_workspace/geometry-api-java/src/main/java/com/esri/core/geometry/TopologicalOperations.java:[1050,2] error: class, interface, or enum expected
[ERROR] 
[ERROR] /workspaces/xxxx/code_cure_agent/cca_workspace/geometry-api-java/src/main/java/com/esri/core/geometry/TopologicalOperations.java:[1051,2] error: class, interface, or enum expected
[ERROR] 
[ERROR] /workspaces/xxxx/code_cure_agent/cca_workspace/geometry-api-java/src/main/java/com/esri/core/geometry/TopologicalOperations.java:[1052,2] error: class, interface, or enum expected
[ERROR] 
[ERROR] /workspaces/xxxx/code_cure_agent/cca_workspace/geometry-api-java/src/main/java/com/esri/core/geometry/TopologicalOperations.java:[1054,2] error: class, interface, or enum expected
[ERROR] 
[ERROR] /workspaces/xxxx/code_cure_agent/cca_workspace/geometry-api-java/src/main/java/com/esri/core/geometry/TopologicalOperations.java:[1057,2] error: class, interface, or enum expected
[ERROR] 
[ERROR] /workspaces/xxxx/code_cure_agent/cca_workspace/geometry-api-java/src/main/java/com/esri/core/geometry/TopologicalOperations.java:[1058,2] error: class, interface, or enum expected
[ERROR] 
[ERROR] /workspaces/xxxx/code_cure_agent/cca_workspace/geometry-api-java/src/main/java/com/esri/core/geometry/TopologicalOperations.java:[1060,2] error: class, interface, or enum expected
[ERROR] 
[ERROR] /workspaces/xxxx/code_cure_agent/cca_workspace/geometry-api-java/src/main/java/com/esri/core/geometry/TopologicalOperations.java:[1063,2] error: class, interface, or enum expected
[ERROR] 
[ERROR] /workspaces/xxxx/code_cure_agent/cca_workspace/geometry-api-java/src/main/java/com/esri/core/geometry/TopologicalOperations.java:[1066,2] error: class, interface, or enum expected
[ERROR] 
[ERROR] /workspaces/xxxx/code_cure_agent/cca_workspace/geometry-api-java/src/main/java/com/esri/core/geometry/TopologicalOperations.java:[1073,2] error: class, interface, or enum expected
[ERROR] 
[ERROR] /workspaces/xxxx/code_cure_agent/cca_workspace/geometry-api-java/src/main/java/com/esri/core/geometry/TopologicalOperations.java:[1077,2] error: class, interface, or enum expected
[ERROR] 
[ERROR] /workspaces/xxxx/code_cure_agent/cca_workspace/geometry-api-java/src/main/java/com/esri/core/geometry/TopologicalOperations.java:[1078,1] error: class, interface, or enum expected
[ERROR] 
[ERROR] /workspaces/xxxx/code_cure_agent/cca_workspace/geometry-api-java/src/main/java/com/esri/core/geometry/TopologicalOperations.java:[1082,2] error: class, interface, or enum expected
[ERROR] 
[ERROR] /workspaces/xxxx/code_cure_agent/cca_workspace/geometry-api-java/src/main/java/com/esri/core/geometry/TopologicalOperations.java:[1083,2] error: class, interface, or enum expected
[ERROR] 
[ERROR] /workspaces/xxxx/code_cure_agent/cca_workspace/geometry-api-java/src/main/java/com/esri/core/geometry/TopologicalOperations.java:[1084,2] error: class, interface, or enum expected
[ERROR] 
[ERROR] /workspaces/xxxx/code_cure_agent/cca_workspace/geometry-api-java/src/main/java/com/esri/core/geometry/TopologicalOperations.java:[1086,2] error: class, interface, or enum expected
[ERROR] 
[ERROR] /workspaces/xxxx/code_cure_agent/cca_workspace/geometry-api-java/src/main/java/com/esri/core/geometry/TopologicalOperations.java:[1087,2] error: class, interface, or enum expected
[ERROR] 
[ERROR] /workspaces/xxxx/code_cure_agent/cca_workspace/geometry-api-java/src/main/java/com/esri/core/geometry/TopologicalOperations.java:[1088,2] error: class, interface, or enum expected
[ERROR] 
[ERROR] /workspaces/xxxx/code_cure_agent/cca_workspace/geometry-api-java/src/main/java/com/esri/core/geometry/TopologicalOperations.java:[1090,2] error: class, interface, or enum expected
[ERROR] 
[ERROR] /workspaces/xxxx/code_cure_agent/cca_workspace/geometry-api-java/src/main/java/com/esri/core/geometry/TopologicalOperations.java:[1093,2] error: class, interface, or enum expected
[ERROR] 
[ERROR] /workspaces/xxxx/code_cure_agent/cca_workspace/geometry-api-java/src/main/java/com/esri/core/geometry/TopologicalOperations.java:[1094,2] error: class, interface, or enum expected
[ERROR] 
[ERROR] /workspaces/xxxx/code_cure_agent/cca_workspace/geometry-api-java/src/main/java/com/esri/core/geometry/TopologicalOperations.java:[1096,2] error: class, interface, or enum expected
[ERROR] 
[ERROR] /workspaces/xxxx/code_cure_agent/cca_workspace/geometry-api-java/src/main/java/com/esri/core/geometry/TopologicalOperations.java:[1099,2] error: class, interface, or enum expected
[ERROR] 
[ERROR] /workspaces/xxxx/code_cure_agent/cca_workspace/geometry-api-java/src/main/java/com/esri/core/geometry/TopologicalOperations.java:[1102,2] error: class, interface, or enum expected
[ERROR] 
[ERROR] /workspaces/xxxx/code_cure_agent/cca_workspace/geometry-api-java/src/main/java/com/esri/core/geometry/TopologicalOperations.java:[1109,2] error: class, interface, or enum expected
[ERROR] 
[ERROR] /workspaces/xxxx/code_cure_agent/cca_workspace/geometry-api-java/src/main/java/com/esri/core/geometry/TopologicalOperations.java:[1113,3] error: class, interface, or enum expected
[ERROR] 
[ERROR] /workspaces/xxxx/code_cure_agent/cca_workspace/geometry-api-java/src/main/java/com/esri/core/geometry/TopologicalOperations.java:[1114,3] error: class, interface, or enum expected
[ERROR] 
[ERROR] /workspaces/xxxx/code_cure_agent/cca_workspace/geometry-api-java/src/main/java/com/esri/core/geometry/TopologicalOperations.java:[1115,2] error: class, interface, or enum expected
[ERROR] 
[ERROR] /workspaces/xxxx/code_cure_agent/cca_workspace/geometry-api-java/src/main/java/com/esri/core/geometry/TopologicalOperations.java:[1118,1] error: class, interface, or enum expected
[ERROR] 
[ERROR] /workspaces/xxxx/code_cure_agent/cca_workspace/geometry-api-java/src/main/java/com/esri/core/geometry/TopologicalOperations.java:[1120,8] error: class, interface, or enum expected
[ERROR] 
[ERROR] /workspaces/xxxx/code_cure_agent/cca_workspace/geometry-api-java/src/main/java/com/esri/core/geometry/TopologicalOperations.java:[1122,2] error: class, interface, or enum expected
[ERROR] 
[ERROR] /workspaces/xxxx/code_cure_agent/cca_workspace/geometry-api-java/src/main/java/com/esri/core/geometry/TopologicalOperations.java:[1123,2] error: class, interface, or enum expected
[ERROR] 
[ERROR] /workspaces/xxxx/code_cure_agent/cca_workspace/geometry-api-java/src/main/java/com/esri/core/geometry/TopologicalOperations.java:[1124,2] error: class, interface, or enum expected
[ERROR] 
[ERROR] /workspaces/xxxx/code_cure_agent/cca_workspace/geometry-api-java/src/main/java/com/esri/core/geometry/TopologicalOperations.java:[1126,2] error: class, interface, or enum expected
[ERROR] 
[ERROR] /workspaces/xxxx/code_cure_agent/cca_workspace/geometry-api-java/src/main/java/com/esri/core/geometry/TopologicalOperations.java:[1127,2] error: class, interface, or enum expected
[ERROR] 
[ERROR] /workspaces/xxxx/code_cure_agent/cca_workspace/geometry-api-java/src/main/java/com/esri/core/geometry/TopologicalOperations.java:[1128,2] error: class, interface, or enum expected
[ERROR] 
[ERROR] /workspaces/xxxx/code_cure_agent/cca_workspace/geometry-api-java/src/main/java/com/esri/core/geometry/TopologicalOperations.java:[1130,2] error: class, interface, or enum expected
[ERROR] 
[ERROR] /workspaces/xxxx/code_cure_agent/cca_workspace/geometry-api-java/src/main/java/com/esri/core/geometry/TopologicalOperations.java:[1131,2] error: class, interface, or enum expected
[ERROR] 
[ERROR] /workspaces/xxxx/code_cure_agent/cca_workspace/geometry-api-java/src/main/java/com/esri/core/geometry/TopologicalOperations.java:[1133,2] error: class, interface, or enum expected
[ERROR] 
[ERROR] /workspaces/xxxx/code_cure_agent/cca_workspace/geometry-api-java/src/main/java/com/esri/core/geometry/TopologicalOperations.java:[1135,2] error: class, interface, or enum expected
[ERROR] 
[ERROR] /workspaces/xxxx/code_cure_agent/cca_workspace/geometry-api-java/src/main/java/com/esri/core/geometry/TopologicalOperations.java:[1137,2] error: class, interface, or enum expected
[ERROR] 
[ERROR] /workspaces/xxxx/code_cure_agent/cca_workspace/geometry-api-java/src/main/java/com/esri/core/geometry/TopologicalOperations.java:[1140,2] error: class, interface, or enum expected
[ERROR] 
[ERROR] /workspaces/xxxx/code_cure_agent/cca_workspace/geometry-api-java/src/main/java/com/esri/core/geometry/TopologicalOperations.java:[1141,1] error: class, interface, or enum expected
[ERROR] 
[ERROR] /workspaces/xxxx/code_cure_agent/cca_workspace/geometry-api-java/src/main/java/com/esri/core/geometry/TopologicalOperations.java:[1145,2] error: class, interface, or enum expected
[ERROR] 
[ERROR] /workspaces/xxxx/code_cure_agent/cca_workspace/geometry-api-java/src/main/java/com/esri/core/geometry/TopologicalOperations.java:[1147,2] error: class, interface, or enum expected
[ERROR] 
[ERROR] /workspaces/xxxx/code_cure_agent/cca_workspace/geometry-api-java/src/main/java/com/esri/core/geometry/TopologicalOperations.java:[1148,2] error: class, interface, or enum expected
[ERROR] 
[ERROR] /workspaces/xxxx/code_cure_agent/cca_workspace/geometry-api-java/src/main/java/com/esri/core/geometry/TopologicalOperations.java:[1149,2] error: class, interface, or enum expected
[ERROR] 
[ERROR] /workspaces/xxxx/code_cure_agent/cca_workspace/geometry-api-java/src/main/java/com/esri/core/geometry/TopologicalOperations.java:[1163,2] error: class, interface, or enum expected
[ERROR] 
[ERROR] /workspaces/xxxx/code_cure_agent/cca_workspace/geometry-api-java/src/main/java/com/esri/core/geometry/TopologicalOperations.java:[1165,2] error: class, interface, or enum expected
[ERROR] 
[ERROR] /workspaces/xxxx/code_cure_agent/cca_workspace/geometry-api-java/src/main/java/com/esri/core/geometry/TopologicalOperations.java:[1167,2] error: class, interface, or enum expected
[ERROR] 
[ERROR] /workspaces/xxxx/code_cure_agent/cca_workspace/geometry-api-java/src/main/java/com/esri/core/geometry/TopologicalOperations.java:[1170,2] error: class, interface, or enum expected
[ERROR] 
[ERROR] /workspaces/xxxx/code_cure_agent/cca_workspace/geometry-api-java/src/main/java/com/esri/core/geometry/TopologicalOperations.java:[1171,1] error: class, interface, or enum expected
[ERROR] 
[ERROR] /workspaces/xxxx/code_cure_agent/cca_workspace/geometry-api-java/src/main/java/com/esri/core/geometry/TopologicalOperations.java:[1175,2] error: class, interface, or enum expected
[ERROR] 
[ERROR] /workspaces/xxxx/code_cure_agent/cca_workspace/geometry-api-java/src/main/java/com/esri/core/geometry/TopologicalOperations.java:[1177,3] error: class, interface, or enum expected
[ERROR] 
[ERROR] /workspaces/xxxx/code_cure_agent/cca_workspace/geometry-api-java/src/main/java/com/esri/core/geometry/TopologicalOperations.java:[1179,3] error: class, interface, or enum expected
[ERROR] 
[ERROR] /workspaces/xxxx/code_cure_agent/cca_workspace/geometry-api-java/src/main/java/com/esri/core/geometry/TopologicalOperations.java:[1180,2] error: class, interface, or enum expected
[ERROR] 
[ERROR] /workspaces/xxxx/code_cure_agent/cca_workspace/geometry-api-java/src/main/java/com/esri/core/geometry/TopologicalOperations.java:[1183,3] error: class, interface, or enum expected
[ERROR] 
[ERROR] /workspaces/xxxx/code_cure_agent/cca_workspace/geometry-api-java/src/main/java/com/esri/core/geometry/TopologicalOperations.java:[1185,3] error: class, interface, or enum expected
[ERROR] 
[ERROR] /workspaces/xxxx/code_cure_agent/cca_workspace/geometry-api-java/src/main/java/com/esri/core/geometry/TopologicalOperations.java:[1186,2] error: class, interface, or enum expected
[ERROR] 
[ERROR] /workspaces/xxxx/code_cure_agent/cca_workspace/geometry-api-java/src/main/java/com/esri/core/geometry/TopologicalOperations.java:[1189,3] error: class, interface, or enum expected
[ERROR] 
[ERROR] /workspaces/xxxx/code_cure_agent/cca_workspace/geometry-api-java/src/main/java/com/esri/core/geometry/TopologicalOperations.java:[1191,3] error: class, interface, or enum expected
[ERROR] 
[ERROR] /workspaces/xxxx/code_cure_agent/cca_workspace/geometry-api-java/src/main/java/com/esri/core/geometry/TopologicalOperations.java:[1192,2] error: class, interface, or enum expected
[ERROR] -> [Help 1]
[ERROR] 
[ERROR] To see the full stack trace of the errors, re-run Maven with the -e switch.
[ERROR] Re-run Maven using the -X switch to enable full debug logging.
[ERROR] 
[ERROR] For more information about the errors and possible solutions, please read the following articles:
[ERROR] [Help 1] http://cwiki.apache.org/confluence/display/MAVEN/MojoFailureException
