[INFO] Scanning for projects...
[INFO] 
[INFO] -----< com.github.vincentrussell:sql-to-mongo-db-query-converter >------
[INFO] Building sql-to-mongo-db-query-converter 1.19-SNAPSHOT
[INFO] --------------------------------[ jar ]---------------------------------
[INFO] 
[INFO] --- maven-clean-plugin:2.5:clean (default-clean) @ sql-to-mongo-db-query-converter ---
[INFO] 
[INFO] --- maven-resources-plugin:2.6:resources (default-resources) @ sql-to-mongo-db-query-converter ---
[INFO] Using 'UTF-8' encoding to copy filtered resources.
[INFO] skip non existing resourceDirectory /workspaces/xxxx/code_cure_agent/cca_workspace/sql-to-mongo-db-query-converter/src/main/resources
[INFO] 
[INFO] --- maven-compiler-plugin:3.5:compile (default-compile) @ sql-to-mongo-db-query-converter ---
[INFO] Changes detected - recompiling the module!
[INFO] Compiling 27 source files to /workspaces/xxxx/code_cure_agent/cca_workspace/sql-to-mongo-db-query-converter/target/classes
[INFO] -------------------------------------------------------------
[ERROR] COMPILATION ERROR : 
[INFO] -------------------------------------------------------------
[ERROR] /workspaces/xxxx/code_cure_agent/cca_workspace/sql-to-mongo-db-query-converter/src/main/java/com/github/vincentrussell/query/mongodb/sql/converter/util/SqlUtils.java:[419,19] class, interface, or enum expected
[ERROR] /workspaces/xxxx/code_cure_agent/cca_workspace/sql-to-mongo-db-query-converter/src/main/java/com/github/vincentrussell/query/mongodb/sql/converter/util/SqlUtils.java:[419,61] class, interface, or enum expected
[ERROR] /workspaces/xxxx/code_cure_agent/cca_workspace/sql-to-mongo-db-query-converter/src/main/java/com/github/vincentrussell/query/mongodb/sql/converter/util/SqlUtils.java:[420,61] class, interface, or enum expected
[ERROR] /workspaces/xxxx/code_cure_agent/cca_workspace/sql-to-mongo-db-query-converter/src/main/java/com/github/vincentrussell/query/mongodb/sql/converter/util/SqlUtils.java:[421,37] <identifier> expected
[ERROR] /workspaces/xxxx/code_cure_agent/cca_workspace/sql-to-mongo-db-query-converter/src/main/java/com/github/vincentrussell/query/mongodb/sql/converter/util/SqlUtils.java:[424,13] illegal start of type
[ERROR] /workspaces/xxxx/code_cure_agent/cca_workspace/sql-to-mongo-db-query-converter/src/main/java/com/github/vincentrussell/query/mongodb/sql/converter/util/SqlUtils.java:[424,26] <identifier> expected
[ERROR] /workspaces/xxxx/code_cure_agent/cca_workspace/sql-to-mongo-db-query-converter/src/main/java/com/github/vincentrussell/query/mongodb/sql/converter/util/SqlUtils.java:[424,31] <identifier> expected
[ERROR] /workspaces/xxxx/code_cure_agent/cca_workspace/sql-to-mongo-db-query-converter/src/main/java/com/github/vincentrussell/query/mongodb/sql/converter/util/SqlUtils.java:[426,17] illegal start of type
[ERROR] /workspaces/xxxx/code_cure_agent/cca_workspace/sql-to-mongo-db-query-converter/src/main/java/com/github/vincentrussell/query/mongodb/sql/converter/util/SqlUtils.java:[426,34] invalid method declaration; return type required
[ERROR] /workspaces/xxxx/code_cure_agent/cca_workspace/sql-to-mongo-db-query-converter/src/main/java/com/github/vincentrussell/query/mongodb/sql/converter/util/SqlUtils.java:[426,57] <identifier> expected
[ERROR] /workspaces/xxxx/code_cure_agent/cca_workspace/sql-to-mongo-db-query-converter/src/main/java/com/github/vincentrussell/query/mongodb/sql/converter/util/SqlUtils.java:[428,45] <identifier> expected
[ERROR] /workspaces/xxxx/code_cure_agent/cca_workspace/sql-to-mongo-db-query-converter/src/main/java/com/github/vincentrussell/query/mongodb/sql/converter/util/SqlUtils.java:[430,21] illegal start of type
[ERROR] /workspaces/xxxx/code_cure_agent/cca_workspace/sql-to-mongo-db-query-converter/src/main/java/com/github/vincentrussell/query/mongodb/sql/converter/util/SqlUtils.java:[430,32] invalid method declaration; return type required
[ERROR] /workspaces/xxxx/code_cure_agent/cca_workspace/sql-to-mongo-db-query-converter/src/main/java/com/github/vincentrussell/query/mongodb/sql/converter/util/SqlUtils.java:[430,55] <identifier> expected
[ERROR] /workspaces/xxxx/code_cure_agent/cca_workspace/sql-to-mongo-db-query-converter/src/main/java/com/github/vincentrussell/query/mongodb/sql/converter/util/SqlUtils.java:[430,72] <identifier> expected
[ERROR] /workspaces/xxxx/code_cure_agent/cca_workspace/sql-to-mongo-db-query-converter/src/main/java/com/github/vincentrussell/query/mongodb/sql/converter/util/SqlUtils.java:[430,92] <identifier> expected
[ERROR] /workspaces/xxxx/code_cure_agent/cca_workspace/sql-to-mongo-db-query-converter/src/main/java/com/github/vincentrussell/query/mongodb/sql/converter/util/SqlUtils.java:[431,19] illegal start of type
[ERROR] /workspaces/xxxx/code_cure_agent/cca_workspace/sql-to-mongo-db-query-converter/src/main/java/com/github/vincentrussell/query/mongodb/sql/converter/util/SqlUtils.java:[431,39] invalid method declaration; return type required
[ERROR] /workspaces/xxxx/code_cure_agent/cca_workspace/sql-to-mongo-db-query-converter/src/main/java/com/github/vincentrussell/query/mongodb/sql/converter/util/SqlUtils.java:[431,62] <identifier> expected
[ERROR] /workspaces/xxxx/code_cure_agent/cca_workspace/sql-to-mongo-db-query-converter/src/main/java/com/github/vincentrussell/query/mongodb/sql/converter/util/SqlUtils.java:[433,45] <identifier> expected
[ERROR] /workspaces/xxxx/code_cure_agent/cca_workspace/sql-to-mongo-db-query-converter/src/main/java/com/github/vincentrussell/query/mongodb/sql/converter/util/SqlUtils.java:[435,21] illegal start of type
[ERROR] /workspaces/xxxx/code_cure_agent/cca_workspace/sql-to-mongo-db-query-converter/src/main/java/com/github/vincentrussell/query/mongodb/sql/converter/util/SqlUtils.java:[435,32] invalid method declaration; return type required
[ERROR] /workspaces/xxxx/code_cure_agent/cca_workspace/sql-to-mongo-db-query-converter/src/main/java/com/github/vincentrussell/query/mongodb/sql/converter/util/SqlUtils.java:[435,55] <identifier> expected
[ERROR] /workspaces/xxxx/code_cure_agent/cca_workspace/sql-to-mongo-db-query-converter/src/main/java/com/github/vincentrussell/query/mongodb/sql/converter/util/SqlUtils.java:[435,72] <identifier> expected
[ERROR] /workspaces/xxxx/code_cure_agent/cca_workspace/sql-to-mongo-db-query-converter/src/main/java/com/github/vincentrussell/query/mongodb/sql/converter/util/SqlUtils.java:[435,92] <identifier> expected
[ERROR] /workspaces/xxxx/code_cure_agent/cca_workspace/sql-to-mongo-db-query-converter/src/main/java/com/github/vincentrussell/query/mongodb/sql/converter/util/SqlUtils.java:[437,15] illegal start of type
[ERROR] /workspaces/xxxx/code_cure_agent/cca_workspace/sql-to-mongo-db-query-converter/src/main/java/com/github/vincentrussell/query/mongodb/sql/converter/util/SqlUtils.java:[437,33] <identifier> expected
[ERROR] /workspaces/xxxx/code_cure_agent/cca_workspace/sql-to-mongo-db-query-converter/src/main/java/com/github/vincentrussell/query/mongodb/sql/converter/util/SqlUtils.java:[437,38] <identifier> expected
[ERROR] /workspaces/xxxx/code_cure_agent/cca_workspace/sql-to-mongo-db-query-converter/src/main/java/com/github/vincentrussell/query/mongodb/sql/converter/util/SqlUtils.java:[439,17] illegal start of type
[ERROR] /workspaces/xxxx/code_cure_agent/cca_workspace/sql-to-mongo-db-query-converter/src/main/java/com/github/vincentrussell/query/mongodb/sql/converter/util/SqlUtils.java:[439,34] invalid method declaration; return type required
[ERROR] /workspaces/xxxx/code_cure_agent/cca_workspace/sql-to-mongo-db-query-converter/src/main/java/com/github/vincentrussell/query/mongodb/sql/converter/util/SqlUtils.java:[439,62] <identifier> expected
[ERROR] /workspaces/xxxx/code_cure_agent/cca_workspace/sql-to-mongo-db-query-converter/src/main/java/com/github/vincentrussell/query/mongodb/sql/converter/util/SqlUtils.java:[441,45] <identifier> expected
[ERROR] /workspaces/xxxx/code_cure_agent/cca_workspace/sql-to-mongo-db-query-converter/src/main/java/com/github/vincentrussell/query/mongodb/sql/converter/util/SqlUtils.java:[443,21] illegal start of type
[ERROR] /workspaces/xxxx/code_cure_agent/cca_workspace/sql-to-mongo-db-query-converter/src/main/java/com/github/vincentrussell/query/mongodb/sql/converter/util/SqlUtils.java:[443,32] invalid method declaration; return type required
[ERROR] /workspaces/xxxx/code_cure_agent/cca_workspace/sql-to-mongo-db-query-converter/src/main/java/com/github/vincentrussell/query/mongodb/sql/converter/util/SqlUtils.java:[443,55] <identifier> expected
[ERROR] /workspaces/xxxx/code_cure_agent/cca_workspace/sql-to-mongo-db-query-converter/src/main/java/com/github/vincentrussell/query/mongodb/sql/converter/util/SqlUtils.java:[443,71] <identifier> expected
[ERROR] /workspaces/xxxx/code_cure_agent/cca_workspace/sql-to-mongo-db-query-converter/src/main/java/com/github/vincentrussell/query/mongodb/sql/converter/util/SqlUtils.java:[447,11] class, interface, or enum expected
[ERROR] /workspaces/xxxx/code_cure_agent/cca_workspace/sql-to-mongo-db-query-converter/src/main/java/com/github/vincentrussell/query/mongodb/sql/converter/util/SqlUtils.java:[447,38] <identifier> expected
[ERROR] /workspaces/xxxx/code_cure_agent/cca_workspace/sql-to-mongo-db-query-converter/src/main/java/com/github/vincentrussell/query/mongodb/sql/converter/util/SqlUtils.java:[451,13] illegal start of type
[ERROR] /workspaces/xxxx/code_cure_agent/cca_workspace/sql-to-mongo-db-query-converter/src/main/java/com/github/vincentrussell/query/mongodb/sql/converter/util/SqlUtils.java:[451,26] <identifier> expected
[ERROR] /workspaces/xxxx/code_cure_agent/cca_workspace/sql-to-mongo-db-query-converter/src/main/java/com/github/vincentrussell/query/mongodb/sql/converter/util/SqlUtils.java:[451,31] <identifier> expected
[ERROR] /workspaces/xxxx/code_cure_agent/cca_workspace/sql-to-mongo-db-query-converter/src/main/java/com/github/vincentrussell/query/mongodb/sql/converter/util/SqlUtils.java:[453,17] illegal start of type
[ERROR] /workspaces/xxxx/code_cure_agent/cca_workspace/sql-to-mongo-db-query-converter/src/main/java/com/github/vincentrussell/query/mongodb/sql/converter/util/SqlUtils.java:[453,32] invalid method declaration; return type required
[ERROR] /workspaces/xxxx/code_cure_agent/cca_workspace/sql-to-mongo-db-query-converter/src/main/java/com/github/vincentrussell/query/mongodb/sql/converter/util/SqlUtils.java:[453,55] <identifier> expected
[ERROR] /workspaces/xxxx/code_cure_agent/cca_workspace/sql-to-mongo-db-query-converter/src/main/java/com/github/vincentrussell/query/mongodb/sql/converter/util/SqlUtils.java:[455,45] <identifier> expected
[ERROR] /workspaces/xxxx/code_cure_agent/cca_workspace/sql-to-mongo-db-query-converter/src/main/java/com/github/vincentrussell/query/mongodb/sql/converter/util/SqlUtils.java:[470,21] illegal start of type
[ERROR] /workspaces/xxxx/code_cure_agent/cca_workspace/sql-to-mongo-db-query-converter/src/main/java/com/github/vincentrussell/query/mongodb/sql/converter/util/SqlUtils.java:[470,32] invalid method declaration; return type required
[ERROR] /workspaces/xxxx/code_cure_agent/cca_workspace/sql-to-mongo-db-query-converter/src/main/java/com/github/vincentrussell/query/mongodb/sql/converter/util/SqlUtils.java:[470,55] <identifier> expected
[ERROR] /workspaces/xxxx/code_cure_agent/cca_workspace/sql-to-mongo-db-query-converter/src/main/java/com/github/vincentrussell/query/mongodb/sql/converter/util/SqlUtils.java:[470,72] <identifier> expected
[ERROR] /workspaces/xxxx/code_cure_agent/cca_workspace/sql-to-mongo-db-query-converter/src/main/java/com/github/vincentrussell/query/mongodb/sql/converter/util/SqlUtils.java:[470,86] <identifier> expected
[ERROR] /workspaces/xxxx/code_cure_agent/cca_workspace/sql-to-mongo-db-query-converter/src/main/java/com/github/vincentrussell/query/mongodb/sql/converter/util/SqlUtils.java:[473,11] class, interface, or enum expected
[ERROR] /workspaces/xxxx/code_cure_agent/cca_workspace/sql-to-mongo-db-query-converter/src/main/java/com/github/vincentrussell/query/mongodb/sql/converter/util/SqlUtils.java:[473,34] <identifier> expected
[ERROR] /workspaces/xxxx/code_cure_agent/cca_workspace/sql-to-mongo-db-query-converter/src/main/java/com/github/vincentrussell/query/mongodb/sql/converter/util/SqlUtils.java:[475,13] illegal start of type
[ERROR] /workspaces/xxxx/code_cure_agent/cca_workspace/sql-to-mongo-db-query-converter/src/main/java/com/github/vincentrussell/query/mongodb/sql/converter/util/SqlUtils.java:[475,30] invalid method declaration; return type required
[ERROR] /workspaces/xxxx/code_cure_agent/cca_workspace/sql-to-mongo-db-query-converter/src/main/java/com/github/vincentrussell/query/mongodb/sql/converter/util/SqlUtils.java:[475,58] <identifier> expected
[ERROR] /workspaces/xxxx/code_cure_agent/cca_workspace/sql-to-mongo-db-query-converter/src/main/java/com/github/vincentrussell/query/mongodb/sql/converter/util/SqlUtils.java:[477,41] <identifier> expected
[ERROR] /workspaces/xxxx/code_cure_agent/cca_workspace/sql-to-mongo-db-query-converter/src/main/java/com/github/vincentrussell/query/mongodb/sql/converter/util/SqlUtils.java:[478,17] illegal start of type
[ERROR] /workspaces/xxxx/code_cure_agent/cca_workspace/sql-to-mongo-db-query-converter/src/main/java/com/github/vincentrussell/query/mongodb/sql/converter/util/SqlUtils.java:[478,28] invalid method declaration; return type required
[ERROR] /workspaces/xxxx/code_cure_agent/cca_workspace/sql-to-mongo-db-query-converter/src/main/java/com/github/vincentrussell/query/mongodb/sql/converter/util/SqlUtils.java:[478,45] illegal start of type
[ERROR] /workspaces/xxxx/code_cure_agent/cca_workspace/sql-to-mongo-db-query-converter/src/main/java/com/github/vincentrussell/query/mongodb/sql/converter/util/SqlUtils.java:[482,9] class, interface, or enum expected
[ERROR] /workspaces/xxxx/code_cure_agent/cca_workspace/sql-to-mongo-db-query-converter/src/main/java/com/github/vincentrussell/query/mongodb/sql/converter/util/SqlUtils.java:[483,5] class, interface, or enum expected
[ERROR] /workspaces/xxxx/code_cure_agent/cca_workspace/sql-to-mongo-db-query-converter/src/main/java/com/github/vincentrussell/query/mongodb/sql/converter/util/SqlUtils.java:[491,19] class, interface, or enum expected
[ERROR] /workspaces/xxxx/code_cure_agent/cca_workspace/sql-to-mongo-db-query-converter/src/main/java/com/github/vincentrussell/query/mongodb/sql/converter/util/SqlUtils.java:[491,54] class, interface, or enum expected
[ERROR] /workspaces/xxxx/code_cure_agent/cca_workspace/sql-to-mongo-db-query-converter/src/main/java/com/github/vincentrussell/query/mongodb/sql/converter/util/SqlUtils.java:[492,37] <identifier> expected
[ERROR] /workspaces/xxxx/code_cure_agent/cca_workspace/sql-to-mongo-db-query-converter/src/main/java/com/github/vincentrussell/query/mongodb/sql/converter/util/SqlUtils.java:[495,13] illegal start of type
[ERROR] /workspaces/xxxx/code_cure_agent/cca_workspace/sql-to-mongo-db-query-converter/src/main/java/com/github/vincentrussell/query/mongodb/sql/converter/util/SqlUtils.java:[495,26] <identifier> expected
[ERROR] /workspaces/xxxx/code_cure_agent/cca_workspace/sql-to-mongo-db-query-converter/src/main/java/com/github/vincentrussell/query/mongodb/sql/converter/util/SqlUtils.java:[495,31] <identifier> expected
[ERROR] /workspaces/xxxx/code_cure_agent/cca_workspace/sql-to-mongo-db-query-converter/src/main/java/com/github/vincentrussell/query/mongodb/sql/converter/util/SqlUtils.java:[497,17] illegal start of type
[ERROR] /workspaces/xxxx/code_cure_agent/cca_workspace/sql-to-mongo-db-query-converter/src/main/java/com/github/vincentrussell/query/mongodb/sql/converter/util/SqlUtils.java:[497,28] invalid method declaration; return type required
[ERROR] /workspaces/xxxx/code_cure_agent/cca_workspace/sql-to-mongo-db-query-converter/src/main/java/com/github/vincentrussell/query/mongodb/sql/converter/util/SqlUtils.java:[497,51] <identifier> expected
[ERROR] /workspaces/xxxx/code_cure_agent/cca_workspace/sql-to-mongo-db-query-converter/src/main/java/com/github/vincentrussell/query/mongodb/sql/converter/util/SqlUtils.java:[499,45] <identifier> expected
[ERROR] /workspaces/xxxx/code_cure_agent/cca_workspace/sql-to-mongo-db-query-converter/src/main/java/com/github/vincentrussell/query/mongodb/sql/converter/util/SqlUtils.java:[501,21] illegal start of type
[ERROR] /workspaces/xxxx/code_cure_agent/cca_workspace/sql-to-mongo-db-query-converter/src/main/java/com/github/vincentrussell/query/mongodb/sql/converter/util/SqlUtils.java:[505,23] illegal start of type
[ERROR] /workspaces/xxxx/code_cure_agent/cca_workspace/sql-to-mongo-db-query-converter/src/main/java/com/github/vincentrussell/query/mongodb/sql/converter/util/SqlUtils.java:[505,56] ';' expected
[ERROR] /workspaces/xxxx/code_cure_agent/cca_workspace/sql-to-mongo-db-query-converter/src/main/java/com/github/vincentrussell/query/mongodb/sql/converter/util/SqlUtils.java:[512,9] class, interface, or enum expected
[ERROR] /workspaces/xxxx/code_cure_agent/cca_workspace/sql-to-mongo-db-query-converter/src/main/java/com/github/vincentrussell/query/mongodb/sql/converter/util/SqlUtils.java:[513,5] class, interface, or enum expected
[ERROR] /workspaces/xxxx/code_cure_agent/cca_workspace/sql-to-mongo-db-query-converter/src/main/java/com/github/vincentrussell/query/mongodb/sql/converter/util/SqlUtils.java:[522,19] class, interface, or enum expected
[ERROR] /workspaces/xxxx/code_cure_agent/cca_workspace/sql-to-mongo-db-query-converter/src/main/java/com/github/vincentrussell/query/mongodb/sql/converter/util/SqlUtils.java:[522,55] class, interface, or enum expected
[ERROR] /workspaces/xxxx/code_cure_agent/cca_workspace/sql-to-mongo-db-query-converter/src/main/java/com/github/vincentrussell/query/mongodb/sql/converter/util/SqlUtils.java:[523,27] <identifier> expected
[ERROR] /workspaces/xxxx/code_cure_agent/cca_workspace/sql-to-mongo-db-query-converter/src/main/java/com/github/vincentrussell/query/mongodb/sql/converter/util/SqlUtils.java:[526,13] illegal start of type
[ERROR] /workspaces/xxxx/code_cure_agent/cca_workspace/sql-to-mongo-db-query-converter/src/main/java/com/github/vincentrussell/query/mongodb/sql/converter/util/SqlUtils.java:[526,26] <identifier> expected
[ERROR] /workspaces/xxxx/code_cure_agent/cca_workspace/sql-to-mongo-db-query-converter/src/main/java/com/github/vincentrussell/query/mongodb/sql/converter/util/SqlUtils.java:[526,31] <identifier> expected
[ERROR] /workspaces/xxxx/code_cure_agent/cca_workspace/sql-to-mongo-db-query-converter/src/main/java/com/github/vincentrussell/query/mongodb/sql/converter/util/SqlUtils.java:[528,17] illegal start of type
[ERROR] /workspaces/xxxx/code_cure_agent/cca_workspace/sql-to-mongo-db-query-converter/src/main/java/com/github/vincentrussell/query/mongodb/sql/converter/util/SqlUtils.java:[528,58] <identifier> expected
[ERROR] /workspaces/xxxx/code_cure_agent/cca_workspace/sql-to-mongo-db-query-converter/src/main/java/com/github/vincentrussell/query/mongodb/sql/converter/util/SqlUtils.java:[528,75] <identifier> expected
[ERROR] /workspaces/xxxx/code_cure_agent/cca_workspace/sql-to-mongo-db-query-converter/src/main/java/com/github/vincentrussell/query/mongodb/sql/converter/util/SqlUtils.java:[532,45] <identifier> expected
[ERROR] /workspaces/xxxx/code_cure_agent/cca_workspace/sql-to-mongo-db-query-converter/src/main/java/com/github/vincentrussell/query/mongodb/sql/converter/util/SqlUtils.java:[536,21] invalid method declaration; return type required
[ERROR] /workspaces/xxxx/code_cure_agent/cca_workspace/sql-to-mongo-db-query-converter/src/main/java/com/github/vincentrussell/query/mongodb/sql/converter/util/SqlUtils.java:[536,48] <identifier> expected
[ERROR] /workspaces/xxxx/code_cure_agent/cca_workspace/sql-to-mongo-db-query-converter/src/main/java/com/github/vincentrussell/query/mongodb/sql/converter/util/SqlUtils.java:[536,50] illegal start of type
[ERROR] /workspaces/xxxx/code_cure_agent/cca_workspace/sql-to-mongo-db-query-converter/src/main/java/com/github/vincentrussell/query/mongodb/sql/converter/util/SqlUtils.java:[540,21] illegal start of type
[ERROR] /workspaces/xxxx/code_cure_agent/cca_workspace/sql-to-mongo-db-query-converter/src/main/java/com/github/vincentrussell/query/mongodb/sql/converter/util/SqlUtils.java:[540,41] <identifier> expected
[ERROR] /workspaces/xxxx/code_cure_agent/cca_workspace/sql-to-mongo-db-query-converter/src/main/java/com/github/vincentrussell/query/mongodb/sql/converter/util/SqlUtils.java:[544,11] class, interface, or enum expected
[ERROR] /workspaces/xxxx/code_cure_agent/cca_workspace/sql-to-mongo-db-query-converter/src/main/java/com/github/vincentrussell/query/mongodb/sql/converter/util/SqlUtils.java:[544,34] <identifier> expected
[ERROR] /workspaces/xxxx/code_cure_agent/cca_workspace/sql-to-mongo-db-query-converter/src/main/java/com/github/vincentrussell/query/mongodb/sql/converter/util/SqlUtils.java:[546,13] illegal start of type
[ERROR] /workspaces/xxxx/code_cure_agent/cca_workspace/sql-to-mongo-db-query-converter/src/main/java/com/github/vincentrussell/query/mongodb/sql/converter/util/SqlUtils.java:[546,54] <identifier> expected
[ERROR] /workspaces/xxxx/code_cure_agent/cca_workspace/sql-to-mongo-db-query-converter/src/main/java/com/github/vincentrussell/query/mongodb/sql/converter/util/SqlUtils.java:[546,71] <identifier> expected
[ERROR] /workspaces/xxxx/code_cure_agent/cca_workspace/sql-to-mongo-db-query-converter/src/main/java/com/github/vincentrussell/query/mongodb/sql/converter/util/SqlUtils.java:[550,41] <identifier> expected
[ERROR] /workspaces/xxxx/code_cure_agent/cca_workspace/sql-to-mongo-db-query-converter/src/main/java/com/github/vincentrussell/query/mongodb/sql/converter/util/SqlUtils.java:[554,17] illegal start of type
[ERROR] /workspaces/xxxx/code_cure_agent/cca_workspace/sql-to-mongo-db-query-converter/src/main/java/com/github/vincentrussell/query/mongodb/sql/converter/util/SqlUtils.java:[554,37] <identifier> expected
[ERROR] /workspaces/xxxx/code_cure_agent/cca_workspace/sql-to-mongo-db-query-converter/src/main/java/com/github/vincentrussell/query/mongodb/sql/converter/util/SqlUtils.java:[557,9] class, interface, or enum expected
[INFO] 100 errors 
[INFO] -------------------------------------------------------------
[INFO] ------------------------------------------------------------------------
[INFO] BUILD FAILURE
[INFO] ------------------------------------------------------------------------
[INFO] Total time:  1.264 s
[INFO] Finished at: 2025-08-20T12:33:05Z
[INFO] ------------------------------------------------------------------------
[ERROR] Failed to execute goal org.apache.maven.plugins:maven-compiler-plugin:3.5:compile (default-compile) on project sql-to-mongo-db-query-converter: Compilation failure: Compilation failure: 
[ERROR] /workspaces/xxxx/code_cure_agent/cca_workspace/sql-to-mongo-db-query-converter/src/main/java/com/github/vincentrussell/query/mongodb/sql/converter/util/SqlUtils.java:[419,19] class, interface, or enum expected
[ERROR] /workspaces/xxxx/code_cure_agent/cca_workspace/sql-to-mongo-db-query-converter/src/main/java/com/github/vincentrussell/query/mongodb/sql/converter/util/SqlUtils.java:[419,61] class, interface, or enum expected
[ERROR] /workspaces/xxxx/code_cure_agent/cca_workspace/sql-to-mongo-db-query-converter/src/main/java/com/github/vincentrussell/query/mongodb/sql/converter/util/SqlUtils.java:[420,61] class, interface, or enum expected
[ERROR] /workspaces/xxxx/code_cure_agent/cca_workspace/sql-to-mongo-db-query-converter/src/main/java/com/github/vincentrussell/query/mongodb/sql/converter/util/SqlUtils.java:[421,37] <identifier> expected
[ERROR] /workspaces/xxxx/code_cure_agent/cca_workspace/sql-to-mongo-db-query-converter/src/main/java/com/github/vincentrussell/query/mongodb/sql/converter/util/SqlUtils.java:[424,13] illegal start of type
[ERROR] /workspaces/xxxx/code_cure_agent/cca_workspace/sql-to-mongo-db-query-converter/src/main/java/com/github/vincentrussell/query/mongodb/sql/converter/util/SqlUtils.java:[424,26] <identifier> expected
[ERROR] /workspaces/xxxx/code_cure_agent/cca_workspace/sql-to-mongo-db-query-converter/src/main/java/com/github/vincentrussell/query/mongodb/sql/converter/util/SqlUtils.java:[424,31] <identifier> expected
[ERROR] /workspaces/xxxx/code_cure_agent/cca_workspace/sql-to-mongo-db-query-converter/src/main/java/com/github/vincentrussell/query/mongodb/sql/converter/util/SqlUtils.java:[426,17] illegal start of type
[ERROR] /workspaces/xxxx/code_cure_agent/cca_workspace/sql-to-mongo-db-query-converter/src/main/java/com/github/vincentrussell/query/mongodb/sql/converter/util/SqlUtils.java:[426,34] invalid method declaration; return type required
[ERROR] /workspaces/xxxx/code_cure_agent/cca_workspace/sql-to-mongo-db-query-converter/src/main/java/com/github/vincentrussell/query/mongodb/sql/converter/util/SqlUtils.java:[426,57] <identifier> expected
[ERROR] /workspaces/xxxx/code_cure_agent/cca_workspace/sql-to-mongo-db-query-converter/src/main/java/com/github/vincentrussell/query/mongodb/sql/converter/util/SqlUtils.java:[428,45] <identifier> expected
[ERROR] /workspaces/xxxx/code_cure_agent/cca_workspace/sql-to-mongo-db-query-converter/src/main/java/com/github/vincentrussell/query/mongodb/sql/converter/util/SqlUtils.java:[430,21] illegal start of type
[ERROR] /workspaces/xxxx/code_cure_agent/cca_workspace/sql-to-mongo-db-query-converter/src/main/java/com/github/vincentrussell/query/mongodb/sql/converter/util/SqlUtils.java:[430,32] invalid method declaration; return type required
[ERROR] /workspaces/xxxx/code_cure_agent/cca_workspace/sql-to-mongo-db-query-converter/src/main/java/com/github/vincentrussell/query/mongodb/sql/converter/util/SqlUtils.java:[430,55] <identifier> expected
[ERROR] /workspaces/xxxx/code_cure_agent/cca_workspace/sql-to-mongo-db-query-converter/src/main/java/com/github/vincentrussell/query/mongodb/sql/converter/util/SqlUtils.java:[430,72] <identifier> expected
[ERROR] /workspaces/xxxx/code_cure_agent/cca_workspace/sql-to-mongo-db-query-converter/src/main/java/com/github/vincentrussell/query/mongodb/sql/converter/util/SqlUtils.java:[430,92] <identifier> expected
[ERROR] /workspaces/xxxx/code_cure_agent/cca_workspace/sql-to-mongo-db-query-converter/src/main/java/com/github/vincentrussell/query/mongodb/sql/converter/util/SqlUtils.java:[431,19] illegal start of type
[ERROR] /workspaces/xxxx/code_cure_agent/cca_workspace/sql-to-mongo-db-query-converter/src/main/java/com/github/vincentrussell/query/mongodb/sql/converter/util/SqlUtils.java:[431,39] invalid method declaration; return type required
[ERROR] /workspaces/xxxx/code_cure_agent/cca_workspace/sql-to-mongo-db-query-converter/src/main/java/com/github/vincentrussell/query/mongodb/sql/converter/util/SqlUtils.java:[431,62] <identifier> expected
[ERROR] /workspaces/xxxx/code_cure_agent/cca_workspace/sql-to-mongo-db-query-converter/src/main/java/com/github/vincentrussell/query/mongodb/sql/converter/util/SqlUtils.java:[433,45] <identifier> expected
[ERROR] /workspaces/xxxx/code_cure_agent/cca_workspace/sql-to-mongo-db-query-converter/src/main/java/com/github/vincentrussell/query/mongodb/sql/converter/util/SqlUtils.java:[435,21] illegal start of type
[ERROR] /workspaces/xxxx/code_cure_agent/cca_workspace/sql-to-mongo-db-query-converter/src/main/java/com/github/vincentrussell/query/mongodb/sql/converter/util/SqlUtils.java:[435,32] invalid method declaration; return type required
[ERROR] /workspaces/xxxx/code_cure_agent/cca_workspace/sql-to-mongo-db-query-converter/src/main/java/com/github/vincentrussell/query/mongodb/sql/converter/util/SqlUtils.java:[435,55] <identifier> expected
[ERROR] /workspaces/xxxx/code_cure_agent/cca_workspace/sql-to-mongo-db-query-converter/src/main/java/com/github/vincentrussell/query/mongodb/sql/converter/util/SqlUtils.java:[435,72] <identifier> expected
[ERROR] /workspaces/xxxx/code_cure_agent/cca_workspace/sql-to-mongo-db-query-converter/src/main/java/com/github/vincentrussell/query/mongodb/sql/converter/util/SqlUtils.java:[435,92] <identifier> expected
[ERROR] /workspaces/xxxx/code_cure_agent/cca_workspace/sql-to-mongo-db-query-converter/src/main/java/com/github/vincentrussell/query/mongodb/sql/converter/util/SqlUtils.java:[437,15] illegal start of type
[ERROR] /workspaces/xxxx/code_cure_agent/cca_workspace/sql-to-mongo-db-query-converter/src/main/java/com/github/vincentrussell/query/mongodb/sql/converter/util/SqlUtils.java:[437,33] <identifier> expected
[ERROR] /workspaces/xxxx/code_cure_agent/cca_workspace/sql-to-mongo-db-query-converter/src/main/java/com/github/vincentrussell/query/mongodb/sql/converter/util/SqlUtils.java:[437,38] <identifier> expected
[ERROR] /workspaces/xxxx/code_cure_agent/cca_workspace/sql-to-mongo-db-query-converter/src/main/java/com/github/vincentrussell/query/mongodb/sql/converter/util/SqlUtils.java:[439,17] illegal start of type
[ERROR] /workspaces/xxxx/code_cure_agent/cca_workspace/sql-to-mongo-db-query-converter/src/main/java/com/github/vincentrussell/query/mongodb/sql/converter/util/SqlUtils.java:[439,34] invalid method declaration; return type required
[ERROR] /workspaces/xxxx/code_cure_agent/cca_workspace/sql-to-mongo-db-query-converter/src/main/java/com/github/vincentrussell/query/mongodb/sql/converter/util/SqlUtils.java:[439,62] <identifier> expected
[ERROR] /workspaces/xxxx/code_cure_agent/cca_workspace/sql-to-mongo-db-query-converter/src/main/java/com/github/vincentrussell/query/mongodb/sql/converter/util/SqlUtils.java:[441,45] <identifier> expected
[ERROR] /workspaces/xxxx/code_cure_agent/cca_workspace/sql-to-mongo-db-query-converter/src/main/java/com/github/vincentrussell/query/mongodb/sql/converter/util/SqlUtils.java:[443,21] illegal start of type
[ERROR] /workspaces/xxxx/code_cure_agent/cca_workspace/sql-to-mongo-db-query-converter/src/main/java/com/github/vincentrussell/query/mongodb/sql/converter/util/SqlUtils.java:[443,32] invalid method declaration; return type required
[ERROR] /workspaces/xxxx/code_cure_agent/cca_workspace/sql-to-mongo-db-query-converter/src/main/java/com/github/vincentrussell/query/mongodb/sql/converter/util/SqlUtils.java:[443,55] <identifier> expected
[ERROR] /workspaces/xxxx/code_cure_agent/cca_workspace/sql-to-mongo-db-query-converter/src/main/java/com/github/vincentrussell/query/mongodb/sql/converter/util/SqlUtils.java:[443,71] <identifier> expected
[ERROR] /workspaces/xxxx/code_cure_agent/cca_workspace/sql-to-mongo-db-query-converter/src/main/java/com/github/vincentrussell/query/mongodb/sql/converter/util/SqlUtils.java:[447,11] class, interface, or enum expected
[ERROR] /workspaces/xxxx/code_cure_agent/cca_workspace/sql-to-mongo-db-query-converter/src/main/java/com/github/vincentrussell/query/mongodb/sql/converter/util/SqlUtils.java:[447,38] <identifier> expected
[ERROR] /workspaces/xxxx/code_cure_agent/cca_workspace/sql-to-mongo-db-query-converter/src/main/java/com/github/vincentrussell/query/mongodb/sql/converter/util/SqlUtils.java:[451,13] illegal start of type
[ERROR] /workspaces/xxxx/code_cure_agent/cca_workspace/sql-to-mongo-db-query-converter/src/main/java/com/github/vincentrussell/query/mongodb/sql/converter/util/SqlUtils.java:[451,26] <identifier> expected
[ERROR] /workspaces/xxxx/code_cure_agent/cca_workspace/sql-to-mongo-db-query-converter/src/main/java/com/github/vincentrussell/query/mongodb/sql/converter/util/SqlUtils.java:[451,31] <identifier> expected
[ERROR] /workspaces/xxxx/code_cure_agent/cca_workspace/sql-to-mongo-db-query-converter/src/main/java/com/github/vincentrussell/query/mongodb/sql/converter/util/SqlUtils.java:[453,17] illegal start of type
[ERROR] /workspaces/xxxx/code_cure_agent/cca_workspace/sql-to-mongo-db-query-converter/src/main/java/com/github/vincentrussell/query/mongodb/sql/converter/util/SqlUtils.java:[453,32] invalid method declaration; return type required
[ERROR] /workspaces/xxxx/code_cure_agent/cca_workspace/sql-to-mongo-db-query-converter/src/main/java/com/github/vincentrussell/query/mongodb/sql/converter/util/SqlUtils.java:[453,55] <identifier> expected
[ERROR] /workspaces/xxxx/code_cure_agent/cca_workspace/sql-to-mongo-db-query-converter/src/main/java/com/github/vincentrussell/query/mongodb/sql/converter/util/SqlUtils.java:[455,45] <identifier> expected
[ERROR] /workspaces/xxxx/code_cure_agent/cca_workspace/sql-to-mongo-db-query-converter/src/main/java/com/github/vincentrussell/query/mongodb/sql/converter/util/SqlUtils.java:[470,21] illegal start of type
[ERROR] /workspaces/xxxx/code_cure_agent/cca_workspace/sql-to-mongo-db-query-converter/src/main/java/com/github/vincentrussell/query/mongodb/sql/converter/util/SqlUtils.java:[470,32] invalid method declaration; return type required
[ERROR] /workspaces/xxxx/code_cure_agent/cca_workspace/sql-to-mongo-db-query-converter/src/main/java/com/github/vincentrussell/query/mongodb/sql/converter/util/SqlUtils.java:[470,55] <identifier> expected
[ERROR] /workspaces/xxxx/code_cure_agent/cca_workspace/sql-to-mongo-db-query-converter/src/main/java/com/github/vincentrussell/query/mongodb/sql/converter/util/SqlUtils.java:[470,72] <identifier> expected
[ERROR] /workspaces/xxxx/code_cure_agent/cca_workspace/sql-to-mongo-db-query-converter/src/main/java/com/github/vincentrussell/query/mongodb/sql/converter/util/SqlUtils.java:[470,86] <identifier> expected
[ERROR] /workspaces/xxxx/code_cure_agent/cca_workspace/sql-to-mongo-db-query-converter/src/main/java/com/github/vincentrussell/query/mongodb/sql/converter/util/SqlUtils.java:[473,11] class, interface, or enum expected
[ERROR] /workspaces/xxxx/code_cure_agent/cca_workspace/sql-to-mongo-db-query-converter/src/main/java/com/github/vincentrussell/query/mongodb/sql/converter/util/SqlUtils.java:[473,34] <identifier> expected
[ERROR] /workspaces/xxxx/code_cure_agent/cca_workspace/sql-to-mongo-db-query-converter/src/main/java/com/github/vincentrussell/query/mongodb/sql/converter/util/SqlUtils.java:[475,13] illegal start of type
[ERROR] /workspaces/xxxx/code_cure_agent/cca_workspace/sql-to-mongo-db-query-converter/src/main/java/com/github/vincentrussell/query/mongodb/sql/converter/util/SqlUtils.java:[475,30] invalid method declaration; return type required
[ERROR] /workspaces/xxxx/code_cure_agent/cca_workspace/sql-to-mongo-db-query-converter/src/main/java/com/github/vincentrussell/query/mongodb/sql/converter/util/SqlUtils.java:[475,58] <identifier> expected
[ERROR] /workspaces/xxxx/code_cure_agent/cca_workspace/sql-to-mongo-db-query-converter/src/main/java/com/github/vincentrussell/query/mongodb/sql/converter/util/SqlUtils.java:[477,41] <identifier> expected
[ERROR] /workspaces/xxxx/code_cure_agent/cca_workspace/sql-to-mongo-db-query-converter/src/main/java/com/github/vincentrussell/query/mongodb/sql/converter/util/SqlUtils.java:[478,17] illegal start of type
[ERROR] /workspaces/xxxx/code_cure_agent/cca_workspace/sql-to-mongo-db-query-converter/src/main/java/com/github/vincentrussell/query/mongodb/sql/converter/util/SqlUtils.java:[478,28] invalid method declaration; return type required
[ERROR] /workspaces/xxxx/code_cure_agent/cca_workspace/sql-to-mongo-db-query-converter/src/main/java/com/github/vincentrussell/query/mongodb/sql/converter/util/SqlUtils.java:[478,45] illegal start of type
[ERROR] /workspaces/xxxx/code_cure_agent/cca_workspace/sql-to-mongo-db-query-converter/src/main/java/com/github/vincentrussell/query/mongodb/sql/converter/util/SqlUtils.java:[482,9] class, interface, or enum expected
[ERROR] /workspaces/xxxx/code_cure_agent/cca_workspace/sql-to-mongo-db-query-converter/src/main/java/com/github/vincentrussell/query/mongodb/sql/converter/util/SqlUtils.java:[483,5] class, interface, or enum expected
[ERROR] /workspaces/xxxx/code_cure_agent/cca_workspace/sql-to-mongo-db-query-converter/src/main/java/com/github/vincentrussell/query/mongodb/sql/converter/util/SqlUtils.java:[491,19] class, interface, or enum expected
[ERROR] /workspaces/xxxx/code_cure_agent/cca_workspace/sql-to-mongo-db-query-converter/src/main/java/com/github/vincentrussell/query/mongodb/sql/converter/util/SqlUtils.java:[491,54] class, interface, or enum expected
[ERROR] /workspaces/xxxx/code_cure_agent/cca_workspace/sql-to-mongo-db-query-converter/src/main/java/com/github/vincentrussell/query/mongodb/sql/converter/util/SqlUtils.java:[492,37] <identifier> expected
[ERROR] /workspaces/xxxx/code_cure_agent/cca_workspace/sql-to-mongo-db-query-converter/src/main/java/com/github/vincentrussell/query/mongodb/sql/converter/util/SqlUtils.java:[495,13] illegal start of type
[ERROR] /workspaces/xxxx/code_cure_agent/cca_workspace/sql-to-mongo-db-query-converter/src/main/java/com/github/vincentrussell/query/mongodb/sql/converter/util/SqlUtils.java:[495,26] <identifier> expected
[ERROR] /workspaces/xxxx/code_cure_agent/cca_workspace/sql-to-mongo-db-query-converter/src/main/java/com/github/vincentrussell/query/mongodb/sql/converter/util/SqlUtils.java:[495,31] <identifier> expected
[ERROR] /workspaces/xxxx/code_cure_agent/cca_workspace/sql-to-mongo-db-query-converter/src/main/java/com/github/vincentrussell/query/mongodb/sql/converter/util/SqlUtils.java:[497,17] illegal start of type
[ERROR] /workspaces/xxxx/code_cure_agent/cca_workspace/sql-to-mongo-db-query-converter/src/main/java/com/github/vincentrussell/query/mongodb/sql/converter/util/SqlUtils.java:[497,28] invalid method declaration; return type required
[ERROR] /workspaces/xxxx/code_cure_agent/cca_workspace/sql-to-mongo-db-query-converter/src/main/java/com/github/vincentrussell/query/mongodb/sql/converter/util/SqlUtils.java:[497,51] <identifier> expected
[ERROR] /workspaces/xxxx/code_cure_agent/cca_workspace/sql-to-mongo-db-query-converter/src/main/java/com/github/vincentrussell/query/mongodb/sql/converter/util/SqlUtils.java:[499,45] <identifier> expected
[ERROR] /workspaces/xxxx/code_cure_agent/cca_workspace/sql-to-mongo-db-query-converter/src/main/java/com/github/vincentrussell/query/mongodb/sql/converter/util/SqlUtils.java:[501,21] illegal start of type
[ERROR] /workspaces/xxxx/code_cure_agent/cca_workspace/sql-to-mongo-db-query-converter/src/main/java/com/github/vincentrussell/query/mongodb/sql/converter/util/SqlUtils.java:[505,23] illegal start of type
[ERROR] /workspaces/xxxx/code_cure_agent/cca_workspace/sql-to-mongo-db-query-converter/src/main/java/com/github/vincentrussell/query/mongodb/sql/converter/util/SqlUtils.java:[505,56] ';' expected
[ERROR] /workspaces/xxxx/code_cure_agent/cca_workspace/sql-to-mongo-db-query-converter/src/main/java/com/github/vincentrussell/query/mongodb/sql/converter/util/SqlUtils.java:[512,9] class, interface, or enum expected
[ERROR] /workspaces/xxxx/code_cure_agent/cca_workspace/sql-to-mongo-db-query-converter/src/main/java/com/github/vincentrussell/query/mongodb/sql/converter/util/SqlUtils.java:[513,5] class, interface, or enum expected
[ERROR] /workspaces/xxxx/code_cure_agent/cca_workspace/sql-to-mongo-db-query-converter/src/main/java/com/github/vincentrussell/query/mongodb/sql/converter/util/SqlUtils.java:[522,19] class, interface, or enum expected
[ERROR] /workspaces/xxxx/code_cure_agent/cca_workspace/sql-to-mongo-db-query-converter/src/main/java/com/github/vincentrussell/query/mongodb/sql/converter/util/SqlUtils.java:[522,55] class, interface, or enum expected
[ERROR] /workspaces/xxxx/code_cure_agent/cca_workspace/sql-to-mongo-db-query-converter/src/main/java/com/github/vincentrussell/query/mongodb/sql/converter/util/SqlUtils.java:[523,27] <identifier> expected
[ERROR] /workspaces/xxxx/code_cure_agent/cca_workspace/sql-to-mongo-db-query-converter/src/main/java/com/github/vincentrussell/query/mongodb/sql/converter/util/SqlUtils.java:[526,13] illegal start of type
[ERROR] /workspaces/xxxx/code_cure_agent/cca_workspace/sql-to-mongo-db-query-converter/src/main/java/com/github/vincentrussell/query/mongodb/sql/converter/util/SqlUtils.java:[526,26] <identifier> expected
[ERROR] /workspaces/xxxx/code_cure_agent/cca_workspace/sql-to-mongo-db-query-converter/src/main/java/com/github/vincentrussell/query/mongodb/sql/converter/util/SqlUtils.java:[526,31] <identifier> expected
[ERROR] /workspaces/xxxx/code_cure_agent/cca_workspace/sql-to-mongo-db-query-converter/src/main/java/com/github/vincentrussell/query/mongodb/sql/converter/util/SqlUtils.java:[528,17] illegal start of type
[ERROR] /workspaces/xxxx/code_cure_agent/cca_workspace/sql-to-mongo-db-query-converter/src/main/java/com/github/vincentrussell/query/mongodb/sql/converter/util/SqlUtils.java:[528,58] <identifier> expected
[ERROR] /workspaces/xxxx/code_cure_agent/cca_workspace/sql-to-mongo-db-query-converter/src/main/java/com/github/vincentrussell/query/mongodb/sql/converter/util/SqlUtils.java:[528,75] <identifier> expected
[ERROR] /workspaces/xxxx/code_cure_agent/cca_workspace/sql-to-mongo-db-query-converter/src/main/java/com/github/vincentrussell/query/mongodb/sql/converter/util/SqlUtils.java:[532,45] <identifier> expected
[ERROR] /workspaces/xxxx/code_cure_agent/cca_workspace/sql-to-mongo-db-query-converter/src/main/java/com/github/vincentrussell/query/mongodb/sql/converter/util/SqlUtils.java:[536,21] invalid method declaration; return type required
[ERROR] /workspaces/xxxx/code_cure_agent/cca_workspace/sql-to-mongo-db-query-converter/src/main/java/com/github/vincentrussell/query/mongodb/sql/converter/util/SqlUtils.java:[536,48] <identifier> expected
[ERROR] /workspaces/xxxx/code_cure_agent/cca_workspace/sql-to-mongo-db-query-converter/src/main/java/com/github/vincentrussell/query/mongodb/sql/converter/util/SqlUtils.java:[536,50] illegal start of type
[ERROR] /workspaces/xxxx/code_cure_agent/cca_workspace/sql-to-mongo-db-query-converter/src/main/java/com/github/vincentrussell/query/mongodb/sql/converter/util/SqlUtils.java:[540,21] illegal start of type
[ERROR] /workspaces/xxxx/code_cure_agent/cca_workspace/sql-to-mongo-db-query-converter/src/main/java/com/github/vincentrussell/query/mongodb/sql/converter/util/SqlUtils.java:[540,41] <identifier> expected
[ERROR] /workspaces/xxxx/code_cure_agent/cca_workspace/sql-to-mongo-db-query-converter/src/main/java/com/github/vincentrussell/query/mongodb/sql/converter/util/SqlUtils.java:[544,11] class, interface, or enum expected
[ERROR] /workspaces/xxxx/code_cure_agent/cca_workspace/sql-to-mongo-db-query-converter/src/main/java/com/github/vincentrussell/query/mongodb/sql/converter/util/SqlUtils.java:[544,34] <identifier> expected
[ERROR] /workspaces/xxxx/code_cure_agent/cca_workspace/sql-to-mongo-db-query-converter/src/main/java/com/github/vincentrussell/query/mongodb/sql/converter/util/SqlUtils.java:[546,13] illegal start of type
[ERROR] /workspaces/xxxx/code_cure_agent/cca_workspace/sql-to-mongo-db-query-converter/src/main/java/com/github/vincentrussell/query/mongodb/sql/converter/util/SqlUtils.java:[546,54] <identifier> expected
[ERROR] /workspaces/xxxx/code_cure_agent/cca_workspace/sql-to-mongo-db-query-converter/src/main/java/com/github/vincentrussell/query/mongodb/sql/converter/util/SqlUtils.java:[546,71] <identifier> expected
[ERROR] /workspaces/xxxx/code_cure_agent/cca_workspace/sql-to-mongo-db-query-converter/src/main/java/com/github/vincentrussell/query/mongodb/sql/converter/util/SqlUtils.java:[550,41] <identifier> expected
[ERROR] /workspaces/xxxx/code_cure_agent/cca_workspace/sql-to-mongo-db-query-converter/src/main/java/com/github/vincentrussell/query/mongodb/sql/converter/util/SqlUtils.java:[554,17] illegal start of type
[ERROR] /workspaces/xxxx/code_cure_agent/cca_workspace/sql-to-mongo-db-query-converter/src/main/java/com/github/vincentrussell/query/mongodb/sql/converter/util/SqlUtils.java:[554,37] <identifier> expected
[ERROR] /workspaces/xxxx/code_cure_agent/cca_workspace/sql-to-mongo-db-query-converter/src/main/java/com/github/vincentrussell/query/mongodb/sql/converter/util/SqlUtils.java:[557,9] class, interface, or enum expected
[ERROR] -> [Help 1]
[ERROR] 
[ERROR] To see the full stack trace of the errors, re-run Maven with the -e switch.
[ERROR] Re-run Maven using the -X switch to enable full debug logging.
[ERROR] 
[ERROR] For more information about the errors and possible solutions, please read the following articles:
[ERROR] [Help 1] http://cwiki.apache.org/confluence/display/MAVEN/MojoFailureException
