[INFO] Scanning for projects...
[INFO] Inspecting build with total of 1 modules...
[INFO] Installing Nexus Staging features:
[INFO]   ... total of 1 executions of maven-deploy-plugin replaced with nexus-staging-maven-plugin
[INFO] 
[INFO] ----------------< com.esri.geometry:esri-geometry-api >-----------------
[INFO] Building Esri Geometry API for Java 2.2.4
[INFO] --------------------------------[ jar ]---------------------------------
[INFO] 
[INFO] --- maven-clean-plugin:2.5:clean (default-clean) @ esri-geometry-api ---
[INFO] 
[INFO] --- maven-resources-plugin:2.6:resources (default-resources) @ esri-geometry-api ---
[INFO] Using 'UTF-8' encoding to copy filtered resources.
[INFO] Copying 6 resources
[INFO] 
[INFO] --- maven-compiler-plugin:2.3.1:compile (default-compile) @ esri-geometry-api ---
[INFO] Compiling 262 source files to /workspaces/CodeCureAgent/code_cure_agent/cca_workspace_4/geometry-api-java/target/classes
[INFO] -------------------------------------------------------------
[WARNING] COMPILATION WARNING : 
[INFO] -------------------------------------------------------------
[WARNING] /workspaces/CodeCureAgent/code_cure_agent/cca_workspace_4/geometry-api-java/src/main/java/com/esri/core/geometry/SizeOf.java:[27,22] Unsafe is internal proprietary API and may be removed in a future release

[WARNING] /workspaces/CodeCureAgent/code_cure_agent/cca_workspace_4/geometry-api-java/src/main/java/com/esri/core/geometry/SizeOf.java:[28,22] Unsafe is internal proprietary API and may be removed in a future release

[WARNING] /workspaces/CodeCureAgent/code_cure_agent/cca_workspace_4/geometry-api-java/src/main/java/com/esri/core/geometry/SizeOf.java:[29,22] Unsafe is internal proprietary API and may be removed in a future release

[WARNING] /workspaces/CodeCureAgent/code_cure_agent/cca_workspace_4/geometry-api-java/src/main/java/com/esri/core/geometry/SizeOf.java:[30,22] Unsafe is internal proprietary API and may be removed in a future release

[WARNING] /workspaces/CodeCureAgent/code_cure_agent/cca_workspace_4/geometry-api-java/src/main/java/com/esri/core/geometry/SizeOf.java:[31,22] Unsafe is internal proprietary API and may be removed in a future release

[WARNING] /workspaces/CodeCureAgent/code_cure_agent/cca_workspace_4/geometry-api-java/src/main/java/com/esri/core/geometry/SizeOf.java:[32,22] Unsafe is internal proprietary API and may be removed in a future release

[WARNING] /workspaces/CodeCureAgent/code_cure_agent/cca_workspace_4/geometry-api-java/src/main/java/com/esri/core/geometry/SizeOf.java:[33,22] Unsafe is internal proprietary API and may be removed in a future release

[WARNING] /workspaces/CodeCureAgent/code_cure_agent/cca_workspace_4/geometry-api-java/src/main/java/com/esri/core/geometry/SizeOf.java:[34,22] Unsafe is internal proprietary API and may be removed in a future release

[WARNING] /workspaces/CodeCureAgent/code_cure_agent/cca_workspace_4/geometry-api-java/src/main/java/com/esri/core/geometry/SizeOf.java:[35,22] Unsafe is internal proprietary API and may be removed in a future release

[WARNING] /workspaces/CodeCureAgent/code_cure_agent/cca_workspace_4/geometry-api-java/src/main/java/com/esri/core/geometry/SizeOf.java:[36,22] Unsafe is internal proprietary API and may be removed in a future release

[WARNING] /workspaces/CodeCureAgent/code_cure_agent/cca_workspace_4/geometry-api-java/src/main/java/com/esri/core/geometry/SizeOf.java:[37,22] Unsafe is internal proprietary API and may be removed in a future release

[WARNING] /workspaces/CodeCureAgent/code_cure_agent/cca_workspace_4/geometry-api-java/src/main/java/com/esri/core/geometry/SizeOf.java:[38,22] Unsafe is internal proprietary API and may be removed in a future release

[WARNING] /workspaces/CodeCureAgent/code_cure_agent/cca_workspace_4/geometry-api-java/src/main/java/com/esri/core/geometry/SizeOf.java:[39,22] Unsafe is internal proprietary API and may be removed in a future release

[WARNING] /workspaces/CodeCureAgent/code_cure_agent/cca_workspace_4/geometry-api-java/src/main/java/com/esri/core/geometry/SizeOf.java:[40,22] Unsafe is internal proprietary API and may be removed in a future release

[WARNING] /workspaces/CodeCureAgent/code_cure_agent/cca_workspace_4/geometry-api-java/src/main/java/com/esri/core/geometry/SizeOf.java:[41,22] Unsafe is internal proprietary API and may be removed in a future release

[WARNING] /workspaces/CodeCureAgent/code_cure_agent/cca_workspace_4/geometry-api-java/src/main/java/com/esri/core/geometry/SizeOf.java:[42,22] Unsafe is internal proprietary API and may be removed in a future release

[INFO] 16 warnings 
[INFO] -------------------------------------------------------------
[INFO] -------------------------------------------------------------
[ERROR] COMPILATION ERROR : 
[INFO] -------------------------------------------------------------
[ERROR] /workspaces/CodeCureAgent/code_cure_agent/cca_workspace_4/geometry-api-java/src/main/java/com/esri/core/geometry/RelationalOperations.java:[818,11] error: cannot find symbol

[ERROR]  class RelationalOperations
/workspaces/CodeCureAgent/code_cure_agent/cca_workspace_4/geometry-api-java/src/main/java/com/esri/core/geometry/OperatorSimpleRelation.java:[44,29] error: cannot find symbol

[ERROR]  class RelationalOperations
/workspaces/CodeCureAgent/code_cure_agent/cca_workspace_4/geometry-api-java/src/main/java/com/esri/core/geometry/OperatorSimpleRelation.java:[52,29] error: cannot find symbol

[ERROR]  class RelationalOperations
/workspaces/CodeCureAgent/code_cure_agent/cca_workspace_4/geometry-api-java/src/main/java/com/esri/core/geometry/RelationalOperations.java:[96,6] error: cannot find symbol

[ERROR]  class RelationalOperations
/workspaces/CodeCureAgent/code_cure_agent/cca_workspace_4/geometry-api-java/src/main/java/com/esri/core/geometry/RelationalOperations.java:[181,16] error: cannot find symbol

[ERROR]  class RelationalOperations
/workspaces/CodeCureAgent/code_cure_agent/cca_workspace_4/geometry-api-java/src/main/java/com/esri/core/geometry/RelationalOperations.java:[187,16] error: cannot find symbol

[ERROR]  class RelationalOperations
/workspaces/CodeCureAgent/code_cure_agent/cca_workspace_4/geometry-api-java/src/main/java/com/esri/core/geometry/RelationalOperations.java:[206,16] error: cannot find symbol

[ERROR]  class RelationalOperations
/workspaces/CodeCureAgent/code_cure_agent/cca_workspace_4/geometry-api-java/src/main/java/com/esri/core/geometry/RelationalOperations.java:[212,16] error: cannot find symbol

[ERROR]  class RelationalOperations
/workspaces/CodeCureAgent/code_cure_agent/cca_workspace_4/geometry-api-java/src/main/java/com/esri/core/geometry/RelationalOperations.java:[218,16] error: cannot find symbol

[ERROR]  class RelationalOperations
/workspaces/CodeCureAgent/code_cure_agent/cca_workspace_4/geometry-api-java/src/main/java/com/esri/core/geometry/RelationalOperations.java:[224,16] error: cannot find symbol

[ERROR]  class RelationalOperations
/workspaces/CodeCureAgent/code_cure_agent/cca_workspace_4/geometry-api-java/src/main/java/com/esri/core/geometry/RelationalOperations.java:[243,16] error: cannot find symbol

[ERROR]  class RelationalOperations
/workspaces/CodeCureAgent/code_cure_agent/cca_workspace_4/geometry-api-java/src/main/java/com/esri/core/geometry/RelationalOperations.java:[249,16] error: cannot find symbol

[ERROR]  class RelationalOperations
/workspaces/CodeCureAgent/code_cure_agent/cca_workspace_4/geometry-api-java/src/main/java/com/esri/core/geometry/RelationalOperations.java:[262,16] error: cannot find symbol

[ERROR]  class RelationalOperations
/workspaces/CodeCureAgent/code_cure_agent/cca_workspace_4/geometry-api-java/src/main/java/com/esri/core/geometry/RelationalOperations.java:[268,16] error: cannot find symbol

[ERROR]  class RelationalOperations
/workspaces/CodeCureAgent/code_cure_agent/cca_workspace_4/geometry-api-java/src/main/java/com/esri/core/geometry/RelationalOperations.java:[274,16] error: cannot find symbol

[ERROR]  class RelationalOperations
/workspaces/CodeCureAgent/code_cure_agent/cca_workspace_4/geometry-api-java/src/main/java/com/esri/core/geometry/RelationalOperations.java:[280,16] error: cannot find symbol

[ERROR]  class RelationalOperations
/workspaces/CodeCureAgent/code_cure_agent/cca_workspace_4/geometry-api-java/src/main/java/com/esri/core/geometry/RelationalOperations.java:[286,16] error: cannot find symbol

[ERROR]  class RelationalOperations
/workspaces/CodeCureAgent/code_cure_agent/cca_workspace_4/geometry-api-java/src/main/java/com/esri/core/geometry/RelationalOperations.java:[299,16] error: cannot find symbol

[ERROR]  class RelationalOperations
/workspaces/CodeCureAgent/code_cure_agent/cca_workspace_4/geometry-api-java/src/main/java/com/esri/core/geometry/RelationalOperations.java:[305,16] error: cannot find symbol

[ERROR]  class RelationalOperations
/workspaces/CodeCureAgent/code_cure_agent/cca_workspace_4/geometry-api-java/src/main/java/com/esri/core/geometry/RelationalOperations.java:[311,16] error: cannot find symbol

[ERROR]  class RelationalOperations
/workspaces/CodeCureAgent/code_cure_agent/cca_workspace_4/geometry-api-java/src/main/java/com/esri/core/geometry/RelationalOperations.java:[351,10] error: cannot find symbol

[ERROR]  class RelationalOperations
/workspaces/CodeCureAgent/code_cure_agent/cca_workspace_4/geometry-api-java/src/main/java/com/esri/core/geometry/RelationalOperations.java:[355,10] error: cannot find symbol

[ERROR]  class RelationalOperations
/workspaces/CodeCureAgent/code_cure_agent/cca_workspace_4/geometry-api-java/src/main/java/com/esri/core/geometry/RelationalOperations.java:[359,10] error: cannot find symbol

[ERROR]  class RelationalOperations
/workspaces/CodeCureAgent/code_cure_agent/cca_workspace_4/geometry-api-java/src/main/java/com/esri/core/geometry/RelationalOperations.java:[363,10] error: cannot find symbol

[ERROR]  class RelationalOperations
/workspaces/CodeCureAgent/code_cure_agent/cca_workspace_4/geometry-api-java/src/main/java/com/esri/core/geometry/RelationalOperations.java:[367,10] error: cannot find symbol

[ERROR]  class RelationalOperations
/workspaces/CodeCureAgent/code_cure_agent/cca_workspace_4/geometry-api-java/src/main/java/com/esri/core/geometry/RelationalOperations.java:[371,10] error: cannot find symbol

[ERROR]  class RelationalOperations
/workspaces/CodeCureAgent/code_cure_agent/cca_workspace_4/geometry-api-java/src/main/java/com/esri/core/geometry/RelationalOperations.java:[375,10] error: cannot find symbol

[ERROR]  class RelationalOperations
/workspaces/CodeCureAgent/code_cure_agent/cca_workspace_4/geometry-api-java/src/main/java/com/esri/core/geometry/RelationalOperations.java:[407,10] error: cannot find symbol

[ERROR]  class RelationalOperations
/workspaces/CodeCureAgent/code_cure_agent/cca_workspace_4/geometry-api-java/src/main/java/com/esri/core/geometry/RelationalOperations.java:[411,10] error: cannot find symbol

[ERROR]  class RelationalOperations
/workspaces/CodeCureAgent/code_cure_agent/cca_workspace_4/geometry-api-java/src/main/java/com/esri/core/geometry/RelationalOperations.java:[415,10] error: cannot find symbol

[ERROR]  class RelationalOperations
/workspaces/CodeCureAgent/code_cure_agent/cca_workspace_4/geometry-api-java/src/main/java/com/esri/core/geometry/RelationalOperations.java:[419,10] error: cannot find symbol

[ERROR]  class RelationalOperations
/workspaces/CodeCureAgent/code_cure_agent/cca_workspace_4/geometry-api-java/src/main/java/com/esri/core/geometry/RelationalOperations.java:[423,10] error: cannot find symbol

[ERROR]  class RelationalOperations
/workspaces/CodeCureAgent/code_cure_agent/cca_workspace_4/geometry-api-java/src/main/java/com/esri/core/geometry/RelationalOperations.java:[455,10] error: cannot find symbol

[ERROR]  class RelationalOperations
/workspaces/CodeCureAgent/code_cure_agent/cca_workspace_4/geometry-api-java/src/main/java/com/esri/core/geometry/RelationalOperations.java:[458,10] error: cannot find symbol

[ERROR]  class RelationalOperations
/workspaces/CodeCureAgent/code_cure_agent/cca_workspace_4/geometry-api-java/src/main/java/com/esri/core/geometry/RelationalOperations.java:[461,10] error: cannot find symbol

[ERROR]  class RelationalOperations
/workspaces/CodeCureAgent/code_cure_agent/cca_workspace_4/geometry-api-java/src/main/java/com/esri/core/geometry/RelationalOperations.java:[464,10] error: cannot find symbol

[ERROR]  class RelationalOperations
/workspaces/CodeCureAgent/code_cure_agent/cca_workspace_4/geometry-api-java/src/main/java/com/esri/core/geometry/RelationalOperations.java:[570,7] error: cannot find symbol

[ERROR]  class RelationalOperations
/workspaces/CodeCureAgent/code_cure_agent/cca_workspace_4/geometry-api-java/src/main/java/com/esri/core/geometry/RelationalOperations.java:[575,17] error: cannot find symbol

[ERROR]  class RelationalOperations
/workspaces/CodeCureAgent/code_cure_agent/cca_workspace_4/geometry-api-java/src/main/java/com/esri/core/geometry/RelationalOperations.java:[585,6] error: cannot find symbol

[ERROR]  class RelationalOperations
/workspaces/CodeCureAgent/code_cure_agent/cca_workspace_4/geometry-api-java/src/main/java/com/esri/core/geometry/RelationalOperations.java:[597,9] error: cannot find symbol

[ERROR]  class RelationalOperations
/workspaces/CodeCureAgent/code_cure_agent/cca_workspace_4/geometry-api-java/src/main/java/com/esri/core/geometry/RelationalOperations.java:[606,17] error: cannot find symbol

[ERROR]  class RelationalOperations
/workspaces/CodeCureAgent/code_cure_agent/cca_workspace_4/geometry-api-java/src/main/java/com/esri/core/geometry/RelationalOperations.java:[616,9] error: cannot find symbol

[ERROR]  class RelationalOperations
/workspaces/CodeCureAgent/code_cure_agent/cca_workspace_4/geometry-api-java/src/main/java/com/esri/core/geometry/RelationalOperations.java:[626,17] error: cannot find symbol

[ERROR]  class RelationalOperations
/workspaces/CodeCureAgent/code_cure_agent/cca_workspace_4/geometry-api-java/src/main/java/com/esri/core/geometry/RelationalOperations.java:[633,9] error: cannot find symbol

[ERROR]  class RelationalOperations
/workspaces/CodeCureAgent/code_cure_agent/cca_workspace_4/geometry-api-java/src/main/java/com/esri/core/geometry/RelationalOperations.java:[643,17] error: cannot find symbol

[ERROR]  class RelationalOperations
/workspaces/CodeCureAgent/code_cure_agent/cca_workspace_4/geometry-api-java/src/main/java/com/esri/core/geometry/RelationalOperations.java:[650,9] error: cannot find symbol

[ERROR]  class RelationalOperations
/workspaces/CodeCureAgent/code_cure_agent/cca_workspace_4/geometry-api-java/src/main/java/com/esri/core/geometry/RelationalOperations.java:[663,7] error: cannot find symbol

[ERROR]  class RelationalOperations
/workspaces/CodeCureAgent/code_cure_agent/cca_workspace_4/geometry-api-java/src/main/java/com/esri/core/geometry/RelationalOperations.java:[668,17] error: cannot find symbol

[ERROR]  class RelationalOperations
/workspaces/CodeCureAgent/code_cure_agent/cca_workspace_4/geometry-api-java/src/main/java/com/esri/core/geometry/RelationalOperations.java:[677,9] error: cannot find symbol

[ERROR]  class RelationalOperations
/workspaces/CodeCureAgent/code_cure_agent/cca_workspace_4/geometry-api-java/src/main/java/com/esri/core/geometry/RelationalOperations.java:[687,17] error: cannot find symbol

[ERROR]  class RelationalOperations
/workspaces/CodeCureAgent/code_cure_agent/cca_workspace_4/geometry-api-java/src/main/java/com/esri/core/geometry/RelationalOperations.java:[696,9] error: cannot find symbol

[ERROR]  class RelationalOperations
/workspaces/CodeCureAgent/code_cure_agent/cca_workspace_4/geometry-api-java/src/main/java/com/esri/core/geometry/RelationalOperations.java:[706,17] error: cannot find symbol

[ERROR]  class RelationalOperations
/workspaces/CodeCureAgent/code_cure_agent/cca_workspace_4/geometry-api-java/src/main/java/com/esri/core/geometry/RelationalOperations.java:[712,9] error: cannot find symbol

[ERROR]  class RelationalOperations
/workspaces/CodeCureAgent/code_cure_agent/cca_workspace_4/geometry-api-java/src/main/java/com/esri/core/geometry/RelationalOperations.java:[722,17] error: cannot find symbol

[ERROR]  class RelationalOperations
/workspaces/CodeCureAgent/code_cure_agent/cca_workspace_4/geometry-api-java/src/main/java/com/esri/core/geometry/RelationalOperations.java:[728,9] error: cannot find symbol

[ERROR]  class RelationalOperations
/workspaces/CodeCureAgent/code_cure_agent/cca_workspace_4/geometry-api-java/src/main/java/com/esri/core/geometry/RelationalOperations.java:[741,7] error: cannot find symbol

[ERROR]  class RelationalOperations
/workspaces/CodeCureAgent/code_cure_agent/cca_workspace_4/geometry-api-java/src/main/java/com/esri/core/geometry/RelationalOperations.java:[746,17] error: cannot find symbol

[ERROR]  class RelationalOperations
/workspaces/CodeCureAgent/code_cure_agent/cca_workspace_4/geometry-api-java/src/main/java/com/esri/core/geometry/RelationalOperations.java:[755,9] error: cannot find symbol

[ERROR]  class RelationalOperations
/workspaces/CodeCureAgent/code_cure_agent/cca_workspace_4/geometry-api-java/src/main/java/com/esri/core/geometry/RelationalOperations.java:[775,9] error: cannot find symbol

[ERROR]  class RelationalOperations
/workspaces/CodeCureAgent/code_cure_agent/cca_workspace_4/geometry-api-java/src/main/java/com/esri/core/geometry/RelationalOperations.java:[782,9] error: cannot find symbol

[ERROR]  class RelationalOperations
/workspaces/CodeCureAgent/code_cure_agent/cca_workspace_4/geometry-api-java/src/main/java/com/esri/core/geometry/RelationalOperations.java:[788,2] error: cannot find symbol

[ERROR]  class RelationalOperations
/workspaces/CodeCureAgent/code_cure_agent/cca_workspace_4/geometry-api-java/src/main/java/com/esri/core/geometry/RelationalOperations.java:[789,2] error: cannot find symbol

[ERROR]  class RelationalOperations
/workspaces/CodeCureAgent/code_cure_agent/cca_workspace_4/geometry-api-java/src/main/java/com/esri/core/geometry/RelationalOperations.java:[821,35] error: cannot find symbol

[ERROR]  class RelationalOperations
/workspaces/CodeCureAgent/code_cure_agent/cca_workspace_4/geometry-api-java/src/main/java/com/esri/core/geometry/OperatorRelate.java:[58,29] error: cannot find symbol

[ERROR]  class RelationalOperations
/workspaces/CodeCureAgent/code_cure_agent/cca_workspace_4/geometry-api-java/src/main/java/com/esri/core/geometry/OperatorRelate.java:[66,29] error: cannot find symbol

[ERROR]  class RelationalOperations
/workspaces/CodeCureAgent/code_cure_agent/cca_workspace_4/geometry-api-java/src/main/java/com/esri/core/geometry/RelationalOperationsMatrix.java:[257,43] error: cannot find symbol

[ERROR]  class RelationalOperations
/workspaces/CodeCureAgent/code_cure_agent/cca_workspace_4/geometry-api-java/src/main/java/com/esri/core/geometry/RelationalOperationsMatrix.java:[269,5] error: cannot find symbol

[ERROR]  class RelationalOperations
/workspaces/CodeCureAgent/code_cure_agent/cca_workspace_4/geometry-api-java/src/main/java/com/esri/core/geometry/RelationalOperationsMatrix.java:[314,49] error: cannot find symbol

[ERROR]  class RelationalOperations
/workspaces/CodeCureAgent/code_cure_agent/cca_workspace_4/geometry-api-java/src/main/java/com/esri/core/geometry/RelationalOperationsMatrix.java:[325,47] error: cannot find symbol

[ERROR]  class RelationalOperations
/workspaces/CodeCureAgent/code_cure_agent/cca_workspace_4/geometry-api-java/src/main/java/com/esri/core/geometry/RelationalOperationsMatrix.java:[414,43] error: cannot find symbol

[ERROR]  class RelationalOperations
/workspaces/CodeCureAgent/code_cure_agent/cca_workspace_4/geometry-api-java/src/main/java/com/esri/core/geometry/RelationalOperationsMatrix.java:[428,5] error: cannot find symbol

[ERROR]  class RelationalOperations
/workspaces/CodeCureAgent/code_cure_agent/cca_workspace_4/geometry-api-java/src/main/java/com/esri/core/geometry/RelationalOperationsMatrix.java:[478,49] error: cannot find symbol

[ERROR]  class RelationalOperations
/workspaces/CodeCureAgent/code_cure_agent/cca_workspace_4/geometry-api-java/src/main/java/com/esri/core/geometry/RelationalOperationsMatrix.java:[489,47] error: cannot find symbol

[ERROR]  class RelationalOperations
/workspaces/CodeCureAgent/code_cure_agent/cca_workspace_4/geometry-api-java/src/main/java/com/esri/core/geometry/RelationalOperationsMatrix.java:[540,43] error: cannot find symbol

[ERROR]  class RelationalOperations
/workspaces/CodeCureAgent/code_cure_agent/cca_workspace_4/geometry-api-java/src/main/java/com/esri/core/geometry/RelationalOperationsMatrix.java:[552,5] error: cannot find symbol

[ERROR]  class RelationalOperations
/workspaces/CodeCureAgent/code_cure_agent/cca_workspace_4/geometry-api-java/src/main/java/com/esri/core/geometry/RelationalOperationsMatrix.java:[592,43] error: cannot find symbol

[ERROR]  class RelationalOperations
/workspaces/CodeCureAgent/code_cure_agent/cca_workspace_4/geometry-api-java/src/main/java/com/esri/core/geometry/RelationalOperationsMatrix.java:[604,5] error: cannot find symbol

[ERROR]  class RelationalOperations
/workspaces/CodeCureAgent/code_cure_agent/cca_workspace_4/geometry-api-java/src/main/java/com/esri/core/geometry/RelationalOperationsMatrix.java:[653,43] error: cannot find symbol

[ERROR]  class RelationalOperations
/workspaces/CodeCureAgent/code_cure_agent/cca_workspace_4/geometry-api-java/src/main/java/com/esri/core/geometry/RelationalOperationsMatrix.java:[665,5] error: cannot find symbol

[ERROR]  class RelationalOperations
/workspaces/CodeCureAgent/code_cure_agent/cca_workspace_4/geometry-api-java/src/main/java/com/esri/core/geometry/RelationalOperationsMatrix.java:[708,43] error: cannot find symbol

[ERROR]  class RelationalOperations
/workspaces/CodeCureAgent/code_cure_agent/cca_workspace_4/geometry-api-java/src/main/java/com/esri/core/geometry/RelationalOperationsMatrix.java:[743,49] error: cannot find symbol

[ERROR]  class RelationalOperations
/workspaces/CodeCureAgent/code_cure_agent/cca_workspace_4/geometry-api-java/src/main/java/com/esri/core/geometry/RelationalOperationsMatrix.java:[810,49] error: cannot find symbol

[ERROR]  class RelationalOperations
/workspaces/CodeCureAgent/code_cure_agent/cca_workspace_4/geometry-api-java/src/main/java/com/esri/core/geometry/RelationalOperationsMatrix.java:[826,59] error: cannot find symbol

[ERROR]  class RelationalOperations
/workspaces/CodeCureAgent/code_cure_agent/cca_workspace_4/geometry-api-java/src/main/java/com/esri/core/geometry/RelationalOperationsMatrix.java:[833,73] error: cannot find symbol

[ERROR]  class RelationalOperations
/workspaces/CodeCureAgent/code_cure_agent/cca_workspace_4/geometry-api-java/src/main/java/com/esri/core/geometry/RelationalOperationsMatrix.java:[864,73] error: cannot find symbol

[ERROR]  class RelationalOperations
/workspaces/CodeCureAgent/code_cure_agent/cca_workspace_4/geometry-api-java/src/main/java/com/esri/core/geometry/RelationalOperationsMatrix.java:[889,78] error: cannot find symbol

[ERROR]  class RelationalOperations
/workspaces/CodeCureAgent/code_cure_agent/cca_workspace_4/geometry-api-java/src/main/java/com/esri/core/geometry/RelationalOperationsMatrix.java:[908,74] error: cannot find symbol

[ERROR]  class RelationalOperations
/workspaces/CodeCureAgent/code_cure_agent/cca_workspace_4/geometry-api-java/src/main/java/com/esri/core/geometry/RelationalOperationsMatrix.java:[932,43] error: cannot find symbol

[INFO] 88 errors 
[INFO] -------------------------------------------------------------
[INFO] ------------------------------------------------------------------------
[INFO] BUILD FAILURE
[INFO] ------------------------------------------------------------------------
[INFO] Total time:  3.983 s
[INFO] Finished at: 2026-01-30T10:05:18Z
[INFO] ------------------------------------------------------------------------
[ERROR] Failed to execute goal org.apache.maven.plugins:maven-compiler-plugin:2.3.1:compile (default-compile) on project esri-geometry-api: Compilation failure: Compilation failure: 
[ERROR] /workspaces/CodeCureAgent/code_cure_agent/cca_workspace_4/geometry-api-java/src/main/java/com/esri/core/geometry/RelationalOperations.java:[818,11] error: cannot find symbol
[ERROR] 
[ERROR]  class RelationalOperations
[ERROR] /workspaces/CodeCureAgent/code_cure_agent/cca_workspace_4/geometry-api-java/src/main/java/com/esri/core/geometry/OperatorSimpleRelation.java:[44,29] error: cannot find symbol
[ERROR] 
[ERROR]  class RelationalOperations
[ERROR] /workspaces/CodeCureAgent/code_cure_agent/cca_workspace_4/geometry-api-java/src/main/java/com/esri/core/geometry/OperatorSimpleRelation.java:[52,29] error: cannot find symbol
[ERROR] 
[ERROR]  class RelationalOperations
[ERROR] /workspaces/CodeCureAgent/code_cure_agent/cca_workspace_4/geometry-api-java/src/main/java/com/esri/core/geometry/RelationalOperations.java:[96,6] error: cannot find symbol
[ERROR] 
[ERROR]  class RelationalOperations
[ERROR] /workspaces/CodeCureAgent/code_cure_agent/cca_workspace_4/geometry-api-java/src/main/java/com/esri/core/geometry/RelationalOperations.java:[181,16] error: cannot find symbol
[ERROR] 
[ERROR]  class RelationalOperations
[ERROR] /workspaces/CodeCureAgent/code_cure_agent/cca_workspace_4/geometry-api-java/src/main/java/com/esri/core/geometry/RelationalOperations.java:[187,16] error: cannot find symbol
[ERROR] 
[ERROR]  class RelationalOperations
[ERROR] /workspaces/CodeCureAgent/code_cure_agent/cca_workspace_4/geometry-api-java/src/main/java/com/esri/core/geometry/RelationalOperations.java:[206,16] error: cannot find symbol
[ERROR] 
[ERROR]  class RelationalOperations
[ERROR] /workspaces/CodeCureAgent/code_cure_agent/cca_workspace_4/geometry-api-java/src/main/java/com/esri/core/geometry/RelationalOperations.java:[212,16] error: cannot find symbol
[ERROR] 
[ERROR]  class RelationalOperations
[ERROR] /workspaces/CodeCureAgent/code_cure_agent/cca_workspace_4/geometry-api-java/src/main/java/com/esri/core/geometry/RelationalOperations.java:[218,16] error: cannot find symbol
[ERROR] 
[ERROR]  class RelationalOperations
[ERROR] /workspaces/CodeCureAgent/code_cure_agent/cca_workspace_4/geometry-api-java/src/main/java/com/esri/core/geometry/RelationalOperations.java:[224,16] error: cannot find symbol
[ERROR] 
[ERROR]  class RelationalOperations
[ERROR] /workspaces/CodeCureAgent/code_cure_agent/cca_workspace_4/geometry-api-java/src/main/java/com/esri/core/geometry/RelationalOperations.java:[243,16] error: cannot find symbol
[ERROR] 
[ERROR]  class RelationalOperations
[ERROR] /workspaces/CodeCureAgent/code_cure_agent/cca_workspace_4/geometry-api-java/src/main/java/com/esri/core/geometry/RelationalOperations.java:[249,16] error: cannot find symbol
[ERROR] 
[ERROR]  class RelationalOperations
[ERROR] /workspaces/CodeCureAgent/code_cure_agent/cca_workspace_4/geometry-api-java/src/main/java/com/esri/core/geometry/RelationalOperations.java:[262,16] error: cannot find symbol
[ERROR] 
[ERROR]  class RelationalOperations
[ERROR] /workspaces/CodeCureAgent/code_cure_agent/cca_workspace_4/geometry-api-java/src/main/java/com/esri/core/geometry/RelationalOperations.java:[268,16] error: cannot find symbol
[ERROR] 
[ERROR]  class RelationalOperations
[ERROR] /workspaces/CodeCureAgent/code_cure_agent/cca_workspace_4/geometry-api-java/src/main/java/com/esri/core/geometry/RelationalOperations.java:[274,16] error: cannot find symbol
[ERROR] 
[ERROR]  class RelationalOperations
[ERROR] /workspaces/CodeCureAgent/code_cure_agent/cca_workspace_4/geometry-api-java/src/main/java/com/esri/core/geometry/RelationalOperations.java:[280,16] error: cannot find symbol
[ERROR] 
[ERROR]  class RelationalOperations
[ERROR] /workspaces/CodeCureAgent/code_cure_agent/cca_workspace_4/geometry-api-java/src/main/java/com/esri/core/geometry/RelationalOperations.java:[286,16] error: cannot find symbol
[ERROR] 
[ERROR]  class RelationalOperations
[ERROR] /workspaces/CodeCureAgent/code_cure_agent/cca_workspace_4/geometry-api-java/src/main/java/com/esri/core/geometry/RelationalOperations.java:[299,16] error: cannot find symbol
[ERROR] 
[ERROR]  class RelationalOperations
[ERROR] /workspaces/CodeCureAgent/code_cure_agent/cca_workspace_4/geometry-api-java/src/main/java/com/esri/core/geometry/RelationalOperations.java:[305,16] error: cannot find symbol
[ERROR] 
[ERROR]  class RelationalOperations
[ERROR] /workspaces/CodeCureAgent/code_cure_agent/cca_workspace_4/geometry-api-java/src/main/java/com/esri/core/geometry/RelationalOperations.java:[311,16] error: cannot find symbol
[ERROR] 
[ERROR]  class RelationalOperations
[ERROR] /workspaces/CodeCureAgent/code_cure_agent/cca_workspace_4/geometry-api-java/src/main/java/com/esri/core/geometry/RelationalOperations.java:[351,10] error: cannot find symbol
[ERROR] 
[ERROR]  class RelationalOperations
[ERROR] /workspaces/CodeCureAgent/code_cure_agent/cca_workspace_4/geometry-api-java/src/main/java/com/esri/core/geometry/RelationalOperations.java:[355,10] error: cannot find symbol
[ERROR] 
[ERROR]  class RelationalOperations
[ERROR] /workspaces/CodeCureAgent/code_cure_agent/cca_workspace_4/geometry-api-java/src/main/java/com/esri/core/geometry/RelationalOperations.java:[359,10] error: cannot find symbol
[ERROR] 
[ERROR]  class RelationalOperations
[ERROR] /workspaces/CodeCureAgent/code_cure_agent/cca_workspace_4/geometry-api-java/src/main/java/com/esri/core/geometry/RelationalOperations.java:[363,10] error: cannot find symbol
[ERROR] 
[ERROR]  class RelationalOperations
[ERROR] /workspaces/CodeCureAgent/code_cure_agent/cca_workspace_4/geometry-api-java/src/main/java/com/esri/core/geometry/RelationalOperations.java:[367,10] error: cannot find symbol
[ERROR] 
[ERROR]  class RelationalOperations
[ERROR] /workspaces/CodeCureAgent/code_cure_agent/cca_workspace_4/geometry-api-java/src/main/java/com/esri/core/geometry/RelationalOperations.java:[371,10] error: cannot find symbol
[ERROR] 
[ERROR]  class RelationalOperations
[ERROR] /workspaces/CodeCureAgent/code_cure_agent/cca_workspace_4/geometry-api-java/src/main/java/com/esri/core/geometry/RelationalOperations.java:[375,10] error: cannot find symbol
[ERROR] 
[ERROR]  class RelationalOperations
[ERROR] /workspaces/CodeCureAgent/code_cure_agent/cca_workspace_4/geometry-api-java/src/main/java/com/esri/core/geometry/RelationalOperations.java:[407,10] error: cannot find symbol
[ERROR] 
[ERROR]  class RelationalOperations
[ERROR] /workspaces/CodeCureAgent/code_cure_agent/cca_workspace_4/geometry-api-java/src/main/java/com/esri/core/geometry/RelationalOperations.java:[411,10] error: cannot find symbol
[ERROR] 
[ERROR]  class RelationalOperations
[ERROR] /workspaces/CodeCureAgent/code_cure_agent/cca_workspace_4/geometry-api-java/src/main/java/com/esri/core/geometry/RelationalOperations.java:[415,10] error: cannot find symbol
[ERROR] 
[ERROR]  class RelationalOperations
[ERROR] /workspaces/CodeCureAgent/code_cure_agent/cca_workspace_4/geometry-api-java/src/main/java/com/esri/core/geometry/RelationalOperations.java:[419,10] error: cannot find symbol
[ERROR] 
[ERROR]  class RelationalOperations
[ERROR] /workspaces/CodeCureAgent/code_cure_agent/cca_workspace_4/geometry-api-java/src/main/java/com/esri/core/geometry/RelationalOperations.java:[423,10] error: cannot find symbol
[ERROR] 
[ERROR]  class RelationalOperations
[ERROR] /workspaces/CodeCureAgent/code_cure_agent/cca_workspace_4/geometry-api-java/src/main/java/com/esri/core/geometry/RelationalOperations.java:[455,10] error: cannot find symbol
[ERROR] 
[ERROR]  class RelationalOperations
[ERROR] /workspaces/CodeCureAgent/code_cure_agent/cca_workspace_4/geometry-api-java/src/main/java/com/esri/core/geometry/RelationalOperations.java:[458,10] error: cannot find symbol
[ERROR] 
[ERROR]  class RelationalOperations
[ERROR] /workspaces/CodeCureAgent/code_cure_agent/cca_workspace_4/geometry-api-java/src/main/java/com/esri/core/geometry/RelationalOperations.java:[461,10] error: cannot find symbol
[ERROR] 
[ERROR]  class RelationalOperations
[ERROR] /workspaces/CodeCureAgent/code_cure_agent/cca_workspace_4/geometry-api-java/src/main/java/com/esri/core/geometry/RelationalOperations.java:[464,10] error: cannot find symbol
[ERROR] 
[ERROR]  class RelationalOperations
[ERROR] /workspaces/CodeCureAgent/code_cure_agent/cca_workspace_4/geometry-api-java/src/main/java/com/esri/core/geometry/RelationalOperations.java:[570,7] error: cannot find symbol
[ERROR] 
[ERROR]  class RelationalOperations
[ERROR] /workspaces/CodeCureAgent/code_cure_agent/cca_workspace_4/geometry-api-java/src/main/java/com/esri/core/geometry/RelationalOperations.java:[575,17] error: cannot find symbol
[ERROR] 
[ERROR]  class RelationalOperations
[ERROR] /workspaces/CodeCureAgent/code_cure_agent/cca_workspace_4/geometry-api-java/src/main/java/com/esri/core/geometry/RelationalOperations.java:[585,6] error: cannot find symbol
[ERROR] 
[ERROR]  class RelationalOperations
[ERROR] /workspaces/CodeCureAgent/code_cure_agent/cca_workspace_4/geometry-api-java/src/main/java/com/esri/core/geometry/RelationalOperations.java:[597,9] error: cannot find symbol
[ERROR] 
[ERROR]  class RelationalOperations
[ERROR] /workspaces/CodeCureAgent/code_cure_agent/cca_workspace_4/geometry-api-java/src/main/java/com/esri/core/geometry/RelationalOperations.java:[606,17] error: cannot find symbol
[ERROR] 
[ERROR]  class RelationalOperations
[ERROR] /workspaces/CodeCureAgent/code_cure_agent/cca_workspace_4/geometry-api-java/src/main/java/com/esri/core/geometry/RelationalOperations.java:[616,9] error: cannot find symbol
[ERROR] 
[ERROR]  class RelationalOperations
[ERROR] /workspaces/CodeCureAgent/code_cure_agent/cca_workspace_4/geometry-api-java/src/main/java/com/esri/core/geometry/RelationalOperations.java:[626,17] error: cannot find symbol
[ERROR] 
[ERROR]  class RelationalOperations
[ERROR] /workspaces/CodeCureAgent/code_cure_agent/cca_workspace_4/geometry-api-java/src/main/java/com/esri/core/geometry/RelationalOperations.java:[633,9] error: cannot find symbol
[ERROR] 
[ERROR]  class RelationalOperations
[ERROR] /workspaces/CodeCureAgent/code_cure_agent/cca_workspace_4/geometry-api-java/src/main/java/com/esri/core/geometry/RelationalOperations.java:[643,17] error: cannot find symbol
[ERROR] 
[ERROR]  class RelationalOperations
[ERROR] /workspaces/CodeCureAgent/code_cure_agent/cca_workspace_4/geometry-api-java/src/main/java/com/esri/core/geometry/RelationalOperations.java:[650,9] error: cannot find symbol
[ERROR] 
[ERROR]  class RelationalOperations
[ERROR] /workspaces/CodeCureAgent/code_cure_agent/cca_workspace_4/geometry-api-java/src/main/java/com/esri/core/geometry/RelationalOperations.java:[663,7] error: cannot find symbol
[ERROR] 
[ERROR]  class RelationalOperations
[ERROR] /workspaces/CodeCureAgent/code_cure_agent/cca_workspace_4/geometry-api-java/src/main/java/com/esri/core/geometry/RelationalOperations.java:[668,17] error: cannot find symbol
[ERROR] 
[ERROR]  class RelationalOperations
[ERROR] /workspaces/CodeCureAgent/code_cure_agent/cca_workspace_4/geometry-api-java/src/main/java/com/esri/core/geometry/RelationalOperations.java:[677,9] error: cannot find symbol
[ERROR] 
[ERROR]  class RelationalOperations
[ERROR] /workspaces/CodeCureAgent/code_cure_agent/cca_workspace_4/geometry-api-java/src/main/java/com/esri/core/geometry/RelationalOperations.java:[687,17] error: cannot find symbol
[ERROR] 
[ERROR]  class RelationalOperations
[ERROR] /workspaces/CodeCureAgent/code_cure_agent/cca_workspace_4/geometry-api-java/src/main/java/com/esri/core/geometry/RelationalOperations.java:[696,9] error: cannot find symbol
[ERROR] 
[ERROR]  class RelationalOperations
[ERROR] /workspaces/CodeCureAgent/code_cure_agent/cca_workspace_4/geometry-api-java/src/main/java/com/esri/core/geometry/RelationalOperations.java:[706,17] error: cannot find symbol
[ERROR] 
[ERROR]  class RelationalOperations
[ERROR] /workspaces/CodeCureAgent/code_cure_agent/cca_workspace_4/geometry-api-java/src/main/java/com/esri/core/geometry/RelationalOperations.java:[712,9] error: cannot find symbol
[ERROR] 
[ERROR]  class RelationalOperations
[ERROR] /workspaces/CodeCureAgent/code_cure_agent/cca_workspace_4/geometry-api-java/src/main/java/com/esri/core/geometry/RelationalOperations.java:[722,17] error: cannot find symbol
[ERROR] 
[ERROR]  class RelationalOperations
[ERROR] /workspaces/CodeCureAgent/code_cure_agent/cca_workspace_4/geometry-api-java/src/main/java/com/esri/core/geometry/RelationalOperations.java:[728,9] error: cannot find symbol
[ERROR] 
[ERROR]  class RelationalOperations
[ERROR] /workspaces/CodeCureAgent/code_cure_agent/cca_workspace_4/geometry-api-java/src/main/java/com/esri/core/geometry/RelationalOperations.java:[741,7] error: cannot find symbol
[ERROR] 
[ERROR]  class RelationalOperations
[ERROR] /workspaces/CodeCureAgent/code_cure_agent/cca_workspace_4/geometry-api-java/src/main/java/com/esri/core/geometry/RelationalOperations.java:[746,17] error: cannot find symbol
[ERROR] 
[ERROR]  class RelationalOperations
[ERROR] /workspaces/CodeCureAgent/code_cure_agent/cca_workspace_4/geometry-api-java/src/main/java/com/esri/core/geometry/RelationalOperations.java:[755,9] error: cannot find symbol
[ERROR] 
[ERROR]  class RelationalOperations
[ERROR] /workspaces/CodeCureAgent/code_cure_agent/cca_workspace_4/geometry-api-java/src/main/java/com/esri/core/geometry/RelationalOperations.java:[775,9] error: cannot find symbol
[ERROR] 
[ERROR]  class RelationalOperations
[ERROR] /workspaces/CodeCureAgent/code_cure_agent/cca_workspace_4/geometry-api-java/src/main/java/com/esri/core/geometry/RelationalOperations.java:[782,9] error: cannot find symbol
[ERROR] 
[ERROR]  class RelationalOperations
[ERROR] /workspaces/CodeCureAgent/code_cure_agent/cca_workspace_4/geometry-api-java/src/main/java/com/esri/core/geometry/RelationalOperations.java:[788,2] error: cannot find symbol
[ERROR] 
[ERROR]  class RelationalOperations
[ERROR] /workspaces/CodeCureAgent/code_cure_agent/cca_workspace_4/geometry-api-java/src/main/java/com/esri/core/geometry/RelationalOperations.java:[789,2] error: cannot find symbol
[ERROR] 
[ERROR]  class RelationalOperations
[ERROR] /workspaces/CodeCureAgent/code_cure_agent/cca_workspace_4/geometry-api-java/src/main/java/com/esri/core/geometry/RelationalOperations.java:[821,35] error: cannot find symbol
[ERROR] 
[ERROR]  class RelationalOperations
[ERROR] /workspaces/CodeCureAgent/code_cure_agent/cca_workspace_4/geometry-api-java/src/main/java/com/esri/core/geometry/OperatorRelate.java:[58,29] error: cannot find symbol
[ERROR] 
[ERROR]  class RelationalOperations
[ERROR] /workspaces/CodeCureAgent/code_cure_agent/cca_workspace_4/geometry-api-java/src/main/java/com/esri/core/geometry/OperatorRelate.java:[66,29] error: cannot find symbol
[ERROR] 
[ERROR]  class RelationalOperations
[ERROR] /workspaces/CodeCureAgent/code_cure_agent/cca_workspace_4/geometry-api-java/src/main/java/com/esri/core/geometry/RelationalOperationsMatrix.java:[257,43] error: cannot find symbol
[ERROR] 
[ERROR]  class RelationalOperations
[ERROR] /workspaces/CodeCureAgent/code_cure_agent/cca_workspace_4/geometry-api-java/src/main/java/com/esri/core/geometry/RelationalOperationsMatrix.java:[269,5] error: cannot find symbol
[ERROR] 
[ERROR]  class RelationalOperations
[ERROR] /workspaces/CodeCureAgent/code_cure_agent/cca_workspace_4/geometry-api-java/src/main/java/com/esri/core/geometry/RelationalOperationsMatrix.java:[314,49] error: cannot find symbol
[ERROR] 
[ERROR]  class RelationalOperations
[ERROR] /workspaces/CodeCureAgent/code_cure_agent/cca_workspace_4/geometry-api-java/src/main/java/com/esri/core/geometry/RelationalOperationsMatrix.java:[325,47] error: cannot find symbol
[ERROR] 
[ERROR]  class RelationalOperations
[ERROR] /workspaces/CodeCureAgent/code_cure_agent/cca_workspace_4/geometry-api-java/src/main/java/com/esri/core/geometry/RelationalOperationsMatrix.java:[414,43] error: cannot find symbol
[ERROR] 
[ERROR]  class RelationalOperations
[ERROR] /workspaces/CodeCureAgent/code_cure_agent/cca_workspace_4/geometry-api-java/src/main/java/com/esri/core/geometry/RelationalOperationsMatrix.java:[428,5] error: cannot find symbol
[ERROR] 
[ERROR]  class RelationalOperations
[ERROR] /workspaces/CodeCureAgent/code_cure_agent/cca_workspace_4/geometry-api-java/src/main/java/com/esri/core/geometry/RelationalOperationsMatrix.java:[478,49] error: cannot find symbol
[ERROR] 
[ERROR]  class RelationalOperations
[ERROR] /workspaces/CodeCureAgent/code_cure_agent/cca_workspace_4/geometry-api-java/src/main/java/com/esri/core/geometry/RelationalOperationsMatrix.java:[489,47] error: cannot find symbol
[ERROR] 
[ERROR]  class RelationalOperations
[ERROR] /workspaces/CodeCureAgent/code_cure_agent/cca_workspace_4/geometry-api-java/src/main/java/com/esri/core/geometry/RelationalOperationsMatrix.java:[540,43] error: cannot find symbol
[ERROR] 
[ERROR]  class RelationalOperations
[ERROR] /workspaces/CodeCureAgent/code_cure_agent/cca_workspace_4/geometry-api-java/src/main/java/com/esri/core/geometry/RelationalOperationsMatrix.java:[552,5] error: cannot find symbol
[ERROR] 
[ERROR]  class RelationalOperations
[ERROR] /workspaces/CodeCureAgent/code_cure_agent/cca_workspace_4/geometry-api-java/src/main/java/com/esri/core/geometry/RelationalOperationsMatrix.java:[592,43] error: cannot find symbol
[ERROR] 
[ERROR]  class RelationalOperations
[ERROR] /workspaces/CodeCureAgent/code_cure_agent/cca_workspace_4/geometry-api-java/src/main/java/com/esri/core/geometry/RelationalOperationsMatrix.java:[604,5] error: cannot find symbol
[ERROR] 
[ERROR]  class RelationalOperations
[ERROR] /workspaces/CodeCureAgent/code_cure_agent/cca_workspace_4/geometry-api-java/src/main/java/com/esri/core/geometry/RelationalOperationsMatrix.java:[653,43] error: cannot find symbol
[ERROR] 
[ERROR]  class RelationalOperations
[ERROR] /workspaces/CodeCureAgent/code_cure_agent/cca_workspace_4/geometry-api-java/src/main/java/com/esri/core/geometry/RelationalOperationsMatrix.java:[665,5] error: cannot find symbol
[ERROR] 
[ERROR]  class RelationalOperations
[ERROR] /workspaces/CodeCureAgent/code_cure_agent/cca_workspace_4/geometry-api-java/src/main/java/com/esri/core/geometry/RelationalOperationsMatrix.java:[708,43] error: cannot find symbol
[ERROR] 
[ERROR]  class RelationalOperations
[ERROR] /workspaces/CodeCureAgent/code_cure_agent/cca_workspace_4/geometry-api-java/src/main/java/com/esri/core/geometry/RelationalOperationsMatrix.java:[743,49] error: cannot find symbol
[ERROR] 
[ERROR]  class RelationalOperations
[ERROR] /workspaces/CodeCureAgent/code_cure_agent/cca_workspace_4/geometry-api-java/src/main/java/com/esri/core/geometry/RelationalOperationsMatrix.java:[810,49] error: cannot find symbol
[ERROR] 
[ERROR]  class RelationalOperations
[ERROR] /workspaces/CodeCureAgent/code_cure_agent/cca_workspace_4/geometry-api-java/src/main/java/com/esri/core/geometry/RelationalOperationsMatrix.java:[826,59] error: cannot find symbol
[ERROR] 
[ERROR]  class RelationalOperations
[ERROR] /workspaces/CodeCureAgent/code_cure_agent/cca_workspace_4/geometry-api-java/src/main/java/com/esri/core/geometry/RelationalOperationsMatrix.java:[833,73] error: cannot find symbol
[ERROR] 
[ERROR]  class RelationalOperations
[ERROR] /workspaces/CodeCureAgent/code_cure_agent/cca_workspace_4/geometry-api-java/src/main/java/com/esri/core/geometry/RelationalOperationsMatrix.java:[864,73] error: cannot find symbol
[ERROR] 
[ERROR]  class RelationalOperations
[ERROR] /workspaces/CodeCureAgent/code_cure_agent/cca_workspace_4/geometry-api-java/src/main/java/com/esri/core/geometry/RelationalOperationsMatrix.java:[889,78] error: cannot find symbol
[ERROR] 
[ERROR]  class RelationalOperations
[ERROR] /workspaces/CodeCureAgent/code_cure_agent/cca_workspace_4/geometry-api-java/src/main/java/com/esri/core/geometry/RelationalOperationsMatrix.java:[908,74] error: cannot find symbol
[ERROR] 
[ERROR]  class RelationalOperations
[ERROR] /workspaces/CodeCureAgent/code_cure_agent/cca_workspace_4/geometry-api-java/src/main/java/com/esri/core/geometry/RelationalOperationsMatrix.java:[932,43] error: cannot find symbol
[ERROR] -> [Help 1]
[ERROR] 
[ERROR] To see the full stack trace of the errors, re-run Maven with the -e switch.
[ERROR] Re-run Maven using the -X switch to enable full debug logging.
[ERROR] 
[ERROR] For more information about the errors and possible solutions, please read the following articles:
[ERROR] [Help 1] http://cwiki.apache.org/confluence/display/MAVEN/MojoFailureException
