[INFO] Scanning for projects...
[INFO] 
[INFO] ----------------------< com.github.wmixvideo:nfe >----------------------
[INFO] Building nfe 3.0.27-SNAPSHOT
[INFO] --------------------------------[ jar ]---------------------------------
[INFO] 
[INFO] --- maven-clean-plugin:2.5:clean (default-clean) @ nfe ---
[INFO] 
[INFO] --- jacoco-maven-plugin:0.8.6:prepare-agent (prepare-agent) @ nfe ---
[INFO] argLine set to -javaagent:/home/vscode/.m2/repository/org/jacoco/org.jacoco.agent/0.8.6/org.jacoco.agent-0.8.6-runtime.jar=destfile=/workspaces/CodeCureAgent/code_cure_agent/cca_workspace_4/nfe/target/jacoco.exec,excludes=**/webservices/**/*
[INFO] 
[INFO] --- maven-resources-plugin:2.6:resources (default-resources) @ nfe ---
[INFO] Using 'UTF-8' encoding to copy filtered resources.
[INFO] Copying 444 resources
[INFO] Copying 0 resource
[INFO] 
[INFO] --- maven-compiler-plugin:3.8.1:compile (default-compile) @ nfe ---
[INFO] Changes detected - recompiling the module!
[INFO] Compiling 1032 source files to /workspaces/CodeCureAgent/code_cure_agent/cca_workspace_4/nfe/target/classes
[INFO] -------------------------------------------------------------
[ERROR] COMPILATION ERROR : 
[INFO] -------------------------------------------------------------
[ERROR] /workspaces/CodeCureAgent/code_cure_agent/cca_workspace_4/nfe/src/main/java/com/fincatto/documentofiscal/nfe400/classes/NFAutorizador400.java:[238,20] cannot find symbol
  symbol: variable SVRS
[ERROR] /workspaces/CodeCureAgent/code_cure_agent/cca_workspace_4/nfe/src/main/java/com/fincatto/documentofiscal/nfe400/classes/NFAutorizador400.java:[243,20] cannot find symbol
  symbol: variable SVRS
[ERROR] /workspaces/CodeCureAgent/code_cure_agent/cca_workspace_4/nfe/src/main/java/com/fincatto/documentofiscal/nfe400/classes/NFAutorizador400.java:[253,20] cannot find symbol
  symbol: variable SVRS
[ERROR] /workspaces/CodeCureAgent/code_cure_agent/cca_workspace_4/nfe/src/main/java/com/fincatto/documentofiscal/nfe400/classes/NFAutorizador400.java:[258,20] cannot find symbol
  symbol: variable SVRS
[ERROR] /workspaces/CodeCureAgent/code_cure_agent/cca_workspace_4/nfe/src/main/java/com/fincatto/documentofiscal/nfe400/classes/NFAutorizador400.java:[263,20] cannot find symbol
  symbol: variable SVRS
[ERROR] /workspaces/CodeCureAgent/code_cure_agent/cca_workspace_4/nfe/src/main/java/com/fincatto/documentofiscal/nfe400/classes/NFAutorizador400.java:[268,20] cannot find symbol
  symbol: variable SVRS
[ERROR] /workspaces/CodeCureAgent/code_cure_agent/cca_workspace_4/nfe/src/main/java/com/fincatto/documentofiscal/nfe400/classes/NFAutorizador400.java:[496,20] cannot find symbol
  symbol: variable SVRS
[ERROR] /workspaces/CodeCureAgent/code_cure_agent/cca_workspace_4/nfe/src/main/java/com/fincatto/documentofiscal/nfe400/classes/NFAutorizador400.java:[501,20] cannot find symbol
  symbol: variable SVRS
[ERROR] /workspaces/CodeCureAgent/code_cure_agent/cca_workspace_4/nfe/src/main/java/com/fincatto/documentofiscal/nfe400/classes/NFAutorizador400.java:[511,20] cannot find symbol
  symbol: variable SVRS
[ERROR] /workspaces/CodeCureAgent/code_cure_agent/cca_workspace_4/nfe/src/main/java/com/fincatto/documentofiscal/nfe400/classes/NFAutorizador400.java:[516,20] cannot find symbol
  symbol: variable SVRS
[ERROR] /workspaces/CodeCureAgent/code_cure_agent/cca_workspace_4/nfe/src/main/java/com/fincatto/documentofiscal/nfe400/classes/NFAutorizador400.java:[521,20] cannot find symbol
  symbol: variable SVRS
[ERROR] /workspaces/CodeCureAgent/code_cure_agent/cca_workspace_4/nfe/src/main/java/com/fincatto/documentofiscal/nfe400/classes/NFAutorizador400.java:[526,20] cannot find symbol
  symbol: variable SVRS
[ERROR] /workspaces/CodeCureAgent/code_cure_agent/cca_workspace_4/nfe/src/main/java/com/fincatto/documentofiscal/nfe400/classes/NFAutorizador400.java:[1024,36] cannot find symbol
  symbol:   variable SVRS
  location: class com.fincatto.documentofiscal.nfe400.classes.NFAutorizador400
[ERROR] /workspaces/CodeCureAgent/code_cure_agent/cca_workspace_4/nfe/src/main/java/com/fincatto/documentofiscal/nfe400/classes/NFAutorizador400.java:[1026,36] cannot find symbol
  symbol:   variable SCAN
  location: class com.fincatto.documentofiscal.nfe400.classes.NFAutorizador400
[ERROR] /workspaces/CodeCureAgent/code_cure_agent/cca_workspace_4/nfe/src/main/java/com/fincatto/documentofiscal/nfe400/classes/NFAutorizador400.java:[1039,40] cannot find symbol
  symbol:   variable SVRS
  location: class com.fincatto.documentofiscal.nfe400.classes.NFAutorizador400
[ERROR] /workspaces/CodeCureAgent/code_cure_agent/cca_workspace_4/nfe/src/main/java/com/fincatto/documentofiscal/nfe400/classes/NFAutorizador400.java:[1041,40] cannot find symbol
  symbol:   variable SCAN
  location: class com.fincatto.documentofiscal.nfe400.classes.NFAutorizador400
[INFO] 16 errors 
[INFO] -------------------------------------------------------------
[INFO] ------------------------------------------------------------------------
[INFO] BUILD FAILURE
[INFO] ------------------------------------------------------------------------
[INFO] Total time:  8.697 s
[INFO] Finished at: 2026-01-29T13:22:40Z
[INFO] ------------------------------------------------------------------------
[ERROR] Failed to execute goal org.apache.maven.plugins:maven-compiler-plugin:3.8.1:compile (default-compile) on project nfe: Compilation failure: Compilation failure: 
[ERROR] /workspaces/CodeCureAgent/code_cure_agent/cca_workspace_4/nfe/src/main/java/com/fincatto/documentofiscal/nfe400/classes/NFAutorizador400.java:[238,20] cannot find symbol
[ERROR]   symbol: variable SVRS
[ERROR] /workspaces/CodeCureAgent/code_cure_agent/cca_workspace_4/nfe/src/main/java/com/fincatto/documentofiscal/nfe400/classes/NFAutorizador400.java:[243,20] cannot find symbol
[ERROR]   symbol: variable SVRS
[ERROR] /workspaces/CodeCureAgent/code_cure_agent/cca_workspace_4/nfe/src/main/java/com/fincatto/documentofiscal/nfe400/classes/NFAutorizador400.java:[253,20] cannot find symbol
[ERROR]   symbol: variable SVRS
[ERROR] /workspaces/CodeCureAgent/code_cure_agent/cca_workspace_4/nfe/src/main/java/com/fincatto/documentofiscal/nfe400/classes/NFAutorizador400.java:[258,20] cannot find symbol
[ERROR]   symbol: variable SVRS
[ERROR] /workspaces/CodeCureAgent/code_cure_agent/cca_workspace_4/nfe/src/main/java/com/fincatto/documentofiscal/nfe400/classes/NFAutorizador400.java:[263,20] cannot find symbol
[ERROR]   symbol: variable SVRS
[ERROR] /workspaces/CodeCureAgent/code_cure_agent/cca_workspace_4/nfe/src/main/java/com/fincatto/documentofiscal/nfe400/classes/NFAutorizador400.java:[268,20] cannot find symbol
[ERROR]   symbol: variable SVRS
[ERROR] /workspaces/CodeCureAgent/code_cure_agent/cca_workspace_4/nfe/src/main/java/com/fincatto/documentofiscal/nfe400/classes/NFAutorizador400.java:[496,20] cannot find symbol
[ERROR]   symbol: variable SVRS
[ERROR] /workspaces/CodeCureAgent/code_cure_agent/cca_workspace_4/nfe/src/main/java/com/fincatto/documentofiscal/nfe400/classes/NFAutorizador400.java:[501,20] cannot find symbol
[ERROR]   symbol: variable SVRS
[ERROR] /workspaces/CodeCureAgent/code_cure_agent/cca_workspace_4/nfe/src/main/java/com/fincatto/documentofiscal/nfe400/classes/NFAutorizador400.java:[511,20] cannot find symbol
[ERROR]   symbol: variable SVRS
[ERROR] /workspaces/CodeCureAgent/code_cure_agent/cca_workspace_4/nfe/src/main/java/com/fincatto/documentofiscal/nfe400/classes/NFAutorizador400.java:[516,20] cannot find symbol
[ERROR]   symbol: variable SVRS
[ERROR] /workspaces/CodeCureAgent/code_cure_agent/cca_workspace_4/nfe/src/main/java/com/fincatto/documentofiscal/nfe400/classes/NFAutorizador400.java:[521,20] cannot find symbol
[ERROR]   symbol: variable SVRS
[ERROR] /workspaces/CodeCureAgent/code_cure_agent/cca_workspace_4/nfe/src/main/java/com/fincatto/documentofiscal/nfe400/classes/NFAutorizador400.java:[526,20] cannot find symbol
[ERROR]   symbol: variable SVRS
[ERROR] /workspaces/CodeCureAgent/code_cure_agent/cca_workspace_4/nfe/src/main/java/com/fincatto/documentofiscal/nfe400/classes/NFAutorizador400.java:[1024,36] cannot find symbol
[ERROR]   symbol:   variable SVRS
[ERROR]   location: class com.fincatto.documentofiscal.nfe400.classes.NFAutorizador400
[ERROR] /workspaces/CodeCureAgent/code_cure_agent/cca_workspace_4/nfe/src/main/java/com/fincatto/documentofiscal/nfe400/classes/NFAutorizador400.java:[1026,36] cannot find symbol
[ERROR]   symbol:   variable SCAN
[ERROR]   location: class com.fincatto.documentofiscal.nfe400.classes.NFAutorizador400
[ERROR] /workspaces/CodeCureAgent/code_cure_agent/cca_workspace_4/nfe/src/main/java/com/fincatto/documentofiscal/nfe400/classes/NFAutorizador400.java:[1039,40] cannot find symbol
[ERROR]   symbol:   variable SVRS
[ERROR]   location: class com.fincatto.documentofiscal.nfe400.classes.NFAutorizador400
[ERROR] /workspaces/CodeCureAgent/code_cure_agent/cca_workspace_4/nfe/src/main/java/com/fincatto/documentofiscal/nfe400/classes/NFAutorizador400.java:[1041,40] cannot find symbol
[ERROR]   symbol:   variable SCAN
[ERROR]   location: class com.fincatto.documentofiscal.nfe400.classes.NFAutorizador400
[ERROR] -> [Help 1]
[ERROR] 
[ERROR] To see the full stack trace of the errors, re-run Maven with the -e switch.
[ERROR] Re-run Maven using the -X switch to enable full debug logging.
[ERROR] 
[ERROR] For more information about the errors and possible solutions, please read the following articles:
[ERROR] [Help 1] http://cwiki.apache.org/confluence/display/MAVEN/MojoFailureException
