[INFO] Scanning for projects...
[WARNING] 
[WARNING] Some problems were encountered while building the effective model for me.superblaubeere27:obfuscator-annotations:jar:1.9.3-SNAPSHOT
[WARNING] 'build.plugins.plugin.version' for org.apache.maven.plugins:maven-jar-plugin is missing. @ line 28, column 21
[WARNING] 
[WARNING] Some problems were encountered while building the effective model for me.superblaubeere27:obfuscator-core:jar:1.9.3-SNAPSHOT
[WARNING] 'build.plugins.plugin.version' for org.apache.maven.plugins:maven-jar-plugin is missing. @ line 141, column 21
[WARNING] 
[WARNING] It is highly recommended to fix these problems because they threaten the stability of your build.
[WARNING] 
[WARNING] For this reason, future Maven versions might no longer support building such malformed projects.
[WARNING] 
[INFO] ------------------------------------------------------------------------
[INFO] Reactor Build Order:
[INFO] 
[INFO] obfuscator                                                         [pom]
[INFO] obfuscator-annotations                                             [jar]
[INFO] obfuscator-core                                                    [jar]
[INFO] 
[INFO] -------------------< me.superblaubeere27:obfuscator >-------------------
[INFO] Building obfuscator 1.9.3-SNAPSHOT                                 [1/3]
[INFO] --------------------------------[ pom ]---------------------------------
[INFO] 
[INFO] --- maven-clean-plugin:2.5:clean (default-clean) @ obfuscator ---
[INFO] 
[INFO] -------------< me.superblaubeere27:obfuscator-annotations >-------------
[INFO] Building obfuscator-annotations 1.9.3-SNAPSHOT                     [2/3]
[INFO] --------------------------------[ jar ]---------------------------------
[INFO] 
[INFO] --- maven-clean-plugin:2.5:clean (default-clean) @ obfuscator-annotations ---
[INFO] Deleting /workspaces/master-thesis-pascal-joos/code_cure_agent/cca_workspace/obfuscator/obfuscator-annotations/target
[INFO] 
[INFO] --- maven-resources-plugin:2.6:resources (default-resources) @ obfuscator-annotations ---
[WARNING] Using platform encoding (UTF-8 actually) to copy filtered resources, i.e. build is platform dependent!
[INFO] skip non existing resourceDirectory /workspaces/master-thesis-pascal-joos/code_cure_agent/cca_workspace/obfuscator/obfuscator-annotations/src/main/resources
[INFO] 
[INFO] --- maven-compiler-plugin:3.1:compile (default-compile) @ obfuscator-annotations ---
[INFO] Changes detected - recompiling the module!
[WARNING] File encoding has not been set, using platform encoding UTF-8, i.e. build is platform dependent!
[INFO] Compiling 3 source files to /workspaces/master-thesis-pascal-joos/code_cure_agent/cca_workspace/obfuscator/obfuscator-annotations/target/classes
[INFO] 
[INFO] --- maven-resources-plugin:2.6:testResources (default-testResources) @ obfuscator-annotations ---
[WARNING] Using platform encoding (UTF-8 actually) to copy filtered resources, i.e. build is platform dependent!
[INFO] skip non existing resourceDirectory /workspaces/master-thesis-pascal-joos/code_cure_agent/cca_workspace/obfuscator/obfuscator-annotations/src/test/resources
[INFO] 
[INFO] --- maven-compiler-plugin:3.1:testCompile (default-testCompile) @ obfuscator-annotations ---
[INFO] No sources to compile
[INFO] 
[INFO] --- maven-surefire-plugin:2.12.4:test (default-test) @ obfuscator-annotations ---
[INFO] Tests are skipped.
[INFO] 
[INFO] --- maven-jar-plugin:2.4:jar (default-jar) @ obfuscator-annotations ---
[INFO] Building jar: /workspaces/master-thesis-pascal-joos/code_cure_agent/cca_workspace/obfuscator/obfuscator-annotations/target/obfuscator-annotations-1.9.3-SNAPSHOT.jar
[INFO] 
[INFO] ----------------< me.superblaubeere27:obfuscator-core >-----------------
[INFO] Building obfuscator-core 1.9.3-SNAPSHOT                            [3/3]
[INFO] --------------------------------[ jar ]---------------------------------
[INFO] 
[INFO] --- maven-clean-plugin:2.5:clean (default-clean) @ obfuscator-core ---
[INFO] Deleting /workspaces/master-thesis-pascal-joos/code_cure_agent/cca_workspace/obfuscator/obfuscator-core/target
[INFO] 
[INFO] --- jcp:6.1.4:preprocess (preprocessSources) @ obfuscator-core ---
[INFO] Preprocess sources : /workspaces/master-thesis-pascal-joos/code_cure_agent/cca_workspace/obfuscator/obfuscator-core/src/main/java
[INFO] Preprocess destination : /workspaces/master-thesis-pascal-joos/code_cure_agent/cca_workspace/obfuscator/obfuscator-core/target/generated-sources/preprocessed
[INFO] -----------------------------------------------------------------
[INFO] Completed, preprocessed 81 files, copied 1 files, elapsed time 106ms
[INFO] A Compile source root has been removed from the root list [/workspaces/master-thesis-pascal-joos/code_cure_agent/cca_workspace/obfuscator/obfuscator-core/src/main/java]
[INFO] The New compile source root has been added into the list [/workspaces/master-thesis-pascal-joos/code_cure_agent/cca_workspace/obfuscator/obfuscator-core/target/generated-sources/preprocessed]
[INFO] 
[INFO] --- maven-resources-plugin:2.6:resources (default-resources) @ obfuscator-core ---
[WARNING] Using platform encoding (UTF-8 actually) to copy filtered resources, i.e. build is platform dependent!
[INFO] Copying 5 resources
[INFO] 
[INFO] --- maven-compiler-plugin:3.1:compile (default-compile) @ obfuscator-core ---
[INFO] Changes detected - recompiling the module!
[WARNING] File encoding has not been set, using platform encoding UTF-8, i.e. build is platform dependent!
[INFO] Compiling 81 source files to /workspaces/master-thesis-pascal-joos/code_cure_agent/cca_workspace/obfuscator/obfuscator-core/target/classes
[INFO] -------------------------------------------------------------
[WARNING] COMPILATION WARNING : 
[INFO] -------------------------------------------------------------
[WARNING] /workspaces/master-thesis-pascal-joos/code_cure_agent/cca_workspace/obfuscator/obfuscator-core/target/generated-sources/preprocessed/me/superblaubeere27/jobf/processors/StringEncryptionTransformer.java: /workspaces/master-thesis-pascal-joos/code_cure_agent/cca_workspace/obfuscator/obfuscator-core/target/generated-sources/preprocessed/me/superblaubeere27/jobf/processors/StringEncryptionTransformer.java uses or overrides a deprecated API.
[WARNING] /workspaces/master-thesis-pascal-joos/code_cure_agent/cca_workspace/obfuscator/obfuscator-core/target/generated-sources/preprocessed/me/superblaubeere27/jobf/processors/StringEncryptionTransformer.java: Recompile with -Xlint:deprecation for details.
[WARNING] /workspaces/master-thesis-pascal-joos/code_cure_agent/cca_workspace/obfuscator/obfuscator-core/target/generated-sources/preprocessed/me/superblaubeere27/jobf/ui/GUI.java: /workspaces/master-thesis-pascal-joos/code_cure_agent/cca_workspace/obfuscator/obfuscator-core/target/generated-sources/preprocessed/me/superblaubeere27/jobf/ui/GUI.java uses unchecked or unsafe operations.
[WARNING] /workspaces/master-thesis-pascal-joos/code_cure_agent/cca_workspace/obfuscator/obfuscator-core/target/generated-sources/preprocessed/me/superblaubeere27/jobf/ui/GUI.java: Recompile with -Xlint:unchecked for details.
[INFO] 4 warnings 
[INFO] -------------------------------------------------------------
[INFO] -------------------------------------------------------------
[ERROR] COMPILATION ERROR : 
[INFO] -------------------------------------------------------------
[ERROR] /workspaces/master-thesis-pascal-joos/code_cure_agent/cca_workspace/obfuscator/obfuscator-core/target/generated-sources/preprocessed/me/superblaubeere27/jobf/processors/packager/Packager.java:[579,52] non-static variable processors cannot be referenced from a static context
[INFO] 1 error
[INFO] -------------------------------------------------------------
[INFO] ------------------------------------------------------------------------
[INFO] Reactor Summary for obfuscator 1.9.3-SNAPSHOT:
[INFO] 
[INFO] obfuscator ......................................... SUCCESS [  0.108 s]
[INFO] obfuscator-annotations ............................. SUCCESS [  0.962 s]
[INFO] obfuscator-core .................................... FAILURE [  1.610 s]
[INFO] ------------------------------------------------------------------------
[INFO] BUILD FAILURE
[INFO] ------------------------------------------------------------------------
[INFO] Total time:  2.777 s
[INFO] Finished at: 2025-08-20T10:38:17Z
[INFO] ------------------------------------------------------------------------
[ERROR] Failed to execute goal org.apache.maven.plugins:maven-compiler-plugin:3.1:compile (default-compile) on project obfuscator-core: Compilation failure
[ERROR] /workspaces/master-thesis-pascal-joos/code_cure_agent/cca_workspace/obfuscator/obfuscator-core/target/generated-sources/preprocessed/me/superblaubeere27/jobf/processors/packager/Packager.java:[579,52] non-static variable processors cannot be referenced from a static context
[ERROR] -> [Help 1]
[ERROR] 
[ERROR] To see the full stack trace of the errors, re-run Maven with the -e switch.
[ERROR] Re-run Maven using the -X switch to enable full debug logging.
[ERROR] 
[ERROR] For more information about the errors and possible solutions, please read the following articles:
[ERROR] [Help 1] http://cwiki.apache.org/confluence/display/MAVEN/MojoFailureException
[ERROR] 
[ERROR] After correcting the problems, you can resume the build with the command
[ERROR]   mvn <args> -rf :obfuscator-core
