[INFO] Scanning for projects...
[INFO] ------------------------------------------------------------------------
[INFO] Reactor Build Order:
[INFO] 
[INFO] OWASP Security Logging                                             [pom]
[INFO] OWASP Security Logging Common                                      [jar]
[INFO] OWASP Security Logging Log4j                                       [jar]
[INFO] OWASP Security Logging Logback                                     [jar]
[INFO] 
[INFO] ---------------------< org.owasp:security-logging >---------------------
[INFO] Building OWASP Security Logging 1.1.6                              [1/4]
[INFO] --------------------------------[ pom ]---------------------------------
[INFO] 
[INFO] --- maven-clean-plugin:2.5:clean (default-clean) @ security-logging ---
[INFO] 
[INFO] --- jacoco-maven-plugin:0.8.5:prepare-agent (default) @ security-logging ---
[INFO] argLine set to -javaagent:/home/vscode/.m2/repository/org/jacoco/org.jacoco.agent/0.8.5/org.jacoco.agent-0.8.5-runtime.jar=destfile=/workspaces/master-thesis-pascal-joos/code_cure_agent/cca_workspace/owasp-security-logging/target/jacoco.exec
[INFO] 
[INFO] --- jacoco-maven-plugin:0.8.5:report (report) @ security-logging ---
[INFO] Skipping JaCoCo execution due to missing execution data file.
[INFO] 
[INFO] -----------------< org.owasp:security-logging-common >------------------
[INFO] Building OWASP Security Logging Common 1.1.6                       [2/4]
[INFO] --------------------------------[ jar ]---------------------------------
[INFO] 
[INFO] --- maven-clean-plugin:2.5:clean (default-clean) @ security-logging-common ---
[INFO] 
[INFO] --- jacoco-maven-plugin:0.8.5:prepare-agent (default) @ security-logging-common ---
[INFO] argLine set to -javaagent:/home/vscode/.m2/repository/org/jacoco/org.jacoco.agent/0.8.5/org.jacoco.agent-0.8.5-runtime.jar=destfile=/workspaces/master-thesis-pascal-joos/code_cure_agent/cca_workspace/owasp-security-logging/owasp-security-logging-common/target/jacoco.exec
[INFO] 
[INFO] --- maven-resources-plugin:2.6:resources (default-resources) @ security-logging-common ---
[INFO] Using 'UTF-8' encoding to copy filtered resources.
[INFO] skip non existing resourceDirectory /workspaces/master-thesis-pascal-joos/code_cure_agent/cca_workspace/owasp-security-logging/owasp-security-logging-common/src/main/resources
[INFO] 
[INFO] --- maven-compiler-plugin:3.7.0:compile (default-compile) @ security-logging-common ---
[INFO] Changes detected - recompiling the module!
[INFO] Compiling 22 source files to /workspaces/master-thesis-pascal-joos/code_cure_agent/cca_workspace/owasp-security-logging/owasp-security-logging-common/target/classes
[INFO] /workspaces/master-thesis-pascal-joos/code_cure_agent/cca_workspace/owasp-security-logging/owasp-security-logging-common/src/main/java/org/owasp/security/logging/mdc/MDCFilter.java: Some input files use or override a deprecated API.
[INFO] /workspaces/master-thesis-pascal-joos/code_cure_agent/cca_workspace/owasp-security-logging/owasp-security-logging-common/src/main/java/org/owasp/security/logging/mdc/MDCFilter.java: Recompile with -Xlint:deprecation for details.
[INFO] 
[INFO] --- maven-resources-plugin:2.6:testResources (default-testResources) @ security-logging-common ---
[INFO] Using 'UTF-8' encoding to copy filtered resources.
[INFO] skip non existing resourceDirectory /workspaces/master-thesis-pascal-joos/code_cure_agent/cca_workspace/owasp-security-logging/owasp-security-logging-common/src/test/resources
[INFO] 
[INFO] --- maven-compiler-plugin:3.7.0:testCompile (default-testCompile) @ security-logging-common ---
[INFO] Changes detected - recompiling the module!
[INFO] Compiling 1 source file to /workspaces/master-thesis-pascal-joos/code_cure_agent/cca_workspace/owasp-security-logging/owasp-security-logging-common/target/test-classes
[INFO] 
[INFO] --- maven-surefire-plugin:2.12.4:test (default-test) @ security-logging-common ---
[INFO] Tests are skipped.
[INFO] 
[INFO] --- jacoco-maven-plugin:0.8.5:report (report) @ security-logging-common ---
[INFO] Skipping JaCoCo execution due to missing execution data file.
[INFO] 
[INFO] --- maven-jar-plugin:2.4:jar (default-jar) @ security-logging-common ---
[INFO] Building jar: /workspaces/master-thesis-pascal-joos/code_cure_agent/cca_workspace/owasp-security-logging/owasp-security-logging-common/target/security-logging-common-1.1.6.jar
[INFO] 
[INFO] ------------------< org.owasp:security-logging-log4j >------------------
[INFO] Building OWASP Security Logging Log4j 1.1.6                        [3/4]
[INFO] --------------------------------[ jar ]---------------------------------
[INFO] 
[INFO] --- maven-clean-plugin:2.5:clean (default-clean) @ security-logging-log4j ---
[INFO] 
[INFO] --- jacoco-maven-plugin:0.8.5:prepare-agent (default) @ security-logging-log4j ---
[INFO] argLine set to -javaagent:/home/vscode/.m2/repository/org/jacoco/org.jacoco.agent/0.8.5/org.jacoco.agent-0.8.5-runtime.jar=destfile=/workspaces/master-thesis-pascal-joos/code_cure_agent/cca_workspace/owasp-security-logging/owasp-security-logging-log4j/target/jacoco.exec
[INFO] 
[INFO] --- maven-resources-plugin:2.6:resources (default-resources) @ security-logging-log4j ---
[INFO] Using 'UTF-8' encoding to copy filtered resources.
[INFO] skip non existing resourceDirectory /workspaces/master-thesis-pascal-joos/code_cure_agent/cca_workspace/owasp-security-logging/owasp-security-logging-log4j/src/main/resources
[INFO] 
[INFO] --- maven-compiler-plugin:3.7.0:compile (default-compile) @ security-logging-log4j ---
[INFO] Changes detected - recompiling the module!
[INFO] Compiling 4 source files to /workspaces/master-thesis-pascal-joos/code_cure_agent/cca_workspace/owasp-security-logging/owasp-security-logging-log4j/target/classes
[INFO] 
[INFO] --- maven-resources-plugin:2.6:testResources (default-testResources) @ security-logging-log4j ---
[INFO] Using 'UTF-8' encoding to copy filtered resources.
[INFO] Copying 1 resource
[INFO] 
[INFO] --- maven-compiler-plugin:3.7.0:testCompile (default-testCompile) @ security-logging-log4j ---
[INFO] Changes detected - recompiling the module!
[INFO] Compiling 5 source files to /workspaces/master-thesis-pascal-joos/code_cure_agent/cca_workspace/owasp-security-logging/owasp-security-logging-log4j/target/test-classes
[INFO] 
[INFO] --- maven-surefire-plugin:2.12.4:test (default-test) @ security-logging-log4j ---
[INFO] Tests are skipped.
[INFO] 
[INFO] --- jacoco-maven-plugin:0.8.5:report (report) @ security-logging-log4j ---
[INFO] Skipping JaCoCo execution due to missing execution data file.
[INFO] 
[INFO] --- maven-jar-plugin:2.4:jar (default-jar) @ security-logging-log4j ---
[INFO] Building jar: /workspaces/master-thesis-pascal-joos/code_cure_agent/cca_workspace/owasp-security-logging/owasp-security-logging-log4j/target/security-logging-log4j-1.1.6.jar
[INFO] 
[INFO] -----------------< org.owasp:security-logging-logback >-----------------
[INFO] Building OWASP Security Logging Logback 1.1.6                      [4/4]
[INFO] --------------------------------[ jar ]---------------------------------
[INFO] 
[INFO] --- maven-clean-plugin:2.5:clean (default-clean) @ security-logging-logback ---
[INFO] 
[INFO] --- jacoco-maven-plugin:0.8.5:prepare-agent (default) @ security-logging-logback ---
[INFO] argLine set to -javaagent:/home/vscode/.m2/repository/org/jacoco/org.jacoco.agent/0.8.5/org.jacoco.agent-0.8.5-runtime.jar=destfile=/workspaces/master-thesis-pascal-joos/code_cure_agent/cca_workspace/owasp-security-logging/owasp-security-logging-logback/target/jacoco.exec
[INFO] 
[INFO] --- maven-resources-plugin:2.6:resources (default-resources) @ security-logging-logback ---
[INFO] Using 'UTF-8' encoding to copy filtered resources.
[INFO] skip non existing resourceDirectory /workspaces/master-thesis-pascal-joos/code_cure_agent/cca_workspace/owasp-security-logging/owasp-security-logging-logback/src/main/resources
[INFO] 
[INFO] --- maven-compiler-plugin:3.7.0:compile (default-compile) @ security-logging-logback ---
[INFO] Changes detected - recompiling the module!
[INFO] Compiling 17 source files to /workspaces/master-thesis-pascal-joos/code_cure_agent/cca_workspace/owasp-security-logging/owasp-security-logging-logback/target/classes
[INFO] 
[INFO] --- maven-resources-plugin:2.6:testResources (default-testResources) @ security-logging-logback ---
[INFO] Using 'UTF-8' encoding to copy filtered resources.
[INFO] Copying 2 resources
[INFO] 
[INFO] --- maven-compiler-plugin:3.7.0:testCompile (default-testCompile) @ security-logging-logback ---
[INFO] Changes detected - recompiling the module!
[INFO] Compiling 19 source files to /workspaces/master-thesis-pascal-joos/code_cure_agent/cca_workspace/owasp-security-logging/owasp-security-logging-logback/target/test-classes
[INFO] -------------------------------------------------------------
[ERROR] COMPILATION ERROR : 
[INFO] -------------------------------------------------------------
[ERROR] /workspaces/master-thesis-pascal-joos/code_cure_agent/cca_workspace/owasp-security-logging/owasp-security-logging-logback/src/test/java/org/owasp/security/logging/filter/ExcludeClassifiedMarkerFilterTest.java:[25,24] ';' expected
[INFO] 1 error
[INFO] -------------------------------------------------------------
[INFO] ------------------------------------------------------------------------
[INFO] Reactor Summary for OWASP Security Logging 1.1.6:
[INFO] 
[INFO] OWASP Security Logging ............................. SUCCESS [  0.558 s]
[INFO] OWASP Security Logging Common ...................... SUCCESS [  1.162 s]
[INFO] OWASP Security Logging Log4j ....................... SUCCESS [  0.342 s]
[INFO] OWASP Security Logging Logback ..................... FAILURE [  0.223 s]
[INFO] ------------------------------------------------------------------------
[INFO] BUILD FAILURE
[INFO] ------------------------------------------------------------------------
[INFO] Total time:  2.386 s
[INFO] Finished at: 2025-08-30T04:53:42Z
[INFO] ------------------------------------------------------------------------
[ERROR] Failed to execute goal org.apache.maven.plugins:maven-compiler-plugin:3.7.0:testCompile (default-testCompile) on project security-logging-logback: Compilation failure
[ERROR] /workspaces/master-thesis-pascal-joos/code_cure_agent/cca_workspace/owasp-security-logging/owasp-security-logging-logback/src/test/java/org/owasp/security/logging/filter/ExcludeClassifiedMarkerFilterTest.java:[25,24] ';' expected
[ERROR] -> [Help 1]
[ERROR] 
[ERROR] To see the full stack trace of the errors, re-run Maven with the -e switch.
[ERROR] Re-run Maven using the -X switch to enable full debug logging.
[ERROR] 
[ERROR] For more information about the errors and possible solutions, please read the following articles:
[ERROR] [Help 1] http://cwiki.apache.org/confluence/display/MAVEN/MojoFailureException
[ERROR] 
[ERROR] After correcting the problems, you can resume the build with the command
[ERROR]   mvn <args> -rf :security-logging-logback
