[INFO] Scanning for projects...
[INFO] 
[INFO] ------< com.urswolfer.gerrit.client.rest:gerrit-rest-java-client >------
[INFO] Building gerrit-rest-java-client 0.9.4-SNAPSHOT
[INFO] --------------------------------[ jar ]---------------------------------
[INFO] 
[INFO] --- maven-clean-plugin:2.5:clean (default-clean) @ gerrit-rest-java-client ---
[INFO] 
[INFO] --- maven-resources-plugin:2.6:resources (default-resources) @ gerrit-rest-java-client ---
[INFO] Using 'UTF-8' encoding to copy filtered resources.
[INFO] Copying 2 resources
[INFO] 
[INFO] --- maven-compiler-plugin:3.3:compile (default-compile) @ gerrit-rest-java-client ---
[INFO] Changes detected - recompiling the module!
[INFO] Compiling 282 source files to /workspaces/xxxx/code_cure_agent/cca_workspace/gerrit-rest-java-client/target/classes
[INFO] /workspaces/xxxx/code_cure_agent/cca_workspace/gerrit-rest-java-client/src/main/java/com/urswolfer/gerrit/client/rest/http/changes/ChangeApiRestClient.java: Some input files use or override a deprecated API.
[INFO] /workspaces/xxxx/code_cure_agent/cca_workspace/gerrit-rest-java-client/src/main/java/com/urswolfer/gerrit/client/rest/http/changes/ChangeApiRestClient.java: Recompile with -Xlint:deprecation for details.
[INFO] 
[INFO] --- maven-resources-plugin:2.6:testResources (default-testResources) @ gerrit-rest-java-client ---
[INFO] Using 'UTF-8' encoding to copy filtered resources.
[INFO] Copying 45 resources
[INFO] 
[INFO] --- maven-compiler-plugin:3.3:testCompile (default-testCompile) @ gerrit-rest-java-client ---
[INFO] Changes detected - recompiling the module!
[INFO] Compiling 62 source files to /workspaces/xxxx/code_cure_agent/cca_workspace/gerrit-rest-java-client/target/test-classes
[INFO] -------------------------------------------------------------
[ERROR] COMPILATION ERROR : 
[INFO] -------------------------------------------------------------
[ERROR] /workspaces/xxxx/code_cure_agent/cca_workspace/gerrit-rest-java-client/src/test/java/com/urswolfer/gerrit/client/rest/http/GerritRestClientTest.java:[202,1] illegal start of expression
[ERROR] /workspaces/xxxx/code_cure_agent/cca_workspace/gerrit-rest-java-client/src/test/java/com/urswolfer/gerrit/client/rest/http/GerritRestClientTest.java:[202,17] not a statement
[ERROR] /workspaces/xxxx/code_cure_agent/cca_workspace/gerrit-rest-java-client/src/test/java/com/urswolfer/gerrit/client/rest/http/GerritRestClientTest.java:[203,1] illegal start of expression
[ERROR] /workspaces/xxxx/code_cure_agent/cca_workspace/gerrit-rest-java-client/src/test/java/com/urswolfer/gerrit/client/rest/http/GerritRestClientTest.java:[203,17] not a statement
[ERROR] /workspaces/xxxx/code_cure_agent/cca_workspace/gerrit-rest-java-client/src/test/java/com/urswolfer/gerrit/client/rest/http/GerritRestClientTest.java:[205,1] illegal start of expression
[ERROR] /workspaces/xxxx/code_cure_agent/cca_workspace/gerrit-rest-java-client/src/test/java/com/urswolfer/gerrit/client/rest/http/GerritRestClientTest.java:[240,1] illegal character: '`'
[ERROR] /workspaces/xxxx/code_cure_agent/cca_workspace/gerrit-rest-java-client/src/test/java/com/urswolfer/gerrit/client/rest/http/GerritRestClientTest.java:[240,2] illegal character: '`'
[ERROR] /workspaces/xxxx/code_cure_agent/cca_workspace/gerrit-rest-java-client/src/test/java/com/urswolfer/gerrit/client/rest/http/GerritRestClientTest.java:[240,3] illegal character: '`'
[ERROR] /workspaces/xxxx/code_cure_agent/cca_workspace/gerrit-rest-java-client/src/test/java/com/urswolfer/gerrit/client/rest/http/GerritRestClientTest.java:[241,12] illegal start of type
[ERROR] /workspaces/xxxx/code_cure_agent/cca_workspace/gerrit-rest-java-client/src/test/java/com/urswolfer/gerrit/client/rest/http/GerritRestClientTest.java:[242,11] illegal character: '`'
[ERROR] /workspaces/xxxx/code_cure_agent/cca_workspace/gerrit-rest-java-client/src/test/java/com/urswolfer/gerrit/client/rest/http/GerritRestClientTest.java:[242,18] illegal character: '`'
[ERROR] /workspaces/xxxx/code_cure_agent/cca_workspace/gerrit-rest-java-client/src/test/java/com/urswolfer/gerrit/client/rest/http/GerritRestClientTest.java:[242,34] ';' expected
[ERROR] /workspaces/xxxx/code_cure_agent/cca_workspace/gerrit-rest-java-client/src/test/java/com/urswolfer/gerrit/client/rest/http/GerritRestClientTest.java:[242,41] <identifier> expected
[ERROR] /workspaces/xxxx/code_cure_agent/cca_workspace/gerrit-rest-java-client/src/test/java/com/urswolfer/gerrit/client/rest/http/GerritRestClientTest.java:[243,16] illegal character: '`'
[ERROR] /workspaces/xxxx/code_cure_agent/cca_workspace/gerrit-rest-java-client/src/test/java/com/urswolfer/gerrit/client/rest/http/GerritRestClientTest.java:[243,35] illegal character: '`'
[ERROR] /workspaces/xxxx/code_cure_agent/cca_workspace/gerrit-rest-java-client/src/test/java/com/urswolfer/gerrit/client/rest/http/GerritRestClientTest.java:[243,48] illegal character: '`'
[ERROR] /workspaces/xxxx/code_cure_agent/cca_workspace/gerrit-rest-java-client/src/test/java/com/urswolfer/gerrit/client/rest/http/GerritRestClientTest.java:[243,60] illegal character: '`'
[ERROR] /workspaces/xxxx/code_cure_agent/cca_workspace/gerrit-rest-java-client/src/test/java/com/urswolfer/gerrit/client/rest/http/GerritRestClientTest.java:[243,68] <identifier> expected
[ERROR] /workspaces/xxxx/code_cure_agent/cca_workspace/gerrit-rest-java-client/src/test/java/com/urswolfer/gerrit/client/rest/http/GerritRestClientTest.java:[244,11] ';' expected
[ERROR] /workspaces/xxxx/code_cure_agent/cca_workspace/gerrit-rest-java-client/src/test/java/com/urswolfer/gerrit/client/rest/http/GerritRestClientTest.java:[244,27] ';' expected
[ERROR] /workspaces/xxxx/code_cure_agent/cca_workspace/gerrit-rest-java-client/src/test/java/com/urswolfer/gerrit/client/rest/http/GerritRestClientTest.java:[244,41] ';' expected
[ERROR] /workspaces/xxxx/code_cure_agent/cca_workspace/gerrit-rest-java-client/src/test/java/com/urswolfer/gerrit/client/rest/http/GerritRestClientTest.java:[244,57] ';' expected
[ERROR] /workspaces/xxxx/code_cure_agent/cca_workspace/gerrit-rest-java-client/src/test/java/com/urswolfer/gerrit/client/rest/http/GerritRestClientTest.java:[244,58] reached end of file while parsing
[INFO] 23 errors 
[INFO] -------------------------------------------------------------
[INFO] ------------------------------------------------------------------------
[INFO] BUILD FAILURE
[INFO] ------------------------------------------------------------------------
[INFO] Total time:  2.715 s
[INFO] Finished at: 2025-08-30T11:39:48Z
[INFO] ------------------------------------------------------------------------
[ERROR] Failed to execute goal org.apache.maven.plugins:maven-compiler-plugin:3.3:testCompile (default-testCompile) on project gerrit-rest-java-client: Compilation failure: Compilation failure: 
[ERROR] /workspaces/xxxx/code_cure_agent/cca_workspace/gerrit-rest-java-client/src/test/java/com/urswolfer/gerrit/client/rest/http/GerritRestClientTest.java:[202,1] illegal start of expression
[ERROR] /workspaces/xxxx/code_cure_agent/cca_workspace/gerrit-rest-java-client/src/test/java/com/urswolfer/gerrit/client/rest/http/GerritRestClientTest.java:[202,17] not a statement
[ERROR] /workspaces/xxxx/code_cure_agent/cca_workspace/gerrit-rest-java-client/src/test/java/com/urswolfer/gerrit/client/rest/http/GerritRestClientTest.java:[203,1] illegal start of expression
[ERROR] /workspaces/xxxx/code_cure_agent/cca_workspace/gerrit-rest-java-client/src/test/java/com/urswolfer/gerrit/client/rest/http/GerritRestClientTest.java:[203,17] not a statement
[ERROR] /workspaces/xxxx/code_cure_agent/cca_workspace/gerrit-rest-java-client/src/test/java/com/urswolfer/gerrit/client/rest/http/GerritRestClientTest.java:[205,1] illegal start of expression
[ERROR] /workspaces/xxxx/code_cure_agent/cca_workspace/gerrit-rest-java-client/src/test/java/com/urswolfer/gerrit/client/rest/http/GerritRestClientTest.java:[240,1] illegal character: '`'
[ERROR] /workspaces/xxxx/code_cure_agent/cca_workspace/gerrit-rest-java-client/src/test/java/com/urswolfer/gerrit/client/rest/http/GerritRestClientTest.java:[240,2] illegal character: '`'
[ERROR] /workspaces/xxxx/code_cure_agent/cca_workspace/gerrit-rest-java-client/src/test/java/com/urswolfer/gerrit/client/rest/http/GerritRestClientTest.java:[240,3] illegal character: '`'
[ERROR] /workspaces/xxxx/code_cure_agent/cca_workspace/gerrit-rest-java-client/src/test/java/com/urswolfer/gerrit/client/rest/http/GerritRestClientTest.java:[241,12] illegal start of type
[ERROR] /workspaces/xxxx/code_cure_agent/cca_workspace/gerrit-rest-java-client/src/test/java/com/urswolfer/gerrit/client/rest/http/GerritRestClientTest.java:[242,11] illegal character: '`'
[ERROR] /workspaces/xxxx/code_cure_agent/cca_workspace/gerrit-rest-java-client/src/test/java/com/urswolfer/gerrit/client/rest/http/GerritRestClientTest.java:[242,18] illegal character: '`'
[ERROR] /workspaces/xxxx/code_cure_agent/cca_workspace/gerrit-rest-java-client/src/test/java/com/urswolfer/gerrit/client/rest/http/GerritRestClientTest.java:[242,34] ';' expected
[ERROR] /workspaces/xxxx/code_cure_agent/cca_workspace/gerrit-rest-java-client/src/test/java/com/urswolfer/gerrit/client/rest/http/GerritRestClientTest.java:[242,41] <identifier> expected
[ERROR] /workspaces/xxxx/code_cure_agent/cca_workspace/gerrit-rest-java-client/src/test/java/com/urswolfer/gerrit/client/rest/http/GerritRestClientTest.java:[243,16] illegal character: '`'
[ERROR] /workspaces/xxxx/code_cure_agent/cca_workspace/gerrit-rest-java-client/src/test/java/com/urswolfer/gerrit/client/rest/http/GerritRestClientTest.java:[243,35] illegal character: '`'
[ERROR] /workspaces/xxxx/code_cure_agent/cca_workspace/gerrit-rest-java-client/src/test/java/com/urswolfer/gerrit/client/rest/http/GerritRestClientTest.java:[243,48] illegal character: '`'
[ERROR] /workspaces/xxxx/code_cure_agent/cca_workspace/gerrit-rest-java-client/src/test/java/com/urswolfer/gerrit/client/rest/http/GerritRestClientTest.java:[243,60] illegal character: '`'
[ERROR] /workspaces/xxxx/code_cure_agent/cca_workspace/gerrit-rest-java-client/src/test/java/com/urswolfer/gerrit/client/rest/http/GerritRestClientTest.java:[243,68] <identifier> expected
[ERROR] /workspaces/xxxx/code_cure_agent/cca_workspace/gerrit-rest-java-client/src/test/java/com/urswolfer/gerrit/client/rest/http/GerritRestClientTest.java:[244,11] ';' expected
[ERROR] /workspaces/xxxx/code_cure_agent/cca_workspace/gerrit-rest-java-client/src/test/java/com/urswolfer/gerrit/client/rest/http/GerritRestClientTest.java:[244,27] ';' expected
[ERROR] /workspaces/xxxx/code_cure_agent/cca_workspace/gerrit-rest-java-client/src/test/java/com/urswolfer/gerrit/client/rest/http/GerritRestClientTest.java:[244,41] ';' expected
[ERROR] /workspaces/xxxx/code_cure_agent/cca_workspace/gerrit-rest-java-client/src/test/java/com/urswolfer/gerrit/client/rest/http/GerritRestClientTest.java:[244,57] ';' expected
[ERROR] /workspaces/xxxx/code_cure_agent/cca_workspace/gerrit-rest-java-client/src/test/java/com/urswolfer/gerrit/client/rest/http/GerritRestClientTest.java:[244,58] reached end of file while parsing
[ERROR] -> [Help 1]
[ERROR] 
[ERROR] To see the full stack trace of the errors, re-run Maven with the -e switch.
[ERROR] Re-run Maven using the -X switch to enable full debug logging.
[ERROR] 
[ERROR] For more information about the errors and possible solutions, please read the following articles:
[ERROR] [Help 1] http://cwiki.apache.org/confluence/display/MAVEN/MojoFailureException
