[INFO] Scanning for projects...
[WARNING] The project org.w3c:epubcheck:jar:4.2.5-SNAPSHOT uses prerequisites which is only intended for maven-plugin projects but not for non maven-plugin projects. For such purposes you should use the maven-enforcer-plugin. See https://maven.apache.org/enforcer/enforcer-rules/requireMavenVersion.html
[INFO] 
[INFO] -------------------------< org.w3c:epubcheck >--------------------------
[INFO] Building EPUBCheck :: Validation Tool for EPUB 4.2.5-SNAPSHOT
[INFO] --------------------------------[ jar ]---------------------------------
[INFO] 
[INFO] --- maven-clean-plugin:2.5:clean (default-clean) @ epubcheck ---
[INFO] Deleting /workspaces/master-thesis-pascal-joos/code_cure_agent/cca_workspace/epubcheck/target
[INFO] 
[INFO] --- maven-enforcer-plugin:1.0:enforce (enforce-maven) @ epubcheck ---
[INFO] 
[INFO] --- license-maven-plugin:1.14:add-third-party (thirdparty-licenses) @ epubcheck ---
[WARNING] There is 1 dependencies with no license :
[WARNING]  - isorelax--isorelax--20030108
[WARNING] There is 1 dependencies with no license :
[WARNING]  - isorelax--isorelax--20030108
[INFO] Writing third-party file to /workspaces/master-thesis-pascal-joos/code_cure_agent/cca_workspace/epubcheck/target/generated-sources/license/THIRD-PARTY.txt
[INFO] 
[INFO] --- maven-resources-plugin:2.6:resources (default-resources) @ epubcheck ---
[INFO] Using 'UTF-8' encoding to copy filtered resources.
[INFO] Copying 5 resources to /workspaces/master-thesis-pascal-joos/code_cure_agent/cca_workspace/epubcheck/target
[INFO] Copying 333 resources
[INFO] Copying 1 resource
[INFO] Copying 1 resource
[INFO] 
[INFO] --- xml-maven-plugin:1.0.1:transform (default) @ epubcheck ---
[INFO] Transforming file: /workspaces/master-thesis-pascal-joos/code_cure_agent/cca_workspace/epubcheck/src/main/resources/com/adobe/epubcheck/schema/30/collection-manifest-30.sch
[INFO] Transforming file: /workspaces/master-thesis-pascal-joos/code_cure_agent/cca_workspace/epubcheck/src/main/resources/com/adobe/epubcheck/schema/30/media-overlay-30.sch
[INFO] Transforming file: /workspaces/master-thesis-pascal-joos/code_cure_agent/cca_workspace/epubcheck/src/main/resources/com/adobe/epubcheck/schema/30/epub-xhtml-30.sch
[INFO] Transforming file: /workspaces/master-thesis-pascal-joos/code_cure_agent/cca_workspace/epubcheck/src/main/resources/com/adobe/epubcheck/schema/30/ocf-metadata-30.sch
[INFO] Transforming file: /workspaces/master-thesis-pascal-joos/code_cure_agent/cca_workspace/epubcheck/src/main/resources/com/adobe/epubcheck/schema/30/epub-svg-30.sch
[INFO] Transforming file: /workspaces/master-thesis-pascal-joos/code_cure_agent/cca_workspace/epubcheck/src/main/resources/com/adobe/epubcheck/schema/30/package-30.sch
[INFO] Transforming file: /workspaces/master-thesis-pascal-joos/code_cure_agent/cca_workspace/epubcheck/src/main/resources/com/adobe/epubcheck/schema/30/collection-do-30.sch
[INFO] Transforming file: /workspaces/master-thesis-pascal-joos/code_cure_agent/cca_workspace/epubcheck/src/main/resources/com/adobe/epubcheck/schema/30/ocf-encryption-30.sch
[INFO] Transforming file: /workspaces/master-thesis-pascal-joos/code_cure_agent/cca_workspace/epubcheck/src/main/resources/com/adobe/epubcheck/schema/30/epub-nav-30.sch
[INFO] Transformed 9 file(s).
[INFO] Transforming file: /workspaces/master-thesis-pascal-joos/code_cure_agent/cca_workspace/epubcheck/target/generated-resources/intermediate-schema/collection-manifest-30.sch
[INFO] Transforming file: /workspaces/master-thesis-pascal-joos/code_cure_agent/cca_workspace/epubcheck/target/generated-resources/intermediate-schema/media-overlay-30.sch
[INFO] Transforming file: /workspaces/master-thesis-pascal-joos/code_cure_agent/cca_workspace/epubcheck/target/generated-resources/intermediate-schema/epub-xhtml-30.sch
[INFO] Transforming file: /workspaces/master-thesis-pascal-joos/code_cure_agent/cca_workspace/epubcheck/target/generated-resources/intermediate-schema/ocf-metadata-30.sch
[INFO] Transforming file: /workspaces/master-thesis-pascal-joos/code_cure_agent/cca_workspace/epubcheck/target/generated-resources/intermediate-schema/epub-svg-30.sch
[INFO] Transforming file: /workspaces/master-thesis-pascal-joos/code_cure_agent/cca_workspace/epubcheck/target/generated-resources/intermediate-schema/package-30.sch
[INFO] Transforming file: /workspaces/master-thesis-pascal-joos/code_cure_agent/cca_workspace/epubcheck/target/generated-resources/intermediate-schema/collection-do-30.sch
[INFO] Transforming file: /workspaces/master-thesis-pascal-joos/code_cure_agent/cca_workspace/epubcheck/target/generated-resources/intermediate-schema/ocf-encryption-30.sch
[INFO] Transforming file: /workspaces/master-thesis-pascal-joos/code_cure_agent/cca_workspace/epubcheck/target/generated-resources/intermediate-schema/epub-nav-30.sch
[INFO] Transformed 9 file(s).
[INFO] 
[INFO] --- maven-compiler-plugin:3.7.0:compile (default-compile) @ epubcheck ---
[INFO] Changes detected - recompiling the module!
[INFO] Compiling 221 source files to /workspaces/master-thesis-pascal-joos/code_cure_agent/cca_workspace/epubcheck/target/classes
[INFO] -------------------------------------------------------------
[ERROR] COMPILATION ERROR : 
[INFO] -------------------------------------------------------------
[ERROR] /workspaces/master-thesis-pascal-joos/code_cure_agent/cca_workspace/epubcheck/src/main/java/com/adobe/epubcheck/tool/EpubChecker.java:[838,1] illegal character: '`'
[ERROR] /workspaces/master-thesis-pascal-joos/code_cure_agent/cca_workspace/epubcheck/src/main/java/com/adobe/epubcheck/tool/EpubChecker.java:[838,2] illegal character: '`'
[ERROR] /workspaces/master-thesis-pascal-joos/code_cure_agent/cca_workspace/epubcheck/src/main/java/com/adobe/epubcheck/tool/EpubChecker.java:[838,3] illegal character: '`'
[ERROR] /workspaces/master-thesis-pascal-joos/code_cure_agent/cca_workspace/epubcheck/src/main/java/com/adobe/epubcheck/tool/EpubChecker.java:[839,5] class, interface, or enum expected
[ERROR] /workspaces/master-thesis-pascal-joos/code_cure_agent/cca_workspace/epubcheck/src/main/java/com/adobe/epubcheck/tool/EpubChecker.java:[840,3] illegal character: '`'
[ERROR] /workspaces/master-thesis-pascal-joos/code_cure_agent/cca_workspace/epubcheck/src/main/java/com/adobe/epubcheck/tool/EpubChecker.java:[840,10] illegal character: '`'
[ERROR] /workspaces/master-thesis-pascal-joos/code_cure_agent/cca_workspace/epubcheck/src/main/java/com/adobe/epubcheck/tool/EpubChecker.java:[841,18] illegal character: '`'
[ERROR] /workspaces/master-thesis-pascal-joos/code_cure_agent/cca_workspace/epubcheck/src/main/java/com/adobe/epubcheck/tool/EpubChecker.java:[841,37] illegal character: '`'
[ERROR] /workspaces/master-thesis-pascal-joos/code_cure_agent/cca_workspace/epubcheck/src/main/java/com/adobe/epubcheck/tool/EpubChecker.java:[841,48] illegal character: '`'
[ERROR] /workspaces/master-thesis-pascal-joos/code_cure_agent/cca_workspace/epubcheck/src/main/java/com/adobe/epubcheck/tool/EpubChecker.java:[841,67] illegal character: '`'
[ERROR] /workspaces/master-thesis-pascal-joos/code_cure_agent/cca_workspace/epubcheck/src/main/java/com/adobe/epubcheck/tool/EpubChecker.java:[841,151] illegal character: '`'
[ERROR] /workspaces/master-thesis-pascal-joos/code_cure_agent/cca_workspace/epubcheck/src/main/java/com/adobe/epubcheck/tool/EpubChecker.java:[841,164] illegal character: '`'
[ERROR] /workspaces/master-thesis-pascal-joos/code_cure_agent/cca_workspace/epubcheck/src/main/java/com/adobe/epubcheck/tool/EpubChecker.java:[841,167] illegal character: '`'
[ERROR] /workspaces/master-thesis-pascal-joos/code_cure_agent/cca_workspace/epubcheck/src/main/java/com/adobe/epubcheck/tool/EpubChecker.java:[841,179] illegal character: '`'
[ERROR] /workspaces/master-thesis-pascal-joos/code_cure_agent/cca_workspace/epubcheck/src/main/java/com/adobe/epubcheck/tool/EpubChecker.java:[842,28] illegal character: '`'
[ERROR] /workspaces/master-thesis-pascal-joos/code_cure_agent/cca_workspace/epubcheck/src/main/java/com/adobe/epubcheck/tool/EpubChecker.java:[842,39] illegal character: '`'
[ERROR] /workspaces/master-thesis-pascal-joos/code_cure_agent/cca_workspace/epubcheck/src/main/java/com/adobe/epubcheck/tool/EpubChecker.java:[842,69] illegal character: '`'
[ERROR] /workspaces/master-thesis-pascal-joos/code_cure_agent/cca_workspace/epubcheck/src/main/java/com/adobe/epubcheck/tool/EpubChecker.java:[842,81] illegal character: '`'
[ERROR] /workspaces/master-thesis-pascal-joos/code_cure_agent/cca_workspace/epubcheck/src/main/java/com/adobe/epubcheck/tool/EpubChecker.java:[842,94] illegal character: '`'
[ERROR] /workspaces/master-thesis-pascal-joos/code_cure_agent/cca_workspace/epubcheck/src/main/java/com/adobe/epubcheck/tool/EpubChecker.java:[842,113] illegal character: '`'
[ERROR] /workspaces/master-thesis-pascal-joos/code_cure_agent/cca_workspace/epubcheck/src/main/java/com/adobe/epubcheck/tool/EpubChecker.java:[842,150] '{' expected
[ERROR] /workspaces/master-thesis-pascal-joos/code_cure_agent/cca_workspace/epubcheck/src/main/java/com/adobe/epubcheck/tool/EpubChecker.java:[843,16] illegal character: '`'
[ERROR] /workspaces/master-thesis-pascal-joos/code_cure_agent/cca_workspace/epubcheck/src/main/java/com/adobe/epubcheck/tool/EpubChecker.java:[843,34] illegal character: '`'
[ERROR] /workspaces/master-thesis-pascal-joos/code_cure_agent/cca_workspace/epubcheck/src/main/java/com/adobe/epubcheck/tool/EpubChecker.java:[843,62] illegal character: '`'
[ERROR] /workspaces/master-thesis-pascal-joos/code_cure_agent/cca_workspace/epubcheck/src/main/java/com/adobe/epubcheck/tool/EpubChecker.java:[843,72] illegal character: '`'
[ERROR] /workspaces/master-thesis-pascal-joos/code_cure_agent/cca_workspace/epubcheck/src/main/java/com/adobe/epubcheck/tool/EpubChecker.java:[844,134] reached end of file while parsing
[INFO] 26 errors 
[INFO] -------------------------------------------------------------
[INFO] ------------------------------------------------------------------------
[INFO] BUILD FAILURE
[INFO] ------------------------------------------------------------------------
[INFO] Total time:  3.018 s
[INFO] Finished at: 2025-08-31T03:42:49Z
[INFO] ------------------------------------------------------------------------
[ERROR] Failed to execute goal org.apache.maven.plugins:maven-compiler-plugin:3.7.0:compile (default-compile) on project epubcheck: Compilation failure: Compilation failure: 
[ERROR] /workspaces/master-thesis-pascal-joos/code_cure_agent/cca_workspace/epubcheck/src/main/java/com/adobe/epubcheck/tool/EpubChecker.java:[838,1] illegal character: '`'
[ERROR] /workspaces/master-thesis-pascal-joos/code_cure_agent/cca_workspace/epubcheck/src/main/java/com/adobe/epubcheck/tool/EpubChecker.java:[838,2] illegal character: '`'
[ERROR] /workspaces/master-thesis-pascal-joos/code_cure_agent/cca_workspace/epubcheck/src/main/java/com/adobe/epubcheck/tool/EpubChecker.java:[838,3] illegal character: '`'
[ERROR] /workspaces/master-thesis-pascal-joos/code_cure_agent/cca_workspace/epubcheck/src/main/java/com/adobe/epubcheck/tool/EpubChecker.java:[839,5] class, interface, or enum expected
[ERROR] /workspaces/master-thesis-pascal-joos/code_cure_agent/cca_workspace/epubcheck/src/main/java/com/adobe/epubcheck/tool/EpubChecker.java:[840,3] illegal character: '`'
[ERROR] /workspaces/master-thesis-pascal-joos/code_cure_agent/cca_workspace/epubcheck/src/main/java/com/adobe/epubcheck/tool/EpubChecker.java:[840,10] illegal character: '`'
[ERROR] /workspaces/master-thesis-pascal-joos/code_cure_agent/cca_workspace/epubcheck/src/main/java/com/adobe/epubcheck/tool/EpubChecker.java:[841,18] illegal character: '`'
[ERROR] /workspaces/master-thesis-pascal-joos/code_cure_agent/cca_workspace/epubcheck/src/main/java/com/adobe/epubcheck/tool/EpubChecker.java:[841,37] illegal character: '`'
[ERROR] /workspaces/master-thesis-pascal-joos/code_cure_agent/cca_workspace/epubcheck/src/main/java/com/adobe/epubcheck/tool/EpubChecker.java:[841,48] illegal character: '`'
[ERROR] /workspaces/master-thesis-pascal-joos/code_cure_agent/cca_workspace/epubcheck/src/main/java/com/adobe/epubcheck/tool/EpubChecker.java:[841,67] illegal character: '`'
[ERROR] /workspaces/master-thesis-pascal-joos/code_cure_agent/cca_workspace/epubcheck/src/main/java/com/adobe/epubcheck/tool/EpubChecker.java:[841,151] illegal character: '`'
[ERROR] /workspaces/master-thesis-pascal-joos/code_cure_agent/cca_workspace/epubcheck/src/main/java/com/adobe/epubcheck/tool/EpubChecker.java:[841,164] illegal character: '`'
[ERROR] /workspaces/master-thesis-pascal-joos/code_cure_agent/cca_workspace/epubcheck/src/main/java/com/adobe/epubcheck/tool/EpubChecker.java:[841,167] illegal character: '`'
[ERROR] /workspaces/master-thesis-pascal-joos/code_cure_agent/cca_workspace/epubcheck/src/main/java/com/adobe/epubcheck/tool/EpubChecker.java:[841,179] illegal character: '`'
[ERROR] /workspaces/master-thesis-pascal-joos/code_cure_agent/cca_workspace/epubcheck/src/main/java/com/adobe/epubcheck/tool/EpubChecker.java:[842,28] illegal character: '`'
[ERROR] /workspaces/master-thesis-pascal-joos/code_cure_agent/cca_workspace/epubcheck/src/main/java/com/adobe/epubcheck/tool/EpubChecker.java:[842,39] illegal character: '`'
[ERROR] /workspaces/master-thesis-pascal-joos/code_cure_agent/cca_workspace/epubcheck/src/main/java/com/adobe/epubcheck/tool/EpubChecker.java:[842,69] illegal character: '`'
[ERROR] /workspaces/master-thesis-pascal-joos/code_cure_agent/cca_workspace/epubcheck/src/main/java/com/adobe/epubcheck/tool/EpubChecker.java:[842,81] illegal character: '`'
[ERROR] /workspaces/master-thesis-pascal-joos/code_cure_agent/cca_workspace/epubcheck/src/main/java/com/adobe/epubcheck/tool/EpubChecker.java:[842,94] illegal character: '`'
[ERROR] /workspaces/master-thesis-pascal-joos/code_cure_agent/cca_workspace/epubcheck/src/main/java/com/adobe/epubcheck/tool/EpubChecker.java:[842,113] illegal character: '`'
[ERROR] /workspaces/master-thesis-pascal-joos/code_cure_agent/cca_workspace/epubcheck/src/main/java/com/adobe/epubcheck/tool/EpubChecker.java:[842,150] '{' expected
[ERROR] /workspaces/master-thesis-pascal-joos/code_cure_agent/cca_workspace/epubcheck/src/main/java/com/adobe/epubcheck/tool/EpubChecker.java:[843,16] illegal character: '`'
[ERROR] /workspaces/master-thesis-pascal-joos/code_cure_agent/cca_workspace/epubcheck/src/main/java/com/adobe/epubcheck/tool/EpubChecker.java:[843,34] illegal character: '`'
[ERROR] /workspaces/master-thesis-pascal-joos/code_cure_agent/cca_workspace/epubcheck/src/main/java/com/adobe/epubcheck/tool/EpubChecker.java:[843,62] illegal character: '`'
[ERROR] /workspaces/master-thesis-pascal-joos/code_cure_agent/cca_workspace/epubcheck/src/main/java/com/adobe/epubcheck/tool/EpubChecker.java:[843,72] illegal character: '`'
[ERROR] /workspaces/master-thesis-pascal-joos/code_cure_agent/cca_workspace/epubcheck/src/main/java/com/adobe/epubcheck/tool/EpubChecker.java:[844,134] reached end of file while parsing
[ERROR] -> [Help 1]
[ERROR] 
[ERROR] To see the full stack trace of the errors, re-run Maven with the -e switch.
[ERROR] Re-run Maven using the -X switch to enable full debug logging.
[ERROR] 
[ERROR] For more information about the errors and possible solutions, please read the following articles:
[ERROR] [Help 1] http://cwiki.apache.org/confluence/display/MAVEN/MojoFailureException
