[INFO] Scanning for projects...
[INFO] ------------------------------------------------------------------------
[INFO] Reactor Build Order:
[INFO] 
[INFO] ascii-render-api                                                   [jar]
[INFO] ascii-render                                                       [jar]
[INFO] java-ascii-render                                                  [pom]
[INFO] 
[INFO] -------------< com.indvd00m.ascii.render:ascii-render-api >-------------
[INFO] Building ascii-render-api 2.2.1-SNAPSHOT                           [1/3]
[INFO] --------------------------------[ jar ]---------------------------------
[INFO] 
[INFO] --- maven-clean-plugin:2.5:clean (default-clean) @ ascii-render-api ---
[INFO] Deleting /workspaces/xxxx/code_cure_agent/cca_workspace/java-ascii-render/ascii-render-api/target
[INFO] 
[INFO] --- maven-enforcer-plugin:3.0.0-M2:enforce (enforce-bytecode-version) @ ascii-render-api ---
[INFO] 
[INFO] --- jacoco-maven-plugin:0.8.4:prepare-agent (prepare-agent) @ ascii-render-api ---
[INFO] argLine set to -javaagent:/home/vscode/.m2/repository/org/jacoco/org.jacoco.agent/0.8.4/org.jacoco.agent-0.8.4-runtime.jar=destfile=/workspaces/xxxx/code_cure_agent/cca_workspace/java-ascii-render/ascii-render-api/target/jacoco.exec
[INFO] 
[INFO] --- maven-resources-plugin:2.6:resources (default-resources) @ ascii-render-api ---
[INFO] Using 'UTF-8' encoding to copy filtered resources.
[INFO] skip non existing resourceDirectory /workspaces/xxxx/code_cure_agent/cca_workspace/java-ascii-render/ascii-render-api/src/main/resources
[INFO] 
[INFO] --- maven-compiler-plugin:3.8.1:compile (default-compile) @ ascii-render-api ---
[INFO] Changes detected - recompiling the module!
[INFO] Compiling 9 source files to /workspaces/xxxx/code_cure_agent/cca_workspace/java-ascii-render/ascii-render-api/target/classes
[INFO] 
[INFO] --- maven-resources-plugin:2.6:testResources (default-testResources) @ ascii-render-api ---
[INFO] Using 'UTF-8' encoding to copy filtered resources.
[INFO] skip non existing resourceDirectory /workspaces/xxxx/code_cure_agent/cca_workspace/java-ascii-render/ascii-render-api/src/test/resources
[INFO] 
[INFO] --- maven-compiler-plugin:3.8.1:testCompile (default-testCompile) @ ascii-render-api ---
[INFO] No sources to compile
[INFO] 
[INFO] --- maven-surefire-plugin:2.12.4:test (default-test) @ ascii-render-api ---
[INFO] Tests are skipped.
[INFO] 
[INFO] --- maven-jar-plugin:2.4:jar (default-jar) @ ascii-render-api ---
[INFO] Building jar: /workspaces/xxxx/code_cure_agent/cca_workspace/java-ascii-render/ascii-render-api/target/ascii-render-api-2.2.1-SNAPSHOT.jar
[INFO] 
[INFO] --- maven-javadoc-plugin:3.1.1:jar (attach-javadoc) @ ascii-render-api ---
[INFO] 
Loading source files for package com.indvd00m.ascii.render.api...
Constructing Javadoc information...
Standard Doclet version 11.0.27
Building tree for all the packages and classes...
Generating /workspaces/xxxx/code_cure_agent/cca_workspace/java-ascii-render/ascii-render-api/target/apidocs/com/indvd00m/ascii/render/api/ICanvas.html...
Generating /workspaces/xxxx/code_cure_agent/cca_workspace/java-ascii-render/ascii-render-api/target/apidocs/com/indvd00m/ascii/render/api/IContext.html...
Generating /workspaces/xxxx/code_cure_agent/cca_workspace/java-ascii-render/ascii-render-api/target/apidocs/com/indvd00m/ascii/render/api/IContextBuilder.html...
Generating /workspaces/xxxx/code_cure_agent/cca_workspace/java-ascii-render/ascii-render-api/target/apidocs/com/indvd00m/ascii/render/api/IElement.html...
Generating /workspaces/xxxx/code_cure_agent/cca_workspace/java-ascii-render/ascii-render-api/target/apidocs/com/indvd00m/ascii/render/api/ILayer.html...
Generating /workspaces/xxxx/code_cure_agent/cca_workspace/java-ascii-render/ascii-render-api/target/apidocs/com/indvd00m/ascii/render/api/IPoint.html...
Generating /workspaces/xxxx/code_cure_agent/cca_workspace/java-ascii-render/ascii-render-api/target/apidocs/com/indvd00m/ascii/render/api/IRegion.html...
Generating /workspaces/xxxx/code_cure_agent/cca_workspace/java-ascii-render/ascii-render-api/target/apidocs/com/indvd00m/ascii/render/api/IRender.html...
Generating /workspaces/xxxx/code_cure_agent/cca_workspace/java-ascii-render/ascii-render-api/target/apidocs/com/indvd00m/ascii/render/api/ITypedIdentified.html...
Generating /workspaces/xxxx/code_cure_agent/cca_workspace/java-ascii-render/ascii-render-api/target/apidocs/com/indvd00m/ascii/render/api/package-summary.html...
Generating /workspaces/xxxx/code_cure_agent/cca_workspace/java-ascii-render/ascii-render-api/target/apidocs/com/indvd00m/ascii/render/api/package-tree.html...
Generating /workspaces/xxxx/code_cure_agent/cca_workspace/java-ascii-render/ascii-render-api/target/apidocs/constant-values.html...
Generating /workspaces/xxxx/code_cure_agent/cca_workspace/java-ascii-render/ascii-render-api/target/apidocs/com/indvd00m/ascii/render/api/class-use/IRegion.html...
Generating /workspaces/xxxx/code_cure_agent/cca_workspace/java-ascii-render/ascii-render-api/target/apidocs/com/indvd00m/ascii/render/api/class-use/ICanvas.html...
Generating /workspaces/xxxx/code_cure_agent/cca_workspace/java-ascii-render/ascii-render-api/target/apidocs/com/indvd00m/ascii/render/api/class-use/IContext.html...
Generating /workspaces/xxxx/code_cure_agent/cca_workspace/java-ascii-render/ascii-render-api/target/apidocs/com/indvd00m/ascii/render/api/class-use/ITypedIdentified.html...
Generating /workspaces/xxxx/code_cure_agent/cca_workspace/java-ascii-render/ascii-render-api/target/apidocs/com/indvd00m/ascii/render/api/class-use/IRender.html...
Generating /workspaces/xxxx/code_cure_agent/cca_workspace/java-ascii-render/ascii-render-api/target/apidocs/com/indvd00m/ascii/render/api/class-use/ILayer.html...
Generating /workspaces/xxxx/code_cure_agent/cca_workspace/java-ascii-render/ascii-render-api/target/apidocs/com/indvd00m/ascii/render/api/class-use/IPoint.html...
Generating /workspaces/xxxx/code_cure_agent/cca_workspace/java-ascii-render/ascii-render-api/target/apidocs/com/indvd00m/ascii/render/api/class-use/IContextBuilder.html...
Generating /workspaces/xxxx/code_cure_agent/cca_workspace/java-ascii-render/ascii-render-api/target/apidocs/com/indvd00m/ascii/render/api/class-use/IElement.html...
Generating /workspaces/xxxx/code_cure_agent/cca_workspace/java-ascii-render/ascii-render-api/target/apidocs/com/indvd00m/ascii/render/api/package-use.html...
Building index for all the packages and classes...
Generating /workspaces/xxxx/code_cure_agent/cca_workspace/java-ascii-render/ascii-render-api/target/apidocs/overview-tree.html...
Generating /workspaces/xxxx/code_cure_agent/cca_workspace/java-ascii-render/ascii-render-api/target/apidocs/index-all.html...
Building index for all classes...
Generating /workspaces/xxxx/code_cure_agent/cca_workspace/java-ascii-render/ascii-render-api/target/apidocs/allclasses-index.html...
Generating /workspaces/xxxx/code_cure_agent/cca_workspace/java-ascii-render/ascii-render-api/target/apidocs/allpackages-index.html...
Generating /workspaces/xxxx/code_cure_agent/cca_workspace/java-ascii-render/ascii-render-api/target/apidocs/deprecated-list.html...
Building index for all classes...
Generating /workspaces/xxxx/code_cure_agent/cca_workspace/java-ascii-render/ascii-render-api/target/apidocs/allclasses.html...
Generating /workspaces/xxxx/code_cure_agent/cca_workspace/java-ascii-render/ascii-render-api/target/apidocs/allclasses.html...
Generating /workspaces/xxxx/code_cure_agent/cca_workspace/java-ascii-render/ascii-render-api/target/apidocs/index.html...
Generating /workspaces/xxxx/code_cure_agent/cca_workspace/java-ascii-render/ascii-render-api/target/apidocs/help-doc.html...
[INFO] Building jar: /workspaces/xxxx/code_cure_agent/cca_workspace/java-ascii-render/ascii-render-api/target/ascii-render-api-2.2.1-SNAPSHOT-javadoc.jar
[INFO] 
[INFO] >>> maven-source-plugin:3.1.0:jar (attach-sources) > generate-sources @ ascii-render-api >>>
[INFO] 
[INFO] --- maven-enforcer-plugin:3.0.0-M2:enforce (enforce-bytecode-version) @ ascii-render-api ---
[INFO] 
[INFO] --- jacoco-maven-plugin:0.8.4:prepare-agent (prepare-agent) @ ascii-render-api ---
[INFO] argLine set to -javaagent:/home/vscode/.m2/repository/org/jacoco/org.jacoco.agent/0.8.4/org.jacoco.agent-0.8.4-runtime.jar=destfile=/workspaces/xxxx/code_cure_agent/cca_workspace/java-ascii-render/ascii-render-api/target/jacoco.exec
[INFO] 
[INFO] <<< maven-source-plugin:3.1.0:jar (attach-sources) < generate-sources @ ascii-render-api <<<
[INFO] 
[INFO] 
[INFO] --- maven-source-plugin:3.1.0:jar (attach-sources) @ ascii-render-api ---
[INFO] Building jar: /workspaces/xxxx/code_cure_agent/cca_workspace/java-ascii-render/ascii-render-api/target/ascii-render-api-2.2.1-SNAPSHOT-sources.jar
[INFO] 
[INFO] ---------------< com.indvd00m.ascii.render:ascii-render >---------------
[INFO] Building ascii-render 2.2.1-SNAPSHOT                               [2/3]
[INFO] --------------------------------[ jar ]---------------------------------
[INFO] 
[INFO] --- maven-clean-plugin:2.5:clean (default-clean) @ ascii-render ---
[INFO] Deleting /workspaces/xxxx/code_cure_agent/cca_workspace/java-ascii-render/ascii-render/target
[INFO] 
[INFO] --- maven-enforcer-plugin:3.0.0-M2:enforce (enforce-bytecode-version) @ ascii-render ---
[INFO] 
[INFO] --- jacoco-maven-plugin:0.8.4:prepare-agent (prepare-agent) @ ascii-render ---
[INFO] argLine set to -javaagent:/home/vscode/.m2/repository/org/jacoco/org.jacoco.agent/0.8.4/org.jacoco.agent-0.8.4-runtime.jar=destfile=/workspaces/xxxx/code_cure_agent/cca_workspace/java-ascii-render/ascii-render/target/jacoco.exec
[INFO] 
[INFO] --- maven-resources-plugin:2.6:resources (default-resources) @ ascii-render ---
[INFO] Using 'UTF-8' encoding to copy filtered resources.
[INFO] Copying 2 resources
[INFO] 
[INFO] --- maven-compiler-plugin:3.8.1:compile (default-compile) @ ascii-render ---
[INFO] Changes detected - recompiling the module!
[INFO] Compiling 29 source files to /workspaces/xxxx/code_cure_agent/cca_workspace/java-ascii-render/ascii-render/target/classes
[INFO] 
[INFO] --- maven-resources-plugin:2.6:testResources (default-testResources) @ ascii-render ---
[INFO] Using 'UTF-8' encoding to copy filtered resources.
[INFO] skip non existing resourceDirectory /workspaces/xxxx/code_cure_agent/cca_workspace/java-ascii-render/ascii-render/src/test/resources
[INFO] 
[INFO] --- maven-compiler-plugin:3.8.1:testCompile (default-testCompile) @ ascii-render ---
[INFO] Changes detected - recompiling the module!
[INFO] Compiling 21 source files to /workspaces/xxxx/code_cure_agent/cca_workspace/java-ascii-render/ascii-render/target/test-classes
[INFO] -------------------------------------------------------------
[ERROR] COMPILATION ERROR : 
[INFO] -------------------------------------------------------------
[ERROR] /workspaces/xxxx/code_cure_agent/cca_workspace/java-ascii-render/ascii-render/src/test/java/com/indvd00m/ascii/render/tests/TestTable.java:[288,17] class, interface, or enum expected
[ERROR] /workspaces/xxxx/code_cure_agent/cca_workspace/java-ascii-render/ascii-render/src/test/java/com/indvd00m/ascii/render/tests/TestTable.java:[289,17] class, interface, or enum expected
[ERROR] /workspaces/xxxx/code_cure_agent/cca_workspace/java-ascii-render/ascii-render/src/test/java/com/indvd00m/ascii/render/tests/TestTable.java:[290,17] class, interface, or enum expected
[ERROR] /workspaces/xxxx/code_cure_agent/cca_workspace/java-ascii-render/ascii-render/src/test/java/com/indvd00m/ascii/render/tests/TestTable.java:[291,17] class, interface, or enum expected
[ERROR] /workspaces/xxxx/code_cure_agent/cca_workspace/java-ascii-render/ascii-render/src/test/java/com/indvd00m/ascii/render/tests/TestTable.java:[292,17] class, interface, or enum expected
[ERROR] /workspaces/xxxx/code_cure_agent/cca_workspace/java-ascii-render/ascii-render/src/test/java/com/indvd00m/ascii/render/tests/TestTable.java:[293,17] class, interface, or enum expected
[ERROR] /workspaces/xxxx/code_cure_agent/cca_workspace/java-ascii-render/ascii-render/src/test/java/com/indvd00m/ascii/render/tests/TestTable.java:[294,17] class, interface, or enum expected
[ERROR] /workspaces/xxxx/code_cure_agent/cca_workspace/java-ascii-render/ascii-render/src/test/java/com/indvd00m/ascii/render/tests/TestTable.java:[295,17] class, interface, or enum expected
[ERROR] /workspaces/xxxx/code_cure_agent/cca_workspace/java-ascii-render/ascii-render/src/test/java/com/indvd00m/ascii/render/tests/TestTable.java:[296,17] class, interface, or enum expected
[ERROR] /workspaces/xxxx/code_cure_agent/cca_workspace/java-ascii-render/ascii-render/src/test/java/com/indvd00m/ascii/render/tests/TestTable.java:[297,17] class, interface, or enum expected
[ERROR] /workspaces/xxxx/code_cure_agent/cca_workspace/java-ascii-render/ascii-render/src/test/java/com/indvd00m/ascii/render/tests/TestTable.java:[298,17] class, interface, or enum expected
[ERROR] /workspaces/xxxx/code_cure_agent/cca_workspace/java-ascii-render/ascii-render/src/test/java/com/indvd00m/ascii/render/tests/TestTable.java:[299,9] class, interface, or enum expected
[ERROR] /workspaces/xxxx/code_cure_agent/cca_workspace/java-ascii-render/ascii-render/src/test/java/com/indvd00m/ascii/render/tests/TestTable.java:[302,16] class, interface, or enum expected
[ERROR] /workspaces/xxxx/code_cure_agent/cca_workspace/java-ascii-render/ascii-render/src/test/java/com/indvd00m/ascii/render/tests/TestTable.java:[303,55] <identifier> expected
[ERROR] /workspaces/xxxx/code_cure_agent/cca_workspace/java-ascii-render/ascii-render/src/test/java/com/indvd00m/ascii/render/tests/TestTable.java:[306,29] <identifier> expected
[ERROR] /workspaces/xxxx/code_cure_agent/cca_workspace/java-ascii-render/ascii-render/src/test/java/com/indvd00m/ascii/render/tests/TestTable.java:[306,30] illegal start of type
[ERROR] /workspaces/xxxx/code_cure_agent/cca_workspace/java-ascii-render/ascii-render/src/test/java/com/indvd00m/ascii/render/tests/TestTable.java:[307,29] <identifier> expected
[ERROR] /workspaces/xxxx/code_cure_agent/cca_workspace/java-ascii-render/ascii-render/src/test/java/com/indvd00m/ascii/render/tests/TestTable.java:[307,30] illegal start of type
[ERROR] /workspaces/xxxx/code_cure_agent/cca_workspace/java-ascii-render/ascii-render/src/test/java/com/indvd00m/ascii/render/tests/TestTable.java:[308,29] <identifier> expected
[ERROR] /workspaces/xxxx/code_cure_agent/cca_workspace/java-ascii-render/ascii-render/src/test/java/com/indvd00m/ascii/render/tests/TestTable.java:[308,30] illegal start of type
[ERROR] /workspaces/xxxx/code_cure_agent/cca_workspace/java-ascii-render/ascii-render/src/test/java/com/indvd00m/ascii/render/tests/TestTable.java:[310,17] invalid method declaration; return type required
[ERROR] /workspaces/xxxx/code_cure_agent/cca_workspace/java-ascii-render/ascii-render/src/test/java/com/indvd00m/ascii/render/tests/TestTable.java:[310,30] illegal start of type
[ERROR] /workspaces/xxxx/code_cure_agent/cca_workspace/java-ascii-render/ascii-render/src/test/java/com/indvd00m/ascii/render/tests/TestTable.java:[312,46] <identifier> expected
[ERROR] /workspaces/xxxx/code_cure_agent/cca_workspace/java-ascii-render/ascii-render/src/test/java/com/indvd00m/ascii/render/tests/TestTable.java:[313,46] <identifier> expected
[ERROR] /workspaces/xxxx/code_cure_agent/cca_workspace/java-ascii-render/ascii-render/src/test/java/com/indvd00m/ascii/render/tests/TestTable.java:[314,46] <identifier> expected
[ERROR] /workspaces/xxxx/code_cure_agent/cca_workspace/java-ascii-render/ascii-render/src/test/java/com/indvd00m/ascii/render/tests/TestTable.java:[315,46] <identifier> expected
[ERROR] /workspaces/xxxx/code_cure_agent/cca_workspace/java-ascii-render/ascii-render/src/test/java/com/indvd00m/ascii/render/tests/TestTable.java:[316,46] <identifier> expected
[ERROR] /workspaces/xxxx/code_cure_agent/cca_workspace/java-ascii-render/ascii-render/src/test/java/com/indvd00m/ascii/render/tests/TestTable.java:[317,46] <identifier> expected
[ERROR] /workspaces/xxxx/code_cure_agent/cca_workspace/java-ascii-render/ascii-render/src/test/java/com/indvd00m/ascii/render/tests/TestTable.java:[318,46] <identifier> expected
[ERROR] /workspaces/xxxx/code_cure_agent/cca_workspace/java-ascii-render/ascii-render/src/test/java/com/indvd00m/ascii/render/tests/TestTable.java:[319,46] <identifier> expected
[ERROR] /workspaces/xxxx/code_cure_agent/cca_workspace/java-ascii-render/ascii-render/src/test/java/com/indvd00m/ascii/render/tests/TestTable.java:[320,46] <identifier> expected
[ERROR] /workspaces/xxxx/code_cure_agent/cca_workspace/java-ascii-render/ascii-render/src/test/java/com/indvd00m/ascii/render/tests/TestTable.java:[321,44] <identifier> expected
[ERROR] /workspaces/xxxx/code_cure_agent/cca_workspace/java-ascii-render/ascii-render/src/test/java/com/indvd00m/ascii/render/tests/TestTable.java:[322,35] <identifier> expected
[ERROR] /workspaces/xxxx/code_cure_agent/cca_workspace/java-ascii-render/ascii-render/src/test/java/com/indvd00m/ascii/render/tests/TestTable.java:[322,50] <identifier> expected
[ERROR] /workspaces/xxxx/code_cure_agent/cca_workspace/java-ascii-render/ascii-render/src/test/java/com/indvd00m/ascii/render/tests/TestTable.java:[323,17] invalid method declaration; return type required
[ERROR] /workspaces/xxxx/code_cure_agent/cca_workspace/java-ascii-render/ascii-render/src/test/java/com/indvd00m/ascii/render/tests/TestTable.java:[323,31] <identifier> expected
[ERROR] /workspaces/xxxx/code_cure_agent/cca_workspace/java-ascii-render/ascii-render/src/test/java/com/indvd00m/ascii/render/tests/TestTable.java:[323,47] <identifier> expected
[ERROR] /workspaces/xxxx/code_cure_agent/cca_workspace/java-ascii-render/ascii-render/src/test/java/com/indvd00m/ascii/render/tests/TestTable.java:[327,16] class, interface, or enum expected
[ERROR] /workspaces/xxxx/code_cure_agent/cca_workspace/java-ascii-render/ascii-render/src/test/java/com/indvd00m/ascii/render/tests/TestTable.java:[328,55] <identifier> expected
[ERROR] /workspaces/xxxx/code_cure_agent/cca_workspace/java-ascii-render/ascii-render/src/test/java/com/indvd00m/ascii/render/tests/TestTable.java:[331,29] <identifier> expected
[ERROR] /workspaces/xxxx/code_cure_agent/cca_workspace/java-ascii-render/ascii-render/src/test/java/com/indvd00m/ascii/render/tests/TestTable.java:[331,30] illegal start of type
[ERROR] /workspaces/xxxx/code_cure_agent/cca_workspace/java-ascii-render/ascii-render/src/test/java/com/indvd00m/ascii/render/tests/TestTable.java:[332,29] <identifier> expected
[ERROR] /workspaces/xxxx/code_cure_agent/cca_workspace/java-ascii-render/ascii-render/src/test/java/com/indvd00m/ascii/render/tests/TestTable.java:[332,30] illegal start of type
[ERROR] /workspaces/xxxx/code_cure_agent/cca_workspace/java-ascii-render/ascii-render/src/test/java/com/indvd00m/ascii/render/tests/TestTable.java:[333,29] <identifier> expected
[ERROR] /workspaces/xxxx/code_cure_agent/cca_workspace/java-ascii-render/ascii-render/src/test/java/com/indvd00m/ascii/render/tests/TestTable.java:[333,30] illegal start of type
[ERROR] /workspaces/xxxx/code_cure_agent/cca_workspace/java-ascii-render/ascii-render/src/test/java/com/indvd00m/ascii/render/tests/TestTable.java:[334,29] <identifier> expected
[ERROR] /workspaces/xxxx/code_cure_agent/cca_workspace/java-ascii-render/ascii-render/src/test/java/com/indvd00m/ascii/render/tests/TestTable.java:[334,30] illegal start of type
[ERROR] /workspaces/xxxx/code_cure_agent/cca_workspace/java-ascii-render/ascii-render/src/test/java/com/indvd00m/ascii/render/tests/TestTable.java:[335,29] <identifier> expected
[ERROR] /workspaces/xxxx/code_cure_agent/cca_workspace/java-ascii-render/ascii-render/src/test/java/com/indvd00m/ascii/render/tests/TestTable.java:[335,30] illegal start of type
[ERROR] /workspaces/xxxx/code_cure_agent/cca_workspace/java-ascii-render/ascii-render/src/test/java/com/indvd00m/ascii/render/tests/TestTable.java:[336,29] <identifier> expected
[ERROR] /workspaces/xxxx/code_cure_agent/cca_workspace/java-ascii-render/ascii-render/src/test/java/com/indvd00m/ascii/render/tests/TestTable.java:[336,30] illegal start of type
[ERROR] /workspaces/xxxx/code_cure_agent/cca_workspace/java-ascii-render/ascii-render/src/test/java/com/indvd00m/ascii/render/tests/TestTable.java:[337,29] <identifier> expected
[ERROR] /workspaces/xxxx/code_cure_agent/cca_workspace/java-ascii-render/ascii-render/src/test/java/com/indvd00m/ascii/render/tests/TestTable.java:[337,30] illegal start of type
[ERROR] /workspaces/xxxx/code_cure_agent/cca_workspace/java-ascii-render/ascii-render/src/test/java/com/indvd00m/ascii/render/tests/TestTable.java:[338,29] <identifier> expected
[ERROR] /workspaces/xxxx/code_cure_agent/cca_workspace/java-ascii-render/ascii-render/src/test/java/com/indvd00m/ascii/render/tests/TestTable.java:[338,30] illegal start of type
[ERROR] /workspaces/xxxx/code_cure_agent/cca_workspace/java-ascii-render/ascii-render/src/test/java/com/indvd00m/ascii/render/tests/TestTable.java:[339,29] <identifier> expected
[ERROR] /workspaces/xxxx/code_cure_agent/cca_workspace/java-ascii-render/ascii-render/src/test/java/com/indvd00m/ascii/render/tests/TestTable.java:[339,30] illegal start of type
[ERROR] /workspaces/xxxx/code_cure_agent/cca_workspace/java-ascii-render/ascii-render/src/test/java/com/indvd00m/ascii/render/tests/TestTable.java:[341,17] invalid method declaration; return type required
[ERROR] /workspaces/xxxx/code_cure_agent/cca_workspace/java-ascii-render/ascii-render/src/test/java/com/indvd00m/ascii/render/tests/TestTable.java:[341,30] illegal start of type
[ERROR] /workspaces/xxxx/code_cure_agent/cca_workspace/java-ascii-render/ascii-render/src/test/java/com/indvd00m/ascii/render/tests/TestTable.java:[343,33] <identifier> expected
[ERROR] /workspaces/xxxx/code_cure_agent/cca_workspace/java-ascii-render/ascii-render/src/test/java/com/indvd00m/ascii/render/tests/TestTable.java:[344,33] <identifier> expected
[ERROR] /workspaces/xxxx/code_cure_agent/cca_workspace/java-ascii-render/ascii-render/src/test/java/com/indvd00m/ascii/render/tests/TestTable.java:[345,33] <identifier> expected
[ERROR] /workspaces/xxxx/code_cure_agent/cca_workspace/java-ascii-render/ascii-render/src/test/java/com/indvd00m/ascii/render/tests/TestTable.java:[346,33] <identifier> expected
[ERROR] /workspaces/xxxx/code_cure_agent/cca_workspace/java-ascii-render/ascii-render/src/test/java/com/indvd00m/ascii/render/tests/TestTable.java:[347,33] <identifier> expected
[ERROR] /workspaces/xxxx/code_cure_agent/cca_workspace/java-ascii-render/ascii-render/src/test/java/com/indvd00m/ascii/render/tests/TestTable.java:[348,33] <identifier> expected
[ERROR] /workspaces/xxxx/code_cure_agent/cca_workspace/java-ascii-render/ascii-render/src/test/java/com/indvd00m/ascii/render/tests/TestTable.java:[349,31] <identifier> expected
[ERROR] /workspaces/xxxx/code_cure_agent/cca_workspace/java-ascii-render/ascii-render/src/test/java/com/indvd00m/ascii/render/tests/TestTable.java:[350,35] <identifier> expected
[ERROR] /workspaces/xxxx/code_cure_agent/cca_workspace/java-ascii-render/ascii-render/src/test/java/com/indvd00m/ascii/render/tests/TestTable.java:[350,50] <identifier> expected
[ERROR] /workspaces/xxxx/code_cure_agent/cca_workspace/java-ascii-render/ascii-render/src/test/java/com/indvd00m/ascii/render/tests/TestTable.java:[351,17] invalid method declaration; return type required
[ERROR] /workspaces/xxxx/code_cure_agent/cca_workspace/java-ascii-render/ascii-render/src/test/java/com/indvd00m/ascii/render/tests/TestTable.java:[351,31] <identifier> expected
[ERROR] /workspaces/xxxx/code_cure_agent/cca_workspace/java-ascii-render/ascii-render/src/test/java/com/indvd00m/ascii/render/tests/TestTable.java:[351,47] <identifier> expected
[ERROR] /workspaces/xxxx/code_cure_agent/cca_workspace/java-ascii-render/ascii-render/src/test/java/com/indvd00m/ascii/render/tests/TestTable.java:[355,16] class, interface, or enum expected
[ERROR] /workspaces/xxxx/code_cure_agent/cca_workspace/java-ascii-render/ascii-render/src/test/java/com/indvd00m/ascii/render/tests/TestTable.java:[356,55] <identifier> expected
[ERROR] /workspaces/xxxx/code_cure_agent/cca_workspace/java-ascii-render/ascii-render/src/test/java/com/indvd00m/ascii/render/tests/TestTable.java:[359,29] <identifier> expected
[ERROR] /workspaces/xxxx/code_cure_agent/cca_workspace/java-ascii-render/ascii-render/src/test/java/com/indvd00m/ascii/render/tests/TestTable.java:[359,30] illegal start of type
[ERROR] /workspaces/xxxx/code_cure_agent/cca_workspace/java-ascii-render/ascii-render/src/test/java/com/indvd00m/ascii/render/tests/TestTable.java:[360,29] <identifier> expected
[ERROR] /workspaces/xxxx/code_cure_agent/cca_workspace/java-ascii-render/ascii-render/src/test/java/com/indvd00m/ascii/render/tests/TestTable.java:[360,30] illegal start of type
[ERROR] /workspaces/xxxx/code_cure_agent/cca_workspace/java-ascii-render/ascii-render/src/test/java/com/indvd00m/ascii/render/tests/TestTable.java:[361,29] <identifier> expected
[ERROR] /workspaces/xxxx/code_cure_agent/cca_workspace/java-ascii-render/ascii-render/src/test/java/com/indvd00m/ascii/render/tests/TestTable.java:[361,30] illegal start of type
[ERROR] /workspaces/xxxx/code_cure_agent/cca_workspace/java-ascii-render/ascii-render/src/test/java/com/indvd00m/ascii/render/tests/TestTable.java:[362,29] <identifier> expected
[ERROR] /workspaces/xxxx/code_cure_agent/cca_workspace/java-ascii-render/ascii-render/src/test/java/com/indvd00m/ascii/render/tests/TestTable.java:[362,30] illegal start of type
[ERROR] /workspaces/xxxx/code_cure_agent/cca_workspace/java-ascii-render/ascii-render/src/test/java/com/indvd00m/ascii/render/tests/TestTable.java:[363,29] <identifier> expected
[ERROR] /workspaces/xxxx/code_cure_agent/cca_workspace/java-ascii-render/ascii-render/src/test/java/com/indvd00m/ascii/render/tests/TestTable.java:[363,30] illegal start of type
[ERROR] /workspaces/xxxx/code_cure_agent/cca_workspace/java-ascii-render/ascii-render/src/test/java/com/indvd00m/ascii/render/tests/TestTable.java:[364,29] <identifier> expected
[ERROR] /workspaces/xxxx/code_cure_agent/cca_workspace/java-ascii-render/ascii-render/src/test/java/com/indvd00m/ascii/render/tests/TestTable.java:[364,30] illegal start of type
[ERROR] /workspaces/xxxx/code_cure_agent/cca_workspace/java-ascii-render/ascii-render/src/test/java/com/indvd00m/ascii/render/tests/TestTable.java:[365,29] <identifier> expected
[ERROR] /workspaces/xxxx/code_cure_agent/cca_workspace/java-ascii-render/ascii-render/src/test/java/com/indvd00m/ascii/render/tests/TestTable.java:[365,30] illegal start of type
[ERROR] /workspaces/xxxx/code_cure_agent/cca_workspace/java-ascii-render/ascii-render/src/test/java/com/indvd00m/ascii/render/tests/TestTable.java:[366,29] <identifier> expected
[ERROR] /workspaces/xxxx/code_cure_agent/cca_workspace/java-ascii-render/ascii-render/src/test/java/com/indvd00m/ascii/render/tests/TestTable.java:[366,30] illegal start of type
[ERROR] /workspaces/xxxx/code_cure_agent/cca_workspace/java-ascii-render/ascii-render/src/test/java/com/indvd00m/ascii/render/tests/TestTable.java:[367,29] <identifier> expected
[ERROR] /workspaces/xxxx/code_cure_agent/cca_workspace/java-ascii-render/ascii-render/src/test/java/com/indvd00m/ascii/render/tests/TestTable.java:[367,30] illegal start of type
[ERROR] /workspaces/xxxx/code_cure_agent/cca_workspace/java-ascii-render/ascii-render/src/test/java/com/indvd00m/ascii/render/tests/TestTable.java:[369,17] invalid method declaration; return type required
[ERROR] /workspaces/xxxx/code_cure_agent/cca_workspace/java-ascii-render/ascii-render/src/test/java/com/indvd00m/ascii/render/tests/TestTable.java:[369,30] illegal start of type
[ERROR] /workspaces/xxxx/code_cure_agent/cca_workspace/java-ascii-render/ascii-render/src/test/java/com/indvd00m/ascii/render/tests/TestTable.java:[371,36] <identifier> expected
[ERROR] /workspaces/xxxx/code_cure_agent/cca_workspace/java-ascii-render/ascii-render/src/test/java/com/indvd00m/ascii/render/tests/TestTable.java:[372,36] <identifier> expected
[ERROR] /workspaces/xxxx/code_cure_agent/cca_workspace/java-ascii-render/ascii-render/src/test/java/com/indvd00m/ascii/render/tests/TestTable.java:[373,36] <identifier> expected
[ERROR] /workspaces/xxxx/code_cure_agent/cca_workspace/java-ascii-render/ascii-render/src/test/java/com/indvd00m/ascii/render/tests/TestTable.java:[374,36] <identifier> expected
[ERROR] /workspaces/xxxx/code_cure_agent/cca_workspace/java-ascii-render/ascii-render/src/test/java/com/indvd00m/ascii/render/tests/TestTable.java:[375,36] <identifier> expected
[ERROR] /workspaces/xxxx/code_cure_agent/cca_workspace/java-ascii-render/ascii-render/src/test/java/com/indvd00m/ascii/render/tests/TestTable.java:[376,36] <identifier> expected
[ERROR] /workspaces/xxxx/code_cure_agent/cca_workspace/java-ascii-render/ascii-render/src/test/java/com/indvd00m/ascii/render/tests/TestTable.java:[377,36] <identifier> expected
[INFO] 100 errors 
[INFO] -------------------------------------------------------------
[INFO] ------------------------------------------------------------------------
[INFO] Reactor Summary for java-ascii-render 2.2.1-SNAPSHOT:
[INFO] 
[INFO] ascii-render-api ................................... SUCCESS [  3.329 s]
[INFO] ascii-render ....................................... FAILURE [  0.640 s]
[INFO] java-ascii-render .................................. SKIPPED
[INFO] ------------------------------------------------------------------------
[INFO] BUILD FAILURE
[INFO] ------------------------------------------------------------------------
[INFO] Total time:  4.057 s
[INFO] Finished at: 2025-08-31T04:57:17Z
[INFO] ------------------------------------------------------------------------
[ERROR] Failed to execute goal org.apache.maven.plugins:maven-compiler-plugin:3.8.1:testCompile (default-testCompile) on project ascii-render: Compilation failure: Compilation failure: 
[ERROR] /workspaces/xxxx/code_cure_agent/cca_workspace/java-ascii-render/ascii-render/src/test/java/com/indvd00m/ascii/render/tests/TestTable.java:[288,17] class, interface, or enum expected
[ERROR] /workspaces/xxxx/code_cure_agent/cca_workspace/java-ascii-render/ascii-render/src/test/java/com/indvd00m/ascii/render/tests/TestTable.java:[289,17] class, interface, or enum expected
[ERROR] /workspaces/xxxx/code_cure_agent/cca_workspace/java-ascii-render/ascii-render/src/test/java/com/indvd00m/ascii/render/tests/TestTable.java:[290,17] class, interface, or enum expected
[ERROR] /workspaces/xxxx/code_cure_agent/cca_workspace/java-ascii-render/ascii-render/src/test/java/com/indvd00m/ascii/render/tests/TestTable.java:[291,17] class, interface, or enum expected
[ERROR] /workspaces/xxxx/code_cure_agent/cca_workspace/java-ascii-render/ascii-render/src/test/java/com/indvd00m/ascii/render/tests/TestTable.java:[292,17] class, interface, or enum expected
[ERROR] /workspaces/xxxx/code_cure_agent/cca_workspace/java-ascii-render/ascii-render/src/test/java/com/indvd00m/ascii/render/tests/TestTable.java:[293,17] class, interface, or enum expected
[ERROR] /workspaces/xxxx/code_cure_agent/cca_workspace/java-ascii-render/ascii-render/src/test/java/com/indvd00m/ascii/render/tests/TestTable.java:[294,17] class, interface, or enum expected
[ERROR] /workspaces/xxxx/code_cure_agent/cca_workspace/java-ascii-render/ascii-render/src/test/java/com/indvd00m/ascii/render/tests/TestTable.java:[295,17] class, interface, or enum expected
[ERROR] /workspaces/xxxx/code_cure_agent/cca_workspace/java-ascii-render/ascii-render/src/test/java/com/indvd00m/ascii/render/tests/TestTable.java:[296,17] class, interface, or enum expected
[ERROR] /workspaces/xxxx/code_cure_agent/cca_workspace/java-ascii-render/ascii-render/src/test/java/com/indvd00m/ascii/render/tests/TestTable.java:[297,17] class, interface, or enum expected
[ERROR] /workspaces/xxxx/code_cure_agent/cca_workspace/java-ascii-render/ascii-render/src/test/java/com/indvd00m/ascii/render/tests/TestTable.java:[298,17] class, interface, or enum expected
[ERROR] /workspaces/xxxx/code_cure_agent/cca_workspace/java-ascii-render/ascii-render/src/test/java/com/indvd00m/ascii/render/tests/TestTable.java:[299,9] class, interface, or enum expected
[ERROR] /workspaces/xxxx/code_cure_agent/cca_workspace/java-ascii-render/ascii-render/src/test/java/com/indvd00m/ascii/render/tests/TestTable.java:[302,16] class, interface, or enum expected
[ERROR] /workspaces/xxxx/code_cure_agent/cca_workspace/java-ascii-render/ascii-render/src/test/java/com/indvd00m/ascii/render/tests/TestTable.java:[303,55] <identifier> expected
[ERROR] /workspaces/xxxx/code_cure_agent/cca_workspace/java-ascii-render/ascii-render/src/test/java/com/indvd00m/ascii/render/tests/TestTable.java:[306,29] <identifier> expected
[ERROR] /workspaces/xxxx/code_cure_agent/cca_workspace/java-ascii-render/ascii-render/src/test/java/com/indvd00m/ascii/render/tests/TestTable.java:[306,30] illegal start of type
[ERROR] /workspaces/xxxx/code_cure_agent/cca_workspace/java-ascii-render/ascii-render/src/test/java/com/indvd00m/ascii/render/tests/TestTable.java:[307,29] <identifier> expected
[ERROR] /workspaces/xxxx/code_cure_agent/cca_workspace/java-ascii-render/ascii-render/src/test/java/com/indvd00m/ascii/render/tests/TestTable.java:[307,30] illegal start of type
[ERROR] /workspaces/xxxx/code_cure_agent/cca_workspace/java-ascii-render/ascii-render/src/test/java/com/indvd00m/ascii/render/tests/TestTable.java:[308,29] <identifier> expected
[ERROR] /workspaces/xxxx/code_cure_agent/cca_workspace/java-ascii-render/ascii-render/src/test/java/com/indvd00m/ascii/render/tests/TestTable.java:[308,30] illegal start of type
[ERROR] /workspaces/xxxx/code_cure_agent/cca_workspace/java-ascii-render/ascii-render/src/test/java/com/indvd00m/ascii/render/tests/TestTable.java:[310,17] invalid method declaration; return type required
[ERROR] /workspaces/xxxx/code_cure_agent/cca_workspace/java-ascii-render/ascii-render/src/test/java/com/indvd00m/ascii/render/tests/TestTable.java:[310,30] illegal start of type
[ERROR] /workspaces/xxxx/code_cure_agent/cca_workspace/java-ascii-render/ascii-render/src/test/java/com/indvd00m/ascii/render/tests/TestTable.java:[312,46] <identifier> expected
[ERROR] /workspaces/xxxx/code_cure_agent/cca_workspace/java-ascii-render/ascii-render/src/test/java/com/indvd00m/ascii/render/tests/TestTable.java:[313,46] <identifier> expected
[ERROR] /workspaces/xxxx/code_cure_agent/cca_workspace/java-ascii-render/ascii-render/src/test/java/com/indvd00m/ascii/render/tests/TestTable.java:[314,46] <identifier> expected
[ERROR] /workspaces/xxxx/code_cure_agent/cca_workspace/java-ascii-render/ascii-render/src/test/java/com/indvd00m/ascii/render/tests/TestTable.java:[315,46] <identifier> expected
[ERROR] /workspaces/xxxx/code_cure_agent/cca_workspace/java-ascii-render/ascii-render/src/test/java/com/indvd00m/ascii/render/tests/TestTable.java:[316,46] <identifier> expected
[ERROR] /workspaces/xxxx/code_cure_agent/cca_workspace/java-ascii-render/ascii-render/src/test/java/com/indvd00m/ascii/render/tests/TestTable.java:[317,46] <identifier> expected
[ERROR] /workspaces/xxxx/code_cure_agent/cca_workspace/java-ascii-render/ascii-render/src/test/java/com/indvd00m/ascii/render/tests/TestTable.java:[318,46] <identifier> expected
[ERROR] /workspaces/xxxx/code_cure_agent/cca_workspace/java-ascii-render/ascii-render/src/test/java/com/indvd00m/ascii/render/tests/TestTable.java:[319,46] <identifier> expected
[ERROR] /workspaces/xxxx/code_cure_agent/cca_workspace/java-ascii-render/ascii-render/src/test/java/com/indvd00m/ascii/render/tests/TestTable.java:[320,46] <identifier> expected
[ERROR] /workspaces/xxxx/code_cure_agent/cca_workspace/java-ascii-render/ascii-render/src/test/java/com/indvd00m/ascii/render/tests/TestTable.java:[321,44] <identifier> expected
[ERROR] /workspaces/xxxx/code_cure_agent/cca_workspace/java-ascii-render/ascii-render/src/test/java/com/indvd00m/ascii/render/tests/TestTable.java:[322,35] <identifier> expected
[ERROR] /workspaces/xxxx/code_cure_agent/cca_workspace/java-ascii-render/ascii-render/src/test/java/com/indvd00m/ascii/render/tests/TestTable.java:[322,50] <identifier> expected
[ERROR] /workspaces/xxxx/code_cure_agent/cca_workspace/java-ascii-render/ascii-render/src/test/java/com/indvd00m/ascii/render/tests/TestTable.java:[323,17] invalid method declaration; return type required
[ERROR] /workspaces/xxxx/code_cure_agent/cca_workspace/java-ascii-render/ascii-render/src/test/java/com/indvd00m/ascii/render/tests/TestTable.java:[323,31] <identifier> expected
[ERROR] /workspaces/xxxx/code_cure_agent/cca_workspace/java-ascii-render/ascii-render/src/test/java/com/indvd00m/ascii/render/tests/TestTable.java:[323,47] <identifier> expected
[ERROR] /workspaces/xxxx/code_cure_agent/cca_workspace/java-ascii-render/ascii-render/src/test/java/com/indvd00m/ascii/render/tests/TestTable.java:[327,16] class, interface, or enum expected
[ERROR] /workspaces/xxxx/code_cure_agent/cca_workspace/java-ascii-render/ascii-render/src/test/java/com/indvd00m/ascii/render/tests/TestTable.java:[328,55] <identifier> expected
[ERROR] /workspaces/xxxx/code_cure_agent/cca_workspace/java-ascii-render/ascii-render/src/test/java/com/indvd00m/ascii/render/tests/TestTable.java:[331,29] <identifier> expected
[ERROR] /workspaces/xxxx/code_cure_agent/cca_workspace/java-ascii-render/ascii-render/src/test/java/com/indvd00m/ascii/render/tests/TestTable.java:[331,30] illegal start of type
[ERROR] /workspaces/xxxx/code_cure_agent/cca_workspace/java-ascii-render/ascii-render/src/test/java/com/indvd00m/ascii/render/tests/TestTable.java:[332,29] <identifier> expected
[ERROR] /workspaces/xxxx/code_cure_agent/cca_workspace/java-ascii-render/ascii-render/src/test/java/com/indvd00m/ascii/render/tests/TestTable.java:[332,30] illegal start of type
[ERROR] /workspaces/xxxx/code_cure_agent/cca_workspace/java-ascii-render/ascii-render/src/test/java/com/indvd00m/ascii/render/tests/TestTable.java:[333,29] <identifier> expected
[ERROR] /workspaces/xxxx/code_cure_agent/cca_workspace/java-ascii-render/ascii-render/src/test/java/com/indvd00m/ascii/render/tests/TestTable.java:[333,30] illegal start of type
[ERROR] /workspaces/xxxx/code_cure_agent/cca_workspace/java-ascii-render/ascii-render/src/test/java/com/indvd00m/ascii/render/tests/TestTable.java:[334,29] <identifier> expected
[ERROR] /workspaces/xxxx/code_cure_agent/cca_workspace/java-ascii-render/ascii-render/src/test/java/com/indvd00m/ascii/render/tests/TestTable.java:[334,30] illegal start of type
[ERROR] /workspaces/xxxx/code_cure_agent/cca_workspace/java-ascii-render/ascii-render/src/test/java/com/indvd00m/ascii/render/tests/TestTable.java:[335,29] <identifier> expected
[ERROR] /workspaces/xxxx/code_cure_agent/cca_workspace/java-ascii-render/ascii-render/src/test/java/com/indvd00m/ascii/render/tests/TestTable.java:[335,30] illegal start of type
[ERROR] /workspaces/xxxx/code_cure_agent/cca_workspace/java-ascii-render/ascii-render/src/test/java/com/indvd00m/ascii/render/tests/TestTable.java:[336,29] <identifier> expected
[ERROR] /workspaces/xxxx/code_cure_agent/cca_workspace/java-ascii-render/ascii-render/src/test/java/com/indvd00m/ascii/render/tests/TestTable.java:[336,30] illegal start of type
[ERROR] /workspaces/xxxx/code_cure_agent/cca_workspace/java-ascii-render/ascii-render/src/test/java/com/indvd00m/ascii/render/tests/TestTable.java:[337,29] <identifier> expected
[ERROR] /workspaces/xxxx/code_cure_agent/cca_workspace/java-ascii-render/ascii-render/src/test/java/com/indvd00m/ascii/render/tests/TestTable.java:[337,30] illegal start of type
[ERROR] /workspaces/xxxx/code_cure_agent/cca_workspace/java-ascii-render/ascii-render/src/test/java/com/indvd00m/ascii/render/tests/TestTable.java:[338,29] <identifier> expected
[ERROR] /workspaces/xxxx/code_cure_agent/cca_workspace/java-ascii-render/ascii-render/src/test/java/com/indvd00m/ascii/render/tests/TestTable.java:[338,30] illegal start of type
[ERROR] /workspaces/xxxx/code_cure_agent/cca_workspace/java-ascii-render/ascii-render/src/test/java/com/indvd00m/ascii/render/tests/TestTable.java:[339,29] <identifier> expected
[ERROR] /workspaces/xxxx/code_cure_agent/cca_workspace/java-ascii-render/ascii-render/src/test/java/com/indvd00m/ascii/render/tests/TestTable.java:[339,30] illegal start of type
[ERROR] /workspaces/xxxx/code_cure_agent/cca_workspace/java-ascii-render/ascii-render/src/test/java/com/indvd00m/ascii/render/tests/TestTable.java:[341,17] invalid method declaration; return type required
[ERROR] /workspaces/xxxx/code_cure_agent/cca_workspace/java-ascii-render/ascii-render/src/test/java/com/indvd00m/ascii/render/tests/TestTable.java:[341,30] illegal start of type
[ERROR] /workspaces/xxxx/code_cure_agent/cca_workspace/java-ascii-render/ascii-render/src/test/java/com/indvd00m/ascii/render/tests/TestTable.java:[343,33] <identifier> expected
[ERROR] /workspaces/xxxx/code_cure_agent/cca_workspace/java-ascii-render/ascii-render/src/test/java/com/indvd00m/ascii/render/tests/TestTable.java:[344,33] <identifier> expected
[ERROR] /workspaces/xxxx/code_cure_agent/cca_workspace/java-ascii-render/ascii-render/src/test/java/com/indvd00m/ascii/render/tests/TestTable.java:[345,33] <identifier> expected
[ERROR] /workspaces/xxxx/code_cure_agent/cca_workspace/java-ascii-render/ascii-render/src/test/java/com/indvd00m/ascii/render/tests/TestTable.java:[346,33] <identifier> expected
[ERROR] /workspaces/xxxx/code_cure_agent/cca_workspace/java-ascii-render/ascii-render/src/test/java/com/indvd00m/ascii/render/tests/TestTable.java:[347,33] <identifier> expected
[ERROR] /workspaces/xxxx/code_cure_agent/cca_workspace/java-ascii-render/ascii-render/src/test/java/com/indvd00m/ascii/render/tests/TestTable.java:[348,33] <identifier> expected
[ERROR] /workspaces/xxxx/code_cure_agent/cca_workspace/java-ascii-render/ascii-render/src/test/java/com/indvd00m/ascii/render/tests/TestTable.java:[349,31] <identifier> expected
[ERROR] /workspaces/xxxx/code_cure_agent/cca_workspace/java-ascii-render/ascii-render/src/test/java/com/indvd00m/ascii/render/tests/TestTable.java:[350,35] <identifier> expected
[ERROR] /workspaces/xxxx/code_cure_agent/cca_workspace/java-ascii-render/ascii-render/src/test/java/com/indvd00m/ascii/render/tests/TestTable.java:[350,50] <identifier> expected
[ERROR] /workspaces/xxxx/code_cure_agent/cca_workspace/java-ascii-render/ascii-render/src/test/java/com/indvd00m/ascii/render/tests/TestTable.java:[351,17] invalid method declaration; return type required
[ERROR] /workspaces/xxxx/code_cure_agent/cca_workspace/java-ascii-render/ascii-render/src/test/java/com/indvd00m/ascii/render/tests/TestTable.java:[351,31] <identifier> expected
[ERROR] /workspaces/xxxx/code_cure_agent/cca_workspace/java-ascii-render/ascii-render/src/test/java/com/indvd00m/ascii/render/tests/TestTable.java:[351,47] <identifier> expected
[ERROR] /workspaces/xxxx/code_cure_agent/cca_workspace/java-ascii-render/ascii-render/src/test/java/com/indvd00m/ascii/render/tests/TestTable.java:[355,16] class, interface, or enum expected
[ERROR] /workspaces/xxxx/code_cure_agent/cca_workspace/java-ascii-render/ascii-render/src/test/java/com/indvd00m/ascii/render/tests/TestTable.java:[356,55] <identifier> expected
[ERROR] /workspaces/xxxx/code_cure_agent/cca_workspace/java-ascii-render/ascii-render/src/test/java/com/indvd00m/ascii/render/tests/TestTable.java:[359,29] <identifier> expected
[ERROR] /workspaces/xxxx/code_cure_agent/cca_workspace/java-ascii-render/ascii-render/src/test/java/com/indvd00m/ascii/render/tests/TestTable.java:[359,30] illegal start of type
[ERROR] /workspaces/xxxx/code_cure_agent/cca_workspace/java-ascii-render/ascii-render/src/test/java/com/indvd00m/ascii/render/tests/TestTable.java:[360,29] <identifier> expected
[ERROR] /workspaces/xxxx/code_cure_agent/cca_workspace/java-ascii-render/ascii-render/src/test/java/com/indvd00m/ascii/render/tests/TestTable.java:[360,30] illegal start of type
[ERROR] /workspaces/xxxx/code_cure_agent/cca_workspace/java-ascii-render/ascii-render/src/test/java/com/indvd00m/ascii/render/tests/TestTable.java:[361,29] <identifier> expected
[ERROR] /workspaces/xxxx/code_cure_agent/cca_workspace/java-ascii-render/ascii-render/src/test/java/com/indvd00m/ascii/render/tests/TestTable.java:[361,30] illegal start of type
[ERROR] /workspaces/xxxx/code_cure_agent/cca_workspace/java-ascii-render/ascii-render/src/test/java/com/indvd00m/ascii/render/tests/TestTable.java:[362,29] <identifier> expected
[ERROR] /workspaces/xxxx/code_cure_agent/cca_workspace/java-ascii-render/ascii-render/src/test/java/com/indvd00m/ascii/render/tests/TestTable.java:[362,30] illegal start of type
[ERROR] /workspaces/xxxx/code_cure_agent/cca_workspace/java-ascii-render/ascii-render/src/test/java/com/indvd00m/ascii/render/tests/TestTable.java:[363,29] <identifier> expected
[ERROR] /workspaces/xxxx/code_cure_agent/cca_workspace/java-ascii-render/ascii-render/src/test/java/com/indvd00m/ascii/render/tests/TestTable.java:[363,30] illegal start of type
[ERROR] /workspaces/xxxx/code_cure_agent/cca_workspace/java-ascii-render/ascii-render/src/test/java/com/indvd00m/ascii/render/tests/TestTable.java:[364,29] <identifier> expected
[ERROR] /workspaces/xxxx/code_cure_agent/cca_workspace/java-ascii-render/ascii-render/src/test/java/com/indvd00m/ascii/render/tests/TestTable.java:[364,30] illegal start of type
[ERROR] /workspaces/xxxx/code_cure_agent/cca_workspace/java-ascii-render/ascii-render/src/test/java/com/indvd00m/ascii/render/tests/TestTable.java:[365,29] <identifier> expected
[ERROR] /workspaces/xxxx/code_cure_agent/cca_workspace/java-ascii-render/ascii-render/src/test/java/com/indvd00m/ascii/render/tests/TestTable.java:[365,30] illegal start of type
[ERROR] /workspaces/xxxx/code_cure_agent/cca_workspace/java-ascii-render/ascii-render/src/test/java/com/indvd00m/ascii/render/tests/TestTable.java:[366,29] <identifier> expected
[ERROR] /workspaces/xxxx/code_cure_agent/cca_workspace/java-ascii-render/ascii-render/src/test/java/com/indvd00m/ascii/render/tests/TestTable.java:[366,30] illegal start of type
[ERROR] /workspaces/xxxx/code_cure_agent/cca_workspace/java-ascii-render/ascii-render/src/test/java/com/indvd00m/ascii/render/tests/TestTable.java:[367,29] <identifier> expected
[ERROR] /workspaces/xxxx/code_cure_agent/cca_workspace/java-ascii-render/ascii-render/src/test/java/com/indvd00m/ascii/render/tests/TestTable.java:[367,30] illegal start of type
[ERROR] /workspaces/xxxx/code_cure_agent/cca_workspace/java-ascii-render/ascii-render/src/test/java/com/indvd00m/ascii/render/tests/TestTable.java:[369,17] invalid method declaration; return type required
[ERROR] /workspaces/xxxx/code_cure_agent/cca_workspace/java-ascii-render/ascii-render/src/test/java/com/indvd00m/ascii/render/tests/TestTable.java:[369,30] illegal start of type
[ERROR] /workspaces/xxxx/code_cure_agent/cca_workspace/java-ascii-render/ascii-render/src/test/java/com/indvd00m/ascii/render/tests/TestTable.java:[371,36] <identifier> expected
[ERROR] /workspaces/xxxx/code_cure_agent/cca_workspace/java-ascii-render/ascii-render/src/test/java/com/indvd00m/ascii/render/tests/TestTable.java:[372,36] <identifier> expected
[ERROR] /workspaces/xxxx/code_cure_agent/cca_workspace/java-ascii-render/ascii-render/src/test/java/com/indvd00m/ascii/render/tests/TestTable.java:[373,36] <identifier> expected
[ERROR] /workspaces/xxxx/code_cure_agent/cca_workspace/java-ascii-render/ascii-render/src/test/java/com/indvd00m/ascii/render/tests/TestTable.java:[374,36] <identifier> expected
[ERROR] /workspaces/xxxx/code_cure_agent/cca_workspace/java-ascii-render/ascii-render/src/test/java/com/indvd00m/ascii/render/tests/TestTable.java:[375,36] <identifier> expected
[ERROR] /workspaces/xxxx/code_cure_agent/cca_workspace/java-ascii-render/ascii-render/src/test/java/com/indvd00m/ascii/render/tests/TestTable.java:[376,36] <identifier> expected
[ERROR] /workspaces/xxxx/code_cure_agent/cca_workspace/java-ascii-render/ascii-render/src/test/java/com/indvd00m/ascii/render/tests/TestTable.java:[377,36] <identifier> expected
[ERROR] -> [Help 1]
[ERROR] 
[ERROR] To see the full stack trace of the errors, re-run Maven with the -e switch.
[ERROR] Re-run Maven using the -X switch to enable full debug logging.
[ERROR] 
[ERROR] For more information about the errors and possible solutions, please read the following articles:
[ERROR] [Help 1] http://cwiki.apache.org/confluence/display/MAVEN/MojoFailureException
[ERROR] 
[ERROR] After correcting the problems, you can resume the build with the command
[ERROR]   mvn <args> -rf :ascii-render
