[INFO] Scanning for projects...
[INFO] ------------------------------------------------------------------------
[INFO] Reactor Build Order:
[INFO] 
[INFO] Wikidata Toolkit                                                   [pom]
[INFO] Wikidata Toolkit Utilities                                         [jar]
[INFO] Wikidata Toolkit Testing Utilities                                 [jar]
[INFO] Wikidata Toolkit Data Model                                        [jar]
[INFO] Wikidata Toolkit Storage                                           [jar]
[INFO] Wikidata Toolkit Dump File Handling                                [jar]
[INFO] Wikidata Toolkit Wikibase API                                      [jar]
[INFO] Wikidata Toolkit RDF                                               [jar]
[INFO] Wikidata Toolkit Examples                                          [jar]
[INFO] Wikidata Toolkit Distribution                                      [jar]
[INFO] 
[INFO] -------------------< org.wikidata.wdtk:wdtk-parent >--------------------
[INFO] Building Wikidata Toolkit 0.11.1                                  [1/10]
[INFO] --------------------------------[ pom ]---------------------------------
[INFO] 
[INFO] --- maven-clean-plugin:2.5:clean (default-clean) @ wdtk-parent ---
[INFO] 
[INFO] --- jacoco-maven-plugin:0.8.4:prepare-agent (prepare-agent) @ wdtk-parent ---
[INFO] argLine set to -javaagent:/home/vscode/.m2/repository/org/jacoco/org.jacoco.agent/0.8.4/org.jacoco.agent-0.8.4-runtime.jar=destfile=/workspaces/xxxx/code_cure_agent/cca_workspace/Wikidata-Toolkit/target/jacoco.exec
[INFO] 
[INFO] --- license-maven-plugin:1.20:update-file-header (first) @ wdtk-parent ---
[WARNING] No file to scan.
[INFO] 
[INFO] 
[INFO] --- license-maven-plugin:1.20:update-project-license (first) @ wdtk-parent ---
[INFO] 
[INFO] --------------------< org.wikidata.wdtk:wdtk-util >---------------------
[INFO] Building Wikidata Toolkit Utilities 0.11.1                        [2/10]
[INFO] --------------------------------[ jar ]---------------------------------
[INFO] 
[INFO] --- maven-clean-plugin:2.5:clean (default-clean) @ wdtk-util ---
[INFO] Deleting /workspaces/xxxx/code_cure_agent/cca_workspace/Wikidata-Toolkit/wdtk-util/target
[INFO] 
[INFO] --- jacoco-maven-plugin:0.8.4:prepare-agent (prepare-agent) @ wdtk-util ---
[INFO] argLine set to -javaagent:/home/vscode/.m2/repository/org/jacoco/org.jacoco.agent/0.8.4/org.jacoco.agent-0.8.4-runtime.jar=destfile=/workspaces/xxxx/code_cure_agent/cca_workspace/Wikidata-Toolkit/wdtk-util/target/jacoco.exec
[INFO] 
[INFO] --- license-maven-plugin:1.20:update-file-header (first) @ wdtk-util ---
[INFO] Will search files to update from root /workspaces/xxxx/code_cure_agent/cca_workspace/Wikidata-Toolkit/wdtk-util/src/main/java
[INFO] Will search files to update from root /workspaces/xxxx/code_cure_agent/cca_workspace/Wikidata-Toolkit/wdtk-util/src/test/java
[INFO] Scan 14 files header done in 32.444ms.
[INFO] All files are up-to-date.
[INFO] 
[INFO] --- license-maven-plugin:1.20:update-project-license (first) @ wdtk-util ---
[INFO] 
[INFO] --- maven-resources-plugin:2.6:resources (default-resources) @ wdtk-util ---
[INFO] Using 'UTF-8' encoding to copy filtered resources.
[INFO] skip non existing resourceDirectory /workspaces/xxxx/code_cure_agent/cca_workspace/Wikidata-Toolkit/wdtk-util/src/main/resources
[INFO] Copying 1 resource
[INFO] 
[INFO] --- maven-compiler-plugin:3.8.0:compile (default-compile) @ wdtk-util ---
[INFO] Changes detected - recompiling the module!
[INFO] Compiling 9 source files to /workspaces/xxxx/code_cure_agent/cca_workspace/Wikidata-Toolkit/wdtk-util/target/classes
[INFO] 
[INFO] --- maven-resources-plugin:2.6:testResources (default-testResources) @ wdtk-util ---
[INFO] Using 'UTF-8' encoding to copy filtered resources.
[INFO] skip non existing resourceDirectory /workspaces/xxxx/code_cure_agent/cca_workspace/Wikidata-Toolkit/wdtk-util/src/test/resources
[INFO] 
[INFO] --- maven-compiler-plugin:3.8.0:testCompile (default-testCompile) @ wdtk-util ---
[INFO] Changes detected - recompiling the module!
[INFO] Compiling 5 source files to /workspaces/xxxx/code_cure_agent/cca_workspace/Wikidata-Toolkit/wdtk-util/target/test-classes
[INFO] 
[INFO] --- maven-surefire-plugin:2.12.4:test (default-test) @ wdtk-util ---
[INFO] Tests are skipped.
[INFO] 
[INFO] --- maven-jar-plugin:2.4:jar (default-jar) @ wdtk-util ---
[INFO] Building jar: /workspaces/xxxx/code_cure_agent/cca_workspace/Wikidata-Toolkit/wdtk-util/target/wdtk-util-0.11.1.jar
[INFO] 
[INFO] -------------------< org.wikidata.wdtk:wdtk-testing >-------------------
[INFO] Building Wikidata Toolkit Testing Utilities 0.11.1                [3/10]
[INFO] --------------------------------[ jar ]---------------------------------
[INFO] 
[INFO] --- maven-clean-plugin:2.5:clean (default-clean) @ wdtk-testing ---
[INFO] Deleting /workspaces/xxxx/code_cure_agent/cca_workspace/Wikidata-Toolkit/wdtk-testing/target
[INFO] 
[INFO] --- jacoco-maven-plugin:0.8.4:prepare-agent (prepare-agent) @ wdtk-testing ---
[INFO] argLine set to -javaagent:/home/vscode/.m2/repository/org/jacoco/org.jacoco.agent/0.8.4/org.jacoco.agent-0.8.4-runtime.jar=destfile=/workspaces/xxxx/code_cure_agent/cca_workspace/Wikidata-Toolkit/wdtk-testing/target/jacoco.exec
[INFO] 
[INFO] --- license-maven-plugin:1.20:update-file-header (first) @ wdtk-testing ---
[INFO] Will search files to update from root /workspaces/xxxx/code_cure_agent/cca_workspace/Wikidata-Toolkit/wdtk-testing/src/main/java
[INFO] Will search files to update from root /workspaces/xxxx/code_cure_agent/cca_workspace/Wikidata-Toolkit/wdtk-testing/src/test/java
[INFO] Scan 7 files header done in 7.775ms.
[INFO] All files are up-to-date.
[INFO] 
[INFO] --- license-maven-plugin:1.20:update-project-license (first) @ wdtk-testing ---
[INFO] 
[INFO] --- maven-resources-plugin:2.6:resources (default-resources) @ wdtk-testing ---
[INFO] Using 'UTF-8' encoding to copy filtered resources.
[INFO] skip non existing resourceDirectory /workspaces/xxxx/code_cure_agent/cca_workspace/Wikidata-Toolkit/wdtk-testing/src/main/resources
[INFO] Copying 1 resource
[INFO] 
[INFO] --- maven-compiler-plugin:3.8.0:compile (default-compile) @ wdtk-testing ---
[INFO] Changes detected - recompiling the module!
[INFO] Compiling 5 source files to /workspaces/xxxx/code_cure_agent/cca_workspace/Wikidata-Toolkit/wdtk-testing/target/classes
[INFO] 
[INFO] --- maven-resources-plugin:2.6:testResources (default-testResources) @ wdtk-testing ---
[INFO] Using 'UTF-8' encoding to copy filtered resources.
[INFO] Copying 1 resource
[INFO] 
[INFO] --- maven-compiler-plugin:3.8.0:testCompile (default-testCompile) @ wdtk-testing ---
[INFO] Changes detected - recompiling the module!
[INFO] Compiling 2 source files to /workspaces/xxxx/code_cure_agent/cca_workspace/Wikidata-Toolkit/wdtk-testing/target/test-classes
[INFO] 
[INFO] --- maven-surefire-plugin:2.12.4:test (default-test) @ wdtk-testing ---
[INFO] Tests are skipped.
[INFO] 
[INFO] --- maven-jar-plugin:2.4:jar (default-jar) @ wdtk-testing ---
[INFO] Building jar: /workspaces/xxxx/code_cure_agent/cca_workspace/Wikidata-Toolkit/wdtk-testing/target/wdtk-testing-0.11.1.jar
[INFO] 
[INFO] ------------------< org.wikidata.wdtk:wdtk-datamodel >------------------
[INFO] Building Wikidata Toolkit Data Model 0.11.1                       [4/10]
[INFO] --------------------------------[ jar ]---------------------------------
[INFO] 
[INFO] --- maven-clean-plugin:2.5:clean (default-clean) @ wdtk-datamodel ---
[INFO] Deleting /workspaces/xxxx/code_cure_agent/cca_workspace/Wikidata-Toolkit/wdtk-datamodel/target
[INFO] 
[INFO] --- jacoco-maven-plugin:0.8.4:prepare-agent (prepare-agent) @ wdtk-datamodel ---
[INFO] argLine set to -javaagent:/home/vscode/.m2/repository/org/jacoco/org.jacoco.agent/0.8.4/org.jacoco.agent-0.8.4-runtime.jar=destfile=/workspaces/xxxx/code_cure_agent/cca_workspace/Wikidata-Toolkit/wdtk-datamodel/target/jacoco.exec
[INFO] 
[INFO] --- license-maven-plugin:1.20:update-file-header (first) @ wdtk-datamodel ---
[INFO] Will search files to update from root /workspaces/xxxx/code_cure_agent/cca_workspace/Wikidata-Toolkit/wdtk-datamodel/src/main/java
[INFO] Will search files to update from root /workspaces/xxxx/code_cure_agent/cca_workspace/Wikidata-Toolkit/wdtk-datamodel/src/test/java
[INFO] Scan 159 files header done in 178.392ms.
[INFO] All files are up-to-date.
[INFO] 
[INFO] --- license-maven-plugin:1.20:update-project-license (first) @ wdtk-datamodel ---
[INFO] 
[INFO] --- maven-resources-plugin:2.6:resources (default-resources) @ wdtk-datamodel ---
[INFO] Using 'UTF-8' encoding to copy filtered resources.
[INFO] skip non existing resourceDirectory /workspaces/xxxx/code_cure_agent/cca_workspace/Wikidata-Toolkit/wdtk-datamodel/src/main/resources
[INFO] Copying 1 resource
[INFO] 
[INFO] --- maven-compiler-plugin:3.8.0:compile (default-compile) @ wdtk-datamodel ---
[INFO] Changes detected - recompiling the module!
[INFO] Compiling 110 source files to /workspaces/xxxx/code_cure_agent/cca_workspace/Wikidata-Toolkit/wdtk-datamodel/target/classes
[INFO] /workspaces/xxxx/code_cure_agent/cca_workspace/Wikidata-Toolkit/wdtk-datamodel/src/main/java/org/wikidata/wdtk/datamodel/interfaces/ValueSnak.java: Some input files use or override a deprecated API.
[INFO] /workspaces/xxxx/code_cure_agent/cca_workspace/Wikidata-Toolkit/wdtk-datamodel/src/main/java/org/wikidata/wdtk/datamodel/interfaces/ValueSnak.java: Recompile with -Xlint:deprecation for details.
[INFO] 
[INFO] --- maven-resources-plugin:2.6:testResources (default-testResources) @ wdtk-datamodel ---
[INFO] Using 'UTF-8' encoding to copy filtered resources.
[INFO] Copying 4 resources
[INFO] 
[INFO] --- maven-compiler-plugin:3.8.0:testCompile (default-testCompile) @ wdtk-datamodel ---
[INFO] Changes detected - recompiling the module!
[INFO] Compiling 49 source files to /workspaces/xxxx/code_cure_agent/cca_workspace/Wikidata-Toolkit/wdtk-datamodel/target/test-classes
[INFO] /workspaces/xxxx/code_cure_agent/cca_workspace/Wikidata-Toolkit/wdtk-datamodel/src/test/java/org/wikidata/wdtk/datamodel/helpers/JsonSerializerTest.java: Some input files use or override a deprecated API.
[INFO] /workspaces/xxxx/code_cure_agent/cca_workspace/Wikidata-Toolkit/wdtk-datamodel/src/test/java/org/wikidata/wdtk/datamodel/helpers/JsonSerializerTest.java: Recompile with -Xlint:deprecation for details.
[INFO] -------------------------------------------------------------
[ERROR] COMPILATION ERROR : 
[INFO] -------------------------------------------------------------
[ERROR] /workspaces/xxxx/code_cure_agent/cca_workspace/Wikidata-Toolkit/wdtk-datamodel/src/test/java/org/wikidata/wdtk/datamodel/helpers/FilterCopyTest.java:[68,35] cannot find symbol
  symbol:   method setOptionLanguageFilter(java.util.Set<java.lang.Object>)
  location: variable datamodelConverter of type org.wikidata.wdtk.datamodel.helpers.DatamodelConverter
[ERROR] /workspaces/xxxx/code_cure_agent/cca_workspace/Wikidata-Toolkit/wdtk-datamodel/src/test/java/org/wikidata/wdtk/datamodel/helpers/FilterCopyTest.java:[93,35] cannot find symbol
  symbol:   method setOptionDeepCopy(boolean)
  location: variable datamodelConverter of type org.wikidata.wdtk.datamodel.helpers.DatamodelConverter
[ERROR] /workspaces/xxxx/code_cure_agent/cca_workspace/Wikidata-Toolkit/wdtk-datamodel/src/test/java/org/wikidata/wdtk/datamodel/helpers/FilterCopyTest.java:[106,35] cannot find symbol
  symbol:   method setOptionLanguageFilter(java.util.Set<java.lang.String>)
  location: variable datamodelConverter of type org.wikidata.wdtk.datamodel.helpers.DatamodelConverter
[ERROR] /workspaces/xxxx/code_cure_agent/cca_workspace/Wikidata-Toolkit/wdtk-datamodel/src/test/java/org/wikidata/wdtk/datamodel/helpers/FilterCopyTest.java:[146,51] cannot find symbol
  symbol:   method getOptionLanguageFilter()
  location: variable datamodelConverter of type org.wikidata.wdtk.datamodel.helpers.DatamodelConverter
[ERROR] /workspaces/xxxx/code_cure_agent/cca_workspace/Wikidata-Toolkit/wdtk-datamodel/src/test/java/org/wikidata/wdtk/datamodel/helpers/FilterCopyTest.java:[150,35] cannot find symbol
  symbol:   method setOptionDeepCopy(boolean)
  location: variable datamodelConverter of type org.wikidata.wdtk.datamodel.helpers.DatamodelConverter
[ERROR] /workspaces/xxxx/code_cure_agent/cca_workspace/Wikidata-Toolkit/wdtk-datamodel/src/test/java/org/wikidata/wdtk/datamodel/helpers/FilterCopyTest.java:[188,35] cannot find symbol
  symbol:   method setOptionPropertyFilter(java.util.Set<org.wikidata.wdtk.datamodel.interfaces.PropertyIdValue>)
  location: variable datamodelConverter of type org.wikidata.wdtk.datamodel.helpers.DatamodelConverter
[ERROR] /workspaces/xxxx/code_cure_agent/cca_workspace/Wikidata-Toolkit/wdtk-datamodel/src/test/java/org/wikidata/wdtk/datamodel/helpers/FilterCopyTest.java:[216,51] cannot find symbol
  symbol:   method getOptionPropertyFilter()
  location: variable datamodelConverter of type org.wikidata.wdtk.datamodel.helpers.DatamodelConverter
[ERROR] /workspaces/xxxx/code_cure_agent/cca_workspace/Wikidata-Toolkit/wdtk-datamodel/src/test/java/org/wikidata/wdtk/datamodel/helpers/FilterCopyTest.java:[220,35] cannot find symbol
  symbol:   method setOptionDeepCopy(boolean)
  location: variable datamodelConverter of type org.wikidata.wdtk.datamodel.helpers.DatamodelConverter
[ERROR] /workspaces/xxxx/code_cure_agent/cca_workspace/Wikidata-Toolkit/wdtk-datamodel/src/test/java/org/wikidata/wdtk/datamodel/helpers/FilterCopyTest.java:[234,35] cannot find symbol
  symbol:   method setOptionPropertyFilter(java.util.Set<java.lang.Object>)
  location: variable datamodelConverter of type org.wikidata.wdtk.datamodel.helpers.DatamodelConverter
[ERROR] /workspaces/xxxx/code_cure_agent/cca_workspace/Wikidata-Toolkit/wdtk-datamodel/src/test/java/org/wikidata/wdtk/datamodel/helpers/FilterCopyTest.java:[255,35] cannot find symbol
  symbol:   method setOptionDeepCopy(boolean)
  location: variable datamodelConverter of type org.wikidata.wdtk.datamodel.helpers.DatamodelConverter
[ERROR] /workspaces/xxxx/code_cure_agent/cca_workspace/Wikidata-Toolkit/wdtk-datamodel/src/test/java/org/wikidata/wdtk/datamodel/helpers/FilterCopyTest.java:[277,35] cannot find symbol
  symbol:   method setOptionSiteLinkFilter(java.util.Set<java.lang.String>)
  location: variable datamodelConverter of type org.wikidata.wdtk.datamodel.helpers.DatamodelConverter
[ERROR] /workspaces/xxxx/code_cure_agent/cca_workspace/Wikidata-Toolkit/wdtk-datamodel/src/test/java/org/wikidata/wdtk/datamodel/helpers/FilterCopyTest.java:[304,51] cannot find symbol
  symbol:   method getOptionSiteLinkFilter()
  location: variable datamodelConverter of type org.wikidata.wdtk.datamodel.helpers.DatamodelConverter
[ERROR] /workspaces/xxxx/code_cure_agent/cca_workspace/Wikidata-Toolkit/wdtk-datamodel/src/test/java/org/wikidata/wdtk/datamodel/helpers/FilterCopyTest.java:[308,35] cannot find symbol
  symbol:   method setOptionDeepCopy(boolean)
  location: variable datamodelConverter of type org.wikidata.wdtk.datamodel.helpers.DatamodelConverter
[ERROR] /workspaces/xxxx/code_cure_agent/cca_workspace/Wikidata-Toolkit/wdtk-datamodel/src/test/java/org/wikidata/wdtk/datamodel/helpers/FilterCopyTest.java:[326,35] cannot find symbol
  symbol:   method setOptionSiteLinkFilter(java.util.Set<java.lang.Object>)
  location: variable datamodelConverter of type org.wikidata.wdtk.datamodel.helpers.DatamodelConverter
[ERROR] /workspaces/xxxx/code_cure_agent/cca_workspace/Wikidata-Toolkit/wdtk-datamodel/src/test/java/org/wikidata/wdtk/datamodel/helpers/FilterCopyTest.java:[347,35] cannot find symbol
  symbol:   method setOptionDeepCopy(boolean)
  location: variable datamodelConverter of type org.wikidata.wdtk.datamodel.helpers.DatamodelConverter
[ERROR] /workspaces/xxxx/code_cure_agent/cca_workspace/Wikidata-Toolkit/wdtk-datamodel/src/test/java/org/wikidata/wdtk/datamodel/helpers/FilterCopyTest.java:[356,35] cannot find symbol
  symbol:   method setOptionDeepCopyReferences(boolean)
  location: variable datamodelConverter of type org.wikidata.wdtk.datamodel.helpers.DatamodelConverter
[ERROR] /workspaces/xxxx/code_cure_agent/cca_workspace/Wikidata-Toolkit/wdtk-datamodel/src/test/java/org/wikidata/wdtk/datamodel/helpers/FilterCopyTest.java:[396,47] cannot find symbol
  symbol:   method hasOptionDeepCopyReferences()
  location: variable datamodelConverter of type org.wikidata.wdtk.datamodel.helpers.DatamodelConverter
[INFO] 17 errors 
[INFO] -------------------------------------------------------------
[INFO] ------------------------------------------------------------------------
[INFO] Reactor Summary for Wikidata Toolkit 0.11.1:
[INFO] 
[INFO] Wikidata Toolkit ................................... SUCCESS [  1.042 s]
[INFO] Wikidata Toolkit Utilities ......................... SUCCESS [  1.257 s]
[INFO] Wikidata Toolkit Testing Utilities ................. SUCCESS [  0.210 s]
[INFO] Wikidata Toolkit Data Model ........................ FAILURE [  1.734 s]
[INFO] Wikidata Toolkit Storage ........................... SKIPPED
[INFO] Wikidata Toolkit Dump File Handling ................ SKIPPED
[INFO] Wikidata Toolkit Wikibase API ...................... SKIPPED
[INFO] Wikidata Toolkit RDF ............................... SKIPPED
[INFO] Wikidata Toolkit Examples .......................... SKIPPED
[INFO] Wikidata Toolkit Distribution ...................... SKIPPED
[INFO] ------------------------------------------------------------------------
[INFO] BUILD FAILURE
[INFO] ------------------------------------------------------------------------
[INFO] Total time:  4.374 s
[INFO] Finished at: 2025-08-20T18:38:27Z
[INFO] ------------------------------------------------------------------------
[ERROR] Failed to execute goal org.apache.maven.plugins:maven-compiler-plugin:3.8.0:testCompile (default-testCompile) on project wdtk-datamodel: Compilation failure: Compilation failure: 
[ERROR] /workspaces/xxxx/code_cure_agent/cca_workspace/Wikidata-Toolkit/wdtk-datamodel/src/test/java/org/wikidata/wdtk/datamodel/helpers/FilterCopyTest.java:[68,35] cannot find symbol
[ERROR]   symbol:   method setOptionLanguageFilter(java.util.Set<java.lang.Object>)
[ERROR]   location: variable datamodelConverter of type org.wikidata.wdtk.datamodel.helpers.DatamodelConverter
[ERROR] /workspaces/xxxx/code_cure_agent/cca_workspace/Wikidata-Toolkit/wdtk-datamodel/src/test/java/org/wikidata/wdtk/datamodel/helpers/FilterCopyTest.java:[93,35] cannot find symbol
[ERROR]   symbol:   method setOptionDeepCopy(boolean)
[ERROR]   location: variable datamodelConverter of type org.wikidata.wdtk.datamodel.helpers.DatamodelConverter
[ERROR] /workspaces/xxxx/code_cure_agent/cca_workspace/Wikidata-Toolkit/wdtk-datamodel/src/test/java/org/wikidata/wdtk/datamodel/helpers/FilterCopyTest.java:[106,35] cannot find symbol
[ERROR]   symbol:   method setOptionLanguageFilter(java.util.Set<java.lang.String>)
[ERROR]   location: variable datamodelConverter of type org.wikidata.wdtk.datamodel.helpers.DatamodelConverter
[ERROR] /workspaces/xxxx/code_cure_agent/cca_workspace/Wikidata-Toolkit/wdtk-datamodel/src/test/java/org/wikidata/wdtk/datamodel/helpers/FilterCopyTest.java:[146,51] cannot find symbol
[ERROR]   symbol:   method getOptionLanguageFilter()
[ERROR]   location: variable datamodelConverter of type org.wikidata.wdtk.datamodel.helpers.DatamodelConverter
[ERROR] /workspaces/xxxx/code_cure_agent/cca_workspace/Wikidata-Toolkit/wdtk-datamodel/src/test/java/org/wikidata/wdtk/datamodel/helpers/FilterCopyTest.java:[150,35] cannot find symbol
[ERROR]   symbol:   method setOptionDeepCopy(boolean)
[ERROR]   location: variable datamodelConverter of type org.wikidata.wdtk.datamodel.helpers.DatamodelConverter
[ERROR] /workspaces/xxxx/code_cure_agent/cca_workspace/Wikidata-Toolkit/wdtk-datamodel/src/test/java/org/wikidata/wdtk/datamodel/helpers/FilterCopyTest.java:[188,35] cannot find symbol
[ERROR]   symbol:   method setOptionPropertyFilter(java.util.Set<org.wikidata.wdtk.datamodel.interfaces.PropertyIdValue>)
[ERROR]   location: variable datamodelConverter of type org.wikidata.wdtk.datamodel.helpers.DatamodelConverter
[ERROR] /workspaces/xxxx/code_cure_agent/cca_workspace/Wikidata-Toolkit/wdtk-datamodel/src/test/java/org/wikidata/wdtk/datamodel/helpers/FilterCopyTest.java:[216,51] cannot find symbol
[ERROR]   symbol:   method getOptionPropertyFilter()
[ERROR]   location: variable datamodelConverter of type org.wikidata.wdtk.datamodel.helpers.DatamodelConverter
[ERROR] /workspaces/xxxx/code_cure_agent/cca_workspace/Wikidata-Toolkit/wdtk-datamodel/src/test/java/org/wikidata/wdtk/datamodel/helpers/FilterCopyTest.java:[220,35] cannot find symbol
[ERROR]   symbol:   method setOptionDeepCopy(boolean)
[ERROR]   location: variable datamodelConverter of type org.wikidata.wdtk.datamodel.helpers.DatamodelConverter
[ERROR] /workspaces/xxxx/code_cure_agent/cca_workspace/Wikidata-Toolkit/wdtk-datamodel/src/test/java/org/wikidata/wdtk/datamodel/helpers/FilterCopyTest.java:[234,35] cannot find symbol
[ERROR]   symbol:   method setOptionPropertyFilter(java.util.Set<java.lang.Object>)
[ERROR]   location: variable datamodelConverter of type org.wikidata.wdtk.datamodel.helpers.DatamodelConverter
[ERROR] /workspaces/xxxx/code_cure_agent/cca_workspace/Wikidata-Toolkit/wdtk-datamodel/src/test/java/org/wikidata/wdtk/datamodel/helpers/FilterCopyTest.java:[255,35] cannot find symbol
[ERROR]   symbol:   method setOptionDeepCopy(boolean)
[ERROR]   location: variable datamodelConverter of type org.wikidata.wdtk.datamodel.helpers.DatamodelConverter
[ERROR] /workspaces/xxxx/code_cure_agent/cca_workspace/Wikidata-Toolkit/wdtk-datamodel/src/test/java/org/wikidata/wdtk/datamodel/helpers/FilterCopyTest.java:[277,35] cannot find symbol
[ERROR]   symbol:   method setOptionSiteLinkFilter(java.util.Set<java.lang.String>)
[ERROR]   location: variable datamodelConverter of type org.wikidata.wdtk.datamodel.helpers.DatamodelConverter
[ERROR] /workspaces/xxxx/code_cure_agent/cca_workspace/Wikidata-Toolkit/wdtk-datamodel/src/test/java/org/wikidata/wdtk/datamodel/helpers/FilterCopyTest.java:[304,51] cannot find symbol
[ERROR]   symbol:   method getOptionSiteLinkFilter()
[ERROR]   location: variable datamodelConverter of type org.wikidata.wdtk.datamodel.helpers.DatamodelConverter
[ERROR] /workspaces/xxxx/code_cure_agent/cca_workspace/Wikidata-Toolkit/wdtk-datamodel/src/test/java/org/wikidata/wdtk/datamodel/helpers/FilterCopyTest.java:[308,35] cannot find symbol
[ERROR]   symbol:   method setOptionDeepCopy(boolean)
[ERROR]   location: variable datamodelConverter of type org.wikidata.wdtk.datamodel.helpers.DatamodelConverter
[ERROR] /workspaces/xxxx/code_cure_agent/cca_workspace/Wikidata-Toolkit/wdtk-datamodel/src/test/java/org/wikidata/wdtk/datamodel/helpers/FilterCopyTest.java:[326,35] cannot find symbol
[ERROR]   symbol:   method setOptionSiteLinkFilter(java.util.Set<java.lang.Object>)
[ERROR]   location: variable datamodelConverter of type org.wikidata.wdtk.datamodel.helpers.DatamodelConverter
[ERROR] /workspaces/xxxx/code_cure_agent/cca_workspace/Wikidata-Toolkit/wdtk-datamodel/src/test/java/org/wikidata/wdtk/datamodel/helpers/FilterCopyTest.java:[347,35] cannot find symbol
[ERROR]   symbol:   method setOptionDeepCopy(boolean)
[ERROR]   location: variable datamodelConverter of type org.wikidata.wdtk.datamodel.helpers.DatamodelConverter
[ERROR] /workspaces/xxxx/code_cure_agent/cca_workspace/Wikidata-Toolkit/wdtk-datamodel/src/test/java/org/wikidata/wdtk/datamodel/helpers/FilterCopyTest.java:[356,35] cannot find symbol
[ERROR]   symbol:   method setOptionDeepCopyReferences(boolean)
[ERROR]   location: variable datamodelConverter of type org.wikidata.wdtk.datamodel.helpers.DatamodelConverter
[ERROR] /workspaces/xxxx/code_cure_agent/cca_workspace/Wikidata-Toolkit/wdtk-datamodel/src/test/java/org/wikidata/wdtk/datamodel/helpers/FilterCopyTest.java:[396,47] cannot find symbol
[ERROR]   symbol:   method hasOptionDeepCopyReferences()
[ERROR]   location: variable datamodelConverter of type org.wikidata.wdtk.datamodel.helpers.DatamodelConverter
[ERROR] -> [Help 1]
[ERROR] 
[ERROR] To see the full stack trace of the errors, re-run Maven with the -e switch.
[ERROR] Re-run Maven using the -X switch to enable full debug logging.
[ERROR] 
[ERROR] For more information about the errors and possible solutions, please read the following articles:
[ERROR] [Help 1] http://cwiki.apache.org/confluence/display/MAVEN/MojoFailureException
[ERROR] 
[ERROR] After correcting the problems, you can resume the build with the command
[ERROR]   mvn <args> -rf :wdtk-datamodel
