[INFO] Scanning for projects...
[WARNING] Could not transfer metadata org.codehaus.groovy:groovy-eclipse-batch/maven-metadata.xml from/to codehaus.org (http://repository.codehaus.org): Transfer failed for http://repository.codehaus.org/org/codehaus/groovy/groovy-eclipse-batch/maven-metadata.xml
[WARNING] Could not transfer metadata org.codehaus.groovy:groovy-eclipse-batch/maven-metadata.xml from/to codehaus-snapshots (http://nexus.codehaus.org/snapshots/): Transfer failed for http://nexus.codehaus.org/snapshots/org/codehaus/groovy/groovy-eclipse-batch/maven-metadata.xml
[INFO] ------------------------------------------------------------------------
[INFO] Reactor Build Order:
[INFO] 
[INFO] license-maven-plugin-parent                                        [pom]
[INFO] license-maven-plugin                                      [maven-plugin]
[INFO] license-maven-plugin-git                                           [jar]
[INFO] license-maven-plugin-svn                                           [jar]
[INFO] 
[INFO] ---------------< com.mycila:license-maven-plugin-parent >---------------
[INFO] Building license-maven-plugin-parent 4.0-SNAPSHOT                  [1/4]
[INFO] --------------------------------[ pom ]---------------------------------
[INFO] 
[INFO] --- maven-clean-plugin:2.5:clean (default-clean) @ license-maven-plugin-parent ---
[INFO] Deleting /workspaces/xxxx/code_cure_agent/cca_workspace/license-maven-plugin (includes = [dependency-reduced-pom.xml, dependency-reduced-pom-*.xml], excludes = [])
[INFO] 
[INFO] --- maven-enforcer-plugin:1.1.1:enforce (enforce-maven) @ license-maven-plugin-parent ---
[INFO] 
[INFO] >>> maven-source-plugin:2.2.1:jar (default) > generate-sources @ license-maven-plugin-parent >>>
[INFO] 
[INFO] --- maven-enforcer-plugin:1.1.1:enforce (enforce-maven) @ license-maven-plugin-parent ---
[INFO] 
[INFO] <<< maven-source-plugin:2.2.1:jar (default) < generate-sources @ license-maven-plugin-parent <<<
[INFO] 
[INFO] 
[INFO] --- maven-source-plugin:2.2.1:jar (default) @ license-maven-plugin-parent ---
[INFO] 
[INFO] --- maven-site-plugin:3.9.0:attach-descriptor (attach-descriptor) @ license-maven-plugin-parent ---
[INFO] No site descriptor found: nothing to attach.
[INFO] 
[INFO] ------------------< com.mycila:license-maven-plugin >-------------------
[INFO] Building license-maven-plugin 4.0-SNAPSHOT                         [2/4]
[INFO] ----------------------------[ maven-plugin ]----------------------------
[INFO] 
[INFO] --- maven-clean-plugin:2.5:clean (default-clean) @ license-maven-plugin ---
[INFO] Deleting /workspaces/xxxx/code_cure_agent/cca_workspace/license-maven-plugin/license-maven-plugin/target
[INFO] Deleting /workspaces/xxxx/code_cure_agent/cca_workspace/license-maven-plugin/license-maven-plugin (includes = [dependency-reduced-pom.xml, dependency-reduced-pom-*.xml], excludes = [])
[INFO] 
[INFO] --- maven-enforcer-plugin:1.1.1:enforce (enforce-maven) @ license-maven-plugin ---
[INFO] 
[INFO] --- groovy-eclipse-compiler:2.8.0-01:add-groovy-build-paths (default-add-groovy-build-paths) @ license-maven-plugin ---
[INFO] Adding /src/main/groovy to the list of source folders
[INFO] Adding /src/test/groovy to the list of test source folders
[INFO] 
[INFO] --- maven-plugin-plugin:3.2:helpmojo (generate-helpmojo) @ license-maven-plugin ---
[INFO] Using 'UTF-8' encoding to read mojo metadata.
[INFO] Applying mojo extractor for language: java
[INFO] Mojo extractor for language: java found 0 mojo descriptors.
[INFO] Applying mojo extractor for language: bsh
[INFO] Mojo extractor for language: bsh found 0 mojo descriptors.
[INFO] Applying mojo extractor for language: java-annotations
[INFO] Mojo extractor for language: java-annotations found 0 mojo descriptors.
[INFO] 
[INFO] --- maven-plugin-plugin:3.2:descriptor (default-descriptor) @ license-maven-plugin ---
[INFO] Using 'UTF-8' encoding to read mojo metadata.
[INFO] Applying mojo extractor for language: java
[INFO] Mojo extractor for language: java found 0 mojo descriptors.
[INFO] Applying mojo extractor for language: bsh
[INFO] Mojo extractor for language: bsh found 0 mojo descriptors.
[INFO] Applying mojo extractor for language: java-annotations
[INFO] Mojo extractor for language: java-annotations found 0 mojo descriptors.
[INFO] 
[INFO] --- maven-resources-plugin:2.4.3:resources (default-resources) @ license-maven-plugin ---
[INFO] Using 'UTF-8' encoding to copy filtered resources.
[INFO] Copying 23 resources
[INFO] 
[INFO] --- maven-compiler-plugin:3.8.1:compile (default-compile) @ license-maven-plugin ---
[INFO] Changes detected - recompiling the module!
[INFO] Using Groovy-Eclipse compiler to compile both Java and Groovy files
[INFO] 11 problems (11 errors)
[INFO] -------------------------------------------------------------
[ERROR] COMPILATION ERROR : 
[INFO] -------------------------------------------------------------
[ERROR] /workspaces/xxxx/code_cure_agent/cca_workspace/license-maven-plugin/license-maven-plugin/src/main/java/com/mycila/maven/plugin/license/AbstractLicenseMojo.java:[410,5] 
1. ERROR in /workspaces/xxxx/code_cure_agent/cca_workspace/license-maven-plugin/license-maven-plugin/src/main/java/com/mycila/maven/plugin/license/AbstractLicenseMojo.java (at line 410)
	if (legacyConfigHeader == null && (this.legacyConfigInlineHeader == null || this.legacyConfigInlineHeader.isEmpty())) {
	    ^^^^^^^^^^^^^^^^^^
legacyConfigHeader cannot be resolved to a variable
[ERROR] /workspaces/xxxx/code_cure_agent/cca_workspace/license-maven-plugin/license-maven-plugin/src/main/java/com/mycila/maven/plugin/license/AbstractLicenseMojo.java:[410,41] 
2. ERROR in /workspaces/xxxx/code_cure_agent/cca_workspace/license-maven-plugin/license-maven-plugin/src/main/java/com/mycila/maven/plugin/license/AbstractLicenseMojo.java (at line 410)
	if (legacyConfigHeader == null && (this.legacyConfigInlineHeader == null || this.legacyConfigInlineHeader.isEmpty())) {
	                                        ^^^^^^^^^^^^^^^^^^^^^^^^
legacyConfigInlineHeader cannot be resolved or is not a field
[ERROR] /workspaces/xxxx/code_cure_agent/cca_workspace/license-maven-plugin/license-maven-plugin/src/main/java/com/mycila/maven/plugin/license/AbstractLicenseMojo.java:[410,82] 
3. ERROR in /workspaces/xxxx/code_cure_agent/cca_workspace/license-maven-plugin/license-maven-plugin/src/main/java/com/mycila/maven/plugin/license/AbstractLicenseMojo.java (at line 410)
	if (legacyConfigHeader == null && (this.legacyConfigInlineHeader == null || this.legacyConfigInlineHeader.isEmpty())) {
	                                                                                 ^^^^^^^^^^^^^^^^^^^^^^^^
legacyConfigInlineHeader cannot be resolved or is not a field
[ERROR] /workspaces/xxxx/code_cure_agent/cca_workspace/license-maven-plugin/license-maven-plugin/src/main/java/com/mycila/maven/plugin/license/AbstractLicenseMojo.java:[415,27] 
4. ERROR in /workspaces/xxxx/code_cure_agent/cca_workspace/license-maven-plugin/license-maven-plugin/src/main/java/com/mycila/maven/plugin/license/AbstractLicenseMojo.java (at line 415)
	legacyLicenseSet.header = legacyConfigHeader;
	                          ^^^^^^^^^^^^^^^^^^
legacyConfigHeader cannot be resolved to a variable
[ERROR] /workspaces/xxxx/code_cure_agent/cca_workspace/license-maven-plugin/license-maven-plugin/src/main/java/com/mycila/maven/plugin/license/AbstractLicenseMojo.java:[416,33] 
5. ERROR in /workspaces/xxxx/code_cure_agent/cca_workspace/license-maven-plugin/license-maven-plugin/src/main/java/com/mycila/maven/plugin/license/AbstractLicenseMojo.java (at line 416)
	legacyLicenseSet.inlineHeader = legacyConfigInlineHeader;
	                                ^^^^^^^^^^^^^^^^^^^^^^^^
legacyConfigInlineHeader cannot be resolved to a variable
[ERROR] /workspaces/xxxx/code_cure_agent/cca_workspace/license-maven-plugin/license-maven-plugin/src/main/java/com/mycila/maven/plugin/license/AbstractLicenseMojo.java:[417,33] 
6. ERROR in /workspaces/xxxx/code_cure_agent/cca_workspace/license-maven-plugin/license-maven-plugin/src/main/java/com/mycila/maven/plugin/license/AbstractLicenseMojo.java (at line 417)
	legacyLicenseSet.validHeaders = legacyConfigValidHeaders;
	                                ^^^^^^^^^^^^^^^^^^^^^^^^
legacyConfigValidHeaders cannot be resolved to a variable
[ERROR] /workspaces/xxxx/code_cure_agent/cca_workspace/license-maven-plugin/license-maven-plugin/src/main/java/com/mycila/maven/plugin/license/AbstractLicenseMojo.java:[418,26] 
7. ERROR in /workspaces/xxxx/code_cure_agent/cca_workspace/license-maven-plugin/license-maven-plugin/src/main/java/com/mycila/maven/plugin/license/AbstractLicenseMojo.java (at line 418)
	legacyLicenseSet.multi = legacyConfigMulti;
	                         ^^^^^^^^^^^^^^^^^
legacyConfigMulti cannot be resolved to a variable
[ERROR] /workspaces/xxxx/code_cure_agent/cca_workspace/license-maven-plugin/license-maven-plugin/src/main/java/com/mycila/maven/plugin/license/AbstractLicenseMojo.java:[419,35] 
8. ERROR in /workspaces/xxxx/code_cure_agent/cca_workspace/license-maven-plugin/license-maven-plugin/src/main/java/com/mycila/maven/plugin/license/AbstractLicenseMojo.java (at line 419)
	legacyLicenseSet.headerSections = legacyConfigHeaderSections;
	                                  ^^^^^^^^^^^^^^^^^^^^^^^^^^
legacyConfigHeaderSections cannot be resolved to a variable
[ERROR] /workspaces/xxxx/code_cure_agent/cca_workspace/license-maven-plugin/license-maven-plugin/src/main/java/com/mycila/maven/plugin/license/AbstractLicenseMojo.java:[420,29] 
9. ERROR in /workspaces/xxxx/code_cure_agent/cca_workspace/license-maven-plugin/license-maven-plugin/src/main/java/com/mycila/maven/plugin/license/AbstractLicenseMojo.java (at line 420)
	legacyLicenseSet.includes = legacyConfigIncludes;
	                            ^^^^^^^^^^^^^^^^^^^^
legacyConfigIncludes cannot be resolved to a variable
[ERROR] /workspaces/xxxx/code_cure_agent/cca_workspace/license-maven-plugin/license-maven-plugin/src/main/java/com/mycila/maven/plugin/license/AbstractLicenseMojo.java:[421,29] 
10. ERROR in /workspaces/xxxx/code_cure_agent/cca_workspace/license-maven-plugin/license-maven-plugin/src/main/java/com/mycila/maven/plugin/license/AbstractLicenseMojo.java (at line 421)
	legacyLicenseSet.excludes = legacyConfigExcludes;
	                            ^^^^^^^^^^^^^^^^^^^^
legacyConfigExcludes cannot be resolved to a variable
[ERROR] /workspaces/xxxx/code_cure_agent/cca_workspace/license-maven-plugin/license-maven-plugin/src/main/java/com/mycila/maven/plugin/license/AbstractLicenseMojo.java:[422,29] 
11. ERROR in /workspaces/xxxx/code_cure_agent/cca_workspace/license-maven-plugin/license-maven-plugin/src/main/java/com/mycila/maven/plugin/license/AbstractLicenseMojo.java (at line 422)
	legacyLicenseSet.keywords = legacyConfigKeywords;
	                            ^^^^^^^^^^^^^^^^^^^^
legacyConfigKeywords cannot be resolved to a variable
[ERROR] Found 11 errors and 0 warnings.
[INFO] 12 errors 
[INFO] -------------------------------------------------------------
[INFO] ------------------------------------------------------------------------
[INFO] Reactor Summary for license-maven-plugin-parent 4.0-SNAPSHOT:
[INFO] 
[INFO] license-maven-plugin-parent ........................ SUCCESS [  0.812 s]
[INFO] license-maven-plugin ............................... FAILURE [  2.685 s]
[INFO] license-maven-plugin-git ........................... SKIPPED
[INFO] license-maven-plugin-svn ........................... SKIPPED
[INFO] ------------------------------------------------------------------------
[INFO] BUILD FAILURE
[INFO] ------------------------------------------------------------------------
[INFO] Total time:  4.336 s
[INFO] Finished at: 2025-08-30T14:58:27Z
[INFO] ------------------------------------------------------------------------
[ERROR] Failed to execute goal org.apache.maven.plugins:maven-compiler-plugin:3.8.1:compile (default-compile) on project license-maven-plugin: Compilation failure: Compilation failure: 
[ERROR] /workspaces/xxxx/code_cure_agent/cca_workspace/license-maven-plugin/license-maven-plugin/src/main/java/com/mycila/maven/plugin/license/AbstractLicenseMojo.java:[410,5] 
[ERROR] 1. ERROR in /workspaces/xxxx/code_cure_agent/cca_workspace/license-maven-plugin/license-maven-plugin/src/main/java/com/mycila/maven/plugin/license/AbstractLicenseMojo.java (at line 410)
[ERROR] 	if (legacyConfigHeader == null && (this.legacyConfigInlineHeader == null || this.legacyConfigInlineHeader.isEmpty())) {
[ERROR] 	    ^^^^^^^^^^^^^^^^^^
[ERROR] legacyConfigHeader cannot be resolved to a variable
[ERROR] /workspaces/xxxx/code_cure_agent/cca_workspace/license-maven-plugin/license-maven-plugin/src/main/java/com/mycila/maven/plugin/license/AbstractLicenseMojo.java:[410,41] 
[ERROR] 2. ERROR in /workspaces/xxxx/code_cure_agent/cca_workspace/license-maven-plugin/license-maven-plugin/src/main/java/com/mycila/maven/plugin/license/AbstractLicenseMojo.java (at line 410)
[ERROR] 	if (legacyConfigHeader == null && (this.legacyConfigInlineHeader == null || this.legacyConfigInlineHeader.isEmpty())) {
[ERROR] 	                                        ^^^^^^^^^^^^^^^^^^^^^^^^
[ERROR] legacyConfigInlineHeader cannot be resolved or is not a field
[ERROR] /workspaces/xxxx/code_cure_agent/cca_workspace/license-maven-plugin/license-maven-plugin/src/main/java/com/mycila/maven/plugin/license/AbstractLicenseMojo.java:[410,82] 
[ERROR] 3. ERROR in /workspaces/xxxx/code_cure_agent/cca_workspace/license-maven-plugin/license-maven-plugin/src/main/java/com/mycila/maven/plugin/license/AbstractLicenseMojo.java (at line 410)
[ERROR] 	if (legacyConfigHeader == null && (this.legacyConfigInlineHeader == null || this.legacyConfigInlineHeader.isEmpty())) {
[ERROR] 	                                                                                 ^^^^^^^^^^^^^^^^^^^^^^^^
[ERROR] legacyConfigInlineHeader cannot be resolved or is not a field
[ERROR] /workspaces/xxxx/code_cure_agent/cca_workspace/license-maven-plugin/license-maven-plugin/src/main/java/com/mycila/maven/plugin/license/AbstractLicenseMojo.java:[415,27] 
[ERROR] 4. ERROR in /workspaces/xxxx/code_cure_agent/cca_workspace/license-maven-plugin/license-maven-plugin/src/main/java/com/mycila/maven/plugin/license/AbstractLicenseMojo.java (at line 415)
[ERROR] 	legacyLicenseSet.header = legacyConfigHeader;
[ERROR] 	                          ^^^^^^^^^^^^^^^^^^
[ERROR] legacyConfigHeader cannot be resolved to a variable
[ERROR] /workspaces/xxxx/code_cure_agent/cca_workspace/license-maven-plugin/license-maven-plugin/src/main/java/com/mycila/maven/plugin/license/AbstractLicenseMojo.java:[416,33] 
[ERROR] 5. ERROR in /workspaces/xxxx/code_cure_agent/cca_workspace/license-maven-plugin/license-maven-plugin/src/main/java/com/mycila/maven/plugin/license/AbstractLicenseMojo.java (at line 416)
[ERROR] 	legacyLicenseSet.inlineHeader = legacyConfigInlineHeader;
[ERROR] 	                                ^^^^^^^^^^^^^^^^^^^^^^^^
[ERROR] legacyConfigInlineHeader cannot be resolved to a variable
[ERROR] /workspaces/xxxx/code_cure_agent/cca_workspace/license-maven-plugin/license-maven-plugin/src/main/java/com/mycila/maven/plugin/license/AbstractLicenseMojo.java:[417,33] 
[ERROR] 6. ERROR in /workspaces/xxxx/code_cure_agent/cca_workspace/license-maven-plugin/license-maven-plugin/src/main/java/com/mycila/maven/plugin/license/AbstractLicenseMojo.java (at line 417)
[ERROR] 	legacyLicenseSet.validHeaders = legacyConfigValidHeaders;
[ERROR] 	                                ^^^^^^^^^^^^^^^^^^^^^^^^
[ERROR] legacyConfigValidHeaders cannot be resolved to a variable
[ERROR] /workspaces/xxxx/code_cure_agent/cca_workspace/license-maven-plugin/license-maven-plugin/src/main/java/com/mycila/maven/plugin/license/AbstractLicenseMojo.java:[418,26] 
[ERROR] 7. ERROR in /workspaces/xxxx/code_cure_agent/cca_workspace/license-maven-plugin/license-maven-plugin/src/main/java/com/mycila/maven/plugin/license/AbstractLicenseMojo.java (at line 418)
[ERROR] 	legacyLicenseSet.multi = legacyConfigMulti;
[ERROR] 	                         ^^^^^^^^^^^^^^^^^
[ERROR] legacyConfigMulti cannot be resolved to a variable
[ERROR] /workspaces/xxxx/code_cure_agent/cca_workspace/license-maven-plugin/license-maven-plugin/src/main/java/com/mycila/maven/plugin/license/AbstractLicenseMojo.java:[419,35] 
[ERROR] 8. ERROR in /workspaces/xxxx/code_cure_agent/cca_workspace/license-maven-plugin/license-maven-plugin/src/main/java/com/mycila/maven/plugin/license/AbstractLicenseMojo.java (at line 419)
[ERROR] 	legacyLicenseSet.headerSections = legacyConfigHeaderSections;
[ERROR] 	                                  ^^^^^^^^^^^^^^^^^^^^^^^^^^
[ERROR] legacyConfigHeaderSections cannot be resolved to a variable
[ERROR] /workspaces/xxxx/code_cure_agent/cca_workspace/license-maven-plugin/license-maven-plugin/src/main/java/com/mycila/maven/plugin/license/AbstractLicenseMojo.java:[420,29] 
[ERROR] 9. ERROR in /workspaces/xxxx/code_cure_agent/cca_workspace/license-maven-plugin/license-maven-plugin/src/main/java/com/mycila/maven/plugin/license/AbstractLicenseMojo.java (at line 420)
[ERROR] 	legacyLicenseSet.includes = legacyConfigIncludes;
[ERROR] 	                            ^^^^^^^^^^^^^^^^^^^^
[ERROR] legacyConfigIncludes cannot be resolved to a variable
[ERROR] /workspaces/xxxx/code_cure_agent/cca_workspace/license-maven-plugin/license-maven-plugin/src/main/java/com/mycila/maven/plugin/license/AbstractLicenseMojo.java:[421,29] 
[ERROR] 10. ERROR in /workspaces/xxxx/code_cure_agent/cca_workspace/license-maven-plugin/license-maven-plugin/src/main/java/com/mycila/maven/plugin/license/AbstractLicenseMojo.java (at line 421)
[ERROR] 	legacyLicenseSet.excludes = legacyConfigExcludes;
[ERROR] 	                            ^^^^^^^^^^^^^^^^^^^^
[ERROR] legacyConfigExcludes cannot be resolved to a variable
[ERROR] /workspaces/xxxx/code_cure_agent/cca_workspace/license-maven-plugin/license-maven-plugin/src/main/java/com/mycila/maven/plugin/license/AbstractLicenseMojo.java:[422,29] 
[ERROR] 11. ERROR in /workspaces/xxxx/code_cure_agent/cca_workspace/license-maven-plugin/license-maven-plugin/src/main/java/com/mycila/maven/plugin/license/AbstractLicenseMojo.java (at line 422)
[ERROR] 	legacyLicenseSet.keywords = legacyConfigKeywords;
[ERROR] 	                            ^^^^^^^^^^^^^^^^^^^^
[ERROR] legacyConfigKeywords cannot be resolved to a variable
[ERROR] Found 11 errors and 0 warnings.
[ERROR] -> [Help 1]
[ERROR] 
[ERROR] To see the full stack trace of the errors, re-run Maven with the -e switch.
[ERROR] Re-run Maven using the -X switch to enable full debug logging.
[ERROR] 
[ERROR] For more information about the errors and possible solutions, please read the following articles:
[ERROR] [Help 1] http://cwiki.apache.org/confluence/display/MAVEN/MojoFailureException
[ERROR] 
[ERROR] After correcting the problems, you can resume the build with the command
[ERROR]   mvn <args> -rf :license-maven-plugin
